[2026-06-01 09:15:11] === Phase 320b: Layer-Specific Causal for glm4 ===
[2026-06-01 09:15:12] Loading glm4 (bf16 + device_map=auto + flash_attention_2)...
[2026-06-01 09:15:14]   flash_attention_2 failed, trying next...
[2026-06-01 09:15:23]   Loaded with sdpa
[2026-06-01 09:15:23]   Model: GlmForCausalLM, device=cuda:0, GPU=8.99GB
[2026-06-01 09:15:23]   n_layers=40, d_model=4096, class=GlmForCausalLM
[2026-06-01 09:15:23]   Injection layers: [0, 4, 8, 12, 16, 20, 24, 28, 32, 36, 38]
[2026-06-01 09:15:23]   Total sentences: 122
[2026-06-01 09:15:23] Extracting representations at all layers...
[2026-06-01 09:16:07]     All Extracted 30/122, GPU=9.00GB
[2026-06-01 09:16:40]     All Extracted 60/122, GPU=9.00GB
[2026-06-01 09:17:13]     All Extracted 90/122, GPU=9.00GB
[2026-06-01 09:17:46]     All Extracted 120/122, GPU=9.00GB
[2026-06-01 09:17:48]     All Extracted 122/122, GPU=9.00GB
[2026-06-01 09:17:48]   Extraction time: 145.6s
[2026-06-01 09:17:48] 
--- Attribute: Layer-by-layer injection ---
[2026-06-01 09:17:51]   L0: delta=-1.5938
[2026-06-01 09:17:52]   L4: delta=0.9219
[2026-06-01 09:17:53]   L8: delta=0.8594
[2026-06-01 09:17:54]   L12: delta=0.5938
[2026-06-01 09:17:55]   L16: delta=0.2812
[2026-06-01 09:17:56]   L20: delta=0.2500
[2026-06-01 09:17:57]   L24: delta=0.1094
[2026-06-01 09:17:58]   L28: delta=0.0156
[2026-06-01 09:17:59]   L32: delta=0.0156
[2026-06-01 09:18:00]   L36: delta=0.0156
[2026-06-01 09:18:01]   L38: delta=0.0312
[2026-06-01 09:18:40] 
  Attribute injection by layer (alpha=2.0):
[2026-06-01 09:18:40]   L0: mean_delta=-0.0967, positive=50%
[2026-06-01 09:18:40]   L4: mean_delta=0.8135, positive=100%
[2026-06-01 09:18:40]   L8: mean_delta=0.5205, positive=100%
[2026-06-01 09:18:40]   L12: mean_delta=0.5439, positive=100%
[2026-06-01 09:18:40]   L16: mean_delta=0.3457, positive=100%
[2026-06-01 09:18:40]   L20: mean_delta=0.3711, positive=100%
[2026-06-01 09:18:40]   L24: mean_delta=0.1474, positive=100%
[2026-06-01 09:18:40]   L28: mean_delta=0.0283, positive=75%
[2026-06-01 09:18:40]   L32: mean_delta=0.0332, positive=75%
[2026-06-01 09:18:40]   L36: mean_delta=0.0127, positive=75%
[2026-06-01 09:18:40]   L38: mean_delta=0.0205, positive=100%
[2026-06-01 09:18:40] 
--- Function: Layer-by-layer injection ---
[2026-06-01 09:18:53]   L0: delta=0.6875
[2026-06-01 09:18:53]   L4: delta=1.3750
[2026-06-01 09:18:53]   L8: delta=0.9375
[2026-06-01 09:18:53]   L12: delta=0.6562
[2026-06-01 09:18:53]   L16: delta=0.6562
[2026-06-01 09:18:53]   L20: delta=0.4062
[2026-06-01 09:18:53]   L24: delta=0.3750
[2026-06-01 09:18:53]   L28: delta=0.1250
[2026-06-01 09:18:53]   L32: delta=0.0938
[2026-06-01 09:18:53]   L36: delta=0.0625
[2026-06-01 09:18:53]   L38: delta=0.0312
[2026-06-01 09:19:31] 
  Function injection by layer (alpha=2.0):
[2026-06-01 09:19:31]   L0: mean_delta=-3.1055, positive=25%
[2026-06-01 09:19:31]   L4: mean_delta=-0.2305, positive=50%
[2026-06-01 09:19:31]   L8: mean_delta=0.1797, positive=50%
[2026-06-01 09:19:31]   L12: mean_delta=0.3984, positive=100%
[2026-06-01 09:19:31]   L16: mean_delta=0.4609, positive=100%
[2026-06-01 09:19:31]   L20: mean_delta=0.3125, positive=100%
[2026-06-01 09:19:31]   L24: mean_delta=0.2031, positive=100%
[2026-06-01 09:19:31]   L28: mean_delta=0.0547, positive=100%
[2026-06-01 09:19:31]   L32: mean_delta=0.0234, positive=50%
[2026-06-01 09:19:31]   L36: mean_delta=0.0078, positive=25%
[2026-06-01 09:19:31]   L38: mean_delta=0.0078, positive=50%
[2026-06-01 09:19:31] 
--- Negation: Layer-by-layer injection ---
[2026-06-01 09:20:09] 
  Negation injection by layer (alpha=2.0):
[2026-06-01 09:20:09]   L0: neg_delta=3.5592, adj_delta=1.2305
[2026-06-01 09:20:09]   L4: neg_delta=1.6354, adj_delta=1.7708
[2026-06-01 09:20:09]   L8: neg_delta=1.4453, adj_delta=1.4349
[2026-06-01 09:20:09]   L12: neg_delta=1.2181, adj_delta=1.1729
[2026-06-01 09:20:09]   L16: neg_delta=0.6803, adj_delta=0.7565
[2026-06-01 09:20:09]   L20: neg_delta=0.3724, adj_delta=0.4661
[2026-06-01 09:20:09]   L24: neg_delta=0.2262, adj_delta=0.2344
[2026-06-01 09:20:09]   L28: neg_delta=0.1315, adj_delta=0.1484
[2026-06-01 09:20:09]   L32: neg_delta=0.1198, adj_delta=0.1042
[2026-06-01 09:20:09]   L36: neg_delta=0.0885, adj_delta=0.0990
[2026-06-01 09:20:09]   L38: neg_delta=0.0456, adj_delta=0.0599
[2026-06-01 09:20:09] Results saved to results\phase320b_layer\glm4_phase320b.json
[2026-06-01 09:20:09] 
============================================================
[2026-06-01 09:20:09] PHASE 320b SUMMARY - glm4
[2026-06-01 09:20:09] ============================================================
[2026-06-01 09:20:09] 
Best injection layer (max mean_delta):
[2026-06-01 09:20:09]   attribute: best=L4, mean_delta=0.8135
[2026-06-01 09:20:09]   function: best=L16, mean_delta=0.4609
[2026-06-01 09:20:09]   negation: best=L0, mean_neg_delta=3.5592
[2026-06-01 09:20:11] Model glm4 released.
