[2026-06-01 12:09:23] === Phase 323b: Attention Paradox & Attribute Decomposition for deepseek7b ===
[2026-06-01 12:09:37]   Loaded deepseek7b with attn_impl=sdpa
[2026-06-01 12:09:37]   Model: Qwen2ForCausalLM, device=cuda:0, GPU=9.01GB
[2026-06-01 12:09:37]   n_layers=28, d_model=3584
[2026-06-01 12:09:38] 
============================================================
[2026-06-01 12:09:38] Test 1: Attention Ablation Paradox — Stability Check
[2026-06-01 12:09:38] ============================================================
[2026-06-01 12:09:54]     L5 α=2.0: full=-0.1562, attn_abl=0.5000, mlp_abl=-1.6875, random=1.1771, paradox=True
[2026-06-01 12:10:10]     L6 α=2.0: full=-0.1562, attn_abl=1.9375, mlp_abl=-2.1250, random=1.0729, paradox=True
[2026-06-01 12:10:26]     L7 α=2.0: full=0.2500, attn_abl=0.4688, mlp_abl=1.6875, random=0.5417, paradox=True
[2026-06-01 12:14:26] 
  Attention Ablation Paradox Summary:
[2026-06-01 12:14:26]     Paradox rate: 37/54 (68.5%)
[2026-06-01 12:14:26]     attn_importance: mean=-0.3912, positive%=31.5%
[2026-06-01 12:14:26]     mlp_importance: mean=2.2467, positive%=74.1%
[2026-06-01 12:14:26]     L5: attn_imp=-0.2951, mlp_imp=3.0773, paradox_rate=55.6%
[2026-06-01 12:14:26]     L6: attn_imp=-0.4167, mlp_imp=4.3034, paradox_rate=66.7%
[2026-06-01 12:14:26]     L7: attn_imp=-0.4618, mlp_imp=-0.6406, paradox_rate=83.3%
[2026-06-01 12:14:26] 
============================================================
[2026-06-01 12:14:26] Test 2: Attribute Decomposition (Slot → Type → Value)
[2026-06-01 12:14:26] ============================================================
[2026-06-01 12:14:26]   Decomposition: color at L6...
[2026-06-01 12:14:35]     Levels: ['slot', 'type', 'value', 'full_attr']
[2026-06-01 12:14:35]       slot: tgt_delta=1.8125, cluster_delta=1.6621
[2026-06-01 12:14:35]       type: tgt_delta=2.0312, cluster_delta=1.8291
[2026-06-01 12:14:35]       value: tgt_delta=0.0312, cluster_delta=0.0054
[2026-06-01 12:14:35]       full_attr: tgt_delta=-0.1562, cluster_delta=-0.1558
[2026-06-01 12:14:35]       cos(slot,type)=0.6230
[2026-06-01 12:14:35]       cos(slot,value)=0.4925
[2026-06-01 12:14:35]       cos(slot,full_attr)=0.0755
[2026-06-01 12:14:35]       cos(type,value)=0.6431
[2026-06-01 12:14:35]       cos(type,full_attr)=0.2252
[2026-06-01 12:14:35]       cos(value,full_attr)=0.6108
[2026-06-01 12:14:35]   Decomposition: taste at L6...
[2026-06-01 12:14:43]     Levels: ['slot', 'type', 'value', 'full_attr']
[2026-06-01 12:14:43]       slot: tgt_delta=0.0000, cluster_delta=0.0312
[2026-06-01 12:14:43]       type: tgt_delta=0.0625, cluster_delta=0.0812
[2026-06-01 12:14:43]       value: tgt_delta=0.0625, cluster_delta=0.0750
[2026-06-01 12:14:43]       full_attr: tgt_delta=-0.0625, cluster_delta=0.0000
[2026-06-01 12:14:43]       cos(slot,type)=0.5098
[2026-06-01 12:14:43]       cos(slot,value)=0.3932
[2026-06-01 12:14:43]       cos(slot,full_attr)=0.0039
[2026-06-01 12:14:43]       cos(type,value)=0.4891
[2026-06-01 12:14:43]       cos(type,full_attr)=0.1875
[2026-06-01 12:14:43]       cos(value,full_attr)=0.7087
[2026-06-01 12:14:43]   Decomposition: temperature at L6...
[2026-06-01 12:14:52]     Levels: ['slot', 'type', 'value', 'full_attr']
[2026-06-01 12:14:52]       slot: tgt_delta=0.0312, cluster_delta=0.0651
[2026-06-01 12:14:52]       type: tgt_delta=0.0000, cluster_delta=0.0469
[2026-06-01 12:14:52]       value: tgt_delta=-0.1250, cluster_delta=-0.1562
[2026-06-01 12:14:52]       full_attr: tgt_delta=-0.0625, cluster_delta=-0.0599
[2026-06-01 12:14:52]       cos(slot,type)=0.6033
[2026-06-01 12:14:52]       cos(slot,value)=0.4214
[2026-06-01 12:14:52]       cos(slot,full_attr)=0.0235
[2026-06-01 12:14:52]       cos(type,value)=0.5708
[2026-06-01 12:14:52]       cos(type,full_attr)=0.1936
[2026-06-01 12:14:52]       cos(value,full_attr)=0.6431
[2026-06-01 12:14:52]   Decomposition: texture at L6...
[2026-06-01 12:15:01]     Levels: ['slot', 'type', 'value', 'full_attr']
[2026-06-01 12:15:01]       slot: tgt_delta=0.0469, cluster_delta=0.0479
[2026-06-01 12:15:01]       type: tgt_delta=0.0391, cluster_delta=0.0166
[2026-06-01 12:15:01]       value: tgt_delta=0.0469, cluster_delta=0.0446
[2026-06-01 12:15:01]       full_attr: tgt_delta=0.0234, cluster_delta=0.0209
[2026-06-01 12:15:01]       cos(slot,type)=0.5846
[2026-06-01 12:15:01]       cos(slot,value)=0.4643
[2026-06-01 12:15:01]       cos(slot,full_attr)=0.0329
[2026-06-01 12:15:01]       cos(type,value)=0.5197
[2026-06-01 12:15:01]       cos(type,full_attr)=0.1230
[2026-06-01 12:15:01]       cos(value,full_attr)=0.6395
[2026-06-01 12:15:01] 
============================================================
[2026-06-01 12:15:01] Test 3: Attribute Slot Transfer
[2026-06-01 12:15:01] ============================================================
[2026-06-01 12:15:17] 
  Slot Transfer: same_cluster_mean=-0.0669, diff_cluster_mean=-0.0619
[2026-06-01 12:15:17] Results saved to results\phase323b_attn_paradox\deepseek7b_phase323b.json
[2026-06-01 12:15:17] 
============================================================
[2026-06-01 12:15:17] PHASE 323b SUMMARY - deepseek7b
[2026-06-01 12:15:17] ============================================================
[2026-06-01 12:15:17]   Attention ablation paradox rate: 37/54 (68.5%)
[2026-06-01 12:15:17]   attn_importance mean: -0.3912
[2026-06-01 12:15:17]   mlp_importance mean: 2.2467
[2026-06-01 12:15:17]   Decomposition color:
[2026-06-01 12:15:17]     slot: tgt_delta=1.8125, cluster_delta=1.6621
[2026-06-01 12:15:17]     type: tgt_delta=2.0312, cluster_delta=1.8291
[2026-06-01 12:15:17]     value: tgt_delta=0.0312, cluster_delta=0.0054
[2026-06-01 12:15:17]     full_attr: tgt_delta=-0.1562, cluster_delta=-0.1558
[2026-06-01 12:15:17]   Decomposition taste:
[2026-06-01 12:15:17]     slot: tgt_delta=0.0000, cluster_delta=0.0312
[2026-06-01 12:15:17]     type: tgt_delta=0.0625, cluster_delta=0.0812
[2026-06-01 12:15:17]     value: tgt_delta=0.0625, cluster_delta=0.0750
[2026-06-01 12:15:17]     full_attr: tgt_delta=-0.0625, cluster_delta=0.0000
[2026-06-01 12:15:17]   Decomposition temperature:
[2026-06-01 12:15:17]     slot: tgt_delta=0.0312, cluster_delta=0.0651
[2026-06-01 12:15:17]     type: tgt_delta=0.0000, cluster_delta=0.0469
[2026-06-01 12:15:17]     value: tgt_delta=-0.1250, cluster_delta=-0.1562
[2026-06-01 12:15:17]     full_attr: tgt_delta=-0.0625, cluster_delta=-0.0599
[2026-06-01 12:15:17]   Decomposition texture:
[2026-06-01 12:15:17]     slot: tgt_delta=0.0469, cluster_delta=0.0479
[2026-06-01 12:15:17]     type: tgt_delta=0.0391, cluster_delta=0.0166
[2026-06-01 12:15:17]     value: tgt_delta=0.0469, cluster_delta=0.0446
[2026-06-01 12:15:17]     full_attr: tgt_delta=0.0234, cluster_delta=0.0209
[2026-06-01 12:15:18] Model deepseek7b released. Total time: 355.9s
