[2026-06-01 08:53:20] === Phase 320: Causal Verification for glm4 ===
[2026-06-01 08:53:21] Loading glm4 (bf16 + device_map=auto + flash_attention_2)...
[2026-06-01 08:53:23]   flash_attention_2 failed (FlashAttention2 has been toggled on, but it cannot be used due to the following error: the package flash_attn seems to be not installed. Please refer to the documentation of https://huggingface.co/docs/transformers/perf_infer_gpu_one#flashattention-2 to install Flash Attention 2.), falling back to sdpa
[2026-06-01 08:53:32]   Loaded with sdpa
[2026-06-01 08:53:32]   Model: GlmForCausalLM, device=cuda:0, GPU=8.99GB
[2026-06-01 08:53:32]   Layer allocation: GPU=0, CPU=24 components
[2026-06-01 08:53:32]   n_layers=40, d_model=4096, class=GlmForCausalLM
[2026-06-01 08:53:32]   Load time: 12.0s
[2026-06-01 08:53:32]   Target layers: [6, 12, 18, 24, 38]
[2026-06-01 08:53:32]   Total unique sentences: 300
[2026-06-01 08:53:32] Extracting representations...
[2026-06-01 08:54:36]     All Extracted 50/300, GPU=9.00GB
[2026-06-01 08:55:28]     All Extracted 100/300, GPU=9.00GB
[2026-06-01 08:56:22]     All Extracted 150/300, GPU=9.00GB
[2026-06-01 08:57:15]     All Extracted 200/300, GPU=9.00GB
[2026-06-01 08:58:08]     All Extracted 250/300, GPU=9.00GB
[2026-06-01 08:59:00]     All Extracted 300/300, GPU=9.00GB
[2026-06-01 08:59:00]   Extraction time: 328.5s
[2026-06-01 08:59:00] 
============================================================
[2026-06-01 08:59:00] Part A: Attribute Direction Causal Injection
[2026-06-01 08:59:00] ============================================================
[2026-06-01 08:59:01]   A1: Extracting source attribute directions...
[2026-06-01 08:59:01]   Extracted 20 attribute directions
[2026-06-01 08:59:01]   A2: Extracting pure attribute axis directions (same-object, different values)...
[2026-06-01 08:59:01]   Extracted 15 axis directions
[2026-06-01 08:59:01]   A3: Causal injection — attribute directions into neutral sentences...
[2026-06-01 08:59:01]   Testing 20 source→target pairs at layer L38
[2026-06-01 09:00:47]   A4: Pure attribute axis injection (same-object different-value)...
[2026-06-01 09:01:51]   A5: Cross-object transfer — color direction from apple→red into banana...
[2026-06-01 09:02:44] 
  --- Attribute Causal Summary ---
[2026-06-01 09:02:44]   d_attr injection alpha=0.5: mean_delta=0.004, frac_positive=0.50
[2026-06-01 09:02:44]   d_attr injection alpha=1.0: mean_delta=0.008, frac_positive=0.70
[2026-06-01 09:02:44]   d_attr injection alpha=2.0: mean_delta=0.022, frac_positive=0.85
[2026-06-01 09:02:44]   d_attr injection alpha=4.0: mean_delta=0.036, frac_positive=0.85
[2026-06-01 09:02:44]   d_axis injection alpha=1.0: mean_target_delta=0.008, mean_source_delta=-0.013, frac_positive=0.73
[2026-06-01 09:02:44]   d_axis injection alpha=2.0: mean_target_delta=0.020, mean_source_delta=-0.024, frac_positive=0.87
[2026-06-01 09:02:44]   d_axis injection alpha=4.0: mean_target_delta=0.041, mean_source_delta=-0.043, frac_positive=0.73
[2026-06-01 09:02:44]   Cross-object transfer: mean_delta=0.024, frac_positive=0.64, frac_color_top5=0.00
[2026-06-01 09:02:45] 
============================================================
[2026-06-01 09:02:45] Part B: Function Direction Causal Injection
[2026-06-01 09:02:45] ============================================================
[2026-06-01 09:02:45]   B1: Extracting source function directions...
[2026-06-01 09:02:45]   Extracted 20 function directions
[2026-06-01 09:02:45]   B2: Cross-tool transfer for same function...
[2026-06-01 09:03:07]   B3: Direct function injection (same tool)...
[2026-06-01 09:03:39] 
  --- Function Causal Summary ---
[2026-06-01 09:03:39]   Direct injection alpha=1.0: mean_delta=0.014, frac_positive=0.60
[2026-06-01 09:03:39]   Direct injection alpha=2.0: mean_delta=0.019, frac_positive=0.70
[2026-06-01 09:03:39]   Cross-tool transfer alpha=1.0: mean_delta=0.015, frac_positive=0.71, frac_action_top5=0.71
[2026-06-01 09:03:39]   Cross-tool transfer alpha=2.0: mean_delta=0.029, frac_positive=0.86, frac_action_top5=0.71
[2026-06-01 09:03:39] 
============================================================
[2026-06-01 09:03:39] Part C: Negation Sub-Type Decomposition
[2026-06-01 09:03:39] ============================================================
[2026-06-01 09:03:39]   Negation types: ['not', 'never', 'barely', 'morphological', 'double_neg', 'scope_neg']
[2026-06-01 09:03:39]     not: 20 pairs
[2026-06-01 09:03:39]     never: 20 pairs
[2026-06-01 09:03:39]     barely: 20 pairs
[2026-06-01 09:03:39]     morphological: 13 pairs
[2026-06-01 09:03:39]     double_neg: 13 pairs
[2026-06-01 09:03:39]     scope_neg: 20 pairs
[2026-06-01 09:03:39]   C1: Extracting negation type directions...
[2026-06-01 09:03:39]     not: 20 directions at L38
[2026-06-01 09:03:39]     never: 20 directions at L38
[2026-06-01 09:03:39]     barely: 20 directions at L38
[2026-06-01 09:03:39]     morphological: 13 directions at L38
[2026-06-01 09:03:39]     double_neg: 13 directions at L38
[2026-06-01 09:03:39]     scope_neg: 20 directions at L38
[2026-06-01 09:03:39]   C2: Within-type and cross-type cosine similarity...
[2026-06-01 09:03:39]   C3: Subspace analysis per negation type...
[2026-06-01 09:03:39]     not: n=20, dim@80=13, pair_cos=0.306
[2026-06-01 09:03:39]     never: n=20, dim@80=13, pair_cos=0.312
[2026-06-01 09:03:39]     barely: n=20, dim@80=13, pair_cos=0.326
[2026-06-01 09:03:39]     morphological: n=13, dim@80=9, pair_cos=0.334
[2026-06-01 09:03:39]     double_neg: n=13, dim@80=9, pair_cos=0.186
[2026-06-01 09:03:39]     scope_neg: n=20, dim@80=13, pair_cos=0.379
[2026-06-01 09:03:39]   C4: Negation causal injection...
[2026-06-01 09:04:26] 
  --- Negation Decomposition Summary ---
[2026-06-01 09:04:26]   barely_within: mean_cos=0.326
[2026-06-01 09:04:26]   barely_vs_double_neg: mean_cos=0.019
[2026-06-01 09:04:26]   barely_vs_morphological: mean_cos=0.170
[2026-06-01 09:04:26]   barely_vs_never: mean_cos=0.189
[2026-06-01 09:04:26]   barely_vs_not: mean_cos=0.217
[2026-06-01 09:04:26]   barely_vs_scope_neg: mean_cos=0.065
[2026-06-01 09:04:26]   double_neg_within: mean_cos=0.186
[2026-06-01 09:04:26]   double_neg_vs_morphological: mean_cos=0.110
[2026-06-01 09:04:26]   double_neg_vs_never: mean_cos=-0.038
[2026-06-01 09:04:26]   double_neg_vs_not: mean_cos=-0.071
[2026-06-01 09:04:26]   double_neg_vs_scope_neg: mean_cos=0.061
[2026-06-01 09:04:26]   morphological_within: mean_cos=0.334
[2026-06-01 09:04:26]   morphological_vs_never: mean_cos=0.078
[2026-06-01 09:04:26]   morphological_vs_not: mean_cos=0.142
[2026-06-01 09:04:26]   morphological_vs_scope_neg: mean_cos=0.104
[2026-06-01 09:04:26]   never_within: mean_cos=0.312
[2026-06-01 09:04:26]   never_vs_not: mean_cos=0.257
[2026-06-01 09:04:26]   never_vs_scope_neg: mean_cos=-0.038
[2026-06-01 09:04:26]   not_within: mean_cos=0.306
[2026-06-01 09:04:26]   not_vs_scope_neg: mean_cos=-0.002
[2026-06-01 09:04:26]   scope_neg_within: mean_cos=0.379
[2026-06-01 09:04:26]   not causal: mean_max_neg_delta=0.121, mean_adj_delta=0.052
[2026-06-01 09:04:26]   never causal: mean_max_neg_delta=0.197, mean_adj_delta=0.028
[2026-06-01 09:04:26]   barely causal: mean_max_neg_delta=0.178, mean_adj_delta=0.025
[2026-06-01 09:04:26] Results saved to results\phase320_causal\glm4_phase320.json
[2026-06-01 09:04:26] 
======================================================================
[2026-06-01 09:04:26] PHASE 320 OVERALL SUMMARY - glm4
[2026-06-01 09:04:26] ======================================================================
[2026-06-01 09:04:26] 
--- Attribute Causal Injection ---
[2026-06-01 09:04:26]   d_attr alpha=0.5: mean_delta=0.004, positive=50%
[2026-06-01 09:04:26]   d_attr alpha=1.0: mean_delta=0.008, positive=70%
[2026-06-01 09:04:26]   d_attr alpha=2.0: mean_delta=0.022, positive=85%
[2026-06-01 09:04:26]   d_attr alpha=4.0: mean_delta=0.036, positive=85%
[2026-06-01 09:04:26]   d_axis alpha=1.0: target_delta=0.008, source_delta=-0.013, positive=73%
[2026-06-01 09:04:26]   d_axis alpha=2.0: target_delta=0.020, source_delta=-0.024, positive=87%
[2026-06-01 09:04:26]   d_axis alpha=4.0: target_delta=0.041, source_delta=-0.043, positive=73%
[2026-06-01 09:04:26]   Cross-object transfer: mean_delta=0.024, positive=64%
[2026-06-01 09:04:26] 
--- Function Causal Injection ---
[2026-06-01 09:04:26]   Direct alpha=1.0: mean_delta=0.014, positive=60%
[2026-06-01 09:04:26]   Direct alpha=2.0: mean_delta=0.019, positive=70%
[2026-06-01 09:04:26]   Transfer alpha=1.0: mean_delta=0.015, positive=71%
[2026-06-01 09:04:26]   Transfer alpha=2.0: mean_delta=0.029, positive=86%
[2026-06-01 09:04:26] 
--- Negation Decomposition ---
[2026-06-01 09:04:26]   not: dim@80=13, pair_cos=0.306, n=20
[2026-06-01 09:04:26]   never: dim@80=13, pair_cos=0.312, n=20
[2026-06-01 09:04:26]   barely: dim@80=13, pair_cos=0.326, n=20
[2026-06-01 09:04:26]   morphological: dim@80=9, pair_cos=0.334, n=13
[2026-06-01 09:04:26]   double_neg: dim@80=9, pair_cos=0.186, n=13
[2026-06-01 09:04:26]   scope_neg: dim@80=13, pair_cos=0.379, n=20
[2026-06-01 09:04:26]   Cross-type barely_vs_double_neg: mean_cos=0.019
[2026-06-01 09:04:26]   Cross-type barely_vs_morphological: mean_cos=0.170
[2026-06-01 09:04:26]   Cross-type barely_vs_never: mean_cos=0.189
[2026-06-01 09:04:26]   Cross-type barely_vs_not: mean_cos=0.217
[2026-06-01 09:04:26]   Cross-type barely_vs_scope_neg: mean_cos=0.065
[2026-06-01 09:04:26]   Cross-type double_neg_vs_morphological: mean_cos=0.110
[2026-06-01 09:04:26]   Cross-type double_neg_vs_never: mean_cos=-0.038
[2026-06-01 09:04:26]   Cross-type double_neg_vs_not: mean_cos=-0.071
[2026-06-01 09:04:26]   Cross-type double_neg_vs_scope_neg: mean_cos=0.061
[2026-06-01 09:04:26]   Cross-type morphological_vs_never: mean_cos=0.078
[2026-06-01 09:04:26]   Cross-type morphological_vs_not: mean_cos=0.142
[2026-06-01 09:04:26]   Cross-type morphological_vs_scope_neg: mean_cos=0.104
[2026-06-01 09:04:26]   Cross-type never_vs_not: mean_cos=0.257
[2026-06-01 09:04:26]   Cross-type never_vs_scope_neg: mean_cos=-0.038
[2026-06-01 09:04:26]   Cross-type not_vs_scope_neg: mean_cos=-0.002
[2026-06-01 09:04:27] Model glm4 released.
