[2026-06-01 11:25:42] === Phase 322b: Readout Gain Decomposition for glm4 ===
[2026-06-01 11:25:54]   Loaded glm4 with sdpa
[2026-06-01 11:25:54]   Model: GlmForCausalLM, device=cuda:0, GPU=8.99GB
[2026-06-01 11:25:54]   n_layers=40, d_model=4096
[2026-06-01 11:25:55]   W_U shape: (151552, 4096)
[2026-06-01 11:25:55] 
============================================================
[2026-06-01 11:25:55] Test 1: Direction Type Comparison
[2026-06-01 11:25:55] ============================================================
[2026-06-01 11:26:17]   apple→red:
[2026-06-01 11:26:17]     attr_dir: delta_tgt=0.6250, delta_src=0.6250
[2026-06-01 11:26:17]     wu_tgt_dir: delta_tgt=2.5625, delta_src=2.5625
[2026-06-01 11:26:17]     wu_src_dir: delta_tgt=2.5625, delta_src=2.5625
[2026-06-01 11:26:17]     random_dir: delta_tgt=0.7094, delta_src=0.7094
[2026-06-01 11:26:17]     cos(attr, wu_tgt)=-0.0158
[2026-06-01 11:27:17] 
  Direction type comparison (mean across pairs):
[2026-06-01 11:27:17]     attr_delta_tgt: mean=1.2253, std=0.6297
[2026-06-01 11:27:17]     wu_tgt_delta_tgt: mean=1.6061, std=1.6133
[2026-06-01 11:27:17]     wu_src_delta_tgt: mean=1.6061, std=1.6133
[2026-06-01 11:27:17]     random_mean_delta_tgt: mean=0.0903, std=0.3155
[2026-06-01 11:27:17] 
  Gain above random:
[2026-06-01 11:27:17]     attr_direction: 1.1350
[2026-06-01 11:27:17]     wu_tgt_direction: 1.5159
[2026-06-01 11:27:17] 
============================================================
[2026-06-01 11:27:17] Test 2: Readout Gain by Layer (Inject at opt layer, readout at each layer)
[2026-06-01 11:27:17] ============================================================
[2026-06-01 11:29:37] 
  Layer comparison (mean across pairs):
[2026-06-01 11:29:37]   L1: attr_delta=0.8545, wu_delta=2.1465, diff=-1.2920, cos=-0.0056
[2026-06-01 11:29:37]   L2: attr_delta=0.8623, wu_delta=1.2783, diff=-0.4160, cos=-0.0100
[2026-06-01 11:29:37]   L3: attr_delta=1.1309, wu_delta=0.9355, diff=0.1954, cos=-0.0077
[2026-06-01 11:29:37]   L4: attr_delta=1.0014, wu_delta=0.8714, diff=0.1300, cos=-0.0011
[2026-06-01 11:29:37]   L5: attr_delta=0.6778, wu_delta=0.8384, diff=-0.1607, cos=-0.0006
[2026-06-01 11:29:37]   L6: attr_delta=0.7793, wu_delta=0.6450, diff=0.1343, cos=-0.0069
[2026-06-01 11:29:37]   L7: attr_delta=0.7564, wu_delta=0.5117, diff=0.2447, cos=-0.0034
[2026-06-01 11:29:37]   L8: attr_delta=0.5488, wu_delta=0.5440, diff=0.0049, cos=-0.0023
[2026-06-01 11:29:37] Results saved to results\phase322b_gain\glm4_phase322b.json
[2026-06-01 11:29:37] 
============================================================
[2026-06-01 11:29:37] PHASE 322b SUMMARY - glm4
[2026-06-01 11:29:37] ============================================================
[2026-06-01 11:29:37]   Attribute direction: delta_tgt=1.2253
[2026-06-01 11:29:37]   W_U-target direction: delta_tgt=1.6061
[2026-06-01 11:29:37]   Random direction: delta_tgt=0.0903
[2026-06-01 11:29:37]   cos(attr_dir, wu_dir)=-0.0013
[2026-06-01 11:29:37]   → W_U direction more effective (direct readout)
[2026-06-01 11:29:39] Model glm4 released.
