[2026-07-15 04:10:00] Phase 946: Operator Algebra -- glm4
[2026-07-15 04:10:00] Total stimuli: 416
[2026-07-15 04:10:00]   by op_type: {'negation': 160, 'quantification': 120, 'modal': 40, 'double_neg': 64, 'combo': 32}
[2026-07-15 04:10:03] Loading glm4 (bf16 + device_map=auto)...
[2026-07-15 04:10:05]   attn=flash_attention_2 failed: FlashAttention2 has been toggled on, but it cannot be used due to the following error: the package f
[2026-07-15 04:10:17]   attn=sdpa OK
[2026-07-15 04:10:17]   Loaded. GPU=12.7GB, class=GlmForCausalLM
[2026-07-15 04:10:17]   n_layers=40, d_model=4096, mid=20
[2026-07-15 04:10:17]   sample_layers=[15, 17, 19, 20, 21, 23, 25]
[2026-07-15 04:10:17] Capturing 382 unique sentences...
[2026-07-15 04:11:07]   50/382 (1.0/s) ETA=327s GPU=12.7GB
[2026-07-15 04:11:51]   100/382 (1.1/s) ETA=265s GPU=12.7GB
[2026-07-15 04:12:35]   150/382 (1.1/s) ETA=213s GPU=12.7GB
[2026-07-15 04:13:19]   200/382 (1.1/s) ETA=166s GPU=12.7GB
[2026-07-15 04:14:03]   250/382 (1.1/s) ETA=119s GPU=12.7GB
[2026-07-15 04:14:47]   300/382 (1.1/s) ETA=74s GPU=12.7GB
[2026-07-15 04:15:16] Phase 946: Operator Algebra -- glm4
[2026-07-15 04:15:16] Total stimuli: 416
[2026-07-15 04:15:16]   by op_type: {'negation': 160, 'quantification': 120, 'modal': 40, 'double_neg': 64, 'combo': 32}
[2026-07-15 04:15:21] Loading glm4 (bf16 + device_map=auto)...
[2026-07-15 04:15:23]   attn=flash_attention_2 failed: FlashAttention2 has been toggled on, but it cannot be used due to the following error: the package f
[2026-07-15 04:15:36]   attn=sdpa OK
[2026-07-15 04:15:36]   Loaded. GPU=12.7GB, class=GlmForCausalLM
[2026-07-15 04:15:36]   n_layers=40, d_model=4096, mid=20
[2026-07-15 04:15:36]   sample_layers=[15, 17, 19, 20, 21, 23, 25]
[2026-07-15 04:15:36] Capturing 382 unique sentences...
[2026-07-15 04:16:30]   50/382 (0.9/s) ETA=360s GPU=12.7GB
[2026-07-15 04:17:18]   100/382 (1.0/s) ETA=288s GPU=12.7GB
[2026-07-15 04:18:06]   150/382 (1.0/s) ETA=232s GPU=12.7GB
[2026-07-15 04:18:56]   200/382 (1.0/s) ETA=182s GPU=12.7GB
[2026-07-15 04:19:45]   250/382 (1.0/s) ETA=132s GPU=12.7GB
