[2026-05-31 17:35:30] === Phase 314: GRCM for glm4 ===
[2026-05-31 17:35:32] Loading glm4 (bf16 + device_map=auto)...
[2026-05-31 17:35:43] Model loaded: GlmForCausalLM, device=cuda:0, GPU=8.99GB
[2026-05-31 17:35:43] Model info: n_layers=40, d_model=4096
[2026-05-31 17:35:43] Test layers: [2, 6, 12, 18, 24, 30, 38]
[2026-05-31 17:35:43] Building external semantic distance matrix...
[2026-05-31 17:35:43] External matrix: 68 nodes, 71 relations
[2026-05-31 17:35:43] Extracting concept representations...
[2026-05-31 17:37:03]   Layer 2: 67 concepts extracted
[2026-05-31 17:38:14]   Layer 6: 67 concepts extracted
[2026-05-31 17:39:25]   Layer 12: 67 concepts extracted
[2026-05-31 17:40:36]   Layer 18: 67 concepts extracted
[2026-05-31 17:41:48]   Layer 24: 67 concepts extracted
[2026-05-31 17:42:59]   Layer 30: 67 concepts extracted
[2026-05-31 17:44:11]   Layer 38: 67 concepts extracted
[2026-05-31 17:44:11] Analyzing layer 2...
[2026-05-31 17:44:11]   Layer 2: Mantel r=0.587 (p=0.002), NN overlap=0.184, Conflicts=0
[2026-05-31 17:44:11]     same_class: related_dist=0.030, random_dist=0.603, ratio=20.29
[2026-05-31 17:44:11]     hypernym: related_dist=0.104, random_dist=0.603, ratio=5.82
[2026-05-31 17:44:11]     negation: related_dist=0.210, random_dist=0.603, ratio=2.87
[2026-05-31 17:44:11]     cross_category: related_dist=0.391, random_dist=0.603, ratio=1.54
[2026-05-31 17:44:11]     antonym: related_dist=0.407, random_dist=0.603, ratio=1.48
[2026-05-31 17:44:11]     operator_similar: related_dist=0.435, random_dist=0.603, ratio=1.39
[2026-05-31 17:44:11]     attribute: related_dist=0.604, random_dist=0.603, ratio=1.00
[2026-05-31 17:44:11]     function: related_dist=0.650, random_dist=0.603, ratio=0.93
[2026-05-31 17:44:11] Analyzing layer 6...
[2026-05-31 17:44:11]   Layer 6: Mantel r=0.503 (p=0.002), NN overlap=0.201, Conflicts=0
[2026-05-31 17:44:11]     same_class: related_dist=0.071, random_dist=0.621, ratio=8.76
[2026-05-31 17:44:11]     hypernym: related_dist=0.129, random_dist=0.621, ratio=4.82
[2026-05-31 17:44:11]     negation: related_dist=0.289, random_dist=0.621, ratio=2.15
[2026-05-31 17:44:11]     antonym: related_dist=0.315, random_dist=0.621, ratio=1.97
[2026-05-31 17:44:11]     operator_similar: related_dist=0.337, random_dist=0.621, ratio=1.84
[2026-05-31 17:44:11]     cross_category: related_dist=0.355, random_dist=0.621, ratio=1.75
[2026-05-31 17:44:11]     attribute: related_dist=0.601, random_dist=0.621, ratio=1.03
[2026-05-31 17:44:11]     function: related_dist=0.750, random_dist=0.621, ratio=0.83
[2026-05-31 17:44:11] Analyzing layer 12...
[2026-05-31 17:44:11]   Layer 12: Mantel r=0.558 (p=0.002), NN overlap=0.189, Conflicts=0
[2026-05-31 17:44:11]     same_class: related_dist=0.152, random_dist=0.608, ratio=3.99
[2026-05-31 17:44:11]     hypernym: related_dist=0.206, random_dist=0.608, ratio=2.95
[2026-05-31 17:44:11]     operator_similar: related_dist=0.275, random_dist=0.608, ratio=2.21
[2026-05-31 17:44:11]     negation: related_dist=0.279, random_dist=0.608, ratio=2.18
[2026-05-31 17:44:11]     antonym: related_dist=0.298, random_dist=0.608, ratio=2.04
[2026-05-31 17:44:11]     cross_category: related_dist=0.377, random_dist=0.608, ratio=1.61
[2026-05-31 17:44:11]     attribute: related_dist=0.610, random_dist=0.608, ratio=1.00
[2026-05-31 17:44:11]     function: related_dist=0.661, random_dist=0.608, ratio=0.92
[2026-05-31 17:44:11] Analyzing layer 18...
[2026-05-31 17:44:11]   Layer 18: Mantel r=0.490 (p=0.002), NN overlap=0.191, Conflicts=0
[2026-05-31 17:44:11]     same_class: related_dist=0.085, random_dist=0.429, ratio=5.03
[2026-05-31 17:44:11]     hypernym: related_dist=0.129, random_dist=0.429, ratio=3.32
[2026-05-31 17:44:11]     operator_similar: related_dist=0.192, random_dist=0.429, ratio=2.23
[2026-05-31 17:44:11]     antonym: related_dist=0.202, random_dist=0.429, ratio=2.12
[2026-05-31 17:44:11]     negation: related_dist=0.206, random_dist=0.429, ratio=2.08
[2026-05-31 17:44:11]     cross_category: related_dist=0.253, random_dist=0.429, ratio=1.70
[2026-05-31 17:44:11]     attribute: related_dist=0.409, random_dist=0.429, ratio=1.05
[2026-05-31 17:44:11]     function: related_dist=0.485, random_dist=0.429, ratio=0.88
[2026-05-31 17:44:11] Analyzing layer 24...
[2026-05-31 17:44:11]   Layer 24: Mantel r=0.509 (p=0.002), NN overlap=0.202, Conflicts=0
[2026-05-31 17:44:11]     same_class: related_dist=0.042, random_dist=0.415, ratio=9.85
[2026-05-31 17:44:11]     hypernym: related_dist=0.091, random_dist=0.415, ratio=4.54
[2026-05-31 17:44:11]     negation: related_dist=0.156, random_dist=0.415, ratio=2.65
[2026-05-31 17:44:11]     antonym: related_dist=0.199, random_dist=0.415, ratio=2.08
[2026-05-31 17:44:11]     operator_similar: related_dist=0.200, random_dist=0.415, ratio=2.07
[2026-05-31 17:44:11]     cross_category: related_dist=0.226, random_dist=0.415, ratio=1.84
[2026-05-31 17:44:11]     attribute: related_dist=0.386, random_dist=0.415, ratio=1.08
[2026-05-31 17:44:11]     function: related_dist=0.475, random_dist=0.415, ratio=0.87
[2026-05-31 17:44:11] Analyzing layer 30...
[2026-05-31 17:44:11]   Layer 30: Mantel r=0.471 (p=0.002), NN overlap=0.207, Conflicts=0
[2026-05-31 17:44:11]     same_class: related_dist=0.035, random_dist=0.337, ratio=9.64
[2026-05-31 17:44:11]     hypernym: related_dist=0.075, random_dist=0.337, ratio=4.48
[2026-05-31 17:44:11]     negation: related_dist=0.119, random_dist=0.337, ratio=2.83
[2026-05-31 17:44:11]     operator_similar: related_dist=0.159, random_dist=0.337, ratio=2.12
[2026-05-31 17:44:11]     antonym: related_dist=0.167, random_dist=0.337, ratio=2.01
[2026-05-31 17:44:11]     cross_category: related_dist=0.177, random_dist=0.337, ratio=1.90
[2026-05-31 17:44:11]     attribute: related_dist=0.308, random_dist=0.337, ratio=1.10
[2026-05-31 17:44:11]     function: related_dist=0.395, random_dist=0.337, ratio=0.85
[2026-05-31 17:44:11] Analyzing layer 38...
[2026-05-31 17:44:12]   Layer 38: Mantel r=0.465 (p=0.002), NN overlap=0.220, Conflicts=0
[2026-05-31 17:44:12]     same_class: related_dist=0.018, random_dist=0.107, ratio=5.81
[2026-05-31 17:44:12]     hypernym: related_dist=0.029, random_dist=0.107, ratio=3.71
[2026-05-31 17:44:12]     negation: related_dist=0.045, random_dist=0.107, ratio=2.40
[2026-05-31 17:44:12]     operator_similar: related_dist=0.048, random_dist=0.107, ratio=2.23
[2026-05-31 17:44:12]     antonym: related_dist=0.050, random_dist=0.107, ratio=2.12
[2026-05-31 17:44:12]     cross_category: related_dist=0.060, random_dist=0.107, ratio=1.78
[2026-05-31 17:44:12]     attribute: related_dist=0.103, random_dist=0.107, ratio=1.04
[2026-05-31 17:44:12]     function: related_dist=0.117, random_dist=0.107, ratio=0.91
[2026-05-31 17:44:12] Results saved to results\phase314_GRCM\glm4_GRCM.json
[2026-05-31 17:44:12] 
======================================================================
[2026-05-31 17:44:12] GRCM SUMMARY - glm4
[2026-05-31 17:44:12] ======================================================================
[2026-05-31 17:44:12] 
  Layer 2:
[2026-05-31 17:44:12]     Mantel r=0.587 (p=0.002)
[2026-05-31 17:44:12]     Neighborhood overlap=0.184
[2026-05-31 17:44:12]     Conflicts=0
[2026-05-31 17:44:12]     Cluster 'fruit': shared_pc1_var=0.449, members=4
[2026-05-31 17:44:12]       apple: shared_proj=-0.125, delta_norm_ratio=0.672
[2026-05-31 17:44:12]       banana: shared_proj=-0.084, delta_norm_ratio=0.841
[2026-05-31 17:44:12]       orange: shared_proj=0.064, delta_norm_ratio=0.910
[2026-05-31 17:44:12]       pear: shared_proj=0.145, delta_norm_ratio=0.554
[2026-05-31 17:44:12]     Cluster 'animal': shared_pc1_var=0.666, members=3
[2026-05-31 17:44:12]       cat: shared_proj=-0.144, delta_norm_ratio=0.146
[2026-05-31 17:44:12]       dog: shared_proj=0.046, delta_norm_ratio=0.907
[2026-05-31 17:44:12]       horse: shared_proj=0.098, delta_norm_ratio=0.621
[2026-05-31 17:44:12]     Cluster 'tool': shared_pc1_var=0.758, members=3
[2026-05-31 17:44:12]       hammer: shared_proj=-0.106, delta_norm_ratio=0.762
[2026-05-31 17:44:12]       key: shared_proj=0.245, delta_norm_ratio=0.043
[2026-05-31 17:44:12]       knife: shared_proj=-0.138, delta_norm_ratio=0.637
[2026-05-31 17:44:12]     Cluster 'emotion_pos': shared_pc1_var=0.292, members=5
[2026-05-31 17:44:12]       bright: shared_proj=-0.261, delta_norm_ratio=0.942
[2026-05-31 17:44:12]       good: shared_proj=0.250, delta_norm_ratio=0.924
[2026-05-31 17:44:12]       happy: shared_proj=0.582, delta_norm_ratio=0.642
[2026-05-31 17:44:12]       strong: shared_proj=0.005, delta_norm_ratio=1.000
[2026-05-31 17:44:12]       warm: shared_proj=-0.575, delta_norm_ratio=0.675
[2026-05-31 17:44:12]     Cluster 'emotion_neg': shared_pc1_var=0.313, members=5
[2026-05-31 17:44:12]       bad: shared_proj=-0.099, delta_norm_ratio=0.989
[2026-05-31 17:44:12]       cold: shared_proj=0.738, delta_norm_ratio=0.396
[2026-05-31 17:44:12]       dark: shared_proj=0.123, delta_norm_ratio=0.984
[2026-05-31 17:44:12]       sad: shared_proj=-0.292, delta_norm_ratio=0.928
[2026-05-31 17:44:12]       weak: shared_proj=-0.470, delta_norm_ratio=0.806
[2026-05-31 17:44:12] 
  Layer 6:
[2026-05-31 17:44:12]     Mantel r=0.503 (p=0.002)
[2026-05-31 17:44:12]     Neighborhood overlap=0.201
[2026-05-31 17:44:12]     Conflicts=0
[2026-05-31 17:44:12]     Cluster 'fruit': shared_pc1_var=0.405, members=4
[2026-05-31 17:44:12]       apple: shared_proj=-0.247, delta_norm_ratio=0.875
[2026-05-31 17:44:12]       banana: shared_proj=-0.184, delta_norm_ratio=0.916
[2026-05-31 17:44:12]       orange: shared_proj=0.549, delta_norm_ratio=0.129
[2026-05-31 17:44:12]       pear: shared_proj=-0.118, delta_norm_ratio=0.970
[2026-05-31 17:44:12]     Cluster 'animal': shared_pc1_var=0.563, members=3
[2026-05-31 17:44:12]       cat: shared_proj=-0.321, delta_norm_ratio=0.483
[2026-05-31 17:44:12]       dog: shared_proj=-0.013, delta_norm_ratio=0.999
[2026-05-31 17:44:12]       horse: shared_proj=0.334, delta_norm_ratio=0.424
[2026-05-31 17:44:12]     Cluster 'tool': shared_pc1_var=0.836, members=3
[2026-05-31 17:44:12]       hammer: shared_proj=-0.450, delta_norm_ratio=0.615
[2026-05-31 17:44:12]       key: shared_proj=0.912, delta_norm_ratio=0.003
[2026-05-31 17:44:12]       knife: shared_proj=-0.462, delta_norm_ratio=0.602
[2026-05-31 17:44:12]     Cluster 'emotion_pos': shared_pc1_var=0.306, members=5
[2026-05-31 17:44:12]       bright: shared_proj=-0.475, delta_norm_ratio=0.954
[2026-05-31 17:44:12]       good: shared_proj=-0.226, delta_norm_ratio=0.990
[2026-05-31 17:44:12]       happy: shared_proj=1.751, delta_norm_ratio=0.172
[2026-05-31 17:44:12]       strong: shared_proj=-0.327, delta_norm_ratio=0.976
[2026-05-31 17:44:12]       warm: shared_proj=-0.723, delta_norm_ratio=0.892
[2026-05-31 17:44:12]     Cluster 'emotion_neg': shared_pc1_var=0.338, members=5
[2026-05-31 17:44:12]       bad: shared_proj=-0.488, delta_norm_ratio=0.949
[2026-05-31 17:44:12]       cold: shared_proj=-0.719, delta_norm_ratio=0.894
[2026-05-31 17:44:12]       dark: shared_proj=-0.362, delta_norm_ratio=0.971
[2026-05-31 17:44:12]       sad: shared_proj=1.886, delta_norm_ratio=0.122
[2026-05-31 17:44:12]       weak: shared_proj=-0.317, delta_norm_ratio=0.980
[2026-05-31 17:44:12] 
  Layer 12:
[2026-05-31 17:44:12]     Mantel r=0.558 (p=0.002)
[2026-05-31 17:44:12]     Neighborhood overlap=0.189
[2026-05-31 17:44:12]     Conflicts=0
[2026-05-31 17:44:12]     Cluster 'fruit': shared_pc1_var=0.455, members=4
[2026-05-31 17:44:12]       apple: shared_proj=-0.161, delta_norm_ratio=0.985
[2026-05-31 17:44:12]       banana: shared_proj=1.246, delta_norm_ratio=0.190
[2026-05-31 17:44:12]       orange: shared_proj=-0.666, delta_norm_ratio=0.806
[2026-05-31 17:44:12]       pear: shared_proj=-0.419, delta_norm_ratio=0.913
[2026-05-31 17:44:12]     Cluster 'animal': shared_pc1_var=0.675, members=3
[2026-05-31 17:44:12]       cat: shared_proj=-1.127, delta_norm_ratio=0.483
[2026-05-31 17:44:12]       dog: shared_proj=-0.213, delta_norm_ratio=0.977
[2026-05-31 17:44:12]       horse: shared_proj=1.340, delta_norm_ratio=0.263
[2026-05-31 17:44:12]     Cluster 'tool': shared_pc1_var=0.758, members=3
[2026-05-31 17:44:12]       hammer: shared_proj=-1.022, delta_norm_ratio=0.715
[2026-05-31 17:44:12]       key: shared_proj=2.112, delta_norm_ratio=0.010
[2026-05-31 17:44:12]       knife: shared_proj=-1.090, delta_norm_ratio=0.684
[2026-05-31 17:44:12]     Cluster 'emotion_pos': shared_pc1_var=0.322, members=5
[2026-05-31 17:44:12]       bright: shared_proj=-1.202, delta_norm_ratio=0.906
[2026-05-31 17:44:12]       good: shared_proj=1.167, delta_norm_ratio=0.912
[2026-05-31 17:44:12]       happy: shared_proj=2.316, delta_norm_ratio=0.673
[2026-05-31 17:44:12]       strong: shared_proj=0.142, delta_norm_ratio=0.999
[2026-05-31 17:44:12]       warm: shared_proj=-2.423, delta_norm_ratio=0.626
[2026-05-31 17:44:12]     Cluster 'emotion_neg': shared_pc1_var=0.297, members=5
[2026-05-31 17:44:12]       bad: shared_proj=-0.366, delta_norm_ratio=0.992
[2026-05-31 17:44:12]       cold: shared_proj=1.304, delta_norm_ratio=0.899
[2026-05-31 17:44:12]       dark: shared_proj=2.019, delta_norm_ratio=0.759
[2026-05-31 17:44:12]       sad: shared_proj=-2.754, delta_norm_ratio=0.516
[2026-05-31 17:44:12]       weak: shared_proj=-0.203, delta_norm_ratio=0.998
[2026-05-31 17:44:12] 
  Layer 18:
[2026-05-31 17:44:12]     Mantel r=0.490 (p=0.002)
[2026-05-31 17:44:12]     Neighborhood overlap=0.191
[2026-05-31 17:44:12]     Conflicts=0
[2026-05-31 17:44:12]     Cluster 'fruit': shared_pc1_var=0.476, members=4
[2026-05-31 17:44:12]       apple: shared_proj=-0.519, delta_norm_ratio=0.948
[2026-05-31 17:44:12]       banana: shared_proj=2.106, delta_norm_ratio=0.150
[2026-05-31 17:44:12]       orange: shared_proj=-1.077, delta_norm_ratio=0.809
[2026-05-31 17:44:12]       pear: shared_proj=-0.509, delta_norm_ratio=0.941
[2026-05-31 17:44:12]     Cluster 'animal': shared_pc1_var=0.664, members=3
[2026-05-31 17:44:12]       cat: shared_proj=-1.623, delta_norm_ratio=0.465
[2026-05-31 17:44:12]       dog: shared_proj=-0.225, delta_norm_ratio=0.988
[2026-05-31 17:44:12]       horse: shared_proj=1.848, delta_norm_ratio=0.297
[2026-05-31 17:44:12]     Cluster 'tool': shared_pc1_var=0.781, members=3
[2026-05-31 17:44:12]       hammer: shared_proj=-1.558, delta_norm_ratio=0.727
[2026-05-31 17:44:12]       key: shared_proj=3.480, delta_norm_ratio=0.032
[2026-05-31 17:44:12]       knife: shared_proj=-1.922, delta_norm_ratio=0.625
[2026-05-31 17:44:12]     Cluster 'emotion_pos': shared_pc1_var=0.320, members=5
[2026-05-31 17:44:12]       bright: shared_proj=-3.184, delta_norm_ratio=0.778
[2026-05-31 17:44:12]       good: shared_proj=3.133, delta_norm_ratio=0.803
[2026-05-31 17:44:12]       happy: shared_proj=2.983, delta_norm_ratio=0.827
[2026-05-31 17:44:12]       strong: shared_proj=0.646, delta_norm_ratio=0.991
[2026-05-31 17:44:12]       warm: shared_proj=-3.578, delta_norm_ratio=0.712
[2026-05-31 17:44:12]     Cluster 'emotion_neg': shared_pc1_var=0.298, members=5
[2026-05-31 17:44:12]       bad: shared_proj=-2.348, delta_norm_ratio=0.895
[2026-05-31 17:44:12]       cold: shared_proj=1.956, delta_norm_ratio=0.913
[2026-05-31 17:44:12]       dark: shared_proj=4.008, delta_norm_ratio=0.633
[2026-05-31 17:44:12]       sad: shared_proj=-3.682, delta_norm_ratio=0.730
[2026-05-31 17:44:12]       weak: shared_proj=0.066, delta_norm_ratio=1.000
[2026-05-31 17:44:12] 
  Layer 24:
[2026-05-31 17:44:12]     Mantel r=0.509 (p=0.002)
[2026-05-31 17:44:12]     Neighborhood overlap=0.202
[2026-05-31 17:44:12]     Conflicts=0
[2026-05-31 17:44:12]     Cluster 'fruit': shared_pc1_var=0.479, members=4
[2026-05-31 17:44:12]       apple: shared_proj=-1.008, delta_norm_ratio=0.941
[2026-05-31 17:44:12]       banana: shared_proj=4.131, delta_norm_ratio=0.139
[2026-05-31 17:44:12]       orange: shared_proj=-2.047, delta_norm_ratio=0.825
[2026-05-31 17:44:12]       pear: shared_proj=-1.076, delta_norm_ratio=0.937
[2026-05-31 17:44:12]     Cluster 'animal': shared_pc1_var=0.666, members=3
[2026-05-31 17:44:12]       cat: shared_proj=-3.888, delta_norm_ratio=0.329
[2026-05-31 17:44:12]       dog: shared_proj=0.288, delta_norm_ratio=0.996
[2026-05-31 17:44:12]       horse: shared_proj=3.600, delta_norm_ratio=0.429
[2026-05-31 17:44:12]     Cluster 'tool': shared_pc1_var=0.775, members=3
[2026-05-31 17:44:12]       hammer: shared_proj=-3.461, delta_norm_ratio=0.705
[2026-05-31 17:44:12]       key: shared_proj=7.256, delta_norm_ratio=0.014
[2026-05-31 17:44:12]       knife: shared_proj=-3.795, delta_norm_ratio=0.660
[2026-05-31 17:44:12]     Cluster 'emotion_pos': shared_pc1_var=0.302, members=5
[2026-05-31 17:44:12]       bright: shared_proj=-8.947, delta_norm_ratio=0.788
[2026-05-31 17:44:12]       good: shared_proj=5.251, delta_norm_ratio=0.939
[2026-05-31 17:44:12]       happy: shared_proj=12.779, delta_norm_ratio=0.616
[2026-05-31 17:44:12]       strong: shared_proj=-0.433, delta_norm_ratio=1.000
[2026-05-31 17:44:12]       warm: shared_proj=-8.650, delta_norm_ratio=0.808
[2026-05-31 17:44:12]     Cluster 'emotion_neg': shared_pc1_var=0.304, members=5
[2026-05-31 17:44:12]       bad: shared_proj=-6.261, delta_norm_ratio=0.898
[2026-05-31 17:44:12]       cold: shared_proj=3.392, delta_norm_ratio=0.970
[2026-05-31 17:44:12]       dark: shared_proj=14.412, delta_norm_ratio=0.405
[2026-05-31 17:44:12]       sad: shared_proj=-7.554, delta_norm_ratio=0.867
[2026-05-31 17:44:12]       weak: shared_proj=-3.990, delta_norm_ratio=0.963
[2026-05-31 17:44:12] 
  Layer 30:
[2026-05-31 17:44:12]     Mantel r=0.471 (p=0.002)
[2026-05-31 17:44:12]     Neighborhood overlap=0.207
[2026-05-31 17:44:12]     Conflicts=0
[2026-05-31 17:44:12]     Cluster 'fruit': shared_pc1_var=0.487, members=4
[2026-05-31 17:44:12]       apple: shared_proj=-2.360, delta_norm_ratio=0.939
[2026-05-31 17:44:12]       banana: shared_proj=9.844, delta_norm_ratio=0.246
[2026-05-31 17:44:12]       orange: shared_proj=-6.115, delta_norm_ratio=0.734
[2026-05-31 17:44:12]       pear: shared_proj=-1.369, delta_norm_ratio=0.984
[2026-05-31 17:44:12]     Cluster 'animal': shared_pc1_var=0.628, members=3
[2026-05-31 17:44:12]       cat: shared_proj=-8.572, delta_norm_ratio=0.394
[2026-05-31 17:44:12]       dog: shared_proj=0.155, delta_norm_ratio=1.000
[2026-05-31 17:44:12]       horse: shared_proj=8.417, delta_norm_ratio=0.418
[2026-05-31 17:44:12]     Cluster 'tool': shared_pc1_var=0.763, members=3
[2026-05-31 17:44:12]       hammer: shared_proj=-5.756, delta_norm_ratio=0.754
[2026-05-31 17:44:12]       key: shared_proj=13.132, delta_norm_ratio=0.040
[2026-05-31 17:44:12]       knife: shared_proj=-7.376, delta_norm_ratio=0.636
[2026-05-31 17:44:12]     Cluster 'emotion_pos': shared_pc1_var=0.304, members=5
[2026-05-31 17:44:12]       bright: shared_proj=-22.314, delta_norm_ratio=0.732
[2026-05-31 17:44:12]       good: shared_proj=18.493, delta_norm_ratio=0.812
[2026-05-31 17:44:12]       happy: shared_proj=14.082, delta_norm_ratio=0.901
[2026-05-31 17:44:12]       strong: shared_proj=10.852, delta_norm_ratio=0.944
[2026-05-31 17:44:12]       warm: shared_proj=-21.112, delta_norm_ratio=0.763
[2026-05-31 17:44:12]     Cluster 'emotion_neg': shared_pc1_var=0.305, members=5
[2026-05-31 17:44:12]       bad: shared_proj=-16.592, delta_norm_ratio=0.838
[2026-05-31 17:44:12]       cold: shared_proj=4.567, delta_norm_ratio=0.987
[2026-05-31 17:44:12]       dark: shared_proj=31.861, delta_norm_ratio=0.330
[2026-05-31 17:44:12]       sad: shared_proj=-11.807, delta_norm_ratio=0.925
[2026-05-31 17:44:12]       weak: shared_proj=-8.029, delta_norm_ratio=0.971
[2026-05-31 17:44:12] 
  Layer 38:
[2026-05-31 17:44:12]     Mantel r=0.465 (p=0.002)
[2026-05-31 17:44:12]     Neighborhood overlap=0.220
[2026-05-31 17:44:12]     Conflicts=0
[2026-05-31 17:44:12]     Cluster 'fruit': shared_pc1_var=0.468, members=4
[2026-05-31 17:44:12]       apple: shared_proj=-11.207, delta_norm_ratio=0.877
[2026-05-31 17:44:12]       banana: shared_proj=32.993, delta_norm_ratio=0.045
[2026-05-31 17:44:12]       orange: shared_proj=-12.359, delta_norm_ratio=0.901
[2026-05-31 17:44:12]       pear: shared_proj=-9.427, delta_norm_ratio=0.931
[2026-05-31 17:44:12]     Cluster 'animal': shared_pc1_var=0.662, members=3
[2026-05-31 17:44:12]       cat: shared_proj=-27.723, delta_norm_ratio=0.432
[2026-05-31 17:44:12]       dog: shared_proj=-2.237, delta_norm_ratio=0.996
[2026-05-31 17:44:12]       horse: shared_proj=29.960, delta_norm_ratio=0.331
[2026-05-31 17:44:12]     Cluster 'tool': shared_pc1_var=0.671, members=3
[2026-05-31 17:44:12]       hammer: shared_proj=-21.163, delta_norm_ratio=0.757
[2026-05-31 17:44:12]       key: shared_proj=40.949, delta_norm_ratio=0.014
[2026-05-31 17:44:12]       knife: shared_proj=-19.786, delta_norm_ratio=0.785
[2026-05-31 17:44:12]     Cluster 'emotion_pos': shared_pc1_var=0.338, members=5
[2026-05-31 17:44:12]       bright: shared_proj=-45.319, delta_norm_ratio=0.832
[2026-05-31 17:44:12]       good: shared_proj=35.198, delta_norm_ratio=0.898
[2026-05-31 17:44:12]       happy: shared_proj=44.755, delta_norm_ratio=0.846
[2026-05-31 17:44:12]       strong: shared_proj=37.233, delta_norm_ratio=0.897
[2026-05-31 17:44:12]       warm: shared_proj=-71.868, delta_norm_ratio=0.586
[2026-05-31 17:44:12]     Cluster 'emotion_neg': shared_pc1_var=0.327, members=5
[2026-05-31 17:44:12]       bad: shared_proj=-37.052, delta_norm_ratio=0.878
[2026-05-31 17:44:12]       cold: shared_proj=6.285, delta_norm_ratio=0.997
[2026-05-31 17:44:12]       dark: shared_proj=88.124, delta_norm_ratio=0.269
[2026-05-31 17:44:12]       sad: shared_proj=-23.315, delta_norm_ratio=0.957
[2026-05-31 17:44:12]       weak: shared_proj=-34.041, delta_norm_ratio=0.911
[2026-05-31 17:44:12] Model glm4 released.
