[2026-07-15 04:28:03] Phase 946 Fast: deepseek7b
[2026-07-15 04:28:03] Total stimuli: 222, by type: {'negation': 80, 'quantification': 40, 'modal': 30, 'double_neg': 48, 'combo': 24}
[2026-07-15 04:28:07] Loading deepseek7b (bf16 fast)...
[2026-07-15 04:28:20]   attn=sdpa OK
[2026-07-15 04:28:20] n_layers=28, d_model=3584, mid=14, sample=[9, 11, 13, 14, 15, 17, 19]
[2026-07-15 04:28:20] Capturing 208 unique sentences...
[2026-07-15 04:28:37]   40/208 (2.4/s) ETA=69s
[2026-07-15 04:28:51]   80/208 (2.6/s) ETA=50s
[2026-07-15 04:29:06]   120/208 (2.6/s) ETA=33s
[2026-07-15 04:29:20]   160/208 (2.7/s) ETA=18s
[2026-07-15 04:29:35]   200/208 (2.7/s) ETA=3s
[2026-07-15 04:29:38] Capture done in 78s
[2026-07-15 04:29:38] Extracting...
[2026-07-15 04:29:38] Extracted: ok=222, miss=0
[2026-07-15 04:29:38] 
=== ANALYSIS 1: Negation LOO ===
[2026-07-15 04:29:38]   L9: NEG LOO_cos = 0.6129 ± 0.0795
[2026-07-15 04:29:38]   L11: NEG LOO_cos = 0.6056 ± 0.0847
[2026-07-15 04:29:38]   L13: NEG LOO_cos = 0.5604 ± 0.0888
[2026-07-15 04:29:38]   L14: NEG LOO_cos = 0.5877 ± 0.0961
[2026-07-15 04:29:38]   L15: NEG LOO_cos = 0.5815 ± 0.1035
[2026-07-15 04:29:38]   L17: NEG LOO_cos = 0.5897 ± 0.1048
[2026-07-15 04:29:38]   L19: NEG LOO_cos = 0.5754 ± 0.1000
[2026-07-15 04:29:38]   L9: NEG PCA top1=25.68%, dim50=4
[2026-07-15 04:29:38]   L11: NEG PCA top1=21.79%, dim50=5
[2026-07-15 04:29:38]   L13: NEG PCA top1=20.46%, dim50=5
[2026-07-15 04:29:38]   L14: NEG PCA top1=19.23%, dim50=5
[2026-07-15 04:29:38]   L15: NEG PCA top1=20.02%, dim50=5
[2026-07-15 04:29:38]   L17: NEG PCA top1=21.60%, dim50=5
[2026-07-15 04:29:38]   L19: NEG PCA top1=21.07%, dim50=5
[2026-07-15 04:29:38] 
=== ANALYSIS 2: Double Negation Closure ===
[2026-07-15 04:29:38]   L9: ¬¬P cos=0.7439, pos_rate=100%
[2026-07-15 04:29:38]   L11: ¬¬P cos=0.7601, pos_rate=100%
[2026-07-15 04:29:38]   L13: ¬¬P cos=0.7678, pos_rate=100%
[2026-07-15 04:29:38]   L14: ¬¬P cos=0.7690, pos_rate=100%
[2026-07-15 04:29:38]   L15: ¬¬P cos=0.7778, pos_rate=100%
[2026-07-15 04:29:38]   L17: ¬¬P cos=0.8048, pos_rate=100%
[2026-07-15 04:29:38]   L19: ¬¬P cos=0.8528, pos_rate=100%
[2026-07-15 04:29:38] 
=== ANALYSIS 3: Cross-Operator Affinity ===
[2026-07-15 04:29:38]   L9 ops (12):
[2026-07-15 04:29:38]     M(can→may)            : top3=[('+0.412', 'M(can→must)'), ('+0.397', 'M(can→should)'), ('+0.080', 'M(should→must)')]
[2026-07-15 04:29:38]     M(can→must)           : top3=[('+0.682', 'M(may→must)'), ('+0.634', 'M(can→should)'), ('+0.602', 'M(might→must)')]
[2026-07-15 04:29:38]     M(can→should)         : top3=[('+0.634', 'M(can→must)'), ('+0.397', 'M(can→may)'), ('+0.322', 'M(may→must)')]
[2026-07-15 04:29:38]     M(may→must)           : top3=[('+0.875', 'M(might→must)'), ('+0.682', 'M(can→must)'), ('+0.494', 'M(should→must)')]
[2026-07-15 04:29:38]     M(might→must)         : top3=[('+0.875', 'M(may→must)'), ('+0.602', 'M(can→must)'), ('+0.552', 'M(should→must)')]
[2026-07-15 04:29:38]     M(should→must)        : top3=[('+0.552', 'M(might→must)'), ('+0.551', 'M(can→must)'), ('+0.494', 'M(may→must)')]
[2026-07-15 04:29:38]     NEG(not)              : top3=[('+0.144', 'Q(all→no)'), ('+0.124', 'Q(some→no)'), ('+0.044', 'M(should→must)')]
[2026-07-15 04:29:38]     Q(all→no)             : top3=[('+0.549', 'Q(some→no)'), ('+0.152', 'Q(some→few)'), ('+0.144', 'NEG(not)')]
[2026-07-15 04:29:38]     Q(some→all)           : top3=[('+0.584', 'Q(some→every)'), ('+0.574', 'Q(some→no)'), ('+0.407', 'Q(some→few)')]
[2026-07-15 04:29:38]     Q(some→every)         : top3=[('+0.584', 'Q(some→all)'), ('+0.524', 'Q(some→no)'), ('+0.390', 'Q(some→few)')]
[2026-07-15 04:29:38]     Q(some→few)           : top3=[('+0.500', 'Q(some→no)'), ('+0.407', 'Q(some→all)'), ('+0.390', 'Q(some→every)')]
[2026-07-15 04:29:38]     Q(some→no)            : top3=[('+0.574', 'Q(some→all)'), ('+0.549', 'Q(all→no)'), ('+0.524', 'Q(some→every)')]
[2026-07-15 04:29:38]   L11 ops (12):
[2026-07-15 04:29:38]     M(can→may)            : top3=[('+0.405', 'M(can→must)'), ('+0.379', 'M(can→should)'), ('+0.080', 'M(should→must)')]
[2026-07-15 04:29:38]     M(can→must)           : top3=[('+0.684', 'M(may→must)'), ('+0.648', 'M(can→should)'), ('+0.599', 'M(might→must)')]
[2026-07-15 04:29:38]     M(can→should)         : top3=[('+0.648', 'M(can→must)'), ('+0.379', 'M(can→may)'), ('+0.350', 'M(may→must)')]
[2026-07-15 04:29:38]     M(may→must)           : top3=[('+0.862', 'M(might→must)'), ('+0.684', 'M(can→must)'), ('+0.461', 'M(should→must)')]
[2026-07-15 04:29:38]     M(might→must)         : top3=[('+0.862', 'M(may→must)'), ('+0.599', 'M(can→must)'), ('+0.529', 'M(should→must)')]
[2026-07-15 04:29:38]     M(should→must)        : top3=[('+0.529', 'M(might→must)'), ('+0.522', 'M(can→must)'), ('+0.461', 'M(may→must)')]
[2026-07-15 04:29:38]     NEG(not)              : top3=[('+0.209', 'Q(all→no)'), ('+0.187', 'Q(some→no)'), ('+0.048', 'Q(some→every)')]
[2026-07-15 04:29:38]     Q(all→no)             : top3=[('+0.516', 'Q(some→no)'), ('+0.209', 'NEG(not)'), ('+0.158', 'Q(some→few)')]
[2026-07-15 04:29:38]     Q(some→all)           : top3=[('+0.568', 'Q(some→every)'), ('+0.565', 'Q(some→no)'), ('+0.385', 'Q(some→few)')]
[2026-07-15 04:29:38]     Q(some→every)         : top3=[('+0.568', 'Q(some→all)'), ('+0.508', 'Q(some→no)'), ('+0.349', 'Q(some→few)')]
[2026-07-15 04:29:38]     Q(some→few)           : top3=[('+0.506', 'Q(some→no)'), ('+0.385', 'Q(some→all)'), ('+0.349', 'Q(some→every)')]
[2026-07-15 04:29:38]     Q(some→no)            : top3=[('+0.565', 'Q(some→all)'), ('+0.516', 'Q(all→no)'), ('+0.508', 'Q(some→every)')]
[2026-07-15 04:29:38]   L13 ops (12):
[2026-07-15 04:29:38]     M(can→may)            : top3=[('+0.416', 'M(can→must)'), ('+0.386', 'M(can→should)'), ('+0.070', 'M(should→must)')]
[2026-07-15 04:29:38]     M(can→must)           : top3=[('+0.678', 'M(may→must)'), ('+0.665', 'M(can→should)'), ('+0.576', 'M(might→must)')]
[2026-07-15 04:29:38]     M(can→should)         : top3=[('+0.665', 'M(can→must)'), ('+0.386', 'M(can→may)'), ('+0.363', 'M(may→must)')]
[2026-07-15 04:29:38]     M(may→must)           : top3=[('+0.867', 'M(might→must)'), ('+0.678', 'M(can→must)'), ('+0.427', 'M(should→must)')]
[2026-07-15 04:29:38]     M(might→must)         : top3=[('+0.867', 'M(may→must)'), ('+0.576', 'M(can→must)'), ('+0.491', 'M(should→must)')]
[2026-07-15 04:29:38]     M(should→must)        : top3=[('+0.491', 'M(might→must)'), ('+0.476', 'M(can→must)'), ('+0.427', 'M(may→must)')]
[2026-07-15 04:29:38]     NEG(not)              : top3=[('+0.221', 'Q(all→no)'), ('+0.194', 'Q(some→no)'), ('+0.045', 'Q(some→few)')]
[2026-07-15 04:29:38]     Q(all→no)             : top3=[('+0.519', 'Q(some→no)'), ('+0.221', 'NEG(not)'), ('+0.165', 'Q(some→few)')]
[2026-07-15 04:29:38]     Q(some→all)           : top3=[('+0.551', 'Q(some→no)'), ('+0.549', 'Q(some→every)'), ('+0.365', 'Q(some→few)')]
[2026-07-15 04:29:38]     Q(some→every)         : top3=[('+0.549', 'Q(some→all)'), ('+0.499', 'Q(some→no)'), ('+0.344', 'Q(some→few)')]
[2026-07-15 04:29:38]     Q(some→few)           : top3=[('+0.498', 'Q(some→no)'), ('+0.365', 'Q(some→all)'), ('+0.344', 'Q(some→every)')]
[2026-07-15 04:29:38]     Q(some→no)            : top3=[('+0.551', 'Q(some→all)'), ('+0.519', 'Q(all→no)'), ('+0.499', 'Q(some→every)')]
[2026-07-15 04:29:38]   L14 ops (12):
[2026-07-15 04:29:38]     M(can→may)            : top3=[('+0.406', 'M(can→must)'), ('+0.391', 'M(can→should)'), ('+0.058', 'M(should→must)')]
[2026-07-15 04:29:38]     M(can→must)           : top3=[('+0.680', 'M(may→must)'), ('+0.668', 'M(can→should)'), ('+0.582', 'M(might→must)')]
[2026-07-15 04:29:38]     M(can→should)         : top3=[('+0.668', 'M(can→must)'), ('+0.391', 'M(can→may)'), ('+0.358', 'M(may→must)')]
[2026-07-15 04:29:38]     M(may→must)           : top3=[('+0.869', 'M(might→must)'), ('+0.680', 'M(can→must)'), ('+0.444', 'M(should→must)')]
[2026-07-15 04:29:38]     M(might→must)         : top3=[('+0.869', 'M(may→must)'), ('+0.582', 'M(can→must)'), ('+0.517', 'M(should→must)')]
[2026-07-15 04:29:38]     M(should→must)        : top3=[('+0.517', 'M(might→must)'), ('+0.488', 'M(can→must)'), ('+0.444', 'M(may→must)')]
[2026-07-15 04:29:38]     NEG(not)              : top3=[('+0.248', 'Q(all→no)'), ('+0.215', 'Q(some→no)'), ('+0.056', 'Q(some→few)')]
[2026-07-15 04:29:38]     Q(all→no)             : top3=[('+0.540', 'Q(some→no)'), ('+0.248', 'NEG(not)'), ('+0.201', 'Q(some→few)')]
[2026-07-15 04:29:38]     Q(some→all)           : top3=[('+0.537', 'Q(some→no)'), ('+0.525', 'Q(some→every)'), ('+0.343', 'Q(some→few)')]
[2026-07-15 04:29:38]     Q(some→every)         : top3=[('+0.525', 'Q(some→all)'), ('+0.491', 'Q(some→no)'), ('+0.341', 'Q(some→few)')]
[2026-07-15 04:29:38]     Q(some→few)           : top3=[('+0.504', 'Q(some→no)'), ('+0.343', 'Q(some→all)'), ('+0.341', 'Q(some→every)')]
[2026-07-15 04:29:38]     Q(some→no)            : top3=[('+0.540', 'Q(all→no)'), ('+0.537', 'Q(some→all)'), ('+0.504', 'Q(some→few)')]
[2026-07-15 04:29:38]   L15 ops (12):
[2026-07-15 04:29:38]     M(can→may)            : top3=[('+0.412', 'M(can→must)'), ('+0.401', 'M(can→should)'), ('+0.049', 'M(should→must)')]
[2026-07-15 04:29:38]     M(can→must)           : top3=[('+0.674', 'M(may→must)'), ('+0.666', 'M(can→should)'), ('+0.568', 'M(might→must)')]
[2026-07-15 04:29:38]     M(can→should)         : top3=[('+0.666', 'M(can→must)'), ('+0.401', 'M(can→may)'), ('+0.346', 'M(may→must)')]
[2026-07-15 04:29:38]     M(may→must)           : top3=[('+0.862', 'M(might→must)'), ('+0.674', 'M(can→must)'), ('+0.444', 'M(should→must)')]
[2026-07-15 04:29:38]     M(might→must)         : top3=[('+0.862', 'M(may→must)'), ('+0.568', 'M(can→must)'), ('+0.525', 'M(should→must)')]
[2026-07-15 04:29:38]     M(should→must)        : top3=[('+0.525', 'M(might→must)'), ('+0.480', 'M(can→must)'), ('+0.444', 'M(may→must)')]
[2026-07-15 04:29:38]     NEG(not)              : top3=[('+0.240', 'Q(all→no)'), ('+0.209', 'Q(some→no)'), ('+0.049', 'Q(some→few)')]
[2026-07-15 04:29:38]     Q(all→no)             : top3=[('+0.531', 'Q(some→no)'), ('+0.240', 'NEG(not)'), ('+0.205', 'Q(some→few)')]
[2026-07-15 04:29:38]     Q(some→all)           : top3=[('+0.526', 'Q(some→no)'), ('+0.494', 'Q(some→every)'), ('+0.322', 'Q(some→few)')]
[2026-07-15 04:29:38]     Q(some→every)         : top3=[('+0.494', 'Q(some→all)'), ('+0.475', 'Q(some→no)'), ('+0.328', 'Q(some→few)')]
[2026-07-15 04:29:38]     Q(some→few)           : top3=[('+0.498', 'Q(some→no)'), ('+0.328', 'Q(some→every)'), ('+0.322', 'Q(some→all)')]
[2026-07-15 04:29:38]     Q(some→no)            : top3=[('+0.531', 'Q(all→no)'), ('+0.526', 'Q(some→all)'), ('+0.498', 'Q(some→few)')]
[2026-07-15 04:29:38]   L17 ops (12):
[2026-07-15 04:29:38]     M(can→may)            : top3=[('+0.421', 'M(can→must)'), ('+0.400', 'M(can→should)'), ('+0.030', 'M(should→must)')]
[2026-07-15 04:29:38]     M(can→must)           : top3=[('+0.670', 'M(may→must)'), ('+0.661', 'M(can→should)'), ('+0.548', 'M(might→must)')]
[2026-07-15 04:29:38]     M(can→should)         : top3=[('+0.661', 'M(can→must)'), ('+0.400', 'M(can→may)'), ('+0.343', 'M(may→must)')]
[2026-07-15 04:29:38]     M(may→must)           : top3=[('+0.855', 'M(might→must)'), ('+0.670', 'M(can→must)'), ('+0.402', 'M(should→must)')]
[2026-07-15 04:29:38]     M(might→must)         : top3=[('+0.855', 'M(may→must)'), ('+0.548', 'M(can→must)'), ('+0.480', 'M(should→must)')]
[2026-07-15 04:29:38]     M(should→must)        : top3=[('+0.480', 'M(might→must)'), ('+0.421', 'M(can→must)'), ('+0.402', 'M(may→must)')]
[2026-07-15 04:29:38]     NEG(not)              : top3=[('+0.232', 'Q(all→no)'), ('+0.220', 'Q(some→no)'), ('+0.065', 'Q(some→few)')]
[2026-07-15 04:29:38]     Q(all→no)             : top3=[('+0.548', 'Q(some→no)'), ('+0.232', 'NEG(not)'), ('+0.217', 'Q(some→few)')]
[2026-07-15 04:29:38]     Q(some→all)           : top3=[('+0.524', 'Q(some→no)'), ('+0.513', 'Q(some→every)'), ('+0.310', 'Q(some→few)')]
[2026-07-15 04:29:38]     Q(some→every)         : top3=[('+0.513', 'Q(some→all)'), ('+0.437', 'Q(some→no)'), ('+0.305', 'Q(some→few)')]
[2026-07-15 04:29:38]     Q(some→few)           : top3=[('+0.491', 'Q(some→no)'), ('+0.310', 'Q(some→all)'), ('+0.305', 'Q(some→every)')]
[2026-07-15 04:29:38]     Q(some→no)            : top3=[('+0.548', 'Q(all→no)'), ('+0.524', 'Q(some→all)'), ('+0.491', 'Q(some→few)')]
[2026-07-15 04:29:38]   L19 ops (12):
[2026-07-15 04:29:38]     M(can→may)            : top3=[('+0.438', 'M(can→must)'), ('+0.425', 'M(can→should)'), ('+0.017', 'Q(all→no)')]
[2026-07-15 04:29:38]     M(can→must)           : top3=[('+0.668', 'M(can→should)'), ('+0.653', 'M(may→must)'), ('+0.532', 'M(might→must)')]
[2026-07-15 04:29:38]     M(can→should)         : top3=[('+0.668', 'M(can→must)'), ('+0.425', 'M(can→may)'), ('+0.325', 'M(may→must)')]
[2026-07-15 04:29:38]     M(may→must)           : top3=[('+0.845', 'M(might→must)'), ('+0.653', 'M(can→must)'), ('+0.403', 'M(should→must)')]
[2026-07-15 04:29:38]     M(might→must)         : top3=[('+0.845', 'M(may→must)'), ('+0.532', 'M(can→must)'), ('+0.479', 'M(should→must)')]
[2026-07-15 04:29:38]     M(should→must)        : top3=[('+0.479', 'M(might→must)'), ('+0.407', 'M(can→must)'), ('+0.403', 'M(may→must)')]
[2026-07-15 04:29:38]     NEG(not)              : top3=[('+0.216', 'Q(some→no)'), ('+0.202', 'Q(all→no)'), ('+0.089', 'Q(some→few)')]
[2026-07-15 04:29:38]     Q(all→no)             : top3=[('+0.566', 'Q(some→no)'), ('+0.210', 'Q(some→few)'), ('+0.202', 'NEG(not)')]
[2026-07-15 04:29:38]     Q(some→all)           : top3=[('+0.570', 'Q(some→every)'), ('+0.530', 'Q(some→no)'), ('+0.331', 'Q(some→few)')]
[2026-07-15 04:29:38]     Q(some→every)         : top3=[('+0.570', 'Q(some→all)'), ('+0.410', 'Q(some→no)'), ('+0.353', 'Q(some→few)')]
[2026-07-15 04:29:38]     Q(some→few)           : top3=[('+0.492', 'Q(some→no)'), ('+0.353', 'Q(some→every)'), ('+0.331', 'Q(some→all)')]
[2026-07-15 04:29:38]     Q(some→no)            : top3=[('+0.566', 'Q(all→no)'), ('+0.530', 'Q(some→all)'), ('+0.492', 'Q(some→few)')]
[2026-07-15 04:29:38] 
=== ANALYSIS 4: Operator Composition ===
[2026-07-15 04:29:38]     not_all: cos(O_not)=+0.1976
[2026-07-15 04:29:38]     not_must: cos(O_not)=+0.2949
[2026-07-15 04:29:38]     not_all: cos(O_not)=+0.2138
[2026-07-15 04:29:38]     not_must: cos(O_not)=+0.3037
[2026-07-15 04:29:38]     not_all: cos(O_not)=+0.1873
[2026-07-15 04:29:38]     not_must: cos(O_not)=+0.3228
[2026-07-15 04:29:38]     not_all: cos(O_not)=+0.2063
[2026-07-15 04:29:38]     not_must: cos(O_not)=+0.3530
[2026-07-15 04:29:38]     not_all: cos(O_not)=+0.1786
[2026-07-15 04:29:38]     not_must: cos(O_not)=+0.3150
[2026-07-15 04:29:38]     not_all: cos(O_not)=+0.1677
[2026-07-15 04:29:38]     not_must: cos(O_not)=+0.3270
[2026-07-15 04:29:38]     not_all: cos(O_not)=+0.1484
[2026-07-15 04:29:38]     not_must: cos(O_not)=+0.2752
[2026-07-15 04:29:38] 
Saved to results\phase946_operator_algebra\deepseek7b_operator_algebra.json
[2026-07-15 04:29:38] 
==================================================
[2026-07-15 04:29:38] SUMMARY L14:
[2026-07-15 04:29:38]   NEG LOO: 0.5877
[2026-07-15 04:29:38]   NEG PCA: top1=19.23%, dim50=5
[2026-07-15 04:29:38]   ¬¬P cos: 0.7690
[2026-07-15 04:29:38] Done!
