[14:36:26] deepseek7b/main: pairs=24 seed_candidates=2 sources=['records_all', 'target_record_line']
[14:36:27] [load] deepseek7b: bf16 device_map=auto attn=eager quantization=off
`torch_dtype` is deprecated! Use `dtype` instead!
Loading weights:   0%|          | 0/339 [00:00<?, ?it/s]Loading weights:   2%|▏         | 6/339 [00:00<00:07, 45.42it/s]Loading weights:  12%|█▏        | 42/339 [00:00<00:01, 196.86it/s]Loading weights:  23%|██▎       | 77/339 [00:00<00:01, 250.43it/s]Loading weights:  33%|███▎      | 112/339 [00:00<00:00, 275.50it/s]Loading weights:  42%|████▏     | 141/339 [00:00<00:00, 260.13it/s]Loading weights:  51%|█████▏    | 174/339 [00:00<00:00, 260.95it/s]Loading weights:  62%|██████▏   | 209/339 [00:00<00:00, 284.96it/s]Loading weights:  71%|███████   | 240/339 [00:00<00:00, 279.29it/s]Loading weights:  79%|███████▉  | 269/339 [00:01<00:00, 264.32it/s]Loading weights:  90%|████████▉ | 304/339 [00:01<00:00, 285.87it/s]Loading weights:  99%|█████████▊| 334/339 [00:01<00:00, 277.92it/s]Loading weights: 100%|██████████| 339/339 [00:01<00:00, 265.69it/s]
[14:36:29] [load] deepseek7b: loaded eager, device=cuda:0, gpu=15.23GB
[14:36:29] deepseek7b: expanded_candidates=4 combo_sites=['L23:attn_out', 'L23:mlp_out', 'L24:attn_out', 'L24:mlp_out', 'L25:attn_out', 'L25:mlp_out', 'L26:attn_out', 'L26:mlp_out']
[14:36:45] deepseek7b: multisite carrier 4/24 pairs; rows=288
[14:37:01] deepseek7b: multisite carrier 8/24 pairs; rows=576
[14:37:16] deepseek7b: multisite carrier 12/24 pairs; rows=864
[14:37:31] deepseek7b: multisite carrier 16/24 pairs; rows=1152
[14:37:47] deepseek7b: multisite carrier 20/24 pairs; rows=1440
[14:38:02] deepseek7b: multisite carrier 24/24 pairs; rows=1728
[model_utils] GPU memory released, allocated=15.24 GB
{
  "model": "deepseek7b",
  "round": "main",
  "combo_baseline": {
    "off_path_control": {
      "n_groups": 8,
      "mean_effective_restore_rate": 0.2708333333333333,
      "mean_recovered": 0.09830729166666667,
      "mean_recovery_fraction": 0.45317833604017815,
      "mean_release_reduced": 0.019205729166666668,
      "role_counts": {
        "off_path_control_suspicious": 4,
        "weak_or_unclear": 4
      }
    },
    "primary_multisite_all": {
      "n_groups": 8,
      "mean_effective_restore_rate": 0.19791666666666666,
      "mean_recovered": 0.03515625,
      "mean_recovery_fraction": 0.2926813292397174,
      "mean_release_reduced": 0.033854166666666664,
      "role_counts": {
        "partial_multisite_carrier_candidate": 2,
        "weak_or_unclear": 6
      }
    },
    "same_layer_primary_pair": {
      "n_groups": 16,
      "mean_effective_restore_rate": 0.12760416666666666,
      "mean_recovered": 0.015625,
      "mean_recovery_fraction": 0.25781362886626047,
      "mean_release_reduced": 0.001627604166666667,
      "role_counts": {
        "partial_multisite_carrier_candidate": 2,
        "weak_or_unclear": 14
      }
    },
    "single_primary_site": {
      "n_groups": 32,
      "mean_effective_restore_rate": 0.12109375,
      "mean_recovered": 0.006673177083333334,
      "mean_recovery_fraction": 0.2651980647200631,
      "mean_release_reduced": -0.0026041666666666665,
      "role_counts": {
        "weak_or_unclear": 28,
        "partial_multisite_carrier_candidate": 2,
        "anti_restore_or_off_path": 2
      }
    }
  },
  "top_writers": [
    {
      "site": "L22:attn_out",
      "head": 1,
      "subunit_id": "L22:attn_out:H1",
      "candidate_kind": "phase755_top_candidate",
      "source_group": "records_all",
      "n": 24,
      "domains": [
        "abstract",
        "animal",
        "fruit",
        "object",
        "plant",
        "tool"
      ],
      "relations": [
        "category",
        "color",
        "edible",
        "grows_on_tree",
        "shape",
        "taste"
      ],
      "mean_attention_mass_to_source": 0.46407293031613034,
      "mean_source_target_logit_contribution": 1.1283260639756918,
      "mean_source_total_route_suppression_contribution": 0.22307516083431742,
      "mean_target_logit_drop_after_source_removal": 0.5234375,
      "support_rate_drop_gt_0_20": 0.7916666666666666,
      "mean_total_positive_route_release_after_source_removal": 0.13020833333333334,
      "route_guard_rate_release_gt_0_20": 0.20833333333333334,
      "top1_loss_rate": 0.125,
      "removal_role_guess": "cross_domain_writer_candidate"
    },
    {
      "site": "L22:attn_out",
      "head": 24,
      "subunit_id": "L22:attn_out:H24",
      "candidate_kind": "phase755_top_candidate",
      "source_group": "records_all",
      "n": 24,
      "domains": [
        "abstract",
        "animal",
        "fruit",
        "object",
        "plant",
        "tool"
      ],
      "relations": [
        "category",
        "color",
        "edible",
        "grows_on_tree",
        "shape",
        "taste"
      ],
      "mean_attention_mass_to_source": 0.647236150999864,
      "mean_source_target_logit_contribution": 0.19226515494907895,
      "mean_source_total_route_suppression_contribution": 0.26621815996865433,
      "mean_target_logit_drop_after_source_removal": 0.4947916666666667,
      "support_rate_drop_gt_0_20": 0.7916666666666666,
      "mean_total_positive_route_release_after_source_removal": 0.16927083333333334,
      "route_guard_rate_release_gt_0_20": 0.25,
      "top1_loss_rate": 0.20833333333333334,
      "removal_role_guess": "cross_domain_writer_candidate"
    },
    {
      "site": "L22:attn_out",
      "head": 24,
      "subunit_id": "L22:attn_out:H24",
      "candidate_kind": "phase755_top_candidate",
      "source_group": "target_record_line",
      "n": 24,
      "domains": [
        "abstract",
        "animal",
        "fruit",
        "object",
        "plant",
        "tool"
      ],
      "relations": [
        "category",
        "color",
        "edible",
        "grows_on_tree",
        "shape",
        "taste"
      ],
      "mean_attention_mass_to_source": 0.498118336002032,
      "mean_source_target_logit_contribution": 0.20748381890977421,
      "mean_source_total_route_suppression_contribution": 0.23832851669673497,
      "mean_target_logit_drop_after_source_removal": 0.4192708333333333,
      "support_rate_drop_gt_0_20": 0.75,
      "mean_total_positive_route_release_after_source_removal": 0.13802083333333334,
      "route_guard_rate_release_gt_0_20": 0.20833333333333334,
      "top1_loss_rate": 0.20833333333333334,
      "removal_role_guess": "cross_domain_writer_candidate"
    },
    {
      "site": "L22:attn_out",
      "head": 1,
      "subunit_id": "L22:attn_out:H1",
      "candidate_kind": "phase755_top_candidate",
      "source_group": "target_record_line",
      "n": 24,
      "domains": [
        "abstract",
        "animal",
        "fruit",
        "object",
        "plant",
        "tool"
      ],
      "relations": [
        "category",
        "color",
        "edible",
        "grows_on_tree",
        "shape",
        "taste"
      ],
      "mean_attention_mass_to_source": 0.268194446961085,
      "mean_source_target_logit_contribution": 1.0534889753519867,
      "mean_source_total_route_suppression_contribution": 0.19763074912286052,
      "mean_target_logit_drop_after_source_removal": 0.4244791666666667,
      "support_rate_drop_gt_0_20": 0.6666666666666666,
      "mean_total_positive_route_release_after_source_removal": 0.18229166666666666,
      "route_guard_rate_release_gt_0_20": 0.3333333333333333,
      "top1_loss_rate": 0.16666666666666666,
      "removal_role_guess": "cross_domain_writer_guard_candidate"
    },
    {
      "site": "L22:attn_out",
      "head": 9,
      "subunit_id": "L22:attn_out:H9",
      "candidate_kind": "same_layer_control_head",
      "source_group": "records_all",
      "n": 24,
      "domains": [
        "abstract",
        "animal",
        "fruit",
        "object",
        "plant",
        "tool"
      ],
      "relations": [
        "category",
        "color",
        "edible",
        "grows_on_tree",
        "shape",
        "taste"
      ],
      "mean_attention_mass_to_source": 0.11299580335617065,
      "mean_source_target_logit_contribution": -0.13334565229403475,
      "mean_source_total_route_suppression_contribution": 0.2187659036523352,
      "mean_target_logit_drop_after_source_removal": -0.015625,
      "support_rate_drop_gt_0_20": 0.125,
      "mean_total_positive_route_release_after_source_removal": 0.17708333333333334,
      "route_guard_rate_release_gt_0_20": 0.25,
      "top1_loss_rate": 0.0,
      "removal_role_guess": "control_or_weak"
    },
    {
      "site": "L22:attn_out",
      "head": 14,
      "subunit_id": "L22:attn_out:H14",
      "candidate_kind": "same_layer_control_head",
      "source_group": "records_all",
      "n": 24,
      "domains": [
        "abstract",
        "animal",
        "fruit",
        "object",
        "plant",
        "tool"
      ],
      "relations": [
        "category",
        "color",
        "edible",
        "grows_on_tree",
        "shape",
        "taste"
      ],
      "mean_attention_mass_to_source": 0.16486459970474243,
      "mean_source_target_logit_contribution": 0.0237088593809555,
      "mean_source_total_route_suppression_contribution": 0.04378542292397469,
      "mean_target_logit_drop_after_source_removal": 0.010416666666666666,
      "support_rate_drop_gt_0_20": 0.08333333333333333,
      "mean_total_positive_route_release_after_source_removal": 0.18489583333333334,
      "route_guard_rate_release_gt_0_20": 0.20833333333333334,
      "top1_loss_rate": 0.0,
      "removal_role_guess": "control_or_weak"
    },
    {
      "site": "L22:attn_out",
      "head": 9,
      "subunit_id": "L22:attn_out:H9",
      "candidate_kind": "same_layer_control_head",
      "source_group": "target_record_line",
      "n": 24,
      "domains": [
        "abstract",
        "animal",
        "fruit",
        "object",
        "plant",
        "tool"
      ],
      "relations": [
        "category",
        "color",
        "edible",
        "grows_on_tree",
        "shape",
        "taste"
      ],
      "mean_attention_mass_to_source": 0.03173200289408366,
      "mean_source_target_logit_contribution": -0.07007414460531436,
      "mean_source_total_route_suppression_contribution": 0.10343126624259942,
      "mean_target_logit_drop_after_source_removal": -0.0026041666666666665,
      "support_rate_drop_gt_0_20": 0.08333333333333333,
      "mean_total_positive_route_release_after_source_removal": 0.21354166666666666,
      "route_guard_rate_release_gt_0_20": 0.3333333333333333,
      "top1_loss_rate": 0.0,
      "removal_role_guess": "control_or_weak"
    },
    {
      "site": "L22:attn_out",
      "head": 14,
      "subunit_id": "L22:attn_out:H14",
      "candidate_kind": "same_layer_control_head",
      "source_group": "target_record_line",
      "n": 24,
      "domains": [
        "abstract",
        "animal",
        "fruit",
        "object",
        "plant",
        "tool"
      ],
      "relations": [
        "category",
        "color",
        "edible",
        "grows_on_tree",
        "shape",
        "taste"
      ],
      "mean_attention_mass_to_source": 0.026021877924601238,
      "mean_source_target_logit_contribution": 0.006792408389931855,
      "mean_source_total_route_suppression_contribution": 0.01049606888833902,
      "mean_target_logit_drop_after_source_removal": 0.010416666666666666,
      "support_rate_drop_gt_0_20": 0.041666666666666664,
      "mean_total_positive_route_release_after_source_removal": 0.16145833333333334,
      "route_guard_rate_release_gt_0_20": 0.2916666666666667,
      "top1_loss_rate": 0.0,
      "removal_role_guess": "control_or_weak"
    }
  ],
  "top_multisite": [
    {
      "site": "L22:attn_out",
      "head": 24,
      "subunit_id": "L22:attn_out:H24",
      "candidate_kind": "phase755_top_candidate",
      "source_group": "records_all",
      "combo_name": "off_path_same_count",
      "combo_kind": "off_path_control",
      "combo_sites": [
        "L25:attn_out",
        "L25:mlp_out",
        "L26:attn_out",
        "L26:mlp_out"
      ],
      "combo_size": 4,
      "n": 24,
      "domains": [
        "abstract",
        "animal",
        "fruit",
        "object",
        "plant",
        "tool"
      ],
      "relations": [
        "category",
        "color",
        "edible",
        "grows_on_tree",
        "shape",
        "taste"
      ],
      "mean_combo_delta_norm_after_removal": 18.66481286784013,
      "mean_erase_target_logit_drop": 0.4947916666666667,
      "mean_restored_target_logit_drop": 0.22135416666666666,
      "mean_target_logit_recovered_by_restore": 0.2734375,
      "mean_target_recovery_fraction": 0.6691225441225441,
      "mean_erase_route_release": 0.16927083333333334,
      "mean_restored_route_release": 0.3255208333333333,
      "mean_route_release_reduced_by_restore": -0.15625,
      "effective_restore_rate": 0.5,
      "combo_role_guess": "off_path_control_suspicious"
    },
    {
      "site": "L22:attn_out",
      "head": 1,
      "subunit_id": "L22:attn_out:H1",
      "candidate_kind": "phase755_top_candidate",
      "source_group": "records_all",
      "combo_name": "off_path_same_count",
      "combo_kind": "off_path_control",
      "combo_sites": [
        "L25:attn_out",
        "L25:mlp_out",
        "L26:attn_out",
        "L26:mlp_out"
      ],
      "combo_size": 4,
      "n": 24,
      "domains": [
        "abstract",
        "animal",
        "fruit",
        "object",
        "plant",
        "tool"
      ],
      "relations": [
        "category",
        "color",
        "edible",
        "grows_on_tree",
        "shape",
        "taste"
      ],
      "mean_combo_delta_norm_after_removal": 12.705446929981312,
      "mean_erase_target_logit_drop": 0.5234375,
      "mean_restored_target_logit_drop": 0.3385416666666667,
      "mean_target_logit_recovered_by_restore": 0.18489583333333334,
      "mean_target_recovery_fraction": 0.36262689552163235,
      "mean_erase_route_release": 0.13020833333333334,
      "mean_restored_route_release": 0.06770833333333333,
      "mean_route_release_reduced_by_restore": 0.0625,
      "effective_restore_rate": 0.5,
      "combo_role_guess": "off_path_control_suspicious"
    },
    {
      "site": "L22:attn_out",
      "head": 24,
      "subunit_id": "L22:attn_out:H24",
      "candidate_kind": "phase755_top_candidate",
      "source_group": "target_record_line",
      "combo_name": "off_path_same_count",
      "combo_kind": "off_path_control",
      "combo_sites": [
        "L25:attn_out",
        "L25:mlp_out",
        "L26:attn_out",
        "L26:mlp_out"
      ],
      "combo_size": 4,
      "n": 24,
      "domains": [
        "abstract",
        "animal",
        "fruit",
        "object",
        "plant",
        "tool"
      ],
      "relations": [
        "category",
        "color",
        "edible",
        "grows_on_tree",
        "shape",
        "taste"
      ],
      "mean_combo_delta_norm_after_removal": 15.699872711052498,
      "mean_erase_target_logit_drop": 0.4192708333333333,
      "mean_restored_target_logit_drop": 0.2552083333333333,
      "mean_target_logit_recovered_by_restore": 0.1640625,
      "mean_target_recovery_fraction": 0.44142857142857145,
      "mean_erase_route_release": 0.13802083333333334,
      "mean_restored_route_release": 0.171875,
      "mean_route_release_reduced_by_restore": -0.033854166666666664,
      "effective_restore_rate": 0.4583333333333333,
      "combo_role_guess": "off_path_control_suspicious"
    },
    {
      "site": "L22:attn_out",
      "head": 1,
      "subunit_id": "L22:attn_out:H1",
      "candidate_kind": "phase755_top_candidate",
      "source_group": "target_record_line",
      "combo_name": "off_path_same_count",
      "combo_kind": "off_path_control",
      "combo_sites": [
        "L25:attn_out",
        "L25:mlp_out",
        "L26:attn_out",
        "L26:mlp_out"
      ],
      "combo_size": 4,
      "n": 24,
      "domains": [
        "abstract",
        "animal",
        "fruit",
        "object",
        "plant",
        "tool"
      ],
      "relations": [
        "category",
        "color",
        "edible",
        "grows_on_tree",
        "shape",
        "taste"
      ],
      "mean_combo_delta_norm_after_removal": 10.111080416788658,
      "mean_erase_target_logit_drop": 0.4244791666666667,
      "mean_restored_target_logit_drop": 0.2708333333333333,
      "mean_target_logit_recovered_by_restore": 0.15364583333333334,
      "mean_target_recovery_fraction": 0.38141534391534393,
      "mean_erase_route_release": 0.18229166666666666,
      "mean_restored_route_release": 0.12760416666666666,
      "mean_route_release_reduced_by_restore": 0.0546875,
      "effective_restore_rate": 0.4583333333333333,
      "combo_role_guess": "off_path_control_suspicious"
    },
    {
      "site": "L22:attn_out",
      "head": 1,
      "subunit_id": "L22:attn_out:H1",
      "candidate_kind": "phase755_top_candidate",
      "source_group": "records_all",
      "combo_name": "primary_all",
      "combo_kind": "primary_multisite_all",
      "combo_sites": [
        "L23:attn_out",
        "L23:mlp_out",
        "L24:attn_out",
        "L24:mlp_out"
      ],
      "combo_size": 4,
      "n": 24,
      "domains": [
        "abstract",
        "animal",
        "fruit",
        "object",
        "plant",
        "tool"
      ],
      "relations": [
        "category",
        "color",
        "edible",
        "grows_on_tree",
        "shape",
        "taste"
      ],
      "mean_combo_delta_norm_after_removal": 7.484259920815627,
      "mean_erase_target_logit_drop": 0.5234375,
      "mean_restored_target_logit_drop": 0.4166666666666667,
      "mean_target_logit_recovered_by_restore": 0.10677083333333333,
      "mean_target_recovery_fraction": 0.2244508050429103,
      "mean_erase_route_release": 0.13020833333333334,
      "mean_restored_route_release": 0.15364583333333334,
      "mean_route_release_reduced_by_restore": -0.0234375,
      "effective_restore_rate": 0.375,
      "combo_role_guess": "partial_multisite_carrier_candidate"
    },
    {
      "site": "L22:attn_out",
      "head": 1,
      "subunit_id": "L22:attn_out:H1",
      "candidate_kind": "phase755_top_candidate",
      "source_group": "target_record_line",
      "combo_name": "primary_all",
      "combo_kind": "primary_multisite_all",
      "combo_sites": [
        "L23:attn_out",
        "L23:mlp_out",
        "L24:attn_out",
        "L24:mlp_out"
      ],
      "combo_size": 4,
      "n": 24,
      "domains": [
        "abstract",
        "animal",
        "fruit",
        "object",
        "plant",
        "tool"
      ],
      "relations": [
        "category",
        "color",
        "edible",
        "grows_on_tree",
        "shape",
        "taste"
      ],
      "mean_combo_delta_norm_after_removal": 5.85323709435761,
      "mean_erase_target_logit_drop": 0.4244791666666667,
      "mean_restored_target_logit_drop": 0.3463541666666667,
      "mean_target_logit_recovered_by_restore": 0.078125,
      "mean_target_recovery_fraction": 0.24024470899470898,
      "mean_erase_route_release": 0.18229166666666666,
      "mean_restored_route_release": 0.0546875,
      "mean_route_release_reduced_by_restore": 0.12760416666666666,
      "effective_restore_rate": 0.3333333333333333,
      "combo_role_guess": "partial_multisite_carrier_candidate"
    },
    {
      "site": "L22:attn_out",
      "head": 24,
      "subunit_id": "L22:attn_out:H24",
      "candidate_kind": "phase755_top_candidate",
      "source_group": "records_all",
      "combo_name": "primary_all",
      "combo_kind": "primary_multisite_all",
      "combo_sites": [
        "L23:attn_out",
        "L23:mlp_out",
        "L24:attn_out",
        "L24:mlp_out"
      ],
      "combo_size": 4,
      "n": 24,
      "domains": [
        "abstract",
        "animal",
        "fruit",
        "object",
        "plant",
        "tool"
      ],
      "relations": [
        "category",
        "color",
        "edible",
        "grows_on_tree",
        "shape",
        "taste"
      ],
      "mean_combo_delta_norm_after_removal": 11.888701257606348,
      "mean_erase_target_logit_drop": 0.4947916666666667,
      "mean_restored_target_logit_drop": 0.4270833333333333,
      "mean_target_logit_recovered_by_restore": 0.06770833333333333,
      "mean_target_recovery_fraction": 0.04249916749916749,
      "mean_erase_route_release": 0.16927083333333334,
      "mean_restored_route_release": 0.171875,
      "mean_route_release_reduced_by_restore": -0.0026041666666666665,
      "effective_restore_rate": 0.3333333333333333,
      "combo_role_guess": "weak_or_unclear"
    },
    {
      "site": "L22:attn_out",
      "head": 24,
      "subunit_id": "L22:attn_out:H24",
      "candidate_kind": "phase755_top_candidate",
      "source_group": "target_record_line",
      "combo_name": "L24:mlp_out",
      "combo_kind": "single_primary_site",
      "combo_sites": [
        "L24:mlp_out"
      ],
      "combo_size": 1,
      "n": 24,
      "domains": [
        "abstract",
        "animal",
        "fruit",
        "object",
        "plant",
        "tool"
      ],
      "relations": [
        "category",
        "color",
        "edible",
        "grows_on_tree",
        "shape",
        "taste"
      ],
      "mean_combo_delta_norm_after_removal": 13.772825042406717,
      "mean_erase_target_logit_drop": 0.4192708333333333,
      "mean_restored_target_logit_drop": 0.3802083333333333,
      "mean_target_logit_recovered_by_restore": 0.0390625,
      "mean_target_recovery_fraction": 0.11755952380952381,
      "mean_erase_route_release": 0.13802083333333334,
      "mean_restored_route_release": 0.1875,
      "mean_route_release_reduced_by_restore": -0.049479166666666664,
      "effective_restore_rate": 0.3333333333333333,
      "combo_role_guess": "weak_or_unclear"
    },
    {
      "site": "L22:attn_out",
      "head": 24,
      "subunit_id": "L22:attn_out:H24",
      "candidate_kind": "phase755_top_candidate",
      "source_group": "records_all",
      "combo_name": "L23:attn_out",
      "combo_kind": "single_primary_site",
      "combo_sites": [
        "L23:attn_out"
      ],
      "combo_size": 1,
      "n": 24,
      "domains": [
        "abstract",
        "animal",
        "fruit",
        "object",
        "plant",
        "tool"
      ],
      "relations": [
        "category",
        "color",
        "edible",
        "grows_on_tree",
        "shape",
        "taste"
      ],
      "mean_combo_delta_norm_after_removal": 11.537217607100805,
      "mean_erase_target_logit_drop": 0.4947916666666667,
      "mean_restored_target_logit_drop": 0.4661458333333333,
      "mean_target_logit_recovered_by_restore": 0.028645833333333332,
      "mean_target_recovery_fraction": 0.012036574536574531,
      "mean_erase_route_release": 0.16927083333333334,
      "mean_restored_route_release": 0.21875,
      "mean_route_release_reduced_by_restore": -0.049479166666666664,
      "effective_restore_rate": 0.3333333333333333,
      "combo_role_guess": "weak_or_unclear"
    },
    {
      "site": "L22:attn_out",
      "head": 1,
      "subunit_id": "L22:attn_out:H1",
      "candidate_kind": "phase755_top_candidate",
      "source_group": "records_all",
      "combo_name": "L24:mlp_out",
      "combo_kind": "single_primary_site",
      "combo_sites": [
        "L24:mlp_out"
      ],
      "combo_size": 1,
      "n": 24,
      "domains": [
        "abstract",
        "animal",
        "fruit",
        "object",
        "plant",
        "tool"
      ],
      "relations": [
        "category",
        "color",
        "edible",
        "grows_on_tree",
        "shape",
        "taste"
      ],
      "mean_combo_delta_norm_after_removal": 11.754568696022034,
      "mean_erase_target_logit_drop": 0.5234375,
      "mean_restored_target_logit_drop": 0.4348958333333333,
      "mean_target_logit_recovered_by_restore": 0.08854166666666667,
      "mean_target_recovery_fraction": 0.29716929634692796,
      "mean_erase_route_release": 0.13020833333333334,
      "mean_restored_route_release": 0.1796875,
      "mean_route_release_reduced_by_restore": -0.049479166666666664,
      "effective_restore_rate": 0.2916666666666667,
      "combo_role_guess": "partial_multisite_carrier_candidate"
    }
  ]
}
