[00:06:14] deepseek7b/main: pairs=8 target=hidden_28 audits=5
[00:06:14] [load] deepseek7b: bf16 device_map=auto attn=eager quantization=off
`torch_dtype` is deprecated! Use `dtype` instead!
Loading weights:   0%|          | 0/339 [00:00<?, ?it/s]Loading weights:   1%|▏         | 5/339 [00:00<00:07, 43.86it/s]Loading weights:   9%|▉         | 31/339 [00:00<00:01, 156.31it/s]Loading weights:  19%|█▉        | 65/339 [00:00<00:01, 230.81it/s]Loading weights:  28%|██▊       | 96/339 [00:00<00:00, 251.68it/s]Loading weights:  39%|███▉      | 133/339 [00:00<00:00, 286.49it/s]Loading weights:  48%|████▊     | 162/339 [00:00<00:00, 281.37it/s]Loading weights:  58%|█████▊    | 196/339 [00:00<00:00, 284.42it/s]Loading weights:  66%|██████▋   | 225/339 [00:00<00:00, 283.16it/s]Loading weights:  75%|███████▍  | 254/339 [00:00<00:00, 284.15it/s]Loading weights:  83%|████████▎ | 283/339 [00:01<00:00, 267.07it/s]Loading weights:  91%|█████████▏| 310/339 [00:01<00:00, 267.52it/s]Loading weights: 100%|██████████| 339/339 [00:01<00:00, 264.79it/s]
[00:06:16] [load] deepseek7b: loaded eager, device=cuda:0, gpu=15.23GB
[00:06:20] deepseek7b: readout audit 2/8 pairs; rows=10
[00:06:25] deepseek7b: readout audit 4/8 pairs; rows=20
[00:06:29] deepseek7b: readout audit 6/8 pairs; rows=30
[00:06:33] deepseek7b: readout audit 8/8 pairs; rows=40
[model_utils] GPU memory released, allocated=15.24 GB
{
  "model": "deepseek7b",
  "round": "main",
  "target_site": "hidden_28",
  "top_readout_audits": [
    {
      "intervention_key": "source_plus_all_mlp|L22H24<-target_record_line|L27:mlp[2872:2932]+L22:mlp[957:1017] explicit<-conflict",
      "intervention_label": "source_plus_all_mlp|L22H24<-target_record_line|L27:mlp[2872:2932]+L22:mlp[957:1017]",
      "direction": "explicit<-conflict",
      "intervention_mode": "source_plus_all_mlp",
      "source_component_id": "L22H24",
      "source_group": "target_record_line",
      "mlp_components": [
        "L27:mlp[2872:2932]",
        "L22:mlp[957:1017]"
      ],
      "n": 8,
      "mean_token0_donor_logprob_delta": 0.4279654026031494,
      "mean_token0_margin_delta_donor_vs_recipient": 0.51953125,
      "mean_token0_patched_margin_donor_vs_recipient": -12.93310546875,
      "mean_token0_patched_margin_donor_vs_best_candidate": -13.13623046875,
      "mean_token0_donor_rank_delta": -79.625,
      "mean_token0_patched_donor_rank": 4697.25,
      "token0_donor_top_candidate_rate": 0.0,
      "token0_recipient_top_candidate_rate": 0.75,
      "token0_format_top_candidate_rate": 0.0,
      "token0_echo_top_candidate_rate": 0.25,
      "token0_patched_best_counts": {
        "object_echo": 1,
        "recipient_answer": 6,
        "relation_echo": 1
      },
      "token1_patched_best_counts": {
        "cont_is": 7,
        "cont_of": 1
      },
      "token1_format_or_echo_top_rate": 1.0,
      "mean_source_contribution_delta_norm": 8.74801105260849,
      "mean_mlp_delta_norm_total": 68.0117654800415
    },
    {
      "intervention_key": "source_plus_all_mlp|L22H24<-all_pre_answer|L27:mlp[2872:2932]+L22:mlp[957:1017] explicit<-conflict",
      "intervention_label": "source_plus_all_mlp|L22H24<-all_pre_answer|L27:mlp[2872:2932]+L22:mlp[957:1017]",
      "direction": "explicit<-conflict",
      "intervention_mode": "source_plus_all_mlp",
      "source_component_id": "L22H24",
      "source_group": "all_pre_answer",
      "mlp_components": [
        "L27:mlp[2872:2932]",
        "L22:mlp[957:1017]"
      ],
      "n": 8,
      "mean_token0_donor_logprob_delta": 0.3624759912490845,
      "mean_token0_margin_delta_donor_vs_recipient": 0.41943359375,
      "mean_token0_patched_margin_donor_vs_recipient": -13.033203125,
      "mean_token0_patched_margin_donor_vs_best_candidate": -13.205078125,
      "mean_token0_donor_rank_delta": -216.5,
      "mean_token0_patched_donor_rank": 4560.375,
      "token0_donor_top_candidate_rate": 0.0,
      "token0_recipient_top_candidate_rate": 0.75,
      "token0_format_top_candidate_rate": 0.0,
      "token0_echo_top_candidate_rate": 0.25,
      "token0_patched_best_counts": {
        "object_echo": 1,
        "recipient_answer": 6,
        "relation_echo": 1
      },
      "token1_patched_best_counts": {
        "cont_is": 7,
        "cont_of": 1
      },
      "token1_format_or_echo_top_rate": 1.0,
      "mean_source_contribution_delta_norm": 9.322539031505585,
      "mean_mlp_delta_norm_total": 68.0117654800415
    },
    {
      "intervention_key": "source_plus_all_mlp|L22H24<-all_pre_answer|L27:mlp[2872:2932]+L22:mlp[957:1017] conflict<-explicit",
      "intervention_label": "source_plus_all_mlp|L22H24<-all_pre_answer|L27:mlp[2872:2932]+L22:mlp[957:1017]",
      "direction": "conflict<-explicit",
      "intervention_mode": "source_plus_all_mlp",
      "source_component_id": "L22H24",
      "source_group": "all_pre_answer",
      "mlp_components": [
        "L27:mlp[2872:2932]",
        "L22:mlp[957:1017]"
      ],
      "n": 8,
      "mean_token0_donor_logprob_delta": 0.37375307083129883,
      "mean_token0_margin_delta_donor_vs_recipient": 0.4140625,
      "mean_token0_patched_margin_donor_vs_recipient": -8.9169921875,
      "mean_token0_patched_margin_donor_vs_best_candidate": -9.4091796875,
      "mean_token0_donor_rank_delta": -541.125,
      "mean_token0_patched_donor_rank": 1918.25,
      "token0_donor_top_candidate_rate": 0.0,
      "token0_recipient_top_candidate_rate": 0.625,
      "token0_format_top_candidate_rate": 0.0,
      "token0_echo_top_candidate_rate": 0.375,
      "token0_patched_best_counts": {
        "object_echo": 3,
        "recipient_answer": 5
      },
      "token1_patched_best_counts": {
        "cont_is": 6,
        "cont_of": 2
      },
      "token1_format_or_echo_top_rate": 1.0,
      "mean_source_contribution_delta_norm": 9.322539031505585,
      "mean_mlp_delta_norm_total": 68.0117654800415
    },
    {
      "intervention_key": "mlp_only|no_source|L27:mlp[2872:2932] conflict<-explicit",
      "intervention_label": "mlp_only|no_source|L27:mlp[2872:2932]",
      "direction": "conflict<-explicit",
      "intervention_mode": "mlp_only",
      "source_component_id": null,
      "source_group": null,
      "mlp_components": [
        "L27:mlp[2872:2932]"
      ],
      "n": 8,
      "mean_token0_donor_logprob_delta": 0.1075739860534668,
      "mean_token0_margin_delta_donor_vs_recipient": 0.2314453125,
      "mean_token0_patched_margin_donor_vs_recipient": -9.099609375,
      "mean_token0_patched_margin_donor_vs_best_candidate": -9.701171875,
      "mean_token0_donor_rank_delta": -477.625,
      "mean_token0_patched_donor_rank": 1981.75,
      "token0_donor_top_candidate_rate": 0.0,
      "token0_recipient_top_candidate_rate": 0.5,
      "token0_format_top_candidate_rate": 0.125,
      "token0_echo_top_candidate_rate": 0.375,
      "token0_patched_best_counts": {
        "format_the": 1,
        "object_echo": 3,
        "recipient_answer": 4
      },
      "token1_patched_best_counts": {
        "cont_is": 6,
        "cont_of": 2
      },
      "token1_format_or_echo_top_rate": 1.0,
      "mean_source_contribution_delta_norm": null,
      "mean_mlp_delta_norm_total": 58.78864026069641
    },
    {
      "intervention_key": "mlp_all|no_source|L27:mlp[2872:2932]+L22:mlp[957:1017] conflict<-explicit",
      "intervention_label": "mlp_all|no_source|L27:mlp[2872:2932]+L22:mlp[957:1017]",
      "direction": "conflict<-explicit",
      "intervention_mode": "mlp_all",
      "source_component_id": null,
      "source_group": null,
      "mlp_components": [
        "L27:mlp[2872:2932]",
        "L22:mlp[957:1017]"
      ],
      "n": 8,
      "mean_token0_donor_logprob_delta": 0.08211290836334229,
      "mean_token0_margin_delta_donor_vs_recipient": 0.166015625,
      "mean_token0_patched_margin_donor_vs_recipient": -9.1650390625,
      "mean_token0_patched_margin_donor_vs_best_candidate": -9.7666015625,
      "mean_token0_donor_rank_delta": -468.0,
      "mean_token0_patched_donor_rank": 1991.375,
      "token0_donor_top_candidate_rate": 0.0,
      "token0_recipient_top_candidate_rate": 0.5,
      "token0_format_top_candidate_rate": 0.125,
      "token0_echo_top_candidate_rate": 0.375,
      "token0_patched_best_counts": {
        "format_the": 1,
        "object_echo": 3,
        "recipient_answer": 4
      },
      "token1_patched_best_counts": {
        "cont_is": 6,
        "cont_of": 2
      },
      "token1_format_or_echo_top_rate": 1.0,
      "mean_source_contribution_delta_norm": null,
      "mean_mlp_delta_norm_total": 68.0117654800415
    }
  ]
}
