[00:05:40] glm4/main: pairs=8 target=hidden_40 audits=5
[00:05:40] [load] glm4: bf16 device_map=auto attn=eager quantization=off
`torch_dtype` is deprecated! Use `dtype` instead!
Loading weights:   0%|          | 0/443 [00:00<?, ?it/s]Loading weights:   1%|          | 4/443 [00:00<00:14, 30.89it/s]Loading weights:   7%|▋         | 32/443 [00:00<00:02, 154.09it/s]Loading weights:  16%|█▌        | 71/443 [00:00<00:01, 242.92it/s]Loading weights:  22%|██▏       | 99/443 [00:00<00:01, 246.75it/s]Loading weights:  31%|███       | 137/443 [00:00<00:01, 283.94it/s]Loading weights:  38%|███▊      | 170/443 [00:00<00:00, 290.80it/s]Loading weights:  46%|████▌     | 203/443 [00:00<00:00, 295.84it/s]Loading weights:  53%|█████▎    | 234/443 [00:00<00:00, 293.48it/s]Loading weights:  60%|██████    | 268/443 [00:01<00:00, 294.81it/s]Loading weights:  68%|██████▊   | 302/443 [00:01<00:00, 296.19it/s]Loading weights:  75%|███████▍  | 332/443 [00:01<00:00, 291.21it/s]Loading weights:  83%|████████▎ | 366/443 [00:01<00:00, 303.20it/s]Loading weights:  90%|█████████ | 399/443 [00:01<00:00, 297.11it/s]Loading weights:  98%|█████████▊| 434/443 [00:01<00:00, 310.56it/s]Loading weights: 100%|██████████| 443/443 [00:01<00:00, 285.53it/s]
[00:05:42] [load] glm4: loaded eager, device=cuda:0, gpu=18.80GB
[00:05:50] glm4: readout audit 2/8 pairs; rows=10
[00:05:56] glm4: readout audit 4/8 pairs; rows=20
[00:06:02] glm4: readout audit 6/8 pairs; rows=30
[00:06:12] glm4: readout audit 8/8 pairs; rows=40
[model_utils] GPU memory released, allocated=18.81 GB
{
  "model": "glm4",
  "round": "main",
  "target_site": "hidden_40",
  "top_readout_audits": [
    {
      "intervention_key": "source_plus_all_mlp|L23H17<-all_pre_answer|L38:mlp[2597:2665]+L38:mlp[3007:3075] conflict<-explicit",
      "intervention_label": "source_plus_all_mlp|L23H17<-all_pre_answer|L38:mlp[2597:2665]+L38:mlp[3007:3075]",
      "direction": "conflict<-explicit",
      "intervention_mode": "source_plus_all_mlp",
      "source_component_id": "L23H17",
      "source_group": "all_pre_answer",
      "mlp_components": [
        "L38:mlp[2597:2665]",
        "L38:mlp[3007:3075]"
      ],
      "n": 8,
      "mean_token0_donor_logprob_delta": 0.33299219608306885,
      "mean_token0_margin_delta_donor_vs_recipient": 0.3505859375,
      "mean_token0_patched_margin_donor_vs_recipient": -8.8671875,
      "mean_token0_patched_margin_donor_vs_best_candidate": -8.8671875,
      "mean_token0_donor_rank_delta": -73.125,
      "mean_token0_patched_donor_rank": 374.875,
      "token0_donor_top_candidate_rate": 0.0,
      "token0_recipient_top_candidate_rate": 1.0,
      "token0_format_top_candidate_rate": 0.0,
      "token0_echo_top_candidate_rate": 0.0,
      "token0_patched_best_counts": {
        "recipient_answer": 8
      },
      "token1_patched_best_counts": {
        "cont_of": 1,
        "relation_echo": 7
      },
      "token1_format_or_echo_top_rate": 1.0,
      "mean_source_contribution_delta_norm": 3.692640006542206,
      "mean_mlp_delta_norm_total": 15.785517513751984
    },
    {
      "intervention_key": "source_plus_all_mlp|L39H21<-self_last|L38:mlp[2597:2665]+L38:mlp[3007:3075] conflict<-explicit",
      "intervention_label": "source_plus_all_mlp|L39H21<-self_last|L38:mlp[2597:2665]+L38:mlp[3007:3075]",
      "direction": "conflict<-explicit",
      "intervention_mode": "source_plus_all_mlp",
      "source_component_id": "L39H21",
      "source_group": "self_last",
      "mlp_components": [
        "L38:mlp[2597:2665]",
        "L38:mlp[3007:3075]"
      ],
      "n": 8,
      "mean_token0_donor_logprob_delta": 0.32197147607803345,
      "mean_token0_margin_delta_donor_vs_recipient": 0.34765625,
      "mean_token0_patched_margin_donor_vs_recipient": -8.8701171875,
      "mean_token0_patched_margin_donor_vs_best_candidate": -8.8701171875,
      "mean_token0_donor_rank_delta": -68.625,
      "mean_token0_patched_donor_rank": 379.375,
      "token0_donor_top_candidate_rate": 0.0,
      "token0_recipient_top_candidate_rate": 1.0,
      "token0_format_top_candidate_rate": 0.0,
      "token0_echo_top_candidate_rate": 0.0,
      "token0_patched_best_counts": {
        "recipient_answer": 8
      },
      "token1_patched_best_counts": {
        "cont_of": 1,
        "relation_echo": 7
      },
      "token1_format_or_echo_top_rate": 1.0,
      "mean_source_contribution_delta_norm": 14.947232007980347,
      "mean_mlp_delta_norm_total": 15.785517513751984
    },
    {
      "intervention_key": "source_plus_all_mlp|L23H17<-instruction|L38:mlp[2597:2665]+L38:mlp[3007:3075] conflict<-explicit",
      "intervention_label": "source_plus_all_mlp|L23H17<-instruction|L38:mlp[2597:2665]+L38:mlp[3007:3075]",
      "direction": "conflict<-explicit",
      "intervention_mode": "source_plus_all_mlp",
      "source_component_id": "L23H17",
      "source_group": "instruction",
      "mlp_components": [
        "L38:mlp[2597:2665]",
        "L38:mlp[3007:3075]"
      ],
      "n": 8,
      "mean_token0_donor_logprob_delta": 0.3336437940597534,
      "mean_token0_margin_delta_donor_vs_recipient": 0.3447265625,
      "mean_token0_patched_margin_donor_vs_recipient": -8.873046875,
      "mean_token0_patched_margin_donor_vs_best_candidate": -8.873046875,
      "mean_token0_donor_rank_delta": -73.625,
      "mean_token0_patched_donor_rank": 374.375,
      "token0_donor_top_candidate_rate": 0.0,
      "token0_recipient_top_candidate_rate": 1.0,
      "token0_format_top_candidate_rate": 0.0,
      "token0_echo_top_candidate_rate": 0.0,
      "token0_patched_best_counts": {
        "recipient_answer": 8
      },
      "token1_patched_best_counts": {
        "cont_of": 1,
        "relation_echo": 7
      },
      "token1_format_or_echo_top_rate": 1.0,
      "mean_source_contribution_delta_norm": 3.5187419056892395,
      "mean_mlp_delta_norm_total": 15.785517513751984
    },
    {
      "intervention_key": "mlp_all|no_source|L38:mlp[2597:2665]+L38:mlp[3007:3075] conflict<-explicit",
      "intervention_label": "mlp_all|no_source|L38:mlp[2597:2665]+L38:mlp[3007:3075]",
      "direction": "conflict<-explicit",
      "intervention_mode": "mlp_all",
      "source_component_id": null,
      "source_group": null,
      "mlp_components": [
        "L38:mlp[2597:2665]",
        "L38:mlp[3007:3075]"
      ],
      "n": 8,
      "mean_token0_donor_logprob_delta": 0.3067229986190796,
      "mean_token0_margin_delta_donor_vs_recipient": 0.328125,
      "mean_token0_patched_margin_donor_vs_recipient": -8.8896484375,
      "mean_token0_patched_margin_donor_vs_best_candidate": -8.8896484375,
      "mean_token0_donor_rank_delta": -62.875,
      "mean_token0_patched_donor_rank": 385.125,
      "token0_donor_top_candidate_rate": 0.0,
      "token0_recipient_top_candidate_rate": 1.0,
      "token0_format_top_candidate_rate": 0.0,
      "token0_echo_top_candidate_rate": 0.0,
      "token0_patched_best_counts": {
        "recipient_answer": 8
      },
      "token1_patched_best_counts": {
        "cont_of": 1,
        "relation_echo": 7
      },
      "token1_format_or_echo_top_rate": 1.0,
      "mean_source_contribution_delta_norm": null,
      "mean_mlp_delta_norm_total": 15.785517513751984
    },
    {
      "intervention_key": "source_plus_all_mlp|L23H17<-instruction|L38:mlp[2597:2665]+L38:mlp[3007:3075] explicit<-conflict",
      "intervention_label": "source_plus_all_mlp|L23H17<-instruction|L38:mlp[2597:2665]+L38:mlp[3007:3075]",
      "direction": "explicit<-conflict",
      "intervention_mode": "source_plus_all_mlp",
      "source_component_id": "L23H17",
      "source_group": "instruction",
      "mlp_components": [
        "L38:mlp[2597:2665]",
        "L38:mlp[3007:3075]"
      ],
      "n": 8,
      "mean_token0_donor_logprob_delta": 0.29472553730010986,
      "mean_token0_margin_delta_donor_vs_recipient": 0.3017578125,
      "mean_token0_patched_margin_donor_vs_recipient": -11.474609375,
      "mean_token0_patched_margin_donor_vs_best_candidate": -11.474609375,
      "mean_token0_donor_rank_delta": -74.125,
      "mean_token0_patched_donor_rank": 302.625,
      "token0_donor_top_candidate_rate": 0.0,
      "token0_recipient_top_candidate_rate": 1.0,
      "token0_format_top_candidate_rate": 0.0,
      "token0_echo_top_candidate_rate": 0.0,
      "token0_patched_best_counts": {
        "recipient_answer": 8
      },
      "token1_patched_best_counts": {
        "cont_is": 4,
        "cont_stop_newline": 2,
        "relation_echo": 2
      },
      "token1_format_or_echo_top_rate": 1.0,
      "mean_source_contribution_delta_norm": 3.5187419056892395,
      "mean_mlp_delta_norm_total": 15.785517513751984
    }
  ]
}
