[2026-05-25 10:37:24] Phase 276: Jacobian Spectrum & Conditional Operator Analysis
[2026-05-25 10:37:24] Model: deepseek7b
[2026-05-25 10:37:25] Loading deepseek7b (bfloat16 + device_map=auto)...
[2026-05-25 10:37:37] deepseek7b loaded: device=cuda:0, GPU=9.01GB
[2026-05-25 10:37:37] Model info: n_layers=28, d_model=3584, class=Qwen2ForCausalLM
[2026-05-25 10:37:37] ============================================================
[2026-05-25 10:37:37] Collecting JV matrices and spectral data (single pass)...
[2026-05-25 10:37:37] ============================================================
[2026-05-25 10:37:37] Sampled layers: [3, 6, 9, 12, 14, 15, 18, 21, 24]
[2026-05-25 10:37:37] Generated 32 perturbation vectors, dim=3584
[2026-05-25 10:37:37]   Word 1/15: 'apple' — collecting data...
[2026-05-25 10:37:43]     L3 (1/9)...
[2026-05-25 10:38:27]     L9 (3/9)...
[2026-05-25 10:39:10]     L14 (5/9)...
[2026-05-25 10:39:53]     L18 (7/9)...
[2026-05-25 10:40:36]     L24 (9/9)...
[2026-05-25 10:40:58]   'apple' done. GPU=9.02GB
[2026-05-25 10:40:58]   Word 2/15: 'banana' — collecting data...
[2026-05-25 10:40:58]     L3 (1/9)...
[2026-05-25 10:41:41]     L9 (3/9)...
[2026-05-25 10:42:25]     L14 (5/9)...
[2026-05-25 10:43:07]     L18 (7/9)...
[2026-05-25 10:43:51]     L24 (9/9)...
[2026-05-25 10:44:12]   'banana' done. GPU=9.02GB
[2026-05-25 10:44:12]   Word 3/15: 'orange' — collecting data...
[2026-05-25 10:44:13]     L3 (1/9)...
[2026-05-25 10:44:56]     L9 (3/9)...
[2026-05-25 10:45:39]     L14 (5/9)...
[2026-05-25 10:46:23]     L18 (7/9)...
[2026-05-25 10:47:06]     L24 (9/9)...
[2026-05-25 10:47:27]   'orange' done. GPU=9.02GB
[2026-05-25 10:47:27]   Word 4/15: 'grape' — collecting data...
[2026-05-25 10:47:28]     L3 (1/9)...
[2026-05-25 10:48:11]     L9 (3/9)...
[2026-05-25 10:48:54]     L14 (5/9)...
[2026-05-25 10:49:38]     L18 (7/9)...
[2026-05-25 10:50:21]     L24 (9/9)...
[2026-05-25 10:50:43]   'grape' done. GPU=9.02GB
[2026-05-25 10:50:43]   Word 5/15: 'mango' — collecting data...
[2026-05-25 10:50:44]     L3 (1/9)...
[2026-05-25 10:51:27]     L9 (3/9)...
[2026-05-25 10:52:10]     L14 (5/9)...
[2026-05-25 10:52:53]     L18 (7/9)...
[2026-05-25 10:53:36]     L24 (9/9)...
[2026-05-25 10:53:58]   'mango' done. GPU=9.02GB
[2026-05-25 10:53:58]   Word 6/15: 'dog' — collecting data...
[2026-05-25 10:53:58]     L3 (1/9)...
[2026-05-25 10:54:42]     L9 (3/9)...
[2026-05-25 10:55:27]     L14 (5/9)...
[2026-05-25 10:56:10]     L18 (7/9)...
[2026-05-25 10:56:53]     L24 (9/9)...
[2026-05-25 10:57:15]   'dog' done. GPU=9.02GB
[2026-05-25 10:57:15]   Word 7/15: 'cat' — collecting data...
[2026-05-25 10:57:15]     L3 (1/9)...
[2026-05-25 10:57:59]     L9 (3/9)...
[2026-05-25 10:58:42]     L14 (5/9)...
[2026-05-25 10:59:26]     L18 (7/9)...
[2026-05-25 11:00:09]     L24 (9/9)...
[2026-05-25 11:00:31]   'cat' done. GPU=9.02GB
[2026-05-25 11:00:31]   Word 8/15: 'lion' — collecting data...
[2026-05-25 11:00:31]     L3 (1/9)...
[2026-05-25 11:01:15]     L9 (3/9)...
[2026-05-25 11:01:58]     L14 (5/9)...
[2026-05-25 11:02:42]     L18 (7/9)...
[2026-05-25 11:03:24]     L24 (9/9)...
[2026-05-25 11:03:46]   'lion' done. GPU=9.02GB
[2026-05-25 11:03:46]   Word 9/15: 'tiger' — collecting data...
[2026-05-25 11:03:47]     L3 (1/9)...
[2026-05-25 11:04:30]     L9 (3/9)...
[2026-05-25 11:05:13]     L14 (5/9)...
[2026-05-25 11:05:57]     L18 (7/9)...
[2026-05-25 11:06:40]     L24 (9/9)...
[2026-05-25 11:07:02]   'tiger' done. GPU=9.02GB
[2026-05-25 11:07:02]   Word 10/15: 'wolf' — collecting data...
[2026-05-25 11:07:02]     L3 (1/9)...
[2026-05-25 11:07:45]     L9 (3/9)...
[2026-05-25 11:08:29]     L14 (5/9)...
[2026-05-25 11:09:12]     L18 (7/9)...
[2026-05-25 11:09:55]     L24 (9/9)...
[2026-05-25 11:10:17]   'wolf' done. GPU=9.02GB
[2026-05-25 11:10:17]   Word 11/15: 'car' — collecting data...
[2026-05-25 11:10:17]     L3 (1/9)...
[2026-05-25 11:11:01]     L9 (3/9)...
[2026-05-25 11:11:44]     L14 (5/9)...
[2026-05-25 11:12:27]     L18 (7/9)...
[2026-05-25 11:13:10]     L24 (9/9)...
[2026-05-25 11:13:32]   'car' done. GPU=9.02GB
[2026-05-25 11:13:32]   Word 12/15: 'bus' — collecting data...
[2026-05-25 11:13:32]     L3 (1/9)...
[2026-05-25 11:14:16]     L9 (3/9)...
[2026-05-25 11:14:59]     L14 (5/9)...
[2026-05-25 11:15:42]     L18 (7/9)...
[2026-05-25 11:16:26]     L24 (9/9)...
[2026-05-25 11:16:47]   'bus' done. GPU=9.02GB
[2026-05-25 11:16:47]   Word 13/15: 'train' — collecting data...
[2026-05-25 11:16:48]     L3 (1/9)...
[2026-05-25 11:17:31]     L9 (3/9)...
[2026-05-25 11:18:15]     L14 (5/9)...
[2026-05-25 11:18:57]     L18 (7/9)...
[2026-05-25 11:19:41]     L24 (9/9)...
[2026-05-25 11:20:03]   'train' done. GPU=9.02GB
[2026-05-25 11:20:03]   Word 14/15: 'plane' — collecting data...
[2026-05-25 11:20:04]     L3 (1/9)...
[2026-05-25 11:20:47]     L9 (3/9)...
[2026-05-25 11:21:30]     L14 (5/9)...
[2026-05-25 11:22:13]     L18 (7/9)...
[2026-05-25 11:22:57]     L24 (9/9)...
[2026-05-25 11:23:18]   'plane' done. GPU=9.02GB
[2026-05-25 11:23:18]   Word 15/15: 'bike' — collecting data...
[2026-05-25 11:23:19]     L3 (1/9)...
[2026-05-25 11:24:03]     L9 (3/9)...
[2026-05-25 11:24:46]     L14 (5/9)...
[2026-05-25 11:25:29]     L18 (7/9)...
[2026-05-25 11:26:12]     L24 (9/9)...
[2026-05-25 11:26:34]   'bike' done. GPU=9.02GB
[2026-05-25 11:26:34] Spectral data saved to results\phase276_jspectrum\deepseek7b_spectral.json
[2026-05-25 11:26:34] ============================================================
[2026-05-25 11:26:34] Analyzing Exp A: Jacobian Spectrum
[2026-05-25 11:26:34] ============================================================
[2026-05-25 11:26:34] Exp A summary saved to results\phase276_jspectrum\deepseek7b_exp_a_summary.json
[2026-05-25 11:26:34] === Exp A: Jacobian Spectrum (deepseek7b) ===
[2026-05-25 11:26:34]   Spectral feature sim: within=0.9999998628147065, between=0.9999998322239628, delta=3.059074371591919e-08
[2026-05-25 11:26:34]   SV cosine sim: within=0.9999971853362187, between=0.9999961190753512, delta=1.066260867488289e-06
[2026-05-25 11:26:34]   Per-layer averages:
[2026-05-25 11:26:34]     L3: eff_rank=1.0, entropy=0.306, top1_sv=158.89, unstable%=0.679, delta=-2.4551437016739897e-07
[2026-05-25 11:26:34]     L6: eff_rank=1.0, entropy=0.185, top1_sv=308.75, unstable%=0.637, delta=-2.2706531321858847e-08
[2026-05-25 11:26:34]     L9: eff_rank=1.0, entropy=0.215, top1_sv=230.32, unstable%=0.217, delta=5.690824418369544e-07
[2026-05-25 11:26:34]     L12: eff_rank=1.0, entropy=0.229, top1_sv=246.75, unstable%=0.894, delta=1.4191582020650628e-08
[2026-05-25 11:26:34]     L14: eff_rank=1.0, entropy=0.201, top1_sv=291.59, unstable%=0.879, delta=-9.93410742555767e-09
[2026-05-25 11:26:34]     L15: eff_rank=1.0, entropy=0.218, top1_sv=264.75, unstable%=0.894, delta=-3.831727168890353e-08
[2026-05-25 11:26:34]     L18: eff_rank=1.0, entropy=0.151, top1_sv=434.55, unstable%=0.958, delta=1.1353265660929424e-08
[2026-05-25 11:26:34]     L21: eff_rank=1.0, entropy=0.096, top1_sv=879.67, unstable%=1.000, delta=-1.986821485111534e-08
[2026-05-25 11:26:34]     L24: eff_rank=1.0, entropy=0.069, top1_sv=1482.38, unstable%=1.000, delta=1.7029898602416438e-08
[2026-05-25 11:26:34] ============================================================
[2026-05-25 11:26:34] Analyzing Exp B: Conditional Operator Distance
[2026-05-25 11:26:34] ============================================================
[2026-05-25 11:26:35] Exp B summary saved to results\phase276_jspectrum\deepseek7b_exp_b_summary.json
[2026-05-25 11:26:35] === Exp B: Operator Distance (deepseek7b) ===
[2026-05-25 11:26:35]   Frobenius: within=0.7304943553985112, between=0.8701997366216447, delta=-0.13970538122313358
[2026-05-25 11:26:35]   Subspace cosine: within=0.7030079454656631, between=0.5898825603502769, delta=0.11312538511538628
[2026-05-25 11:26:35]     L3: frob_delta=-0.03712526815278194, subspace_delta=0.03262654585497715, principal_delta=8.515803200857974
[2026-05-25 11:26:35]     L6: frob_delta=-0.18259128644352873, subspace_delta=0.16767186919848126, principal_delta=59.22882679530554
[2026-05-25 11:26:35]     L9: frob_delta=-0.1328655438763755, subspace_delta=0.18667740126450855, principal_delta=61.79502886817569
[2026-05-25 11:26:35]     L12: frob_delta=-0.15514963155701045, subspace_delta=0.13938143849372864, principal_delta=43.65070324852353
[2026-05-25 11:26:35]     L14: frob_delta=-0.11780957097098943, subspace_delta=0.08429476334935138, principal_delta=39.22496178036644
[2026-05-25 11:26:35]     L15: frob_delta=-0.13537152892067317, subspace_delta=0.0974136264551253, principal_delta=33.55818575904485
[2026-05-25 11:26:35]     L18: frob_delta=-0.18458462754885352, subspace_delta=0.1104926708198729, principal_delta=55.95200783865795
[2026-05-25 11:26:35]     L21: frob_delta=-0.1553382689044589, subspace_delta=0.0923092124007997, principal_delta=79.43221464611236
[2026-05-25 11:26:35]     L24: frob_delta=-0.15651270463353106, subspace_delta=0.10726093820163185, principal_delta=207.66663033621649
[2026-05-25 11:26:35] ============================================================
[2026-05-25 11:26:35] Running Exp C: Dynamical Clustering
[2026-05-25 11:26:35] ============================================================
[2026-05-25 11:26:35]   Clustering: word 1/15: 'apple'...
[2026-05-25 11:26:35]   Clustering: word 2/15: 'banana'...
[2026-05-25 11:26:36]   Clustering: word 3/15: 'orange'...
[2026-05-25 11:26:37]   Clustering: word 4/15: 'grape'...
[2026-05-25 11:26:37]   Clustering: word 5/15: 'mango'...
[2026-05-25 11:26:38]   Clustering: word 6/15: 'dog'...
[2026-05-25 11:26:39]   Clustering: word 7/15: 'cat'...
[2026-05-25 11:26:40]   Clustering: word 8/15: 'lion'...
[2026-05-25 11:26:40]   Clustering: word 9/15: 'tiger'...
[2026-05-25 11:26:41]   Clustering: word 10/15: 'wolf'...
[2026-05-25 11:26:42]   Clustering: word 11/15: 'car'...
[2026-05-25 11:26:43]   Clustering: word 12/15: 'bus'...
[2026-05-25 11:26:43]   Clustering: word 13/15: 'train'...
[2026-05-25 11:26:44]   Clustering: word 14/15: 'plane'...
[2026-05-25 11:26:44]   Clustering: word 15/15: 'bike'...
[2026-05-25 11:26:47]   Spectral clustering ARI: 0.1961
[2026-05-25 11:26:47]   Embedding clustering ARI: 1.0000
[2026-05-25 11:26:47] === Exp C: Dynamical Clustering (deepseek7b) ===
[2026-05-25 11:26:47]   Spectral ARI: 0.19607843137254902
[2026-05-25 11:26:47]   Embedding ARI: 1.0
[2026-05-25 11:26:47]     L3: ARI=-0.011799410029498525
[2026-05-25 11:26:47]     L6: ARI=-0.011799410029498525
[2026-05-25 11:26:47]     L9: ARI=0.23717948717948717
[2026-05-25 11:26:47]     L12: ARI=0.06299212598425197
[2026-05-25 11:26:47]     L14: ARI=-0.024922118380062305
[2026-05-25 11:26:47]     L15: ARI=0.0
[2026-05-25 11:26:47]     L18: ARI=-0.08620689655172414
[2026-05-25 11:26:47]     L21: ARI=0.2916666666666667
[2026-05-25 11:26:47]     L24: ARI=0.2977346278317152
[2026-05-25 11:26:47] ============================================================
[2026-05-25 11:26:47] Analyzing Exp D: Critical Layer Search
[2026-05-25 11:26:47] ============================================================
[2026-05-25 11:26:47] === Exp D: Critical Layers (deepseek7b) ===
[2026-05-25 11:26:47]   Transition magnitudes:
[2026-05-25 11:26:47]     L12_to_L14: 24192.4440 +/- 7207.9981
[2026-05-25 11:26:47]     L14_to_L15: 15003.3374 +/- 6565.4693
[2026-05-25 11:26:47]     L15_to_L18: 118914.9635 +/- 13665.7067
[2026-05-25 11:26:47]     L18_to_L21: 586771.6890 +/- 74383.0418
[2026-05-25 11:26:47]     L21_to_L24: 1434352.7395 +/- 342011.1432
[2026-05-25 11:26:47]     L3_to_L6: 70337.7645 +/- 20681.8413
[2026-05-25 11:26:47]     L6_to_L9: 41859.9759 +/- 21995.1594
[2026-05-25 11:26:47]     L9_to_L12: 11432.5168 +/- 7025.1406
[2026-05-25 11:26:47]   Transition profile sim: within=0.9959820507824223, between=0.983596346210918, delta=0.012385704571504341
[2026-05-25 11:26:47] ============================================================
[2026-05-25 11:26:47] FINAL SUMMARY
[2026-05-25 11:26:47] ============================================================
[2026-05-25 11:26:47] Spectral feature sim: within=0.9999998628147065, between=0.9999998322239628, delta=3.059074371591919e-08
[2026-05-25 11:26:47] SV cosine sim: within=0.9999971853362187, between=0.9999961190753512, delta=1.066260867488289e-06
[2026-05-25 11:26:47] Operator Frobenius dist: within=0.7304943553985112, between=0.8701997366216447, delta=-0.13970538122313358
[2026-05-25 11:26:47] Subspace cosine: within=0.7030079454656631, between=0.5898825603502769, delta=0.11312538511538628
[2026-05-25 11:26:47] Clustering ARI: spectral=0.19607843137254902, embedding=1.0
[2026-05-25 11:26:47] Transition profile: within=0.9959820507824223, between=0.983596346210918, delta=0.012385704571504341
[2026-05-25 11:26:48] Model released. Phase 276 complete.
