[2026-05-25 09:19:39] Phase 276: Jacobian Spectrum & Conditional Operator Analysis
[2026-05-25 09:19:39] Model: glm4
[2026-05-25 09:19:40] Loading glm4 (bfloat16 + device_map=auto)...
[2026-05-25 09:19:51] glm4 loaded: device=cuda:0, GPU=8.99GB
[2026-05-25 09:19:51] Model info: n_layers=40, d_model=4096, class=GlmForCausalLM
[2026-05-25 09:19:51] ============================================================
[2026-05-25 09:19:51] Collecting JV matrices and spectral data (single pass)...
[2026-05-25 09:19:51] ============================================================
[2026-05-25 09:19:51] Sampled layers: [4, 8, 12, 16, 20, 24, 28, 32, 36]
[2026-05-25 09:19:51] Generated 32 perturbation vectors, dim=4096
[2026-05-25 09:19:51]   Word 1/15: 'apple' — collecting data...
[2026-05-25 09:20:01]     L4 (1/9)...
[2026-05-25 09:21:10]     L12 (3/9)...
[2026-05-25 09:22:16]     L20 (5/9)...
[2026-05-25 09:23:23]     L28 (7/9)...
[2026-05-25 09:24:29]     L36 (9/9)...
[2026-05-25 09:25:03]   'apple' done. GPU=9.00GB
[2026-05-25 09:25:03]   Word 2/15: 'banana' — collecting data...
[2026-05-25 09:25:04]     L4 (1/9)...
[2026-05-25 09:26:11]     L12 (3/9)...
[2026-05-25 09:27:18]     L20 (5/9)...
[2026-05-25 09:28:24]     L28 (7/9)...
[2026-05-25 09:29:31]     L36 (9/9)...
[2026-05-25 09:30:05]   'banana' done. GPU=9.00GB
[2026-05-25 09:30:05]   Word 3/15: 'orange' — collecting data...
[2026-05-25 09:30:06]     L4 (1/9)...
[2026-05-25 09:31:12]     L12 (3/9)...
[2026-05-25 09:32:19]     L20 (5/9)...
[2026-05-25 09:33:26]     L28 (7/9)...
[2026-05-25 09:34:33]     L36 (9/9)...
[2026-05-25 09:35:06]   'orange' done. GPU=9.00GB
[2026-05-25 09:35:06]   Word 4/15: 'grape' — collecting data...
[2026-05-25 09:35:07]     L4 (1/9)...
[2026-05-25 09:36:14]     L12 (3/9)...
[2026-05-25 09:37:21]     L20 (5/9)...
[2026-05-25 09:38:30]     L28 (7/9)...
[2026-05-25 09:39:39]     L36 (9/9)...
[2026-05-25 09:40:14]   'grape' done. GPU=9.00GB
[2026-05-25 09:40:14]   Word 5/15: 'mango' — collecting data...
[2026-05-25 09:40:15]     L4 (1/9)...
[2026-05-25 09:41:23]     L12 (3/9)...
[2026-05-25 09:42:32]     L20 (5/9)...
[2026-05-25 09:43:40]     L28 (7/9)...
[2026-05-25 09:44:49]     L36 (9/9)...
[2026-05-25 09:45:23]   'mango' done. GPU=9.00GB
[2026-05-25 09:45:23]   Word 6/15: 'dog' — collecting data...
[2026-05-25 09:45:24]     L4 (1/9)...
[2026-05-25 09:46:32]     L12 (3/9)...
[2026-05-25 09:47:40]     L20 (5/9)...
[2026-05-25 09:48:49]     L28 (7/9)...
[2026-05-25 09:49:57]     L36 (9/9)...
[2026-05-25 09:50:31]   'dog' done. GPU=9.00GB
[2026-05-25 09:50:31]   Word 7/15: 'cat' — collecting data...
[2026-05-25 09:50:32]     L4 (1/9)...
[2026-05-25 09:51:41]     L12 (3/9)...
[2026-05-25 09:52:49]     L20 (5/9)...
[2026-05-25 09:53:58]     L28 (7/9)...
[2026-05-25 09:55:07]     L36 (9/9)...
[2026-05-25 09:55:41]   'cat' done. GPU=9.00GB
[2026-05-25 09:55:41]   Word 8/15: 'lion' — collecting data...
[2026-05-25 09:55:42]     L4 (1/9)...
[2026-05-25 09:56:51]     L12 (3/9)...
[2026-05-25 09:57:59]     L20 (5/9)...
[2026-05-25 09:59:07]     L28 (7/9)...
[2026-05-25 10:00:16]     L36 (9/9)...
[2026-05-25 10:00:50]   'lion' done. GPU=9.00GB
[2026-05-25 10:00:50]   Word 9/15: 'tiger' — collecting data...
[2026-05-25 10:00:51]     L4 (1/9)...
[2026-05-25 10:02:00]     L12 (3/9)...
[2026-05-25 10:03:09]     L20 (5/9)...
[2026-05-25 10:04:17]     L28 (7/9)...
[2026-05-25 10:05:25]     L36 (9/9)...
[2026-05-25 10:05:59]   'tiger' done. GPU=9.00GB
[2026-05-25 10:05:59]   Word 10/15: 'wolf' — collecting data...
[2026-05-25 10:06:00]     L4 (1/9)...
[2026-05-25 10:07:09]     L12 (3/9)...
[2026-05-25 10:08:18]     L20 (5/9)...
[2026-05-25 10:09:26]     L28 (7/9)...
[2026-05-25 10:10:34]     L36 (9/9)...
[2026-05-25 10:11:08]   'wolf' done. GPU=9.00GB
[2026-05-25 10:11:08]   Word 11/15: 'car' — collecting data...
[2026-05-25 10:11:09]     L4 (1/9)...
[2026-05-25 10:12:17]     L12 (3/9)...
[2026-05-25 10:13:25]     L20 (5/9)...
[2026-05-25 10:14:33]     L28 (7/9)...
[2026-05-25 10:15:41]     L36 (9/9)...
[2026-05-25 10:16:15]   'car' done. GPU=9.00GB
[2026-05-25 10:16:15]   Word 12/15: 'bus' — collecting data...
[2026-05-25 10:16:16]     L4 (1/9)...
[2026-05-25 10:17:25]     L12 (3/9)...
[2026-05-25 10:18:32]     L20 (5/9)...
[2026-05-25 10:19:40]     L28 (7/9)...
[2026-05-25 10:20:48]     L36 (9/9)...
[2026-05-25 10:21:22]   'bus' done. GPU=9.00GB
[2026-05-25 10:21:22]   Word 13/15: 'train' — collecting data...
[2026-05-25 10:21:23]     L4 (1/9)...
[2026-05-25 10:22:31]     L12 (3/9)...
[2026-05-25 10:23:39]     L20 (5/9)...
[2026-05-25 10:24:47]     L28 (7/9)...
[2026-05-25 10:25:55]     L36 (9/9)...
[2026-05-25 10:26:29]   'train' done. GPU=9.00GB
[2026-05-25 10:26:29]   Word 14/15: 'plane' — collecting data...
[2026-05-25 10:26:31]     L4 (1/9)...
[2026-05-25 10:27:39]     L12 (3/9)...
[2026-05-25 10:28:48]     L20 (5/9)...
[2026-05-25 10:29:57]     L28 (7/9)...
[2026-05-25 10:31:06]     L36 (9/9)...
[2026-05-25 10:31:41]   'plane' done. GPU=9.00GB
[2026-05-25 10:31:41]   Word 15/15: 'bike' — collecting data...
[2026-05-25 10:31:42]     L4 (1/9)...
[2026-05-25 10:32:51]     L12 (3/9)...
[2026-05-25 10:34:00]     L20 (5/9)...
[2026-05-25 10:35:08]     L28 (7/9)...
[2026-05-25 10:36:17]     L36 (9/9)...
[2026-05-25 10:36:52]   'bike' done. GPU=9.00GB
[2026-05-25 10:36:52] Spectral data saved to results\phase276_jspectrum\glm4_spectral.json
[2026-05-25 10:36:52] ============================================================
[2026-05-25 10:36:52] Analyzing Exp A: Jacobian Spectrum
[2026-05-25 10:36:52] ============================================================
[2026-05-25 10:36:52] Exp A summary saved to results\phase276_jspectrum\glm4_exp_a_summary.json
[2026-05-25 10:36:52] === Exp A: Jacobian Spectrum (glm4) ===
[2026-05-25 10:36:52]   Spectral feature sim: within=0.9988116148918394, between=0.9992092053095499, delta=-0.00039759041771048054
[2026-05-25 10:36:52]   SV cosine sim: within=0.9997992818317716, between=0.9998456173472934, delta=-4.6335515521800374e-05
[2026-05-25 10:36:52]   Per-layer averages:
[2026-05-25 10:36:52]     L4: eff_rank=32.0, entropy=0.977, top1_sv=4.47, unstable%=0.810, delta=-0.0002897353399367031
[2026-05-25 10:36:52]     L8: eff_rank=23.5, entropy=0.916, top1_sv=9.41, unstable%=0.471, delta=-0.003260288919721299
[2026-05-25 10:36:52]     L12: eff_rank=7.1, entropy=0.900, top1_sv=10.56, unstable%=0.408, delta=-3.225888524738263e-05
[2026-05-25 10:36:52]     L16: eff_rank=1.0, entropy=0.838, top1_sv=16.09, unstable%=0.523, delta=3.721032823866821e-06
[2026-05-25 10:36:52]     L20: eff_rank=1.0, entropy=0.798, top1_sv=20.10, unstable%=0.600, delta=-8.514949256799298e-08
[2026-05-25 10:36:52]     L24: eff_rank=1.0, entropy=0.537, top1_sv=62.66, unstable%=0.958, delta=-1.0785602388985183e-07
[2026-05-25 10:36:52]     L28: eff_rank=1.0, entropy=0.417, top1_sv=96.92, unstable%=0.865, delta=2.838316470743507e-09
[2026-05-25 10:36:52]     L32: eff_rank=1.0, entropy=0.402, top1_sv=101.50, unstable%=0.808, delta=3.689811343132732e-07
[2026-05-25 10:36:52]     L36: eff_rank=1.0, entropy=0.222, top1_sv=251.69, unstable%=0.958, delta=6.95387522009483e-08
[2026-05-25 10:36:52] ============================================================
[2026-05-25 10:36:52] Analyzing Exp B: Conditional Operator Distance
[2026-05-25 10:36:52] ============================================================
[2026-05-25 10:36:53] Exp B summary saved to results\phase276_jspectrum\glm4_exp_b_summary.json
[2026-05-25 10:36:53] === Exp B: Operator Distance (glm4) ===
[2026-05-25 10:36:53]   Frobenius: within=0.5696957754710364, between=0.8306735770569907, delta=-0.2609778015859543
[2026-05-25 10:36:53]   Subspace cosine: within=0.8161832439521004, between=0.6421049778108244, delta=0.17407826614127597
[2026-05-25 10:36:53]     L4: frob_delta=-0.13180156335944226, subspace_delta=0.04949238044875004, principal_delta=0.9051893608910695
[2026-05-25 10:36:53]     L8: frob_delta=-0.33211512508846464, subspace_delta=0.21940692620618008, principal_delta=3.031271207900275
[2026-05-25 10:36:53]     L12: frob_delta=-0.28904109483673457, subspace_delta=0.1939305336702437, principal_delta=2.4913122426895873
[2026-05-25 10:36:53]     L16: frob_delta=-0.22423164475531798, subspace_delta=0.13600632406416402, principal_delta=2.5139436040605823
[2026-05-25 10:36:53]     L20: frob_delta=-0.3165971423898425, subspace_delta=0.20781604732785908, principal_delta=4.9585987726847325
[2026-05-25 10:36:53]     L24: frob_delta=-0.29348636383102056, subspace_delta=0.20417802816345576, principal_delta=12.862546829950247
[2026-05-25 10:36:53]     L28: frob_delta=-0.2338243226210277, subspace_delta=0.19243071334702633, principal_delta=18.96615328107562
[2026-05-25 10:36:53]     L32: frob_delta=-0.32650530338287354, subspace_delta=0.2635650755394073, principal_delta=24.21248644874209
[2026-05-25 10:36:53]     L36: frob_delta=-0.20119765400886536, subspace_delta=0.09987836650439674, principal_delta=16.437408810570105
[2026-05-25 10:36:53] ============================================================
[2026-05-25 10:36:53] Running Exp C: Dynamical Clustering
[2026-05-25 10:36:53] ============================================================
[2026-05-25 10:36:53]   Clustering: word 1/15: 'apple'...
[2026-05-25 10:36:54]   Clustering: word 2/15: 'banana'...
[2026-05-25 10:36:55]   Clustering: word 3/15: 'orange'...
[2026-05-25 10:36:56]   Clustering: word 4/15: 'grape'...
[2026-05-25 10:36:57]   Clustering: word 5/15: 'mango'...
[2026-05-25 10:36:58]   Clustering: word 6/15: 'dog'...
[2026-05-25 10:36:59]   Clustering: word 7/15: 'cat'...
[2026-05-25 10:37:00]   Clustering: word 8/15: 'lion'...
[2026-05-25 10:37:02]   Clustering: word 9/15: 'tiger'...
[2026-05-25 10:37:03]   Clustering: word 10/15: 'wolf'...
[2026-05-25 10:37:04]   Clustering: word 11/15: 'car'...
[2026-05-25 10:37:05]   Clustering: word 12/15: 'bus'...
[2026-05-25 10:37:06]   Clustering: word 13/15: 'train'...
[2026-05-25 10:37:07]   Clustering: word 14/15: 'plane'...
[2026-05-25 10:37:08]   Clustering: word 15/15: 'bike'...
[2026-05-25 10:37:11]   Spectral clustering ARI: 0.2936
[2026-05-25 10:37:11]   Embedding clustering ARI: 0.4790
[2026-05-25 10:37:11] === Exp C: Dynamical Clustering (glm4) ===
[2026-05-25 10:37:11]   Spectral ARI: 0.29357798165137616
[2026-05-25 10:37:11]   Embedding ARI: 0.47896440129449835
[2026-05-25 10:37:11]     L4: ARI=-0.004866180048661801
[2026-05-25 10:37:11]     L8: ARI=-0.03205128205128205
[2026-05-25 10:37:11]     L12: ARI=0.1059190031152648
[2026-05-25 10:37:11]     L16: ARI=0.025889967637540454
[2026-05-25 10:37:11]     L20: ARI=-0.011799410029498525
[2026-05-25 10:37:11]     L24: ARI=0.2367601246105919
[2026-05-25 10:37:11]     L28: ARI=0.018691588785046728
[2026-05-25 10:37:11]     L32: ARI=0.15339233038348082
[2026-05-25 10:37:11]     L36: ARI=0.3333333333333333
[2026-05-25 10:37:11] ============================================================
[2026-05-25 10:37:11] Analyzing Exp D: Critical Layer Search
[2026-05-25 10:37:11] ============================================================
[2026-05-25 10:37:11] === Exp D: Critical Layers (glm4) ===
[2026-05-25 10:37:11]   Transition magnitudes:
[2026-05-25 10:37:11]     L12_to_L16: 149.2771 +/- 22.9628
[2026-05-25 10:37:11]     L16_to_L20: 146.3578 +/- 39.5863
[2026-05-25 10:37:11]     L20_to_L24: 3531.0747 +/- 239.6236
[2026-05-25 10:37:11]     L24_to_L28: 5521.2659 +/- 1430.8908
[2026-05-25 10:37:11]     L28_to_L32: 1356.6526 +/- 1564.6988
[2026-05-25 10:37:11]     L32_to_L36: 53361.0935 +/- 9838.4183
[2026-05-25 10:37:11]     L4_to_L8: 65.9669 +/- 10.9997
[2026-05-25 10:37:11]     L8_to_L12: 28.6069 +/- 11.4047
[2026-05-25 10:37:11]   Transition profile sim: within=0.998113646592161, between=0.9953362290172146, delta=0.002777417574946317
[2026-05-25 10:37:11] ============================================================
[2026-05-25 10:37:11] FINAL SUMMARY
[2026-05-25 10:37:11] ============================================================
[2026-05-25 10:37:11] Spectral feature sim: within=0.9988116148918394, between=0.9992092053095499, delta=-0.00039759041771048054
[2026-05-25 10:37:11] SV cosine sim: within=0.9997992818317716, between=0.9998456173472934, delta=-4.6335515521800374e-05
[2026-05-25 10:37:11] Operator Frobenius dist: within=0.5696957754710364, between=0.8306735770569907, delta=-0.2609778015859543
[2026-05-25 10:37:11] Subspace cosine: within=0.8161832439521004, between=0.6421049778108244, delta=0.17407826614127597
[2026-05-25 10:37:11] Clustering ARI: spectral=0.29357798165137616, embedding=0.47896440129449835
[2026-05-25 10:37:11] Transition profile: within=0.998113646592161, between=0.9953362290172146, delta=0.002777417574946317
[2026-05-25 10:37:13] Model released. Phase 276 complete.
