[11:19:47] deepseek7b/smoke: pairs=1 candidates=2 sources=['target_record_line', 'target_value_tokens', 'records_all'] audits=1
[11:19:48] [load] deepseek7b: bf16 device_map=auto attn=eager quantization=off
`torch_dtype` is deprecated! Use `dtype` instead!
Loading weights:   0%|          | 0/339 [00:00<?, ?it/s]Loading weights:   5%|▌         | 17/339 [00:00<00:01, 168.70it/s]Loading weights:  15%|█▌        | 52/339 [00:00<00:01, 258.49it/s]Loading weights:  23%|██▎       | 78/339 [00:00<00:01, 254.68it/s]Loading weights:  31%|███       | 104/339 [00:00<00:00, 249.07it/s]Loading weights:  41%|████▏     | 140/339 [00:00<00:00, 287.09it/s]Loading weights:  51%|█████     | 173/339 [00:00<00:00, 293.93it/s]Loading weights:  60%|█████▉    | 203/339 [00:00<00:00, 286.08it/s]Loading weights:  68%|██████▊   | 232/339 [00:00<00:00, 282.40it/s]Loading weights:  77%|███████▋  | 261/339 [00:00<00:00, 259.75it/s]Loading weights:  86%|████████▋ | 293/339 [00:01<00:00, 270.93it/s]Loading weights:  95%|█████████▍| 321/339 [00:01<00:00, 272.68it/s]Loading weights: 100%|██████████| 339/339 [00:01<00:00, 275.00it/s]
[11:19:50] [load] deepseek7b: loaded eager, device=cuda:0, gpu=15.23GB
[11:19:52] deepseek7b: stability path chain 1/1 pairs; rows=12
[model_utils] GPU memory released, allocated=15.24 GB
{
  "model": "deepseek7b",
  "round": "smoke",
  "top": [
    {
      "context_name": "natural_recipient",
      "site": "L22:attn_out",
      "head": 1,
      "subunit_id": "L22:attn_out:H1",
      "source_group": "target_record_line",
      "n": 1,
      "objects": [
        "apple"
      ],
      "relations": [
        "category"
      ],
      "answers": [
        "tool"
      ],
      "mean_attention_mass_to_source": 0.33300209045410156,
      "mean_source_target_logit_contribution": 1.0361278057098389,
      "mean_source_total_route_suppression_contribution": 0.5077581778168678,
      "mean_target_logit_drop_after_source_removal": 0.75,
      "mean_total_positive_route_release_after_source_removal": 0.0,
      "mean_route_release_coverage": 0.0,
      "mean_margin_drop_target_vs_routes": 0.6458333333333334,
      "top1_loss_rate": 0.0,
      "support_rate_drop_gt_0_20": 1.0,
      "route_guard_rate_release_gt_0_20": 0.0,
      "mean_final_hidden_delta_norm_after_removal": 8.519163131713867,
      "stability_guess": "weak_or_unstable",
      "relation_breakdown": {
        "category": {
          "n": 1,
          "mean_target_drop": 0.75,
          "mean_route_release": 0.0,
          "top1_loss_rate": 0.0,
          "support_rate": 1.0,
          "route_guard_rate": 0.0
        }
      },
      "answer_breakdown_top": {
        "tool": {
          "n": 1,
          "mean_target_drop": 0.75,
          "mean_route_release": 0.0,
          "top1_loss_rate": 0.0,
          "support_rate": 1.0,
          "route_guard_rate": 0.0
        }
      },
      "object_group_breakdown": {
        "apple": {
          "n": 1,
          "mean_target_drop": 0.75,
          "mean_route_release": 0.0,
          "top1_loss_rate": 0.0,
          "support_rate": 1.0,
          "route_guard_rate": 0.0
        }
      }
    },
    {
      "context_name": "natural_recipient",
      "site": "L22:attn_out",
      "head": 24,
      "subunit_id": "L22:attn_out:H24",
      "source_group": "records_all",
      "n": 1,
      "objects": [
        "apple"
      ],
      "relations": [
        "category"
      ],
      "answers": [
        "tool"
      ],
      "mean_attention_mass_to_source": 0.7398757934570312,
      "mean_source_target_logit_contribution": -0.017287209630012512,
      "mean_source_total_route_suppression_contribution": 0.14714673161506653,
      "mean_target_logit_drop_after_source_removal": 0.625,
      "mean_total_positive_route_release_after_source_removal": 0.375,
      "mean_route_release_coverage": 3.0,
      "mean_margin_drop_target_vs_routes": 0.75,
      "top1_loss_rate": 0.0,
      "support_rate_drop_gt_0_20": 1.0,
      "route_guard_rate_release_gt_0_20": 1.0,
      "mean_final_hidden_delta_norm_after_removal": 11.167146682739258,
      "stability_guess": "route_guard_without_stable_target_support",
      "relation_breakdown": {
        "category": {
          "n": 1,
          "mean_target_drop": 0.625,
          "mean_route_release": 0.375,
          "top1_loss_rate": 0.0,
          "support_rate": 1.0,
          "route_guard_rate": 1.0
        }
      },
      "answer_breakdown_top": {
        "tool": {
          "n": 1,
          "mean_target_drop": 0.625,
          "mean_route_release": 0.375,
          "top1_loss_rate": 0.0,
          "support_rate": 1.0,
          "route_guard_rate": 1.0
        }
      },
      "object_group_breakdown": {
        "apple": {
          "n": 1,
          "mean_target_drop": 0.625,
          "mean_route_release": 0.375,
          "top1_loss_rate": 0.0,
          "support_rate": 1.0,
          "route_guard_rate": 1.0
        }
      }
    },
    {
      "context_name": "natural_recipient",
      "site": "L22:attn_out",
      "head": 1,
      "subunit_id": "L22:attn_out:H1",
      "source_group": "target_value_tokens",
      "n": 1,
      "objects": [
        "apple"
      ],
      "relations": [
        "category"
      ],
      "answers": [
        "tool"
      ],
      "mean_attention_mass_to_source": 0.31640625,
      "mean_source_target_logit_contribution": 1.0445040464401245,
      "mean_source_total_route_suppression_contribution": 0.5156006366014481,
      "mean_target_logit_drop_after_source_removal": 0.5,
      "mean_total_positive_route_release_after_source_removal": 0.625,
      "mean_route_release_coverage": 3.0,
      "mean_margin_drop_target_vs_routes": 0.7083333333333334,
      "top1_loss_rate": 0.0,
      "support_rate_drop_gt_0_20": 1.0,
      "route_guard_rate_release_gt_0_20": 1.0,
      "mean_final_hidden_delta_norm_after_removal": 9.154911041259766,
      "stability_guess": "route_guard_without_stable_target_support",
      "relation_breakdown": {
        "category": {
          "n": 1,
          "mean_target_drop": 0.5,
          "mean_route_release": 0.625,
          "top1_loss_rate": 0.0,
          "support_rate": 1.0,
          "route_guard_rate": 1.0
        }
      },
      "answer_breakdown_top": {
        "tool": {
          "n": 1,
          "mean_target_drop": 0.5,
          "mean_route_release": 0.625,
          "top1_loss_rate": 0.0,
          "support_rate": 1.0,
          "route_guard_rate": 1.0
        }
      },
      "object_group_breakdown": {
        "apple": {
          "n": 1,
          "mean_target_drop": 0.5,
          "mean_route_release": 0.625,
          "top1_loss_rate": 0.0,
          "support_rate": 1.0,
          "route_guard_rate": 1.0
        }
      }
    },
    {
      "context_name": "natural_recipient",
      "site": "L22:attn_out",
      "head": 1,
      "subunit_id": "L22:attn_out:H1",
      "source_group": "records_all",
      "n": 1,
      "objects": [
        "apple"
      ],
      "relations": [
        "category"
      ],
      "answers": [
        "tool"
      ],
      "mean_attention_mass_to_source": 0.5581527948379517,
      "mean_source_target_logit_contribution": 0.9264198541641235,
      "mean_source_total_route_suppression_contribution": 0.576715275645256,
      "mean_target_logit_drop_after_source_removal": 0.5,
      "mean_total_positive_route_release_after_source_removal": 0.5,
      "mean_route_release_coverage": 3.0,
      "mean_margin_drop_target_vs_routes": 0.6666666666666666,
      "top1_loss_rate": 0.0,
      "support_rate_drop_gt_0_20": 1.0,
      "route_guard_rate_release_gt_0_20": 1.0,
      "mean_final_hidden_delta_norm_after_removal": 10.29425048828125,
      "stability_guess": "route_guard_without_stable_target_support",
      "relation_breakdown": {
        "category": {
          "n": 1,
          "mean_target_drop": 0.5,
          "mean_route_release": 0.5,
          "top1_loss_rate": 0.0,
          "support_rate": 1.0,
          "route_guard_rate": 1.0
        }
      },
      "answer_breakdown_top": {
        "tool": {
          "n": 1,
          "mean_target_drop": 0.5,
          "mean_route_release": 0.5,
          "top1_loss_rate": 0.0,
          "support_rate": 1.0,
          "route_guard_rate": 1.0
        }
      },
      "object_group_breakdown": {
        "apple": {
          "n": 1,
          "mean_target_drop": 0.5,
          "mean_route_release": 0.5,
          "top1_loss_rate": 0.0,
          "support_rate": 1.0,
          "route_guard_rate": 1.0
        }
      }
    },
    {
      "context_name": "natural_recipient",
      "site": "L22:attn_out",
      "head": 24,
      "subunit_id": "L22:attn_out:H24",
      "source_group": "target_record_line",
      "n": 1,
      "objects": [
        "apple"
      ],
      "relations": [
        "category"
      ],
      "answers": [
        "tool"
      ],
      "mean_attention_mass_to_source": 0.4437255859375,
      "mean_source_target_logit_contribution": -0.1458105593919754,
      "mean_source_total_route_suppression_contribution": 0.3756248503923416,
      "mean_target_logit_drop_after_source_removal": 0.375,
      "mean_total_positive_route_release_after_source_removal": 0.9375,
      "mean_route_release_coverage": 3.0,
      "mean_margin_drop_target_vs_routes": 0.6875,
      "top1_loss_rate": 0.0,
      "support_rate_drop_gt_0_20": 1.0,
      "route_guard_rate_release_gt_0_20": 1.0,
      "mean_final_hidden_delta_norm_after_removal": 9.853715896606445,
      "stability_guess": "route_guard_without_stable_target_support",
      "relation_breakdown": {
        "category": {
          "n": 1,
          "mean_target_drop": 0.375,
          "mean_route_release": 0.9375,
          "top1_loss_rate": 0.0,
          "support_rate": 1.0,
          "route_guard_rate": 1.0
        }
      },
      "answer_breakdown_top": {
        "tool": {
          "n": 1,
          "mean_target_drop": 0.375,
          "mean_route_release": 0.9375,
          "top1_loss_rate": 0.0,
          "support_rate": 1.0,
          "route_guard_rate": 1.0
        }
      },
      "object_group_breakdown": {
        "apple": {
          "n": 1,
          "mean_target_drop": 0.375,
          "mean_route_release": 0.9375,
          "top1_loss_rate": 0.0,
          "support_rate": 1.0,
          "route_guard_rate": 1.0
        }
      }
    },
    {
      "context_name": "natural_donor",
      "site": "L22:attn_out",
      "head": 24,
      "subunit_id": "L22:attn_out:H24",
      "source_group": "target_value_tokens",
      "n": 1,
      "objects": [
        "apple"
      ],
      "relations": [
        "category"
      ],
      "answers": [
        "fruit"
      ],
      "mean_attention_mass_to_source": 0.296875,
      "mean_source_target_logit_contribution": 0.06136699020862579,
      "mean_source_total_route_suppression_contribution": 0.08760782703757286,
      "mean_target_logit_drop_after_source_removal": 0.375,
      "mean_total_positive_route_release_after_source_removal": 0.0,
      "mean_route_release_coverage": 0.0,
      "mean_margin_drop_target_vs_routes": 0.203125,
      "top1_loss_rate": 0.0,
      "support_rate_drop_gt_0_20": 1.0,
      "route_guard_rate_release_gt_0_20": 0.0,
      "mean_final_hidden_delta_norm_after_removal": 5.355949401855469,
      "stability_guess": "weak_or_unstable",
      "relation_breakdown": {
        "category": {
          "n": 1,
          "mean_target_drop": 0.375,
          "mean_route_release": 0.0,
          "top1_loss_rate": 0.0,
          "support_rate": 1.0,
          "route_guard_rate": 0.0
        }
      },
      "answer_breakdown_top": {
        "fruit": {
          "n": 1,
          "mean_target_drop": 0.375,
          "mean_route_release": 0.0,
          "top1_loss_rate": 0.0,
          "support_rate": 1.0,
          "route_guard_rate": 0.0
        }
      },
      "object_group_breakdown": {
        "apple": {
          "n": 1,
          "mean_target_drop": 0.375,
          "mean_route_release": 0.0,
          "top1_loss_rate": 0.0,
          "support_rate": 1.0,
          "route_guard_rate": 0.0
        }
      }
    },
    {
      "context_name": "natural_donor",
      "site": "L22:attn_out",
      "head": 1,
      "subunit_id": "L22:attn_out:H1",
      "source_group": "records_all",
      "n": 1,
      "objects": [
        "apple"
      ],
      "relations": [
        "category"
      ],
      "answers": [
        "fruit"
      ],
      "mean_attention_mass_to_source": 0.41946133971214294,
      "mean_source_target_logit_contribution": 0.17221710085868835,
      "mean_source_total_route_suppression_contribution": 0.0723370909690857,
      "mean_target_logit_drop_after_source_removal": 0.25,
      "mean_total_positive_route_release_after_source_removal": 0.125,
      "mean_route_release_coverage": 1.0,
      "mean_margin_drop_target_vs_routes": 0.265625,
      "top1_loss_rate": 0.0,
      "support_rate_drop_gt_0_20": 1.0,
      "route_guard_rate_release_gt_0_20": 0.0,
      "mean_final_hidden_delta_norm_after_removal": 5.882185459136963,
      "stability_guess": "weak_or_unstable",
      "relation_breakdown": {
        "category": {
          "n": 1,
          "mean_target_drop": 0.25,
          "mean_route_release": 0.125,
          "top1_loss_rate": 0.0,
          "support_rate": 1.0,
          "route_guard_rate": 0.0
        }
      },
      "answer_breakdown_top": {
        "fruit": {
          "n": 1,
          "mean_target_drop": 0.25,
          "mean_route_release": 0.125,
          "top1_loss_rate": 0.0,
          "support_rate": 1.0,
          "route_guard_rate": 0.0
        }
      },
      "object_group_breakdown": {
        "apple": {
          "n": 1,
          "mean_target_drop": 0.25,
          "mean_route_release": 0.125,
          "top1_loss_rate": 0.0,
          "support_rate": 1.0,
          "route_guard_rate": 0.0
        }
      }
    },
    {
      "context_name": "natural_donor",
      "site": "L22:attn_out",
      "head": 24,
      "subunit_id": "L22:attn_out:H24",
      "source_group": "target_record_line",
      "n": 1,
      "objects": [
        "apple"
      ],
      "relations": [
        "category"
      ],
      "answers": [
        "fruit"
      ],
      "mean_attention_mass_to_source": 0.404205322265625,
      "mean_source_target_logit_contribution": 0.08857478946447372,
      "mean_source_total_route_suppression_contribution": 0.12835585325956345,
      "mean_target_logit_drop_after_source_removal": 0.25,
      "mean_total_positive_route_release_after_source_removal": 0.0,
      "mean_route_release_coverage": 0.0,
      "mean_margin_drop_target_vs_routes": 0.234375,
      "top1_loss_rate": 0.0,
      "support_rate_drop_gt_0_20": 1.0,
      "route_guard_rate_release_gt_0_20": 0.0,
      "mean_final_hidden_delta_norm_after_removal": 6.350245475769043,
      "stability_guess": "weak_or_unstable",
      "relation_breakdown": {
        "category": {
          "n": 1,
          "mean_target_drop": 0.25,
          "mean_route_release": 0.0,
          "top1_loss_rate": 0.0,
          "support_rate": 1.0,
          "route_guard_rate": 0.0
        }
      },
      "answer_breakdown_top": {
        "fruit": {
          "n": 1,
          "mean_target_drop": 0.25,
          "mean_route_release": 0.0,
          "top1_loss_rate": 0.0,
          "support_rate": 1.0,
          "route_guard_rate": 0.0
        }
      },
      "object_group_breakdown": {
        "apple": {
          "n": 1,
          "mean_target_drop": 0.25,
          "mean_route_release": 0.0,
          "top1_loss_rate": 0.0,
          "support_rate": 1.0,
          "route_guard_rate": 0.0
        }
      }
    },
    {
      "context_name": "natural_donor",
      "site": "L22:attn_out",
      "head": 24,
      "subunit_id": "L22:attn_out:H24",
      "source_group": "records_all",
      "n": 1,
      "objects": [
        "apple"
      ],
      "relations": [
        "category"
      ],
      "answers": [
        "fruit"
      ],
      "mean_attention_mass_to_source": 0.5516538619995117,
      "mean_source_target_logit_contribution": 0.1335645467042923,
      "mean_source_total_route_suppression_contribution": 0.1240651085972786,
      "mean_target_logit_drop_after_source_removal": 0.25,
      "mean_total_positive_route_release_after_source_removal": 0.0,
      "mean_route_release_coverage": 0.0,
      "mean_margin_drop_target_vs_routes": 0.234375,
      "top1_loss_rate": 0.0,
      "support_rate_drop_gt_0_20": 1.0,
      "route_guard_rate_release_gt_0_20": 0.0,
      "mean_final_hidden_delta_norm_after_removal": 5.799040794372559,
      "stability_guess": "weak_or_unstable",
      "relation_breakdown": {
        "category": {
          "n": 1,
          "mean_target_drop": 0.25,
          "mean_route_release": 0.0,
          "top1_loss_rate": 0.0,
          "support_rate": 1.0,
          "route_guard_rate": 0.0
        }
      },
      "answer_breakdown_top": {
        "fruit": {
          "n": 1,
          "mean_target_drop": 0.25,
          "mean_route_release": 0.0,
          "top1_loss_rate": 0.0,
          "support_rate": 1.0,
          "route_guard_rate": 0.0
        }
      },
      "object_group_breakdown": {
        "apple": {
          "n": 1,
          "mean_target_drop": 0.25,
          "mean_route_release": 0.0,
          "top1_loss_rate": 0.0,
          "support_rate": 1.0,
          "route_guard_rate": 0.0
        }
      }
    },
    {
      "context_name": "natural_donor",
      "site": "L22:attn_out",
      "head": 1,
      "subunit_id": "L22:attn_out:H1",
      "source_group": "target_record_line",
      "n": 1,
      "objects": [
        "apple"
      ],
      "relations": [
        "category"
      ],
      "answers": [
        "fruit"
      ],
      "mean_attention_mass_to_source": 0.09492111206054688,
      "mean_source_target_logit_contribution": 0.4524165987968445,
      "mean_source_total_route_suppression_contribution": 0.05386760085821152,
      "mean_target_logit_drop_after_source_removal": 0.125,
      "mean_total_positive_route_release_after_source_removal": 0.1875,
      "mean_route_release_coverage": 2.0,
      "mean_margin_drop_target_vs_routes": 0.171875,
      "top1_loss_rate": 0.0,
      "support_rate_drop_gt_0_20": 0.0,
      "route_guard_rate_release_gt_0_20": 0.0,
      "mean_final_hidden_delta_norm_after_removal": 3.35429310798645,
      "stability_guess": "weak_or_unstable",
      "relation_breakdown": {
        "category": {
          "n": 1,
          "mean_target_drop": 0.125,
          "mean_route_release": 0.1875,
          "top1_loss_rate": 0.0,
          "support_rate": 0.0,
          "route_guard_rate": 0.0
        }
      },
      "answer_breakdown_top": {
        "fruit": {
          "n": 1,
          "mean_target_drop": 0.125,
          "mean_route_release": 0.1875,
          "top1_loss_rate": 0.0,
          "support_rate": 0.0,
          "route_guard_rate": 0.0
        }
      },
      "object_group_breakdown": {
        "apple": {
          "n": 1,
          "mean_target_drop": 0.125,
          "mean_route_release": 0.1875,
          "top1_loss_rate": 0.0,
          "support_rate": 0.0,
          "route_guard_rate": 0.0
        }
      }
    }
  ]
}
