[08:35:17] glm4/confirm: pairs=10 target=hidden_40 audits=2 combo_candidates=3
[08:35:18] [load] glm4: bf16 device_map=auto attn=eager quantization=off
`torch_dtype` is deprecated! Use `dtype` instead!
Loading weights:   0%|          | 0/443 [00:00<?, ?it/s]Loading weights:   1%|          | 5/443 [00:00<00:10, 40.81it/s]Loading weights:   9%|▊         | 38/443 [00:00<00:02, 192.05it/s]Loading weights:  16%|█▌        | 71/443 [00:00<00:01, 235.61it/s]Loading weights:  23%|██▎       | 104/443 [00:00<00:01, 252.96it/s]Loading weights:  31%|███       | 137/443 [00:00<00:01, 270.11it/s]Loading weights:  38%|███▊      | 170/443 [00:00<00:00, 282.80it/s]Loading weights:  46%|████▌     | 203/443 [00:00<00:00, 293.21it/s]Loading weights:  53%|█████▎    | 233/443 [00:00<00:00, 294.08it/s]Loading weights:  59%|█████▉    | 263/443 [00:00<00:00, 282.18it/s]Loading weights:  68%|██████▊   | 302/443 [00:01<00:00, 307.19it/s]Loading weights:  76%|███████▌  | 335/443 [00:01<00:00, 311.10it/s]Loading weights:  83%|████████▎ | 368/443 [00:01<00:00, 310.57it/s]Loading weights:  90%|█████████ | 400/443 [00:01<00:00, 303.12it/s]Loading weights:  99%|█████████▉| 438/443 [00:01<00:00, 324.36it/s]Loading weights: 100%|██████████| 443/443 [00:01<00:00, 289.34it/s]
[08:35:20] [load] glm4: loaded eager, device=cuda:0, gpu=18.80GB
[08:35:20] glm4: scan_candidates=9 ['L34:attn_out', 'L34:mlp_out', 'L35:attn_out', 'L35:mlp_out', 'L36:attn_out', 'L36:mlp_out', 'L37:attn_out', 'L38:attn_out', 'L39:attn_out']
[08:35:21] glm4: suppression source scan 2/10 pairs; rows=0 skipped_top1=4
[08:35:23] glm4: suppression source scan 4/10 pairs; rows=18 skipped_top1=6
[08:35:25] glm4: suppression source scan 6/10 pairs; rows=36 skipped_top1=8
[08:35:28] glm4: suppression source scan 8/10 pairs; rows=54 skipped_top1=10
[08:35:31] glm4: suppression source scan 10/10 pairs; rows=90 skipped_top1=10
[model_utils] GPU memory released, allocated=18.81 GB
{
  "model": "glm4",
  "round": "confirm",
  "skipped_top1": 10,
  "top_candidate_summary": [
    {
      "candidate_component_id": "L34:attn_out",
      "candidate_layer": 34,
      "candidate_component": "attn_out",
      "candidate_already_in_threshold_combo": false,
      "n": 10,
      "mean_base_margin_donor_vs_competitor": -1.4125,
      "mean_delta_margin_donor_vs_competitor": 2.30625,
      "mean_delta_donor_logit": 2.13125,
      "mean_delta_competitor_logit": -0.175,
      "mean_delta_recipient_logit": -0.0125,
      "new_donor_top1_rate": 0.8,
      "mean_new_donor_rank": 1.2,
      "top_changed_rate": 0.8,
      "base_competitor_class_counts": {
        "other_vocab": 4,
        "echo_object_or_relation": 6
      },
      "new_top_class_counts": {
        "donor_answer": 8,
        "echo_object_or_relation": 2
      },
      "role_guess_counts": {
        "boost_closure_candidate": 5,
        "boost_and_suppress_margin_candidate": 2,
        "boost_and_suppress_closure_candidate": 3
      },
      "dominant_role_guess": "boost_closure_candidate"
    },
    {
      "candidate_component_id": "L35:attn_out",
      "candidate_layer": 35,
      "candidate_component": "attn_out",
      "candidate_already_in_threshold_combo": false,
      "n": 10,
      "mean_base_margin_donor_vs_competitor": -1.4125,
      "mean_delta_margin_donor_vs_competitor": 0.79375,
      "mean_delta_donor_logit": 0.58125,
      "mean_delta_competitor_logit": -0.2125,
      "mean_delta_recipient_logit": 0.034375,
      "new_donor_top1_rate": 0.4,
      "mean_new_donor_rank": 3.3,
      "top_changed_rate": 0.7,
      "base_competitor_class_counts": {
        "other_vocab": 4,
        "echo_object_or_relation": 6
      },
      "new_top_class_counts": {
        "donor_answer": 5,
        "echo_object_or_relation": 4,
        "recipient_answer": 1
      },
      "role_guess_counts": {
        "boost_closure_candidate": 3,
        "boost_and_suppress_closure_candidate": 1,
        "boost_and_suppress_margin_candidate": 2,
        "weak_suppression_candidate": 3,
        "small_or_no_effect": 1
      },
      "dominant_role_guess": "boost_closure_candidate"
    },
    {
      "candidate_component_id": "L35:mlp_out",
      "candidate_layer": 35,
      "candidate_component": "mlp_out",
      "candidate_already_in_threshold_combo": false,
      "n": 10,
      "mean_base_margin_donor_vs_competitor": -1.4125,
      "mean_delta_margin_donor_vs_competitor": 0.23125,
      "mean_delta_donor_logit": 0.1875,
      "mean_delta_competitor_logit": -0.04375,
      "mean_delta_recipient_logit": -0.025,
      "new_donor_top1_rate": 0.4,
      "mean_new_donor_rank": 5.0,
      "top_changed_rate": 0.7,
      "base_competitor_class_counts": {
        "other_vocab": 4,
        "echo_object_or_relation": 6
      },
      "new_top_class_counts": {
        "donor_answer": 4,
        "echo_object_or_relation": 4,
        "recipient_answer": 2
      },
      "role_guess_counts": {
        "boost_closure_candidate": 4,
        "small_or_no_effect": 3,
        "harmful_or_competitor_support": 1,
        "weak_suppression_candidate": 2
      },
      "dominant_role_guess": "boost_closure_candidate"
    },
    {
      "candidate_component_id": "L36:attn_out",
      "candidate_layer": 36,
      "candidate_component": "attn_out",
      "candidate_already_in_threshold_combo": false,
      "n": 10,
      "mean_base_margin_donor_vs_competitor": -1.4125,
      "mean_delta_margin_donor_vs_competitor": 0.475,
      "mean_delta_donor_logit": 0.4125,
      "mean_delta_competitor_logit": -0.0625,
      "mean_delta_recipient_logit": -0.109375,
      "new_donor_top1_rate": 0.3,
      "mean_new_donor_rank": 3.4,
      "top_changed_rate": 0.4,
      "base_competitor_class_counts": {
        "other_vocab": 4,
        "echo_object_or_relation": 6
      },
      "new_top_class_counts": {
        "donor_answer": 4,
        "echo_object_or_relation": 6
      },
      "role_guess_counts": {
        "boost_and_suppress_closure_candidate": 3,
        "weak_suppression_candidate": 3,
        "boost_margin_candidate": 2,
        "weak_boost_candidate": 1,
        "small_or_no_effect": 1
      },
      "dominant_role_guess": "boost_and_suppress_closure_candidate"
    },
    {
      "candidate_component_id": "L37:attn_out",
      "candidate_layer": 37,
      "candidate_component": "attn_out",
      "candidate_already_in_threshold_combo": false,
      "n": 10,
      "mean_base_margin_donor_vs_competitor": -1.4125,
      "mean_delta_margin_donor_vs_competitor": 0.44375,
      "mean_delta_donor_logit": 0.4375,
      "mean_delta_competitor_logit": -0.00625,
      "mean_delta_recipient_logit": -0.009375,
      "new_donor_top1_rate": 0.2,
      "mean_new_donor_rank": 3.0,
      "top_changed_rate": 0.2,
      "base_competitor_class_counts": {
        "other_vocab": 4,
        "echo_object_or_relation": 6
      },
      "new_top_class_counts": {
        "other_vocab": 4,
        "echo_object_or_relation": 4,
        "donor_answer": 2
      },
      "role_guess_counts": {
        "small_or_no_effect": 6,
        "weak_suppression_candidate": 2,
        "boost_closure_candidate": 2
      },
      "dominant_role_guess": "small_or_no_effect"
    },
    {
      "candidate_component_id": "L39:attn_out",
      "candidate_layer": 39,
      "candidate_component": "attn_out",
      "candidate_already_in_threshold_combo": false,
      "n": 10,
      "mean_base_margin_donor_vs_competitor": -1.4125,
      "mean_delta_margin_donor_vs_competitor": 0.21875,
      "mean_delta_donor_logit": 0.225,
      "mean_delta_competitor_logit": 0.00625,
      "mean_delta_recipient_logit": -0.040625,
      "new_donor_top1_rate": 0.2,
      "mean_new_donor_rank": 4.0,
      "top_changed_rate": 0.2,
      "base_competitor_class_counts": {
        "other_vocab": 4,
        "echo_object_or_relation": 6
      },
      "new_top_class_counts": {
        "other_vocab": 2,
        "donor_answer": 2,
        "echo_object_or_relation": 6
      },
      "role_guess_counts": {
        "weak_suppression_candidate": 2,
        "suppression_closure_candidate": 2,
        "small_or_no_effect": 2,
        "weak_boost_candidate": 4
      },
      "dominant_role_guess": "weak_boost_candidate"
    },
    {
      "candidate_component_id": "L38:attn_out",
      "candidate_layer": 38,
      "candidate_component": "attn_out",
      "candidate_already_in_threshold_combo": false,
      "n": 10,
      "mean_base_margin_donor_vs_competitor": -1.4125,
      "mean_delta_margin_donor_vs_competitor": 0.14375,
      "mean_delta_donor_logit": 0.225,
      "mean_delta_competitor_logit": 0.08125,
      "mean_delta_recipient_logit": 0.084375,
      "new_donor_top1_rate": 0.2,
      "mean_new_donor_rank": 4.5,
      "top_changed_rate": 0.2,
      "base_competitor_class_counts": {
        "other_vocab": 4,
        "echo_object_or_relation": 6
      },
      "new_top_class_counts": {
        "other_vocab": 2,
        "donor_answer": 2,
        "echo_object_or_relation": 6
      },
      "role_guess_counts": {
        "weak_boost_candidate": 6,
        "boost_closure_candidate": 2,
        "small_or_no_effect": 2
      },
      "dominant_role_guess": "weak_boost_candidate"
    },
    {
      "candidate_component_id": "L34:mlp_out",
      "candidate_layer": 34,
      "candidate_component": "mlp_out",
      "candidate_already_in_threshold_combo": false,
      "n": 10,
      "mean_base_margin_donor_vs_competitor": -1.4125,
      "mean_delta_margin_donor_vs_competitor": 0.13125,
      "mean_delta_donor_logit": 0.0375,
      "mean_delta_competitor_logit": -0.09375,
      "mean_delta_recipient_logit": -0.315625,
      "new_donor_top1_rate": 0.2,
      "mean_new_donor_rank": 3.9,
      "top_changed_rate": 0.4,
      "base_competitor_class_counts": {
        "other_vocab": 4,
        "echo_object_or_relation": 6
      },
      "new_top_class_counts": {
        "donor_answer": 3,
        "other_vocab": 1,
        "echo_object_or_relation": 6
      },
      "role_guess_counts": {
        "weak_suppression_candidate": 4,
        "suppression_closure_candidate": 2,
        "small_or_no_effect": 1,
        "harmful_or_competitor_support": 2,
        "weak_boost_candidate": 1
      },
      "dominant_role_guess": "weak_suppression_candidate"
    }
  ],
  "top_class_summary": [
    {
      "base_competitor_class": "other_vocab",
      "candidate_component_id": "L34:attn_out",
      "n": 4,
      "mean_delta_margin_donor_vs_competitor": 1.4375,
      "mean_delta_donor_logit": 1.484375,
      "mean_delta_competitor_logit": 0.046875,
      "new_donor_top1_rate": 1.0,
      "role_guess_counts": {
        "boost_closure_candidate": 4
      }
    },
    {
      "base_competitor_class": "other_vocab",
      "candidate_component_id": "L35:attn_out",
      "n": 4,
      "mean_delta_margin_donor_vs_competitor": 0.78125,
      "mean_delta_donor_logit": 0.71875,
      "mean_delta_competitor_logit": -0.0625,
      "new_donor_top1_rate": 1.0,
      "role_guess_counts": {
        "boost_closure_candidate": 3,
        "boost_and_suppress_closure_candidate": 1
      }
    },
    {
      "base_competitor_class": "other_vocab",
      "candidate_component_id": "L35:mlp_out",
      "n": 4,
      "mean_delta_margin_donor_vs_competitor": 0.5,
      "mean_delta_donor_logit": 0.578125,
      "mean_delta_competitor_logit": 0.078125,
      "new_donor_top1_rate": 1.0,
      "role_guess_counts": {
        "boost_closure_candidate": 4
      }
    },
    {
      "base_competitor_class": "other_vocab",
      "candidate_component_id": "L36:attn_out",
      "n": 4,
      "mean_delta_margin_donor_vs_competitor": 0.546875,
      "mean_delta_donor_logit": 0.40625,
      "mean_delta_competitor_logit": -0.140625,
      "new_donor_top1_rate": 0.75,
      "role_guess_counts": {
        "boost_and_suppress_closure_candidate": 3,
        "weak_suppression_candidate": 1
      }
    },
    {
      "base_competitor_class": "other_vocab",
      "candidate_component_id": "L34:mlp_out",
      "n": 4,
      "mean_delta_margin_donor_vs_competitor": 0.3125,
      "mean_delta_donor_logit": 0.109375,
      "mean_delta_competitor_logit": -0.203125,
      "new_donor_top1_rate": 0.5,
      "role_guess_counts": {
        "weak_suppression_candidate": 2,
        "suppression_closure_candidate": 2
      }
    },
    {
      "base_competitor_class": "other_vocab",
      "candidate_component_id": "L39:attn_out",
      "n": 4,
      "mean_delta_margin_donor_vs_competitor": 0.25,
      "mean_delta_donor_logit": -0.03125,
      "mean_delta_competitor_logit": -0.28125,
      "new_donor_top1_rate": 0.5,
      "role_guess_counts": {
        "weak_suppression_candidate": 2,
        "suppression_closure_candidate": 2
      }
    },
    {
      "base_competitor_class": "other_vocab",
      "candidate_component_id": "L38:attn_out",
      "n": 4,
      "mean_delta_margin_donor_vs_competitor": 0.15625,
      "mean_delta_donor_logit": 0.234375,
      "mean_delta_competitor_logit": 0.078125,
      "new_donor_top1_rate": 0.5,
      "role_guess_counts": {
        "weak_boost_candidate": 2,
        "boost_closure_candidate": 2
      }
    },
    {
      "base_competitor_class": "other_vocab",
      "candidate_component_id": "L37:attn_out",
      "n": 4,
      "mean_delta_margin_donor_vs_competitor": 0.015625,
      "mean_delta_donor_logit": 0.046875,
      "mean_delta_competitor_logit": 0.03125,
      "new_donor_top1_rate": 0.0,
      "role_guess_counts": {
        "small_or_no_effect": 4
      }
    },
    {
      "base_competitor_class": "other_vocab",
      "candidate_component_id": "L36:mlp_out",
      "n": 4,
      "mean_delta_margin_donor_vs_competitor": -1.375,
      "mean_delta_donor_logit": -1.890625,
      "mean_delta_competitor_logit": -0.515625,
      "new_donor_top1_rate": 0.0,
      "role_guess_counts": {
        "harmful_or_competitor_support": 4
      }
    },
    {
      "base_competitor_class": "echo_object_or_relation",
      "candidate_component_id": "L34:attn_out",
      "n": 6,
      "mean_delta_margin_donor_vs_competitor": 2.8854166666666665,
      "mean_delta_donor_logit": 2.5625,
      "mean_delta_competitor_logit": -0.3229166666666667,
      "new_donor_top1_rate": 0.6666666666666666,
      "role_guess_counts": {
        "boost_and_suppress_margin_candidate": 2,
        "boost_and_suppress_closure_candidate": 3,
        "boost_closure_candidate": 1
      }
    }
  ]
}
