[08:35:33] deepseek7b/confirm: pairs=10 target=hidden_28 audits=2 combo_candidates=3
[08:35:34] [load] deepseek7b: bf16 device_map=auto attn=eager quantization=off
`torch_dtype` is deprecated! Use `dtype` instead!
Loading weights:   0%|          | 0/339 [00:00<?, ?it/s]Loading weights:   1%|          | 4/339 [00:00<00:09, 36.55it/s]Loading weights:  10%|█         | 35/339 [00:00<00:01, 189.74it/s]Loading weights:  20%|██        | 68/339 [00:00<00:01, 250.25it/s]Loading weights:  28%|██▊       | 94/339 [00:00<00:01, 215.33it/s]Loading weights:  36%|███▌      | 121/339 [00:00<00:00, 220.86it/s]Loading weights:  54%|█████▍    | 184/339 [00:00<00:00, 276.03it/s]Loading weights:  68%|██████▊   | 231/339 [00:00<00:00, 300.67it/s]Loading weights:  79%|███████▉  | 268/339 [00:01<00:00, 310.84it/s]Loading weights:  88%|████████▊ | 299/339 [00:01<00:00, 282.73it/s]Loading weights:  97%|█████████▋| 330/339 [00:01<00:00, 282.38it/s]Loading weights: 100%|██████████| 339/339 [00:01<00:00, 270.34it/s]
[08:35:35] [load] deepseek7b: loaded eager, device=cuda:0, gpu=15.23GB
[08:35:35] deepseek7b: scan_candidates=9 ['L22:attn_out', 'L22:mlp_out', 'L23:attn_out', 'L23:mlp_out', 'L24:attn_out', 'L24:mlp_out', 'L25:attn_out', 'L25:mlp_out', 'L26:mlp_out']
[08:35:39] deepseek7b: suppression source scan 2/10 pairs; rows=36 skipped_top1=0
[08:35:41] deepseek7b: suppression source scan 4/10 pairs; rows=72 skipped_top1=0
[08:35:44] deepseek7b: suppression source scan 6/10 pairs; rows=108 skipped_top1=0
[08:35:47] deepseek7b: suppression source scan 8/10 pairs; rows=135 skipped_top1=1
[08:35:50] deepseek7b: suppression source scan 10/10 pairs; rows=171 skipped_top1=1
[model_utils] GPU memory released, allocated=15.24 GB
{
  "model": "deepseek7b",
  "round": "confirm",
  "skipped_top1": 1,
  "top_candidate_summary": [
    {
      "candidate_component_id": "L23:attn_out",
      "candidate_layer": 23,
      "candidate_component": "attn_out",
      "candidate_already_in_threshold_combo": false,
      "n": 19,
      "mean_base_margin_donor_vs_competitor": -2.4802631578947367,
      "mean_delta_margin_donor_vs_competitor": 1.9769736842105263,
      "mean_delta_donor_logit": 1.6710526315789473,
      "mean_delta_competitor_logit": -0.3059210526315789,
      "mean_delta_recipient_logit": -1.9950657894736843,
      "new_donor_top1_rate": 0.42105263157894735,
      "mean_new_donor_rank": 3.526315789473684,
      "top_changed_rate": 0.631578947368421,
      "base_competitor_class_counts": {
        "echo_object_or_relation": 7,
        "punctuation_or_stop": 1,
        "format_or_schema": 9,
        "recipient_answer": 1,
        "other_vocab": 1
      },
      "new_top_class_counts": {
        "echo_object_or_relation": 3,
        "other_vocab": 1,
        "donor_answer": 8,
        "format_or_schema": 4,
        "other_semantic_value": 1,
        "recipient_answer": 1,
        "punctuation_or_stop": 1
      },
      "role_guess_counts": {
        "boost_and_suppress_margin_candidate": 9,
        "boost_and_suppress_closure_candidate": 6,
        "boost_closure_candidate": 2,
        "boost_margin_candidate": 2
      },
      "dominant_role_guess": "boost_and_suppress_margin_candidate"
    },
    {
      "candidate_component_id": "L22:attn_out",
      "candidate_layer": 22,
      "candidate_component": "attn_out",
      "candidate_already_in_threshold_combo": false,
      "n": 19,
      "mean_base_margin_donor_vs_competitor": -2.4802631578947367,
      "mean_delta_margin_donor_vs_competitor": 1.6875,
      "mean_delta_donor_logit": 1.3026315789473684,
      "mean_delta_competitor_logit": -0.3848684210526316,
      "mean_delta_recipient_logit": -2.9860197368421053,
      "new_donor_top1_rate": 0.3157894736842105,
      "mean_new_donor_rank": 3.6315789473684212,
      "top_changed_rate": 0.5263157894736842,
      "base_competitor_class_counts": {
        "echo_object_or_relation": 7,
        "punctuation_or_stop": 1,
        "format_or_schema": 9,
        "recipient_answer": 1,
        "other_vocab": 1
      },
      "new_top_class_counts": {
        "echo_object_or_relation": 7,
        "other_vocab": 2,
        "format_or_schema": 3,
        "donor_answer": 6,
        "other_semantic_value": 1
      },
      "role_guess_counts": {
        "harmful_or_competitor_support": 1,
        "suppression_margin_candidate": 1,
        "boost_margin_candidate": 4,
        "boost_and_suppress_margin_candidate": 6,
        "boost_closure_candidate": 4,
        "boost_and_suppress_closure_candidate": 2,
        "weak_boost_candidate": 1
      },
      "dominant_role_guess": "boost_and_suppress_margin_candidate"
    },
    {
      "candidate_component_id": "L24:attn_out",
      "candidate_layer": 24,
      "candidate_component": "attn_out",
      "candidate_already_in_threshold_combo": false,
      "n": 19,
      "mean_base_margin_donor_vs_competitor": -2.4802631578947367,
      "mean_delta_margin_donor_vs_competitor": 1.118421052631579,
      "mean_delta_donor_logit": 0.993421052631579,
      "mean_delta_competitor_logit": -0.125,
      "mean_delta_recipient_logit": -1.199013157894737,
      "new_donor_top1_rate": 0.2631578947368421,
      "mean_new_donor_rank": 5.631578947368421,
      "top_changed_rate": 0.2631578947368421,
      "base_competitor_class_counts": {
        "echo_object_or_relation": 7,
        "punctuation_or_stop": 1,
        "format_or_schema": 9,
        "recipient_answer": 1,
        "other_vocab": 1
      },
      "new_top_class_counts": {
        "echo_object_or_relation": 6,
        "punctuation_or_stop": 1,
        "format_or_schema": 5,
        "donor_answer": 4,
        "other_semantic_value": 1,
        "recipient_answer": 1,
        "other_vocab": 1
      },
      "role_guess_counts": {
        "boost_margin_candidate": 6,
        "boost_and_suppress_margin_candidate": 7,
        "boost_and_suppress_closure_candidate": 3,
        "boost_closure_candidate": 2,
        "weak_suppression_candidate": 1
      },
      "dominant_role_guess": "boost_and_suppress_margin_candidate"
    },
    {
      "candidate_component_id": "L24:mlp_out",
      "candidate_layer": 24,
      "candidate_component": "mlp_out",
      "candidate_already_in_threshold_combo": false,
      "n": 19,
      "mean_base_margin_donor_vs_competitor": -2.4802631578947367,
      "mean_delta_margin_donor_vs_competitor": 0.868421052631579,
      "mean_delta_donor_logit": 0.7532894736842105,
      "mean_delta_competitor_logit": -0.11513157894736842,
      "mean_delta_recipient_logit": -1.0773026315789473,
      "new_donor_top1_rate": 0.10526315789473684,
      "mean_new_donor_rank": 6.0,
      "top_changed_rate": 0.3684210526315789,
      "base_competitor_class_counts": {
        "echo_object_or_relation": 7,
        "punctuation_or_stop": 1,
        "format_or_schema": 9,
        "recipient_answer": 1,
        "other_vocab": 1
      },
      "new_top_class_counts": {
        "punctuation_or_stop": 2,
        "echo_object_or_relation": 6,
        "other_vocab": 1,
        "format_or_schema": 7,
        "donor_answer": 2,
        "recipient_answer": 1
      },
      "role_guess_counts": {
        "boost_and_suppress_margin_candidate": 9,
        "boost_margin_candidate": 2,
        "small_or_no_effect": 2,
        "boost_closure_candidate": 1,
        "weak_boost_candidate": 2,
        "weak_suppression_candidate": 1,
        "suppression_margin_candidate": 1,
        "boost_and_suppress_closure_candidate": 1
      },
      "dominant_role_guess": "boost_and_suppress_margin_candidate"
    },
    {
      "candidate_component_id": "L25:mlp_out",
      "candidate_layer": 25,
      "candidate_component": "mlp_out",
      "candidate_already_in_threshold_combo": false,
      "n": 19,
      "mean_base_margin_donor_vs_competitor": -2.4802631578947367,
      "mean_delta_margin_donor_vs_competitor": 0.6578947368421053,
      "mean_delta_donor_logit": 0.40131578947368424,
      "mean_delta_competitor_logit": -0.2565789473684211,
      "mean_delta_recipient_logit": -1.2088815789473684,
      "new_donor_top1_rate": 0.10526315789473684,
      "mean_new_donor_rank": 7.578947368421052,
      "top_changed_rate": 0.3684210526315789,
      "base_competitor_class_counts": {
        "echo_object_or_relation": 7,
        "punctuation_or_stop": 1,
        "format_or_schema": 9,
        "recipient_answer": 1,
        "other_vocab": 1
      },
      "new_top_class_counts": {
        "other_vocab": 2,
        "echo_object_or_relation": 7,
        "format_or_schema": 6,
        "donor_answer": 2,
        "other_semantic_value": 1,
        "recipient_answer": 1
      },
      "role_guess_counts": {
        "boost_and_suppress_margin_candidate": 8,
        "weak_suppression_candidate": 4,
        "small_or_no_effect": 2,
        "suppression_margin_candidate": 1,
        "boost_closure_candidate": 1,
        "harmful_or_competitor_support": 1,
        "boost_and_suppress_closure_candidate": 1,
        "boost_margin_candidate": 1
      },
      "dominant_role_guess": "boost_and_suppress_margin_candidate"
    },
    {
      "candidate_component_id": "L26:mlp_out",
      "candidate_layer": 26,
      "candidate_component": "mlp_out",
      "candidate_already_in_threshold_combo": false,
      "n": 19,
      "mean_base_margin_donor_vs_competitor": -2.4802631578947367,
      "mean_delta_margin_donor_vs_competitor": 0.6085526315789473,
      "mean_delta_donor_logit": 0.3717105263157895,
      "mean_delta_competitor_logit": -0.23684210526315788,
      "mean_delta_recipient_logit": -1.2039473684210527,
      "new_donor_top1_rate": 0.10526315789473684,
      "mean_new_donor_rank": 6.421052631578948,
      "top_changed_rate": 0.2631578947368421,
      "base_competitor_class_counts": {
        "echo_object_or_relation": 7,
        "punctuation_or_stop": 1,
        "format_or_schema": 9,
        "recipient_answer": 1,
        "other_vocab": 1
      },
      "new_top_class_counts": {
        "echo_object_or_relation": 6,
        "other_vocab": 1,
        "format_or_schema": 8,
        "donor_answer": 2,
        "recipient_answer": 1,
        "other_semantic_value": 1
      },
      "role_guess_counts": {
        "weak_suppression_candidate": 2,
        "small_or_no_effect": 3,
        "weak_boost_candidate": 3,
        "harmful_or_competitor_support": 3,
        "boost_closure_candidate": 1,
        "suppression_margin_candidate": 2,
        "boost_margin_candidate": 2,
        "boost_and_suppress_margin_candidate": 2,
        "suppression_closure_candidate": 1
      },
      "dominant_role_guess": "small_or_no_effect"
    },
    {
      "candidate_component_id": "L23:mlp_out",
      "candidate_layer": 23,
      "candidate_component": "mlp_out",
      "candidate_already_in_threshold_combo": false,
      "n": 19,
      "mean_base_margin_donor_vs_competitor": -2.4802631578947367,
      "mean_delta_margin_donor_vs_competitor": 0.375,
      "mean_delta_donor_logit": 0.17105263157894737,
      "mean_delta_competitor_logit": -0.20394736842105263,
      "mean_delta_recipient_logit": -0.5213815789473685,
      "new_donor_top1_rate": 0.10526315789473684,
      "mean_new_donor_rank": 7.7368421052631575,
      "top_changed_rate": 0.21052631578947367,
      "base_competitor_class_counts": {
        "echo_object_or_relation": 7,
        "punctuation_or_stop": 1,
        "format_or_schema": 9,
        "recipient_answer": 1,
        "other_vocab": 1
      },
      "new_top_class_counts": {
        "echo_object_or_relation": 7,
        "other_vocab": 2,
        "format_or_schema": 6,
        "donor_answer": 3,
        "recipient_answer": 1
      },
      "role_guess_counts": {
        "weak_boost_candidate": 3,
        "weak_suppression_candidate": 6,
        "boost_and_suppress_margin_candidate": 4,
        "harmful_or_competitor_support": 3,
        "boost_and_suppress_closure_candidate": 1,
        "suppression_margin_candidate": 1,
        "boost_closure_candidate": 1
      },
      "dominant_role_guess": "weak_suppression_candidate"
    },
    {
      "candidate_component_id": "L25:attn_out",
      "candidate_layer": 25,
      "candidate_component": "attn_out",
      "candidate_already_in_threshold_combo": false,
      "n": 19,
      "mean_base_margin_donor_vs_competitor": -2.4802631578947367,
      "mean_delta_margin_donor_vs_competitor": 0.3980263157894737,
      "mean_delta_donor_logit": 0.1875,
      "mean_delta_competitor_logit": -0.21052631578947367,
      "mean_delta_recipient_logit": -0.29769736842105265,
      "new_donor_top1_rate": 0.05263157894736842,
      "mean_new_donor_rank": 6.052631578947368,
      "top_changed_rate": 0.2631578947368421,
      "base_competitor_class_counts": {
        "echo_object_or_relation": 7,
        "punctuation_or_stop": 1,
        "format_or_schema": 9,
        "recipient_answer": 1,
        "other_vocab": 1
      },
      "new_top_class_counts": {
        "echo_object_or_relation": 8,
        "punctuation_or_stop": 3,
        "format_or_schema": 6,
        "recipient_answer": 1,
        "donor_answer": 1
      },
      "role_guess_counts": {
        "small_or_no_effect": 2,
        "weak_suppression_candidate": 5,
        "harmful_or_competitor_support": 6,
        "weak_boost_candidate": 1,
        "boost_margin_candidate": 1,
        "boost_and_suppress_margin_candidate": 3,
        "suppression_closure_candidate": 1
      },
      "dominant_role_guess": "harmful_or_competitor_support"
    }
  ],
  "top_class_summary": [
    {
      "base_competitor_class": "recipient_answer",
      "candidate_component_id": "L22:attn_out",
      "n": 1,
      "mean_delta_margin_donor_vs_competitor": 5.5625,
      "mean_delta_donor_logit": 0.6875,
      "mean_delta_competitor_logit": -4.875,
      "new_donor_top1_rate": 0.0,
      "role_guess_counts": {
        "boost_and_suppress_margin_candidate": 1
      }
    },
    {
      "base_competitor_class": "recipient_answer",
      "candidate_component_id": "L23:attn_out",
      "n": 1,
      "mean_delta_margin_donor_vs_competitor": 3.5625,
      "mean_delta_donor_logit": 2.4375,
      "mean_delta_competitor_logit": -1.125,
      "new_donor_top1_rate": 0.0,
      "role_guess_counts": {
        "boost_and_suppress_margin_candidate": 1
      }
    },
    {
      "base_competitor_class": "recipient_answer",
      "candidate_component_id": "L25:attn_out",
      "n": 1,
      "mean_delta_margin_donor_vs_competitor": 2.9375,
      "mean_delta_donor_logit": 0.1875,
      "mean_delta_competitor_logit": -2.75,
      "new_donor_top1_rate": 0.0,
      "role_guess_counts": {
        "boost_and_suppress_margin_candidate": 1
      }
    },
    {
      "base_competitor_class": "recipient_answer",
      "candidate_component_id": "L26:mlp_out",
      "n": 1,
      "mean_delta_margin_donor_vs_competitor": 2.6875,
      "mean_delta_donor_logit": 2.0625,
      "mean_delta_competitor_logit": -0.625,
      "new_donor_top1_rate": 0.0,
      "role_guess_counts": {
        "boost_and_suppress_margin_candidate": 1
      }
    },
    {
      "base_competitor_class": "recipient_answer",
      "candidate_component_id": "L24:attn_out",
      "n": 1,
      "mean_delta_margin_donor_vs_competitor": 1.5,
      "mean_delta_donor_logit": 0.5,
      "mean_delta_competitor_logit": -1.0,
      "new_donor_top1_rate": 0.0,
      "role_guess_counts": {
        "boost_and_suppress_margin_candidate": 1
      }
    },
    {
      "base_competitor_class": "recipient_answer",
      "candidate_component_id": "L24:mlp_out",
      "n": 1,
      "mean_delta_margin_donor_vs_competitor": 1.1875,
      "mean_delta_donor_logit": 0.6875,
      "mean_delta_competitor_logit": -0.5,
      "new_donor_top1_rate": 0.0,
      "role_guess_counts": {
        "boost_and_suppress_margin_candidate": 1
      }
    },
    {
      "base_competitor_class": "recipient_answer",
      "candidate_component_id": "L23:mlp_out",
      "n": 1,
      "mean_delta_margin_donor_vs_competitor": 0.75,
      "mean_delta_donor_logit": -0.125,
      "mean_delta_competitor_logit": -0.875,
      "new_donor_top1_rate": 0.0,
      "role_guess_counts": {
        "suppression_margin_candidate": 1
      }
    },
    {
      "base_competitor_class": "recipient_answer",
      "candidate_component_id": "L25:mlp_out",
      "n": 1,
      "mean_delta_margin_donor_vs_competitor": 0.375,
      "mean_delta_donor_logit": -0.375,
      "mean_delta_competitor_logit": -0.75,
      "new_donor_top1_rate": 0.0,
      "role_guess_counts": {
        "weak_suppression_candidate": 1
      }
    },
    {
      "base_competitor_class": "recipient_answer",
      "candidate_component_id": "L22:mlp_out",
      "n": 1,
      "mean_delta_margin_donor_vs_competitor": -0.125,
      "mean_delta_donor_logit": -0.5,
      "mean_delta_competitor_logit": -0.375,
      "new_donor_top1_rate": 0.0,
      "role_guess_counts": {
        "harmful_or_competitor_support": 1
      }
    },
    {
      "base_competitor_class": "punctuation_or_stop",
      "candidate_component_id": "L24:mlp_out",
      "n": 1,
      "mean_delta_margin_donor_vs_competitor": 2.125,
      "mean_delta_donor_logit": 2.125,
      "mean_delta_competitor_logit": 0.0,
      "new_donor_top1_rate": 0.0,
      "role_guess_counts": {
        "boost_margin_candidate": 1
      }
    }
  ]
}
