[08:13:56] deepseek7b/main: pairs=6 target=hidden_28 audits=2 combo_candidates=3
[08:13:57] [load] deepseek7b: bf16 device_map=auto attn=eager quantization=off
`torch_dtype` is deprecated! Use `dtype` instead!
Loading weights:   0%|          | 0/339 [00:00<?, ?it/s]Loading weights:   2%|▏         | 6/339 [00:00<00:06, 47.98it/s]Loading weights:  12%|█▏        | 40/339 [00:00<00:01, 198.05it/s]Loading weights:  22%|██▏       | 76/339 [00:00<00:01, 262.64it/s]Loading weights:  31%|███       | 104/339 [00:00<00:00, 252.22it/s]Loading weights:  40%|████      | 137/339 [00:00<00:00, 273.92it/s]Loading weights:  50%|████▉     | 168/339 [00:00<00:00, 257.53it/s]Loading weights:  61%|██████▏   | 208/339 [00:00<00:00, 289.61it/s]Loading weights:  70%|███████   | 238/339 [00:00<00:00, 282.07it/s]Loading weights:  79%|███████▉  | 268/339 [00:01<00:00, 271.37it/s]Loading weights:  87%|████████▋ | 296/339 [00:01<00:00, 267.10it/s]Loading weights:  97%|█████████▋| 328/339 [00:01<00:00, 270.81it/s]Loading weights: 100%|██████████| 339/339 [00:01<00:00, 265.46it/s]
[08:13:58] [load] deepseek7b: loaded eager, device=cuda:0, gpu=15.23GB
[08:14:03] deepseek7b: competitor suppression audit 2/6 pairs; rows=12
[08:14:07] deepseek7b: competitor suppression audit 4/6 pairs; rows=22
[08:14:11] deepseek7b: competitor suppression audit 6/6 pairs; rows=34
[model_utils] GPU memory released, allocated=15.24 GB
{
  "model": "deepseek7b",
  "round": "main",
  "condition_summary": [
    {
      "condition": "joint_add_topK",
      "suppression_scale": 0.0,
      "n": 12,
      "donor_top1_rate": 0.08333333333333333,
      "mean_donor_rank": 12.833333333333334,
      "mean_margin_donor_vs_top": -2.7604166666666665,
      "mean_margin_donor_vs_recipient": 1.6171875,
      "mean_suppression_alpha_needed": 2.0178180135288413,
      "top_token_class_counts": {
        "echo_object_or_relation": 4,
        "format_or_schema": 5,
        "donor_answer": 1,
        "recipient_answer": 1,
        "other_vocab": 1
      },
      "top_token_counts": {
        " category": 2,
        " taste": 1,
        " The": 5,
        " orange": 1,
        " stone": 1,
        " object": 1,
        " __": 1
      },
      "suppressed_token_class_counts": {
        "echo_object_or_relation": 4,
        "format_or_schema": 5,
        "donor_answer": 1,
        "recipient_answer": 1,
        "other_vocab": 1
      }
    },
    {
      "condition": "suppress_current_top",
      "suppression_scale": 1.0,
      "n": 11,
      "donor_top1_rate": 0.09090909090909091,
      "mean_donor_rank": 3.8181818181818183,
      "mean_margin_donor_vs_top": -0.8068181818181818,
      "mean_margin_donor_vs_recipient": 2.6818181818181817,
      "mean_suppression_alpha_needed": 2.201256014758736,
      "top_token_class_counts": {
        "punctuation_or_stop": 2,
        "echo_object_or_relation": 3,
        "donor_answer": 1,
        "format_or_schema": 4,
        "other_semantic_value": 1
      },
      "top_token_counts": {
        " ?\n\n": 2,
        " apple": 1,
        " sweet": 1,
        " The": 4,
        " banana": 1,
        " Purple": 1,
        " stone": 1
      },
      "suppressed_token_class_counts": {
        "echo_object_or_relation": 4,
        "format_or_schema": 5,
        "recipient_answer": 1,
        "other_vocab": 1
      }
    },
    {
      "condition": "suppress_current_top",
      "suppression_scale": 1.25,
      "n": 11,
      "donor_top1_rate": 0.2727272727272727,
      "mean_donor_rank": 2.5454545454545454,
      "mean_margin_donor_vs_top": -0.5113636363636364,
      "mean_margin_donor_vs_recipient": 3.127840909090909,
      "mean_suppression_alpha_needed": 2.201256014758736,
      "top_token_class_counts": {
        "punctuation_or_stop": 2,
        "echo_object_or_relation": 3,
        "donor_answer": 3,
        "format_or_schema": 2,
        "other_semantic_value": 1
      },
      "top_token_counts": {
        " ?\n\n": 2,
        " apple": 1,
        " sweet": 1,
        " bitter": 1,
        " The": 2,
        " banana": 1,
        " Purple": 1,
        " stone": 1,
        " none": 1
      },
      "suppressed_token_class_counts": {
        "echo_object_or_relation": 4,
        "format_or_schema": 5,
        "recipient_answer": 1,
        "other_vocab": 1
      }
    }
  ],
  "suppressed_class_summary": [
    {
      "suppressed_token_class": "format_or_schema",
      "n": 5,
      "mean_margin_donor_vs_top": -1.8875,
      "mean_suppression_alpha_needed": 1.450046969730931,
      "top_token_counts": {
        " The": 5
      }
    },
    {
      "suppressed_token_class": "echo_object_or_relation",
      "n": 4,
      "mean_margin_donor_vs_top": -3.234375,
      "mean_suppression_alpha_needed": 2.3317889241962813,
      "top_token_counts": {
        " category": 2,
        " taste": 1,
        " stone": 1
      }
    },
    {
      "suppressed_token_class": "donor_answer",
      "n": 1,
      "mean_margin_donor_vs_top": 0.0,
      "mean_suppression_alpha_needed": 0.0,
      "top_token_counts": {
        " orange": 1
      }
    },
    {
      "suppressed_token_class": "recipient_answer",
      "n": 1,
      "mean_margin_donor_vs_top": -5.1875,
      "mean_suppression_alpha_needed": 3.6684189118388035,
      "top_token_counts": {
        " object": 1
      }
    },
    {
      "suppressed_token_class": "other_vocab",
      "n": 1,
      "mean_margin_donor_vs_top": -5.5625,
      "mean_suppression_alpha_needed": 3.96800670506751,
      "top_token_counts": {
        " __": 1
      }
    }
  ]
}
