[00:31:40] glm4/smoke: pairs=1 target=hidden_40 audits=1
[00:31:41] [load] glm4: bf16 device_map=auto attn=eager quantization=off
`torch_dtype` is deprecated! Use `dtype` instead!
Loading weights:   0%|          | 0/443 [00:00<?, ?it/s]Loading weights:   1%|          | 5/443 [00:00<00:10, 41.83it/s]Loading weights:   9%|▊         | 38/443 [00:00<00:02, 197.19it/s]Loading weights:  15%|█▌        | 67/443 [00:00<00:01, 226.85it/s]Loading weights:  23%|██▎       | 104/443 [00:00<00:01, 262.31it/s]Loading weights:  31%|███       | 137/443 [00:00<00:01, 281.26it/s]Loading weights:  38%|███▊      | 170/443 [00:00<00:00, 292.21it/s]Loading weights:  46%|████▌     | 203/443 [00:00<00:00, 299.99it/s]Loading weights:  53%|█████▎    | 234/443 [00:00<00:00, 295.98it/s]Loading weights:  61%|██████    | 269/443 [00:00<00:00, 305.71it/s]Loading weights:  68%|██████▊   | 302/443 [00:01<00:00, 304.75it/s]Loading weights:  75%|███████▌  | 333/443 [00:01<00:00, 304.78it/s]Loading weights:  83%|████████▎ | 368/443 [00:01<00:00, 312.60it/s]Loading weights:  91%|█████████ | 401/443 [00:01<00:00, 314.37it/s]Loading weights:  98%|█████████▊| 433/443 [00:01<00:00, 311.50it/s]Loading weights: 100%|██████████| 443/443 [00:01<00:00, 293.40it/s]
[00:31:43] [load] glm4: loaded eager, device=cuda:0, gpu=18.80GB
[00:31:45] glm4: threshold audit 1/1 pairs; rows=1
[model_utils] GPU memory released, allocated=18.81 GB
{
  "model": "glm4",
  "round": "smoke",
  "target_site": "hidden_40",
  "top_threshold_audits": [
    {
      "intervention_key": "source_plus_all_mlp|L39H21<-self_last|L38:mlp[2597:2665]+L38:mlp[3007:3075] conflict<-explicit",
      "intervention_label": "source_plus_all_mlp|L39H21<-self_last|L38:mlp[2597:2665]+L38:mlp[3007:3075]",
      "direction": "conflict<-explicit",
      "intervention_mode": "source_plus_all_mlp",
      "source_component_id": "L39H21",
      "source_group": "self_last",
      "mlp_components": [
        "L38:mlp[2597:2665]",
        "L38:mlp[3007:3075]"
      ],
      "n": 1,
      "patched_candidate_best_counts": {
        "recipient_answer": 1
      },
      "patched_vocab_top_counts": {
        " tool": 1
      },
      "mean_patched_margin_donor_vs_recipient": -6.0,
      "mean_patched_margin_donor_vs_candidate_best": -6.0,
      "mean_patched_margin_donor_vs_vocab_top": -6.0,
      "mean_alpha_star_vocab_top": 6.827639953557833,
      "mean_alpha_star_candidate_best": 6.827639953557833,
      "candidate_flip_found_rate": 1.0,
      "vocab_flip_found_rate": 1.0,
      "mean_first_alpha_donor_candidate_top": 6.827639953557833,
      "mean_first_alpha_donor_vocab_top": 8.534549941947292,
      "boosted_generation_tested": 1,
      "boosted_generation_donor_hit_rate": 1.0,
      "boosted_generation_class_counts": {
        "answer_stop": 1
      },
      "mean_final_norm_output_norm": 168.78089904785156,
      "mean_source_contribution_delta_norm": 14.030059814453125,
      "mean_mlp_delta_norm_total": 15.214855194091797
    }
  ]
}
