`torch_dtype` is deprecated! Use `dtype` instead!
Loading weights:   0%|          | 0/339 [00:00<?, ?it/s]Loading weights:   1%|          | 2/339 [00:00<00:31, 10.72it/s]Loading weights:   8%|▊         | 26/339 [00:00<00:02, 107.90it/s]Loading weights:  19%|█▉        | 64/339 [00:00<00:01, 201.79it/s]Loading weights:  28%|██▊       | 94/339 [00:00<00:01, 234.28it/s]Loading weights:  35%|███▌      | 120/339 [00:00<00:00, 235.08it/s]Loading weights:  45%|████▍     | 152/339 [00:00<00:00, 222.27it/s]Loading weights:  59%|█████▉    | 201/339 [00:00<00:00, 294.58it/s]Loading weights:  69%|██████▊   | 233/339 [00:00<00:00, 280.49it/s]Loading weights:  79%|███████▉  | 269/339 [00:01<00:00, 293.08it/s]Loading weights:  88%|████████▊ | 300/339 [00:01<00:00, 290.91it/s]Loading weights:  97%|█████████▋| 330/339 [00:01<00:00, 272.05it/s]Loading weights: 100%|██████████| 339/339 [00:01<00:00, 251.38it/s]
[17:20:35] Loaded deepseek7b: class=Qwen2ForCausalLM, GPU=15.23GB, attn=eager
[17:20:50] deepseek7b: source causal patched 12/72 paired cases
[17:21:05] deepseek7b: source causal patched 24/72 paired cases
[17:21:19] deepseek7b: source causal patched 36/72 paired cases
[17:21:34] deepseek7b: source causal patched 48/72 paired cases
[17:21:49] deepseek7b: source causal patched 60/72 paired cases
[17:22:04] deepseek7b: source causal patched 72/72 paired cases
[model_utils] GPU memory released, allocated=15.24 GB
{
  "model": "deepseek7b",
  "n_paired_cases": 72,
  "phase": 699,
  "source_groups": [
    "target_value",
    "record_line",
    "record_non_value",
    "relation",
    "object_name",
    "instruction_line",
    "question_line",
    "answer_line",
    "self_last"
  ],
  "summary": {
    "best_degradation_conditions": [
      {
        "condition": "degradation|full_top32_head_slot",
        "mean_final_proj_effect": 32.46361005637381,
        "mean_patched_rank": 66.31944444444444,
        "mean_pmv_effect": 4.626302083333333,
        "mean_rank_effect": 65.31944444444444,
        "mean_source_group_len": 0.0,
        "n": 72,
        "patched_best_other_route": {
          "prose": 72
        },
        "patched_top1_rate": 0.125,
        "success_change_rate": 0.875
      },
      {
        "condition": "degradation|delta_target_value",
        "mean_final_proj_effect": 18.552836885054905,
        "mean_patched_rank": 8.555555555555555,
        "mean_pmv_effect": 2.1128472222222223,
        "mean_rank_effect": 7.555555555555555,
        "mean_source_group_len": 4.319444444444445,
        "n": 72,
        "patched_best_other_route": {
          "prose": 72
        },
        "patched_top1_rate": 0.375,
        "success_change_rate": 0.625
      },
      {
        "condition": "degradation|delta_record_line",
        "mean_final_proj_effect": 18.16960349347856,
        "mean_patched_rank": 5.5,
        "mean_pmv_effect": 2.0338541666666665,
        "mean_rank_effect": 4.5,
        "mean_source_group_len": 29.76388888888889,
        "n": 72,
        "patched_best_other_route": {
          "prose": 72
        },
        "patched_top1_rate": 0.4027777777777778,
        "success_change_rate": 0.5972222222222222
      },
      {
        "condition": "degradation|delta_answer_line",
        "mean_final_proj_effect": 3.353042744927936,
        "mean_patched_rank": 1.3888888888888888,
        "mean_pmv_effect": 0.7699652777777778,
        "mean_rank_effect": 0.3888888888888889,
        "mean_source_group_len": 2.0,
        "n": 72,
        "patched_best_other_route": {
          "prose": 72
        },
        "patched_top1_rate": 0.75,
        "success_change_rate": 0.25
      },
      {
        "condition": "degradation|delta_self_last",
        "mean_final_proj_effect": 2.065616097715166,
        "mean_patched_rank": 1.25,
        "mean_pmv_effect": 0.6371527777777778,
        "mean_rank_effect": 0.25,
        "mean_source_group_len": 1.0,
        "n": 72,
        "patched_best_other_route": {
          "prose": 72
        },
        "patched_top1_rate": 0.8194444444444444,
        "success_change_rate": 0.18055555555555555
      },
      {
        "condition": "degradation|delta_object_name",
        "mean_final_proj_effect": 1.1104439662562475,
        "mean_patched_rank": 1.1388888888888888,
        "mean_pmv_effect": 0.0998263888888889,
        "mean_rank_effect": 0.1388888888888889,
        "mean_source_group_len": 11.472222222222221,
        "n": 72,
        "patched_best_other_route": {
          "prose": 72
        },
        "patched_top1_rate": 0.9444444444444444,
        "success_change_rate": 0.05555555555555555
      },
      {
        "condition": "degradation|delta_record_non_value",
        "mean_final_proj_effect": 0.33893304732110763,
        "mean_patched_rank": 1.0972222222222223,
        "mean_pmv_effect": -0.014756944444444444,
        "mean_rank_effect": 0.09722222222222222,
        "mean_source_group_len": 25.444444444444443,
        "n": 72,
        "patched_best_other_route": {
          "prose": 72
        },
        "patched_top1_rate": 0.9722222222222222,
        "success_change_rate": 0.027777777777777776
      },
      {
        "condition": "degradation|delta_instruction_line",
        "mean_final_proj_effect": 0.7808177371819814,
        "mean_patched_rank": 1.0138888888888888,
        "mean_pmv_effect": -0.026909722222222224,
        "mean_rank_effect": 0.013888888888888888,
        "mean_source_group_len": 11.0,
        "n": 72,
        "patched_best_other_route": {
          "prose": 72
        },
        "patched_top1_rate": 0.9861111111111112,
        "success_change_rate": 0.013888888888888888
      },
      {
        "condition": "degradation|delta_question_line",
        "mean_final_proj_effect": -0.2360338999165429,
        "mean_patched_rank": 1.0,
        "mean_pmv_effect": -0.0026041666666666665,
        "mean_rank_effect": 0.0,
        "mean_source_group_len": 10.416666666666666,
        "n": 72,
        "patched_best_other_route": {
          "prose": 72
        },
        "patched_top1_rate": 1.0,
        "success_change_rate": 0.0
      },
      {
        "condition": "degradation|delta_relation",
        "mean_final_proj_effect": -0.5092136793666415,
        "mean_patched_rank": 1.0,
        "mean_pmv_effect": -0.07465277777777778,
        "mean_rank_effect": 0.0,
        "mean_source_group_len": 2.0,
        "n": 72,
        "patched_best_other_route": {
          "prose": 72
        },
        "patched_top1_rate": 1.0,
        "success_change_rate": 0.0
      }
    ],
    "best_erase_conditions": [
      {
        "condition": "erase|erase_record_line",
        "mean_final_proj_effect": 43.697484304507576,
        "mean_patched_rank": 94.83333333333333,
        "mean_pmv_effect": 6.318142361111111,
        "mean_rank_effect": 93.83333333333333,
        "mean_source_group_len": 29.76388888888889,
        "n": 72,
        "patched_best_other_route": {
          "prose": 72
        },
        "patched_top1_rate": 0.06944444444444445,
        "success_change_rate": 0.9305555555555556
      },
      {
        "condition": "erase|erase_target_value",
        "mean_final_proj_effect": 44.053919772307076,
        "mean_patched_rank": 161.84722222222223,
        "mean_pmv_effect": 6.190538194444445,
        "mean_rank_effect": 160.84722222222223,
        "mean_source_group_len": 4.319444444444445,
        "n": 72,
        "patched_best_other_route": {
          "prose": 72
        },
        "patched_top1_rate": 0.18055555555555555,
        "success_change_rate": 0.8194444444444444
      },
      {
        "condition": "erase|erase_self_last",
        "mean_final_proj_effect": 6.307118637694253,
        "mean_patched_rank": 1.875,
        "mean_pmv_effect": 1.1545138888888888,
        "mean_rank_effect": 0.875,
        "mean_source_group_len": 1.0,
        "n": 72,
        "patched_best_other_route": {
          "prose": 72
        },
        "patched_top1_rate": 0.5972222222222222,
        "success_change_rate": 0.4027777777777778
      },
      {
        "condition": "erase|erase_answer_line",
        "mean_final_proj_effect": 5.43349352478981,
        "mean_patched_rank": 1.4583333333333333,
        "mean_pmv_effect": 0.7717013888888888,
        "mean_rank_effect": 0.4583333333333333,
        "mean_source_group_len": 2.0,
        "n": 72,
        "patched_best_other_route": {
          "prose": 72
        },
        "patched_top1_rate": 0.6666666666666666,
        "success_change_rate": 0.3333333333333333
      },
      {
        "condition": "erase|erase_object_name",
        "mean_final_proj_effect": 4.158299972613652,
        "mean_patched_rank": 3.7916666666666665,
        "mean_pmv_effect": 0.7543402777777778,
        "mean_rank_effect": 2.7916666666666665,
        "mean_source_group_len": 11.472222222222221,
        "n": 72,
        "patched_best_other_route": {
          "prose": 72
        },
        "patched_top1_rate": 0.8333333333333334,
        "success_change_rate": 0.16666666666666666
      },
      {
        "condition": "erase|erase_record_non_value",
        "mean_final_proj_effect": 1.4676048060258229,
        "mean_patched_rank": 1.7083333333333333,
        "mean_pmv_effect": 0.2899305555555556,
        "mean_rank_effect": 0.7083333333333334,
        "mean_source_group_len": 25.444444444444443,
        "n": 72,
        "patched_best_other_route": {
          "prose": 72
        },
        "patched_top1_rate": 0.8472222222222222,
        "success_change_rate": 0.1527777777777778
      },
      {
        "condition": "erase|erase_question_line",
        "mean_final_proj_effect": 0.36073221100701225,
        "mean_patched_rank": 1.0416666666666667,
        "mean_pmv_effect": -0.08246527777777778,
        "mean_rank_effect": 0.041666666666666664,
        "mean_source_group_len": 10.416666666666666,
        "n": 72,
        "patched_best_other_route": {
          "prose": 72
        },
        "patched_top1_rate": 0.9583333333333334,
        "success_change_rate": 0.041666666666666664
      },
      {
        "condition": "erase|erase_relation",
        "mean_final_proj_effect": -0.13391031490431893,
        "mean_patched_rank": 1.0,
        "mean_pmv_effect": -0.1440972222222222,
        "mean_rank_effect": 0.0,
        "mean_source_group_len": 2.0,
        "n": 72,
        "patched_best_other_route": {
          "prose": 72
        },
        "patched_top1_rate": 1.0,
        "success_change_rate": 0.0
      },
      {
        "condition": "erase|erase_instruction_line",
        "mean_final_proj_effect": -0.3159161839220259,
        "mean_patched_rank": 1.0,
        "mean_pmv_effect": -0.08072916666666667,
        "mean_rank_effect": 0.0,
        "mean_source_group_len": 11.0,
        "n": 72,
        "patched_best_other_route": {
          "prose": 72
        },
        "patched_top1_rate": 1.0,
        "success_change_rate": 0.0
      }
    ],
    "best_restore_conditions": [
      {
        "condition": "restore|full_top32_head_slot",
        "mean_final_proj_effect": 30.117128603988224,
        "mean_patched_rank": 1.5277777777777777,
        "mean_pmv_effect": 5.622395833333333,
        "mean_rank_effect": 166.16666666666666,
        "mean_source_group_len": 0.0,
        "n": 72,
        "patched_best_other_route": {
          "prose": 72
        },
        "patched_top1_rate": 0.7361111111111112,
        "success_change_rate": 0.7361111111111112
      },
      {
        "condition": "restore|delta_record_line",
        "mean_final_proj_effect": 22.6117142604457,
        "mean_patched_rank": 3.3472222222222223,
        "mean_pmv_effect": 4.008680555555555,
        "mean_rank_effect": 164.34722222222223,
        "mean_source_group_len": 29.76388888888889,
        "n": 72,
        "patched_best_other_route": {
          "prose": 72
        },
        "patched_top1_rate": 0.375,
        "success_change_rate": 0.375
      },
      {
        "condition": "restore|delta_target_value",
        "mean_final_proj_effect": 21.795254753695595,
        "mean_patched_rank": 3.4166666666666665,
        "mean_pmv_effect": 3.857638888888889,
        "mean_rank_effect": 164.27777777777777,
        "mean_source_group_len": 4.319444444444445,
        "n": 72,
        "patched_best_other_route": {
          "prose": 72
        },
        "patched_top1_rate": 0.3055555555555556,
        "success_change_rate": 0.3055555555555556
      },
      {
        "condition": "restore|delta_answer_line",
        "mean_final_proj_effect": 4.8999258312914105,
        "mean_patched_rank": 37.5,
        "mean_pmv_effect": 1.6779513888888888,
        "mean_rank_effect": 130.19444444444446,
        "mean_source_group_len": 2.0,
        "n": 72,
        "patched_best_other_route": {
          "prose": 72
        },
        "patched_top1_rate": 0.09722222222222222,
        "success_change_rate": 0.09722222222222222
      },
      {
        "condition": "restore|delta_object_name",
        "mean_final_proj_effect": 1.1196195152070787,
        "mean_patched_rank": 170.05555555555554,
        "mean_pmv_effect": 0.20811631944444445,
        "mean_rank_effect": -2.361111111111111,
        "mean_source_group_len": 11.472222222222221,
        "n": 72,
        "patched_best_other_route": {
          "prose": 72
        },
        "patched_top1_rate": 0.06944444444444445,
        "success_change_rate": 0.06944444444444445
      },
      {
        "condition": "restore|delta_record_non_value",
        "mean_final_proj_effect": 0.08141436841752794,
        "mean_patched_rank": 197.81944444444446,
        "mean_pmv_effect": 0.0642361111111111,
        "mean_rank_effect": -30.125,
        "mean_source_group_len": 25.444444444444443,
        "n": 72,
        "patched_best_other_route": {
          "continuation": 1,
          "prose": 71
        },
        "patched_top1_rate": 0.06944444444444445,
        "success_change_rate": 0.06944444444444445
      },
      {
        "condition": "restore|delta_self_last",
        "mean_final_proj_effect": 4.079536461167866,
        "mean_patched_rank": 45.72222222222222,
        "mean_pmv_effect": 1.4487847222222223,
        "mean_rank_effect": 121.97222222222223,
        "mean_source_group_len": 1.0,
        "n": 72,
        "patched_best_other_route": {
          "prose": 72
        },
        "patched_top1_rate": 0.041666666666666664,
        "success_change_rate": 0.041666666666666664
      },
      {
        "condition": "restore|delta_instruction_line",
        "mean_final_proj_effect": 0.38706401321623063,
        "mean_patched_rank": 160.5,
        "mean_pmv_effect": -0.028645833333333332,
        "mean_rank_effect": 7.194444444444445,
        "mean_source_group_len": 8.0,
        "n": 72,
        "patched_best_other_route": {
          "continuation": 1,
          "prose": 71
        },
        "patched_top1_rate": 0.0,
        "success_change_rate": 0.0
      },
      {
        "condition": "restore|delta_relation",
        "mean_final_proj_effect": -0.43409690592024064,
        "mean_patched_rank": 172.86111111111111,
        "mean_pmv_effect": -0.06510416666666667,
        "mean_rank_effect": -5.166666666666667,
        "mean_source_group_len": 2.0,
        "n": 72,
        "patched_best_other_route": {
          "prose": 72
        },
        "patched_top1_rate": 0.0,
        "success_change_rate": 0.0
      },
      {
        "condition": "restore|delta_question_line",
        "mean_final_proj_effect": -0.4525640043947432,
        "mean_patched_rank": 169.19444444444446,
        "mean_pmv_effect": -0.05642361111111111,
        "mean_rank_effect": -1.5,
        "mean_source_group_len": 10.416666666666666,
        "n": 72,
        "patched_best_other_route": {
          "prose": 72
        },
        "patched_top1_rate": 0.0,
        "success_change_rate": 0.0
      }
    ],
    "by_condition": {
      "degradation|delta_answer_line": {
        "mean_final_proj_effect": 3.353042744927936,
        "mean_patched_rank": 1.3888888888888888,
        "mean_pmv_effect": 0.7699652777777778,
        "mean_rank_effect": 0.3888888888888889,
        "mean_source_group_len": 2.0,
        "n": 72,
        "patched_best_other_route": {
          "prose": 72
        },
        "patched_top1_rate": 0.75,
        "success_change_rate": 0.25
      },
      "degradation|delta_instruction_line": {
        "mean_final_proj_effect": 0.7808177371819814,
        "mean_patched_rank": 1.0138888888888888,
        "mean_pmv_effect": -0.026909722222222224,
        "mean_rank_effect": 0.013888888888888888,
        "mean_source_group_len": 11.0,
        "n": 72,
        "patched_best_other_route": {
          "prose": 72
        },
        "patched_top1_rate": 0.9861111111111112,
        "success_change_rate": 0.013888888888888888
      },
      "degradation|delta_object_name": {
        "mean_final_proj_effect": 1.1104439662562475,
        "mean_patched_rank": 1.1388888888888888,
        "mean_pmv_effect": 0.0998263888888889,
        "mean_rank_effect": 0.1388888888888889,
        "mean_source_group_len": 11.472222222222221,
        "n": 72,
        "patched_best_other_route": {
          "prose": 72
        },
        "patched_top1_rate": 0.9444444444444444,
        "success_change_rate": 0.05555555555555555
      },
      "degradation|delta_question_line": {
        "mean_final_proj_effect": -0.2360338999165429,
        "mean_patched_rank": 1.0,
        "mean_pmv_effect": -0.0026041666666666665,
        "mean_rank_effect": 0.0,
        "mean_source_group_len": 10.416666666666666,
        "n": 72,
        "patched_best_other_route": {
          "prose": 72
        },
        "patched_top1_rate": 1.0,
        "success_change_rate": 0.0
      },
      "degradation|delta_record_line": {
        "mean_final_proj_effect": 18.16960349347856,
        "mean_patched_rank": 5.5,
        "mean_pmv_effect": 2.0338541666666665,
        "mean_rank_effect": 4.5,
        "mean_source_group_len": 29.76388888888889,
        "n": 72,
        "patched_best_other_route": {
          "prose": 72
        },
        "patched_top1_rate": 0.4027777777777778,
        "success_change_rate": 0.5972222222222222
      },
      "degradation|delta_record_non_value": {
        "mean_final_proj_effect": 0.33893304732110763,
        "mean_patched_rank": 1.0972222222222223,
        "mean_pmv_effect": -0.014756944444444444,
        "mean_rank_effect": 0.09722222222222222,
        "mean_source_group_len": 25.444444444444443,
        "n": 72,
        "patched_best_other_route": {
          "prose": 72
        },
        "patched_top1_rate": 0.9722222222222222,
        "success_change_rate": 0.027777777777777776
      },
      "degradation|delta_relation": {
        "mean_final_proj_effect": -0.5092136793666415,
        "mean_patched_rank": 1.0,
        "mean_pmv_effect": -0.07465277777777778,
        "mean_rank_effect": 0.0,
        "mean_source_group_len": 2.0,
        "n": 72,
        "patched_best_other_route": {
          "prose": 72
        },
        "patched_top1_rate": 1.0,
        "success_change_rate": 0.0
      },
      "degradation|delta_self_last": {
        "mean_final_proj_effect": 2.065616097715166,
        "mean_patched_rank": 1.25,
        "mean_pmv_effect": 0.6371527777777778,
        "mean_rank_effect": 0.25,
        "mean_source_group_len": 1.0,
        "n": 72,
        "patched_best_other_route": {
          "prose": 72
        },
        "patched_top1_rate": 0.8194444444444444,
        "success_change_rate": 0.18055555555555555
      },
      "degradation|delta_target_value": {
        "mean_final_proj_effect": 18.552836885054905,
        "mean_patched_rank": 8.555555555555555,
        "mean_pmv_effect": 2.1128472222222223,
        "mean_rank_effect": 7.555555555555555,
        "mean_source_group_len": 4.319444444444445,
        "n": 72,
        "patched_best_other_route": {
          "prose": 72
        },
        "patched_top1_rate": 0.375,
        "success_change_rate": 0.625
      },
      "degradation|full_top32_head_slot": {
        "mean_final_proj_effect": 32.46361005637381,
        "mean_patched_rank": 66.31944444444444,
        "mean_pmv_effect": 4.626302083333333,
        "mean_rank_effect": 65.31944444444444,
        "mean_source_group_len": 0.0,
        "n": 72,
        "patched_best_other_route": {
          "prose": 72
        },
        "patched_top1_rate": 0.125,
        "success_change_rate": 0.875
      },
      "erase|erase_answer_line": {
        "mean_final_proj_effect": 5.43349352478981,
        "mean_patched_rank": 1.4583333333333333,
        "mean_pmv_effect": 0.7717013888888888,
        "mean_rank_effect": 0.4583333333333333,
        "mean_source_group_len": 2.0,
        "n": 72,
        "patched_best_other_route": {
          "prose": 72
        },
        "patched_top1_rate": 0.6666666666666666,
        "success_change_rate": 0.3333333333333333
      },
      "erase|erase_instruction_line": {
        "mean_final_proj_effect": -0.3159161839220259,
        "mean_patched_rank": 1.0,
        "mean_pmv_effect": -0.08072916666666667,
        "mean_rank_effect": 0.0,
        "mean_source_group_len": 11.0,
        "n": 72,
        "patched_best_other_route": {
          "prose": 72
        },
        "patched_top1_rate": 1.0,
        "success_change_rate": 0.0
      },
      "erase|erase_object_name": {
        "mean_final_proj_effect": 4.158299972613652,
        "mean_patched_rank": 3.7916666666666665,
        "mean_pmv_effect": 0.7543402777777778,
        "mean_rank_effect": 2.7916666666666665,
        "mean_source_group_len": 11.472222222222221,
        "n": 72,
        "patched_best_other_route": {
          "prose": 72
        },
        "patched_top1_rate": 0.8333333333333334,
        "success_change_rate": 0.16666666666666666
      },
      "erase|erase_question_line": {
        "mean_final_proj_effect": 0.36073221100701225,
        "mean_patched_rank": 1.0416666666666667,
        "mean_pmv_effect": -0.08246527777777778,
        "mean_rank_effect": 0.041666666666666664,
        "mean_source_group_len": 10.416666666666666,
        "n": 72,
        "patched_best_other_route": {
          "prose": 72
        },
        "patched_top1_rate": 0.9583333333333334,
        "success_change_rate": 0.041666666666666664
      },
      "erase|erase_record_line": {
        "mean_final_proj_effect": 43.697484304507576,
        "mean_patched_rank": 94.83333333333333,
        "mean_pmv_effect": 6.318142361111111,
        "mean_rank_effect": 93.83333333333333,
        "mean_source_group_len": 29.76388888888889,
        "n": 72,
        "patched_best_other_route": {
          "prose": 72
        },
        "patched_top1_rate": 0.06944444444444445,
        "success_change_rate": 0.9305555555555556
      },
      "erase|erase_record_non_value": {
        "mean_final_proj_effect": 1.4676048060258229,
        "mean_patched_rank": 1.7083333333333333,
        "mean_pmv_effect": 0.2899305555555556,
        "mean_rank_effect": 0.7083333333333334,
        "mean_source_group_len": 25.444444444444443,
        "n": 72,
        "patched_best_other_route": {
          "prose": 72
        },
        "patched_top1_rate": 0.8472222222222222,
        "success_change_rate": 0.1527777777777778
      },
      "erase|erase_relation": {
        "mean_final_proj_effect": -0.13391031490431893,
        "mean_patched_rank": 1.0,
        "mean_pmv_effect": -0.1440972222222222,
        "mean_rank_effect": 0.0,
        "mean_source_group_len": 2.0,
        "n": 72,
        "patched_best_other_route": {
          "prose": 72
        },
        "patched_top1_rate": 1.0,
        "success_change_rate": 0.0
      },
      "erase|erase_self_last": {
        "mean_final_proj_effect": 6.307118637694253,
        "mean_patched_rank": 1.875,
        "mean_pmv_effect": 1.1545138888888888,
        "mean_rank_effect": 0.875,
        "mean_source_group_len": 1.0,
        "n": 72,
        "patched_best_other_route": {
          "prose": 72
        },
        "patched_top1_rate": 0.5972222222222222,
        "success_change_rate": 0.4027777777777778
      },
      "erase|erase_target_value": {
        "mean_final_proj_effect": 44.053919772307076,
        "mean_patched_rank": 161.84722222222223,
        "mean_pmv_effect": 6.190538194444445,
        "mean_rank_effect": 160.84722222222223,
        "mean_source_group_len": 4.319444444444445,
        "n": 72,
        "patched_best_other_route": {
          "prose": 72
        },
        "patched_top1_rate": 0.18055555555555555,
        "success_change_rate": 0.8194444444444444
      },
      "restore|delta_answer_line": {
        "mean_final_proj_effect": 4.8999258312914105,
        "mean_patched_rank": 37.5,
        "mean_pmv_effect": 1.6779513888888888,
        "mean_rank_effect": 130.19444444444446,
        "mean_source_group_len": 2.0,
        "n": 72,
        "patched_best_other_route": {
          "prose": 72
        },
        "patched_top1_rate": 0.09722222222222222,
        "success_change_rate": 0.09722222222222222
      },
      "restore|delta_instruction_line": {
        "mean_final_proj_effect": 0.38706401321623063,
        "mean_patched_rank": 160.5,
        "mean_pmv_effect": -0.028645833333333332,
        "mean_rank_effect": 7.194444444444445,
        "mean_source_group_len": 8.0,
        "n": 72,
        "patched_best_other_route": {
          "continuation": 1,
          "prose": 71
        },
        "patched_top1_rate": 0.0,
        "success_change_rate": 0.0
      },
      "restore|delta_object_name": {
        "mean_final_proj_effect": 1.1196195152070787,
        "mean_patched_rank": 170.05555555555554,
        "mean_pmv_effect": 0.20811631944444445,
        "mean_rank_effect": -2.361111111111111,
        "mean_source_group_len": 11.472222222222221,
        "n": 72,
        "patched_best_other_route": {
          "prose": 72
        },
        "patched_top1_rate": 0.06944444444444445,
        "success_change_rate": 0.06944444444444445
      },
      "restore|delta_question_line": {
        "mean_final_proj_effect": -0.4525640043947432,
        "mean_patched_rank": 169.19444444444446,
        "mean_pmv_effect": -0.05642361111111111,
        "mean_rank_effect": -1.5,
        "mean_source_group_len": 10.416666666666666,
        "n": 72,
        "patched_best_other_route": {
          "prose": 72
        },
        "patched_top1_rate": 0.0,
        "success_change_rate": 0.0
      },
      "restore|delta_record_line": {
        "mean_final_proj_effect": 22.6117142604457,
        "mean_patched_rank": 3.3472222222222223,
        "mean_pmv_effect": 4.008680555555555,
        "mean_rank_effect": 164.34722222222223,
        "mean_source_group_len": 29.76388888888889,
        "n": 72,
        "patched_best_other_route": {
          "prose": 72
        },
        "patched_top1_rate": 0.375,
        "success_change_rate": 0.375
      },
      "restore|delta_record_non_value": {
        "mean_final_proj_effect": 0.08141436841752794,
        "mean_patched_rank": 197.81944444444446,
        "mean_pmv_effect": 0.0642361111111111,
        "mean_rank_effect": -30.125,
        "mean_source_group_len": 25.444444444444443,
        "n": 72,
        "patched_best_other_route": {
          "continuation": 1,
          "prose": 71
        },
        "patched_top1_rate": 0.06944444444444445,
        "success_change_rate": 0.06944444444444445
      },
      "restore|delta_relation": {
        "mean_final_proj_effect": -0.43409690592024064,
        "mean_patched_rank": 172.86111111111111,
        "mean_pmv_effect": -0.06510416666666667,
        "mean_rank_effect": -5.166666666666667,
        "mean_source_group_len": 2.0,
        "n": 72,
        "patched_best_other_route": {
          "prose": 72
        },
        "patched_top1_rate": 0.0,
        "success_change_rate": 0.0
      },
      "restore|delta_self_last": {
        "mean_final_proj_effect": 4.079536461167866,
        "mean_patched_rank": 45.72222222222222,
        "mean_pmv_effect": 1.4487847222222223,
        "mean_rank_effect": 121.97222222222223,
        "mean_source_group_len": 1.0,
        "n": 72,
        "patched_best_other_route": {
          "prose": 72
        },
        "patched_top1_rate": 0.041666666666666664,
        "success_change_rate": 0.041666666666666664
      },
      "restore|delta_target_value": {
        "mean_final_proj_effect": 21.795254753695595,
        "mean_patched_rank": 3.4166666666666665,
        "mean_pmv_effect": 3.857638888888889,
        "mean_rank_effect": 164.27777777777777,
        "mean_source_group_len": 4.319444444444445,
        "n": 72,
        "patched_best_other_route": {
          "prose": 72
        },
        "patched_top1_rate": 0.3055555555555556,
        "success_change_rate": 0.3055555555555556
      },
      "restore|full_top32_head_slot": {
        "mean_final_proj_effect": 30.117128603988224,
        "mean_patched_rank": 1.5277777777777777,
        "mean_pmv_effect": 5.622395833333333,
        "mean_rank_effect": 166.16666666666666,
        "mean_source_group_len": 0.0,
        "n": 72,
        "patched_best_other_route": {
          "prose": 72
        },
        "patched_top1_rate": 0.7361111111111112,
        "success_change_rate": 0.7361111111111112
      }
    },
    "model": "deepseek7b",
    "n_paired_cases": 72,
    "n_rows": 2088,
    "top_heads": [
      {
        "head": 15,
        "head_key": "L26H15",
        "layer": 26,
        "mean_delta_norm": 29.248977922730976,
        "mean_direct_effect": 4.4925542091433375
      },
      {
        "head": 19,
        "head_key": "L26H19",
        "layer": 26,
        "mean_delta_norm": 19.06778096159299,
        "mean_direct_effect": 4.2177774300022675
      },
      {
        "head": 11,
        "head_key": "L23H11",
        "layer": 23,
        "mean_delta_norm": 23.177777217494118,
        "mean_direct_effect": 2.973575750986735
      },
      {
        "head": 2,
        "head_key": "L27H2",
        "layer": 27,
        "mean_delta_norm": 11.188924981488121,
        "mean_direct_effect": 2.539202939434391
      },
      {
        "head": 19,
        "head_key": "L23H19",
        "layer": 23,
        "mean_delta_norm": 10.124662246969011,
        "mean_direct_effect": 1.4362748730927706
      },
      {
        "head": 0,
        "head_key": "L26H0",
        "layer": 26,
        "mean_delta_norm": 7.609525624248716,
        "mean_direct_effect": 1.2225809053828318
      },
      {
        "head": 3,
        "head_key": "L27H3",
        "layer": 27,
        "mean_delta_norm": 7.116602563195759,
        "mean_direct_effect": 0.9806504672807124
      },
      {
        "head": 14,
        "head_key": "L26H14",
        "layer": 26,
        "mean_delta_norm": 12.313356475697624,
        "mean_direct_effect": 0.8729744055825803
      },
      {
        "head": 24,
        "head_key": "L26H24",
        "layer": 26,
        "mean_delta_norm": 9.492230375607809,
        "mean_direct_effect": 0.7749587056330509
      },
      {
        "head": 17,
        "head_key": "L27H17",
        "layer": 27,
        "mean_delta_norm": 14.5741415851646,
        "mean_direct_effect": 0.7687556908155481
      },
      {
        "head": 19,
        "head_key": "L27H19",
        "layer": 27,
        "mean_delta_norm": 10.1534104347229,
        "mean_direct_effect": 0.7633171753647426
      },
      {
        "head": 18,
        "head_key": "L23H18",
        "layer": 23,
        "mean_delta_norm": 5.078802863756816,
        "mean_direct_effect": 0.7377331018603096
      },
      {
        "head": 25,
        "head_key": "L26H25",
        "layer": 26,
        "mean_delta_norm": 12.18548615773519,
        "mean_direct_effect": 0.7189168700327476
      },
      {
        "head": 24,
        "head_key": "L27H24",
        "layer": 27,
        "mean_delta_norm": 7.849318673213323,
        "mean_direct_effect": 0.7153872634387679
      },
      {
        "head": 3,
        "head_key": "L26H3",
        "layer": 26,
        "mean_delta_norm": 5.540479630231857,
        "mean_direct_effect": 0.6898659559535898
      },
      {
        "head": 17,
        "head_key": "L26H17",
        "layer": 26,
        "mean_delta_norm": 9.831613653235966,
        "mean_direct_effect": 0.6339309266250994
      },
      {
        "head": 26,
        "head_key": "L26H26",
        "layer": 26,
        "mean_delta_norm": 8.242560856872135,
        "mean_direct_effect": 0.6307287169620395
      },
      {
        "head": 23,
        "head_key": "L26H23",
        "layer": 26,
        "mean_delta_norm": 7.551541325118807,
        "mean_direct_effect": 0.433489599575599
      },
      {
        "head": 27,
        "head_key": "L24H27",
        "layer": 24,
        "mean_delta_norm": 7.981577588452233,
        "mean_direct_effect": 0.42334129847586155
      },
      {
        "head": 9,
        "head_key": "L25H9",
        "layer": 25,
        "mean_delta_norm": 5.910101824336582,
        "mean_direct_effect": 0.38926081583162564
      },
      {
        "head": 6,
        "head_key": "L26H6",
        "layer": 26,
        "mean_delta_norm": 5.517323878076342,
        "mean_direct_effect": 0.3613440594635904
      },
      {
        "head": 21,
        "head_key": "L24H21",
        "layer": 24,
        "mean_delta_norm": 6.268677466445499,
        "mean_direct_effect": 0.359568784556662
      },
      {
        "head": 5,
        "head_key": "L23H5",
        "layer": 23,
        "mean_delta_norm": 5.941143479612139,
        "mean_direct_effect": 0.3467910471889708
      },
      {
        "head": 12,
        "head_key": "L25H12",
        "layer": 25,
        "mean_delta_norm": 5.101514693763521,
        "mean_direct_effect": 0.31159046111214495
      },
      {
        "head": 16,
        "head_key": "L24H16",
        "layer": 24,
        "mean_delta_norm": 4.94353688094351,
        "mean_direct_effect": 0.27811968559399247
      },
      {
        "head": 1,
        "head_key": "L26H1",
        "layer": 26,
        "mean_delta_norm": 5.3902922504478035,
        "mean_direct_effect": 0.23483875717243385
      },
      {
        "head": 14,
        "head_key": "L25H14",
        "layer": 25,
        "mean_delta_norm": 8.33845697508918,
        "mean_direct_effect": 0.23077295855101612
      },
      {
        "head": 1,
        "head_key": "L27H1",
        "layer": 27,
        "mean_delta_norm": 8.816206577751371,
        "mean_direct_effect": 0.23056770811995697
      },
      {
        "head": 5,
        "head_key": "L27H5",
        "layer": 27,
        "mean_delta_norm": 6.022420446077983,
        "mean_direct_effect": 0.21602384596028262
      },
      {
        "head": 6,
        "head_key": "L23H6",
        "layer": 23,
        "mean_delta_norm": 3.7144250952535205,
        "mean_direct_effect": 0.211940202034182
      },
      {
        "head": 23,
        "head_key": "L24H23",
        "layer": 24,
        "mean_delta_norm": 4.0265012019210396,
        "mean_direct_effect": 0.19667107531697386
      },
      {
        "head": 11,
        "head_key": "L26H11",
        "layer": 26,
        "mean_delta_norm": 5.570882015758091,
        "mean_direct_effect": 0.18218871063759756
      }
    ]
  },
  "timestamp": "2026-06-26 17:22:04",
  "title": "Answer-Last Head Source-Token Causal Patch Audit",
  "top_heads": 32,
  "transfer_layers": [
    23,
    24,
    25,
    26,
    27
  ]
}
