`torch_dtype` is deprecated! Use `dtype` instead!
Loading weights:   0%|          | 0/443 [00:00<?, ?it/s]Loading weights:   0%|          | 2/443 [00:00<00:44,  9.89it/s]Loading weights:   6%|▌         | 27/443 [00:00<00:03, 105.36it/s]Loading weights:  14%|█▎        | 60/443 [00:00<00:02, 185.09it/s]Loading weights:  21%|██        | 92/443 [00:00<00:01, 226.15it/s]Loading weights:  28%|██▊       | 125/443 [00:00<00:01, 253.06it/s]Loading weights:  35%|███▍      | 153/443 [00:00<00:01, 259.83it/s]Loading weights:  42%|████▏     | 186/443 [00:00<00:00, 274.64it/s]Loading weights:  50%|████▉     | 221/443 [00:00<00:00, 290.83it/s]Loading weights:  58%|█████▊    | 257/443 [00:01<00:00, 307.80it/s]Loading weights:  65%|██████▌   | 290/443 [00:01<00:00, 312.92it/s]Loading weights:  73%|███████▎  | 322/443 [00:01<00:00, 311.64it/s]Loading weights:  80%|███████▉  | 354/443 [00:01<00:00, 304.83it/s]Loading weights:  88%|████████▊ | 390/443 [00:01<00:00, 319.15it/s]Loading weights:  96%|█████████▋| 427/443 [00:01<00:00, 331.67it/s]Loading weights: 100%|██████████| 443/443 [00:01<00:00, 275.78it/s]
[17:20:13] Loaded glm4: class=GlmForCausalLM, GPU=18.80GB, attn=eager
[17:20:21] glm4: source causal patched 5/5 paired cases
[model_utils] GPU memory released, allocated=18.81 GB
{
  "model": "glm4",
  "n_paired_cases": 5,
  "phase": 699,
  "source_groups": [
    "target_value",
    "record_line",
    "record_non_value",
    "relation",
    "object_name",
    "instruction_line",
    "question_line",
    "answer_line",
    "self_last"
  ],
  "summary": {
    "best_degradation_conditions": [
      {
        "condition": "degradation|full_top32_head_slot",
        "mean_final_proj_effect": 1.123831605911255,
        "mean_patched_rank": 1.0,
        "mean_pmv_effect": 0.0,
        "mean_rank_effect": 0.0,
        "mean_source_group_len": 0.0,
        "n": 5,
        "patched_best_other_route": {
          "prose": 5
        },
        "patched_top1_rate": 1.0,
        "success_change_rate": 0.0
      },
      {
        "condition": "degradation|delta_answer_line",
        "mean_final_proj_effect": 0.5254084587097168,
        "mean_patched_rank": 1.0,
        "mean_pmv_effect": -0.0125,
        "mean_rank_effect": 0.0,
        "mean_source_group_len": 2.0,
        "n": 5,
        "patched_best_other_route": {
          "prose": 5
        },
        "patched_top1_rate": 1.0,
        "success_change_rate": 0.0
      },
      {
        "condition": "degradation|delta_instruction_line",
        "mean_final_proj_effect": 0.42565178871154785,
        "mean_patched_rank": 1.0,
        "mean_pmv_effect": -0.025,
        "mean_rank_effect": 0.0,
        "mean_source_group_len": 11.0,
        "n": 5,
        "patched_best_other_route": {
          "prose": 5
        },
        "patched_top1_rate": 1.0,
        "success_change_rate": 0.0
      },
      {
        "condition": "degradation|delta_self_last",
        "mean_final_proj_effect": 0.3383972644805908,
        "mean_patched_rank": 1.0,
        "mean_pmv_effect": 0.0125,
        "mean_rank_effect": 0.0,
        "mean_source_group_len": 1.0,
        "n": 5,
        "patched_best_other_route": {
          "prose": 5
        },
        "patched_top1_rate": 1.0,
        "success_change_rate": 0.0
      },
      {
        "condition": "degradation|delta_record_non_value",
        "mean_final_proj_effect": 0.13154473304748535,
        "mean_patched_rank": 1.0,
        "mean_pmv_effect": 0.0,
        "mean_rank_effect": 0.0,
        "mean_source_group_len": 25.0,
        "n": 5,
        "patched_best_other_route": {
          "prose": 5
        },
        "patched_top1_rate": 1.0,
        "success_change_rate": 0.0
      },
      {
        "condition": "degradation|delta_record_line",
        "mean_final_proj_effect": 0.07639474868774414,
        "mean_patched_rank": 1.0,
        "mean_pmv_effect": 0.0,
        "mean_rank_effect": 0.0,
        "mean_source_group_len": 26.0,
        "n": 5,
        "patched_best_other_route": {
          "prose": 5
        },
        "patched_top1_rate": 1.0,
        "success_change_rate": 0.0
      },
      {
        "condition": "degradation|delta_object_name",
        "mean_final_proj_effect": -0.033054041862487796,
        "mean_patched_rank": 1.0,
        "mean_pmv_effect": 0.0,
        "mean_rank_effect": 0.0,
        "mean_source_group_len": 10.0,
        "n": 5,
        "patched_best_other_route": {
          "prose": 5
        },
        "patched_top1_rate": 1.0,
        "success_change_rate": 0.0
      },
      {
        "condition": "degradation|delta_question_line",
        "mean_final_proj_effect": -0.03408081531524658,
        "mean_patched_rank": 1.0,
        "mean_pmv_effect": -0.0125,
        "mean_rank_effect": 0.0,
        "mean_source_group_len": 10.0,
        "n": 5,
        "patched_best_other_route": {
          "prose": 5
        },
        "patched_top1_rate": 1.0,
        "success_change_rate": 0.0
      },
      {
        "condition": "degradation|delta_relation",
        "mean_final_proj_effect": -0.041322755813598636,
        "mean_patched_rank": 1.0,
        "mean_pmv_effect": -0.0125,
        "mean_rank_effect": 0.0,
        "mean_source_group_len": 2.0,
        "n": 5,
        "patched_best_other_route": {
          "prose": 5
        },
        "patched_top1_rate": 1.0,
        "success_change_rate": 0.0
      },
      {
        "condition": "degradation|delta_target_value",
        "mean_final_proj_effect": -0.097886061668396,
        "mean_patched_rank": 1.0,
        "mean_pmv_effect": -0.0375,
        "mean_rank_effect": 0.0,
        "mean_source_group_len": 1.0,
        "n": 5,
        "patched_best_other_route": {
          "prose": 5
        },
        "patched_top1_rate": 1.0,
        "success_change_rate": 0.0
      }
    ],
    "best_erase_conditions": [
      {
        "condition": "erase|erase_answer_line",
        "mean_final_proj_effect": 0.4428213596343994,
        "mean_patched_rank": 1.0,
        "mean_pmv_effect": 0.125,
        "mean_rank_effect": 0.0,
        "mean_source_group_len": 2.0,
        "n": 5,
        "patched_best_other_route": {
          "prose": 5
        },
        "patched_top1_rate": 1.0,
        "success_change_rate": 0.0
      },
      {
        "condition": "erase|erase_self_last",
        "mean_final_proj_effect": 0.26930649280548097,
        "mean_patched_rank": 1.0,
        "mean_pmv_effect": 0.1,
        "mean_rank_effect": 0.0,
        "mean_source_group_len": 1.0,
        "n": 5,
        "patched_best_other_route": {
          "prose": 5
        },
        "patched_top1_rate": 1.0,
        "success_change_rate": 0.0
      },
      {
        "condition": "erase|erase_relation",
        "mean_final_proj_effect": -0.02992410659790039,
        "mean_patched_rank": 1.0,
        "mean_pmv_effect": -0.025,
        "mean_rank_effect": 0.0,
        "mean_source_group_len": 2.0,
        "n": 5,
        "patched_best_other_route": {
          "prose": 5
        },
        "patched_top1_rate": 1.0,
        "success_change_rate": 0.0
      },
      {
        "condition": "erase|erase_question_line",
        "mean_final_proj_effect": -0.1255127191543579,
        "mean_patched_rank": 1.0,
        "mean_pmv_effect": -0.05,
        "mean_rank_effect": 0.0,
        "mean_source_group_len": 10.0,
        "n": 5,
        "patched_best_other_route": {
          "prose": 5
        },
        "patched_top1_rate": 1.0,
        "success_change_rate": 0.0
      },
      {
        "condition": "erase|erase_target_value",
        "mean_final_proj_effect": -0.15458543300628663,
        "mean_patched_rank": 1.0,
        "mean_pmv_effect": -0.0875,
        "mean_rank_effect": 0.0,
        "mean_source_group_len": 1.0,
        "n": 5,
        "patched_best_other_route": {
          "prose": 5
        },
        "patched_top1_rate": 1.0,
        "success_change_rate": 0.0
      },
      {
        "condition": "erase|erase_instruction_line",
        "mean_final_proj_effect": -0.2013690948486328,
        "mean_patched_rank": 1.0,
        "mean_pmv_effect": 0.0125,
        "mean_rank_effect": 0.0,
        "mean_source_group_len": 11.0,
        "n": 5,
        "patched_best_other_route": {
          "prose": 5
        },
        "patched_top1_rate": 1.0,
        "success_change_rate": 0.0
      },
      {
        "condition": "erase|erase_object_name",
        "mean_final_proj_effect": -0.2195432424545288,
        "mean_patched_rank": 1.0,
        "mean_pmv_effect": -0.0625,
        "mean_rank_effect": 0.0,
        "mean_source_group_len": 10.0,
        "n": 5,
        "patched_best_other_route": {
          "prose": 5
        },
        "patched_top1_rate": 1.0,
        "success_change_rate": 0.0
      },
      {
        "condition": "erase|erase_record_non_value",
        "mean_final_proj_effect": -0.9331166505813598,
        "mean_patched_rank": 1.0,
        "mean_pmv_effect": -0.1,
        "mean_rank_effect": 0.0,
        "mean_source_group_len": 25.0,
        "n": 5,
        "patched_best_other_route": {
          "prose": 5
        },
        "patched_top1_rate": 1.0,
        "success_change_rate": 0.0
      },
      {
        "condition": "erase|erase_record_line",
        "mean_final_proj_effect": -1.0612123250961303,
        "mean_patched_rank": 1.0,
        "mean_pmv_effect": -0.1625,
        "mean_rank_effect": 0.0,
        "mean_source_group_len": 26.0,
        "n": 5,
        "patched_best_other_route": {
          "prose": 5
        },
        "patched_top1_rate": 1.0,
        "success_change_rate": 0.0
      }
    ],
    "best_restore_conditions": [
      {
        "condition": "restore|full_top32_head_slot",
        "mean_final_proj_effect": 0.53586847782135,
        "mean_patched_rank": 2.2,
        "mean_pmv_effect": 0.01875,
        "mean_rank_effect": -0.2,
        "mean_source_group_len": 0.0,
        "n": 5,
        "patched_best_other_route": {
          "continuation": 5
        },
        "patched_top1_rate": 0.0,
        "success_change_rate": 0.0
      },
      {
        "condition": "restore|delta_answer_line",
        "mean_final_proj_effect": 0.3347944259643555,
        "mean_patched_rank": 2.0,
        "mean_pmv_effect": 0.06875,
        "mean_rank_effect": 0.0,
        "mean_source_group_len": 2.0,
        "n": 5,
        "patched_best_other_route": {
          "continuation": 5
        },
        "patched_top1_rate": 0.0,
        "success_change_rate": 0.0
      },
      {
        "condition": "restore|delta_self_last",
        "mean_final_proj_effect": 0.25012979507446287,
        "mean_patched_rank": 2.2,
        "mean_pmv_effect": 0.05,
        "mean_rank_effect": -0.2,
        "mean_source_group_len": 1.0,
        "n": 5,
        "patched_best_other_route": {
          "continuation": 5
        },
        "patched_top1_rate": 0.0,
        "success_change_rate": 0.0
      },
      {
        "condition": "restore|delta_instruction_line",
        "mean_final_proj_effect": 0.17284586429595947,
        "mean_patched_rank": 2.0,
        "mean_pmv_effect": 0.0,
        "mean_rank_effect": 0.0,
        "mean_source_group_len": 8.0,
        "n": 5,
        "patched_best_other_route": {
          "continuation": 5
        },
        "patched_top1_rate": 0.0,
        "success_change_rate": 0.0
      },
      {
        "condition": "restore|delta_record_non_value",
        "mean_final_proj_effect": 0.06916213035583496,
        "mean_patched_rank": 2.0,
        "mean_pmv_effect": -0.025,
        "mean_rank_effect": 0.0,
        "mean_source_group_len": 25.0,
        "n": 5,
        "patched_best_other_route": {
          "continuation": 5
        },
        "patched_top1_rate": 0.0,
        "success_change_rate": 0.0
      },
      {
        "condition": "restore|delta_object_name",
        "mean_final_proj_effect": 0.003732728958129883,
        "mean_patched_rank": 2.0,
        "mean_pmv_effect": -0.0125,
        "mean_rank_effect": 0.0,
        "mean_source_group_len": 10.0,
        "n": 5,
        "patched_best_other_route": {
          "continuation": 5
        },
        "patched_top1_rate": 0.0,
        "success_change_rate": 0.0
      },
      {
        "condition": "restore|delta_record_line",
        "mean_final_proj_effect": 0.003338623046875,
        "mean_patched_rank": 2.0,
        "mean_pmv_effect": -0.025,
        "mean_rank_effect": 0.0,
        "mean_source_group_len": 26.0,
        "n": 5,
        "patched_best_other_route": {
          "continuation": 5
        },
        "patched_top1_rate": 0.0,
        "success_change_rate": 0.0
      },
      {
        "condition": "restore|delta_question_line",
        "mean_final_proj_effect": 8.246898651123046e-05,
        "mean_patched_rank": 2.0,
        "mean_pmv_effect": -0.0375,
        "mean_rank_effect": 0.0,
        "mean_source_group_len": 10.0,
        "n": 5,
        "patched_best_other_route": {
          "continuation": 5
        },
        "patched_top1_rate": 0.0,
        "success_change_rate": 0.0
      },
      {
        "condition": "restore|delta_relation",
        "mean_final_proj_effect": -0.00408179759979248,
        "mean_patched_rank": 2.0,
        "mean_pmv_effect": -0.0125,
        "mean_rank_effect": 0.0,
        "mean_source_group_len": 2.0,
        "n": 5,
        "patched_best_other_route": {
          "continuation": 5
        },
        "patched_top1_rate": 0.0,
        "success_change_rate": 0.0
      },
      {
        "condition": "restore|delta_target_value",
        "mean_final_proj_effect": -0.07105789184570313,
        "mean_patched_rank": 2.0,
        "mean_pmv_effect": -0.0375,
        "mean_rank_effect": 0.0,
        "mean_source_group_len": 1.0,
        "n": 5,
        "patched_best_other_route": {
          "continuation": 5
        },
        "patched_top1_rate": 0.0,
        "success_change_rate": 0.0
      }
    ],
    "by_condition": {
      "degradation|delta_answer_line": {
        "mean_final_proj_effect": 0.5254084587097168,
        "mean_patched_rank": 1.0,
        "mean_pmv_effect": -0.0125,
        "mean_rank_effect": 0.0,
        "mean_source_group_len": 2.0,
        "n": 5,
        "patched_best_other_route": {
          "prose": 5
        },
        "patched_top1_rate": 1.0,
        "success_change_rate": 0.0
      },
      "degradation|delta_instruction_line": {
        "mean_final_proj_effect": 0.42565178871154785,
        "mean_patched_rank": 1.0,
        "mean_pmv_effect": -0.025,
        "mean_rank_effect": 0.0,
        "mean_source_group_len": 11.0,
        "n": 5,
        "patched_best_other_route": {
          "prose": 5
        },
        "patched_top1_rate": 1.0,
        "success_change_rate": 0.0
      },
      "degradation|delta_object_name": {
        "mean_final_proj_effect": -0.033054041862487796,
        "mean_patched_rank": 1.0,
        "mean_pmv_effect": 0.0,
        "mean_rank_effect": 0.0,
        "mean_source_group_len": 10.0,
        "n": 5,
        "patched_best_other_route": {
          "prose": 5
        },
        "patched_top1_rate": 1.0,
        "success_change_rate": 0.0
      },
      "degradation|delta_question_line": {
        "mean_final_proj_effect": -0.03408081531524658,
        "mean_patched_rank": 1.0,
        "mean_pmv_effect": -0.0125,
        "mean_rank_effect": 0.0,
        "mean_source_group_len": 10.0,
        "n": 5,
        "patched_best_other_route": {
          "prose": 5
        },
        "patched_top1_rate": 1.0,
        "success_change_rate": 0.0
      },
      "degradation|delta_record_line": {
        "mean_final_proj_effect": 0.07639474868774414,
        "mean_patched_rank": 1.0,
        "mean_pmv_effect": 0.0,
        "mean_rank_effect": 0.0,
        "mean_source_group_len": 26.0,
        "n": 5,
        "patched_best_other_route": {
          "prose": 5
        },
        "patched_top1_rate": 1.0,
        "success_change_rate": 0.0
      },
      "degradation|delta_record_non_value": {
        "mean_final_proj_effect": 0.13154473304748535,
        "mean_patched_rank": 1.0,
        "mean_pmv_effect": 0.0,
        "mean_rank_effect": 0.0,
        "mean_source_group_len": 25.0,
        "n": 5,
        "patched_best_other_route": {
          "prose": 5
        },
        "patched_top1_rate": 1.0,
        "success_change_rate": 0.0
      },
      "degradation|delta_relation": {
        "mean_final_proj_effect": -0.041322755813598636,
        "mean_patched_rank": 1.0,
        "mean_pmv_effect": -0.0125,
        "mean_rank_effect": 0.0,
        "mean_source_group_len": 2.0,
        "n": 5,
        "patched_best_other_route": {
          "prose": 5
        },
        "patched_top1_rate": 1.0,
        "success_change_rate": 0.0
      },
      "degradation|delta_self_last": {
        "mean_final_proj_effect": 0.3383972644805908,
        "mean_patched_rank": 1.0,
        "mean_pmv_effect": 0.0125,
        "mean_rank_effect": 0.0,
        "mean_source_group_len": 1.0,
        "n": 5,
        "patched_best_other_route": {
          "prose": 5
        },
        "patched_top1_rate": 1.0,
        "success_change_rate": 0.0
      },
      "degradation|delta_target_value": {
        "mean_final_proj_effect": -0.097886061668396,
        "mean_patched_rank": 1.0,
        "mean_pmv_effect": -0.0375,
        "mean_rank_effect": 0.0,
        "mean_source_group_len": 1.0,
        "n": 5,
        "patched_best_other_route": {
          "prose": 5
        },
        "patched_top1_rate": 1.0,
        "success_change_rate": 0.0
      },
      "degradation|full_top32_head_slot": {
        "mean_final_proj_effect": 1.123831605911255,
        "mean_patched_rank": 1.0,
        "mean_pmv_effect": 0.0,
        "mean_rank_effect": 0.0,
        "mean_source_group_len": 0.0,
        "n": 5,
        "patched_best_other_route": {
          "prose": 5
        },
        "patched_top1_rate": 1.0,
        "success_change_rate": 0.0
      },
      "erase|erase_answer_line": {
        "mean_final_proj_effect": 0.4428213596343994,
        "mean_patched_rank": 1.0,
        "mean_pmv_effect": 0.125,
        "mean_rank_effect": 0.0,
        "mean_source_group_len": 2.0,
        "n": 5,
        "patched_best_other_route": {
          "prose": 5
        },
        "patched_top1_rate": 1.0,
        "success_change_rate": 0.0
      },
      "erase|erase_instruction_line": {
        "mean_final_proj_effect": -0.2013690948486328,
        "mean_patched_rank": 1.0,
        "mean_pmv_effect": 0.0125,
        "mean_rank_effect": 0.0,
        "mean_source_group_len": 11.0,
        "n": 5,
        "patched_best_other_route": {
          "prose": 5
        },
        "patched_top1_rate": 1.0,
        "success_change_rate": 0.0
      },
      "erase|erase_object_name": {
        "mean_final_proj_effect": -0.2195432424545288,
        "mean_patched_rank": 1.0,
        "mean_pmv_effect": -0.0625,
        "mean_rank_effect": 0.0,
        "mean_source_group_len": 10.0,
        "n": 5,
        "patched_best_other_route": {
          "prose": 5
        },
        "patched_top1_rate": 1.0,
        "success_change_rate": 0.0
      },
      "erase|erase_question_line": {
        "mean_final_proj_effect": -0.1255127191543579,
        "mean_patched_rank": 1.0,
        "mean_pmv_effect": -0.05,
        "mean_rank_effect": 0.0,
        "mean_source_group_len": 10.0,
        "n": 5,
        "patched_best_other_route": {
          "prose": 5
        },
        "patched_top1_rate": 1.0,
        "success_change_rate": 0.0
      },
      "erase|erase_record_line": {
        "mean_final_proj_effect": -1.0612123250961303,
        "mean_patched_rank": 1.0,
        "mean_pmv_effect": -0.1625,
        "mean_rank_effect": 0.0,
        "mean_source_group_len": 26.0,
        "n": 5,
        "patched_best_other_route": {
          "prose": 5
        },
        "patched_top1_rate": 1.0,
        "success_change_rate": 0.0
      },
      "erase|erase_record_non_value": {
        "mean_final_proj_effect": -0.9331166505813598,
        "mean_patched_rank": 1.0,
        "mean_pmv_effect": -0.1,
        "mean_rank_effect": 0.0,
        "mean_source_group_len": 25.0,
        "n": 5,
        "patched_best_other_route": {
          "prose": 5
        },
        "patched_top1_rate": 1.0,
        "success_change_rate": 0.0
      },
      "erase|erase_relation": {
        "mean_final_proj_effect": -0.02992410659790039,
        "mean_patched_rank": 1.0,
        "mean_pmv_effect": -0.025,
        "mean_rank_effect": 0.0,
        "mean_source_group_len": 2.0,
        "n": 5,
        "patched_best_other_route": {
          "prose": 5
        },
        "patched_top1_rate": 1.0,
        "success_change_rate": 0.0
      },
      "erase|erase_self_last": {
        "mean_final_proj_effect": 0.26930649280548097,
        "mean_patched_rank": 1.0,
        "mean_pmv_effect": 0.1,
        "mean_rank_effect": 0.0,
        "mean_source_group_len": 1.0,
        "n": 5,
        "patched_best_other_route": {
          "prose": 5
        },
        "patched_top1_rate": 1.0,
        "success_change_rate": 0.0
      },
      "erase|erase_target_value": {
        "mean_final_proj_effect": -0.15458543300628663,
        "mean_patched_rank": 1.0,
        "mean_pmv_effect": -0.0875,
        "mean_rank_effect": 0.0,
        "mean_source_group_len": 1.0,
        "n": 5,
        "patched_best_other_route": {
          "prose": 5
        },
        "patched_top1_rate": 1.0,
        "success_change_rate": 0.0
      },
      "restore|delta_answer_line": {
        "mean_final_proj_effect": 0.3347944259643555,
        "mean_patched_rank": 2.0,
        "mean_pmv_effect": 0.06875,
        "mean_rank_effect": 0.0,
        "mean_source_group_len": 2.0,
        "n": 5,
        "patched_best_other_route": {
          "continuation": 5
        },
        "patched_top1_rate": 0.0,
        "success_change_rate": 0.0
      },
      "restore|delta_instruction_line": {
        "mean_final_proj_effect": 0.17284586429595947,
        "mean_patched_rank": 2.0,
        "mean_pmv_effect": 0.0,
        "mean_rank_effect": 0.0,
        "mean_source_group_len": 8.0,
        "n": 5,
        "patched_best_other_route": {
          "continuation": 5
        },
        "patched_top1_rate": 0.0,
        "success_change_rate": 0.0
      },
      "restore|delta_object_name": {
        "mean_final_proj_effect": 0.003732728958129883,
        "mean_patched_rank": 2.0,
        "mean_pmv_effect": -0.0125,
        "mean_rank_effect": 0.0,
        "mean_source_group_len": 10.0,
        "n": 5,
        "patched_best_other_route": {
          "continuation": 5
        },
        "patched_top1_rate": 0.0,
        "success_change_rate": 0.0
      },
      "restore|delta_question_line": {
        "mean_final_proj_effect": 8.246898651123046e-05,
        "mean_patched_rank": 2.0,
        "mean_pmv_effect": -0.0375,
        "mean_rank_effect": 0.0,
        "mean_source_group_len": 10.0,
        "n": 5,
        "patched_best_other_route": {
          "continuation": 5
        },
        "patched_top1_rate": 0.0,
        "success_change_rate": 0.0
      },
      "restore|delta_record_line": {
        "mean_final_proj_effect": 0.003338623046875,
        "mean_patched_rank": 2.0,
        "mean_pmv_effect": -0.025,
        "mean_rank_effect": 0.0,
        "mean_source_group_len": 26.0,
        "n": 5,
        "patched_best_other_route": {
          "continuation": 5
        },
        "patched_top1_rate": 0.0,
        "success_change_rate": 0.0
      },
      "restore|delta_record_non_value": {
        "mean_final_proj_effect": 0.06916213035583496,
        "mean_patched_rank": 2.0,
        "mean_pmv_effect": -0.025,
        "mean_rank_effect": 0.0,
        "mean_source_group_len": 25.0,
        "n": 5,
        "patched_best_other_route": {
          "continuation": 5
        },
        "patched_top1_rate": 0.0,
        "success_change_rate": 0.0
      },
      "restore|delta_relation": {
        "mean_final_proj_effect": -0.00408179759979248,
        "mean_patched_rank": 2.0,
        "mean_pmv_effect": -0.0125,
        "mean_rank_effect": 0.0,
        "mean_source_group_len": 2.0,
        "n": 5,
        "patched_best_other_route": {
          "continuation": 5
        },
        "patched_top1_rate": 0.0,
        "success_change_rate": 0.0
      },
      "restore|delta_self_last": {
        "mean_final_proj_effect": 0.25012979507446287,
        "mean_patched_rank": 2.2,
        "mean_pmv_effect": 0.05,
        "mean_rank_effect": -0.2,
        "mean_source_group_len": 1.0,
        "n": 5,
        "patched_best_other_route": {
          "continuation": 5
        },
        "patched_top1_rate": 0.0,
        "success_change_rate": 0.0
      },
      "restore|delta_target_value": {
        "mean_final_proj_effect": -0.07105789184570313,
        "mean_patched_rank": 2.0,
        "mean_pmv_effect": -0.0375,
        "mean_rank_effect": 0.0,
        "mean_source_group_len": 1.0,
        "n": 5,
        "patched_best_other_route": {
          "continuation": 5
        },
        "patched_top1_rate": 0.0,
        "success_change_rate": 0.0
      },
      "restore|full_top32_head_slot": {
        "mean_final_proj_effect": 0.53586847782135,
        "mean_patched_rank": 2.2,
        "mean_pmv_effect": 0.01875,
        "mean_rank_effect": -0.2,
        "mean_source_group_len": 0.0,
        "n": 5,
        "patched_best_other_route": {
          "continuation": 5
        },
        "patched_top1_rate": 0.0,
        "success_change_rate": 0.0
      }
    },
    "model": "glm4",
    "n_paired_cases": 5,
    "n_rows": 145,
    "top_heads": [
      {
        "head": 4,
        "head_key": "L34H4",
        "layer": 34,
        "mean_delta_norm": 4.920251178741455,
        "mean_direct_effect": 0.07226133071817457
      },
      {
        "head": 8,
        "head_key": "L34H8",
        "layer": 34,
        "mean_delta_norm": 9.291217374801636,
        "mean_direct_effect": 0.04622446252033115
      },
      {
        "head": 5,
        "head_key": "L38H5",
        "layer": 38,
        "mean_delta_norm": 10.640745162963867,
        "mean_direct_effect": 0.04307576231658459
      },
      {
        "head": 7,
        "head_key": "L38H7",
        "layer": 38,
        "mean_delta_norm": 15.188606071472169,
        "mean_direct_effect": 0.039764557406306265
      },
      {
        "head": 15,
        "head_key": "L38H15",
        "layer": 38,
        "mean_delta_norm": 11.447449111938477,
        "mean_direct_effect": 0.03795833457261324
      },
      {
        "head": 22,
        "head_key": "L39H22",
        "layer": 39,
        "mean_delta_norm": 9.642497062683105,
        "mean_direct_effect": 0.03673510886728763
      },
      {
        "head": 2,
        "head_key": "L36H2",
        "layer": 36,
        "mean_delta_norm": 7.4724658012390135,
        "mean_direct_effect": 0.03355551436543465
      },
      {
        "head": 11,
        "head_key": "L35H11",
        "layer": 35,
        "mean_delta_norm": 9.918789100646972,
        "mean_direct_effect": 0.03302892930805683
      },
      {
        "head": 27,
        "head_key": "L36H27",
        "layer": 36,
        "mean_delta_norm": 9.178663635253907,
        "mean_direct_effect": 0.0314499594271183
      },
      {
        "head": 20,
        "head_key": "L34H20",
        "layer": 34,
        "mean_delta_norm": 10.021797561645508,
        "mean_direct_effect": 0.030526001006364822
      },
      {
        "head": 21,
        "head_key": "L39H21",
        "layer": 39,
        "mean_delta_norm": 12.91100254058838,
        "mean_direct_effect": 0.029990029335021973
      },
      {
        "head": 23,
        "head_key": "L39H23",
        "layer": 39,
        "mean_delta_norm": 8.467236042022705,
        "mean_direct_effect": 0.029641509614884855
      },
      {
        "head": 24,
        "head_key": "L39H24",
        "layer": 39,
        "mean_delta_norm": 10.523562717437745,
        "mean_direct_effect": 0.029526318050920965
      },
      {
        "head": 30,
        "head_key": "L35H30",
        "layer": 35,
        "mean_delta_norm": 4.983606815338135,
        "mean_direct_effect": 0.02829908705316484
      },
      {
        "head": 10,
        "head_key": "L35H10",
        "layer": 35,
        "mean_delta_norm": 19.074492073059083,
        "mean_direct_effect": 0.028037964552640914
      },
      {
        "head": 28,
        "head_key": "L35H28",
        "layer": 35,
        "mean_delta_norm": 6.743137168884277,
        "mean_direct_effect": 0.026692196633666752
      },
      {
        "head": 10,
        "head_key": "L37H10",
        "layer": 37,
        "mean_delta_norm": 8.947022819519043,
        "mean_direct_effect": 0.02570368079468608
      },
      {
        "head": 8,
        "head_key": "L35H8",
        "layer": 35,
        "mean_delta_norm": 10.653564834594727,
        "mean_direct_effect": 0.024955923110246657
      },
      {
        "head": 11,
        "head_key": "L38H11",
        "layer": 38,
        "mean_delta_norm": 7.390989303588867,
        "mean_direct_effect": 0.02442593490704894
      },
      {
        "head": 11,
        "head_key": "L37H11",
        "layer": 37,
        "mean_delta_norm": 9.196843910217286,
        "mean_direct_effect": 0.024139556102454662
      },
      {
        "head": 16,
        "head_key": "L36H16",
        "layer": 36,
        "mean_delta_norm": 10.424300956726075,
        "mean_direct_effect": 0.02396409660577774
      },
      {
        "head": 3,
        "head_key": "L35H3",
        "layer": 35,
        "mean_delta_norm": 7.257089138031006,
        "mean_direct_effect": 0.0227274801582098
      },
      {
        "head": 13,
        "head_key": "L36H13",
        "layer": 36,
        "mean_delta_norm": 4.3317707777023315,
        "mean_direct_effect": 0.02187489327043295
      },
      {
        "head": 11,
        "head_key": "L39H11",
        "layer": 39,
        "mean_delta_norm": 6.551431655883789,
        "mean_direct_effect": 0.021632109861820938
      },
      {
        "head": 25,
        "head_key": "L36H25",
        "layer": 36,
        "mean_delta_norm": 7.28782958984375,
        "mean_direct_effect": 0.021603857399895787
      },
      {
        "head": 12,
        "head_key": "L38H12",
        "layer": 38,
        "mean_delta_norm": 7.713435173034668,
        "mean_direct_effect": 0.020380544289946557
      },
      {
        "head": 7,
        "head_key": "L36H7",
        "layer": 36,
        "mean_delta_norm": 9.825479507446289,
        "mean_direct_effect": 0.019778641918674112
      },
      {
        "head": 2,
        "head_key": "L39H2",
        "layer": 39,
        "mean_delta_norm": 6.784182739257813,
        "mean_direct_effect": 0.0194806981831789
      },
      {
        "head": 12,
        "head_key": "L34H12",
        "layer": 34,
        "mean_delta_norm": 4.819915294647217,
        "mean_direct_effect": 0.01725749298930168
      },
      {
        "head": 9,
        "head_key": "L39H9",
        "layer": 39,
        "mean_delta_norm": 7.96782112121582,
        "mean_direct_effect": 0.016979044303297997
      },
      {
        "head": 8,
        "head_key": "L38H8",
        "layer": 38,
        "mean_delta_norm": 5.268417644500732,
        "mean_direct_effect": 0.01625657482072711
      },
      {
        "head": 18,
        "head_key": "L34H18",
        "layer": 34,
        "mean_delta_norm": 5.120344972610473,
        "mean_direct_effect": 0.016148357558995484
      }
    ]
  },
  "timestamp": "2026-06-26 17:20:21",
  "title": "Answer-Last Head Source-Token Causal Patch Audit",
  "top_heads": 32,
  "transfer_layers": [
    34,
    35,
    36,
    37,
    38,
    39
  ]
}
