[20:30:20] [load] glm4: bf16 device_map=auto attn=flash_attention_2 quantization=off
`torch_dtype` is deprecated! Use `dtype` instead!
[20:30:20] [load] glm4: attn=flash_attention_2 failed: ImportError: FlashAttention2 has been toggled on, but it cannot be used due to the following error: the package for FlashAttention2 doesn't seem to be installed.
[20:30:20] [load] glm4: bf16 device_map=auto attn=sdpa quantization=off
Loading weights:   0%|          | 0/443 [00:00<?, ?it/s]Loading weights:   0%|          | 2/443 [00:00<00:57,  7.67it/s]Loading weights:   9%|▊         | 38/443 [00:00<00:03, 131.69it/s]Loading weights:  15%|█▌        | 67/443 [00:00<00:02, 178.33it/s]Loading weights:  23%|██▎       | 104/443 [00:00<00:01, 229.74it/s]Loading weights:  31%|███       | 137/443 [00:00<00:01, 253.40it/s]Loading weights:  38%|███▊      | 170/443 [00:00<00:01, 247.13it/s]Loading weights:  48%|████▊     | 214/443 [00:00<00:00, 294.52it/s]Loading weights:  56%|█████▌    | 247/443 [00:01<00:00, 298.83it/s]Loading weights:  63%|██████▎   | 280/443 [00:01<00:00, 305.17it/s]Loading weights:  70%|███████   | 312/443 [00:01<00:00, 301.77it/s]Loading weights:  78%|███████▊  | 344/443 [00:01<00:00, 297.93it/s]Loading weights:  86%|████████▌ | 379/443 [00:01<00:00, 308.71it/s]Loading weights:  93%|█████████▎| 412/443 [00:01<00:00, 310.39it/s]Loading weights: 100%|██████████| 443/443 [00:01<00:00, 268.27it/s]
[20:30:22] [load] glm4: loaded attn=sdpa, device=cuda:0, gpu=18.80GB
[20:30:22] glm4/main: scan_cases=36, pairs=12
[20:30:22] scan 4/36 cases; current_sites=160
[20:30:23] scan 8/36 cases; current_sites=160
[20:30:23] scan 12/36 cases; current_sites=160
[20:30:23] scan 16/36 cases; current_sites=160
[20:30:23] scan 20/36 cases; current_sites=160
[20:30:23] scan 24/36 cases; current_sites=160
[20:30:23] scan 28/36 cases; current_sites=160
[20:30:23] scan 32/36 cases; current_sites=160
[20:30:24] scan 36/36 cases; current_sites=160
[20:30:24] glm4/main: candidate_sites=['L31_layer_input', 'L39_layer_input', 'L23_attn_out', 'L35_attn_out', 'L38_mlp_out', 'L39_mlp_out', 'hidden_39', 'hidden_40']
[20:30:37] transfer 4/12 pairs; rows=64
[20:30:51] transfer 8/12 pairs; rows=128
[20:31:06] transfer 12/12 pairs; rows=192
[model_utils] GPU memory released, allocated=18.81 GB
{
  "model": "glm4",
  "round": "main",
  "attn": "sdpa",
  "formation": {
    "layer_input": {
      "max_site": "L39_layer_input",
      "max_layer": 39,
      "max_effect_norm": 123.03597259521484,
      "earliest_35pct_site": "L31_layer_input",
      "earliest_35pct_layer": 31,
      "earliest_35pct_effect_norm": 44.86070251464844
    },
    "attn_out": {
      "max_site": "L35_attn_out",
      "max_layer": 35,
      "max_effect_norm": 12.606986045837402,
      "earliest_35pct_site": "L23_attn_out",
      "earliest_35pct_layer": 23,
      "earliest_35pct_effect_norm": 5.987846851348877
    },
    "mlp_out": {
      "max_site": "L39_mlp_out",
      "max_layer": 39,
      "max_effect_norm": 157.9710693359375,
      "earliest_35pct_site": "L38_mlp_out",
      "earliest_35pct_layer": 38,
      "earliest_35pct_effect_norm": 73.13980865478516
    },
    "layer_out": {
      "max_site": "hidden_40",
      "max_layer": 39,
      "max_effect_norm": 225.8301544189453,
      "earliest_35pct_site": "hidden_39",
      "earliest_35pct_layer": 38,
      "earliest_35pct_effect_norm": 123.03597259521484
    }
  },
  "top_transfer": [
    [
      "commonsense<-explicit|L31_layer_input",
      {
        "site_kind": "layer_input",
        "layer": 31,
        "n": 12,
        "mean_patched_delta_vs_recipient": 1.9999778680503368,
        "changed_rate": 0.16666666666666666,
        "recipient_hit_rate": 0.9166666666666666,
        "patched_hit_rate": 0.9166666666666666,
        "hit_gain": 0.08333333333333333,
        "hit_loss": 0.08333333333333333
      }
    ],
    [
      "explicit<-commonsense|L31_layer_input",
      {
        "site_kind": "layer_input",
        "layer": 31,
        "n": 12,
        "mean_patched_delta_vs_recipient": -2.4228141251951456,
        "changed_rate": 0.25,
        "recipient_hit_rate": 1.0,
        "patched_hit_rate": 0.75,
        "hit_gain": 0.0,
        "hit_loss": 0.25
      }
    ],
    [
      "commonsense<-explicit|L39_layer_input",
      {
        "site_kind": "layer_input",
        "layer": 39,
        "n": 12,
        "mean_patched_delta_vs_recipient": 2.2972764847800136,
        "changed_rate": 0.08333333333333333,
        "recipient_hit_rate": 0.9166666666666666,
        "patched_hit_rate": 1.0,
        "hit_gain": 0.08333333333333333,
        "hit_loss": 0.0
      }
    ],
    [
      "explicit<-commonsense|L39_layer_input",
      {
        "site_kind": "layer_input",
        "layer": 39,
        "n": 12,
        "mean_patched_delta_vs_recipient": -2.300892456745108,
        "changed_rate": 0.08333333333333333,
        "recipient_hit_rate": 1.0,
        "patched_hit_rate": 0.9166666666666666,
        "hit_gain": 0.0,
        "hit_loss": 0.08333333333333333
      }
    ]
  ]
}
