[08:34:24] glm4/main: pairs=6 target=hidden_40 audits=2 combo_candidates=3
[08:34:24] [load] glm4: bf16 device_map=auto attn=eager quantization=off
`torch_dtype` is deprecated! Use `dtype` instead!
Loading weights:   0%|          | 0/443 [00:00<?, ?it/s]Loading weights:   1%|          | 5/443 [00:00<00:10, 43.42it/s]Loading weights:   9%|▊         | 38/443 [00:00<00:02, 199.67it/s]Loading weights:  15%|█▌        | 68/443 [00:00<00:01, 233.91it/s]Loading weights:  23%|██▎       | 104/443 [00:00<00:01, 268.32it/s]Loading weights:  31%|███       | 137/443 [00:00<00:01, 277.50it/s]Loading weights:  38%|███▊      | 170/443 [00:00<00:00, 286.06it/s]Loading weights:  46%|████▌     | 203/443 [00:00<00:00, 297.01it/s]Loading weights:  53%|█████▎    | 236/443 [00:00<00:00, 297.98it/s]Loading weights:  60%|██████    | 266/443 [00:00<00:00, 295.67it/s]Loading weights:  68%|██████▊   | 300/443 [00:01<00:00, 302.83it/s]Loading weights:  75%|███████▍  | 332/443 [00:01<00:00, 305.51it/s]Loading weights:  82%|████████▏ | 363/443 [00:01<00:00, 301.69it/s]Loading weights:  89%|████████▉ | 396/443 [00:01<00:00, 303.22it/s]Loading weights:  97%|█████████▋| 429/443 [00:01<00:00, 306.39it/s]Loading weights: 100%|██████████| 443/443 [00:01<00:00, 293.13it/s]
[08:34:26] [load] glm4: loaded eager, device=cuda:0, gpu=18.80GB
[08:34:26] glm4: scan_candidates=9 ['L34:attn_out', 'L34:mlp_out', 'L35:attn_out', 'L35:mlp_out', 'L36:attn_out', 'L36:mlp_out', 'L37:attn_out', 'L38:attn_out', 'L39:attn_out']
[08:34:29] glm4: suppression source scan 2/6 pairs; rows=18 skipped_top1=2
[08:34:30] glm4: suppression source scan 4/6 pairs; rows=18 skipped_top1=6
[08:34:34] glm4: suppression source scan 6/6 pairs; rows=54 skipped_top1=6
[model_utils] GPU memory released, allocated=18.81 GB
{
  "model": "glm4",
  "round": "main",
  "skipped_top1": 6,
  "top_candidate_summary": [
    {
      "candidate_component_id": "L34:attn_out",
      "candidate_layer": 34,
      "candidate_component": "attn_out",
      "candidate_already_in_threshold_combo": false,
      "n": 6,
      "mean_base_margin_donor_vs_competitor": -2.1770833333333335,
      "mean_delta_margin_donor_vs_competitor": 2.7083333333333335,
      "mean_delta_donor_logit": 2.6145833333333335,
      "mean_delta_competitor_logit": -0.09375,
      "mean_delta_recipient_logit": -0.11458333333333333,
      "new_donor_top1_rate": 0.6666666666666666,
      "mean_new_donor_rank": 1.3333333333333333,
      "top_changed_rate": 0.6666666666666666,
      "base_competitor_class_counts": {
        "other_vocab": 2,
        "echo_object_or_relation": 4
      },
      "new_top_class_counts": {
        "donor_answer": 4,
        "echo_object_or_relation": 2
      },
      "role_guess_counts": {
        "boost_closure_candidate": 3,
        "boost_and_suppress_margin_candidate": 2,
        "boost_and_suppress_closure_candidate": 1
      },
      "dominant_role_guess": "boost_closure_candidate"
    },
    {
      "candidate_component_id": "L35:attn_out",
      "candidate_layer": 35,
      "candidate_component": "attn_out",
      "candidate_already_in_threshold_combo": false,
      "n": 6,
      "mean_base_margin_donor_vs_competitor": -2.1770833333333335,
      "mean_delta_margin_donor_vs_competitor": 0.9270833333333334,
      "mean_delta_donor_logit": 0.7291666666666666,
      "mean_delta_competitor_logit": -0.19791666666666666,
      "mean_delta_recipient_logit": -0.046875,
      "new_donor_top1_rate": 0.3333333333333333,
      "mean_new_donor_rank": 4.5,
      "top_changed_rate": 0.5,
      "base_competitor_class_counts": {
        "other_vocab": 2,
        "echo_object_or_relation": 4
      },
      "new_top_class_counts": {
        "donor_answer": 2,
        "echo_object_or_relation": 4
      },
      "role_guess_counts": {
        "boost_closure_candidate": 2,
        "boost_and_suppress_margin_candidate": 2,
        "small_or_no_effect": 1,
        "weak_suppression_candidate": 1
      },
      "dominant_role_guess": "boost_closure_candidate"
    },
    {
      "candidate_component_id": "L37:attn_out",
      "candidate_layer": 37,
      "candidate_component": "attn_out",
      "candidate_already_in_threshold_combo": false,
      "n": 6,
      "mean_base_margin_donor_vs_competitor": -2.1770833333333335,
      "mean_delta_margin_donor_vs_competitor": 0.71875,
      "mean_delta_donor_logit": 0.6979166666666666,
      "mean_delta_competitor_logit": -0.020833333333333332,
      "mean_delta_recipient_logit": -0.026041666666666668,
      "new_donor_top1_rate": 0.3333333333333333,
      "mean_new_donor_rank": 3.5,
      "top_changed_rate": 0.3333333333333333,
      "base_competitor_class_counts": {
        "other_vocab": 2,
        "echo_object_or_relation": 4
      },
      "new_top_class_counts": {
        "other_vocab": 2,
        "echo_object_or_relation": 2,
        "donor_answer": 2
      },
      "role_guess_counts": {
        "small_or_no_effect": 2,
        "weak_suppression_candidate": 2,
        "boost_closure_candidate": 2
      },
      "dominant_role_guess": "small_or_no_effect"
    },
    {
      "candidate_component_id": "L35:mlp_out",
      "candidate_layer": 35,
      "candidate_component": "mlp_out",
      "candidate_already_in_threshold_combo": false,
      "n": 6,
      "mean_base_margin_donor_vs_competitor": -2.1770833333333335,
      "mean_delta_margin_donor_vs_competitor": 0.20833333333333334,
      "mean_delta_donor_logit": 0.10416666666666667,
      "mean_delta_competitor_logit": -0.10416666666666667,
      "mean_delta_recipient_logit": -0.2708333333333333,
      "new_donor_top1_rate": 0.3333333333333333,
      "mean_new_donor_rank": 7.0,
      "top_changed_rate": 0.5,
      "base_competitor_class_counts": {
        "other_vocab": 2,
        "echo_object_or_relation": 4
      },
      "new_top_class_counts": {
        "donor_answer": 2,
        "echo_object_or_relation": 4
      },
      "role_guess_counts": {
        "boost_closure_candidate": 2,
        "small_or_no_effect": 1,
        "harmful_or_competitor_support": 1,
        "weak_suppression_candidate": 2
      },
      "dominant_role_guess": "boost_closure_candidate"
    },
    {
      "candidate_component_id": "L36:attn_out",
      "candidate_layer": 36,
      "candidate_component": "attn_out",
      "candidate_already_in_threshold_combo": false,
      "n": 6,
      "mean_base_margin_donor_vs_competitor": -2.1770833333333335,
      "mean_delta_margin_donor_vs_competitor": 0.5,
      "mean_delta_donor_logit": 0.4583333333333333,
      "mean_delta_competitor_logit": -0.041666666666666664,
      "mean_delta_recipient_logit": -0.06770833333333333,
      "new_donor_top1_rate": 0.16666666666666666,
      "mean_new_donor_rank": 4.666666666666667,
      "top_changed_rate": 0.3333333333333333,
      "base_competitor_class_counts": {
        "other_vocab": 2,
        "echo_object_or_relation": 4
      },
      "new_top_class_counts": {
        "donor_answer": 2,
        "echo_object_or_relation": 4
      },
      "role_guess_counts": {
        "boost_and_suppress_closure_candidate": 1,
        "weak_suppression_candidate": 2,
        "boost_margin_candidate": 2,
        "small_or_no_effect": 1
      },
      "dominant_role_guess": "weak_suppression_candidate"
    },
    {
      "candidate_component_id": "L39:attn_out",
      "candidate_layer": 39,
      "candidate_component": "attn_out",
      "candidate_already_in_threshold_combo": false,
      "n": 6,
      "mean_base_margin_donor_vs_competitor": -2.1770833333333335,
      "mean_delta_margin_donor_vs_competitor": 0.23958333333333334,
      "mean_delta_donor_logit": 0.2708333333333333,
      "mean_delta_competitor_logit": 0.03125,
      "mean_delta_recipient_logit": -0.057291666666666664,
      "new_donor_top1_rate": 0.0,
      "mean_new_donor_rank": 5.666666666666667,
      "top_changed_rate": 0.0,
      "base_competitor_class_counts": {
        "other_vocab": 2,
        "echo_object_or_relation": 4
      },
      "new_top_class_counts": {
        "other_vocab": 2,
        "echo_object_or_relation": 4
      },
      "role_guess_counts": {
        "weak_suppression_candidate": 2,
        "small_or_no_effect": 2,
        "weak_boost_candidate": 2
      },
      "dominant_role_guess": "weak_suppression_candidate"
    },
    {
      "candidate_component_id": "L34:mlp_out",
      "candidate_layer": 34,
      "candidate_component": "mlp_out",
      "candidate_already_in_threshold_combo": false,
      "n": 6,
      "mean_base_margin_donor_vs_competitor": -2.1770833333333335,
      "mean_delta_margin_donor_vs_competitor": 0.22916666666666666,
      "mean_delta_donor_logit": 0.14583333333333334,
      "mean_delta_competitor_logit": -0.08333333333333333,
      "mean_delta_recipient_logit": -0.3697916666666667,
      "new_donor_top1_rate": 0.0,
      "mean_new_donor_rank": 5.0,
      "top_changed_rate": 0.3333333333333333,
      "base_competitor_class_counts": {
        "other_vocab": 2,
        "echo_object_or_relation": 4
      },
      "new_top_class_counts": {
        "donor_answer": 1,
        "other_vocab": 1,
        "echo_object_or_relation": 4
      },
      "role_guess_counts": {
        "weak_suppression_candidate": 4,
        "small_or_no_effect": 1,
        "weak_boost_candidate": 1
      },
      "dominant_role_guess": "weak_suppression_candidate"
    },
    {
      "candidate_component_id": "L38:attn_out",
      "candidate_layer": 38,
      "candidate_component": "attn_out",
      "candidate_already_in_threshold_combo": false,
      "n": 6,
      "mean_base_margin_donor_vs_competitor": -2.1770833333333335,
      "mean_delta_margin_donor_vs_competitor": 0.13541666666666666,
      "mean_delta_donor_logit": 0.21875,
      "mean_delta_competitor_logit": 0.08333333333333333,
      "mean_delta_recipient_logit": 0.036458333333333336,
      "new_donor_top1_rate": 0.0,
      "mean_new_donor_rank": 6.333333333333333,
      "top_changed_rate": 0.0,
      "base_competitor_class_counts": {
        "other_vocab": 2,
        "echo_object_or_relation": 4
      },
      "new_top_class_counts": {
        "other_vocab": 2,
        "echo_object_or_relation": 4
      },
      "role_guess_counts": {
        "weak_boost_candidate": 4,
        "small_or_no_effect": 2
      },
      "dominant_role_guess": "weak_boost_candidate"
    }
  ],
  "top_class_summary": [
    {
      "base_competitor_class": "other_vocab",
      "candidate_component_id": "L34:attn_out",
      "n": 2,
      "mean_delta_margin_donor_vs_competitor": 1.46875,
      "mean_delta_donor_logit": 1.5625,
      "mean_delta_competitor_logit": 0.09375,
      "new_donor_top1_rate": 1.0,
      "role_guess_counts": {
        "boost_closure_candidate": 2
      }
    },
    {
      "base_competitor_class": "other_vocab",
      "candidate_component_id": "L35:attn_out",
      "n": 2,
      "mean_delta_margin_donor_vs_competitor": 0.8125,
      "mean_delta_donor_logit": 0.78125,
      "mean_delta_competitor_logit": -0.03125,
      "new_donor_top1_rate": 1.0,
      "role_guess_counts": {
        "boost_closure_candidate": 2
      }
    },
    {
      "base_competitor_class": "other_vocab",
      "candidate_component_id": "L35:mlp_out",
      "n": 2,
      "mean_delta_margin_donor_vs_competitor": 0.53125,
      "mean_delta_donor_logit": 0.59375,
      "mean_delta_competitor_logit": 0.0625,
      "new_donor_top1_rate": 1.0,
      "role_guess_counts": {
        "boost_closure_candidate": 2
      }
    },
    {
      "base_competitor_class": "other_vocab",
      "candidate_component_id": "L36:attn_out",
      "n": 2,
      "mean_delta_margin_donor_vs_competitor": 0.5,
      "mean_delta_donor_logit": 0.375,
      "mean_delta_competitor_logit": -0.125,
      "new_donor_top1_rate": 0.5,
      "role_guess_counts": {
        "boost_and_suppress_closure_candidate": 1,
        "weak_suppression_candidate": 1
      }
    },
    {
      "base_competitor_class": "other_vocab",
      "candidate_component_id": "L34:mlp_out",
      "n": 2,
      "mean_delta_margin_donor_vs_competitor": 0.375,
      "mean_delta_donor_logit": 0.1875,
      "mean_delta_competitor_logit": -0.1875,
      "new_donor_top1_rate": 0.0,
      "role_guess_counts": {
        "weak_suppression_candidate": 2
      }
    },
    {
      "base_competitor_class": "other_vocab",
      "candidate_component_id": "L39:attn_out",
      "n": 2,
      "mean_delta_margin_donor_vs_competitor": 0.25,
      "mean_delta_donor_logit": -0.03125,
      "mean_delta_competitor_logit": -0.28125,
      "new_donor_top1_rate": 0.0,
      "role_guess_counts": {
        "weak_suppression_candidate": 2
      }
    },
    {
      "base_competitor_class": "other_vocab",
      "candidate_component_id": "L38:attn_out",
      "n": 2,
      "mean_delta_margin_donor_vs_competitor": 0.125,
      "mean_delta_donor_logit": 0.25,
      "mean_delta_competitor_logit": 0.125,
      "new_donor_top1_rate": 0.0,
      "role_guess_counts": {
        "weak_boost_candidate": 2
      }
    },
    {
      "base_competitor_class": "other_vocab",
      "candidate_component_id": "L36:mlp_out",
      "n": 2,
      "mean_delta_margin_donor_vs_competitor": -1.4375,
      "mean_delta_donor_logit": -1.90625,
      "mean_delta_competitor_logit": -0.46875,
      "new_donor_top1_rate": 0.0,
      "role_guess_counts": {
        "harmful_or_competitor_support": 2
      }
    },
    {
      "base_competitor_class": "other_vocab",
      "candidate_component_id": "L37:attn_out",
      "n": 2,
      "mean_delta_margin_donor_vs_competitor": 0.0,
      "mean_delta_donor_logit": 0.03125,
      "mean_delta_competitor_logit": 0.03125,
      "new_donor_top1_rate": 0.0,
      "role_guess_counts": {
        "small_or_no_effect": 2
      }
    },
    {
      "base_competitor_class": "echo_object_or_relation",
      "candidate_component_id": "L34:attn_out",
      "n": 4,
      "mean_delta_margin_donor_vs_competitor": 3.328125,
      "mean_delta_donor_logit": 3.140625,
      "mean_delta_competitor_logit": -0.1875,
      "new_donor_top1_rate": 0.5,
      "role_guess_counts": {
        "boost_and_suppress_margin_candidate": 2,
        "boost_closure_candidate": 1,
        "boost_and_suppress_closure_candidate": 1
      }
    }
  ]
}
