[08:34:36] deepseek7b/main: pairs=6 target=hidden_28 audits=2 combo_candidates=3
[08:34:36] [load] deepseek7b: bf16 device_map=auto attn=eager quantization=off
`torch_dtype` is deprecated! Use `dtype` instead!
Loading weights:   0%|          | 0/339 [00:00<?, ?it/s]Loading weights:   2%|▏         | 6/339 [00:00<00:05, 57.27it/s]Loading weights:  10%|█         | 35/339 [00:00<00:01, 185.36it/s]Loading weights:  22%|██▏       | 74/339 [00:00<00:01, 252.72it/s]Loading weights:  33%|███▎      | 112/339 [00:00<00:00, 267.46it/s]Loading weights:  44%|████▎     | 148/339 [00:00<00:00, 275.52it/s]Loading weights:  55%|█████▍    | 185/339 [00:00<00:00, 293.93it/s]Loading weights:  63%|██████▎   | 215/339 [00:00<00:00, 283.76it/s]Loading weights:  72%|███████▏  | 244/339 [00:00<00:00, 278.34it/s]Loading weights:  82%|████████▏ | 277/339 [00:01<00:00, 264.79it/s]Loading weights:  93%|█████████▎| 316/339 [00:01<00:00, 291.34it/s]Loading weights: 100%|██████████| 339/339 [00:01<00:00, 272.92it/s]
[08:34:38] [load] deepseek7b: loaded eager, device=cuda:0, gpu=15.23GB
[08:34:38] deepseek7b: scan_candidates=9 ['L22:attn_out', 'L22:mlp_out', 'L23:attn_out', 'L23:mlp_out', 'L24:attn_out', 'L24:mlp_out', 'L25:attn_out', 'L25:mlp_out', 'L26:mlp_out']
[08:34:41] deepseek7b: suppression source scan 2/6 pairs; rows=36 skipped_top1=0
[08:34:44] deepseek7b: suppression source scan 4/6 pairs; rows=63 skipped_top1=1
[08:34:47] deepseek7b: suppression source scan 6/6 pairs; rows=99 skipped_top1=1
[model_utils] GPU memory released, allocated=15.24 GB
{
  "model": "deepseek7b",
  "round": "main",
  "skipped_top1": 1,
  "top_candidate_summary": [
    {
      "candidate_component_id": "L23:attn_out",
      "candidate_layer": 23,
      "candidate_component": "attn_out",
      "candidate_already_in_threshold_combo": false,
      "n": 11,
      "mean_base_margin_donor_vs_competitor": -3.0113636363636362,
      "mean_delta_margin_donor_vs_competitor": 1.9943181818181819,
      "mean_delta_donor_logit": 1.5965909090909092,
      "mean_delta_competitor_logit": -0.3977272727272727,
      "mean_delta_recipient_logit": -1.8806818181818181,
      "new_donor_top1_rate": 0.18181818181818182,
      "mean_new_donor_rank": 4.818181818181818,
      "top_changed_rate": 0.45454545454545453,
      "base_competitor_class_counts": {
        "echo_object_or_relation": 4,
        "format_or_schema": 5,
        "recipient_answer": 1,
        "other_vocab": 1
      },
      "new_top_class_counts": {
        "echo_object_or_relation": 2,
        "donor_answer": 2,
        "format_or_schema": 4,
        "other_semantic_value": 1,
        "recipient_answer": 1,
        "punctuation_or_stop": 1
      },
      "role_guess_counts": {
        "boost_and_suppress_margin_candidate": 7,
        "boost_and_suppress_closure_candidate": 2,
        "boost_margin_candidate": 2
      },
      "dominant_role_guess": "boost_and_suppress_margin_candidate"
    },
    {
      "candidate_component_id": "L22:attn_out",
      "candidate_layer": 22,
      "candidate_component": "attn_out",
      "candidate_already_in_threshold_combo": false,
      "n": 11,
      "mean_base_margin_donor_vs_competitor": -3.0113636363636362,
      "mean_delta_margin_donor_vs_competitor": 1.7784090909090908,
      "mean_delta_donor_logit": 1.1363636363636365,
      "mean_delta_competitor_logit": -0.6420454545454546,
      "mean_delta_recipient_logit": -3.413352272727273,
      "new_donor_top1_rate": 0.09090909090909091,
      "mean_new_donor_rank": 4.818181818181818,
      "top_changed_rate": 0.36363636363636365,
      "base_competitor_class_counts": {
        "echo_object_or_relation": 4,
        "format_or_schema": 5,
        "recipient_answer": 1,
        "other_vocab": 1
      },
      "new_top_class_counts": {
        "echo_object_or_relation": 6,
        "format_or_schema": 2,
        "donor_answer": 1,
        "other_semantic_value": 1,
        "other_vocab": 1
      },
      "role_guess_counts": {
        "harmful_or_competitor_support": 1,
        "suppression_margin_candidate": 1,
        "boost_margin_candidate": 3,
        "boost_and_suppress_margin_candidate": 5,
        "boost_closure_candidate": 1
      },
      "dominant_role_guess": "boost_and_suppress_margin_candidate"
    },
    {
      "candidate_component_id": "L24:attn_out",
      "candidate_layer": 24,
      "candidate_component": "attn_out",
      "candidate_already_in_threshold_combo": false,
      "n": 11,
      "mean_base_margin_donor_vs_competitor": -3.0113636363636362,
      "mean_delta_margin_donor_vs_competitor": 1.1136363636363635,
      "mean_delta_donor_logit": 0.8920454545454546,
      "mean_delta_competitor_logit": -0.2215909090909091,
      "mean_delta_recipient_logit": -1.2869318181818181,
      "new_donor_top1_rate": 0.09090909090909091,
      "mean_new_donor_rank": 8.181818181818182,
      "top_changed_rate": 0.18181818181818182,
      "base_competitor_class_counts": {
        "echo_object_or_relation": 4,
        "format_or_schema": 5,
        "recipient_answer": 1,
        "other_vocab": 1
      },
      "new_top_class_counts": {
        "echo_object_or_relation": 4,
        "format_or_schema": 3,
        "donor_answer": 1,
        "other_semantic_value": 1,
        "recipient_answer": 1,
        "other_vocab": 1
      },
      "role_guess_counts": {
        "boost_margin_candidate": 3,
        "boost_and_suppress_margin_candidate": 6,
        "boost_and_suppress_closure_candidate": 1,
        "weak_suppression_candidate": 1
      },
      "dominant_role_guess": "boost_and_suppress_margin_candidate"
    },
    {
      "candidate_component_id": "L24:mlp_out",
      "candidate_layer": 24,
      "candidate_component": "mlp_out",
      "candidate_already_in_threshold_combo": false,
      "n": 11,
      "mean_base_margin_donor_vs_competitor": -3.0113636363636362,
      "mean_delta_margin_donor_vs_competitor": 0.9943181818181818,
      "mean_delta_donor_logit": 0.7840909090909091,
      "mean_delta_competitor_logit": -0.21022727272727273,
      "mean_delta_recipient_logit": -1.1107954545454546,
      "new_donor_top1_rate": 0.09090909090909091,
      "mean_new_donor_rank": 8.454545454545455,
      "top_changed_rate": 0.45454545454545453,
      "base_competitor_class_counts": {
        "echo_object_or_relation": 4,
        "format_or_schema": 5,
        "recipient_answer": 1,
        "other_vocab": 1
      },
      "new_top_class_counts": {
        "punctuation_or_stop": 2,
        "echo_object_or_relation": 3,
        "format_or_schema": 4,
        "donor_answer": 1,
        "recipient_answer": 1
      },
      "role_guess_counts": {
        "boost_and_suppress_margin_candidate": 7,
        "small_or_no_effect": 1,
        "boost_closure_candidate": 1,
        "boost_margin_candidate": 1,
        "suppression_margin_candidate": 1
      },
      "dominant_role_guess": "boost_and_suppress_margin_candidate"
    },
    {
      "candidate_component_id": "L26:mlp_out",
      "candidate_layer": 26,
      "candidate_component": "mlp_out",
      "candidate_already_in_threshold_combo": false,
      "n": 11,
      "mean_base_margin_donor_vs_competitor": -3.0113636363636362,
      "mean_delta_margin_donor_vs_competitor": 0.7102272727272727,
      "mean_delta_donor_logit": 0.3693181818181818,
      "mean_delta_competitor_logit": -0.3409090909090909,
      "mean_delta_recipient_logit": -1.2443181818181819,
      "new_donor_top1_rate": 0.09090909090909091,
      "mean_new_donor_rank": 9.0,
      "top_changed_rate": 0.2727272727272727,
      "base_competitor_class_counts": {
        "echo_object_or_relation": 4,
        "format_or_schema": 5,
        "recipient_answer": 1,
        "other_vocab": 1
      },
      "new_top_class_counts": {
        "echo_object_or_relation": 3,
        "format_or_schema": 5,
        "donor_answer": 1,
        "recipient_answer": 1,
        "other_semantic_value": 1
      },
      "role_guess_counts": {
        "weak_suppression_candidate": 1,
        "small_or_no_effect": 2,
        "harmful_or_competitor_support": 2,
        "weak_boost_candidate": 2,
        "boost_closure_candidate": 1,
        "suppression_margin_candidate": 1,
        "boost_and_suppress_margin_candidate": 2
      },
      "dominant_role_guess": "small_or_no_effect"
    },
    {
      "candidate_component_id": "L25:mlp_out",
      "candidate_layer": 25,
      "candidate_component": "mlp_out",
      "candidate_already_in_threshold_combo": false,
      "n": 11,
      "mean_base_margin_donor_vs_competitor": -3.0113636363636362,
      "mean_delta_margin_donor_vs_competitor": 0.6761363636363636,
      "mean_delta_donor_logit": 0.2727272727272727,
      "mean_delta_competitor_logit": -0.4034090909090909,
      "mean_delta_recipient_logit": -1.21875,
      "new_donor_top1_rate": 0.09090909090909091,
      "mean_new_donor_rank": 11.090909090909092,
      "top_changed_rate": 0.45454545454545453,
      "base_competitor_class_counts": {
        "echo_object_or_relation": 4,
        "format_or_schema": 5,
        "recipient_answer": 1,
        "other_vocab": 1
      },
      "new_top_class_counts": {
        "other_vocab": 1,
        "echo_object_or_relation": 4,
        "format_or_schema": 3,
        "donor_answer": 1,
        "other_semantic_value": 1,
        "recipient_answer": 1
      },
      "role_guess_counts": {
        "boost_and_suppress_margin_candidate": 4,
        "weak_suppression_candidate": 4,
        "small_or_no_effect": 1,
        "suppression_margin_candidate": 1,
        "boost_closure_candidate": 1
      },
      "dominant_role_guess": "boost_and_suppress_margin_candidate"
    },
    {
      "candidate_component_id": "L25:attn_out",
      "candidate_layer": 25,
      "candidate_component": "attn_out",
      "candidate_already_in_threshold_combo": false,
      "n": 11,
      "mean_base_margin_donor_vs_competitor": -3.0113636363636362,
      "mean_delta_margin_donor_vs_competitor": 0.7102272727272727,
      "mean_delta_donor_logit": 0.4034090909090909,
      "mean_delta_competitor_logit": -0.3068181818181818,
      "mean_delta_recipient_logit": -0.48579545454545453,
      "new_donor_top1_rate": 0.0,
      "mean_new_donor_rank": 7.636363636363637,
      "top_changed_rate": 0.36363636363636365,
      "base_competitor_class_counts": {
        "echo_object_or_relation": 4,
        "format_or_schema": 5,
        "recipient_answer": 1,
        "other_vocab": 1
      },
      "new_top_class_counts": {
        "echo_object_or_relation": 5,
        "format_or_schema": 3,
        "punctuation_or_stop": 2,
        "recipient_answer": 1
      },
      "role_guess_counts": {
        "small_or_no_effect": 2,
        "weak_suppression_candidate": 2,
        "harmful_or_competitor_support": 3,
        "weak_boost_candidate": 1,
        "boost_and_suppress_margin_candidate": 3
      },
      "dominant_role_guess": "harmful_or_competitor_support"
    },
    {
      "candidate_component_id": "L23:mlp_out",
      "candidate_layer": 23,
      "candidate_component": "mlp_out",
      "candidate_already_in_threshold_combo": false,
      "n": 11,
      "mean_base_margin_donor_vs_competitor": -3.0113636363636362,
      "mean_delta_margin_donor_vs_competitor": 0.3068181818181818,
      "mean_delta_donor_logit": 0.125,
      "mean_delta_competitor_logit": -0.18181818181818182,
      "mean_delta_recipient_logit": -0.48011363636363635,
      "new_donor_top1_rate": 0.0,
      "mean_new_donor_rank": 10.636363636363637,
      "top_changed_rate": 0.09090909090909091,
      "base_competitor_class_counts": {
        "echo_object_or_relation": 4,
        "format_or_schema": 5,
        "recipient_answer": 1,
        "other_vocab": 1
      },
      "new_top_class_counts": {
        "echo_object_or_relation": 4,
        "format_or_schema": 4,
        "donor_answer": 1,
        "recipient_answer": 1,
        "other_vocab": 1
      },
      "role_guess_counts": {
        "weak_boost_candidate": 3,
        "weak_suppression_candidate": 4,
        "harmful_or_competitor_support": 1,
        "boost_and_suppress_margin_candidate": 2,
        "suppression_margin_candidate": 1
      },
      "dominant_role_guess": "weak_suppression_candidate"
    }
  ],
  "top_class_summary": [
    {
      "base_competitor_class": "recipient_answer",
      "candidate_component_id": "L22:attn_out",
      "n": 1,
      "mean_delta_margin_donor_vs_competitor": 5.5625,
      "mean_delta_donor_logit": 0.6875,
      "mean_delta_competitor_logit": -4.875,
      "new_donor_top1_rate": 0.0,
      "role_guess_counts": {
        "boost_and_suppress_margin_candidate": 1
      }
    },
    {
      "base_competitor_class": "recipient_answer",
      "candidate_component_id": "L23:attn_out",
      "n": 1,
      "mean_delta_margin_donor_vs_competitor": 3.5625,
      "mean_delta_donor_logit": 2.4375,
      "mean_delta_competitor_logit": -1.125,
      "new_donor_top1_rate": 0.0,
      "role_guess_counts": {
        "boost_and_suppress_margin_candidate": 1
      }
    },
    {
      "base_competitor_class": "recipient_answer",
      "candidate_component_id": "L25:attn_out",
      "n": 1,
      "mean_delta_margin_donor_vs_competitor": 2.9375,
      "mean_delta_donor_logit": 0.1875,
      "mean_delta_competitor_logit": -2.75,
      "new_donor_top1_rate": 0.0,
      "role_guess_counts": {
        "boost_and_suppress_margin_candidate": 1
      }
    },
    {
      "base_competitor_class": "recipient_answer",
      "candidate_component_id": "L26:mlp_out",
      "n": 1,
      "mean_delta_margin_donor_vs_competitor": 2.6875,
      "mean_delta_donor_logit": 2.0625,
      "mean_delta_competitor_logit": -0.625,
      "new_donor_top1_rate": 0.0,
      "role_guess_counts": {
        "boost_and_suppress_margin_candidate": 1
      }
    },
    {
      "base_competitor_class": "recipient_answer",
      "candidate_component_id": "L24:attn_out",
      "n": 1,
      "mean_delta_margin_donor_vs_competitor": 1.5,
      "mean_delta_donor_logit": 0.5,
      "mean_delta_competitor_logit": -1.0,
      "new_donor_top1_rate": 0.0,
      "role_guess_counts": {
        "boost_and_suppress_margin_candidate": 1
      }
    },
    {
      "base_competitor_class": "recipient_answer",
      "candidate_component_id": "L24:mlp_out",
      "n": 1,
      "mean_delta_margin_donor_vs_competitor": 1.1875,
      "mean_delta_donor_logit": 0.6875,
      "mean_delta_competitor_logit": -0.5,
      "new_donor_top1_rate": 0.0,
      "role_guess_counts": {
        "boost_and_suppress_margin_candidate": 1
      }
    },
    {
      "base_competitor_class": "recipient_answer",
      "candidate_component_id": "L23:mlp_out",
      "n": 1,
      "mean_delta_margin_donor_vs_competitor": 0.75,
      "mean_delta_donor_logit": -0.125,
      "mean_delta_competitor_logit": -0.875,
      "new_donor_top1_rate": 0.0,
      "role_guess_counts": {
        "suppression_margin_candidate": 1
      }
    },
    {
      "base_competitor_class": "recipient_answer",
      "candidate_component_id": "L25:mlp_out",
      "n": 1,
      "mean_delta_margin_donor_vs_competitor": 0.375,
      "mean_delta_donor_logit": -0.375,
      "mean_delta_competitor_logit": -0.75,
      "new_donor_top1_rate": 0.0,
      "role_guess_counts": {
        "weak_suppression_candidate": 1
      }
    },
    {
      "base_competitor_class": "recipient_answer",
      "candidate_component_id": "L22:mlp_out",
      "n": 1,
      "mean_delta_margin_donor_vs_competitor": -0.125,
      "mean_delta_donor_logit": -0.5,
      "mean_delta_competitor_logit": -0.375,
      "new_donor_top1_rate": 0.0,
      "role_guess_counts": {
        "harmful_or_competitor_support": 1
      }
    },
    {
      "base_competitor_class": "other_vocab",
      "candidate_component_id": "L26:mlp_out",
      "n": 1,
      "mean_delta_margin_donor_vs_competitor": 3.4375,
      "mean_delta_donor_logit": 2.5,
      "mean_delta_competitor_logit": -0.9375,
      "new_donor_top1_rate": 0.0,
      "role_guess_counts": {
        "boost_and_suppress_margin_candidate": 1
      }
    }
  ]
}
