=== before 2026-05-30 16:06:47 CST ===
Linux rankrank-4090D 6.8.0-117-generic #117-Ubuntu SMP PREEMPT_DYNAMIC Tue May  5 19:26:24 UTC 2026 x86_64 x86_64 x86_64 GNU/Linux
NVRM version: NVIDIA UNIX x86_64 Kernel Module  535.309.01  Wed Mar 25 15:26:15 UTC 2026
GCC version:  gcc version 13.3.0 (Ubuntu 13.3.0-6ubuntu2~24.04.1) 
Sat May 30 16:06:47 2026       
+---------------------------------------------------------------------------------------+
| NVIDIA-SMI 535.309.01             Driver Version: 535.309.01   CUDA Version: 12.2     |
|-----------------------------------------+----------------------+----------------------+
| GPU  Name                 Persistence-M | Bus-Id        Disp.A | Volatile Uncorr. ECC |
| Fan  Temp   Perf          Pwr:Usage/Cap |         Memory-Usage | GPU-Util  Compute M. |
|                                         |                      |               MIG M. |
|=========================================+======================+======================|
|   0  NVIDIA GeForce RTX 4090 D      Off | 00000000:01:00.0  On |                  Off |
| 31%   33C    P8              12W / 425W |    756MiB / 24564MiB |     21%      Default |
|                                         |                      |                  N/A |
+-----------------------------------------+----------------------+----------------------+
                                                                                         
+---------------------------------------------------------------------------------------+
| Processes:                                                                            |
|  GPU   GI   CI        PID   Type   Process name                            GPU Memory |
|        ID   ID                                                             Usage      |
|=======================================================================================|
|    0   N/A  N/A      2138      G   /usr/lib/xorg/Xorg                          346MiB |
|    0   N/A  N/A      2959      G   /usr/bin/gnome-shell                         82MiB |
|    0   N/A  N/A      3143      G   ...in/bin/sunloginclient --cmd=autorun       22MiB |
|    0   N/A  N/A      3392      G   ...) Chrome/58.0.3029.81 Safari/537.36        6MiB |
|    0   N/A  N/A      3421      G   ...en=2A1606E2428F87C1FE8C451B300F49FD       14MiB |
|    0   N/A  N/A      4448      G   ...irefox/8387/usr/lib/firefox/firefox      191MiB |
|    0   N/A  N/A      7660      G   /proc/self/exe                               51MiB |
+---------------------------------------------------------------------------------------+
python 3.11.15 (main, Mar 11 2026, 17:20:07) [GCC 14.3.0]
conda_env openone-cuda121
torch 2.5.1+cu121 runtime 12.1 available True
gpu NVIDIA GeForce RTX 4090 D
