[22:52:56] deepseek7b/confirm: pairs=12 target_site=hidden_28 source_paths=4
[22:52:57] [load] deepseek7b: bf16 device_map=auto attn=eager quantization=off
`torch_dtype` is deprecated! Use `dtype` instead!
Loading weights:   0%|          | 0/339 [00:00<?, ?it/s]Loading weights:   2%|▏         | 6/339 [00:00<00:05, 58.50it/s]Loading weights:  12%|█▏        | 41/339 [00:00<00:01, 201.36it/s]Loading weights:  22%|██▏       | 73/339 [00:00<00:01, 236.73it/s]Loading weights:  30%|██▉       | 101/339 [00:00<00:01, 228.83it/s]Loading weights:  41%|████      | 139/339 [00:00<00:00, 276.56it/s]Loading weights:  51%|█████     | 173/339 [00:00<00:00, 294.21it/s]Loading weights:  60%|█████▉    | 203/339 [00:00<00:00, 285.79it/s]Loading weights:  69%|██████▊   | 233/339 [00:00<00:00, 280.74it/s]Loading weights:  77%|███████▋  | 262/339 [00:00<00:00, 280.63it/s]Loading weights:  86%|████████▌ | 292/339 [00:01<00:00, 279.28it/s]Loading weights:  95%|█████████▍| 321/339 [00:01<00:00, 270.51it/s]Loading weights: 100%|██████████| 339/339 [00:01<00:00, 267.17it/s]
[22:52:59] [load] deepseek7b: loaded eager, device=cuda:0, gpu=15.23GB
[22:53:07] deepseek7b: replacement closure 3/12 pairs; rows=24
[22:53:15] deepseek7b: replacement closure 6/12 pairs; rows=48
[22:53:23] deepseek7b: replacement closure 9/12 pairs; rows=72
[22:53:31] deepseek7b: replacement closure 12/12 pairs; rows=96
[model_utils] GPU memory released, allocated=15.24 GB
{
  "model": "deepseek7b",
  "round": "confirm",
  "target_site": "hidden_28",
  "top_replacement_paths": [
    {
      "component_id": "L22H24",
      "layer": 22,
      "head": 24,
      "source_group": "all_pre_answer",
      "direction": "conflict<-explicit",
      "n": 12,
      "mean_restore_projection": 15.831006735563278,
      "mean_restore_fraction": 0.026985501801219728,
      "mean_donor_logprob_delta": 0.28592216968536377,
      "mean_recipient_logprob_delta": 0.0320157582561175,
      "mean_donor_rank_delta": -84.08333333333333,
      "mean_recipient_rank_delta": 0.0,
      "donor_hit_gain_rate": 0.0,
      "recipient_hit_loss_rate": 0.08333333333333333,
      "patched_donor_hit_rate": 0.0,
      "baseline_donor_hit_rate": 0.0,
      "patched_recipient_hit_rate": 0.6666666666666666,
      "baseline_recipient_hit_rate": 0.75,
      "changed_rate": 0.16666666666666666,
      "mean_donor_attention_mass": 0.982480506102244,
      "mean_recipient_attention_mass": 0.9813516040643057,
      "mean_contribution_delta_norm": 8.157025337219238,
      "role_guess": "content_transfer_candidate"
    },
    {
      "component_id": "L22H24",
      "layer": 22,
      "head": 24,
      "source_group": "records_all",
      "direction": "conflict<-explicit",
      "n": 12,
      "mean_restore_projection": 14.700539668401083,
      "mean_restore_fraction": 0.02503031136336997,
      "mean_donor_logprob_delta": 0.2488239606221517,
      "mean_recipient_logprob_delta": 0.04211821655432383,
      "mean_donor_rank_delta": -2.3333333333333335,
      "mean_recipient_rank_delta": 0.0,
      "donor_hit_gain_rate": 0.0,
      "recipient_hit_loss_rate": 0.08333333333333333,
      "patched_donor_hit_rate": 0.0,
      "baseline_donor_hit_rate": 0.0,
      "patched_recipient_hit_rate": 0.6666666666666666,
      "baseline_recipient_hit_rate": 0.75,
      "changed_rate": 0.16666666666666666,
      "mean_donor_attention_mass": 0.7973877588907877,
      "mean_recipient_attention_mass": 0.7705234736204147,
      "mean_contribution_delta_norm": 7.87196405728658,
      "role_guess": "content_transfer_candidate"
    },
    {
      "component_id": "L22H24",
      "layer": 22,
      "head": 24,
      "source_group": "all_pre_answer",
      "direction": "explicit<-conflict",
      "n": 12,
      "mean_restore_projection": 13.552436848481497,
      "mean_restore_fraction": 0.022282383571562262,
      "mean_donor_logprob_delta": 0.21352485815684,
      "mean_recipient_logprob_delta": -0.06739962256203096,
      "mean_donor_rank_delta": -325.5,
      "mean_recipient_rank_delta": 0.0,
      "donor_hit_gain_rate": 0.0,
      "recipient_hit_loss_rate": 0.0,
      "patched_donor_hit_rate": 0.0,
      "baseline_donor_hit_rate": 0.0,
      "patched_recipient_hit_rate": 0.9166666666666666,
      "baseline_recipient_hit_rate": 0.8333333333333334,
      "changed_rate": 0.08333333333333333,
      "mean_donor_attention_mass": 0.9813516040643057,
      "mean_recipient_attention_mass": 0.982480506102244,
      "mean_contribution_delta_norm": 8.157025337219238,
      "role_guess": "content_transfer_candidate"
    },
    {
      "component_id": "L22H24",
      "layer": 22,
      "head": 24,
      "source_group": "records_all",
      "direction": "explicit<-conflict",
      "n": 12,
      "mean_restore_projection": 11.739744395017624,
      "mean_restore_fraction": 0.019045437372638366,
      "mean_donor_logprob_delta": 0.21243409315745035,
      "mean_recipient_logprob_delta": -0.07109469268471003,
      "mean_donor_rank_delta": -365.9166666666667,
      "mean_recipient_rank_delta": 0.0,
      "donor_hit_gain_rate": 0.0,
      "recipient_hit_loss_rate": 0.0,
      "patched_donor_hit_rate": 0.0,
      "baseline_donor_hit_rate": 0.0,
      "patched_recipient_hit_rate": 0.9166666666666666,
      "baseline_recipient_hit_rate": 0.8333333333333334,
      "changed_rate": 0.08333333333333333,
      "mean_donor_attention_mass": 0.7705234736204147,
      "mean_recipient_attention_mass": 0.7973877588907877,
      "mean_contribution_delta_norm": 7.87196405728658,
      "role_guess": "content_transfer_candidate"
    },
    {
      "component_id": "L22H24",
      "layer": 22,
      "head": 24,
      "source_group": "target_record_line",
      "direction": "conflict<-explicit",
      "n": 12,
      "mean_restore_projection": 11.128541747728983,
      "mean_restore_fraction": 0.01847881498426199,
      "mean_donor_logprob_delta": 0.2440830866495768,
      "mean_recipient_logprob_delta": 0.02761169771353404,
      "mean_donor_rank_delta": -59.166666666666664,
      "mean_recipient_rank_delta": 0.0,
      "donor_hit_gain_rate": 0.0,
      "recipient_hit_loss_rate": 0.0,
      "patched_donor_hit_rate": 0.0,
      "baseline_donor_hit_rate": 0.0,
      "patched_recipient_hit_rate": 0.75,
      "baseline_recipient_hit_rate": 0.75,
      "changed_rate": 0.08333333333333333,
      "mean_donor_attention_mass": 0.672594889998436,
      "mean_recipient_attention_mass": 0.5983583380778631,
      "mean_contribution_delta_norm": 7.557269195715587,
      "role_guess": "content_transfer_candidate"
    }
  ]
}
