[15:42:50] deepseek7b: cases=96, top_heads_per_family=3
`torch_dtype` is deprecated! Use `dtype` instead!
[model_utils] Loading deepseek7b... (8bit=False)
Loading weights:   0%|          | 0/339 [00:00<?, ?it/s]Loading weights: 100%|██████████| 339/339 [00:00<00:00, 16810.94it/s]
[model_utils] deepseek7b loaded, device=cuda:0, class=Qwen2ForCausalLM, GPU=15.28GB
[15:42:55] deepseek7b: color_value_reuse_difference 8/24 cases; rows=48
[15:42:57] deepseek7b: color_value_reuse_difference 16/24 cases; rows=96
[15:43:00] deepseek7b: color_value_reuse_difference 24/24 cases; rows=144
[15:43:02] deepseek7b: fruit_identity_reuse_difference 8/24 cases; rows=192
[15:43:05] deepseek7b: fruit_identity_reuse_difference 16/24 cases; rows=240
[15:43:07] deepseek7b: fruit_identity_reuse_difference 24/24 cases; rows=288
[15:43:10] deepseek7b: simple_grammar_protocol_route 8/24 cases; rows=336
[15:43:12] deepseek7b: simple_grammar_protocol_route 16/24 cases; rows=384
[15:43:14] deepseek7b: simple_grammar_protocol_route 24/24 cases; rows=432
[15:43:17] deepseek7b: translation_language_route 8/24 cases; rows=480
[15:43:19] deepseek7b: translation_language_route 16/24 cases; rows=528
[15:43:22] deepseek7b: translation_language_route 24/24 cases; rows=576
[model_utils] GPU memory released, allocated=15.28 GB
{
  "model": "deepseek7b",
  "most_harmful_candidate_heads": [
    {
      "condition_kind": "candidate",
      "function_family": "fruit_identity_reuse_difference",
      "head": 17,
      "head_key": "L20H17",
      "layer": 20,
      "logprob_worse_rate": 1.0,
      "mean_logprob_delta": -2.8909142265717187,
      "mean_margin_delta": -2.9609375,
      "mean_rank_delta": 28.458333333333332,
      "model": "deepseek7b",
      "n": 24,
      "rank_worse_rate": 1.0,
      "source_focus_score": 0.45734820763270057,
      "top1_drop_rate": 0.25
    },
    {
      "condition_kind": "candidate",
      "function_family": "fruit_identity_reuse_difference",
      "head": 23,
      "head_key": "L27H23",
      "layer": 27,
      "logprob_worse_rate": 0.7916666666666666,
      "mean_logprob_delta": -0.8819037129481634,
      "mean_margin_delta": -0.8776041666666666,
      "mean_rank_delta": 5.625,
      "model": "deepseek7b",
      "n": 24,
      "rank_worse_rate": 0.5416666666666666,
      "source_focus_score": 0.4246266682942708,
      "top1_drop_rate": 0.125
    },
    {
      "condition_kind": "candidate",
      "function_family": "translation_language_route",
      "head": 21,
      "head_key": "L24H21",
      "layer": 24,
      "logprob_worse_rate": 1.0,
      "mean_logprob_delta": -0.7646795784433683,
      "mean_margin_delta": -0.755859375,
      "mean_rank_delta": 62.166666666666664,
      "model": "deepseek7b",
      "n": 24,
      "rank_worse_rate": 0.6666666666666666,
      "source_focus_score": 0.454462210337321,
      "top1_drop_rate": 0.08333333333333333
    },
    {
      "condition_kind": "candidate",
      "function_family": "simple_grammar_protocol_route",
      "head": 24,
      "head_key": "L22H24",
      "layer": 22,
      "logprob_worse_rate": 1.0,
      "mean_logprob_delta": -0.4170748610049486,
      "mean_margin_delta": -0.4244791666666667,
      "mean_rank_delta": 1.4583333333333333,
      "model": "deepseek7b",
      "n": 24,
      "rank_worse_rate": 0.375,
      "source_focus_score": 0.8706175486246746,
      "top1_drop_rate": 0.08333333333333333
    },
    {
      "condition_kind": "candidate",
      "function_family": "fruit_identity_reuse_difference",
      "head": 0,
      "head_key": "L23H0",
      "layer": 23,
      "logprob_worse_rate": 0.9583333333333334,
      "mean_logprob_delta": -0.41577160855134326,
      "mean_margin_delta": -0.3984375,
      "mean_rank_delta": 2.3333333333333335,
      "model": "deepseek7b",
      "n": 24,
      "rank_worse_rate": 0.5416666666666666,
      "source_focus_score": 0.44134600957234704,
      "top1_drop_rate": 0.041666666666666664
    },
    {
      "condition_kind": "candidate",
      "function_family": "simple_grammar_protocol_route",
      "head": 1,
      "head_key": "L22H1",
      "layer": 22,
      "logprob_worse_rate": 1.0,
      "mean_logprob_delta": -0.35334082258244354,
      "mean_margin_delta": -0.3333333333333333,
      "mean_rank_delta": 1.1666666666666667,
      "model": "deepseek7b",
      "n": 24,
      "rank_worse_rate": 0.4166666666666667,
      "source_focus_score": 0.9293444951375325,
      "top1_drop_rate": 0.08333333333333333
    },
    {
      "condition_kind": "candidate",
      "function_family": "translation_language_route",
      "head": 4,
      "head_key": "L23H4",
      "layer": 23,
      "logprob_worse_rate": 0.875,
      "mean_logprob_delta": -0.23597255597511926,
      "mean_margin_delta": -0.2799479166666667,
      "mean_rank_delta": 12.375,
      "model": "deepseek7b",
      "n": 24,
      "rank_worse_rate": 0.4166666666666667,
      "source_focus_score": 0.4264342387517293,
      "top1_drop_rate": 0.041666666666666664
    },
    {
      "condition_kind": "candidate",
      "function_family": "color_value_reuse_difference",
      "head": 6,
      "head_key": "L23H6",
      "layer": 23,
      "logprob_worse_rate": 0.9166666666666666,
      "mean_logprob_delta": -0.10435560097297032,
      "mean_margin_delta": -0.08072916666666667,
      "mean_rank_delta": 0.20833333333333334,
      "model": "deepseek7b",
      "n": 24,
      "rank_worse_rate": 0.125,
      "source_focus_score": 0.45961761474609375,
      "top1_drop_rate": 0.041666666666666664
    }
  ],
  "n_rows": 576
}
