[14:18:55] deepseek7b/main: pairs=24 seed_candidates=2 sources=['records_all', 'target_record_line']
[14:18:56] [load] deepseek7b: bf16 device_map=auto attn=eager quantization=off
`torch_dtype` is deprecated! Use `dtype` instead!
Loading weights:   0%|          | 0/339 [00:00<?, ?it/s]Loading weights:   1%|          | 3/339 [00:00<00:12, 27.02it/s]Loading weights:  10%|▉         | 33/339 [00:00<00:01, 162.90it/s]Loading weights:  22%|██▏       | 76/339 [00:00<00:01, 262.50it/s]Loading weights:  30%|███       | 103/339 [00:00<00:00, 259.71it/s]Loading weights:  40%|████      | 137/339 [00:00<00:00, 278.20it/s]Loading weights:  49%|████▉     | 166/339 [00:00<00:00, 252.64it/s]Loading weights:  61%|██████▏   | 208/339 [00:00<00:00, 293.34it/s]Loading weights:  70%|███████   | 238/339 [00:00<00:00, 284.41it/s]Loading weights:  79%|███████▉  | 267/339 [00:01<00:00, 248.12it/s]Loading weights:  90%|████████▉ | 305/339 [00:01<00:00, 276.77it/s]Loading weights:  99%|█████████▊| 334/339 [00:01<00:00, 279.89it/s]Loading weights: 100%|██████████| 339/339 [00:01<00:00, 264.58it/s]
[14:18:58] [load] deepseek7b: loaded eager, device=cuda:0, gpu=15.23GB
[14:18:58] deepseek7b: expanded_candidates=4 downstream_sites=['L23:attn_out', 'L23:mlp_out', 'L24:attn_out', 'L24:mlp_out']
[14:19:08] deepseek7b: control+carrier 4/24 pairs; rows=164
[14:19:17] deepseek7b: control+carrier 8/24 pairs; rows=328
[14:19:26] deepseek7b: control+carrier 12/24 pairs; rows=492
[14:19:35] deepseek7b: control+carrier 16/24 pairs; rows=656
[14:19:44] deepseek7b: control+carrier 20/24 pairs; rows=820
[14:19:53] deepseek7b: control+carrier 24/24 pairs; rows=984
[model_utils] GPU memory released, allocated=15.24 GB
{
  "model": "deepseek7b",
  "round": "main",
  "control_baseline": {
    "phase755_top_candidate": {
      "n_groups": 4,
      "mean_support_rate": 0.75,
      "mean_drop": 0.4654947916666667,
      "mean_guard_rate": 0.25,
      "mean_release": 0.15494791666666669,
      "role_counts": {
        "cross_domain_writer_candidate": 3,
        "cross_domain_writer_guard_candidate": 1
      }
    },
    "same_layer_control_head": {
      "n_groups": 4,
      "mean_support_rate": 0.08333333333333333,
      "mean_drop": 0.0006510416666666664,
      "mean_guard_rate": 0.2708333333333333,
      "mean_release": 0.18424479166666669,
      "role_counts": {
        "control_or_weak": 4
      }
    }
  },
  "top_writers": [
    {
      "site": "L22:attn_out",
      "head": 1,
      "subunit_id": "L22:attn_out:H1",
      "candidate_kind": "phase755_top_candidate",
      "source_group": "records_all",
      "n": 24,
      "domains": [
        "abstract",
        "animal",
        "fruit",
        "object",
        "plant",
        "tool"
      ],
      "relations": [
        "category",
        "color",
        "edible",
        "grows_on_tree",
        "shape",
        "taste"
      ],
      "mean_attention_mass_to_source": 0.46407293031613034,
      "mean_source_target_logit_contribution": 1.1283260639756918,
      "mean_source_total_route_suppression_contribution": 0.22307516083431742,
      "mean_target_logit_drop_after_source_removal": 0.5234375,
      "support_rate_drop_gt_0_20": 0.7916666666666666,
      "mean_total_positive_route_release_after_source_removal": 0.13020833333333334,
      "route_guard_rate_release_gt_0_20": 0.20833333333333334,
      "top1_loss_rate": 0.125,
      "removal_role_guess": "cross_domain_writer_candidate"
    },
    {
      "site": "L22:attn_out",
      "head": 24,
      "subunit_id": "L22:attn_out:H24",
      "candidate_kind": "phase755_top_candidate",
      "source_group": "records_all",
      "n": 24,
      "domains": [
        "abstract",
        "animal",
        "fruit",
        "object",
        "plant",
        "tool"
      ],
      "relations": [
        "category",
        "color",
        "edible",
        "grows_on_tree",
        "shape",
        "taste"
      ],
      "mean_attention_mass_to_source": 0.647236150999864,
      "mean_source_target_logit_contribution": 0.19226515494907895,
      "mean_source_total_route_suppression_contribution": 0.26621815996865433,
      "mean_target_logit_drop_after_source_removal": 0.4947916666666667,
      "support_rate_drop_gt_0_20": 0.7916666666666666,
      "mean_total_positive_route_release_after_source_removal": 0.16927083333333334,
      "route_guard_rate_release_gt_0_20": 0.25,
      "top1_loss_rate": 0.20833333333333334,
      "removal_role_guess": "cross_domain_writer_candidate"
    },
    {
      "site": "L22:attn_out",
      "head": 24,
      "subunit_id": "L22:attn_out:H24",
      "candidate_kind": "phase755_top_candidate",
      "source_group": "target_record_line",
      "n": 24,
      "domains": [
        "abstract",
        "animal",
        "fruit",
        "object",
        "plant",
        "tool"
      ],
      "relations": [
        "category",
        "color",
        "edible",
        "grows_on_tree",
        "shape",
        "taste"
      ],
      "mean_attention_mass_to_source": 0.498118336002032,
      "mean_source_target_logit_contribution": 0.20748381890977421,
      "mean_source_total_route_suppression_contribution": 0.23832851669673497,
      "mean_target_logit_drop_after_source_removal": 0.4192708333333333,
      "support_rate_drop_gt_0_20": 0.75,
      "mean_total_positive_route_release_after_source_removal": 0.13802083333333334,
      "route_guard_rate_release_gt_0_20": 0.20833333333333334,
      "top1_loss_rate": 0.20833333333333334,
      "removal_role_guess": "cross_domain_writer_candidate"
    },
    {
      "site": "L22:attn_out",
      "head": 1,
      "subunit_id": "L22:attn_out:H1",
      "candidate_kind": "phase755_top_candidate",
      "source_group": "target_record_line",
      "n": 24,
      "domains": [
        "abstract",
        "animal",
        "fruit",
        "object",
        "plant",
        "tool"
      ],
      "relations": [
        "category",
        "color",
        "edible",
        "grows_on_tree",
        "shape",
        "taste"
      ],
      "mean_attention_mass_to_source": 0.268194446961085,
      "mean_source_target_logit_contribution": 1.0534889753519867,
      "mean_source_total_route_suppression_contribution": 0.19763074912286052,
      "mean_target_logit_drop_after_source_removal": 0.4244791666666667,
      "support_rate_drop_gt_0_20": 0.6666666666666666,
      "mean_total_positive_route_release_after_source_removal": 0.18229166666666666,
      "route_guard_rate_release_gt_0_20": 0.3333333333333333,
      "top1_loss_rate": 0.16666666666666666,
      "removal_role_guess": "cross_domain_writer_guard_candidate"
    },
    {
      "site": "L22:attn_out",
      "head": 9,
      "subunit_id": "L22:attn_out:H9",
      "candidate_kind": "same_layer_control_head",
      "source_group": "records_all",
      "n": 24,
      "domains": [
        "abstract",
        "animal",
        "fruit",
        "object",
        "plant",
        "tool"
      ],
      "relations": [
        "category",
        "color",
        "edible",
        "grows_on_tree",
        "shape",
        "taste"
      ],
      "mean_attention_mass_to_source": 0.11299580335617065,
      "mean_source_target_logit_contribution": -0.13334565229403475,
      "mean_source_total_route_suppression_contribution": 0.2187659036523352,
      "mean_target_logit_drop_after_source_removal": -0.015625,
      "support_rate_drop_gt_0_20": 0.125,
      "mean_total_positive_route_release_after_source_removal": 0.17708333333333334,
      "route_guard_rate_release_gt_0_20": 0.25,
      "top1_loss_rate": 0.0,
      "removal_role_guess": "control_or_weak"
    },
    {
      "site": "L22:attn_out",
      "head": 14,
      "subunit_id": "L22:attn_out:H14",
      "candidate_kind": "same_layer_control_head",
      "source_group": "records_all",
      "n": 24,
      "domains": [
        "abstract",
        "animal",
        "fruit",
        "object",
        "plant",
        "tool"
      ],
      "relations": [
        "category",
        "color",
        "edible",
        "grows_on_tree",
        "shape",
        "taste"
      ],
      "mean_attention_mass_to_source": 0.16486459970474243,
      "mean_source_target_logit_contribution": 0.0237088593809555,
      "mean_source_total_route_suppression_contribution": 0.04378542292397469,
      "mean_target_logit_drop_after_source_removal": 0.010416666666666666,
      "support_rate_drop_gt_0_20": 0.08333333333333333,
      "mean_total_positive_route_release_after_source_removal": 0.18489583333333334,
      "route_guard_rate_release_gt_0_20": 0.20833333333333334,
      "top1_loss_rate": 0.0,
      "removal_role_guess": "control_or_weak"
    },
    {
      "site": "L22:attn_out",
      "head": 9,
      "subunit_id": "L22:attn_out:H9",
      "candidate_kind": "same_layer_control_head",
      "source_group": "target_record_line",
      "n": 24,
      "domains": [
        "abstract",
        "animal",
        "fruit",
        "object",
        "plant",
        "tool"
      ],
      "relations": [
        "category",
        "color",
        "edible",
        "grows_on_tree",
        "shape",
        "taste"
      ],
      "mean_attention_mass_to_source": 0.03173200289408366,
      "mean_source_target_logit_contribution": -0.07007414460531436,
      "mean_source_total_route_suppression_contribution": 0.10343126624259942,
      "mean_target_logit_drop_after_source_removal": -0.0026041666666666665,
      "support_rate_drop_gt_0_20": 0.08333333333333333,
      "mean_total_positive_route_release_after_source_removal": 0.21354166666666666,
      "route_guard_rate_release_gt_0_20": 0.3333333333333333,
      "top1_loss_rate": 0.0,
      "removal_role_guess": "control_or_weak"
    },
    {
      "site": "L22:attn_out",
      "head": 14,
      "subunit_id": "L22:attn_out:H14",
      "candidate_kind": "same_layer_control_head",
      "source_group": "target_record_line",
      "n": 24,
      "domains": [
        "abstract",
        "animal",
        "fruit",
        "object",
        "plant",
        "tool"
      ],
      "relations": [
        "category",
        "color",
        "edible",
        "grows_on_tree",
        "shape",
        "taste"
      ],
      "mean_attention_mass_to_source": 0.026021877924601238,
      "mean_source_target_logit_contribution": 0.006792408389931855,
      "mean_source_total_route_suppression_contribution": 0.01049606888833902,
      "mean_target_logit_drop_after_source_removal": 0.010416666666666666,
      "support_rate_drop_gt_0_20": 0.041666666666666664,
      "mean_total_positive_route_release_after_source_removal": 0.16145833333333334,
      "route_guard_rate_release_gt_0_20": 0.2916666666666667,
      "top1_loss_rate": 0.0,
      "removal_role_guess": "control_or_weak"
    }
  ],
  "top_carriers": [
    {
      "site": "L22:attn_out",
      "head": 24,
      "subunit_id": "L22:attn_out:H24",
      "candidate_kind": "phase755_top_candidate",
      "source_group": "target_record_line",
      "downstream_site": "L24:mlp_out",
      "n": 24,
      "domains": [
        "abstract",
        "animal",
        "fruit",
        "object",
        "plant",
        "tool"
      ],
      "relations": [
        "category",
        "color",
        "edible",
        "grows_on_tree",
        "shape",
        "taste"
      ],
      "mean_downstream_component_delta_norm_after_removal": 13.772825042406717,
      "mean_erase_target_logit_drop": 0.4192708333333333,
      "mean_restored_target_logit_drop": 0.3802083333333333,
      "mean_target_logit_recovered_by_restore": 0.0390625,
      "mean_target_recovery_fraction": 0.11755952380952381,
      "mean_erase_route_release": 0.13802083333333334,
      "mean_restored_route_release": 0.1875,
      "mean_route_release_reduced_by_restore": -0.049479166666666664,
      "effective_restore_rate": 0.3333333333333333,
      "carrier_role_guess": "weak_or_unclear"
    },
    {
      "site": "L22:attn_out",
      "head": 24,
      "subunit_id": "L22:attn_out:H24",
      "candidate_kind": "phase755_top_candidate",
      "source_group": "records_all",
      "downstream_site": "L23:attn_out",
      "n": 24,
      "domains": [
        "abstract",
        "animal",
        "fruit",
        "object",
        "plant",
        "tool"
      ],
      "relations": [
        "category",
        "color",
        "edible",
        "grows_on_tree",
        "shape",
        "taste"
      ],
      "mean_downstream_component_delta_norm_after_removal": 11.537217607100805,
      "mean_erase_target_logit_drop": 0.4947916666666667,
      "mean_restored_target_logit_drop": 0.4661458333333333,
      "mean_target_logit_recovered_by_restore": 0.028645833333333332,
      "mean_target_recovery_fraction": 0.012036574536574531,
      "mean_erase_route_release": 0.16927083333333334,
      "mean_restored_route_release": 0.21875,
      "mean_route_release_reduced_by_restore": -0.049479166666666664,
      "effective_restore_rate": 0.3333333333333333,
      "carrier_role_guess": "weak_or_unclear"
    },
    {
      "site": "L22:attn_out",
      "head": 1,
      "subunit_id": "L22:attn_out:H1",
      "candidate_kind": "phase755_top_candidate",
      "source_group": "records_all",
      "downstream_site": "L24:mlp_out",
      "n": 24,
      "domains": [
        "abstract",
        "animal",
        "fruit",
        "object",
        "plant",
        "tool"
      ],
      "relations": [
        "category",
        "color",
        "edible",
        "grows_on_tree",
        "shape",
        "taste"
      ],
      "mean_downstream_component_delta_norm_after_removal": 11.754568696022034,
      "mean_erase_target_logit_drop": 0.5234375,
      "mean_restored_target_logit_drop": 0.4348958333333333,
      "mean_target_logit_recovered_by_restore": 0.08854166666666667,
      "mean_target_recovery_fraction": 0.29716929634692796,
      "mean_erase_route_release": 0.13020833333333334,
      "mean_restored_route_release": 0.1796875,
      "mean_route_release_reduced_by_restore": -0.049479166666666664,
      "effective_restore_rate": 0.2916666666666667,
      "carrier_role_guess": "partial_downstream_carrier_candidate"
    },
    {
      "site": "L22:attn_out",
      "head": 24,
      "subunit_id": "L22:attn_out:H24",
      "candidate_kind": "phase755_top_candidate",
      "source_group": "target_record_line",
      "downstream_site": "L23:attn_out",
      "n": 24,
      "domains": [
        "abstract",
        "animal",
        "fruit",
        "object",
        "plant",
        "tool"
      ],
      "relations": [
        "category",
        "color",
        "edible",
        "grows_on_tree",
        "shape",
        "taste"
      ],
      "mean_downstream_component_delta_norm_after_removal": 10.155255580941835,
      "mean_erase_target_logit_drop": 0.4192708333333333,
      "mean_restored_target_logit_drop": 0.4192708333333333,
      "mean_target_logit_recovered_by_restore": 0.0,
      "mean_target_recovery_fraction": 0.1394047619047619,
      "mean_erase_route_release": 0.13802083333333334,
      "mean_restored_route_release": 0.18229166666666666,
      "mean_route_release_reduced_by_restore": -0.044270833333333336,
      "effective_restore_rate": 0.2916666666666667,
      "carrier_role_guess": "weak_or_unclear"
    },
    {
      "site": "L22:attn_out",
      "head": 1,
      "subunit_id": "L22:attn_out:H1",
      "candidate_kind": "phase755_top_candidate",
      "source_group": "target_record_line",
      "downstream_site": "L23:mlp_out",
      "n": 24,
      "domains": [
        "abstract",
        "animal",
        "fruit",
        "object",
        "plant",
        "tool"
      ],
      "relations": [
        "category",
        "color",
        "edible",
        "grows_on_tree",
        "shape",
        "taste"
      ],
      "mean_downstream_component_delta_norm_after_removal": 7.863207782308261,
      "mean_erase_target_logit_drop": 0.4244791666666667,
      "mean_restored_target_logit_drop": 0.3619791666666667,
      "mean_target_logit_recovered_by_restore": 0.0625,
      "mean_target_recovery_fraction": 0.19596560846560845,
      "mean_erase_route_release": 0.18229166666666666,
      "mean_restored_route_release": 0.2109375,
      "mean_route_release_reduced_by_restore": -0.028645833333333332,
      "effective_restore_rate": 0.25,
      "carrier_role_guess": "weak_or_unclear"
    },
    {
      "site": "L22:attn_out",
      "head": 1,
      "subunit_id": "L22:attn_out:H1",
      "candidate_kind": "phase755_top_candidate",
      "source_group": "target_record_line",
      "downstream_site": "L23:attn_out",
      "n": 24,
      "domains": [
        "abstract",
        "animal",
        "fruit",
        "object",
        "plant",
        "tool"
      ],
      "relations": [
        "category",
        "color",
        "edible",
        "grows_on_tree",
        "shape",
        "taste"
      ],
      "mean_downstream_component_delta_norm_after_removal": 3.631769724190235,
      "mean_erase_target_logit_drop": 0.4244791666666667,
      "mean_restored_target_logit_drop": 0.3958333333333333,
      "mean_target_logit_recovered_by_restore": 0.028645833333333332,
      "mean_target_recovery_fraction": 0.012400793650793647,
      "mean_erase_route_release": 0.18229166666666666,
      "mean_restored_route_release": 0.19270833333333334,
      "mean_route_release_reduced_by_restore": -0.010416666666666666,
      "effective_restore_rate": 0.25,
      "carrier_role_guess": "weak_or_unclear"
    },
    {
      "site": "L22:attn_out",
      "head": 1,
      "subunit_id": "L22:attn_out:H1",
      "candidate_kind": "phase755_top_candidate",
      "source_group": "target_record_line",
      "downstream_site": "L24:mlp_out",
      "n": 24,
      "domains": [
        "abstract",
        "animal",
        "fruit",
        "object",
        "plant",
        "tool"
      ],
      "relations": [
        "category",
        "color",
        "edible",
        "grows_on_tree",
        "shape",
        "taste"
      ],
      "mean_downstream_component_delta_norm_after_removal": 9.363667632142702,
      "mean_erase_target_logit_drop": 0.4244791666666667,
      "mean_restored_target_logit_drop": 0.3541666666666667,
      "mean_target_logit_recovered_by_restore": 0.0703125,
      "mean_target_recovery_fraction": 0.17843915343915343,
      "mean_erase_route_release": 0.18229166666666666,
      "mean_restored_route_release": 0.16927083333333334,
      "mean_route_release_reduced_by_restore": 0.013020833333333334,
      "effective_restore_rate": 0.20833333333333334,
      "carrier_role_guess": "weak_or_unclear"
    },
    {
      "site": "L22:attn_out",
      "head": 1,
      "subunit_id": "L22:attn_out:H1",
      "candidate_kind": "phase755_top_candidate",
      "source_group": "records_all",
      "downstream_site": "L23:mlp_out",
      "n": 24,
      "domains": [
        "abstract",
        "animal",
        "fruit",
        "object",
        "plant",
        "tool"
      ],
      "relations": [
        "category",
        "color",
        "edible",
        "grows_on_tree",
        "shape",
        "taste"
      ],
      "mean_downstream_component_delta_norm_after_removal": 10.264869153499603,
      "mean_erase_target_logit_drop": 0.5234375,
      "mean_restored_target_logit_drop": 0.4635416666666667,
      "mean_target_logit_recovered_by_restore": 0.059895833333333336,
      "mean_target_recovery_fraction": 0.16270276385407964,
      "mean_erase_route_release": 0.13020833333333334,
      "mean_restored_route_release": 0.16145833333333334,
      "mean_route_release_reduced_by_restore": -0.03125,
      "effective_restore_rate": 0.16666666666666666,
      "carrier_role_guess": "weak_or_unclear"
    }
  ]
}
