[14:17:44] glm4/main: pairs=24 seed_candidates=2 sources=['records_all', 'target_record_line']
[14:17:45] [load] glm4: bf16 device_map=auto attn=eager quantization=off
`torch_dtype` is deprecated! Use `dtype` instead!
Loading weights:   0%|          | 0/443 [00:00<?, ?it/s]Loading weights:   0%|          | 2/443 [00:00<00:44,  9.82it/s]Loading weights:   6%|▌         | 26/443 [00:00<00:04, 101.28it/s]Loading weights:  14%|█▎        | 60/443 [00:00<00:02, 179.27it/s]Loading weights:  21%|██        | 93/443 [00:00<00:01, 224.26it/s]Loading weights:  28%|██▊       | 126/443 [00:00<00:01, 250.81it/s]Loading weights:  35%|███▍      | 155/443 [00:00<00:01, 260.58it/s]Loading weights:  41%|████▏     | 183/443 [00:00<00:00, 261.90it/s]Loading weights:  51%|█████     | 225/443 [00:00<00:00, 299.55it/s]Loading weights:  58%|█████▊    | 257/443 [00:01<00:00, 296.94it/s]Loading weights:  65%|██████▌   | 288/443 [00:01<00:00, 288.45it/s]Loading weights:  73%|███████▎  | 324/443 [00:01<00:00, 300.95it/s]Loading weights:  80%|████████  | 355/443 [00:01<00:00, 291.19it/s]Loading weights:  88%|████████▊ | 390/443 [00:01<00:00, 300.00it/s]Loading weights:  95%|█████████▌| 423/443 [00:01<00:00, 305.32it/s]Loading weights: 100%|██████████| 443/443 [00:01<00:00, 266.62it/s]
[14:17:47] [load] glm4: loaded eager, device=cuda:0, gpu=18.80GB
[14:17:48] glm4: expanded_candidates=4 downstream_sites=['L36:attn_out', 'L36:mlp_out', 'L37:attn_out', 'L37:mlp_out']
[14:17:59] glm4: control+carrier 4/24 pairs; rows=164
[14:18:09] glm4: control+carrier 8/24 pairs; rows=328
[14:18:20] glm4: control+carrier 12/24 pairs; rows=492
[14:18:32] glm4: control+carrier 16/24 pairs; rows=656
[14:18:42] glm4: control+carrier 20/24 pairs; rows=820
[14:18:53] glm4: control+carrier 24/24 pairs; rows=984
[model_utils] GPU memory released, allocated=18.81 GB
{
  "model": "glm4",
  "round": "main",
  "control_baseline": {
    "phase755_top_candidate": {
      "n_groups": 4,
      "mean_support_rate": 0.041666666666666664,
      "mean_drop": -0.007161458333333334,
      "mean_guard_rate": 0.10416666666666666,
      "mean_release": 0.1064453125,
      "role_counts": {
        "control_or_weak": 4
      }
    },
    "same_layer_control_head": {
      "n_groups": 4,
      "mean_support_rate": 0.0,
      "mean_drop": 0.009765625,
      "mean_guard_rate": 0.0,
      "mean_release": 0.022786458333333332,
      "role_counts": {
        "control_or_weak": 4
      }
    }
  },
  "top_writers": [
    {
      "site": "L35:attn_out",
      "head": 29,
      "subunit_id": "L35:attn_out:H29",
      "candidate_kind": "phase755_top_candidate",
      "source_group": "records_all",
      "n": 24,
      "domains": [
        "abstract",
        "animal",
        "fruit",
        "object",
        "plant",
        "tool"
      ],
      "relations": [
        "category",
        "color",
        "edible",
        "grows_on_tree",
        "shape",
        "taste"
      ],
      "mean_attention_mass_to_source": 0.3298550645510356,
      "mean_source_target_logit_contribution": 0.03410604708187748,
      "mean_source_total_route_suppression_contribution": 0.026536917309082735,
      "mean_target_logit_drop_after_source_removal": 0.033854166666666664,
      "support_rate_drop_gt_0_20": 0.041666666666666664,
      "mean_total_positive_route_release_after_source_removal": 0.061197916666666664,
      "route_guard_rate_release_gt_0_20": 0.08333333333333333,
      "top1_loss_rate": 0.0,
      "removal_role_guess": "control_or_weak"
    },
    {
      "site": "L35:attn_out",
      "head": 29,
      "subunit_id": "L35:attn_out:H29",
      "candidate_kind": "phase755_top_candidate",
      "source_group": "target_record_line",
      "n": 24,
      "domains": [
        "abstract",
        "animal",
        "fruit",
        "object",
        "plant",
        "tool"
      ],
      "relations": [
        "category",
        "color",
        "edible",
        "grows_on_tree",
        "shape",
        "taste"
      ],
      "mean_attention_mass_to_source": 0.14490275581677756,
      "mean_source_target_logit_contribution": 0.03468073208508334,
      "mean_source_total_route_suppression_contribution": 0.020116211843439185,
      "mean_target_logit_drop_after_source_removal": 0.0234375,
      "support_rate_drop_gt_0_20": 0.041666666666666664,
      "mean_total_positive_route_release_after_source_removal": 0.048177083333333336,
      "route_guard_rate_release_gt_0_20": 0.041666666666666664,
      "top1_loss_rate": 0.0,
      "removal_role_guess": "control_or_weak"
    },
    {
      "site": "L34:attn_out",
      "head": 4,
      "subunit_id": "L34:attn_out:H4",
      "candidate_kind": "phase755_top_candidate",
      "source_group": "target_record_line",
      "n": 24,
      "domains": [
        "abstract",
        "animal",
        "fruit",
        "object",
        "plant",
        "tool"
      ],
      "relations": [
        "category",
        "color",
        "edible",
        "grows_on_tree",
        "shape",
        "taste"
      ],
      "mean_attention_mass_to_source": 0.24451239903767905,
      "mean_source_target_logit_contribution": 0.22277423721485926,
      "mean_source_total_route_suppression_contribution": 0.059426736229700815,
      "mean_target_logit_drop_after_source_removal": -0.041666666666666664,
      "support_rate_drop_gt_0_20": 0.041666666666666664,
      "mean_total_positive_route_release_after_source_removal": 0.15234375,
      "route_guard_rate_release_gt_0_20": 0.16666666666666666,
      "top1_loss_rate": 0.0,
      "removal_role_guess": "control_or_weak"
    },
    {
      "site": "L34:attn_out",
      "head": 4,
      "subunit_id": "L34:attn_out:H4",
      "candidate_kind": "phase755_top_candidate",
      "source_group": "records_all",
      "n": 24,
      "domains": [
        "abstract",
        "animal",
        "fruit",
        "object",
        "plant",
        "tool"
      ],
      "relations": [
        "category",
        "color",
        "edible",
        "grows_on_tree",
        "shape",
        "taste"
      ],
      "mean_attention_mass_to_source": 0.3978921740005414,
      "mean_source_target_logit_contribution": 0.2231808476014218,
      "mean_source_total_route_suppression_contribution": 0.07038741773673489,
      "mean_target_logit_drop_after_source_removal": -0.044270833333333336,
      "support_rate_drop_gt_0_20": 0.041666666666666664,
      "mean_total_positive_route_release_after_source_removal": 0.1640625,
      "route_guard_rate_release_gt_0_20": 0.125,
      "top1_loss_rate": 0.0,
      "removal_role_guess": "control_or_weak"
    },
    {
      "site": "L34:attn_out",
      "head": 17,
      "subunit_id": "L34:attn_out:H17",
      "candidate_kind": "same_layer_control_head",
      "source_group": "target_record_line",
      "n": 24,
      "domains": [
        "abstract",
        "animal",
        "fruit",
        "object",
        "plant",
        "tool"
      ],
      "relations": [
        "category",
        "color",
        "edible",
        "grows_on_tree",
        "shape",
        "taste"
      ],
      "mean_attention_mass_to_source": 0.001181483268737793,
      "mean_source_target_logit_contribution": -4.794251402984173e-05,
      "mean_source_total_route_suppression_contribution": 0.0001408715199886501,
      "mean_target_logit_drop_after_source_removal": 0.013020833333333334,
      "support_rate_drop_gt_0_20": 0.0,
      "mean_total_positive_route_release_after_source_removal": 0.029947916666666668,
      "route_guard_rate_release_gt_0_20": 0.0,
      "top1_loss_rate": 0.0,
      "removal_role_guess": "control_or_weak"
    },
    {
      "site": "L34:attn_out",
      "head": 17,
      "subunit_id": "L34:attn_out:H17",
      "candidate_kind": "same_layer_control_head",
      "source_group": "records_all",
      "n": 24,
      "domains": [
        "abstract",
        "animal",
        "fruit",
        "object",
        "plant",
        "tool"
      ],
      "relations": [
        "category",
        "color",
        "edible",
        "grows_on_tree",
        "shape",
        "taste"
      ],
      "mean_attention_mass_to_source": 0.005835389097531636,
      "mean_source_target_logit_contribution": -3.505724968514793e-05,
      "mean_source_total_route_suppression_contribution": 0.00036480968143829767,
      "mean_target_logit_drop_after_source_removal": 0.013020833333333334,
      "support_rate_drop_gt_0_20": 0.0,
      "mean_total_positive_route_release_after_source_removal": 0.028645833333333332,
      "route_guard_rate_release_gt_0_20": 0.0,
      "top1_loss_rate": 0.0,
      "removal_role_guess": "control_or_weak"
    },
    {
      "site": "L35:attn_out",
      "head": 10,
      "subunit_id": "L35:attn_out:H10",
      "candidate_kind": "same_layer_control_head",
      "source_group": "target_record_line",
      "n": 24,
      "domains": [
        "abstract",
        "animal",
        "fruit",
        "object",
        "plant",
        "tool"
      ],
      "relations": [
        "category",
        "color",
        "edible",
        "grows_on_tree",
        "shape",
        "taste"
      ],
      "mean_attention_mass_to_source": 0.0013036456948611885,
      "mean_source_target_logit_contribution": -3.0088737266472283e-05,
      "mean_source_total_route_suppression_contribution": 0.00015687992024974543,
      "mean_target_logit_drop_after_source_removal": 0.010416666666666666,
      "support_rate_drop_gt_0_20": 0.0,
      "mean_total_positive_route_release_after_source_removal": 0.010416666666666666,
      "route_guard_rate_release_gt_0_20": 0.0,
      "top1_loss_rate": 0.0,
      "removal_role_guess": "control_or_weak"
    },
    {
      "site": "L35:attn_out",
      "head": 10,
      "subunit_id": "L35:attn_out:H10",
      "candidate_kind": "same_layer_control_head",
      "source_group": "records_all",
      "n": 24,
      "domains": [
        "abstract",
        "animal",
        "fruit",
        "object",
        "plant",
        "tool"
      ],
      "relations": [
        "category",
        "color",
        "edible",
        "grows_on_tree",
        "shape",
        "taste"
      ],
      "mean_attention_mass_to_source": 0.0035901482939758957,
      "mean_source_target_logit_contribution": -6.470115446669904e-05,
      "mean_source_total_route_suppression_contribution": 0.00042178165320668387,
      "mean_target_logit_drop_after_source_removal": 0.0026041666666666665,
      "support_rate_drop_gt_0_20": 0.0,
      "mean_total_positive_route_release_after_source_removal": 0.022135416666666668,
      "route_guard_rate_release_gt_0_20": 0.0,
      "top1_loss_rate": 0.0,
      "removal_role_guess": "control_or_weak"
    }
  ],
  "top_carriers": [
    {
      "site": "L34:attn_out",
      "head": 4,
      "subunit_id": "L34:attn_out:H4",
      "candidate_kind": "phase755_top_candidate",
      "source_group": "records_all",
      "downstream_site": "L36:attn_out",
      "n": 24,
      "domains": [
        "abstract",
        "animal",
        "fruit",
        "object",
        "plant",
        "tool"
      ],
      "relations": [
        "category",
        "color",
        "edible",
        "grows_on_tree",
        "shape",
        "taste"
      ],
      "mean_downstream_component_delta_norm_after_removal": 0.17565486673265696,
      "mean_erase_target_logit_drop": -0.044270833333333336,
      "mean_restored_target_logit_drop": -0.036458333333333336,
      "mean_target_logit_recovered_by_restore": -0.0078125,
      "mean_target_recovery_fraction": 0.3333333333333333,
      "mean_erase_route_release": 0.1640625,
      "mean_restored_route_release": 0.15364583333333334,
      "mean_route_release_reduced_by_restore": 0.010416666666666666,
      "effective_restore_rate": 0.041666666666666664,
      "carrier_role_guess": "weak_or_unclear"
    },
    {
      "site": "L35:attn_out",
      "head": 10,
      "subunit_id": "L35:attn_out:H10",
      "candidate_kind": "same_layer_control_head",
      "source_group": "records_all",
      "downstream_site": "L36:mlp_out",
      "n": 24,
      "domains": [
        "abstract",
        "animal",
        "fruit",
        "object",
        "plant",
        "tool"
      ],
      "relations": [
        "category",
        "color",
        "edible",
        "grows_on_tree",
        "shape",
        "taste"
      ],
      "mean_downstream_component_delta_norm_after_removal": 0.10028397819648187,
      "mean_erase_target_logit_drop": 0.0026041666666666665,
      "mean_restored_target_logit_drop": 0.0026041666666666665,
      "mean_target_logit_recovered_by_restore": 0.0,
      "mean_target_recovery_fraction": 1.0,
      "mean_erase_route_release": 0.022135416666666668,
      "mean_restored_route_release": 0.020833333333333332,
      "mean_route_release_reduced_by_restore": 0.0013020833333333333,
      "effective_restore_rate": 0.0,
      "carrier_role_guess": "weak_or_unclear"
    },
    {
      "site": "L34:attn_out",
      "head": 17,
      "subunit_id": "L34:attn_out:H17",
      "candidate_kind": "same_layer_control_head",
      "source_group": "records_all",
      "downstream_site": "L37:attn_out",
      "n": 24,
      "domains": [
        "abstract",
        "animal",
        "fruit",
        "object",
        "plant",
        "tool"
      ],
      "relations": [
        "category",
        "color",
        "edible",
        "grows_on_tree",
        "shape",
        "taste"
      ],
      "mean_downstream_component_delta_norm_after_removal": 0.19137696952869496,
      "mean_erase_target_logit_drop": 0.013020833333333334,
      "mean_restored_target_logit_drop": -0.0026041666666666665,
      "mean_target_logit_recovered_by_restore": 0.015625,
      "mean_target_recovery_fraction": 0.6666666666666666,
      "mean_erase_route_release": 0.028645833333333332,
      "mean_restored_route_release": 0.041666666666666664,
      "mean_route_release_reduced_by_restore": -0.013020833333333334,
      "effective_restore_rate": 0.0,
      "carrier_role_guess": "weak_or_unclear"
    },
    {
      "site": "L34:attn_out",
      "head": 17,
      "subunit_id": "L34:attn_out:H17",
      "candidate_kind": "same_layer_control_head",
      "source_group": "records_all",
      "downstream_site": "L36:mlp_out",
      "n": 24,
      "domains": [
        "abstract",
        "animal",
        "fruit",
        "object",
        "plant",
        "tool"
      ],
      "relations": [
        "category",
        "color",
        "edible",
        "grows_on_tree",
        "shape",
        "taste"
      ],
      "mean_downstream_component_delta_norm_after_removal": 0.11550811988612016,
      "mean_erase_target_logit_drop": 0.013020833333333334,
      "mean_restored_target_logit_drop": 0.005208333333333333,
      "mean_target_logit_recovered_by_restore": 0.0078125,
      "mean_target_recovery_fraction": 0.6666666666666666,
      "mean_erase_route_release": 0.028645833333333332,
      "mean_restored_route_release": 0.03125,
      "mean_route_release_reduced_by_restore": -0.0026041666666666665,
      "effective_restore_rate": 0.0,
      "carrier_role_guess": "weak_or_unclear"
    },
    {
      "site": "L34:attn_out",
      "head": 17,
      "subunit_id": "L34:attn_out:H17",
      "candidate_kind": "same_layer_control_head",
      "source_group": "records_all",
      "downstream_site": "L36:attn_out",
      "n": 24,
      "domains": [
        "abstract",
        "animal",
        "fruit",
        "object",
        "plant",
        "tool"
      ],
      "relations": [
        "category",
        "color",
        "edible",
        "grows_on_tree",
        "shape",
        "taste"
      ],
      "mean_downstream_component_delta_norm_after_removal": 0.08561797052000959,
      "mean_erase_target_logit_drop": 0.013020833333333334,
      "mean_restored_target_logit_drop": 0.010416666666666666,
      "mean_target_logit_recovered_by_restore": 0.0026041666666666665,
      "mean_target_recovery_fraction": 0.6666666666666666,
      "mean_erase_route_release": 0.028645833333333332,
      "mean_restored_route_release": 0.026041666666666668,
      "mean_route_release_reduced_by_restore": 0.0026041666666666665,
      "effective_restore_rate": 0.0,
      "carrier_role_guess": "weak_or_unclear"
    },
    {
      "site": "L35:attn_out",
      "head": 10,
      "subunit_id": "L35:attn_out:H10",
      "candidate_kind": "same_layer_control_head",
      "source_group": "target_record_line",
      "downstream_site": "L37:attn_out",
      "n": 24,
      "domains": [
        "abstract",
        "animal",
        "fruit",
        "object",
        "plant",
        "tool"
      ],
      "relations": [
        "category",
        "color",
        "edible",
        "grows_on_tree",
        "shape",
        "taste"
      ],
      "mean_downstream_component_delta_norm_after_removal": 0.18170180668433508,
      "mean_erase_target_logit_drop": 0.010416666666666666,
      "mean_restored_target_logit_drop": 0.0078125,
      "mean_target_logit_recovered_by_restore": 0.0026041666666666665,
      "mean_target_recovery_fraction": 0.6666666666666666,
      "mean_erase_route_release": 0.010416666666666666,
      "mean_restored_route_release": 0.032552083333333336,
      "mean_route_release_reduced_by_restore": -0.022135416666666668,
      "effective_restore_rate": 0.0,
      "carrier_role_guess": "weak_or_unclear"
    },
    {
      "site": "L35:attn_out",
      "head": 10,
      "subunit_id": "L35:attn_out:H10",
      "candidate_kind": "same_layer_control_head",
      "source_group": "target_record_line",
      "downstream_site": "L36:mlp_out",
      "n": 24,
      "domains": [
        "abstract",
        "animal",
        "fruit",
        "object",
        "plant",
        "tool"
      ],
      "relations": [
        "category",
        "color",
        "edible",
        "grows_on_tree",
        "shape",
        "taste"
      ],
      "mean_downstream_component_delta_norm_after_removal": 0.09377731444935004,
      "mean_erase_target_logit_drop": 0.010416666666666666,
      "mean_restored_target_logit_drop": 0.013020833333333334,
      "mean_target_logit_recovered_by_restore": -0.0026041666666666665,
      "mean_target_recovery_fraction": 0.6666666666666666,
      "mean_erase_route_release": 0.010416666666666666,
      "mean_restored_route_release": 0.016927083333333332,
      "mean_route_release_reduced_by_restore": -0.006510416666666667,
      "effective_restore_rate": 0.0,
      "carrier_role_guess": "weak_or_unclear"
    },
    {
      "site": "L34:attn_out",
      "head": 17,
      "subunit_id": "L34:attn_out:H17",
      "candidate_kind": "same_layer_control_head",
      "source_group": "target_record_line",
      "downstream_site": "L36:mlp_out",
      "n": 24,
      "domains": [
        "abstract",
        "animal",
        "fruit",
        "object",
        "plant",
        "tool"
      ],
      "relations": [
        "category",
        "color",
        "edible",
        "grows_on_tree",
        "shape",
        "taste"
      ],
      "mean_downstream_component_delta_norm_after_removal": 0.11390264425426722,
      "mean_erase_target_logit_drop": 0.013020833333333334,
      "mean_restored_target_logit_drop": 0.010416666666666666,
      "mean_target_logit_recovered_by_restore": 0.0026041666666666665,
      "mean_target_recovery_fraction": 0.6,
      "mean_erase_route_release": 0.029947916666666668,
      "mean_restored_route_release": 0.01953125,
      "mean_route_release_reduced_by_restore": 0.010416666666666666,
      "effective_restore_rate": 0.0,
      "carrier_role_guess": "weak_or_unclear"
    }
  ]
}
