`torch_dtype` is deprecated! Use `dtype` instead!
Loading weights:   0%|          | 0/339 [00:00<?, ?it/s]Loading weights:   1%|          | 2/339 [00:00<00:28, 12.02it/s]Loading weights:   9%|▊         | 29/339 [00:00<00:02, 121.88it/s]Loading weights:  18%|█▊        | 62/339 [00:00<00:01, 188.19it/s]Loading weights:  28%|██▊       | 95/339 [00:00<00:01, 229.74it/s]Loading weights:  35%|███▌      | 120/339 [00:00<00:01, 210.49it/s]Loading weights:  51%|█████     | 172/339 [00:00<00:00, 288.06it/s]Loading weights:  60%|█████▉    | 203/339 [00:00<00:00, 292.76it/s]Loading weights:  69%|██████▉   | 234/339 [00:00<00:00, 279.24it/s]Loading weights:  79%|███████▉  | 268/339 [00:01<00:00, 267.71it/s]Loading weights:  89%|████████▉ | 303/339 [00:01<00:00, 268.73it/s]Loading weights: 100%|██████████| 339/339 [00:01<00:00, 253.07it/s]
[15:38:10] Loaded deepseek7b: class=Qwen2ForCausalLM, GPU=15.23GB, attn=eager
[15:38:24] deepseek7b: visibility audited 12/72 paired cases
[15:38:38] deepseek7b: visibility audited 24/72 paired cases
[15:38:52] deepseek7b: visibility audited 36/72 paired cases
[15:39:05] deepseek7b: visibility audited 48/72 paired cases
[15:39:19] deepseek7b: visibility audited 60/72 paired cases
[15:39:33] deepseek7b: visibility audited 72/72 paired cases
[model_utils] GPU memory released, allocated=15.24 GB
{
  "model": "deepseek7b",
  "n_paired_cases": 72,
  "phase": 695,
  "summary": {
    "best_degradation_conditions": [
      {
        "baseline_top1_rate": 1.0,
        "condition": "degradation|terse_no_explain|mask_record_line",
        "mean_baseline_rank": 1.0,
        "mean_masked_fraction": 0.5582006948078377,
        "mean_patched_rank": 12247.75,
        "mean_pmv_effect": 11.95529513888889,
        "mean_rank_effect": 12246.75,
        "mean_target_effect": 16.685369023018414,
        "n": 72,
        "patched_best_other_route": {
          "continuation": 1,
          "prose": 71
        },
        "patched_top1_rate": 0.0,
        "success_change_rate": 1.0
      },
      {
        "baseline_top1_rate": 1.0,
        "condition": "degradation|terse_no_explain|keep_only_instruction_answer",
        "mean_baseline_rank": 1.0,
        "mean_masked_fraction": 0.7546989166036785,
        "mean_patched_rank": 7650.375,
        "mean_pmv_effect": 13.46875,
        "mean_rank_effect": 7649.375,
        "mean_target_effect": 15.89682467819916,
        "n": 72,
        "patched_best_other_route": {
          "continuation": 31,
          "prose": 41
        },
        "patched_top1_rate": 0.0,
        "success_change_rate": 1.0
      },
      {
        "baseline_top1_rate": 1.0,
        "condition": "degradation|terse_no_explain|keep_only_question_answer",
        "mean_baseline_rank": 1.0,
        "mean_masked_fraction": 0.7657631499893405,
        "mean_patched_rank": 11316.236111111111,
        "mean_pmv_effect": 11.236653645833334,
        "mean_rank_effect": 11315.236111111111,
        "mean_target_effect": 14.427827907933128,
        "n": 72,
        "patched_best_other_route": {
          "prose": 71,
          "yesno": 1
        },
        "patched_top1_rate": 0.0,
        "success_change_rate": 1.0
      },
      {
        "baseline_top1_rate": 1.0,
        "condition": "degradation|terse_no_explain|mask_record_without_target_value",
        "mean_baseline_rank": 1.0,
        "mean_masked_fraction": 0.47944890206794966,
        "mean_patched_rank": 3175.4305555555557,
        "mean_pmv_effect": 10.1767578125,
        "mean_rank_effect": 3174.4305555555557,
        "mean_target_effect": 12.091990292072296,
        "n": 72,
        "patched_best_other_route": {
          "continuation": 13,
          "prose": 59
        },
        "patched_top1_rate": 0.0,
        "success_change_rate": 1.0
      },
      {
        "baseline_top1_rate": 1.0,
        "condition": "degradation|terse_no_explain|mask_record_value_object_relation",
        "mean_baseline_rank": 1.0,
        "mean_masked_fraction": 0.2680438058414249,
        "mean_patched_rank": 3215.7083333333335,
        "mean_pmv_effect": 9.846788194444445,
        "mean_rank_effect": 3214.7083333333335,
        "mean_target_effect": 11.667206418183115,
        "n": 72,
        "patched_best_other_route": {
          "continuation": 20,
          "prose": 52
        },
        "patched_top1_rate": 0.041666666666666664,
        "success_change_rate": 0.9583333333333334
      },
      {
        "baseline_top1_rate": 1.0,
        "condition": "degradation|terse_no_explain|mask_relation",
        "mean_baseline_rank": 1.0,
        "mean_masked_fraction": 0.03773862821481869,
        "mean_patched_rank": 613.9583333333334,
        "mean_pmv_effect": 7.070963541666667,
        "mean_rank_effect": 612.9583333333334,
        "mean_target_effect": 12.356882601976395,
        "n": 72,
        "patched_best_other_route": {
          "prose": 72
        },
        "patched_top1_rate": 0.08333333333333333,
        "success_change_rate": 0.9166666666666666
      },
      {
        "baseline_top1_rate": 1.0,
        "condition": "degradation|terse_no_explain|mask_target_value",
        "mean_baseline_rank": 1.0,
        "mean_masked_fraction": 0.07875179273988797,
        "mean_patched_rank": 2309.6666666666665,
        "mean_pmv_effect": 10.2294921875,
        "mean_rank_effect": 2308.6666666666665,
        "mean_target_effect": 18.4951850556665,
        "n": 72,
        "patched_best_other_route": {
          "continuation": 9,
          "prose": 63
        },
        "patched_top1_rate": 0.09722222222222222,
        "success_change_rate": 0.9027777777777778
      },
      {
        "baseline_top1_rate": 1.0,
        "condition": "degradation|terse_no_explain|keep_only_record_answer",
        "mean_baseline_rank": 1.0,
        "mean_masked_fraction": 0.4040606769773436,
        "mean_patched_rank": 652.8611111111111,
        "mean_pmv_effect": 7.544270833333333,
        "mean_rank_effect": 651.8611111111111,
        "mean_target_effect": 10.489073130819532,
        "n": 72,
        "patched_best_other_route": {
          "continuation": 19,
          "prose": 53
        },
        "patched_top1_rate": 0.09722222222222222,
        "success_change_rate": 0.9027777777777778
      },
      {
        "baseline_top1_rate": 1.0,
        "condition": "degradation|terse_no_explain|mask_question_line",
        "mean_baseline_rank": 1.0,
        "mean_masked_fraction": 0.19649822179584084,
        "mean_patched_rank": 1911.1666666666667,
        "mean_pmv_effect": 7.694010416666667,
        "mean_rank_effect": 1910.1666666666667,
        "mean_target_effect": 6.121384347478549,
        "n": 72,
        "patched_best_other_route": {
          "continuation": 54,
          "prose": 18
        },
        "patched_top1_rate": 0.125,
        "success_change_rate": 0.875
      },
      {
        "baseline_top1_rate": 1.0,
        "condition": "degradation|terse_no_explain|keep_only_record_instruction_answer",
        "mean_baseline_rank": 1.0,
        "mean_masked_fraction": 0.19649822179584084,
        "mean_patched_rank": 1911.1666666666667,
        "mean_pmv_effect": 7.694010416666667,
        "mean_rank_effect": 1910.1666666666667,
        "mean_target_effect": 6.121384347478549,
        "n": 72,
        "patched_best_other_route": {
          "continuation": 54,
          "prose": 18
        },
        "patched_top1_rate": 0.125,
        "success_change_rate": 0.875
      },
      {
        "baseline_top1_rate": 1.0,
        "condition": "degradation|terse_no_explain|mask_record_without_value_object_relation",
        "mean_baseline_rank": 1.0,
        "mean_masked_fraction": 0.2901568889664128,
        "mean_patched_rank": 959.4861111111111,
        "mean_pmv_effect": 6.211263020833333,
        "mean_rank_effect": 958.4861111111111,
        "mean_target_effect": 3.654852350552877,
        "n": 72,
        "patched_best_other_route": {
          "continuation": 38,
          "prose": 34
        },
        "patched_top1_rate": 0.125,
        "success_change_rate": 0.875
      },
      {
        "baseline_top1_rate": 1.0,
        "condition": "degradation|terse_no_explain|mask_instruction_line",
        "mean_baseline_rank": 1.0,
        "mean_masked_fraction": 0.20756245518150282,
        "mean_patched_rank": 101.625,
        "mean_pmv_effect": 5.517795138888889,
        "mean_rank_effect": 100.625,
        "mean_target_effect": 22.59645491010613,
        "n": 72,
        "patched_best_other_route": {
          "prose": 72
        },
        "patched_top1_rate": 0.19444444444444445,
        "success_change_rate": 0.8055555555555556
      },
      {
        "baseline_top1_rate": 1.0,
        "condition": "degradation|terse_no_explain|mask_answer_context",
        "mean_baseline_rank": 1.0,
        "mean_masked_fraction": 0.018869314107409343,
        "mean_patched_rank": 241.44444444444446,
        "mean_pmv_effect": 3.49609375,
        "mean_rank_effect": 240.44444444444446,
        "mean_target_effect": 3.3516974250475564,
        "n": 72,
        "patched_best_other_route": {
          "continuation": 1,
          "json": 1,
          "prose": 70
        },
        "patched_top1_rate": 0.2777777777777778,
        "success_change_rate": 0.7222222222222222
      },
      {
        "baseline_top1_rate": 1.0,
        "condition": "degradation|terse_no_explain|mask_object_name",
        "mean_baseline_rank": 1.0,
        "mean_masked_fraction": 0.21596640793069366,
        "mean_patched_rank": 3.9305555555555554,
        "mean_pmv_effect": 0.8116319444444444,
        "mean_rank_effect": 2.9305555555555554,
        "mean_target_effect": -1.977853364414639,
        "n": 72,
        "patched_best_other_route": {
          "prose": 72
        },
        "patched_top1_rate": 0.5972222222222222,
        "success_change_rate": 0.4027777777777778
      }
    ],
    "best_repair_conditions": [
      {
        "baseline_top1_rate": 0.0,
        "condition": "repair|short_only|mask_instruction_line",
        "mean_baseline_rank": 167.69444444444446,
        "mean_masked_fraction": 0.16004784632075364,
        "mean_patched_rank": 11.694444444444445,
        "mean_pmv_effect": 2.4813368055555554,
        "mean_rank_effect": 156.0,
        "mean_target_effect": -13.011459660198954,
        "n": 72,
        "patched_best_other_route": {
          "prose": 72
        },
        "patched_top1_rate": 0.375,
        "success_change_rate": 0.375
      },
      {
        "baseline_top1_rate": 0.0,
        "condition": "repair|short_only|mask_answer_context",
        "mean_baseline_rank": 167.69444444444446,
        "mean_masked_fraction": 0.020005980790094205,
        "mean_patched_rank": 580.8194444444445,
        "mean_pmv_effect": -0.7927517361111112,
        "mean_rank_effect": -413.125,
        "mean_target_effect": -0.7408678332964579,
        "n": 72,
        "patched_best_other_route": {
          "continuation": 2,
          "prose": 70
        },
        "patched_top1_rate": 0.08333333333333333,
        "success_change_rate": 0.08333333333333333
      },
      {
        "baseline_top1_rate": 0.0,
        "condition": "repair|short_only|keep_only_record_answer",
        "mean_baseline_rank": 167.69444444444446,
        "mean_masked_fraction": 0.36837879893689174,
        "mean_patched_rank": 586.5277777777778,
        "mean_pmv_effect": -1.1019965277777777,
        "mean_rank_effect": -418.8333333333333,
        "mean_target_effect": -3.966968466838201,
        "n": 72,
        "patched_best_other_route": {
          "continuation": 22,
          "prose": 50
        },
        "patched_top1_rate": 0.08333333333333333,
        "success_change_rate": 0.08333333333333333
      },
      {
        "baseline_top1_rate": 0.0,
        "condition": "repair|short_only|mask_object_name",
        "mean_baseline_rank": 167.69444444444446,
        "mean_masked_fraction": 0.228943876148124,
        "mean_patched_rank": 395.625,
        "mean_pmv_effect": -1.2808159722222223,
        "mean_rank_effect": -227.93055555555554,
        "mean_target_effect": -0.971893870168262,
        "n": 72,
        "patched_best_other_route": {
          "continuation": 10,
          "prose": 62
        },
        "patched_top1_rate": 0.027777777777777776,
        "success_change_rate": 0.027777777777777776
      },
      {
        "baseline_top1_rate": 0.0,
        "condition": "repair|short_only|mask_record_without_value_object_relation",
        "mean_baseline_rank": 167.69444444444446,
        "mean_masked_fraction": 0.30762403731270915,
        "mean_patched_rank": 1183.5833333333333,
        "mean_pmv_effect": -1.7560763888888888,
        "mean_rank_effect": -1015.8888888888889,
        "mean_target_effect": 5.60245939095815,
        "n": 72,
        "patched_best_other_route": {
          "continuation": 50,
          "prose": 22
        },
        "patched_top1_rate": 0.0,
        "success_change_rate": 0.0
      },
      {
        "baseline_top1_rate": 0.0,
        "condition": "repair|short_only|keep_only_instruction_answer",
        "mean_baseline_rank": 167.69444444444446,
        "mean_masked_fraction": 0.799940192099058,
        "mean_patched_rank": 10430.472222222223,
        "mean_pmv_effect": -7.787326388888889,
        "mean_rank_effect": -10262.777777777777,
        "mean_target_effect": 1.4279249277379777,
        "n": 72,
        "patched_best_other_route": {
          "prose": 72
        },
        "patched_top1_rate": 0.0,
        "success_change_rate": 0.0
      },
      {
        "baseline_top1_rate": 0.0,
        "condition": "repair|short_only|mask_record_without_target_value",
        "mean_baseline_rank": 167.69444444444446,
        "mean_masked_fraction": 0.5082907879555428,
        "mean_patched_rank": 2901.8888888888887,
        "mean_pmv_effect": -4.253689236111111,
        "mean_rank_effect": -2734.1944444444443,
        "mean_target_effect": 1.3032902595069673,
        "n": 72,
        "patched_best_other_route": {
          "continuation": 28,
          "prose": 44
        },
        "patched_top1_rate": 0.0,
        "success_change_rate": 0.0
      },
      {
        "baseline_top1_rate": 0.0,
        "condition": "repair|short_only|mask_question_line",
        "mean_baseline_rank": 167.69444444444446,
        "mean_masked_fraction": 0.2083309526161381,
        "mean_patched_rank": 2188.875,
        "mean_pmv_effect": -3.0601128472222223,
        "mean_rank_effect": -2021.1805555555557,
        "mean_target_effect": -0.021187173823515575,
        "n": 72,
        "patched_best_other_route": {
          "continuation": 25,
          "prose": 47
        },
        "patched_top1_rate": 0.0,
        "success_change_rate": 0.0
      },
      {
        "baseline_top1_rate": 0.0,
        "condition": "repair|short_only|keep_only_record_instruction_answer",
        "mean_baseline_rank": 167.69444444444446,
        "mean_masked_fraction": 0.2083309526161381,
        "mean_patched_rank": 2188.875,
        "mean_pmv_effect": -3.0601128472222223,
        "mean_rank_effect": -2021.1805555555557,
        "mean_target_effect": -0.021187173823515575,
        "n": 72,
        "patched_best_other_route": {
          "continuation": 25,
          "prose": 47
        },
        "patched_top1_rate": 0.0,
        "success_change_rate": 0.0
      },
      {
        "baseline_top1_rate": 0.0,
        "condition": "repair|short_only|mask_record_value_object_relation",
        "mean_baseline_rank": 167.69444444444446,
        "mean_masked_fraction": 0.2839852021702107,
        "mean_patched_rank": 1896.3472222222222,
        "mean_pmv_effect": -4.058159722222222,
        "mean_rank_effect": -1728.6527777777778,
        "mean_target_effect": -0.9148658083544837,
        "n": 72,
        "patched_best_other_route": {
          "continuation": 40,
          "prose": 32
        },
        "patched_top1_rate": 0.0,
        "success_change_rate": 0.0
      },
      {
        "baseline_top1_rate": 0.0,
        "condition": "repair|short_only|mask_relation",
        "mean_baseline_rank": 167.69444444444446,
        "mean_masked_fraction": 0.04001196158018841,
        "mean_patched_rank": 1742.2083333333333,
        "mean_pmv_effect": -3.8565538194444446,
        "mean_rank_effect": -1574.513888888889,
        "mean_target_effect": -1.4934159359998174,
        "n": 72,
        "patched_best_other_route": {
          "continuation": 60,
          "prose": 12
        },
        "patched_top1_rate": 0.0,
        "success_change_rate": 0.0
      },
      {
        "baseline_top1_rate": 0.0,
        "condition": "repair|short_only|mask_record_line",
        "mean_baseline_rank": 167.69444444444446,
        "mean_masked_fraction": 0.5916092394829199,
        "mean_patched_rank": 7509.930555555556,
        "mean_pmv_effect": -5.788302951388889,
        "mean_rank_effect": -7342.236111111111,
        "mean_target_effect": -2.650758026374711,
        "n": 72,
        "patched_best_other_route": {
          "continuation": 17,
          "prose": 55
        },
        "patched_top1_rate": 0.0,
        "success_change_rate": 0.0
      },
      {
        "baseline_top1_rate": 0.0,
        "condition": "repair|short_only|mask_target_value",
        "mean_baseline_rank": 167.69444444444446,
        "mean_masked_fraction": 0.08331845152737698,
        "mean_patched_rank": 1457.125,
        "mean_pmv_effect": -4.746744791666667,
        "mean_rank_effect": -1289.4305555555557,
        "mean_target_effect": -6.722522838248147,
        "n": 72,
        "patched_best_other_route": {
          "continuation": 14,
          "prose": 58
        },
        "patched_top1_rate": 0.0,
        "success_change_rate": 0.0
      },
      {
        "baseline_top1_rate": 0.0,
        "condition": "repair|short_only|keep_only_question_answer",
        "mean_baseline_rank": 167.69444444444446,
        "mean_masked_fraction": 0.7516570858036735,
        "mean_patched_rank": 9980.208333333334,
        "mean_pmv_effect": -4.8115234375,
        "mean_rank_effect": -9812.513888888889,
        "mean_target_effect": -6.756074958377415,
        "n": 72,
        "patched_best_other_route": {
          "prose": 68,
          "yesno": 4
        },
        "patched_top1_rate": 0.0,
        "success_change_rate": 0.0
      }
    ],
    "by_condition": {
      "degradation|terse_no_explain|keep_only_instruction_answer": {
        "baseline_top1_rate": 1.0,
        "mean_baseline_rank": 1.0,
        "mean_masked_fraction": 0.7546989166036785,
        "mean_patched_rank": 7650.375,
        "mean_pmv_effect": 13.46875,
        "mean_rank_effect": 7649.375,
        "mean_target_effect": 15.89682467819916,
        "n": 72,
        "patched_best_other_route": {
          "continuation": 31,
          "prose": 41
        },
        "patched_top1_rate": 0.0,
        "success_change_rate": 1.0
      },
      "degradation|terse_no_explain|keep_only_question_answer": {
        "baseline_top1_rate": 1.0,
        "mean_baseline_rank": 1.0,
        "mean_masked_fraction": 0.7657631499893405,
        "mean_patched_rank": 11316.236111111111,
        "mean_pmv_effect": 11.236653645833334,
        "mean_rank_effect": 11315.236111111111,
        "mean_target_effect": 14.427827907933128,
        "n": 72,
        "patched_best_other_route": {
          "prose": 71,
          "yesno": 1
        },
        "patched_top1_rate": 0.0,
        "success_change_rate": 1.0
      },
      "degradation|terse_no_explain|keep_only_record_answer": {
        "baseline_top1_rate": 1.0,
        "mean_baseline_rank": 1.0,
        "mean_masked_fraction": 0.4040606769773436,
        "mean_patched_rank": 652.8611111111111,
        "mean_pmv_effect": 7.544270833333333,
        "mean_rank_effect": 651.8611111111111,
        "mean_target_effect": 10.489073130819532,
        "n": 72,
        "patched_best_other_route": {
          "continuation": 19,
          "prose": 53
        },
        "patched_top1_rate": 0.09722222222222222,
        "success_change_rate": 0.9027777777777778
      },
      "degradation|terse_no_explain|keep_only_record_instruction_answer": {
        "baseline_top1_rate": 1.0,
        "mean_baseline_rank": 1.0,
        "mean_masked_fraction": 0.19649822179584084,
        "mean_patched_rank": 1911.1666666666667,
        "mean_pmv_effect": 7.694010416666667,
        "mean_rank_effect": 1910.1666666666667,
        "mean_target_effect": 6.121384347478549,
        "n": 72,
        "patched_best_other_route": {
          "continuation": 54,
          "prose": 18
        },
        "patched_top1_rate": 0.125,
        "success_change_rate": 0.875
      },
      "degradation|terse_no_explain|mask_answer_context": {
        "baseline_top1_rate": 1.0,
        "mean_baseline_rank": 1.0,
        "mean_masked_fraction": 0.018869314107409343,
        "mean_patched_rank": 241.44444444444446,
        "mean_pmv_effect": 3.49609375,
        "mean_rank_effect": 240.44444444444446,
        "mean_target_effect": 3.3516974250475564,
        "n": 72,
        "patched_best_other_route": {
          "continuation": 1,
          "json": 1,
          "prose": 70
        },
        "patched_top1_rate": 0.2777777777777778,
        "success_change_rate": 0.7222222222222222
      },
      "degradation|terse_no_explain|mask_instruction_line": {
        "baseline_top1_rate": 1.0,
        "mean_baseline_rank": 1.0,
        "mean_masked_fraction": 0.20756245518150282,
        "mean_patched_rank": 101.625,
        "mean_pmv_effect": 5.517795138888889,
        "mean_rank_effect": 100.625,
        "mean_target_effect": 22.59645491010613,
        "n": 72,
        "patched_best_other_route": {
          "prose": 72
        },
        "patched_top1_rate": 0.19444444444444445,
        "success_change_rate": 0.8055555555555556
      },
      "degradation|terse_no_explain|mask_object_name": {
        "baseline_top1_rate": 1.0,
        "mean_baseline_rank": 1.0,
        "mean_masked_fraction": 0.21596640793069366,
        "mean_patched_rank": 3.9305555555555554,
        "mean_pmv_effect": 0.8116319444444444,
        "mean_rank_effect": 2.9305555555555554,
        "mean_target_effect": -1.977853364414639,
        "n": 72,
        "patched_best_other_route": {
          "prose": 72
        },
        "patched_top1_rate": 0.5972222222222222,
        "success_change_rate": 0.4027777777777778
      },
      "degradation|terse_no_explain|mask_question_line": {
        "baseline_top1_rate": 1.0,
        "mean_baseline_rank": 1.0,
        "mean_masked_fraction": 0.19649822179584084,
        "mean_patched_rank": 1911.1666666666667,
        "mean_pmv_effect": 7.694010416666667,
        "mean_rank_effect": 1910.1666666666667,
        "mean_target_effect": 6.121384347478549,
        "n": 72,
        "patched_best_other_route": {
          "continuation": 54,
          "prose": 18
        },
        "patched_top1_rate": 0.125,
        "success_change_rate": 0.875
      },
      "degradation|terse_no_explain|mask_record_line": {
        "baseline_top1_rate": 1.0,
        "mean_baseline_rank": 1.0,
        "mean_masked_fraction": 0.5582006948078377,
        "mean_patched_rank": 12247.75,
        "mean_pmv_effect": 11.95529513888889,
        "mean_rank_effect": 12246.75,
        "mean_target_effect": 16.685369023018414,
        "n": 72,
        "patched_best_other_route": {
          "continuation": 1,
          "prose": 71
        },
        "patched_top1_rate": 0.0,
        "success_change_rate": 1.0
      },
      "degradation|terse_no_explain|mask_record_value_object_relation": {
        "baseline_top1_rate": 1.0,
        "mean_baseline_rank": 1.0,
        "mean_masked_fraction": 0.2680438058414249,
        "mean_patched_rank": 3215.7083333333335,
        "mean_pmv_effect": 9.846788194444445,
        "mean_rank_effect": 3214.7083333333335,
        "mean_target_effect": 11.667206418183115,
        "n": 72,
        "patched_best_other_route": {
          "continuation": 20,
          "prose": 52
        },
        "patched_top1_rate": 0.041666666666666664,
        "success_change_rate": 0.9583333333333334
      },
      "degradation|terse_no_explain|mask_record_without_target_value": {
        "baseline_top1_rate": 1.0,
        "mean_baseline_rank": 1.0,
        "mean_masked_fraction": 0.47944890206794966,
        "mean_patched_rank": 3175.4305555555557,
        "mean_pmv_effect": 10.1767578125,
        "mean_rank_effect": 3174.4305555555557,
        "mean_target_effect": 12.091990292072296,
        "n": 72,
        "patched_best_other_route": {
          "continuation": 13,
          "prose": 59
        },
        "patched_top1_rate": 0.0,
        "success_change_rate": 1.0
      },
      "degradation|terse_no_explain|mask_record_without_value_object_relation": {
        "baseline_top1_rate": 1.0,
        "mean_baseline_rank": 1.0,
        "mean_masked_fraction": 0.2901568889664128,
        "mean_patched_rank": 959.4861111111111,
        "mean_pmv_effect": 6.211263020833333,
        "mean_rank_effect": 958.4861111111111,
        "mean_target_effect": 3.654852350552877,
        "n": 72,
        "patched_best_other_route": {
          "continuation": 38,
          "prose": 34
        },
        "patched_top1_rate": 0.125,
        "success_change_rate": 0.875
      },
      "degradation|terse_no_explain|mask_relation": {
        "baseline_top1_rate": 1.0,
        "mean_baseline_rank": 1.0,
        "mean_masked_fraction": 0.03773862821481869,
        "mean_patched_rank": 613.9583333333334,
        "mean_pmv_effect": 7.070963541666667,
        "mean_rank_effect": 612.9583333333334,
        "mean_target_effect": 12.356882601976395,
        "n": 72,
        "patched_best_other_route": {
          "prose": 72
        },
        "patched_top1_rate": 0.08333333333333333,
        "success_change_rate": 0.9166666666666666
      },
      "degradation|terse_no_explain|mask_target_value": {
        "baseline_top1_rate": 1.0,
        "mean_baseline_rank": 1.0,
        "mean_masked_fraction": 0.07875179273988797,
        "mean_patched_rank": 2309.6666666666665,
        "mean_pmv_effect": 10.2294921875,
        "mean_rank_effect": 2308.6666666666665,
        "mean_target_effect": 18.4951850556665,
        "n": 72,
        "patched_best_other_route": {
          "continuation": 9,
          "prose": 63
        },
        "patched_top1_rate": 0.09722222222222222,
        "success_change_rate": 0.9027777777777778
      },
      "repair|short_only|keep_only_instruction_answer": {
        "baseline_top1_rate": 0.0,
        "mean_baseline_rank": 167.69444444444446,
        "mean_masked_fraction": 0.799940192099058,
        "mean_patched_rank": 10430.472222222223,
        "mean_pmv_effect": -7.787326388888889,
        "mean_rank_effect": -10262.777777777777,
        "mean_target_effect": 1.4279249277379777,
        "n": 72,
        "patched_best_other_route": {
          "prose": 72
        },
        "patched_top1_rate": 0.0,
        "success_change_rate": 0.0
      },
      "repair|short_only|keep_only_question_answer": {
        "baseline_top1_rate": 0.0,
        "mean_baseline_rank": 167.69444444444446,
        "mean_masked_fraction": 0.7516570858036735,
        "mean_patched_rank": 9980.208333333334,
        "mean_pmv_effect": -4.8115234375,
        "mean_rank_effect": -9812.513888888889,
        "mean_target_effect": -6.756074958377415,
        "n": 72,
        "patched_best_other_route": {
          "prose": 68,
          "yesno": 4
        },
        "patched_top1_rate": 0.0,
        "success_change_rate": 0.0
      },
      "repair|short_only|keep_only_record_answer": {
        "baseline_top1_rate": 0.0,
        "mean_baseline_rank": 167.69444444444446,
        "mean_masked_fraction": 0.36837879893689174,
        "mean_patched_rank": 586.5277777777778,
        "mean_pmv_effect": -1.1019965277777777,
        "mean_rank_effect": -418.8333333333333,
        "mean_target_effect": -3.966968466838201,
        "n": 72,
        "patched_best_other_route": {
          "continuation": 22,
          "prose": 50
        },
        "patched_top1_rate": 0.08333333333333333,
        "success_change_rate": 0.08333333333333333
      },
      "repair|short_only|keep_only_record_instruction_answer": {
        "baseline_top1_rate": 0.0,
        "mean_baseline_rank": 167.69444444444446,
        "mean_masked_fraction": 0.2083309526161381,
        "mean_patched_rank": 2188.875,
        "mean_pmv_effect": -3.0601128472222223,
        "mean_rank_effect": -2021.1805555555557,
        "mean_target_effect": -0.021187173823515575,
        "n": 72,
        "patched_best_other_route": {
          "continuation": 25,
          "prose": 47
        },
        "patched_top1_rate": 0.0,
        "success_change_rate": 0.0
      },
      "repair|short_only|mask_answer_context": {
        "baseline_top1_rate": 0.0,
        "mean_baseline_rank": 167.69444444444446,
        "mean_masked_fraction": 0.020005980790094205,
        "mean_patched_rank": 580.8194444444445,
        "mean_pmv_effect": -0.7927517361111112,
        "mean_rank_effect": -413.125,
        "mean_target_effect": -0.7408678332964579,
        "n": 72,
        "patched_best_other_route": {
          "continuation": 2,
          "prose": 70
        },
        "patched_top1_rate": 0.08333333333333333,
        "success_change_rate": 0.08333333333333333
      },
      "repair|short_only|mask_instruction_line": {
        "baseline_top1_rate": 0.0,
        "mean_baseline_rank": 167.69444444444446,
        "mean_masked_fraction": 0.16004784632075364,
        "mean_patched_rank": 11.694444444444445,
        "mean_pmv_effect": 2.4813368055555554,
        "mean_rank_effect": 156.0,
        "mean_target_effect": -13.011459660198954,
        "n": 72,
        "patched_best_other_route": {
          "prose": 72
        },
        "patched_top1_rate": 0.375,
        "success_change_rate": 0.375
      },
      "repair|short_only|mask_object_name": {
        "baseline_top1_rate": 0.0,
        "mean_baseline_rank": 167.69444444444446,
        "mean_masked_fraction": 0.228943876148124,
        "mean_patched_rank": 395.625,
        "mean_pmv_effect": -1.2808159722222223,
        "mean_rank_effect": -227.93055555555554,
        "mean_target_effect": -0.971893870168262,
        "n": 72,
        "patched_best_other_route": {
          "continuation": 10,
          "prose": 62
        },
        "patched_top1_rate": 0.027777777777777776,
        "success_change_rate": 0.027777777777777776
      },
      "repair|short_only|mask_question_line": {
        "baseline_top1_rate": 0.0,
        "mean_baseline_rank": 167.69444444444446,
        "mean_masked_fraction": 0.2083309526161381,
        "mean_patched_rank": 2188.875,
        "mean_pmv_effect": -3.0601128472222223,
        "mean_rank_effect": -2021.1805555555557,
        "mean_target_effect": -0.021187173823515575,
        "n": 72,
        "patched_best_other_route": {
          "continuation": 25,
          "prose": 47
        },
        "patched_top1_rate": 0.0,
        "success_change_rate": 0.0
      },
      "repair|short_only|mask_record_line": {
        "baseline_top1_rate": 0.0,
        "mean_baseline_rank": 167.69444444444446,
        "mean_masked_fraction": 0.5916092394829199,
        "mean_patched_rank": 7509.930555555556,
        "mean_pmv_effect": -5.788302951388889,
        "mean_rank_effect": -7342.236111111111,
        "mean_target_effect": -2.650758026374711,
        "n": 72,
        "patched_best_other_route": {
          "continuation": 17,
          "prose": 55
        },
        "patched_top1_rate": 0.0,
        "success_change_rate": 0.0
      },
      "repair|short_only|mask_record_value_object_relation": {
        "baseline_top1_rate": 0.0,
        "mean_baseline_rank": 167.69444444444446,
        "mean_masked_fraction": 0.2839852021702107,
        "mean_patched_rank": 1896.3472222222222,
        "mean_pmv_effect": -4.058159722222222,
        "mean_rank_effect": -1728.6527777777778,
        "mean_target_effect": -0.9148658083544837,
        "n": 72,
        "patched_best_other_route": {
          "continuation": 40,
          "prose": 32
        },
        "patched_top1_rate": 0.0,
        "success_change_rate": 0.0
      },
      "repair|short_only|mask_record_without_target_value": {
        "baseline_top1_rate": 0.0,
        "mean_baseline_rank": 167.69444444444446,
        "mean_masked_fraction": 0.5082907879555428,
        "mean_patched_rank": 2901.8888888888887,
        "mean_pmv_effect": -4.253689236111111,
        "mean_rank_effect": -2734.1944444444443,
        "mean_target_effect": 1.3032902595069673,
        "n": 72,
        "patched_best_other_route": {
          "continuation": 28,
          "prose": 44
        },
        "patched_top1_rate": 0.0,
        "success_change_rate": 0.0
      },
      "repair|short_only|mask_record_without_value_object_relation": {
        "baseline_top1_rate": 0.0,
        "mean_baseline_rank": 167.69444444444446,
        "mean_masked_fraction": 0.30762403731270915,
        "mean_patched_rank": 1183.5833333333333,
        "mean_pmv_effect": -1.7560763888888888,
        "mean_rank_effect": -1015.8888888888889,
        "mean_target_effect": 5.60245939095815,
        "n": 72,
        "patched_best_other_route": {
          "continuation": 50,
          "prose": 22
        },
        "patched_top1_rate": 0.0,
        "success_change_rate": 0.0
      },
      "repair|short_only|mask_relation": {
        "baseline_top1_rate": 0.0,
        "mean_baseline_rank": 167.69444444444446,
        "mean_masked_fraction": 0.04001196158018841,
        "mean_patched_rank": 1742.2083333333333,
        "mean_pmv_effect": -3.8565538194444446,
        "mean_rank_effect": -1574.513888888889,
        "mean_target_effect": -1.4934159359998174,
        "n": 72,
        "patched_best_other_route": {
          "continuation": 60,
          "prose": 12
        },
        "patched_top1_rate": 0.0,
        "success_change_rate": 0.0
      },
      "repair|short_only|mask_target_value": {
        "baseline_top1_rate": 0.0,
        "mean_baseline_rank": 167.69444444444446,
        "mean_masked_fraction": 0.08331845152737698,
        "mean_patched_rank": 1457.125,
        "mean_pmv_effect": -4.746744791666667,
        "mean_rank_effect": -1289.4305555555557,
        "mean_target_effect": -6.722522838248147,
        "n": 72,
        "patched_best_other_route": {
          "continuation": 14,
          "prose": 58
        },
        "patched_top1_rate": 0.0,
        "success_change_rate": 0.0
      }
    },
    "model": "deepseek7b",
    "n_paired_cases": 72,
    "n_rows": 2016
  },
  "target_layer": 26,
  "timestamp": "2026-06-26 15:39:33",
  "title": "Source-Token Visibility Causal Audit"
}
