[00:07:09] glm4/confirm: pairs=12 target=hidden_40 audits=5
[00:07:10] [load] glm4: bf16 device_map=auto attn=eager quantization=off
`torch_dtype` is deprecated! Use `dtype` instead!
Loading weights:   0%|          | 0/443 [00:00<?, ?it/s]Loading weights:   0%|          | 1/443 [00:00<00:54,  8.15it/s]Loading weights:   6%|▌         | 27/443 [00:00<00:03, 137.68it/s]Loading weights:  14%|█▎        | 60/443 [00:00<00:01, 211.54it/s]Loading weights:  21%|██        | 93/443 [00:00<00:01, 243.60it/s]Loading weights:  28%|██▊       | 126/443 [00:00<00:01, 265.74it/s]Loading weights:  36%|███▌      | 159/443 [00:00<00:01, 282.30it/s]Loading weights:  43%|████▎     | 192/443 [00:00<00:00, 288.90it/s]Loading weights:  50%|█████     | 222/443 [00:00<00:00, 284.86it/s]Loading weights:  57%|█████▋    | 254/443 [00:00<00:00, 289.19it/s]Loading weights:  66%|██████▌   | 291/443 [00:01<00:00, 308.07it/s]Loading weights:  73%|███████▎  | 324/443 [00:01<00:00, 303.03it/s]Loading weights:  81%|████████  | 357/443 [00:01<00:00, 310.67it/s]Loading weights:  88%|████████▊ | 389/443 [00:01<00:00, 308.97it/s]Loading weights:  95%|█████████▌| 422/443 [00:01<00:00, 306.40it/s]Loading weights: 100%|██████████| 443/443 [00:01<00:00, 284.33it/s]
[00:07:12] [load] glm4: loaded eager, device=cuda:0, gpu=18.80GB
[00:07:20] glm4: readout audit 3/12 pairs; rows=15
[00:07:28] glm4: readout audit 6/12 pairs; rows=30
[00:07:37] glm4: readout audit 9/12 pairs; rows=45
[00:07:45] glm4: readout audit 12/12 pairs; rows=60
[model_utils] GPU memory released, allocated=18.81 GB
{
  "model": "glm4",
  "round": "confirm",
  "target_site": "hidden_40",
  "top_readout_audits": [
    {
      "intervention_key": "source_plus_all_mlp|L39H21<-self_last|L38:mlp[2597:2665]+L38:mlp[3007:3075] conflict<-explicit",
      "intervention_label": "source_plus_all_mlp|L39H21<-self_last|L38:mlp[2597:2665]+L38:mlp[3007:3075]",
      "direction": "conflict<-explicit",
      "intervention_mode": "source_plus_all_mlp",
      "source_component_id": "L39H21",
      "source_group": "self_last",
      "mlp_components": [
        "L38:mlp[2597:2665]",
        "L38:mlp[3007:3075]"
      ],
      "n": 12,
      "mean_token0_donor_logprob_delta": 0.2895076274871826,
      "mean_token0_margin_delta_donor_vs_recipient": 0.3098958333333333,
      "mean_token0_patched_margin_donor_vs_recipient": -8.244140625,
      "mean_token0_patched_margin_donor_vs_best_candidate": -8.244140625,
      "mean_token0_donor_rank_delta": -46.25,
      "mean_token0_patched_donor_rank": 259.1666666666667,
      "token0_donor_top_candidate_rate": 0.0,
      "token0_recipient_top_candidate_rate": 1.0,
      "token0_format_top_candidate_rate": 0.0,
      "token0_echo_top_candidate_rate": 0.0,
      "token0_patched_best_counts": {
        "recipient_answer": 12
      },
      "token1_patched_best_counts": {
        "cont_is": 3,
        "cont_of": 1,
        "object_echo": 1,
        "relation_echo": 7
      },
      "token1_format_or_echo_top_rate": 1.0,
      "mean_source_contribution_delta_norm": 13.49907398223877,
      "mean_mlp_delta_norm_total": 14.5807337363561
    },
    {
      "intervention_key": "source_plus_all_mlp|L23H17<-instruction|L38:mlp[2597:2665]+L38:mlp[3007:3075] conflict<-explicit",
      "intervention_label": "source_plus_all_mlp|L23H17<-instruction|L38:mlp[2597:2665]+L38:mlp[3007:3075]",
      "direction": "conflict<-explicit",
      "intervention_mode": "source_plus_all_mlp",
      "source_component_id": "L23H17",
      "source_group": "instruction",
      "mlp_components": [
        "L38:mlp[2597:2665]",
        "L38:mlp[3007:3075]"
      ],
      "n": 12,
      "mean_token0_donor_logprob_delta": 0.2955379883448283,
      "mean_token0_margin_delta_donor_vs_recipient": 0.302734375,
      "mean_token0_patched_margin_donor_vs_recipient": -8.251302083333334,
      "mean_token0_patched_margin_donor_vs_best_candidate": -8.251302083333334,
      "mean_token0_donor_rank_delta": -49.583333333333336,
      "mean_token0_patched_donor_rank": 255.83333333333334,
      "token0_donor_top_candidate_rate": 0.0,
      "token0_recipient_top_candidate_rate": 1.0,
      "token0_format_top_candidate_rate": 0.0,
      "token0_echo_top_candidate_rate": 0.0,
      "token0_patched_best_counts": {
        "recipient_answer": 12
      },
      "token1_patched_best_counts": {
        "cont_is": 3,
        "cont_of": 1,
        "object_echo": 1,
        "relation_echo": 7
      },
      "token1_format_or_echo_top_rate": 1.0,
      "mean_source_contribution_delta_norm": 3.4755804340044656,
      "mean_mlp_delta_norm_total": 14.5807337363561
    },
    {
      "intervention_key": "source_plus_all_mlp|L23H17<-all_pre_answer|L38:mlp[2597:2665]+L38:mlp[3007:3075] conflict<-explicit",
      "intervention_label": "source_plus_all_mlp|L23H17<-all_pre_answer|L38:mlp[2597:2665]+L38:mlp[3007:3075]",
      "direction": "conflict<-explicit",
      "intervention_mode": "source_plus_all_mlp",
      "source_component_id": "L23H17",
      "source_group": "all_pre_answer",
      "mlp_components": [
        "L38:mlp[2597:2665]",
        "L38:mlp[3007:3075]"
      ],
      "n": 12,
      "mean_token0_donor_logprob_delta": 0.2788045406341553,
      "mean_token0_margin_delta_donor_vs_recipient": 0.291015625,
      "mean_token0_patched_margin_donor_vs_recipient": -8.263020833333334,
      "mean_token0_patched_margin_donor_vs_best_candidate": -8.263020833333334,
      "mean_token0_donor_rank_delta": -49.25,
      "mean_token0_patched_donor_rank": 256.1666666666667,
      "token0_donor_top_candidate_rate": 0.0,
      "token0_recipient_top_candidate_rate": 1.0,
      "token0_format_top_candidate_rate": 0.0,
      "token0_echo_top_candidate_rate": 0.0,
      "token0_patched_best_counts": {
        "recipient_answer": 12
      },
      "token1_patched_best_counts": {
        "cont_is": 3,
        "cont_of": 1,
        "object_echo": 1,
        "relation_echo": 7
      },
      "token1_format_or_echo_top_rate": 1.0,
      "mean_source_contribution_delta_norm": 3.602053185304006,
      "mean_mlp_delta_norm_total": 14.5807337363561
    },
    {
      "intervention_key": "mlp_all|no_source|L38:mlp[2597:2665]+L38:mlp[3007:3075] conflict<-explicit",
      "intervention_label": "mlp_all|no_source|L38:mlp[2597:2665]+L38:mlp[3007:3075]",
      "direction": "conflict<-explicit",
      "intervention_mode": "mlp_all",
      "source_component_id": null,
      "source_group": null,
      "mlp_components": [
        "L38:mlp[2597:2665]",
        "L38:mlp[3007:3075]"
      ],
      "n": 12,
      "mean_token0_donor_logprob_delta": 0.2696239153544108,
      "mean_token0_margin_delta_donor_vs_recipient": 0.2864583333333333,
      "mean_token0_patched_margin_donor_vs_recipient": -8.267578125,
      "mean_token0_patched_margin_donor_vs_best_candidate": -8.267578125,
      "mean_token0_donor_rank_delta": -42.166666666666664,
      "mean_token0_patched_donor_rank": 263.25,
      "token0_donor_top_candidate_rate": 0.0,
      "token0_recipient_top_candidate_rate": 1.0,
      "token0_format_top_candidate_rate": 0.0,
      "token0_echo_top_candidate_rate": 0.0,
      "token0_patched_best_counts": {
        "recipient_answer": 12
      },
      "token1_patched_best_counts": {
        "cont_is": 3,
        "cont_of": 1,
        "object_echo": 1,
        "relation_echo": 7
      },
      "token1_format_or_echo_top_rate": 1.0,
      "mean_source_contribution_delta_norm": null,
      "mean_mlp_delta_norm_total": 14.5807337363561
    },
    {
      "intervention_key": "source_plus_all_mlp|L23H17<-instruction|L38:mlp[2597:2665]+L38:mlp[3007:3075] explicit<-conflict",
      "intervention_label": "source_plus_all_mlp|L23H17<-instruction|L38:mlp[2597:2665]+L38:mlp[3007:3075]",
      "direction": "explicit<-conflict",
      "intervention_mode": "source_plus_all_mlp",
      "source_component_id": "L23H17",
      "source_group": "instruction",
      "mlp_components": [
        "L38:mlp[2597:2665]",
        "L38:mlp[3007:3075]"
      ],
      "n": 12,
      "mean_token0_donor_logprob_delta": 0.270950714747111,
      "mean_token0_margin_delta_donor_vs_recipient": 0.2766927083333333,
      "mean_token0_patched_margin_donor_vs_recipient": -10.623697916666666,
      "mean_token0_patched_margin_donor_vs_best_candidate": -10.623697916666666,
      "mean_token0_donor_rank_delta": -49.5,
      "mean_token0_patched_donor_rank": 208.41666666666666,
      "token0_donor_top_candidate_rate": 0.0,
      "token0_recipient_top_candidate_rate": 1.0,
      "token0_format_top_candidate_rate": 0.0,
      "token0_echo_top_candidate_rate": 0.0,
      "token0_patched_best_counts": {
        "recipient_answer": 12
      },
      "token1_patched_best_counts": {
        "cont_is": 8,
        "cont_stop_newline": 2,
        "relation_echo": 2
      },
      "token1_format_or_echo_top_rate": 1.0,
      "mean_source_contribution_delta_norm": 3.4755804340044656,
      "mean_mlp_delta_norm_total": 14.5807337363561
    }
  ]
}
