`torch_dtype` is deprecated! Use `dtype` instead!
Loading weights:   0%|          | 0/443 [00:00<?, ?it/s]Loading weights:   0%|          | 2/443 [00:00<00:22, 19.29it/s]Loading weights:   4%|▍         | 18/443 [00:00<00:04, 99.80it/s]Loading weights:  14%|█▎        | 60/443 [00:00<00:01, 239.28it/s]Loading weights:  21%|██        | 93/443 [00:00<00:01, 258.41it/s]Loading weights:  28%|██▊       | 126/443 [00:00<00:01, 270.48it/s]Loading weights:  36%|███▌      | 159/443 [00:00<00:01, 283.32it/s]Loading weights:  42%|████▏     | 188/443 [00:00<00:00, 279.54it/s]Loading weights:  51%|█████     | 225/443 [00:00<00:00, 300.78it/s]Loading weights:  58%|█████▊    | 258/443 [00:00<00:00, 302.12it/s]Loading weights:  66%|██████▌   | 291/443 [00:01<00:00, 309.32it/s]Loading weights:  73%|███████▎  | 323/443 [00:01<00:00, 307.79it/s]Loading weights:  81%|████████  | 357/443 [00:01<00:00, 311.92it/s]Loading weights:  88%|████████▊ | 390/443 [00:01<00:00, 311.98it/s]Loading weights:  95%|█████████▌| 423/443 [00:01<00:00, 315.96it/s]Loading weights: 100%|██████████| 443/443 [00:01<00:00, 290.09it/s]
[11:13:01] Loaded glm4: class=GlmForCausalLM, GPU=18.80GB, attn=eager
[11:13:06] glm4: 12/72 cases
[11:13:10] glm4: 24/72 cases
[11:13:15] glm4: 36/72 cases
[11:13:19] glm4: 48/72 cases
[11:13:24] glm4: 60/72 cases
[11:13:28] glm4: 72/72 cases
[model_utils] GPU memory released, allocated=18.81 GB
[11:13:28] Wrote results/glm5_phase676_late_readout_competitor_causal_suppression_audit/phase676_glm4_causal_suppression_summary.json
{
  "conditions": [
    "baseline",
    "final_output_remove_comp_a1",
    "final_output_remove_random_a1",
    "final_output_cancel_gap_a1",
    "final_input_remove_comp_a1",
    "attn_last_remove_comp_a1",
    "attn_prev_remove_comp_a1",
    "attn_last_zero_a1"
  ],
  "model": "glm4",
  "n_cases": 72,
  "n_rows": 576,
  "phase": 676,
  "summary": {
    "color|attn_last_remove_comp_a1": {
      "condition": "attn_last_remove_comp_a1",
      "damage_success_rate": 0.0,
      "expected_top1_rate": 1.0,
      "mean_expected_rank": 1.0,
      "mean_gap": -2.204861111111111,
      "mean_gap_delta_vs_baseline": 0.4236111111111111,
      "n": 18,
      "scope": "color",
      "switch_to_expected_rate": 0.0,
      "top1_text": {
        " nonce": 18
      }
    },
    "color|attn_last_zero_a1": {
      "condition": "attn_last_zero_a1",
      "damage_success_rate": 0.0,
      "expected_top1_rate": 1.0,
      "mean_expected_rank": 1.0,
      "mean_gap": -2.8506944444444446,
      "mean_gap_delta_vs_baseline": -0.2222222222222222,
      "n": 18,
      "scope": "color",
      "switch_to_expected_rate": 0.0,
      "top1_text": {
        " nonce": 18
      }
    },
    "color|attn_prev_remove_comp_a1": {
      "condition": "attn_prev_remove_comp_a1",
      "damage_success_rate": 0.5555555555555556,
      "expected_top1_rate": 0.4444444444444444,
      "mean_expected_rank": 3.5555555555555554,
      "mean_gap": 0.3454861111111111,
      "mean_gap_delta_vs_baseline": 2.9739583333333335,
      "n": 18,
      "scope": "color",
      "switch_to_expected_rate": 0.0,
      "top1_text": {
        " ": 8,
        " b": 1,
        " nonce": 8,
        " r": 1
      }
    },
    "color|baseline": {
      "condition": "baseline",
      "damage_success_rate": 0.0,
      "expected_top1_rate": 1.0,
      "mean_expected_rank": 1.0,
      "mean_gap": -2.6284722222222223,
      "mean_gap_delta_vs_baseline": 0.0,
      "n": 18,
      "scope": "color",
      "switch_to_expected_rate": 0.0,
      "top1_text": {
        " nonce": 18
      }
    },
    "color|final_input_remove_comp_a1": {
      "condition": "final_input_remove_comp_a1",
      "damage_success_rate": 0.8888888888888888,
      "expected_top1_rate": 0.1111111111111111,
      "mean_expected_rank": 27150.944444444445,
      "mean_gap": 21.08767361111111,
      "mean_gap_delta_vs_baseline": 23.716145833333332,
      "n": 18,
      "scope": "color",
      "switch_to_expected_rate": 0.0,
      "top1_text": {
        " ": 8,
        " b": 1,
        " color": 1,
        " far": 1,
        " k": 1,
        " mel": 1,
        " nonce": 2,
        " pr": 1
      }
    },
    "color|final_output_cancel_gap_a1": {
      "condition": "final_output_cancel_gap_a1",
      "damage_success_rate": 0.8333333333333334,
      "expected_top1_rate": 0.16666666666666666,
      "mean_expected_rank": 1.7777777777777777,
      "mean_gap": 0.08333333333333333,
      "mean_gap_delta_vs_baseline": 2.7118055555555554,
      "n": 18,
      "scope": "color",
      "switch_to_expected_rate": 0.0,
      "top1_text": {
        " ": 8,
        " dor": 1,
        " far": 1,
        " m": 1,
        " mel": 1,
        " nonce": 3,
        " nor": 1,
        " pr": 1
      }
    },
    "color|final_output_remove_comp_a1": {
      "condition": "final_output_remove_comp_a1",
      "damage_success_rate": 0.8888888888888888,
      "expected_top1_rate": 0.1111111111111111,
      "mean_expected_rank": 1.0555555555555556,
      "mean_gap": 0.0,
      "mean_gap_delta_vs_baseline": 2.6284722222222223,
      "n": 18,
      "scope": "color",
      "switch_to_expected_rate": 0.0,
      "top1_text": {
        " ": 7,
        " b": 1,
        " color": 1,
        " far": 1,
        " mel": 1,
        " nonce": 2,
        " nor": 1,
        " pr": 1
      }
    },
    "color|final_output_remove_random_a1": {
      "condition": "final_output_remove_random_a1",
      "damage_success_rate": 0.0,
      "expected_top1_rate": 1.0,
      "mean_expected_rank": 1.0,
      "mean_gap": -2.625,
      "mean_gap_delta_vs_baseline": 0.003472222222222222,
      "n": 18,
      "scope": "color",
      "switch_to_expected_rate": 0.0,
      "top1_text": {
        " nonce": 18
      }
    },
    "expected|attn_last_remove_comp_a1": {
      "condition": "attn_last_remove_comp_a1",
      "damage_success_rate": 0.0,
      "expected_top1_rate": 1.0,
      "mean_expected_rank": 1.0,
      "mean_gap": -3.0260416666666665,
      "mean_gap_delta_vs_baseline": 0.3029513888888889,
      "n": 72,
      "scope": "expected",
      "switch_to_expected_rate": 0.0,
      "top1_text": {
        " nonce": 72
      }
    },
    "expected|attn_last_zero_a1": {
      "condition": "attn_last_zero_a1",
      "damage_success_rate": 0.0,
      "expected_top1_rate": 1.0,
      "mean_expected_rank": 1.0,
      "mean_gap": -3.4574652777777777,
      "mean_gap_delta_vs_baseline": -0.1284722222222222,
      "n": 72,
      "scope": "expected",
      "switch_to_expected_rate": 0.0,
      "top1_text": {
        " nonce": 72
      }
    },
    "expected|attn_prev_remove_comp_a1": {
      "condition": "attn_prev_remove_comp_a1",
      "damage_success_rate": 0.4583333333333333,
      "expected_top1_rate": 0.5416666666666666,
      "mean_expected_rank": 2.2777777777777777,
      "mean_gap": -0.4309895833333333,
      "mean_gap_delta_vs_baseline": 2.8980034722222223,
      "n": 72,
      "scope": "expected",
      "switch_to_expected_rate": 0.0,
      "top1_text": {
        " ": 31,
        " b": 1,
        " nonce": 39,
        " r": 1
      }
    },
    "expected|baseline": {
      "condition": "baseline",
      "damage_success_rate": 0.0,
      "expected_top1_rate": 1.0,
      "mean_expected_rank": 1.0,
      "mean_gap": -3.3289930555555554,
      "mean_gap_delta_vs_baseline": 0.0,
      "n": 72,
      "scope": "expected",
      "switch_to_expected_rate": 0.0,
      "top1_text": {
        " nonce": 72
      }
    },
    "expected|final_input_remove_comp_a1": {
      "condition": "final_input_remove_comp_a1",
      "damage_success_rate": 0.9166666666666666,
      "expected_top1_rate": 0.08333333333333333,
      "mean_expected_rank": 20377.777777777777,
      "mean_gap": 19.914232042100693,
      "mean_gap_delta_vs_baseline": 23.24322509765625,
      "n": 72,
      "scope": "expected",
      "switch_to_expected_rate": 0.0,
      "top1_text": {
        " ": 31,
        " Non": 6,
        " b": 3,
        " far": 4,
        " k": 2,
        " nonce": 6,
        " star": 4,
        " triangle": 2
      }
    },
    "expected|final_output_cancel_gap_a1": {
      "condition": "final_output_cancel_gap_a1",
      "damage_success_rate": 0.7083333333333334,
      "expected_top1_rate": 0.2916666666666667,
      "mean_expected_rank": 1.625,
      "mean_gap": 0.009548611111111112,
      "mean_gap_delta_vs_baseline": 3.3385416666666665,
      "n": 72,
      "scope": "expected",
      "switch_to_expected_rate": 0.0,
      "top1_text": {
        " ": 31,
        " b": 2,
        " dor": 2,
        " m": 2,
        " mel": 1,
        " nonce": 21,
        " nor": 4,
        " star": 4
      }
    },
    "expected|final_output_remove_comp_a1": {
      "condition": "final_output_remove_comp_a1",
      "damage_success_rate": 0.9166666666666666,
      "expected_top1_rate": 0.08333333333333333,
      "mean_expected_rank": 1.0416666666666667,
      "mean_gap": -0.0008680555555555555,
      "mean_gap_delta_vs_baseline": 3.328125,
      "n": 72,
      "scope": "expected",
      "switch_to_expected_rate": 0.0,
      "top1_text": {
        " ": 28,
        " Non": 6,
        " b": 3,
        " far": 4,
        " nonce": 6,
        " nor": 4,
        " star": 3,
        " triangle": 2
      }
    },
    "expected|final_output_remove_random_a1": {
      "condition": "final_output_remove_random_a1",
      "damage_success_rate": 0.0,
      "expected_top1_rate": 1.0,
      "mean_expected_rank": 1.0,
      "mean_gap": -3.3324652777777777,
      "mean_gap_delta_vs_baseline": -0.003472222222222222,
      "n": 72,
      "scope": "expected",
      "switch_to_expected_rate": 0.0,
      "top1_text": {
        " nonce": 72
      }
    },
    "overall|attn_last_remove_comp_a1": {
      "condition": "attn_last_remove_comp_a1",
      "damage_success_rate": 0.0,
      "expected_top1_rate": 1.0,
      "mean_expected_rank": 1.0,
      "mean_gap": -3.0260416666666665,
      "mean_gap_delta_vs_baseline": 0.3029513888888889,
      "n": 72,
      "scope": "overall",
      "switch_to_expected_rate": 0.0,
      "top1_text": {
        " nonce": 72
      }
    },
    "overall|attn_last_zero_a1": {
      "condition": "attn_last_zero_a1",
      "damage_success_rate": 0.0,
      "expected_top1_rate": 1.0,
      "mean_expected_rank": 1.0,
      "mean_gap": -3.4574652777777777,
      "mean_gap_delta_vs_baseline": -0.1284722222222222,
      "n": 72,
      "scope": "overall",
      "switch_to_expected_rate": 0.0,
      "top1_text": {
        " nonce": 72
      }
    },
    "overall|attn_prev_remove_comp_a1": {
      "condition": "attn_prev_remove_comp_a1",
      "damage_success_rate": 0.4583333333333333,
      "expected_top1_rate": 0.5416666666666666,
      "mean_expected_rank": 2.2777777777777777,
      "mean_gap": -0.4309895833333333,
      "mean_gap_delta_vs_baseline": 2.8980034722222223,
      "n": 72,
      "scope": "overall",
      "switch_to_expected_rate": 0.0,
      "top1_text": {
        " ": 31,
        " b": 1,
        " nonce": 39,
        " r": 1
      }
    },
    "overall|baseline": {
      "condition": "baseline",
      "damage_success_rate": 0.0,
      "expected_top1_rate": 1.0,
      "mean_expected_rank": 1.0,
      "mean_gap": -3.3289930555555554,
      "mean_gap_delta_vs_baseline": 0.0,
      "n": 72,
      "scope": "overall",
      "switch_to_expected_rate": 0.0,
      "top1_text": {
        " nonce": 72
      }
    },
    "overall|final_input_remove_comp_a1": {
      "condition": "final_input_remove_comp_a1",
      "damage_success_rate": 0.9166666666666666,
      "expected_top1_rate": 0.08333333333333333,
      "mean_expected_rank": 20377.777777777777,
      "mean_gap": 19.914232042100693,
      "mean_gap_delta_vs_baseline": 23.24322509765625,
      "n": 72,
      "scope": "overall",
      "switch_to_expected_rate": 0.0,
      "top1_text": {
        " ": 31,
        " Non": 6,
        " b": 3,
        " far": 4,
        " k": 2,
        " nonce": 6,
        " star": 4,
        " triangle": 2
      }
    },
    "overall|final_output_cancel_gap_a1": {
      "condition": "final_output_cancel_gap_a1",
      "damage_success_rate": 0.7083333333333334,
      "expected_top1_rate": 0.2916666666666667,
      "mean_expected_rank": 1.625,
      "mean_gap": 0.009548611111111112,
      "mean_gap_delta_vs_baseline": 3.3385416666666665,
      "n": 72,
      "scope": "overall",
      "switch_to_expected_rate": 0.0,
      "top1_text": {
        " ": 31,
        " b": 2,
        " dor": 2,
        " m": 2,
        " mel": 1,
        " nonce": 21,
        " nor": 4,
        " star": 4
      }
    },
    "overall|final_output_remove_comp_a1": {
      "condition": "final_output_remove_comp_a1",
      "damage_success_rate": 0.9166666666666666,
      "expected_top1_rate": 0.08333333333333333,
      "mean_expected_rank": 1.0416666666666667,
      "mean_gap": -0.0008680555555555555,
      "mean_gap_delta_vs_baseline": 3.328125,
      "n": 72,
      "scope": "overall",
      "switch_to_expected_rate": 0.0,
      "top1_text": {
        " ": 28,
        " Non": 6,
        " b": 3,
        " far": 4,
        " nonce": 6,
        " nor": 4,
        " star": 3,
        " triangle": 2
      }
    },
    "overall|final_output_remove_random_a1": {
      "condition": "final_output_remove_random_a1",
      "damage_success_rate": 0.0,
      "expected_top1_rate": 1.0,
      "mean_expected_rank": 1.0,
      "mean_gap": -3.3324652777777777,
      "mean_gap_delta_vs_baseline": -0.003472222222222222,
      "n": 72,
      "scope": "overall",
      "switch_to_expected_rate": 0.0,
      "top1_text": {
        " nonce": 72
      }
    },
    "place|attn_last_remove_comp_a1": {
      "condition": "attn_last_remove_comp_a1",
      "damage_success_rate": 0.0,
      "expected_top1_rate": 1.0,
      "mean_expected_rank": 1.0,
      "mean_gap": -2.5347222222222223,
      "mean_gap_delta_vs_baseline": 0.3368055555555556,
      "n": 18,
      "scope": "place",
      "switch_to_expected_rate": 0.0,
      "top1_text": {
        " nonce": 18
      }
    },
    "place|attn_last_zero_a1": {
      "condition": "attn_last_zero_a1",
      "damage_success_rate": 0.0,
      "expected_top1_rate": 1.0,
      "mean_expected_rank": 1.0,
      "mean_gap": -3.013888888888889,
      "mean_gap_delta_vs_baseline": -0.1423611111111111,
      "n": 18,
      "scope": "place",
      "switch_to_expected_rate": 0.0,
      "top1_text": {
        " nonce": 18
      }
    },
    "place|attn_prev_remove_comp_a1": {
      "condition": "attn_prev_remove_comp_a1",
      "damage_success_rate": 0.5555555555555556,
      "expected_top1_rate": 0.4444444444444444,
      "mean_expected_rank": 2.6666666666666665,
      "mean_gap": 0.3472222222222222,
      "mean_gap_delta_vs_baseline": 3.21875,
      "n": 18,
      "scope": "place",
      "switch_to_expected_rate": 0.0,
      "top1_text": {
        " ": 10,
        " nonce": 8
      }
    },
    "place|baseline": {
      "condition": "baseline",
      "damage_success_rate": 0.0,
      "expected_top1_rate": 1.0,
      "mean_expected_rank": 1.0,
      "mean_gap": -2.8715277777777777,
      "mean_gap_delta_vs_baseline": 0.0,
      "n": 18,
      "scope": "place",
      "switch_to_expected_rate": 0.0,
      "top1_text": {
        " nonce": 18
      }
    },
    "place|final_input_remove_comp_a1": {
      "condition": "final_input_remove_comp_a1",
      "damage_success_rate": 0.9444444444444444,
      "expected_top1_rate": 0.05555555555555555,
      "mean_expected_rank": 28881.055555555555,
      "mean_gap": 21.473958333333332,
      "mean_gap_delta_vs_baseline": 24.34548611111111,
      "n": 18,
      "scope": "place",
      "switch_to_expected_rate": 0.0,
      "top1_text": {
        " ": 10,
        " Non": 4,
        " far": 1,
        " nonce": 1,
        " star": 2
      }
    },
    "place|final_output_cancel_gap_a1": {
      "condition": "final_output_cancel_gap_a1",
      "damage_success_rate": 0.7222222222222222,
      "expected_top1_rate": 0.2777777777777778,
      "mean_expected_rank": 1.6666666666666667,
      "mean_gap": -0.03819444444444445,
      "mean_gap_delta_vs_baseline": 2.8333333333333335,
      "n": 18,
      "scope": "place",
      "switch_to_expected_rate": 0.0,
      "top1_text": {
        " ": 10,
        " nonce": 5,
        " nor": 1,
        " star": 2
      }
    },
    "place|final_output_remove_comp_a1": {
      "condition": "final_output_remove_comp_a1",
      "damage_success_rate": 0.8888888888888888,
      "expected_top1_rate": 0.1111111111111111,
      "mean_expected_rank": 1.0,
      "mean_gap": -0.006944444444444444,
      "mean_gap_delta_vs_baseline": 2.8645833333333335,
      "n": 18,
      "scope": "place",
      "switch_to_expected_rate": 0.0,
      "top1_text": {
        " ": 8,
        " Non": 4,
        " far": 1,
        " nonce": 2,
        " nor": 1,
        " star": 2
      }
    },
    "place|final_output_remove_random_a1": {
      "condition": "final_output_remove_random_a1",
      "damage_success_rate": 0.0,
      "expected_top1_rate": 1.0,
      "mean_expected_rank": 1.0,
      "mean_gap": -2.8680555555555554,
      "mean_gap_delta_vs_baseline": 0.003472222222222222,
      "n": 18,
      "scope": "place",
      "switch_to_expected_rate": 0.0,
      "top1_text": {
        " nonce": 18
      }
    },
    "symbol|attn_last_remove_comp_a1": {
      "condition": "attn_last_remove_comp_a1",
      "damage_success_rate": 0.0,
      "expected_top1_rate": 1.0,
      "mean_expected_rank": 1.0,
      "mean_gap": -3.357638888888889,
      "mean_gap_delta_vs_baseline": 0.3055555555555556,
      "n": 18,
      "scope": "symbol",
      "switch_to_expected_rate": 0.0,
      "top1_text": {
        " nonce": 18
      }
    },
    "symbol|attn_last_zero_a1": {
      "condition": "attn_last_zero_a1",
      "damage_success_rate": 0.0,
      "expected_top1_rate": 1.0,
      "mean_expected_rank": 1.0,
      "mean_gap": -3.78125,
      "mean_gap_delta_vs_baseline": -0.11805555555555555,
      "n": 18,
      "scope": "symbol",
      "switch_to_expected_rate": 0.0,
      "top1_text": {
        " nonce": 18
      }
    },
    "symbol|attn_prev_remove_comp_a1": {
      "condition": "attn_prev_remove_comp_a1",
      "damage_success_rate": 0.6666666666666666,
      "expected_top1_rate": 0.3333333333333333,
      "mean_expected_rank": 1.8333333333333333,
      "mean_gap": -0.020833333333333332,
      "mean_gap_delta_vs_baseline": 3.642361111111111,
      "n": 18,
      "scope": "symbol",
      "switch_to_expected_rate": 0.0,
      "top1_text": {
        " ": 12,
        " nonce": 6
      }
    },
    "symbol|baseline": {
      "condition": "baseline",
      "damage_success_rate": 0.0,
      "expected_top1_rate": 1.0,
      "mean_expected_rank": 1.0,
      "mean_gap": -3.6631944444444446,
      "mean_gap_delta_vs_baseline": 0.0,
      "n": 18,
      "scope": "symbol",
      "switch_to_expected_rate": 0.0,
      "top1_text": {
        " nonce": 18
      }
    },
    "symbol|final_input_remove_comp_a1": {
      "condition": "final_input_remove_comp_a1",
      "damage_success_rate": 0.8888888888888888,
      "expected_top1_rate": 0.1111111111111111,
      "mean_expected_rank": 21279.333333333332,
      "mean_gap": 25.419270833333332,
      "mean_gap_delta_vs_baseline": 29.08246527777778,
      "n": 18,
      "scope": "symbol",
      "switch_to_expected_rate": 0.0,
      "top1_text": {
        " ": 12,
        " Non": 1,
        " b": 1,
        " far": 1,
        " nonce": 2,
        " z": 1
      }
    },
    "symbol|final_output_cancel_gap_a1": {
      "condition": "final_output_cancel_gap_a1",
      "damage_success_rate": 0.8333333333333334,
      "expected_top1_rate": 0.16666666666666666,
      "mean_expected_rank": 1.7777777777777777,
      "mean_gap": 0.1076388888888889,
      "mean_gap_delta_vs_baseline": 3.7708333333333335,
      "n": 18,
      "scope": "symbol",
      "switch_to_expected_rate": 0.0,
      "top1_text": {
        " ": 12,
        " b": 1,
        " dor": 1,
        " nonce": 3,
        " nor": 1
      }
    },
    "symbol|final_output_remove_comp_a1": {
      "condition": "final_output_remove_comp_a1",
      "damage_success_rate": 0.9444444444444444,
      "expected_top1_rate": 0.05555555555555555,
      "mean_expected_rank": 1.0555555555555556,
      "mean_gap": 0.003472222222222222,
      "mean_gap_delta_vs_baseline": 3.6666666666666665,
      "n": 18,
      "scope": "symbol",
      "switch_to_expected_rate": 0.0,
      "top1_text": {
        " ": 12,
        " Non": 1,
        " b": 1,
        " far": 1,
        " nonce": 1,
        " nor": 1,
        " z": 1
      }
    },
    "symbol|final_output_remove_random_a1": {
      "condition": "final_output_remove_random_a1",
      "damage_success_rate": 0.0,
      "expected_top1_rate": 1.0,
      "mean_expected_rank": 1.0,
      "mean_gap": -3.6666666666666665,
      "mean_gap_delta_vs_baseline": -0.003472222222222222,
      "n": 18,
      "scope": "symbol",
      "switch_to_expected_rate": 0.0,
      "top1_text": {
        " nonce": 18
      }
    },
    "tool|attn_last_remove_comp_a1": {
      "condition": "attn_last_remove_comp_a1",
      "damage_success_rate": 0.0,
      "expected_top1_rate": 1.0,
      "mean_expected_rank": 1.0,
      "mean_gap": -4.006944444444445,
      "mean_gap_delta_vs_baseline": 0.14583333333333334,
      "n": 18,
      "scope": "tool",
      "switch_to_expected_rate": 0.0,
      "top1_text": {
        " nonce": 18
      }
    },
    "tool|attn_last_zero_a1": {
      "condition": "attn_last_zero_a1",
      "damage_success_rate": 0.0,
      "expected_top1_rate": 1.0,
      "mean_expected_rank": 1.0,
      "mean_gap": -4.184027777777778,
      "mean_gap_delta_vs_baseline": -0.03125,
      "n": 18,
      "scope": "tool",
      "switch_to_expected_rate": 0.0,
      "top1_text": {
        " nonce": 18
      }
    },
    "tool|attn_prev_remove_comp_a1": {
      "condition": "attn_prev_remove_comp_a1",
      "damage_success_rate": 0.05555555555555555,
      "expected_top1_rate": 0.9444444444444444,
      "mean_expected_rank": 1.0555555555555556,
      "mean_gap": -2.3958333333333335,
      "mean_gap_delta_vs_baseline": 1.7569444444444444,
      "n": 18,
      "scope": "tool",
      "switch_to_expected_rate": 0.0,
      "top1_text": {
        " ": 1,
        " nonce": 17
      }
    },
    "tool|baseline": {
      "condition": "baseline",
      "damage_success_rate": 0.0,
      "expected_top1_rate": 1.0,
      "mean_expected_rank": 1.0,
      "mean_gap": -4.152777777777778,
      "mean_gap_delta_vs_baseline": 0.0,
      "n": 18,
      "scope": "tool",
      "switch_to_expected_rate": 0.0,
      "top1_text": {
        " nonce": 18
      }
    },
    "tool|final_input_remove_comp_a1": {
      "condition": "final_input_remove_comp_a1",
      "damage_success_rate": 0.9444444444444444,
      "expected_top1_rate": 0.05555555555555555,
      "mean_expected_rank": 4199.777777777777,
      "mean_gap": 11.676025390625,
      "mean_gap_delta_vs_baseline": 15.828803168402779,
      "n": 18,
      "scope": "tool",
      "switch_to_expected_rate": 0.0,
      "top1_text": {
        " Non": 1,
        " b": 1,
        " library": 1,
        " nonce": 1,
        " square": 1,
        " star": 2,
        " to": 1,
        " triangle": 2
      }
    },
    "tool|final_output_cancel_gap_a1": {
      "condition": "final_output_cancel_gap_a1",
      "damage_success_rate": 0.4444444444444444,
      "expected_top1_rate": 0.5555555555555556,
      "mean_expected_rank": 1.2777777777777777,
      "mean_gap": -0.11458333333333333,
      "mean_gap_delta_vs_baseline": 4.038194444444445,
      "n": 18,
      "scope": "tool",
      "switch_to_expected_rate": 0.0,
      "top1_text": {
        " ": 1,
        " b": 1,
        " l": 1,
        " m": 1,
        " nonce": 10,
        " nor": 1,
        " star": 2,
        " v": 1
      }
    },
    "tool|final_output_remove_comp_a1": {
      "condition": "final_output_remove_comp_a1",
      "damage_success_rate": 0.9444444444444444,
      "expected_top1_rate": 0.05555555555555555,
      "mean_expected_rank": 1.0555555555555556,
      "mean_gap": 0.0,
      "mean_gap_delta_vs_baseline": 4.152777777777778,
      "n": 18,
      "scope": "tool",
      "switch_to_expected_rate": 0.0,
      "top1_text": {
        " Non": 1,
        " b": 1,
        " library": 1,
        " nonce": 1,
        " nor": 1,
        " square": 1,
        " to": 1,
        " triangle": 2
      }
    },
    "tool|final_output_remove_random_a1": {
      "condition": "final_output_remove_random_a1",
      "damage_success_rate": 0.0,
      "expected_top1_rate": 1.0,
      "mean_expected_rank": 1.0,
      "mean_gap": -4.170138888888889,
      "mean_gap_delta_vs_baseline": -0.017361111111111112,
      "n": 18,
      "scope": "tool",
      "switch_to_expected_rate": 0.0,
      "top1_text": {
        " nonce": 18
      }
    }
  },
  "timestamp": "2026-06-26 11:13:28",
  "title": "Late Readout Competitor Causal Suppression Audit"
}
