[10:43:38] glm4/confirm: natural necessity pairs=6 components=['L34:attn_out', 'L35:attn_out', 'L36:mlp_out'] audits=2
[10:43:39] [load] glm4: bf16 device_map=auto attn=eager quantization=off
`torch_dtype` is deprecated! Use `dtype` instead!
Loading weights:   0%|          | 0/443 [00:00<?, ?it/s]Loading weights:   0%|          | 1/443 [00:00<00:55,  8.02it/s]Loading weights:   5%|▍         | 21/443 [00:00<00:03, 108.31it/s]Loading weights:  12%|█▏        | 51/443 [00:00<00:02, 177.28it/s]Loading weights:  21%|██        | 93/443 [00:00<00:01, 259.02it/s]Loading weights:  27%|██▋       | 120/443 [00:00<00:01, 250.04it/s]Loading weights:  36%|███▌      | 159/443 [00:00<00:00, 290.16it/s]Loading weights:  43%|████▎     | 192/443 [00:00<00:00, 298.31it/s]Loading weights:  50%|█████     | 223/443 [00:00<00:00, 293.56it/s]Loading weights:  58%|█████▊    | 258/443 [00:00<00:00, 303.91it/s]Loading weights:  65%|██████▌   | 290/443 [00:01<00:00, 291.69it/s]Loading weights:  73%|███████▎  | 322/443 [00:01<00:00, 294.37it/s]Loading weights:  79%|███████▉  | 352/443 [00:01<00:00, 294.26it/s]Loading weights:  88%|████████▊ | 389/443 [00:01<00:00, 291.74it/s]Loading weights:  95%|█████████▌| 423/443 [00:01<00:00, 302.58it/s]Loading weights: 100%|██████████| 443/443 [00:01<00:00, 278.11it/s]
[10:43:41] [load] glm4: loaded eager, device=cuda:0, gpu=18.80GB
[10:43:52] glm4: natural necessity scan 2/6 pairs; rows=88
[10:44:03] glm4: natural necessity scan 4/6 pairs; rows=176
[10:44:13] glm4: natural necessity scan 6/6 pairs; rows=264
[model_utils] GPU memory released, allocated=18.81 GB
{
  "model": "glm4",
  "round": "confirm",
  "top": [
    {
      "context_name": "natural_donor",
      "site": "L36:mlp_out",
      "subunit_kind": "mlp_channelset",
      "subunit_id": "L36:mlp_out:topC64",
      "n": 12,
      "base_target_top1_rate": 1.0,
      "after_target_top1_rate": 1.0,
      "top1_loss_rate": 0.0,
      "mean_target_logit_drop_after_erase": -0.19791666666666666,
      "mean_contrast_logit_gain_after_erase": 0.10807291666666667,
      "mean_margin_drop_target_vs_contrast": -0.08984375,
      "mean_total_positive_route_release_after_erase": 0.96875,
      "mean_route_release_coverage": 4.333333333333333,
      "mean_margin_drop_target_vs_routes": 0.02326388888888889,
      "mean_readout_jsd_on_selected_vocab": 0.00030130460358375005,
      "effect_guess_counts": {
        "small_or_no_effect": 10,
        "route_guard_necessity_candidate": 2
      },
      "dominant_effect_guess": "small_or_no_effect",
      "route_summary": {
        "echo_object_or_relation": {
          "mean_route_release": 0.1625,
          "positive_release_rate": 1.0,
          "n": 10
        },
        "format_or_schema": {
          "mean_route_release": 0.15625,
          "positive_release_rate": 1.0,
          "n": 12
        },
        "other_semantic_value": {
          "mean_route_release": 0.375,
          "positive_release_rate": 1.0,
          "n": 10
        },
        "other_vocab": {
          "mean_route_release": 0.2604166666666667,
          "positive_release_rate": 1.0,
          "n": 12
        },
        "punctuation_or_stop": {
          "mean_route_release": 0.15625,
          "positive_release_rate": 1.0,
          "n": 8
        }
      }
    },
    {
      "context_name": "natural_donor",
      "site": "L35:attn_out",
      "subunit_kind": "attn_headset",
      "subunit_id": "L35:attn_out:topH4",
      "n": 12,
      "base_target_top1_rate": 1.0,
      "after_target_top1_rate": 1.0,
      "top1_loss_rate": 0.0,
      "mean_target_logit_drop_after_erase": -0.11458333333333333,
      "mean_contrast_logit_gain_after_erase": 0.06510416666666667,
      "mean_margin_drop_target_vs_contrast": -0.049479166666666664,
      "mean_total_positive_route_release_after_erase": 0.7395833333333334,
      "mean_route_release_coverage": 3.3333333333333335,
      "mean_margin_drop_target_vs_routes": 0.0003472222222222221,
      "mean_readout_jsd_on_selected_vocab": 0.0008809085433225563,
      "effect_guess_counts": {
        "route_guard_necessity_candidate": 4,
        "erase_improves_or_inverse_effect": 2,
        "small_or_no_effect": 6
      },
      "dominant_effect_guess": "small_or_no_effect",
      "route_summary": {
        "echo_object_or_relation": {
          "mean_route_release": -0.1375,
          "positive_release_rate": 0.6,
          "n": 10
        },
        "format_or_schema": {
          "mean_route_release": 0.2604166666666667,
          "positive_release_rate": 1.0,
          "n": 12
        },
        "other_semantic_value": {
          "mean_route_release": 0.2125,
          "positive_release_rate": 0.8,
          "n": 10
        },
        "other_vocab": {
          "mean_route_release": 0.07291666666666667,
          "positive_release_rate": 0.5,
          "n": 12
        },
        "punctuation_or_stop": {
          "mean_route_release": 0.125,
          "positive_release_rate": 1.0,
          "n": 8
        }
      }
    },
    {
      "context_name": "natural_recipient",
      "site": "L35:attn_out",
      "subunit_kind": "attn_headset",
      "subunit_id": "L35:attn_out:topH4",
      "n": 12,
      "base_target_top1_rate": 1.0,
      "after_target_top1_rate": 1.0,
      "top1_loss_rate": 0.0,
      "mean_target_logit_drop_after_erase": -0.11458333333333333,
      "mean_contrast_logit_gain_after_erase": 0.041666666666666664,
      "mean_margin_drop_target_vs_contrast": -0.07291666666666667,
      "mean_total_positive_route_release_after_erase": 0.6770833333333334,
      "mean_route_release_coverage": 3.0,
      "mean_margin_drop_target_vs_routes": -0.0484375,
      "mean_readout_jsd_on_selected_vocab": 0.0013161312174709446,
      "effect_guess_counts": {
        "route_guard_necessity_candidate": 2,
        "small_or_no_effect": 8,
        "erase_improves_or_inverse_effect": 2
      },
      "dominant_effect_guess": "small_or_no_effect",
      "route_summary": {
        "echo_object_or_relation": {
          "mean_route_release": -0.15625,
          "positive_release_rate": 0.5,
          "n": 12
        },
        "format_or_schema": {
          "mean_route_release": 0.0875,
          "positive_release_rate": 0.8,
          "n": 10
        },
        "other_semantic_value": {
          "mean_route_release": 0.40625,
          "positive_release_rate": 0.75,
          "n": 8
        },
        "other_vocab": {
          "mean_route_release": -0.025,
          "positive_release_rate": 0.6,
          "n": 10
        },
        "punctuation_or_stop": {
          "mean_route_release": 0.075,
          "positive_release_rate": 0.6,
          "n": 10
        },
        "recipient_answer": {
          "mean_route_release": 0.041666666666666664,
          "positive_release_rate": 0.6666666666666666,
          "n": 6
        }
      }
    },
    {
      "context_name": "natural_donor",
      "site": "L36:mlp_out",
      "subunit_kind": "mlp_channelset",
      "subunit_id": "L36:mlp_out:topC16",
      "n": 12,
      "base_target_top1_rate": 1.0,
      "after_target_top1_rate": 1.0,
      "top1_loss_rate": 0.0,
      "mean_target_logit_drop_after_erase": -0.11458333333333333,
      "mean_contrast_logit_gain_after_erase": 0.06901041666666667,
      "mean_margin_drop_target_vs_contrast": -0.045572916666666664,
      "mean_total_positive_route_release_after_erase": 0.5729166666666666,
      "mean_route_release_coverage": 4.0,
      "mean_margin_drop_target_vs_routes": 0.013368055555555555,
      "mean_readout_jsd_on_selected_vocab": 0.0002655558738745616,
      "effect_guess_counts": {
        "small_or_no_effect": 12
      },
      "dominant_effect_guess": "small_or_no_effect",
      "route_summary": {
        "echo_object_or_relation": {
          "mean_route_release": 0.075,
          "positive_release_rate": 0.8,
          "n": 10
        },
        "format_or_schema": {
          "mean_route_release": 0.11458333333333333,
          "positive_release_rate": 1.0,
          "n": 12
        },
        "other_semantic_value": {
          "mean_route_release": 0.2125,
          "positive_release_rate": 0.8,
          "n": 10
        },
        "other_vocab": {
          "mean_route_release": 0.13541666666666666,
          "positive_release_rate": 1.0,
          "n": 12
        },
        "punctuation_or_stop": {
          "mean_route_release": 0.125,
          "positive_release_rate": 1.0,
          "n": 8
        }
      }
    },
    {
      "context_name": "natural_donor",
      "site": "L35:attn_out",
      "subunit_kind": "attn_head",
      "subunit_id": "L35:attn_out:H23",
      "n": 4,
      "base_target_top1_rate": 1.0,
      "after_target_top1_rate": 1.0,
      "top1_loss_rate": 0.0,
      "mean_target_logit_drop_after_erase": -0.03125,
      "mean_contrast_logit_gain_after_erase": 0.015625,
      "mean_margin_drop_target_vs_contrast": -0.015625,
      "mean_total_positive_route_release_after_erase": 0.5625,
      "mean_route_release_coverage": 4.5,
      "mean_margin_drop_target_vs_routes": 0.08125,
      "mean_readout_jsd_on_selected_vocab": 0.00018539099561871937,
      "effect_guess_counts": {
        "small_or_no_effect": 4
      },
      "dominant_effect_guess": "small_or_no_effect",
      "route_summary": {
        "echo_object_or_relation": {
          "mean_route_release": 0.15625,
          "positive_release_rate": 1.0,
          "n": 4
        },
        "format_or_schema": {
          "mean_route_release": 0.0625,
          "positive_release_rate": 1.0,
          "n": 4
        },
        "other_semantic_value": {
          "mean_route_release": 0.15625,
          "positive_release_rate": 1.0,
          "n": 4
        },
        "other_vocab": {
          "mean_route_release": 0.15625,
          "positive_release_rate": 1.0,
          "n": 4
        },
        "punctuation_or_stop": {
          "mean_route_release": 0.03125,
          "positive_release_rate": 0.5,
          "n": 4
        }
      }
    },
    {
      "context_name": "natural_donor",
      "site": "L35:attn_out",
      "subunit_kind": "attn_headset",
      "subunit_id": "L35:attn_out:topH2",
      "n": 12,
      "base_target_top1_rate": 1.0,
      "after_target_top1_rate": 1.0,
      "top1_loss_rate": 0.0,
      "mean_target_logit_drop_after_erase": -0.03125,
      "mean_contrast_logit_gain_after_erase": 0.022135416666666668,
      "mean_margin_drop_target_vs_contrast": -0.009114583333333334,
      "mean_total_positive_route_release_after_erase": 0.5416666666666666,
      "mean_route_release_coverage": 2.5,
      "mean_margin_drop_target_vs_routes": 0.06788194444444444,
      "mean_readout_jsd_on_selected_vocab": 0.000670837789048679,
      "effect_guess_counts": {
        "route_guard_necessity_candidate": 4,
        "small_or_no_effect": 8
      },
      "dominant_effect_guess": "small_or_no_effect",
      "route_summary": {
        "echo_object_or_relation": {
          "mean_route_release": 0.05,
          "positive_release_rate": 0.4,
          "n": 10
        },
        "format_or_schema": {
          "mean_route_release": 0.125,
          "positive_release_rate": 0.6666666666666666,
          "n": 12
        },
        "other_semantic_value": {
          "mean_route_release": 0.15,
          "positive_release_rate": 0.6,
          "n": 10
        },
        "other_vocab": {
          "mean_route_release": 0.041666666666666664,
          "positive_release_rate": 0.5,
          "n": 12
        },
        "punctuation_or_stop": {
          "mean_route_release": 0.09375,
          "positive_release_rate": 0.75,
          "n": 8
        }
      }
    },
    {
      "context_name": "natural_donor",
      "site": "L36:mlp_out",
      "subunit_kind": "mlp_channel",
      "subunit_id": "L36:mlp_out:C2319",
      "n": 8,
      "base_target_top1_rate": 1.0,
      "after_target_top1_rate": 1.0,
      "top1_loss_rate": 0.0,
      "mean_target_logit_drop_after_erase": -0.109375,
      "mean_contrast_logit_gain_after_erase": 0.1015625,
      "mean_margin_drop_target_vs_contrast": -0.0078125,
      "mean_total_positive_route_release_after_erase": 0.53125,
      "mean_route_release_coverage": 4.25,
      "mean_margin_drop_target_vs_routes": 0.005208333333333334,
      "mean_readout_jsd_on_selected_vocab": 0.00010845881335666815,
      "effect_guess_counts": {
        "small_or_no_effect": 8
      },
      "dominant_effect_guess": "small_or_no_effect",
      "route_summary": {
        "echo_object_or_relation": {
          "mean_route_release": 0.08333333333333333,
          "positive_release_rate": 1.0,
          "n": 6
        },
        "format_or_schema": {
          "mean_route_release": 0.09375,
          "positive_release_rate": 0.75,
          "n": 8
        },
        "other_semantic_value": {
          "mean_route_release": 0.203125,
          "positive_release_rate": 1.0,
          "n": 8
        },
        "other_vocab": {
          "mean_route_release": 0.109375,
          "positive_release_rate": 1.0,
          "n": 8
        },
        "punctuation_or_stop": {
          "mean_route_release": 0.08333333333333333,
          "positive_release_rate": 1.0,
          "n": 6
        }
      }
    },
    {
      "context_name": "natural_recipient",
      "site": "L35:attn_out",
      "subunit_kind": "attn_headset",
      "subunit_id": "L35:attn_out:topH2",
      "n": 12,
      "base_target_top1_rate": 1.0,
      "after_target_top1_rate": 1.0,
      "top1_loss_rate": 0.0,
      "mean_target_logit_drop_after_erase": -0.08333333333333333,
      "mean_contrast_logit_gain_after_erase": -0.015625,
      "mean_margin_drop_target_vs_contrast": -0.09895833333333333,
      "mean_total_positive_route_release_after_erase": 0.5104166666666666,
      "mean_route_release_coverage": 2.5,
      "mean_margin_drop_target_vs_routes": -0.026736111111111113,
      "mean_readout_jsd_on_selected_vocab": 0.0009028718079822498,
      "effect_guess_counts": {
        "natural_suppressor_necessity_candidate": 2,
        "small_or_no_effect": 8,
        "erase_improves_or_inverse_effect": 2
      },
      "dominant_effect_guess": "small_or_no_effect",
      "route_summary": {
        "echo_object_or_relation": {
          "mean_route_release": 0.0,
          "positive_release_rate": 0.5,
          "n": 12
        },
        "format_or_schema": {
          "mean_route_release": 0.0375,
          "positive_release_rate": 0.6,
          "n": 10
        },
        "other_semantic_value": {
          "mean_route_release": 0.28125,
          "positive_release_rate": 0.75,
          "n": 8
        },
        "other_vocab": {
          "mean_route_release": -0.025,
          "positive_release_rate": 0.4,
          "n": 10
        },
        "punctuation_or_stop": {
          "mean_route_release": 0.075,
          "positive_release_rate": 0.6,
          "n": 10
        },
        "recipient_answer": {
          "mean_route_release": -0.0625,
          "positive_release_rate": 0.3333333333333333,
          "n": 6
        }
      }
    },
    {
      "context_name": "natural_recipient",
      "site": "L34:attn_out",
      "subunit_kind": "attn_head",
      "subunit_id": "L34:attn_out:H2",
      "n": 2,
      "base_target_top1_rate": 1.0,
      "after_target_top1_rate": 1.0,
      "top1_loss_rate": 0.0,
      "mean_target_logit_drop_after_erase": -0.25,
      "mean_contrast_logit_gain_after_erase": 0.0,
      "mean_margin_drop_target_vs_contrast": -0.25,
      "mean_total_positive_route_release_after_erase": 0.4375,
      "mean_route_release_coverage": 3.0,
      "mean_margin_drop_target_vs_routes": -0.140625,
      "mean_readout_jsd_on_selected_vocab": 4.8964623024471614e-05,
      "effect_guess_counts": {
        "small_or_no_effect": 2
      },
      "dominant_effect_guess": "small_or_no_effect",
      "route_summary": {
        "echo_object_or_relation": {
          "mean_route_release": 0.0625,
          "positive_release_rate": 1.0,
          "n": 2
        },
        "other_semantic_value": {
          "mean_route_release": 0.3125,
          "positive_release_rate": 1.0,
          "n": 2
        },
        "other_vocab": {
          "mean_route_release": 0.0625,
          "positive_release_rate": 1.0,
          "n": 2
        },
        "recipient_answer": {
          "mean_route_release": 0.0,
          "positive_release_rate": 0.0,
          "n": 2
        }
      }
    },
    {
      "context_name": "natural_recipient",
      "site": "L36:mlp_out",
      "subunit_kind": "mlp_channel",
      "subunit_id": "L36:mlp_out:C2319",
      "n": 8,
      "base_target_top1_rate": 1.0,
      "after_target_top1_rate": 1.0,
      "top1_loss_rate": 0.0,
      "mean_target_logit_drop_after_erase": -0.109375,
      "mean_contrast_logit_gain_after_erase": 0.046875,
      "mean_margin_drop_target_vs_contrast": -0.0625,
      "mean_total_positive_route_release_after_erase": 0.40625,
      "mean_route_release_coverage": 3.25,
      "mean_margin_drop_target_vs_routes": -0.0171875,
      "mean_readout_jsd_on_selected_vocab": 0.000161181264989045,
      "effect_guess_counts": {
        "small_or_no_effect": 8
      },
      "dominant_effect_guess": "small_or_no_effect",
      "route_summary": {
        "echo_object_or_relation": {
          "mean_route_release": 0.03125,
          "positive_release_rate": 0.5,
          "n": 8
        },
        "format_or_schema": {
          "mean_route_release": 0.125,
          "positive_release_rate": 1.0,
          "n": 6
        },
        "other_semantic_value": {
          "mean_route_release": 0.25,
          "positive_release_rate": 1.0,
          "n": 4
        },
        "other_vocab": {
          "mean_route_release": 0.078125,
          "positive_release_rate": 0.75,
          "n": 8
        },
        "punctuation_or_stop": {
          "mean_route_release": 0.10416666666666667,
          "positive_release_rate": 1.0,
          "n": 6
        },
        "recipient_answer": {
          "mean_route_release": 0.0,
          "positive_release_rate": 0.0,
          "n": 2
        }
      }
    },
    {
      "context_name": "natural_donor",
      "site": "L34:attn_out",
      "subunit_kind": "attn_head",
      "subunit_id": "L34:attn_out:H4",
      "n": 2,
      "base_target_top1_rate": 1.0,
      "after_target_top1_rate": 1.0,
      "top1_loss_rate": 0.0,
      "mean_target_logit_drop_after_erase": 0.3125,
      "mean_contrast_logit_gain_after_erase": 0.0625,
      "mean_margin_drop_target_vs_contrast": 0.375,
      "mean_total_positive_route_release_after_erase": 0.375,
      "mean_route_release_coverage": 3.0,
      "mean_margin_drop_target_vs_routes": 0.25,
      "mean_readout_jsd_on_selected_vocab": 0.0002449662310061024,
      "effect_guess_counts": {
        "natural_suppressor_necessity_candidate": 2
      },
      "dominant_effect_guess": "natural_suppressor_necessity_candidate",
      "route_summary": {
        "echo_object_or_relation": {
          "mean_route_release": 0.25,
          "positive_release_rate": 1.0,
          "n": 2
        },
        "format_or_schema": {
          "mean_route_release": 0.0625,
          "positive_release_rate": 1.0,
          "n": 2
        },
        "other_semantic_value": {
          "mean_route_release": -0.375,
          "positive_release_rate": 0.0,
          "n": 2
        },
        "other_vocab": {
          "mean_route_release": -0.3125,
          "positive_release_rate": 0.0,
          "n": 2
        },
        "punctuation_or_stop": {
          "mean_route_release": 0.0625,
          "positive_release_rate": 1.0,
          "n": 2
        }
      }
    },
    {
      "context_name": "natural_donor",
      "site": "L35:attn_out",
      "subunit_kind": "attn_head",
      "subunit_id": "L35:attn_out:H9",
      "n": 2,
      "base_target_top1_rate": 1.0,
      "after_target_top1_rate": 1.0,
      "top1_loss_rate": 0.0,
      "mean_target_logit_drop_after_erase": 0.0,
      "mean_contrast_logit_gain_after_erase": 0.046875,
      "mean_margin_drop_target_vs_contrast": 0.046875,
      "mean_total_positive_route_release_after_erase": 0.375,
      "mean_route_release_coverage": 4.0,
      "mean_margin_drop_target_vs_routes": 0.09375,
      "mean_readout_jsd_on_selected_vocab": 2.8084907462331245e-05,
      "effect_guess_counts": {
        "small_or_no_effect": 2
      },
      "dominant_effect_guess": "small_or_no_effect",
      "route_summary": {
        "echo_object_or_relation": {
          "mean_route_release": 0.0625,
          "positive_release_rate": 1.0,
          "n": 2
        },
        "format_or_schema": {
          "mean_route_release": 0.0625,
          "positive_release_rate": 1.0,
          "n": 2
        },
        "other_vocab": {
          "mean_route_release": 0.1875,
          "positive_release_rate": 1.0,
          "n": 2
        },
        "punctuation_or_stop": {
          "mean_route_release": 0.0625,
          "positive_release_rate": 1.0,
          "n": 2
        }
      }
    }
  ]
}
