`torch_dtype` is deprecated! Use `dtype` instead!
Loading weights:   0%|          | 0/339 [00:00<?, ?it/s]Loading weights:   1%|          | 2/339 [00:00<00:29, 11.57it/s]Loading weights:   1%|▏         | 5/339 [00:00<00:18, 18.42it/s]Loading weights:  18%|█▊        | 60/339 [00:00<00:01, 204.18it/s]Loading weights:  27%|██▋       | 90/339 [00:00<00:01, 234.70it/s]Loading weights:  40%|████      | 136/339 [00:00<00:00, 299.04it/s]Loading weights:  50%|████▉     | 168/339 [00:00<00:00, 296.75it/s]Loading weights:  59%|█████▊    | 199/339 [00:00<00:00, 283.68it/s]Loading weights:  68%|██████▊   | 232/339 [00:00<00:00, 294.60it/s]Loading weights:  78%|███████▊  | 263/339 [00:01<00:00, 254.05it/s]Loading weights:  88%|████████▊ | 297/339 [00:01<00:00, 276.18it/s]Loading weights:  96%|█████████▌| 326/339 [00:01<00:00, 273.55it/s]Loading weights: 100%|██████████| 339/339 [00:01<00:00, 255.71it/s]
[17:28:39] Loaded deepseek7b: class=Qwen2ForCausalLM, GPU=15.23GB, attn=eager
[17:28:55] deepseek7b: composition patched 12/72 paired cases
[17:29:10] deepseek7b: composition patched 24/72 paired cases
[17:29:24] deepseek7b: composition patched 36/72 paired cases
[17:29:39] deepseek7b: composition patched 48/72 paired cases
[17:29:54] deepseek7b: composition patched 60/72 paired cases
[17:30:09] deepseek7b: composition patched 72/72 paired cases
[model_utils] GPU memory released, allocated=15.24 GB
{
  "alphas": [
    0.5,
    1.0,
    1.5,
    2.0
  ],
  "combo_groups": [
    [
      "target_value+answer_line",
      [
        "target_value",
        "answer_line"
      ]
    ],
    [
      "target_value+self_last",
      [
        "target_value",
        "self_last"
      ]
    ],
    [
      "target_value+record_non_value",
      [
        "target_value",
        "record_non_value"
      ]
    ],
    [
      "target_value+answer_line+self_last",
      [
        "target_value",
        "answer_line",
        "self_last"
      ]
    ],
    [
      "record_line",
      [
        "record_line"
      ]
    ]
  ],
  "model": "deepseek7b",
  "n_paired_cases": 72,
  "phase": 700,
  "summary": {
    "best_degradation_conditions": [
      {
        "condition": "degradation|full_top32_head_slot",
        "mean_final_proj_effect": 32.46361005637381,
        "mean_patched_rank": 66.31944444444444,
        "mean_pmv_effect": 4.626302083333333,
        "mean_rank_effect": 65.31944444444444,
        "mean_source_group_len": 0.0,
        "n": 72,
        "patched_best_other_route": {
          "prose": 72
        },
        "patched_top1_rate": 0.125,
        "success_change_rate": 0.875
      },
      {
        "condition": "degradation|combo_delta_target_value+answer_line+self_last",
        "mean_final_proj_effect": 25.94700214266777,
        "mean_patched_rank": 81.15277777777777,
        "mean_pmv_effect": 4.488715277777778,
        "mean_rank_effect": 80.15277777777777,
        "mean_source_group_len": 7.319444444444445,
        "n": 72,
        "patched_best_other_route": {
          "prose": 72
        },
        "patched_top1_rate": 0.16666666666666666,
        "success_change_rate": 0.8333333333333334
      },
      {
        "condition": "degradation|alpha_target_value_2",
        "mean_final_proj_effect": 44.76550350255437,
        "mean_patched_rank": 427.8611111111111,
        "mean_pmv_effect": 5.803819444444445,
        "mean_rank_effect": 426.8611111111111,
        "mean_source_group_len": 4.319444444444445,
        "n": 72,
        "patched_best_other_route": {
          "prose": 72
        },
        "patched_top1_rate": 0.19444444444444445,
        "success_change_rate": 0.8055555555555556
      },
      {
        "condition": "degradation|alpha_target_value_1.5",
        "mean_final_proj_effect": 31.407094051440556,
        "mean_patched_rank": 168.20833333333334,
        "mean_pmv_effect": 4.009331597222222,
        "mean_rank_effect": 167.20833333333334,
        "mean_source_group_len": 4.319444444444445,
        "n": 72,
        "patched_best_other_route": {
          "prose": 72
        },
        "patched_top1_rate": 0.25,
        "success_change_rate": 0.75
      },
      {
        "condition": "degradation|combo_delta_target_value+answer_line",
        "mean_final_proj_effect": 22.527407907777363,
        "mean_patched_rank": 25.430555555555557,
        "mean_pmv_effect": 3.256076388888889,
        "mean_rank_effect": 24.430555555555557,
        "mean_source_group_len": 6.319444444444445,
        "n": 72,
        "patched_best_other_route": {
          "prose": 72
        },
        "patched_top1_rate": 0.3194444444444444,
        "success_change_rate": 0.6805555555555556
      },
      {
        "condition": "degradation|combo_delta_target_value+self_last",
        "mean_final_proj_effect": 21.235141436258953,
        "mean_patched_rank": 21.819444444444443,
        "mean_pmv_effect": 3.111545138888889,
        "mean_rank_effect": 20.819444444444443,
        "mean_source_group_len": 5.319444444444445,
        "n": 72,
        "patched_best_other_route": {
          "prose": 72
        },
        "patched_top1_rate": 0.3194444444444444,
        "success_change_rate": 0.6805555555555556
      },
      {
        "condition": "degradation|alpha_target_value_1",
        "mean_final_proj_effect": 18.552836885054905,
        "mean_patched_rank": 8.555555555555555,
        "mean_pmv_effect": 2.1128472222222223,
        "mean_rank_effect": 7.555555555555555,
        "mean_source_group_len": 4.319444444444445,
        "n": 72,
        "patched_best_other_route": {
          "prose": 72
        },
        "patched_top1_rate": 0.375,
        "success_change_rate": 0.625
      },
      {
        "condition": "degradation|combo_delta_record_line",
        "mean_final_proj_effect": 18.16960349347856,
        "mean_patched_rank": 5.5,
        "mean_pmv_effect": 2.0338541666666665,
        "mean_rank_effect": 4.5,
        "mean_source_group_len": 29.76388888888889,
        "n": 72,
        "patched_best_other_route": {
          "prose": 72
        },
        "patched_top1_rate": 0.4027777777777778,
        "success_change_rate": 0.5972222222222222
      },
      {
        "condition": "degradation|combo_delta_target_value+record_non_value",
        "mean_final_proj_effect": 18.15522038936615,
        "mean_patched_rank": 5.513888888888889,
        "mean_pmv_effect": 2.0338541666666665,
        "mean_rank_effect": 4.513888888888889,
        "mean_source_group_len": 29.76388888888889,
        "n": 72,
        "patched_best_other_route": {
          "prose": 72
        },
        "patched_top1_rate": 0.4027777777777778,
        "success_change_rate": 0.5972222222222222
      },
      {
        "condition": "degradation|alpha_target_value_0.5",
        "mean_final_proj_effect": 8.317369924651253,
        "mean_patched_rank": 1.6527777777777777,
        "mean_pmv_effect": 0.7630208333333334,
        "mean_rank_effect": 0.6527777777777778,
        "mean_source_group_len": 4.319444444444445,
        "n": 72,
        "patched_best_other_route": {
          "prose": 72
        },
        "patched_top1_rate": 0.7638888888888888,
        "success_change_rate": 0.2361111111111111
      }
    ],
    "best_erase_conditions": [
      {
        "condition": "erase|combo_erase_target_value+answer_line+self_last",
        "mean_final_proj_effect": 61.57255012790362,
        "mean_patched_rank": 1102.6527777777778,
        "mean_pmv_effect": 9.416015625,
        "mean_rank_effect": 1101.6527777777778,
        "mean_source_group_len": 7.319444444444445,
        "n": 72,
        "patched_best_other_route": {
          "prose": 72
        },
        "patched_top1_rate": 0.0,
        "success_change_rate": 1.0
      },
      {
        "condition": "erase|alpha_erase_target_value_2",
        "mean_final_proj_effect": 101.95323955681589,
        "mean_patched_rank": 1557.4583333333333,
        "mean_pmv_effect": 9.7587890625,
        "mean_rank_effect": 1556.4583333333333,
        "mean_source_group_len": 4.319444444444445,
        "n": 72,
        "patched_best_other_route": {
          "continuation": 1,
          "prose": 71
        },
        "patched_top1_rate": 0.041666666666666664,
        "success_change_rate": 0.9583333333333334
      },
      {
        "condition": "erase|alpha_erase_target_value_1.5",
        "mean_final_proj_effect": 73.74509486556053,
        "mean_patched_rank": 1490.375,
        "mean_pmv_effect": 9.282118055555555,
        "mean_rank_effect": 1489.375,
        "mean_source_group_len": 4.319444444444445,
        "n": 72,
        "patched_best_other_route": {
          "prose": 72
        },
        "patched_top1_rate": 0.041666666666666664,
        "success_change_rate": 0.9583333333333334
      },
      {
        "condition": "erase|combo_erase_target_value+record_non_value",
        "mean_final_proj_effect": 43.697484304507576,
        "mean_patched_rank": 94.83333333333333,
        "mean_pmv_effect": 6.318142361111111,
        "mean_rank_effect": 93.83333333333333,
        "mean_source_group_len": 29.76388888888889,
        "n": 72,
        "patched_best_other_route": {
          "prose": 72
        },
        "patched_top1_rate": 0.06944444444444445,
        "success_change_rate": 0.9305555555555556
      },
      {
        "condition": "erase|combo_erase_record_line",
        "mean_final_proj_effect": 43.697484304507576,
        "mean_patched_rank": 94.83333333333333,
        "mean_pmv_effect": 6.318142361111111,
        "mean_rank_effect": 93.83333333333333,
        "mean_source_group_len": 29.76388888888889,
        "n": 72,
        "patched_best_other_route": {
          "prose": 72
        },
        "patched_top1_rate": 0.06944444444444445,
        "success_change_rate": 0.9305555555555556
      },
      {
        "condition": "erase|combo_erase_target_value+self_last",
        "mean_final_proj_effect": 52.44154708915286,
        "mean_patched_rank": 603.4722222222222,
        "mean_pmv_effect": 8.096788194444445,
        "mean_rank_effect": 602.4722222222222,
        "mean_source_group_len": 5.319444444444445,
        "n": 72,
        "patched_best_other_route": {
          "prose": 72
        },
        "patched_top1_rate": 0.09722222222222222,
        "success_change_rate": 0.9027777777777778
      },
      {
        "condition": "erase|combo_erase_target_value+answer_line",
        "mean_final_proj_effect": 50.04431886474291,
        "mean_patched_rank": 451.5416666666667,
        "mean_pmv_effect": 7.509331597222222,
        "mean_rank_effect": 450.5416666666667,
        "mean_source_group_len": 6.319444444444445,
        "n": 72,
        "patched_best_other_route": {
          "prose": 72
        },
        "patched_top1_rate": 0.1527777777777778,
        "success_change_rate": 0.8472222222222222
      },
      {
        "condition": "erase|alpha_erase_target_value_1",
        "mean_final_proj_effect": 44.053919772307076,
        "mean_patched_rank": 161.84722222222223,
        "mean_pmv_effect": 6.190538194444445,
        "mean_rank_effect": 160.84722222222223,
        "mean_source_group_len": 4.319444444444445,
        "n": 72,
        "patched_best_other_route": {
          "prose": 72
        },
        "patched_top1_rate": 0.18055555555555555,
        "success_change_rate": 0.8194444444444444
      },
      {
        "condition": "erase|alpha_erase_target_value_0.5",
        "mean_final_proj_effect": 18.044437679979538,
        "mean_patched_rank": 4.972222222222222,
        "mean_pmv_effect": 2.1371527777777777,
        "mean_rank_effect": 3.9722222222222223,
        "mean_source_group_len": 4.319444444444445,
        "n": 72,
        "patched_best_other_route": {
          "prose": 72
        },
        "patched_top1_rate": 0.3333333333333333,
        "success_change_rate": 0.6666666666666666
      }
    ],
    "best_restore_conditions": [
      {
        "condition": "restore|combo_delta_target_value+answer_line+self_last",
        "mean_final_proj_effect": 27.220870700147415,
        "mean_patched_rank": 1.3055555555555556,
        "mean_pmv_effect": 5.448784722222222,
        "mean_rank_effect": 166.38888888888889,
        "mean_source_group_len": 7.319444444444445,
        "n": 72,
        "patched_best_other_route": {
          "continuation": 4,
          "prose": 68
        },
        "patched_top1_rate": 0.7638888888888888,
        "success_change_rate": 0.7638888888888888
      },
      {
        "condition": "restore|alpha_target_value_2",
        "mean_final_proj_effect": 38.2731827100118,
        "mean_patched_rank": 1.6944444444444444,
        "mean_pmv_effect": 5.748263888888889,
        "mean_rank_effect": 166.0,
        "mean_source_group_len": 4.319444444444445,
        "n": 72,
        "patched_best_other_route": {
          "continuation": 3,
          "prose": 69
        },
        "patched_top1_rate": 0.75,
        "success_change_rate": 0.75
      },
      {
        "condition": "restore|full_top32_head_slot",
        "mean_final_proj_effect": 30.117128603988224,
        "mean_patched_rank": 1.5277777777777777,
        "mean_pmv_effect": 5.622395833333333,
        "mean_rank_effect": 166.16666666666666,
        "mean_source_group_len": 0.0,
        "n": 72,
        "patched_best_other_route": {
          "prose": 72
        },
        "patched_top1_rate": 0.7361111111111112,
        "success_change_rate": 0.7361111111111112
      },
      {
        "condition": "restore|combo_delta_target_value+answer_line",
        "mean_final_proj_effect": 24.90200561285019,
        "mean_patched_rank": 1.6666666666666667,
        "mean_pmv_effect": 4.880208333333333,
        "mean_rank_effect": 166.02777777777777,
        "mean_source_group_len": 6.319444444444445,
        "n": 72,
        "patched_best_other_route": {
          "prose": 72
        },
        "patched_top1_rate": 0.5972222222222222,
        "success_change_rate": 0.5972222222222222
      },
      {
        "condition": "restore|alpha_target_value_1.5",
        "mean_final_proj_effect": 29.815925492180718,
        "mean_patched_rank": 2.0972222222222223,
        "mean_pmv_effect": 4.894097222222222,
        "mean_rank_effect": 165.59722222222223,
        "mean_source_group_len": 4.319444444444445,
        "n": 72,
        "patched_best_other_route": {
          "continuation": 1,
          "prose": 71
        },
        "patched_top1_rate": 0.5694444444444444,
        "success_change_rate": 0.5694444444444444
      },
      {
        "condition": "restore|combo_delta_target_value+self_last",
        "mean_final_proj_effect": 24.201190170314575,
        "mean_patched_rank": 1.9444444444444444,
        "mean_pmv_effect": 4.714409722222222,
        "mean_rank_effect": 165.75,
        "mean_source_group_len": 5.319444444444445,
        "n": 72,
        "patched_best_other_route": {
          "prose": 72
        },
        "patched_top1_rate": 0.5277777777777778,
        "success_change_rate": 0.5277777777777778
      },
      {
        "condition": "restore|combo_delta_target_value+record_non_value",
        "mean_final_proj_effect": 22.6117142604457,
        "mean_patched_rank": 3.3472222222222223,
        "mean_pmv_effect": 4.008680555555555,
        "mean_rank_effect": 164.34722222222223,
        "mean_source_group_len": 29.76388888888889,
        "n": 72,
        "patched_best_other_route": {
          "prose": 72
        },
        "patched_top1_rate": 0.375,
        "success_change_rate": 0.375
      },
      {
        "condition": "restore|combo_delta_record_line",
        "mean_final_proj_effect": 22.6117142604457,
        "mean_patched_rank": 3.3472222222222223,
        "mean_pmv_effect": 4.008680555555555,
        "mean_rank_effect": 164.34722222222223,
        "mean_source_group_len": 29.76388888888889,
        "n": 72,
        "patched_best_other_route": {
          "prose": 72
        },
        "patched_top1_rate": 0.375,
        "success_change_rate": 0.375
      },
      {
        "condition": "restore|alpha_target_value_1",
        "mean_final_proj_effect": 21.795254753695595,
        "mean_patched_rank": 3.4166666666666665,
        "mean_pmv_effect": 3.857638888888889,
        "mean_rank_effect": 164.27777777777777,
        "mean_source_group_len": 4.319444444444445,
        "n": 72,
        "patched_best_other_route": {
          "prose": 72
        },
        "patched_top1_rate": 0.3055555555555556,
        "success_change_rate": 0.3055555555555556
      },
      {
        "condition": "restore|alpha_target_value_0.5",
        "mean_final_proj_effect": 12.366089857286877,
        "mean_patched_rank": 11.458333333333334,
        "mean_pmv_effect": 2.2725694444444446,
        "mean_rank_effect": 156.23611111111111,
        "mean_source_group_len": 4.319444444444445,
        "n": 72,
        "patched_best_other_route": {
          "prose": 72
        },
        "patched_top1_rate": 0.08333333333333333,
        "success_change_rate": 0.08333333333333333
      }
    ],
    "by_condition": {
      "degradation|alpha_target_value_0.5": {
        "mean_final_proj_effect": 8.317369924651253,
        "mean_patched_rank": 1.6527777777777777,
        "mean_pmv_effect": 0.7630208333333334,
        "mean_rank_effect": 0.6527777777777778,
        "mean_source_group_len": 4.319444444444445,
        "n": 72,
        "patched_best_other_route": {
          "prose": 72
        },
        "patched_top1_rate": 0.7638888888888888,
        "success_change_rate": 0.2361111111111111
      },
      "degradation|alpha_target_value_1": {
        "mean_final_proj_effect": 18.552836885054905,
        "mean_patched_rank": 8.555555555555555,
        "mean_pmv_effect": 2.1128472222222223,
        "mean_rank_effect": 7.555555555555555,
        "mean_source_group_len": 4.319444444444445,
        "n": 72,
        "patched_best_other_route": {
          "prose": 72
        },
        "patched_top1_rate": 0.375,
        "success_change_rate": 0.625
      },
      "degradation|alpha_target_value_1.5": {
        "mean_final_proj_effect": 31.407094051440556,
        "mean_patched_rank": 168.20833333333334,
        "mean_pmv_effect": 4.009331597222222,
        "mean_rank_effect": 167.20833333333334,
        "mean_source_group_len": 4.319444444444445,
        "n": 72,
        "patched_best_other_route": {
          "prose": 72
        },
        "patched_top1_rate": 0.25,
        "success_change_rate": 0.75
      },
      "degradation|alpha_target_value_2": {
        "mean_final_proj_effect": 44.76550350255437,
        "mean_patched_rank": 427.8611111111111,
        "mean_pmv_effect": 5.803819444444445,
        "mean_rank_effect": 426.8611111111111,
        "mean_source_group_len": 4.319444444444445,
        "n": 72,
        "patched_best_other_route": {
          "prose": 72
        },
        "patched_top1_rate": 0.19444444444444445,
        "success_change_rate": 0.8055555555555556
      },
      "degradation|combo_delta_record_line": {
        "mean_final_proj_effect": 18.16960349347856,
        "mean_patched_rank": 5.5,
        "mean_pmv_effect": 2.0338541666666665,
        "mean_rank_effect": 4.5,
        "mean_source_group_len": 29.76388888888889,
        "n": 72,
        "patched_best_other_route": {
          "prose": 72
        },
        "patched_top1_rate": 0.4027777777777778,
        "success_change_rate": 0.5972222222222222
      },
      "degradation|combo_delta_target_value+answer_line": {
        "mean_final_proj_effect": 22.527407907777363,
        "mean_patched_rank": 25.430555555555557,
        "mean_pmv_effect": 3.256076388888889,
        "mean_rank_effect": 24.430555555555557,
        "mean_source_group_len": 6.319444444444445,
        "n": 72,
        "patched_best_other_route": {
          "prose": 72
        },
        "patched_top1_rate": 0.3194444444444444,
        "success_change_rate": 0.6805555555555556
      },
      "degradation|combo_delta_target_value+answer_line+self_last": {
        "mean_final_proj_effect": 25.94700214266777,
        "mean_patched_rank": 81.15277777777777,
        "mean_pmv_effect": 4.488715277777778,
        "mean_rank_effect": 80.15277777777777,
        "mean_source_group_len": 7.319444444444445,
        "n": 72,
        "patched_best_other_route": {
          "prose": 72
        },
        "patched_top1_rate": 0.16666666666666666,
        "success_change_rate": 0.8333333333333334
      },
      "degradation|combo_delta_target_value+record_non_value": {
        "mean_final_proj_effect": 18.15522038936615,
        "mean_patched_rank": 5.513888888888889,
        "mean_pmv_effect": 2.0338541666666665,
        "mean_rank_effect": 4.513888888888889,
        "mean_source_group_len": 29.76388888888889,
        "n": 72,
        "patched_best_other_route": {
          "prose": 72
        },
        "patched_top1_rate": 0.4027777777777778,
        "success_change_rate": 0.5972222222222222
      },
      "degradation|combo_delta_target_value+self_last": {
        "mean_final_proj_effect": 21.235141436258953,
        "mean_patched_rank": 21.819444444444443,
        "mean_pmv_effect": 3.111545138888889,
        "mean_rank_effect": 20.819444444444443,
        "mean_source_group_len": 5.319444444444445,
        "n": 72,
        "patched_best_other_route": {
          "prose": 72
        },
        "patched_top1_rate": 0.3194444444444444,
        "success_change_rate": 0.6805555555555556
      },
      "degradation|full_top32_head_slot": {
        "mean_final_proj_effect": 32.46361005637381,
        "mean_patched_rank": 66.31944444444444,
        "mean_pmv_effect": 4.626302083333333,
        "mean_rank_effect": 65.31944444444444,
        "mean_source_group_len": 0.0,
        "n": 72,
        "patched_best_other_route": {
          "prose": 72
        },
        "patched_top1_rate": 0.125,
        "success_change_rate": 0.875
      },
      "erase|alpha_erase_target_value_0.5": {
        "mean_final_proj_effect": 18.044437679979538,
        "mean_patched_rank": 4.972222222222222,
        "mean_pmv_effect": 2.1371527777777777,
        "mean_rank_effect": 3.9722222222222223,
        "mean_source_group_len": 4.319444444444445,
        "n": 72,
        "patched_best_other_route": {
          "prose": 72
        },
        "patched_top1_rate": 0.3333333333333333,
        "success_change_rate": 0.6666666666666666
      },
      "erase|alpha_erase_target_value_1": {
        "mean_final_proj_effect": 44.053919772307076,
        "mean_patched_rank": 161.84722222222223,
        "mean_pmv_effect": 6.190538194444445,
        "mean_rank_effect": 160.84722222222223,
        "mean_source_group_len": 4.319444444444445,
        "n": 72,
        "patched_best_other_route": {
          "prose": 72
        },
        "patched_top1_rate": 0.18055555555555555,
        "success_change_rate": 0.8194444444444444
      },
      "erase|alpha_erase_target_value_1.5": {
        "mean_final_proj_effect": 73.74509486556053,
        "mean_patched_rank": 1490.375,
        "mean_pmv_effect": 9.282118055555555,
        "mean_rank_effect": 1489.375,
        "mean_source_group_len": 4.319444444444445,
        "n": 72,
        "patched_best_other_route": {
          "prose": 72
        },
        "patched_top1_rate": 0.041666666666666664,
        "success_change_rate": 0.9583333333333334
      },
      "erase|alpha_erase_target_value_2": {
        "mean_final_proj_effect": 101.95323955681589,
        "mean_patched_rank": 1557.4583333333333,
        "mean_pmv_effect": 9.7587890625,
        "mean_rank_effect": 1556.4583333333333,
        "mean_source_group_len": 4.319444444444445,
        "n": 72,
        "patched_best_other_route": {
          "continuation": 1,
          "prose": 71
        },
        "patched_top1_rate": 0.041666666666666664,
        "success_change_rate": 0.9583333333333334
      },
      "erase|combo_erase_record_line": {
        "mean_final_proj_effect": 43.697484304507576,
        "mean_patched_rank": 94.83333333333333,
        "mean_pmv_effect": 6.318142361111111,
        "mean_rank_effect": 93.83333333333333,
        "mean_source_group_len": 29.76388888888889,
        "n": 72,
        "patched_best_other_route": {
          "prose": 72
        },
        "patched_top1_rate": 0.06944444444444445,
        "success_change_rate": 0.9305555555555556
      },
      "erase|combo_erase_target_value+answer_line": {
        "mean_final_proj_effect": 50.04431886474291,
        "mean_patched_rank": 451.5416666666667,
        "mean_pmv_effect": 7.509331597222222,
        "mean_rank_effect": 450.5416666666667,
        "mean_source_group_len": 6.319444444444445,
        "n": 72,
        "patched_best_other_route": {
          "prose": 72
        },
        "patched_top1_rate": 0.1527777777777778,
        "success_change_rate": 0.8472222222222222
      },
      "erase|combo_erase_target_value+answer_line+self_last": {
        "mean_final_proj_effect": 61.57255012790362,
        "mean_patched_rank": 1102.6527777777778,
        "mean_pmv_effect": 9.416015625,
        "mean_rank_effect": 1101.6527777777778,
        "mean_source_group_len": 7.319444444444445,
        "n": 72,
        "patched_best_other_route": {
          "prose": 72
        },
        "patched_top1_rate": 0.0,
        "success_change_rate": 1.0
      },
      "erase|combo_erase_target_value+record_non_value": {
        "mean_final_proj_effect": 43.697484304507576,
        "mean_patched_rank": 94.83333333333333,
        "mean_pmv_effect": 6.318142361111111,
        "mean_rank_effect": 93.83333333333333,
        "mean_source_group_len": 29.76388888888889,
        "n": 72,
        "patched_best_other_route": {
          "prose": 72
        },
        "patched_top1_rate": 0.06944444444444445,
        "success_change_rate": 0.9305555555555556
      },
      "erase|combo_erase_target_value+self_last": {
        "mean_final_proj_effect": 52.44154708915286,
        "mean_patched_rank": 603.4722222222222,
        "mean_pmv_effect": 8.096788194444445,
        "mean_rank_effect": 602.4722222222222,
        "mean_source_group_len": 5.319444444444445,
        "n": 72,
        "patched_best_other_route": {
          "prose": 72
        },
        "patched_top1_rate": 0.09722222222222222,
        "success_change_rate": 0.9027777777777778
      },
      "restore|alpha_target_value_0.5": {
        "mean_final_proj_effect": 12.366089857286877,
        "mean_patched_rank": 11.458333333333334,
        "mean_pmv_effect": 2.2725694444444446,
        "mean_rank_effect": 156.23611111111111,
        "mean_source_group_len": 4.319444444444445,
        "n": 72,
        "patched_best_other_route": {
          "prose": 72
        },
        "patched_top1_rate": 0.08333333333333333,
        "success_change_rate": 0.08333333333333333
      },
      "restore|alpha_target_value_1": {
        "mean_final_proj_effect": 21.795254753695595,
        "mean_patched_rank": 3.4166666666666665,
        "mean_pmv_effect": 3.857638888888889,
        "mean_rank_effect": 164.27777777777777,
        "mean_source_group_len": 4.319444444444445,
        "n": 72,
        "patched_best_other_route": {
          "prose": 72
        },
        "patched_top1_rate": 0.3055555555555556,
        "success_change_rate": 0.3055555555555556
      },
      "restore|alpha_target_value_1.5": {
        "mean_final_proj_effect": 29.815925492180718,
        "mean_patched_rank": 2.0972222222222223,
        "mean_pmv_effect": 4.894097222222222,
        "mean_rank_effect": 165.59722222222223,
        "mean_source_group_len": 4.319444444444445,
        "n": 72,
        "patched_best_other_route": {
          "continuation": 1,
          "prose": 71
        },
        "patched_top1_rate": 0.5694444444444444,
        "success_change_rate": 0.5694444444444444
      },
      "restore|alpha_target_value_2": {
        "mean_final_proj_effect": 38.2731827100118,
        "mean_patched_rank": 1.6944444444444444,
        "mean_pmv_effect": 5.748263888888889,
        "mean_rank_effect": 166.0,
        "mean_source_group_len": 4.319444444444445,
        "n": 72,
        "patched_best_other_route": {
          "continuation": 3,
          "prose": 69
        },
        "patched_top1_rate": 0.75,
        "success_change_rate": 0.75
      },
      "restore|combo_delta_record_line": {
        "mean_final_proj_effect": 22.6117142604457,
        "mean_patched_rank": 3.3472222222222223,
        "mean_pmv_effect": 4.008680555555555,
        "mean_rank_effect": 164.34722222222223,
        "mean_source_group_len": 29.76388888888889,
        "n": 72,
        "patched_best_other_route": {
          "prose": 72
        },
        "patched_top1_rate": 0.375,
        "success_change_rate": 0.375
      },
      "restore|combo_delta_target_value+answer_line": {
        "mean_final_proj_effect": 24.90200561285019,
        "mean_patched_rank": 1.6666666666666667,
        "mean_pmv_effect": 4.880208333333333,
        "mean_rank_effect": 166.02777777777777,
        "mean_source_group_len": 6.319444444444445,
        "n": 72,
        "patched_best_other_route": {
          "prose": 72
        },
        "patched_top1_rate": 0.5972222222222222,
        "success_change_rate": 0.5972222222222222
      },
      "restore|combo_delta_target_value+answer_line+self_last": {
        "mean_final_proj_effect": 27.220870700147415,
        "mean_patched_rank": 1.3055555555555556,
        "mean_pmv_effect": 5.448784722222222,
        "mean_rank_effect": 166.38888888888889,
        "mean_source_group_len": 7.319444444444445,
        "n": 72,
        "patched_best_other_route": {
          "continuation": 4,
          "prose": 68
        },
        "patched_top1_rate": 0.7638888888888888,
        "success_change_rate": 0.7638888888888888
      },
      "restore|combo_delta_target_value+record_non_value": {
        "mean_final_proj_effect": 22.6117142604457,
        "mean_patched_rank": 3.3472222222222223,
        "mean_pmv_effect": 4.008680555555555,
        "mean_rank_effect": 164.34722222222223,
        "mean_source_group_len": 29.76388888888889,
        "n": 72,
        "patched_best_other_route": {
          "prose": 72
        },
        "patched_top1_rate": 0.375,
        "success_change_rate": 0.375
      },
      "restore|combo_delta_target_value+self_last": {
        "mean_final_proj_effect": 24.201190170314575,
        "mean_patched_rank": 1.9444444444444444,
        "mean_pmv_effect": 4.714409722222222,
        "mean_rank_effect": 165.75,
        "mean_source_group_len": 5.319444444444445,
        "n": 72,
        "patched_best_other_route": {
          "prose": 72
        },
        "patched_top1_rate": 0.5277777777777778,
        "success_change_rate": 0.5277777777777778
      },
      "restore|full_top32_head_slot": {
        "mean_final_proj_effect": 30.117128603988224,
        "mean_patched_rank": 1.5277777777777777,
        "mean_pmv_effect": 5.622395833333333,
        "mean_rank_effect": 166.16666666666666,
        "mean_source_group_len": 0.0,
        "n": 72,
        "patched_best_other_route": {
          "prose": 72
        },
        "patched_top1_rate": 0.7361111111111112,
        "success_change_rate": 0.7361111111111112
      }
    },
    "model": "deepseek7b",
    "n_paired_cases": 72,
    "n_rows": 2088,
    "top_heads": [
      {
        "head": 15,
        "head_key": "L26H15",
        "layer": 26,
        "mean_delta_norm": 29.248977922730976,
        "mean_direct_effect": 4.4925542091433375
      },
      {
        "head": 19,
        "head_key": "L26H19",
        "layer": 26,
        "mean_delta_norm": 19.06778096159299,
        "mean_direct_effect": 4.2177774300022675
      },
      {
        "head": 11,
        "head_key": "L23H11",
        "layer": 23,
        "mean_delta_norm": 23.177777217494118,
        "mean_direct_effect": 2.973575750986735
      },
      {
        "head": 2,
        "head_key": "L27H2",
        "layer": 27,
        "mean_delta_norm": 11.188924981488121,
        "mean_direct_effect": 2.539202939434391
      },
      {
        "head": 19,
        "head_key": "L23H19",
        "layer": 23,
        "mean_delta_norm": 10.124662246969011,
        "mean_direct_effect": 1.4362748730927706
      },
      {
        "head": 0,
        "head_key": "L26H0",
        "layer": 26,
        "mean_delta_norm": 7.609525624248716,
        "mean_direct_effect": 1.2225809053828318
      },
      {
        "head": 3,
        "head_key": "L27H3",
        "layer": 27,
        "mean_delta_norm": 7.116602563195759,
        "mean_direct_effect": 0.9806504672807124
      },
      {
        "head": 14,
        "head_key": "L26H14",
        "layer": 26,
        "mean_delta_norm": 12.313356475697624,
        "mean_direct_effect": 0.8729744055825803
      },
      {
        "head": 24,
        "head_key": "L26H24",
        "layer": 26,
        "mean_delta_norm": 9.492230375607809,
        "mean_direct_effect": 0.7749587056330509
      },
      {
        "head": 17,
        "head_key": "L27H17",
        "layer": 27,
        "mean_delta_norm": 14.5741415851646,
        "mean_direct_effect": 0.7687556908155481
      },
      {
        "head": 19,
        "head_key": "L27H19",
        "layer": 27,
        "mean_delta_norm": 10.1534104347229,
        "mean_direct_effect": 0.7633171753647426
      },
      {
        "head": 18,
        "head_key": "L23H18",
        "layer": 23,
        "mean_delta_norm": 5.078802863756816,
        "mean_direct_effect": 0.7377331018603096
      },
      {
        "head": 25,
        "head_key": "L26H25",
        "layer": 26,
        "mean_delta_norm": 12.18548615773519,
        "mean_direct_effect": 0.7189168700327476
      },
      {
        "head": 24,
        "head_key": "L27H24",
        "layer": 27,
        "mean_delta_norm": 7.849318673213323,
        "mean_direct_effect": 0.7153872634387679
      },
      {
        "head": 3,
        "head_key": "L26H3",
        "layer": 26,
        "mean_delta_norm": 5.540479630231857,
        "mean_direct_effect": 0.6898659559535898
      },
      {
        "head": 17,
        "head_key": "L26H17",
        "layer": 26,
        "mean_delta_norm": 9.831613653235966,
        "mean_direct_effect": 0.6339309266250994
      },
      {
        "head": 26,
        "head_key": "L26H26",
        "layer": 26,
        "mean_delta_norm": 8.242560856872135,
        "mean_direct_effect": 0.6307287169620395
      },
      {
        "head": 23,
        "head_key": "L26H23",
        "layer": 26,
        "mean_delta_norm": 7.551541325118807,
        "mean_direct_effect": 0.433489599575599
      },
      {
        "head": 27,
        "head_key": "L24H27",
        "layer": 24,
        "mean_delta_norm": 7.981577588452233,
        "mean_direct_effect": 0.42334129847586155
      },
      {
        "head": 9,
        "head_key": "L25H9",
        "layer": 25,
        "mean_delta_norm": 5.910101824336582,
        "mean_direct_effect": 0.38926081583162564
      },
      {
        "head": 6,
        "head_key": "L26H6",
        "layer": 26,
        "mean_delta_norm": 5.517323878076342,
        "mean_direct_effect": 0.3613440594635904
      },
      {
        "head": 21,
        "head_key": "L24H21",
        "layer": 24,
        "mean_delta_norm": 6.268677466445499,
        "mean_direct_effect": 0.359568784556662
      },
      {
        "head": 5,
        "head_key": "L23H5",
        "layer": 23,
        "mean_delta_norm": 5.941143479612139,
        "mean_direct_effect": 0.3467910471889708
      },
      {
        "head": 12,
        "head_key": "L25H12",
        "layer": 25,
        "mean_delta_norm": 5.101514693763521,
        "mean_direct_effect": 0.31159046111214495
      },
      {
        "head": 16,
        "head_key": "L24H16",
        "layer": 24,
        "mean_delta_norm": 4.94353688094351,
        "mean_direct_effect": 0.27811968559399247
      },
      {
        "head": 1,
        "head_key": "L26H1",
        "layer": 26,
        "mean_delta_norm": 5.3902922504478035,
        "mean_direct_effect": 0.23483875717243385
      },
      {
        "head": 14,
        "head_key": "L25H14",
        "layer": 25,
        "mean_delta_norm": 8.33845697508918,
        "mean_direct_effect": 0.23077295855101612
      },
      {
        "head": 1,
        "head_key": "L27H1",
        "layer": 27,
        "mean_delta_norm": 8.816206577751371,
        "mean_direct_effect": 0.23056770811995697
      },
      {
        "head": 5,
        "head_key": "L27H5",
        "layer": 27,
        "mean_delta_norm": 6.022420446077983,
        "mean_direct_effect": 0.21602384596028262
      },
      {
        "head": 6,
        "head_key": "L23H6",
        "layer": 23,
        "mean_delta_norm": 3.7144250952535205,
        "mean_direct_effect": 0.211940202034182
      },
      {
        "head": 23,
        "head_key": "L24H23",
        "layer": 24,
        "mean_delta_norm": 4.0265012019210396,
        "mean_direct_effect": 0.19667107531697386
      },
      {
        "head": 11,
        "head_key": "L26H11",
        "layer": 26,
        "mean_delta_norm": 5.570882015758091,
        "mean_direct_effect": 0.18218871063759756
      }
    ]
  },
  "timestamp": "2026-06-26 17:30:09",
  "title": "Source Contribution Composition and Scaling Audit",
  "top_heads": 32,
  "transfer_layers": [
    23,
    24,
    25,
    26,
    27
  ]
}
