[10:29:05] glm4/main: pairs=4 components=['L34:attn_out', 'L35:attn_out', 'L36:mlp_out'] audits=2
[10:29:05] [load] glm4: bf16 device_map=auto attn=eager quantization=off
`torch_dtype` is deprecated! Use `dtype` instead!
Loading weights:   0%|          | 0/443 [00:00<?, ?it/s]Loading weights:   0%|          | 1/443 [00:00<00:47,  9.31it/s]Loading weights:   5%|▍         | 21/443 [00:00<00:03, 117.01it/s]Loading weights:  11%|█         | 49/443 [00:00<00:02, 177.82it/s]Loading weights:  21%|██        | 93/443 [00:00<00:01, 266.65it/s]Loading weights:  28%|██▊       | 126/443 [00:00<00:01, 281.89it/s]Loading weights:  36%|███▌      | 158/443 [00:00<00:01, 283.86it/s]Loading weights:  44%|████▍     | 195/443 [00:00<00:00, 304.93it/s]Loading weights:  51%|█████     | 226/443 [00:00<00:00, 282.45it/s]Loading weights:  60%|██████    | 268/443 [00:01<00:00, 302.56it/s]Loading weights:  68%|██████▊   | 302/443 [00:01<00:00, 307.92it/s]Loading weights:  76%|███████▌  | 335/443 [00:01<00:00, 300.90it/s]Loading weights:  83%|████████▎ | 368/443 [00:01<00:00, 303.86it/s]Loading weights:  91%|█████████ | 401/443 [00:01<00:00, 305.76it/s]Loading weights:  98%|█████████▊| 434/443 [00:01<00:00, 309.63it/s]Loading weights: 100%|██████████| 443/443 [00:01<00:00, 285.59it/s]
[10:29:07] [load] glm4: loaded eager, device=cuda:0, gpu=18.80GB
[10:29:19] glm4: decomposition scan 2/4 pairs; rows=132
[10:29:30] glm4: decomposition scan 4/4 pairs; rows=264
[model_utils] GPU memory released, allocated=18.81 GB
{
  "model": "glm4",
  "round": "main",
  "top_subunits": [
    {
      "component_id": "L35:attn_out",
      "subunit_kind": "attn_headset",
      "subunit_id": "L35:attn_out:topH4",
      "n": 8,
      "mean_boost_target_logit": 0.125,
      "mean_total_positive_route_suppression": 0.8515625,
      "mean_route_suppression_coverage": 3.625,
      "mean_margin_gain_donor_vs_routes": 0.2786458333333333,
      "new_donor_top1_rate": 0.5,
      "mean_new_donor_rank": 2.625,
      "mean_sub_delta_fraction": 0.6514267103528819,
      "effect_guess_counts": {
        "mixed_boost_global_suppressor_maintenance_candidate": 3,
        "global_suppressor_maintenance_candidate": 3,
        "small_or_no_effect": 2
      },
      "dominant_effect_guess": "mixed_boost_global_suppressor_maintenance_candidate",
      "route_summary": {
        "echo_object_or_relation": {
          "mean_route_suppression": 0.07291666666666667,
          "positive_suppression_rate": 0.8333333333333334,
          "n": 6
        },
        "format_or_schema": {
          "mean_route_suppression": 0.015625,
          "positive_suppression_rate": 0.5,
          "n": 8
        },
        "other_semantic_value": {
          "mean_route_suppression": 0.03125,
          "positive_suppression_rate": 0.6666666666666666,
          "n": 6
        },
        "other_vocab": {
          "mean_route_suppression": 0.22265625,
          "positive_suppression_rate": 0.75,
          "n": 8
        },
        "punctuation_or_stop": {
          "mean_route_suppression": 0.078125,
          "positive_suppression_rate": 0.75,
          "n": 4
        },
        "recipient_answer": {
          "mean_route_suppression": 0.41015625,
          "positive_suppression_rate": 0.875,
          "n": 8
        }
      }
    },
    {
      "component_id": "L36:mlp_out",
      "subunit_kind": "whole_component",
      "subunit_id": "L36:mlp_out",
      "n": 8,
      "mean_boost_target_logit": -0.0703125,
      "mean_total_positive_route_suppression": 0.72265625,
      "mean_route_suppression_coverage": 2.375,
      "mean_margin_gain_donor_vs_routes": -0.27395833333333336,
      "new_donor_top1_rate": 0.5,
      "mean_new_donor_rank": 2.0,
      "mean_sub_delta_fraction": 1.0,
      "effect_guess_counts": {
        "global_suppressor_maintenance_candidate": 6,
        "global_suppressor_margin_candidate": 1,
        "booster_candidate": 1
      },
      "dominant_effect_guess": "global_suppressor_maintenance_candidate",
      "route_summary": {
        "echo_object_or_relation": {
          "mean_route_suppression": 0.20833333333333334,
          "positive_suppression_rate": 0.3333333333333333,
          "n": 6
        },
        "format_or_schema": {
          "mean_route_suppression": 0.078125,
          "positive_suppression_rate": 0.5,
          "n": 8
        },
        "other_semantic_value": {
          "mean_route_suppression": -0.8541666666666666,
          "positive_suppression_rate": 0.3333333333333333,
          "n": 6
        },
        "other_vocab": {
          "mean_route_suppression": 0.0859375,
          "positive_suppression_rate": 0.625,
          "n": 8
        },
        "punctuation_or_stop": {
          "mean_route_suppression": 0.0703125,
          "positive_suppression_rate": 0.5,
          "n": 4
        },
        "recipient_answer": {
          "mean_route_suppression": -0.9375,
          "positive_suppression_rate": 0.5,
          "n": 8
        }
      }
    },
    {
      "component_id": "L34:attn_out",
      "subunit_kind": "attn_headset",
      "subunit_id": "L34:attn_out:topH4",
      "n": 8,
      "mean_boost_target_logit": 0.546875,
      "mean_total_positive_route_suppression": 0.69140625,
      "mean_route_suppression_coverage": 2.375,
      "mean_margin_gain_donor_vs_routes": 0.4934895833333333,
      "new_donor_top1_rate": 0.75,
      "mean_new_donor_rank": 2.25,
      "mean_sub_delta_fraction": 0.6330871799833293,
      "effect_guess_counts": {
        "global_suppressor_maintenance_candidate": 2,
        "mixed_boost_global_suppressor_maintenance_candidate": 4,
        "global_suppressor_margin_candidate": 2
      },
      "dominant_effect_guess": "mixed_boost_global_suppressor_maintenance_candidate",
      "route_summary": {
        "echo_object_or_relation": {
          "mean_route_suppression": 0.21354166666666666,
          "positive_suppression_rate": 0.6666666666666666,
          "n": 6
        },
        "format_or_schema": {
          "mean_route_suppression": 0.109375,
          "positive_suppression_rate": 0.25,
          "n": 8
        },
        "other_semantic_value": {
          "mean_route_suppression": -0.9895833333333334,
          "positive_suppression_rate": 0.0,
          "n": 6
        },
        "other_vocab": {
          "mean_route_suppression": 0.0625,
          "positive_suppression_rate": 0.75,
          "n": 8
        },
        "punctuation_or_stop": {
          "mean_route_suppression": -0.0078125,
          "positive_suppression_rate": 0.0,
          "n": 4
        },
        "recipient_answer": {
          "mean_route_suppression": 0.2421875,
          "positive_suppression_rate": 0.875,
          "n": 8
        }
      }
    },
    {
      "component_id": "L36:mlp_out",
      "subunit_kind": "mlp_channelset",
      "subunit_id": "L36:mlp_out:topC64",
      "n": 8,
      "mean_boost_target_logit": -0.046875,
      "mean_total_positive_route_suppression": 0.60546875,
      "mean_route_suppression_coverage": 3.75,
      "mean_margin_gain_donor_vs_routes": 0.060807291666666666,
      "new_donor_top1_rate": 0.5,
      "mean_new_donor_rank": 2.125,
      "mean_sub_delta_fraction": 0.2825303393191177,
      "effect_guess_counts": {
        "global_suppressor_maintenance_candidate": 6,
        "global_suppressor_margin_candidate": 2
      },
      "dominant_effect_guess": "global_suppressor_maintenance_candidate",
      "route_summary": {
        "echo_object_or_relation": {
          "mean_route_suppression": 0.15104166666666666,
          "positive_suppression_rate": 1.0,
          "n": 6
        },
        "format_or_schema": {
          "mean_route_suppression": 0.109375,
          "positive_suppression_rate": 0.75,
          "n": 8
        },
        "other_semantic_value": {
          "mean_route_suppression": 0.041666666666666664,
          "positive_suppression_rate": 0.6666666666666666,
          "n": 6
        },
        "other_vocab": {
          "mean_route_suppression": 0.2109375,
          "positive_suppression_rate": 1.0,
          "n": 8
        },
        "punctuation_or_stop": {
          "mean_route_suppression": 0.125,
          "positive_suppression_rate": 0.75,
          "n": 4
        },
        "recipient_answer": {
          "mean_route_suppression": 0.0234375,
          "positive_suppression_rate": 0.375,
          "n": 8
        }
      }
    },
    {
      "component_id": "L34:attn_out",
      "subunit_kind": "attn_head",
      "subunit_id": "L34:attn_out:H2",
      "n": 3,
      "mean_boost_target_logit": -0.5,
      "mean_total_positive_route_suppression": 0.5729166666666666,
      "mean_route_suppression_coverage": 1.6666666666666667,
      "mean_margin_gain_donor_vs_routes": -0.4291666666666667,
      "new_donor_top1_rate": 1.0,
      "mean_new_donor_rank": 1.0,
      "mean_sub_delta_fraction": 0.27907455014283195,
      "effect_guess_counts": {
        "global_suppressor_maintenance_candidate": 2,
        "harmful_or_competitor_support": 1
      },
      "dominant_effect_guess": "global_suppressor_maintenance_candidate",
      "route_summary": {
        "echo_object_or_relation": {
          "mean_route_suppression": 0.0,
          "positive_suppression_rate": 0.0,
          "n": 2
        },
        "format_or_schema": {
          "mean_route_suppression": 0.3541666666666667,
          "positive_suppression_rate": 0.6666666666666666,
          "n": 3
        },
        "other_semantic_value": {
          "mean_route_suppression": 0.375,
          "positive_suppression_rate": 1.0,
          "n": 1
        },
        "other_vocab": {
          "mean_route_suppression": 0.0625,
          "positive_suppression_rate": 0.6666666666666666,
          "n": 3
        },
        "punctuation_or_stop": {
          "mean_route_suppression": -0.03125,
          "positive_suppression_rate": 0.0,
          "n": 2
        },
        "recipient_answer": {
          "mean_route_suppression": -0.16666666666666666,
          "positive_suppression_rate": 0.0,
          "n": 3
        }
      }
    },
    {
      "component_id": "L35:attn_out",
      "subunit_kind": "attn_headset",
      "subunit_id": "L35:attn_out:topH2",
      "n": 8,
      "mean_boost_target_logit": 0.203125,
      "mean_total_positive_route_suppression": 0.55859375,
      "mean_route_suppression_coverage": 2.5,
      "mean_margin_gain_donor_vs_routes": 0.27513020833333335,
      "new_donor_top1_rate": 0.75,
      "mean_new_donor_rank": 2.75,
      "mean_sub_delta_fraction": 0.5110982688046395,
      "effect_guess_counts": {
        "mixed_boost_global_suppressor_maintenance_candidate": 4,
        "small_or_no_effect": 4
      },
      "dominant_effect_guess": "mixed_boost_global_suppressor_maintenance_candidate",
      "route_summary": {
        "echo_object_or_relation": {
          "mean_route_suppression": 0.0,
          "positive_suppression_rate": 0.3333333333333333,
          "n": 6
        },
        "format_or_schema": {
          "mean_route_suppression": -0.0234375,
          "positive_suppression_rate": 0.125,
          "n": 8
        },
        "other_semantic_value": {
          "mean_route_suppression": -0.16666666666666666,
          "positive_suppression_rate": 0.0,
          "n": 6
        },
        "other_vocab": {
          "mean_route_suppression": 0.1328125,
          "positive_suppression_rate": 0.75,
          "n": 8
        },
        "punctuation_or_stop": {
          "mean_route_suppression": 0.046875,
          "positive_suppression_rate": 0.75,
          "n": 4
        },
        "recipient_answer": {
          "mean_route_suppression": 0.35546875,
          "positive_suppression_rate": 1.0,
          "n": 8
        }
      }
    },
    {
      "component_id": "L34:attn_out",
      "subunit_kind": "whole_component",
      "subunit_id": "L34:attn_out",
      "n": 8,
      "mean_boost_target_logit": 1.7578125,
      "mean_total_positive_route_suppression": 0.5546875,
      "mean_route_suppression_coverage": 2.0,
      "mean_margin_gain_donor_vs_routes": 1.508203125,
      "new_donor_top1_rate": 1.0,
      "mean_new_donor_rank": 1.0,
      "mean_sub_delta_fraction": 1.0,
      "effect_guess_counts": {
        "booster_maintenance_candidate": 1,
        "mixed_boost_global_suppressor_maintenance_candidate": 5,
        "mixed_boost_global_suppressor_closure_candidate": 2
      },
      "dominant_effect_guess": "mixed_boost_global_suppressor_maintenance_candidate",
      "route_summary": {
        "echo_object_or_relation": {
          "mean_route_suppression": 0.19270833333333334,
          "positive_suppression_rate": 0.6666666666666666,
          "n": 6
        },
        "format_or_schema": {
          "mean_route_suppression": -0.171875,
          "positive_suppression_rate": 0.125,
          "n": 8
        },
        "other_semantic_value": {
          "mean_route_suppression": -2.03125,
          "positive_suppression_rate": 0.0,
          "n": 6
        },
        "other_vocab": {
          "mean_route_suppression": 0.0703125,
          "positive_suppression_rate": 0.625,
          "n": 8
        },
        "punctuation_or_stop": {
          "mean_route_suppression": 0.0078125,
          "positive_suppression_rate": 0.0,
          "n": 4
        },
        "recipient_answer": {
          "mean_route_suppression": 0.2109375,
          "positive_suppression_rate": 0.75,
          "n": 8
        }
      }
    },
    {
      "component_id": "L35:attn_out",
      "subunit_kind": "whole_component",
      "subunit_id": "L35:attn_out",
      "n": 8,
      "mean_boost_target_logit": 0.2421875,
      "mean_total_positive_route_suppression": 0.55078125,
      "mean_route_suppression_coverage": 2.75,
      "mean_margin_gain_donor_vs_routes": 0.22252604166666667,
      "new_donor_top1_rate": 0.75,
      "mean_new_donor_rank": 2.625,
      "mean_sub_delta_fraction": 1.0,
      "effect_guess_counts": {
        "mixed_boost_global_suppressor_maintenance_candidate": 2,
        "booster_maintenance_candidate": 2,
        "small_or_no_effect": 4
      },
      "dominant_effect_guess": "small_or_no_effect",
      "route_summary": {
        "echo_object_or_relation": {
          "mean_route_suppression": 0.07291666666666667,
          "positive_suppression_rate": 0.6666666666666666,
          "n": 6
        },
        "format_or_schema": {
          "mean_route_suppression": -0.0703125,
          "positive_suppression_rate": 0.25,
          "n": 8
        },
        "other_semantic_value": {
          "mean_route_suppression": -0.2916666666666667,
          "positive_suppression_rate": 0.3333333333333333,
          "n": 6
        },
        "other_vocab": {
          "mean_route_suppression": 0.0,
          "positive_suppression_rate": 0.5,
          "n": 8
        },
        "punctuation_or_stop": {
          "mean_route_suppression": 0.15625,
          "positive_suppression_rate": 1.0,
          "n": 4
        },
        "recipient_answer": {
          "mean_route_suppression": 0.14453125,
          "positive_suppression_rate": 0.75,
          "n": 8
        }
      }
    },
    {
      "component_id": "L34:attn_out",
      "subunit_kind": "attn_headset",
      "subunit_id": "L34:attn_out:topH2",
      "n": 8,
      "mean_boost_target_logit": 0.5546875,
      "mean_total_positive_route_suppression": 0.46484375,
      "mean_route_suppression_coverage": 2.25,
      "mean_margin_gain_donor_vs_routes": 0.477734375,
      "new_donor_top1_rate": 0.75,
      "mean_new_donor_rank": 2.75,
      "mean_sub_delta_fraction": 0.47700918763521527,
      "effect_guess_counts": {
        "global_suppressor_maintenance_candidate": 2,
        "mixed_boost_global_suppressor_maintenance_candidate": 3,
        "booster_maintenance_candidate": 1,
        "small_or_no_effect": 2
      },
      "dominant_effect_guess": "mixed_boost_global_suppressor_maintenance_candidate",
      "route_summary": {
        "echo_object_or_relation": {
          "mean_route_suppression": 0.125,
          "positive_suppression_rate": 0.6666666666666666,
          "n": 6
        },
        "format_or_schema": {
          "mean_route_suppression": -0.0546875,
          "positive_suppression_rate": 0.125,
          "n": 8
        },
        "other_semantic_value": {
          "mean_route_suppression": -0.7708333333333334,
          "positive_suppression_rate": 0.0,
          "n": 6
        },
        "other_vocab": {
          "mean_route_suppression": -0.0078125,
          "positive_suppression_rate": 0.625,
          "n": 8
        },
        "punctuation_or_stop": {
          "mean_route_suppression": -0.0390625,
          "positive_suppression_rate": 0.0,
          "n": 4
        },
        "recipient_answer": {
          "mean_route_suppression": 0.25390625,
          "positive_suppression_rate": 1.0,
          "n": 8
        }
      }
    },
    {
      "component_id": "L35:attn_out",
      "subunit_kind": "attn_head",
      "subunit_id": "L35:attn_out:H1",
      "n": 2,
      "mean_boost_target_logit": -0.1875,
      "mean_total_positive_route_suppression": 0.4375,
      "mean_route_suppression_coverage": 2.0,
      "mean_margin_gain_donor_vs_routes": -0.125,
      "new_donor_top1_rate": 1.0,
      "mean_new_donor_rank": 1.0,
      "mean_sub_delta_fraction": 0.16681213133900397,
      "effect_guess_counts": {
        "global_suppressor_maintenance_candidate": 2
      },
      "dominant_effect_guess": "global_suppressor_maintenance_candidate",
      "route_summary": {
        "echo_object_or_relation": {
          "mean_route_suppression": -0.03125,
          "positive_suppression_rate": 0.0,
          "n": 2
        },
        "format_or_schema": {
          "mean_route_suppression": 0.15625,
          "positive_suppression_rate": 1.0,
          "n": 2
        },
        "other_vocab": {
          "mean_route_suppression": 0.28125,
          "positive_suppression_rate": 1.0,
          "n": 2
        },
        "punctuation_or_stop": {
          "mean_route_suppression": -0.03125,
          "positive_suppression_rate": 0.0,
          "n": 2
        },
        "recipient_answer": {
          "mean_route_suppression": -0.0625,
          "positive_suppression_rate": 0.0,
          "n": 2
        }
      }
    },
    {
      "component_id": "L35:attn_out",
      "subunit_kind": "attn_head",
      "subunit_id": "L35:attn_out:H9",
      "n": 4,
      "mean_boost_target_logit": 0.0625,
      "mean_total_positive_route_suppression": 0.375,
      "mean_route_suppression_coverage": 3.75,
      "mean_margin_gain_donor_vs_routes": 0.12552083333333333,
      "new_donor_top1_rate": 0.5,
      "mean_new_donor_rank": 4.25,
      "mean_sub_delta_fraction": 0.2785003534529129,
      "effect_guess_counts": {
        "global_suppressor_maintenance_candidate": 1,
        "mixed_boost_global_suppressor_maintenance_candidate": 1,
        "small_or_no_effect": 2
      },
      "dominant_effect_guess": "small_or_no_effect",
      "route_summary": {
        "echo_object_or_relation": {
          "mean_route_suppression": 0.0546875,
          "positive_suppression_rate": 0.75,
          "n": 4
        },
        "format_or_schema": {
          "mean_route_suppression": -0.015625,
          "positive_suppression_rate": 0.25,
          "n": 4
        },
        "other_semantic_value": {
          "mean_route_suppression": 0.03125,
          "positive_suppression_rate": 0.5,
          "n": 2
        },
        "other_vocab": {
          "mean_route_suppression": 0.109375,
          "positive_suppression_rate": 1.0,
          "n": 4
        },
        "punctuation_or_stop": {
          "mean_route_suppression": 0.0703125,
          "positive_suppression_rate": 0.75,
          "n": 4
        },
        "recipient_answer": {
          "mean_route_suppression": 0.109375,
          "positive_suppression_rate": 0.75,
          "n": 4
        }
      }
    },
    {
      "component_id": "L35:attn_out",
      "subunit_kind": "attn_head",
      "subunit_id": "L35:attn_out:H29",
      "n": 2,
      "mean_boost_target_logit": -0.03125,
      "mean_total_positive_route_suppression": 0.34375,
      "mean_route_suppression_coverage": 2.0,
      "mean_margin_gain_donor_vs_routes": 0.010416666666666666,
      "new_donor_top1_rate": 0.0,
      "mean_new_donor_rank": 8.0,
      "mean_sub_delta_fraction": 0.3855083023346969,
      "effect_guess_counts": {
        "small_or_no_effect": 2
      },
      "dominant_effect_guess": "small_or_no_effect",
      "route_summary": {
        "echo_object_or_relation": {
          "mean_route_suppression": 0.0,
          "positive_suppression_rate": 0.5,
          "n": 2
        },
        "format_or_schema": {
          "mean_route_suppression": 0.0,
          "positive_suppression_rate": 0.0,
          "n": 2
        },
        "other_semantic_value": {
          "mean_route_suppression": -0.0625,
          "positive_suppression_rate": 0.0,
          "n": 2
        },
        "other_vocab": {
          "mean_route_suppression": 0.0,
          "positive_suppression_rate": 0.0,
          "n": 2
        },
        "punctuation_or_stop": {
          "mean_route_suppression": 0.03125,
          "positive_suppression_rate": 0.5,
          "n": 2
        },
        "recipient_answer": {
          "mean_route_suppression": 0.28125,
          "positive_suppression_rate": 1.0,
          "n": 2
        }
      }
    }
  ]
}
