[14:57:37] deepseek7b/main: pairs=24 seed_candidates=2 sources=['records_all', 'target_record_line']
[14:57:37] [load] deepseek7b: bf16 device_map=auto attn=eager quantization=off
`torch_dtype` is deprecated! Use `dtype` instead!
Loading weights:   0%|          | 0/339 [00:00<?, ?it/s]Loading weights:   4%|▍         | 14/339 [00:00<00:02, 113.58it/s]Loading weights:  16%|█▌        | 53/339 [00:00<00:01, 245.41it/s]Loading weights:  23%|██▎       | 79/339 [00:00<00:01, 213.25it/s]Loading weights:  37%|███▋      | 125/339 [00:00<00:00, 286.61it/s]Loading weights:  46%|████▌     | 155/339 [00:00<00:00, 290.81it/s]Loading weights:  55%|█████▍    | 185/339 [00:00<00:00, 284.56it/s]Loading weights:  63%|██████▎   | 214/339 [00:00<00:00, 278.71it/s]Loading weights:  72%|███████▏  | 243/339 [00:00<00:00, 258.63it/s]Loading weights:  83%|████████▎ | 280/339 [00:01<00:00, 284.40it/s]Loading weights:  91%|█████████ | 309/339 [00:01<00:00, 269.18it/s]Loading weights: 100%|██████████| 339/339 [00:01<00:00, 270.53it/s]
[14:57:39] [load] deepseek7b: loaded eager, device=cuda:0, gpu=15.23GB
[14:57:40] deepseek7b: expanded_candidates=4 combo_sites=['L23:attn_out', 'L23:mlp_out', 'L24:attn_out', 'L24:mlp_out', 'L25:attn_out', 'L25:mlp_out', 'L26:attn_out', 'L26:mlp_out', 'L27:attn_out', 'L27:mlp_out']
[14:58:02] deepseek7b: multisite carrier 4/24 pairs; rows=416
[14:58:24] deepseek7b: multisite carrier 8/24 pairs; rows=832
[14:58:46] deepseek7b: multisite carrier 12/24 pairs; rows=1248
[14:59:08] deepseek7b: multisite carrier 16/24 pairs; rows=1664
[14:59:30] deepseek7b: multisite carrier 20/24 pairs; rows=2080
[14:59:51] deepseek7b: multisite carrier 24/24 pairs; rows=2496
[model_utils] GPU memory released, allocated=15.24 GB
{
  "model": "deepseek7b",
  "round": "main",
  "combo_baseline": {
    "late_candidate_all": {
      "n_groups": 8,
      "mean_effective_restore_rate": 0.2708333333333333,
      "mean_recovered": 0.09830729166666667,
      "mean_recovery_fraction": 0.45317833604017815,
      "mean_release_reduced": 0.019205729166666668,
      "role_counts": {
        "late_target_rewrite_candidate": 2,
        "late_writer_guard_closure_candidate": 2,
        "weak_or_unclear": 4
      }
    },
    "primary_multisite_all": {
      "n_groups": 8,
      "mean_effective_restore_rate": 0.19791666666666666,
      "mean_recovered": 0.03515625,
      "mean_recovery_fraction": 0.2926813292397174,
      "mean_release_reduced": 0.033854166666666664,
      "role_counts": {
        "partial_primary_carrier_candidate": 2,
        "weak_or_unclear": 6
      }
    },
    "primary_plus_late_all": {
      "n_groups": 8,
      "mean_effective_restore_rate": 0.3645833333333333,
      "mean_recovered": 0.14225260416666666,
      "mean_recovery_fraction": 0.6788401069568832,
      "mean_release_reduced": 0.0009765624999999989,
      "role_counts": {
        "primary_late_joint_target_candidate": 3,
        "primary_late_joint_closure_candidate": 1,
        "weak_or_unclear": 4
      }
    },
    "same_layer_late_candidate_pair": {
      "n_groups": 16,
      "mean_effective_restore_rate": 0.20052083333333331,
      "mean_recovered": 0.048502604166666664,
      "mean_recovery_fraction": 0.3656397893651183,
      "mean_release_reduced": -0.002115885416666667,
      "role_counts": {
        "late_target_rewrite_candidate": 2,
        "late_writer_guard_closure_candidate": 1,
        "partial_late_rewrite_candidate": 1,
        "weak_or_unclear": 12
      }
    },
    "same_layer_primary_pair": {
      "n_groups": 16,
      "mean_effective_restore_rate": 0.12760416666666666,
      "mean_recovered": 0.015625,
      "mean_recovery_fraction": 0.25781362886626047,
      "mean_release_reduced": 0.001627604166666667,
      "role_counts": {
        "partial_primary_carrier_candidate": 2,
        "weak_or_unclear": 14
      }
    },
    "single_primary_site": {
      "n_groups": 32,
      "mean_effective_restore_rate": 0.12109375,
      "mean_recovered": 0.006673177083333334,
      "mean_recovery_fraction": 0.2651980647200631,
      "mean_release_reduced": -0.0026041666666666665,
      "role_counts": {
        "weak_or_unclear": 28,
        "partial_primary_carrier_candidate": 2,
        "anti_restore_or_off_path": 2
      }
    },
    "true_late_control": {
      "n_groups": 8,
      "mean_effective_restore_rate": 0.203125,
      "mean_recovered": 0.022786458333333332,
      "mean_recovery_fraction": 0.5482420112477678,
      "mean_release_reduced": 0.039388020833333336,
      "role_counts": {
        "true_late_control_suspicious": 2,
        "weak_or_unclear": 6
      }
    }
  },
  "top_writers": [
    {
      "site": "L22:attn_out",
      "head": 1,
      "subunit_id": "L22:attn_out:H1",
      "candidate_kind": "phase755_top_candidate",
      "source_group": "records_all",
      "n": 24,
      "domains": [
        "abstract",
        "animal",
        "fruit",
        "object",
        "plant",
        "tool"
      ],
      "relations": [
        "category",
        "color",
        "edible",
        "grows_on_tree",
        "shape",
        "taste"
      ],
      "mean_attention_mass_to_source": 0.46407293031613034,
      "mean_source_target_logit_contribution": 1.1283260639756918,
      "mean_source_total_route_suppression_contribution": 0.22307516083431742,
      "mean_target_logit_drop_after_source_removal": 0.5234375,
      "support_rate_drop_gt_0_20": 0.7916666666666666,
      "mean_total_positive_route_release_after_source_removal": 0.13020833333333334,
      "route_guard_rate_release_gt_0_20": 0.20833333333333334,
      "top1_loss_rate": 0.125,
      "removal_role_guess": "cross_domain_writer_candidate"
    },
    {
      "site": "L22:attn_out",
      "head": 24,
      "subunit_id": "L22:attn_out:H24",
      "candidate_kind": "phase755_top_candidate",
      "source_group": "records_all",
      "n": 24,
      "domains": [
        "abstract",
        "animal",
        "fruit",
        "object",
        "plant",
        "tool"
      ],
      "relations": [
        "category",
        "color",
        "edible",
        "grows_on_tree",
        "shape",
        "taste"
      ],
      "mean_attention_mass_to_source": 0.647236150999864,
      "mean_source_target_logit_contribution": 0.19226515494907895,
      "mean_source_total_route_suppression_contribution": 0.26621815996865433,
      "mean_target_logit_drop_after_source_removal": 0.4947916666666667,
      "support_rate_drop_gt_0_20": 0.7916666666666666,
      "mean_total_positive_route_release_after_source_removal": 0.16927083333333334,
      "route_guard_rate_release_gt_0_20": 0.25,
      "top1_loss_rate": 0.20833333333333334,
      "removal_role_guess": "cross_domain_writer_candidate"
    },
    {
      "site": "L22:attn_out",
      "head": 24,
      "subunit_id": "L22:attn_out:H24",
      "candidate_kind": "phase755_top_candidate",
      "source_group": "target_record_line",
      "n": 24,
      "domains": [
        "abstract",
        "animal",
        "fruit",
        "object",
        "plant",
        "tool"
      ],
      "relations": [
        "category",
        "color",
        "edible",
        "grows_on_tree",
        "shape",
        "taste"
      ],
      "mean_attention_mass_to_source": 0.498118336002032,
      "mean_source_target_logit_contribution": 0.20748381890977421,
      "mean_source_total_route_suppression_contribution": 0.23832851669673497,
      "mean_target_logit_drop_after_source_removal": 0.4192708333333333,
      "support_rate_drop_gt_0_20": 0.75,
      "mean_total_positive_route_release_after_source_removal": 0.13802083333333334,
      "route_guard_rate_release_gt_0_20": 0.20833333333333334,
      "top1_loss_rate": 0.20833333333333334,
      "removal_role_guess": "cross_domain_writer_candidate"
    },
    {
      "site": "L22:attn_out",
      "head": 1,
      "subunit_id": "L22:attn_out:H1",
      "candidate_kind": "phase755_top_candidate",
      "source_group": "target_record_line",
      "n": 24,
      "domains": [
        "abstract",
        "animal",
        "fruit",
        "object",
        "plant",
        "tool"
      ],
      "relations": [
        "category",
        "color",
        "edible",
        "grows_on_tree",
        "shape",
        "taste"
      ],
      "mean_attention_mass_to_source": 0.268194446961085,
      "mean_source_target_logit_contribution": 1.0534889753519867,
      "mean_source_total_route_suppression_contribution": 0.19763074912286052,
      "mean_target_logit_drop_after_source_removal": 0.4244791666666667,
      "support_rate_drop_gt_0_20": 0.6666666666666666,
      "mean_total_positive_route_release_after_source_removal": 0.18229166666666666,
      "route_guard_rate_release_gt_0_20": 0.3333333333333333,
      "top1_loss_rate": 0.16666666666666666,
      "removal_role_guess": "cross_domain_writer_guard_candidate"
    },
    {
      "site": "L22:attn_out",
      "head": 9,
      "subunit_id": "L22:attn_out:H9",
      "candidate_kind": "same_layer_control_head",
      "source_group": "records_all",
      "n": 24,
      "domains": [
        "abstract",
        "animal",
        "fruit",
        "object",
        "plant",
        "tool"
      ],
      "relations": [
        "category",
        "color",
        "edible",
        "grows_on_tree",
        "shape",
        "taste"
      ],
      "mean_attention_mass_to_source": 0.11299580335617065,
      "mean_source_target_logit_contribution": -0.13334565229403475,
      "mean_source_total_route_suppression_contribution": 0.2187659036523352,
      "mean_target_logit_drop_after_source_removal": -0.015625,
      "support_rate_drop_gt_0_20": 0.125,
      "mean_total_positive_route_release_after_source_removal": 0.17708333333333334,
      "route_guard_rate_release_gt_0_20": 0.25,
      "top1_loss_rate": 0.0,
      "removal_role_guess": "control_or_weak"
    },
    {
      "site": "L22:attn_out",
      "head": 14,
      "subunit_id": "L22:attn_out:H14",
      "candidate_kind": "same_layer_control_head",
      "source_group": "records_all",
      "n": 24,
      "domains": [
        "abstract",
        "animal",
        "fruit",
        "object",
        "plant",
        "tool"
      ],
      "relations": [
        "category",
        "color",
        "edible",
        "grows_on_tree",
        "shape",
        "taste"
      ],
      "mean_attention_mass_to_source": 0.16486459970474243,
      "mean_source_target_logit_contribution": 0.0237088593809555,
      "mean_source_total_route_suppression_contribution": 0.04378542292397469,
      "mean_target_logit_drop_after_source_removal": 0.010416666666666666,
      "support_rate_drop_gt_0_20": 0.08333333333333333,
      "mean_total_positive_route_release_after_source_removal": 0.18489583333333334,
      "route_guard_rate_release_gt_0_20": 0.20833333333333334,
      "top1_loss_rate": 0.0,
      "removal_role_guess": "control_or_weak"
    },
    {
      "site": "L22:attn_out",
      "head": 9,
      "subunit_id": "L22:attn_out:H9",
      "candidate_kind": "same_layer_control_head",
      "source_group": "target_record_line",
      "n": 24,
      "domains": [
        "abstract",
        "animal",
        "fruit",
        "object",
        "plant",
        "tool"
      ],
      "relations": [
        "category",
        "color",
        "edible",
        "grows_on_tree",
        "shape",
        "taste"
      ],
      "mean_attention_mass_to_source": 0.03173200289408366,
      "mean_source_target_logit_contribution": -0.07007414460531436,
      "mean_source_total_route_suppression_contribution": 0.10343126624259942,
      "mean_target_logit_drop_after_source_removal": -0.0026041666666666665,
      "support_rate_drop_gt_0_20": 0.08333333333333333,
      "mean_total_positive_route_release_after_source_removal": 0.21354166666666666,
      "route_guard_rate_release_gt_0_20": 0.3333333333333333,
      "top1_loss_rate": 0.0,
      "removal_role_guess": "control_or_weak"
    },
    {
      "site": "L22:attn_out",
      "head": 14,
      "subunit_id": "L22:attn_out:H14",
      "candidate_kind": "same_layer_control_head",
      "source_group": "target_record_line",
      "n": 24,
      "domains": [
        "abstract",
        "animal",
        "fruit",
        "object",
        "plant",
        "tool"
      ],
      "relations": [
        "category",
        "color",
        "edible",
        "grows_on_tree",
        "shape",
        "taste"
      ],
      "mean_attention_mass_to_source": 0.026021877924601238,
      "mean_source_target_logit_contribution": 0.006792408389931855,
      "mean_source_total_route_suppression_contribution": 0.01049606888833902,
      "mean_target_logit_drop_after_source_removal": 0.010416666666666666,
      "support_rate_drop_gt_0_20": 0.041666666666666664,
      "mean_total_positive_route_release_after_source_removal": 0.16145833333333334,
      "route_guard_rate_release_gt_0_20": 0.2916666666666667,
      "top1_loss_rate": 0.0,
      "removal_role_guess": "control_or_weak"
    }
  ],
  "top_multisite": [
    {
      "site": "L22:attn_out",
      "head": 24,
      "subunit_id": "L22:attn_out:H24",
      "candidate_kind": "phase755_top_candidate",
      "source_group": "records_all",
      "combo_name": "primary_plus_late_all",
      "combo_kind": "primary_plus_late_all",
      "combo_sites": [
        "L23:attn_out",
        "L23:mlp_out",
        "L24:attn_out",
        "L24:mlp_out",
        "L25:attn_out",
        "L25:mlp_out",
        "L26:attn_out",
        "L26:mlp_out"
      ],
      "combo_size": 8,
      "n": 24,
      "domains": [
        "abstract",
        "animal",
        "fruit",
        "object",
        "plant",
        "tool"
      ],
      "relations": [
        "category",
        "color",
        "edible",
        "grows_on_tree",
        "shape",
        "taste"
      ],
      "mean_combo_delta_norm_after_removal": 15.27675706272324,
      "mean_erase_target_logit_drop": 0.4947916666666667,
      "mean_restored_target_logit_drop": 0.1171875,
      "mean_target_logit_recovered_by_restore": 0.3776041666666667,
      "mean_target_recovery_fraction": 0.8416791541791541,
      "mean_erase_route_release": 0.16927083333333334,
      "mean_restored_route_release": 0.3151041666666667,
      "mean_route_release_reduced_by_restore": -0.14583333333333334,
      "effective_restore_rate": 0.75,
      "combo_role_guess": "primary_late_joint_target_candidate"
    },
    {
      "site": "L22:attn_out",
      "head": 24,
      "subunit_id": "L22:attn_out:H24",
      "candidate_kind": "phase755_top_candidate",
      "source_group": "target_record_line",
      "combo_name": "primary_plus_late_all",
      "combo_kind": "primary_plus_late_all",
      "combo_sites": [
        "L23:attn_out",
        "L23:mlp_out",
        "L24:attn_out",
        "L24:mlp_out",
        "L25:attn_out",
        "L25:mlp_out",
        "L26:attn_out",
        "L26:mlp_out"
      ],
      "combo_size": 8,
      "n": 24,
      "domains": [
        "abstract",
        "animal",
        "fruit",
        "object",
        "plant",
        "tool"
      ],
      "relations": [
        "category",
        "color",
        "edible",
        "grows_on_tree",
        "shape",
        "taste"
      ],
      "mean_combo_delta_norm_after_removal": 12.906425630052885,
      "mean_erase_target_logit_drop": 0.4192708333333333,
      "mean_restored_target_logit_drop": 0.13020833333333334,
      "mean_target_logit_recovered_by_restore": 0.2890625,
      "mean_target_recovery_fraction": 0.780892857142857,
      "mean_erase_route_release": 0.13802083333333334,
      "mean_restored_route_release": 0.2786458333333333,
      "mean_route_release_reduced_by_restore": -0.140625,
      "effective_restore_rate": 0.75,
      "combo_role_guess": "primary_late_joint_target_candidate"
    },
    {
      "site": "L22:attn_out",
      "head": 1,
      "subunit_id": "L22:attn_out:H1",
      "candidate_kind": "phase755_top_candidate",
      "source_group": "records_all",
      "combo_name": "primary_plus_late_all",
      "combo_kind": "primary_plus_late_all",
      "combo_sites": [
        "L23:attn_out",
        "L23:mlp_out",
        "L24:attn_out",
        "L24:mlp_out",
        "L25:attn_out",
        "L25:mlp_out",
        "L26:attn_out",
        "L26:mlp_out"
      ],
      "combo_size": 8,
      "n": 24,
      "domains": [
        "abstract",
        "animal",
        "fruit",
        "object",
        "plant",
        "tool"
      ],
      "relations": [
        "category",
        "color",
        "edible",
        "grows_on_tree",
        "shape",
        "taste"
      ],
      "mean_combo_delta_norm_after_removal": 10.094853425398469,
      "mean_erase_target_logit_drop": 0.5234375,
      "mean_restored_target_logit_drop": 0.2526041666666667,
      "mean_target_logit_recovered_by_restore": 0.2708333333333333,
      "mean_target_recovery_fraction": 0.47961048454469507,
      "mean_erase_route_release": 0.13020833333333334,
      "mean_restored_route_release": 0.1328125,
      "mean_route_release_reduced_by_restore": -0.0026041666666666665,
      "effective_restore_rate": 0.5416666666666666,
      "combo_role_guess": "primary_late_joint_target_candidate"
    },
    {
      "site": "L22:attn_out",
      "head": 1,
      "subunit_id": "L22:attn_out:H1",
      "candidate_kind": "phase755_top_candidate",
      "source_group": "target_record_line",
      "combo_name": "primary_plus_late_all",
      "combo_kind": "primary_plus_late_all",
      "combo_sites": [
        "L23:attn_out",
        "L23:mlp_out",
        "L24:attn_out",
        "L24:mlp_out",
        "L25:attn_out",
        "L25:mlp_out",
        "L26:attn_out",
        "L26:mlp_out"
      ],
      "combo_size": 8,
      "n": 24,
      "domains": [
        "abstract",
        "animal",
        "fruit",
        "object",
        "plant",
        "tool"
      ],
      "relations": [
        "category",
        "color",
        "edible",
        "grows_on_tree",
        "shape",
        "taste"
      ],
      "mean_combo_delta_norm_after_removal": 7.982158755573134,
      "mean_erase_target_logit_drop": 0.4244791666666667,
      "mean_restored_target_logit_drop": 0.21354166666666666,
      "mean_target_logit_recovered_by_restore": 0.2109375,
      "mean_target_recovery_fraction": 0.5090939153439153,
      "mean_erase_route_release": 0.18229166666666666,
      "mean_restored_route_release": 0.11979166666666667,
      "mean_route_release_reduced_by_restore": 0.0625,
      "effective_restore_rate": 0.5416666666666666,
      "combo_role_guess": "primary_late_joint_closure_candidate"
    },
    {
      "site": "L22:attn_out",
      "head": 24,
      "subunit_id": "L22:attn_out:H24",
      "candidate_kind": "phase755_top_candidate",
      "source_group": "records_all",
      "combo_name": "L26:late_attn+mlp",
      "combo_kind": "same_layer_late_candidate_pair",
      "combo_sites": [
        "L26:attn_out",
        "L26:mlp_out"
      ],
      "combo_size": 2,
      "n": 24,
      "domains": [
        "abstract",
        "animal",
        "fruit",
        "object",
        "plant",
        "tool"
      ],
      "relations": [
        "category",
        "color",
        "edible",
        "grows_on_tree",
        "shape",
        "taste"
      ],
      "mean_combo_delta_norm_after_removal": 23.201380163431168,
      "mean_erase_target_logit_drop": 0.4947916666666667,
      "mean_restored_target_logit_drop": 0.3046875,
      "mean_target_logit_recovered_by_restore": 0.19010416666666666,
      "mean_target_recovery_fraction": 0.4339757464757465,
      "mean_erase_route_release": 0.16927083333333334,
      "mean_restored_route_release": 0.22395833333333334,
      "mean_route_release_reduced_by_restore": -0.0546875,
      "effective_restore_rate": 0.5416666666666666,
      "combo_role_guess": "late_target_rewrite_candidate"
    },
    {
      "site": "L22:attn_out",
      "head": 24,
      "subunit_id": "L22:attn_out:H24",
      "candidate_kind": "phase755_top_candidate",
      "source_group": "records_all",
      "combo_name": "late_candidate_all",
      "combo_kind": "late_candidate_all",
      "combo_sites": [
        "L25:attn_out",
        "L25:mlp_out",
        "L26:attn_out",
        "L26:mlp_out"
      ],
      "combo_size": 4,
      "n": 24,
      "domains": [
        "abstract",
        "animal",
        "fruit",
        "object",
        "plant",
        "tool"
      ],
      "relations": [
        "category",
        "color",
        "edible",
        "grows_on_tree",
        "shape",
        "taste"
      ],
      "mean_combo_delta_norm_after_removal": 18.66481286784013,
      "mean_erase_target_logit_drop": 0.4947916666666667,
      "mean_restored_target_logit_drop": 0.22135416666666666,
      "mean_target_logit_recovered_by_restore": 0.2734375,
      "mean_target_recovery_fraction": 0.6691225441225441,
      "mean_erase_route_release": 0.16927083333333334,
      "mean_restored_route_release": 0.3255208333333333,
      "mean_route_release_reduced_by_restore": -0.15625,
      "effective_restore_rate": 0.5,
      "combo_role_guess": "late_target_rewrite_candidate"
    },
    {
      "site": "L22:attn_out",
      "head": 1,
      "subunit_id": "L22:attn_out:H1",
      "candidate_kind": "phase755_top_candidate",
      "source_group": "records_all",
      "combo_name": "late_candidate_all",
      "combo_kind": "late_candidate_all",
      "combo_sites": [
        "L25:attn_out",
        "L25:mlp_out",
        "L26:attn_out",
        "L26:mlp_out"
      ],
      "combo_size": 4,
      "n": 24,
      "domains": [
        "abstract",
        "animal",
        "fruit",
        "object",
        "plant",
        "tool"
      ],
      "relations": [
        "category",
        "color",
        "edible",
        "grows_on_tree",
        "shape",
        "taste"
      ],
      "mean_combo_delta_norm_after_removal": 12.705446929981312,
      "mean_erase_target_logit_drop": 0.5234375,
      "mean_restored_target_logit_drop": 0.3385416666666667,
      "mean_target_logit_recovered_by_restore": 0.18489583333333334,
      "mean_target_recovery_fraction": 0.36262689552163235,
      "mean_erase_route_release": 0.13020833333333334,
      "mean_restored_route_release": 0.06770833333333333,
      "mean_route_release_reduced_by_restore": 0.0625,
      "effective_restore_rate": 0.5,
      "combo_role_guess": "late_writer_guard_closure_candidate"
    },
    {
      "site": "L22:attn_out",
      "head": 1,
      "subunit_id": "L22:attn_out:H1",
      "candidate_kind": "phase755_top_candidate",
      "source_group": "records_all",
      "combo_name": "L26:late_attn+mlp",
      "combo_kind": "same_layer_late_candidate_pair",
      "combo_sites": [
        "L26:attn_out",
        "L26:mlp_out"
      ],
      "combo_size": 2,
      "n": 24,
      "domains": [
        "abstract",
        "animal",
        "fruit",
        "object",
        "plant",
        "tool"
      ],
      "relations": [
        "category",
        "color",
        "edible",
        "grows_on_tree",
        "shape",
        "taste"
      ],
      "mean_combo_delta_norm_after_removal": 14.991995627681414,
      "mean_erase_target_logit_drop": 0.5234375,
      "mean_restored_target_logit_drop": 0.3463541666666667,
      "mean_target_logit_recovered_by_restore": 0.17708333333333334,
      "mean_target_recovery_fraction": 0.3960671090605301,
      "mean_erase_route_release": 0.13020833333333334,
      "mean_restored_route_release": 0.140625,
      "mean_route_release_reduced_by_restore": -0.010416666666666666,
      "effective_restore_rate": 0.4583333333333333,
      "combo_role_guess": "late_target_rewrite_candidate"
    },
    {
      "site": "L22:attn_out",
      "head": 24,
      "subunit_id": "L22:attn_out:H24",
      "candidate_kind": "phase755_top_candidate",
      "source_group": "target_record_line",
      "combo_name": "late_candidate_all",
      "combo_kind": "late_candidate_all",
      "combo_sites": [
        "L25:attn_out",
        "L25:mlp_out",
        "L26:attn_out",
        "L26:mlp_out"
      ],
      "combo_size": 4,
      "n": 24,
      "domains": [
        "abstract",
        "animal",
        "fruit",
        "object",
        "plant",
        "tool"
      ],
      "relations": [
        "category",
        "color",
        "edible",
        "grows_on_tree",
        "shape",
        "taste"
      ],
      "mean_combo_delta_norm_after_removal": 15.699872711052498,
      "mean_erase_target_logit_drop": 0.4192708333333333,
      "mean_restored_target_logit_drop": 0.2552083333333333,
      "mean_target_logit_recovered_by_restore": 0.1640625,
      "mean_target_recovery_fraction": 0.44142857142857145,
      "mean_erase_route_release": 0.13802083333333334,
      "mean_restored_route_release": 0.171875,
      "mean_route_release_reduced_by_restore": -0.033854166666666664,
      "effective_restore_rate": 0.4583333333333333,
      "combo_role_guess": "late_target_rewrite_candidate"
    },
    {
      "site": "L22:attn_out",
      "head": 1,
      "subunit_id": "L22:attn_out:H1",
      "candidate_kind": "phase755_top_candidate",
      "source_group": "target_record_line",
      "combo_name": "late_candidate_all",
      "combo_kind": "late_candidate_all",
      "combo_sites": [
        "L25:attn_out",
        "L25:mlp_out",
        "L26:attn_out",
        "L26:mlp_out"
      ],
      "combo_size": 4,
      "n": 24,
      "domains": [
        "abstract",
        "animal",
        "fruit",
        "object",
        "plant",
        "tool"
      ],
      "relations": [
        "category",
        "color",
        "edible",
        "grows_on_tree",
        "shape",
        "taste"
      ],
      "mean_combo_delta_norm_after_removal": 10.111080416788658,
      "mean_erase_target_logit_drop": 0.4244791666666667,
      "mean_restored_target_logit_drop": 0.2708333333333333,
      "mean_target_logit_recovered_by_restore": 0.15364583333333334,
      "mean_target_recovery_fraction": 0.38141534391534393,
      "mean_erase_route_release": 0.18229166666666666,
      "mean_restored_route_release": 0.12760416666666666,
      "mean_route_release_reduced_by_restore": 0.0546875,
      "effective_restore_rate": 0.4583333333333333,
      "combo_role_guess": "late_writer_guard_closure_candidate"
    }
  ]
}
