[21:24:07] deepseek7b/confirm: pairs=12 target_site=hidden_28 layers=[21, 22, 23, 25, 27]
[21:24:08] [load] deepseek7b: bf16 device_map=auto attn=flash_attention_2 quantization=off
`torch_dtype` is deprecated! Use `dtype` instead!
[21:24:08] [load] deepseek7b: attn=flash_attention_2 failed: ImportError: FlashAttention2 has been toggled on, but it cannot be used due to the following error: the package for FlashAttention2 doesn't seem to be installed.
[21:24:08] [load] deepseek7b: bf16 device_map=auto attn=sdpa quantization=off
Loading weights:   0%|          | 0/339 [00:00<?, ?it/s]Loading weights:   1%|          | 2/339 [00:00<00:28, 11.66it/s]Loading weights:   9%|▊         | 29/339 [00:00<00:02, 118.11it/s]Loading weights:  16%|█▌        | 54/339 [00:00<00:01, 163.63it/s]Loading weights:  28%|██▊       | 94/339 [00:00<00:01, 243.69it/s]Loading weights:  36%|███▌      | 121/339 [00:00<00:00, 234.61it/s]Loading weights:  46%|████▌     | 156/339 [00:00<00:00, 257.66it/s]Loading weights:  54%|█████▍    | 183/339 [00:00<00:00, 245.59it/s]Loading weights:  67%|██████▋   | 226/339 [00:00<00:00, 296.58it/s]Loading weights:  76%|███████▌  | 257/339 [00:01<00:00, 272.18it/s]Loading weights:  86%|████████▌ | 292/339 [00:01<00:00, 288.37it/s]Loading weights:  95%|█████████▍| 322/339 [00:01<00:00, 267.13it/s]Loading weights: 100%|██████████| 339/339 [00:01<00:00, 248.06it/s]
[21:24:10] [load] deepseek7b: loaded attn=sdpa, device=cuda:0, gpu=15.23GB
[21:24:10] deepseek7b: attention head specs=50 over layers=[21, 22, 23, 25, 27]
[21:24:21] deepseek7b: attention writer scan 3/12 pairs; rows=150
[21:24:32] deepseek7b: attention writer scan 6/12 pairs; rows=300
[21:24:43] deepseek7b: attention writer scan 9/12 pairs; rows=450
[21:24:53] deepseek7b: attention writer scan 12/12 pairs; rows=600
[21:24:53] deepseek7b: mlp group specs=50 over layers=[21, 22, 23, 25, 27], d_model=3584
[21:25:04] deepseek7b: mlp writer scan 3/12 pairs; rows=150
[21:25:15] deepseek7b: mlp writer scan 6/12 pairs; rows=300
[21:25:26] deepseek7b: mlp writer scan 9/12 pairs; rows=450
[21:25:37] deepseek7b: mlp writer scan 12/12 pairs; rows=600
[model_utils] GPU memory released, allocated=15.24 GB
{
  "model": "deepseek7b",
  "round": "confirm",
  "target_site": "hidden_28",
  "layers": [
    21,
    22,
    23,
    25,
    27
  ],
  "top_attention": [
    {
      "component_type": "attention_head",
      "component_id": "L22H24",
      "layer": 22,
      "n": 12,
      "mean_explicit_skeleton_loss": 24.409814675649006,
      "mean_commonsense_projection_delta": -0.5328867336114248,
      "mean_explicit_logprob_delta": -0.13193403432766596,
      "mean_commonsense_logprob_delta": -0.0639638106028239,
      "mean_explicit_rank_delta": 0.16666666666666666,
      "mean_commonsense_rank_delta": 7.25,
      "mean_explicit_target_delta_norm": 78.0046345392863,
      "mean_baseline_skeleton_norm": 927.551991780599,
      "role_guess": "writer_candidate",
      "head": 24
    },
    {
      "component_type": "attention_head",
      "component_id": "L22H27",
      "layer": 22,
      "n": 12,
      "mean_explicit_skeleton_loss": 7.984943479299545,
      "mean_commonsense_projection_delta": -7.289806671440601,
      "mean_explicit_logprob_delta": 0.198520856599013,
      "mean_commonsense_logprob_delta": 0.036787708600362144,
      "mean_explicit_rank_delta": -0.25,
      "mean_commonsense_rank_delta": 12.0,
      "mean_explicit_target_delta_norm": 51.741148948669434,
      "mean_baseline_skeleton_norm": 927.551991780599,
      "role_guess": "weak_or_mixed",
      "head": 27
    },
    {
      "component_type": "attention_head",
      "component_id": "L21H12",
      "layer": 21,
      "n": 12,
      "mean_explicit_skeleton_loss": 7.332163552443187,
      "mean_commonsense_projection_delta": -0.3194468766450882,
      "mean_explicit_logprob_delta": -0.019211135804653168,
      "mean_commonsense_logprob_delta": 0.015736480553944904,
      "mean_explicit_rank_delta": 0.0,
      "mean_commonsense_rank_delta": -12.5,
      "mean_explicit_target_delta_norm": 53.05892086029053,
      "mean_baseline_skeleton_norm": 927.551991780599,
      "role_guess": "writer_candidate",
      "head": 12
    }
  ],
  "top_mlp": [
    {
      "component_type": "mlp_output_group",
      "component_id": "L27:mlp[2872:3231]",
      "layer": 27,
      "n": 12,
      "mean_explicit_skeleton_loss": 108.43450355529785,
      "mean_commonsense_projection_delta": -20.016992727915447,
      "mean_explicit_logprob_delta": -0.697681114077568,
      "mean_commonsense_logprob_delta": -1.0830044349034627,
      "mean_explicit_rank_delta": 1.25,
      "mean_commonsense_rank_delta": 103.33333333333333,
      "mean_explicit_target_delta_norm": 405.50248463948566,
      "mean_baseline_skeleton_norm": 927.551991780599,
      "role_guess": "writer_candidate",
      "start": 2872,
      "end": 3231
    },
    {
      "component_type": "mlp_output_group",
      "component_id": "L25:mlp[2513:2872]",
      "layer": 25,
      "n": 12,
      "mean_explicit_skeleton_loss": 30.94891381263733,
      "mean_commonsense_projection_delta": -110.29718828201294,
      "mean_explicit_logprob_delta": 0.36231590683261555,
      "mean_commonsense_logprob_delta": -0.3827737172444661,
      "mean_explicit_rank_delta": -0.5833333333333334,
      "mean_commonsense_rank_delta": 94.75,
      "mean_explicit_target_delta_norm": 283.9302406311035,
      "mean_baseline_skeleton_norm": 927.551991780599,
      "role_guess": "weak_or_mixed",
      "start": 2513,
      "end": 2872
    },
    {
      "component_type": "mlp_output_group",
      "component_id": "L22:mlp[718:1077]",
      "layer": 22,
      "n": 12,
      "mean_explicit_skeleton_loss": 22.994314273198444,
      "mean_commonsense_projection_delta": 2.7536685367425284,
      "mean_explicit_logprob_delta": -0.09233977397282918,
      "mean_commonsense_logprob_delta": -0.12760897477467856,
      "mean_explicit_rank_delta": 0.08333333333333333,
      "mean_commonsense_rank_delta": 14.333333333333334,
      "mean_explicit_target_delta_norm": 103.83981577555339,
      "mean_baseline_skeleton_norm": 927.551991780599,
      "role_guess": "writer_candidate",
      "start": 718,
      "end": 1077
    }
  ]
}
