[12:13:31] deepseek7b/main: pairs=30 candidates=3 sources=['target_record_line', 'target_value_tokens', 'records_all']
[12:13:32] [load] deepseek7b: bf16 device_map=auto attn=eager quantization=off
`torch_dtype` is deprecated! Use `dtype` instead!
Loading weights:   0%|          | 0/339 [00:00<?, ?it/s]Loading weights:   5%|▌         | 17/339 [00:00<00:02, 153.97it/s]Loading weights:  15%|█▌        | 52/339 [00:00<00:01, 251.87it/s]Loading weights:  23%|██▎       | 78/339 [00:00<00:01, 248.98it/s]Loading weights:  33%|███▎      | 113/339 [00:00<00:00, 276.59it/s]Loading weights:  43%|████▎     | 145/339 [00:00<00:00, 282.23it/s]Loading weights:  51%|█████▏    | 174/339 [00:00<00:00, 278.46it/s]Loading weights:  60%|██████    | 204/339 [00:00<00:00, 284.86it/s]Loading weights:  69%|██████▊   | 233/339 [00:00<00:00, 262.50it/s]Loading weights:  79%|███████▉  | 268/339 [00:00<00:00, 285.56it/s]Loading weights:  88%|████████▊ | 297/339 [00:01<00:00, 270.57it/s]Loading weights:  97%|█████████▋| 328/339 [00:01<00:00, 281.21it/s]Loading weights: 100%|██████████| 339/339 [00:01<00:00, 274.41it/s]
[12:13:33] [load] deepseek7b: loaded eager, device=cuda:0, gpu=15.23GB
[12:13:38] deepseek7b: cross-domain atlas 5/30 pairs; rows=50
[12:13:41] deepseek7b: cross-domain atlas 10/30 pairs; rows=100
[12:13:45] deepseek7b: cross-domain atlas 15/30 pairs; rows=150
[12:13:48] deepseek7b: cross-domain atlas 20/30 pairs; rows=200
[12:13:52] deepseek7b: cross-domain atlas 25/30 pairs; rows=250
[12:13:55] deepseek7b: cross-domain atlas 30/30 pairs; rows=300
[model_utils] GPU memory released, allocated=15.24 GB
{
  "model": "deepseek7b",
  "round": "main",
  "route_js": 0.07382481752037111,
  "top": [
    {
      "site": "L22:attn_out",
      "head": 1,
      "subunit_id": "L22:attn_out:H1",
      "source_group": "records_all",
      "n": 30,
      "domains": [
        "abstract",
        "animal",
        "fruit",
        "object",
        "plant",
        "tool"
      ],
      "relations": [
        "category",
        "color",
        "edible",
        "grows_on_tree",
        "shape",
        "taste"
      ],
      "mean_attention_mass_to_source": 0.49083661536375683,
      "mean_source_target_logit_contribution": 1.0589913895353675,
      "mean_source_total_route_suppression_contribution": 0.2246445907279849,
      "mean_target_logit_drop_after_source_removal": 0.5375,
      "support_rate_drop_gt_0_20": 0.8666666666666667,
      "mean_total_positive_route_release_after_source_removal": 0.18958333333333333,
      "route_guard_rate_release_gt_0_20": 0.3333333333333333,
      "top1_loss_rate": 0.13333333333333333,
      "domain_breakdown": {
        "abstract": {
          "n": 3,
          "support_rate": 1.0,
          "route_guard_rate": 0.3333333333333333,
          "mean_target_drop": 0.625,
          "mean_route_release": 0.22916666666666666
        },
        "animal": {
          "n": 6,
          "support_rate": 0.8333333333333334,
          "route_guard_rate": 0.0,
          "mean_target_drop": 0.4895833333333333,
          "mean_route_release": 0.052083333333333336
        },
        "fruit": {
          "n": 6,
          "support_rate": 1.0,
          "route_guard_rate": 0.3333333333333333,
          "mean_target_drop": 0.3958333333333333,
          "mean_route_release": 0.1875
        },
        "object": {
          "n": 6,
          "support_rate": 0.6666666666666666,
          "route_guard_rate": 0.3333333333333333,
          "mean_target_drop": 0.4583333333333333,
          "mean_route_release": 0.11458333333333333
        },
        "plant": {
          "n": 6,
          "support_rate": 0.8333333333333334,
          "route_guard_rate": 0.6666666666666666,
          "mean_target_drop": 0.6458333333333334,
          "mean_route_release": 0.2604166666666667
        },
        "tool": {
          "n": 3,
          "support_rate": 1.0,
          "route_guard_rate": 0.3333333333333333,
          "mean_target_drop": 0.7708333333333334,
          "mean_route_release": 0.4375
        }
      },
      "cross_domain_guess": "cross_domain_writer_candidate"
    },
    {
      "site": "L22:attn_out",
      "head": 24,
      "subunit_id": "L22:attn_out:H24",
      "source_group": "records_all",
      "n": 30,
      "domains": [
        "abstract",
        "animal",
        "fruit",
        "object",
        "plant",
        "tool"
      ],
      "relations": [
        "category",
        "color",
        "edible",
        "grows_on_tree",
        "shape",
        "taste"
      ],
      "mean_attention_mass_to_source": 0.6375290632247925,
      "mean_source_target_logit_contribution": 0.21108358254035314,
      "mean_source_total_route_suppression_contribution": 0.20094483743111294,
      "mean_target_logit_drop_after_source_removal": 0.50625,
      "support_rate_drop_gt_0_20": 0.8666666666666667,
      "mean_total_positive_route_release_after_source_removal": 0.10833333333333334,
      "route_guard_rate_release_gt_0_20": 0.23333333333333334,
      "top1_loss_rate": 0.06666666666666667,
      "domain_breakdown": {
        "abstract": {
          "n": 3,
          "support_rate": 1.0,
          "route_guard_rate": 0.0,
          "mean_target_drop": 0.7083333333333334,
          "mean_route_release": 0.020833333333333332
        },
        "animal": {
          "n": 6,
          "support_rate": 0.8333333333333334,
          "route_guard_rate": 0.16666666666666666,
          "mean_target_drop": 0.375,
          "mean_route_release": 0.052083333333333336
        },
        "fruit": {
          "n": 6,
          "support_rate": 0.8333333333333334,
          "route_guard_rate": 0.16666666666666666,
          "mean_target_drop": 0.4791666666666667,
          "mean_route_release": 0.07291666666666667
        },
        "object": {
          "n": 6,
          "support_rate": 0.8333333333333334,
          "route_guard_rate": 0.0,
          "mean_target_drop": 0.4791666666666667,
          "mean_route_release": 0.052083333333333336
        },
        "plant": {
          "n": 6,
          "support_rate": 0.8333333333333334,
          "route_guard_rate": 0.5,
          "mean_target_drop": 0.5208333333333334,
          "mean_route_release": 0.25
        },
        "tool": {
          "n": 3,
          "support_rate": 1.0,
          "route_guard_rate": 0.6666666666666666,
          "mean_target_drop": 0.6458333333333334,
          "mean_route_release": 0.20833333333333334
        }
      },
      "cross_domain_guess": "cross_domain_writer_candidate"
    },
    {
      "site": "L22:attn_out",
      "head": 24,
      "subunit_id": "L22:attn_out:H24",
      "source_group": "target_record_line",
      "n": 30,
      "domains": [
        "abstract",
        "animal",
        "fruit",
        "object",
        "plant",
        "tool"
      ],
      "relations": [
        "category",
        "color",
        "edible",
        "grows_on_tree",
        "shape",
        "taste"
      ],
      "mean_attention_mass_to_source": 0.5006084720293681,
      "mean_source_target_logit_contribution": 0.22497002917031447,
      "mean_source_total_route_suppression_contribution": 0.18025215108258028,
      "mean_target_logit_drop_after_source_removal": 0.4125,
      "support_rate_drop_gt_0_20": 0.7666666666666667,
      "mean_total_positive_route_release_after_source_removal": 0.15625,
      "route_guard_rate_release_gt_0_20": 0.2,
      "top1_loss_rate": 0.1,
      "domain_breakdown": {
        "abstract": {
          "n": 3,
          "support_rate": 0.6666666666666666,
          "route_guard_rate": 0.0,
          "mean_target_drop": 0.5416666666666666,
          "mean_route_release": 0.0
        },
        "animal": {
          "n": 6,
          "support_rate": 0.6666666666666666,
          "route_guard_rate": 0.16666666666666666,
          "mean_target_drop": 0.22916666666666666,
          "mean_route_release": 0.08333333333333333
        },
        "fruit": {
          "n": 6,
          "support_rate": 0.8333333333333334,
          "route_guard_rate": 0.16666666666666666,
          "mean_target_drop": 0.5,
          "mean_route_release": 0.09375
        },
        "object": {
          "n": 6,
          "support_rate": 0.6666666666666666,
          "route_guard_rate": 0.0,
          "mean_target_drop": 0.3229166666666667,
          "mean_route_release": 0.041666666666666664
        },
        "plant": {
          "n": 6,
          "support_rate": 0.8333333333333334,
          "route_guard_rate": 0.3333333333333333,
          "mean_target_drop": 0.4375,
          "mean_route_release": 0.2916666666666667
        },
        "tool": {
          "n": 3,
          "support_rate": 1.0,
          "route_guard_rate": 0.6666666666666666,
          "mean_target_drop": 0.6041666666666666,
          "mean_route_release": 0.5416666666666666
        }
      },
      "cross_domain_guess": "cross_domain_writer_candidate"
    },
    {
      "site": "L22:attn_out",
      "head": 1,
      "subunit_id": "L22:attn_out:H1",
      "source_group": "target_record_line",
      "n": 30,
      "domains": [
        "abstract",
        "animal",
        "fruit",
        "object",
        "plant",
        "tool"
      ],
      "relations": [
        "category",
        "color",
        "edible",
        "grows_on_tree",
        "shape",
        "taste"
      ],
      "mean_attention_mass_to_source": 0.2946888605753581,
      "mean_source_target_logit_contribution": 1.013969809189439,
      "mean_source_total_route_suppression_contribution": 0.22338650901801885,
      "mean_target_logit_drop_after_source_removal": 0.41875,
      "support_rate_drop_gt_0_20": 0.7,
      "mean_total_positive_route_release_after_source_removal": 0.1625,
      "route_guard_rate_release_gt_0_20": 0.3,
      "top1_loss_rate": 0.1,
      "domain_breakdown": {
        "abstract": {
          "n": 3,
          "support_rate": 0.6666666666666666,
          "route_guard_rate": 0.3333333333333333,
          "mean_target_drop": 0.4166666666666667,
          "mean_route_release": 0.14583333333333334
        },
        "animal": {
          "n": 6,
          "support_rate": 0.5,
          "route_guard_rate": 0.0,
          "mean_target_drop": 0.3333333333333333,
          "mean_route_release": 0.052083333333333336
        },
        "fruit": {
          "n": 6,
          "support_rate": 0.8333333333333334,
          "route_guard_rate": 0.3333333333333333,
          "mean_target_drop": 0.3541666666666667,
          "mean_route_release": 0.14583333333333334
        },
        "object": {
          "n": 6,
          "support_rate": 0.6666666666666666,
          "route_guard_rate": 0.16666666666666666,
          "mean_target_drop": 0.3541666666666667,
          "mean_route_release": 0.08333333333333333
        },
        "plant": {
          "n": 6,
          "support_rate": 0.6666666666666666,
          "route_guard_rate": 0.5,
          "mean_target_drop": 0.53125,
          "mean_route_release": 0.21875
        },
        "tool": {
          "n": 3,
          "support_rate": 1.0,
          "route_guard_rate": 0.6666666666666666,
          "mean_target_drop": 0.625,
          "mean_route_release": 0.4791666666666667
        }
      },
      "cross_domain_guess": "cross_domain_writer_candidate"
    },
    {
      "site": "L22:attn_out",
      "head": 1,
      "subunit_id": "L22:attn_out:H1",
      "source_group": "target_value_tokens",
      "n": 30,
      "domains": [
        "abstract",
        "animal",
        "fruit",
        "object",
        "plant",
        "tool"
      ],
      "relations": [
        "category",
        "color",
        "edible",
        "grows_on_tree",
        "shape",
        "taste"
      ],
      "mean_attention_mass_to_source": 0.264471435546875,
      "mean_source_target_logit_contribution": 1.013828983095785,
      "mean_source_total_route_suppression_contribution": 0.23619264333198467,
      "mean_target_logit_drop_after_source_removal": 0.3729166666666667,
      "support_rate_drop_gt_0_20": 0.6,
      "mean_total_positive_route_release_after_source_removal": 0.22291666666666668,
      "route_guard_rate_release_gt_0_20": 0.36666666666666664,
      "top1_loss_rate": 0.06666666666666667,
      "domain_breakdown": {
        "abstract": {
          "n": 3,
          "support_rate": 0.6666666666666666,
          "route_guard_rate": 0.3333333333333333,
          "mean_target_drop": 0.3333333333333333,
          "mean_route_release": 0.20833333333333334
        },
        "animal": {
          "n": 6,
          "support_rate": 0.5,
          "route_guard_rate": 0.0,
          "mean_target_drop": 0.375,
          "mean_route_release": 0.0625
        },
        "fruit": {
          "n": 6,
          "support_rate": 0.5,
          "route_guard_rate": 0.5,
          "mean_target_drop": 0.1875,
          "mean_route_release": 0.3333333333333333
        },
        "object": {
          "n": 6,
          "support_rate": 0.5,
          "route_guard_rate": 0.3333333333333333,
          "mean_target_drop": 0.28125,
          "mean_route_release": 0.17708333333333334
        },
        "plant": {
          "n": 6,
          "support_rate": 0.6666666666666666,
          "route_guard_rate": 0.5,
          "mean_target_drop": 0.5520833333333334,
          "mean_route_release": 0.22916666666666666
        },
        "tool": {
          "n": 3,
          "support_rate": 1.0,
          "route_guard_rate": 0.6666666666666666,
          "mean_target_drop": 0.6041666666666666,
          "mean_route_release": 0.4166666666666667
        }
      },
      "cross_domain_guess": "cross_domain_mixed_writer_guard"
    },
    {
      "site": "L22:attn_out",
      "head": 24,
      "subunit_id": "L22:attn_out:H24",
      "source_group": "target_value_tokens",
      "n": 30,
      "domains": [
        "abstract",
        "animal",
        "fruit",
        "object",
        "plant",
        "tool"
      ],
      "relations": [
        "category",
        "color",
        "edible",
        "grows_on_tree",
        "shape",
        "taste"
      ],
      "mean_attention_mass_to_source": 0.22314860026041666,
      "mean_source_target_logit_contribution": 0.2116389153835674,
      "mean_source_total_route_suppression_contribution": 0.13000928151110808,
      "mean_target_logit_drop_after_source_removal": 0.2875,
      "support_rate_drop_gt_0_20": 0.5666666666666667,
      "mean_total_positive_route_release_after_source_removal": 0.11666666666666667,
      "route_guard_rate_release_gt_0_20": 0.26666666666666666,
      "top1_loss_rate": 0.06666666666666667,
      "domain_breakdown": {
        "abstract": {
          "n": 3,
          "support_rate": 0.6666666666666666,
          "route_guard_rate": 0.3333333333333333,
          "mean_target_drop": 0.1875,
          "mean_route_release": 0.1875
        },
        "animal": {
          "n": 6,
          "support_rate": 0.16666666666666666,
          "route_guard_rate": 0.16666666666666666,
          "mean_target_drop": 0.14583333333333334,
          "mean_route_release": 0.10416666666666667
        },
        "fruit": {
          "n": 6,
          "support_rate": 0.8333333333333334,
          "route_guard_rate": 0.0,
          "mean_target_drop": 0.5208333333333334,
          "mean_route_release": 0.03125
        },
        "object": {
          "n": 6,
          "support_rate": 0.5,
          "route_guard_rate": 0.5,
          "mean_target_drop": 0.23958333333333334,
          "mean_route_release": 0.16666666666666666
        },
        "plant": {
          "n": 6,
          "support_rate": 0.8333333333333334,
          "route_guard_rate": 0.16666666666666666,
          "mean_target_drop": 0.34375,
          "mean_route_release": 0.0625
        },
        "tool": {
          "n": 3,
          "support_rate": 0.3333333333333333,
          "route_guard_rate": 0.6666666666666666,
          "mean_target_drop": 0.1875,
          "mean_route_release": 0.25
        }
      },
      "cross_domain_guess": "multi_domain_but_not_global"
    },
    {
      "site": "L22:attn_out",
      "head": 7,
      "subunit_id": "L22:attn_out:H7",
      "source_group": "records_all",
      "n": 30,
      "domains": [
        "abstract",
        "animal",
        "fruit",
        "object",
        "plant",
        "tool"
      ],
      "relations": [
        "category",
        "color",
        "edible",
        "grows_on_tree",
        "shape",
        "taste"
      ],
      "mean_attention_mass_to_source": 0.48541388312975564,
      "mean_source_target_logit_contribution": 0.8527377493679523,
      "mean_source_total_route_suppression_contribution": 0.26213380868236225,
      "mean_target_logit_drop_after_source_removal": 0.09166666666666666,
      "support_rate_drop_gt_0_20": 0.3333333333333333,
      "mean_total_positive_route_release_after_source_removal": 0.37083333333333335,
      "route_guard_rate_release_gt_0_20": 0.6666666666666666,
      "top1_loss_rate": 0.06666666666666667,
      "domain_breakdown": {
        "abstract": {
          "n": 3,
          "support_rate": 0.0,
          "route_guard_rate": 1.0,
          "mean_target_drop": 0.041666666666666664,
          "mean_route_release": 0.625
        },
        "animal": {
          "n": 6,
          "support_rate": 0.16666666666666666,
          "route_guard_rate": 0.5,
          "mean_target_drop": 0.10416666666666667,
          "mean_route_release": 0.2708333333333333
        },
        "fruit": {
          "n": 6,
          "support_rate": 0.3333333333333333,
          "route_guard_rate": 0.5,
          "mean_target_drop": 0.08333333333333333,
          "mean_route_release": 0.3020833333333333
        },
        "object": {
          "n": 6,
          "support_rate": 0.3333333333333333,
          "route_guard_rate": 0.8333333333333334,
          "mean_target_drop": 0.0625,
          "mean_route_release": 0.375
        },
        "plant": {
          "n": 6,
          "support_rate": 0.8333333333333334,
          "route_guard_rate": 0.5,
          "mean_target_drop": 0.20833333333333334,
          "mean_route_release": 0.20833333333333334
        },
        "tool": {
          "n": 3,
          "support_rate": 0.0,
          "route_guard_rate": 1.0,
          "mean_target_drop": -0.041666666666666664,
          "mean_route_release": 0.7708333333333334
        }
      },
      "cross_domain_guess": "domain_specific_or_weak"
    },
    {
      "site": "L22:attn_out",
      "head": 7,
      "subunit_id": "L22:attn_out:H7",
      "source_group": "target_value_tokens",
      "n": 30,
      "domains": [
        "abstract",
        "animal",
        "fruit",
        "object",
        "plant",
        "tool"
      ],
      "relations": [
        "category",
        "color",
        "edible",
        "grows_on_tree",
        "shape",
        "taste"
      ],
      "mean_attention_mass_to_source": 0.16443684895833333,
      "mean_source_target_logit_contribution": 0.753819956133763,
      "mean_source_total_route_suppression_contribution": 0.16893781047935288,
      "mean_target_logit_drop_after_source_removal": 0.13125,
      "support_rate_drop_gt_0_20": 0.26666666666666666,
      "mean_total_positive_route_release_after_source_removal": 0.20833333333333334,
      "route_guard_rate_release_gt_0_20": 0.4,
      "top1_loss_rate": 0.03333333333333333,
      "domain_breakdown": {
        "abstract": {
          "n": 3,
          "support_rate": 0.3333333333333333,
          "route_guard_rate": 0.0,
          "mean_target_drop": 0.25,
          "mean_route_release": 0.020833333333333332
        },
        "animal": {
          "n": 6,
          "support_rate": 0.3333333333333333,
          "route_guard_rate": 0.5,
          "mean_target_drop": 0.10416666666666667,
          "mean_route_release": 0.20833333333333334
        },
        "fruit": {
          "n": 6,
          "support_rate": 0.3333333333333333,
          "route_guard_rate": 0.6666666666666666,
          "mean_target_drop": 0.10416666666666667,
          "mean_route_release": 0.3333333333333333
        },
        "object": {
          "n": 6,
          "support_rate": 0.16666666666666666,
          "route_guard_rate": 0.16666666666666666,
          "mean_target_drop": 0.125,
          "mean_route_release": 0.16666666666666666
        },
        "plant": {
          "n": 6,
          "support_rate": 0.3333333333333333,
          "route_guard_rate": 0.5,
          "mean_target_drop": 0.17708333333333334,
          "mean_route_release": 0.21875
        },
        "tool": {
          "n": 3,
          "support_rate": 0.0,
          "route_guard_rate": 0.3333333333333333,
          "mean_target_drop": 0.041666666666666664,
          "mean_route_release": 0.20833333333333334
        }
      },
      "cross_domain_guess": "domain_specific_or_weak"
    }
  ]
}
