[12:12:58] glm4/main: pairs=30 candidates=3 sources=['target_record_line', 'target_value_tokens', 'records_all']
[12:12:59] [load] glm4: bf16 device_map=auto attn=eager quantization=off
`torch_dtype` is deprecated! Use `dtype` instead!
Loading weights:   0%|          | 0/443 [00:00<?, ?it/s]Loading weights:   0%|          | 2/443 [00:00<00:50,  8.72it/s]Loading weights:   6%|▌         | 27/443 [00:00<00:04, 99.43it/s]Loading weights:  14%|█▎        | 60/443 [00:00<00:02, 172.25it/s]Loading weights:  21%|██        | 93/443 [00:00<00:01, 217.40it/s]Loading weights:  28%|██▊       | 126/443 [00:00<00:01, 240.11it/s]Loading weights:  37%|███▋      | 162/443 [00:00<00:01, 272.80it/s]Loading weights:  43%|████▎     | 192/443 [00:00<00:00, 278.77it/s]Loading weights:  51%|█████     | 225/443 [00:00<00:00, 290.31it/s]Loading weights:  58%|█████▊    | 258/443 [00:01<00:00, 294.05it/s]Loading weights:  65%|██████▌   | 289/443 [00:01<00:00, 291.37it/s]Loading weights:  73%|███████▎  | 323/443 [00:01<00:00, 296.97it/s]Loading weights:  81%|████████  | 357/443 [00:01<00:00, 305.03it/s]Loading weights:  88%|████████▊ | 390/443 [00:01<00:00, 306.81it/s]Loading weights:  95%|█████████▌| 423/443 [00:01<00:00, 308.09it/s]Loading weights: 100%|██████████| 443/443 [00:01<00:00, 265.69it/s]
[12:13:01] [load] glm4: loaded eager, device=cuda:0, gpu=18.80GB
[12:13:06] glm4: cross-domain atlas 5/30 pairs; rows=50
[12:13:11] glm4: cross-domain atlas 10/30 pairs; rows=100
[12:13:16] glm4: cross-domain atlas 15/30 pairs; rows=150
[12:13:20] glm4: cross-domain atlas 20/30 pairs; rows=200
[12:13:25] glm4: cross-domain atlas 25/30 pairs; rows=250
[12:13:29] glm4: cross-domain atlas 30/30 pairs; rows=300
[model_utils] GPU memory released, allocated=18.81 GB
{
  "model": "glm4",
  "round": "main",
  "route_js": 0.1299863521451879,
  "top": [
    {
      "site": "L35:attn_out",
      "head": 29,
      "subunit_id": "L35:attn_out:H29",
      "source_group": "records_all",
      "n": 30,
      "domains": [
        "abstract",
        "animal",
        "fruit",
        "object",
        "plant",
        "tool"
      ],
      "relations": [
        "category",
        "color",
        "edible",
        "grows_on_tree",
        "shape",
        "taste"
      ],
      "mean_attention_mass_to_source": 0.3340821206569672,
      "mean_source_target_logit_contribution": 0.0682122405996779,
      "mean_source_total_route_suppression_contribution": 0.024718613849351336,
      "mean_target_logit_drop_after_source_removal": 0.05,
      "support_rate_drop_gt_0_20": 0.06666666666666667,
      "mean_total_positive_route_release_after_source_removal": 0.03333333333333333,
      "route_guard_rate_release_gt_0_20": 0.03333333333333333,
      "top1_loss_rate": 0.0,
      "domain_breakdown": {
        "abstract": {
          "n": 3,
          "support_rate": 0.0,
          "route_guard_rate": 0.3333333333333333,
          "mean_target_drop": 0.0,
          "mean_route_release": 0.10416666666666667
        },
        "animal": {
          "n": 6,
          "support_rate": 0.0,
          "route_guard_rate": 0.0,
          "mean_target_drop": 0.0,
          "mean_route_release": 0.052083333333333336
        },
        "fruit": {
          "n": 6,
          "support_rate": 0.3333333333333333,
          "route_guard_rate": 0.0,
          "mean_target_drop": 0.14583333333333334,
          "mean_route_release": 0.03125
        },
        "object": {
          "n": 6,
          "support_rate": 0.0,
          "route_guard_rate": 0.0,
          "mean_target_drop": 0.0625,
          "mean_route_release": 0.010416666666666666
        },
        "plant": {
          "n": 6,
          "support_rate": 0.0,
          "route_guard_rate": 0.0,
          "mean_target_drop": 0.03125,
          "mean_route_release": 0.020833333333333332
        },
        "tool": {
          "n": 3,
          "support_rate": 0.0,
          "route_guard_rate": 0.0,
          "mean_target_drop": 0.020833333333333332,
          "mean_route_release": 0.0
        }
      },
      "cross_domain_guess": "domain_specific_or_weak"
    },
    {
      "site": "L35:attn_out",
      "head": 29,
      "subunit_id": "L35:attn_out:H29",
      "source_group": "target_record_line",
      "n": 30,
      "domains": [
        "abstract",
        "animal",
        "fruit",
        "object",
        "plant",
        "tool"
      ],
      "relations": [
        "category",
        "color",
        "edible",
        "grows_on_tree",
        "shape",
        "taste"
      ],
      "mean_attention_mass_to_source": 0.16650404930114746,
      "mean_source_target_logit_contribution": 0.06748472901963395,
      "mean_source_total_route_suppression_contribution": 0.019273807494028006,
      "mean_target_logit_drop_after_source_removal": 0.03125,
      "support_rate_drop_gt_0_20": 0.06666666666666667,
      "mean_total_positive_route_release_after_source_removal": 0.029166666666666667,
      "route_guard_rate_release_gt_0_20": 0.03333333333333333,
      "top1_loss_rate": 0.0,
      "domain_breakdown": {
        "abstract": {
          "n": 3,
          "support_rate": 0.0,
          "route_guard_rate": 0.3333333333333333,
          "mean_target_drop": 0.0,
          "mean_route_release": 0.125
        },
        "animal": {
          "n": 6,
          "support_rate": 0.0,
          "route_guard_rate": 0.0,
          "mean_target_drop": -0.03125,
          "mean_route_release": 0.010416666666666666
        },
        "fruit": {
          "n": 6,
          "support_rate": 0.3333333333333333,
          "route_guard_rate": 0.0,
          "mean_target_drop": 0.11458333333333333,
          "mean_route_release": 0.010416666666666666
        },
        "object": {
          "n": 6,
          "support_rate": 0.0,
          "route_guard_rate": 0.0,
          "mean_target_drop": 0.03125,
          "mean_route_release": 0.010416666666666666
        },
        "plant": {
          "n": 6,
          "support_rate": 0.0,
          "route_guard_rate": 0.0,
          "mean_target_drop": 0.020833333333333332,
          "mean_route_release": 0.03125
        },
        "tool": {
          "n": 3,
          "support_rate": 0.0,
          "route_guard_rate": 0.0,
          "mean_target_drop": 0.041666666666666664,
          "mean_route_release": 0.041666666666666664
        }
      },
      "cross_domain_guess": "domain_specific_or_weak"
    },
    {
      "site": "L35:attn_out",
      "head": 29,
      "subunit_id": "L35:attn_out:H29",
      "source_group": "target_value_tokens",
      "n": 30,
      "domains": [
        "abstract",
        "animal",
        "fruit",
        "object",
        "plant",
        "tool"
      ],
      "relations": [
        "category",
        "color",
        "edible",
        "grows_on_tree",
        "shape",
        "taste"
      ],
      "mean_attention_mass_to_source": 0.11695887247721354,
      "mean_source_target_logit_contribution": 0.06707427153208603,
      "mean_source_total_route_suppression_contribution": 0.0181807669592672,
      "mean_target_logit_drop_after_source_removal": 0.027083333333333334,
      "support_rate_drop_gt_0_20": 0.06666666666666667,
      "mean_total_positive_route_release_after_source_removal": 0.03125,
      "route_guard_rate_release_gt_0_20": 0.03333333333333333,
      "top1_loss_rate": 0.0,
      "domain_breakdown": {
        "abstract": {
          "n": 3,
          "support_rate": 0.0,
          "route_guard_rate": 0.3333333333333333,
          "mean_target_drop": 0.0,
          "mean_route_release": 0.14583333333333334
        },
        "animal": {
          "n": 6,
          "support_rate": 0.0,
          "route_guard_rate": 0.0,
          "mean_target_drop": 0.0,
          "mean_route_release": 0.010416666666666666
        },
        "fruit": {
          "n": 6,
          "support_rate": 0.3333333333333333,
          "route_guard_rate": 0.0,
          "mean_target_drop": 0.10416666666666667,
          "mean_route_release": 0.020833333333333332
        },
        "object": {
          "n": 6,
          "support_rate": 0.0,
          "route_guard_rate": 0.0,
          "mean_target_drop": 0.020833333333333332,
          "mean_route_release": 0.0
        },
        "plant": {
          "n": 6,
          "support_rate": 0.0,
          "route_guard_rate": 0.0,
          "mean_target_drop": 0.0,
          "mean_route_release": 0.020833333333333332
        },
        "tool": {
          "n": 3,
          "support_rate": 0.0,
          "route_guard_rate": 0.0,
          "mean_target_drop": 0.020833333333333332,
          "mean_route_release": 0.0625
        }
      },
      "cross_domain_guess": "domain_specific_or_weak"
    },
    {
      "site": "L34:attn_out",
      "head": 4,
      "subunit_id": "L34:attn_out:H4",
      "source_group": "records_all",
      "n": 30,
      "domains": [
        "abstract",
        "animal",
        "fruit",
        "object",
        "plant",
        "tool"
      ],
      "relations": [
        "category",
        "color",
        "edible",
        "grows_on_tree",
        "shape",
        "taste"
      ],
      "mean_attention_mass_to_source": 0.40266633133093516,
      "mean_source_target_logit_contribution": 0.17275915445449452,
      "mean_source_total_route_suppression_contribution": 0.07054494432716941,
      "mean_target_logit_drop_after_source_removal": 0.00625,
      "support_rate_drop_gt_0_20": 0.06666666666666667,
      "mean_total_positive_route_release_after_source_removal": 0.0875,
      "route_guard_rate_release_gt_0_20": 0.1,
      "top1_loss_rate": 0.0,
      "domain_breakdown": {
        "abstract": {
          "n": 3,
          "support_rate": 0.0,
          "route_guard_rate": 0.0,
          "mean_target_drop": 0.0,
          "mean_route_release": 0.041666666666666664
        },
        "animal": {
          "n": 6,
          "support_rate": 0.0,
          "route_guard_rate": 0.16666666666666666,
          "mean_target_drop": -0.010416666666666666,
          "mean_route_release": 0.08333333333333333
        },
        "fruit": {
          "n": 6,
          "support_rate": 0.3333333333333333,
          "route_guard_rate": 0.0,
          "mean_target_drop": 0.09375,
          "mean_route_release": 0.0625
        },
        "object": {
          "n": 6,
          "support_rate": 0.0,
          "route_guard_rate": 0.0,
          "mean_target_drop": 0.010416666666666666,
          "mean_route_release": 0.0
        },
        "plant": {
          "n": 6,
          "support_rate": 0.0,
          "route_guard_rate": 0.0,
          "mean_target_drop": 0.052083333333333336,
          "mean_route_release": 0.020833333333333332
        },
        "tool": {
          "n": 3,
          "support_rate": 0.0,
          "route_guard_rate": 0.6666666666666666,
          "mean_target_drop": -0.22916666666666666,
          "mean_route_release": 0.5
        }
      },
      "cross_domain_guess": "domain_specific_or_weak"
    },
    {
      "site": "L34:attn_out",
      "head": 4,
      "subunit_id": "L34:attn_out:H4",
      "source_group": "target_record_line",
      "n": 30,
      "domains": [
        "abstract",
        "animal",
        "fruit",
        "object",
        "plant",
        "tool"
      ],
      "relations": [
        "category",
        "color",
        "edible",
        "grows_on_tree",
        "shape",
        "taste"
      ],
      "mean_attention_mass_to_source": 0.23477282921473186,
      "mean_source_target_logit_contribution": 0.1725313342991285,
      "mean_source_total_route_suppression_contribution": 0.05152733299570779,
      "mean_target_logit_drop_after_source_removal": 0.004166666666666667,
      "support_rate_drop_gt_0_20": 0.06666666666666667,
      "mean_total_positive_route_release_after_source_removal": 0.078125,
      "route_guard_rate_release_gt_0_20": 0.1,
      "top1_loss_rate": 0.0,
      "domain_breakdown": {
        "abstract": {
          "n": 3,
          "support_rate": 0.0,
          "route_guard_rate": 0.0,
          "mean_target_drop": -0.020833333333333332,
          "mean_route_release": 0.08333333333333333
        },
        "animal": {
          "n": 6,
          "support_rate": 0.0,
          "route_guard_rate": 0.16666666666666666,
          "mean_target_drop": -0.010416666666666666,
          "mean_route_release": 0.07291666666666667
        },
        "fruit": {
          "n": 6,
          "support_rate": 0.3333333333333333,
          "route_guard_rate": 0.16666666666666666,
          "mean_target_drop": 0.10416666666666667,
          "mean_route_release": 0.08854166666666667
        },
        "object": {
          "n": 6,
          "support_rate": 0.0,
          "route_guard_rate": 0.0,
          "mean_target_drop": -0.010416666666666666,
          "mean_route_release": 0.0
        },
        "plant": {
          "n": 6,
          "support_rate": 0.0,
          "route_guard_rate": 0.0,
          "mean_target_drop": 0.041666666666666664,
          "mean_route_release": 0.010416666666666666
        },
        "tool": {
          "n": 3,
          "support_rate": 0.0,
          "route_guard_rate": 0.3333333333333333,
          "mean_target_drop": -0.1875,
          "mean_route_release": 0.3541666666666667
        }
      },
      "cross_domain_guess": "domain_specific_or_weak"
    },
    {
      "site": "L34:attn_out",
      "head": 4,
      "subunit_id": "L34:attn_out:H4",
      "source_group": "target_value_tokens",
      "n": 30,
      "domains": [
        "abstract",
        "animal",
        "fruit",
        "object",
        "plant",
        "tool"
      ],
      "relations": [
        "category",
        "color",
        "edible",
        "grows_on_tree",
        "shape",
        "taste"
      ],
      "mean_attention_mass_to_source": 0.15113016764322917,
      "mean_source_target_logit_contribution": 0.17066820478066802,
      "mean_source_total_route_suppression_contribution": 0.05011494596813767,
      "mean_target_logit_drop_after_source_removal": 0.0020833333333333333,
      "support_rate_drop_gt_0_20": 0.06666666666666667,
      "mean_total_positive_route_release_after_source_removal": 0.07291666666666667,
      "route_guard_rate_release_gt_0_20": 0.1,
      "top1_loss_rate": 0.0,
      "domain_breakdown": {
        "abstract": {
          "n": 3,
          "support_rate": 0.0,
          "route_guard_rate": 0.0,
          "mean_target_drop": -0.041666666666666664,
          "mean_route_release": 0.041666666666666664
        },
        "animal": {
          "n": 6,
          "support_rate": 0.0,
          "route_guard_rate": 0.16666666666666666,
          "mean_target_drop": -0.010416666666666666,
          "mean_route_release": 0.07291666666666667
        },
        "fruit": {
          "n": 6,
          "support_rate": 0.3333333333333333,
          "route_guard_rate": 0.16666666666666666,
          "mean_target_drop": 0.10416666666666667,
          "mean_route_release": 0.08333333333333333
        },
        "object": {
          "n": 6,
          "support_rate": 0.0,
          "route_guard_rate": 0.0,
          "mean_target_drop": 0.0,
          "mean_route_release": 0.020833333333333332
        },
        "plant": {
          "n": 6,
          "support_rate": 0.0,
          "route_guard_rate": 0.0,
          "mean_target_drop": 0.041666666666666664,
          "mean_route_release": 0.0
        },
        "tool": {
          "n": 3,
          "support_rate": 0.0,
          "route_guard_rate": 0.3333333333333333,
          "mean_target_drop": -0.20833333333333334,
          "mean_route_release": 0.3333333333333333
        }
      },
      "cross_domain_guess": "domain_specific_or_weak"
    },
    {
      "site": "L34:attn_out",
      "head": 9,
      "subunit_id": "L34:attn_out:H9",
      "source_group": "target_value_tokens",
      "n": 30,
      "domains": [
        "abstract",
        "animal",
        "fruit",
        "object",
        "plant",
        "tool"
      ],
      "relations": [
        "category",
        "color",
        "edible",
        "grows_on_tree",
        "shape",
        "taste"
      ],
      "mean_attention_mass_to_source": 0.06239922841389974,
      "mean_source_target_logit_contribution": 0.0403515338335031,
      "mean_source_total_route_suppression_contribution": 0.022034563106596277,
      "mean_target_logit_drop_after_source_removal": 0.01875,
      "support_rate_drop_gt_0_20": 0.0,
      "mean_total_positive_route_release_after_source_removal": 0.03229166666666667,
      "route_guard_rate_release_gt_0_20": 0.0,
      "top1_loss_rate": 0.0,
      "domain_breakdown": {
        "abstract": {
          "n": 3,
          "support_rate": 0.0,
          "route_guard_rate": 0.0,
          "mean_target_drop": 0.0,
          "mean_route_release": 0.041666666666666664
        },
        "animal": {
          "n": 6,
          "support_rate": 0.0,
          "route_guard_rate": 0.0,
          "mean_target_drop": 0.0,
          "mean_route_release": 0.020833333333333332
        },
        "fruit": {
          "n": 6,
          "support_rate": 0.0,
          "route_guard_rate": 0.0,
          "mean_target_drop": 0.03125,
          "mean_route_release": 0.036458333333333336
        },
        "object": {
          "n": 6,
          "support_rate": 0.0,
          "route_guard_rate": 0.0,
          "mean_target_drop": 0.020833333333333332,
          "mean_route_release": 0.03125
        },
        "plant": {
          "n": 6,
          "support_rate": 0.0,
          "route_guard_rate": 0.0,
          "mean_target_drop": 0.020833333333333332,
          "mean_route_release": 0.041666666666666664
        },
        "tool": {
          "n": 3,
          "support_rate": 0.0,
          "route_guard_rate": 0.0,
          "mean_target_drop": 0.041666666666666664,
          "mean_route_release": 0.020833333333333332
        }
      },
      "cross_domain_guess": "domain_specific_or_weak"
    },
    {
      "site": "L34:attn_out",
      "head": 9,
      "subunit_id": "L34:attn_out:H9",
      "source_group": "target_record_line",
      "n": 30,
      "domains": [
        "abstract",
        "animal",
        "fruit",
        "object",
        "plant",
        "tool"
      ],
      "relations": [
        "category",
        "color",
        "edible",
        "grows_on_tree",
        "shape",
        "taste"
      ],
      "mean_attention_mass_to_source": 0.16700323422749838,
      "mean_source_target_logit_contribution": 0.04087047790526412,
      "mean_source_total_route_suppression_contribution": 0.025044544051828172,
      "mean_target_logit_drop_after_source_removal": 0.01875,
      "support_rate_drop_gt_0_20": 0.0,
      "mean_total_positive_route_release_after_source_removal": 0.026041666666666668,
      "route_guard_rate_release_gt_0_20": 0.0,
      "top1_loss_rate": 0.0,
      "domain_breakdown": {
        "abstract": {
          "n": 3,
          "support_rate": 0.0,
          "route_guard_rate": 0.0,
          "mean_target_drop": -0.041666666666666664,
          "mean_route_release": 0.041666666666666664
        },
        "animal": {
          "n": 6,
          "support_rate": 0.0,
          "route_guard_rate": 0.0,
          "mean_target_drop": 0.0,
          "mean_route_release": 0.020833333333333332
        },
        "fruit": {
          "n": 6,
          "support_rate": 0.0,
          "route_guard_rate": 0.0,
          "mean_target_drop": 0.020833333333333332,
          "mean_route_release": 0.036458333333333336
        },
        "object": {
          "n": 6,
          "support_rate": 0.0,
          "route_guard_rate": 0.0,
          "mean_target_drop": 0.0,
          "mean_route_release": 0.041666666666666664
        },
        "plant": {
          "n": 6,
          "support_rate": 0.0,
          "route_guard_rate": 0.0,
          "mean_target_drop": 0.0625,
          "mean_route_release": 0.010416666666666666
        },
        "tool": {
          "n": 3,
          "support_rate": 0.0,
          "route_guard_rate": 0.0,
          "mean_target_drop": 0.0625,
          "mean_route_release": 0.0
        }
      },
      "cross_domain_guess": "domain_specific_or_weak"
    }
  ]
}
