[20:24:19] Phase 971 started
[20:24:19] Tasks: 1=logit_lens, 2=mlp_dla, 3=mlp_channel_search, 4=component_compare, 5=semantic_classify, 6=joint_test
[20:24:19] 
============================================================
Phase 971: deepseek7b
============================================================
[model_utils] Loading deepseek7b... (8bit=False)
[model_utils] deepseek7b loaded, device=cuda:0, class=Qwen2ForCausalLM, GPU=15.28GB
[20:24:38]   Qwen2ForCausalLM, 28L, 28H, d_head=128, intermediate=18944
[20:24:38]   Task 1: Logit lens gap trajectory (5 prompts)...
[20:24:44]     p0: gap L0=15.10 L10=24.39 L28=15.61
[20:24:47]     p1: gap L0=15.10 L10=20.42 L28=16.51
[20:24:50]     p2: gap L0=15.03 L10=12.49 L28=40.76
[20:24:53]     p3: gap L0=15.10 L10=22.45 L28=27.22
[20:24:56]     p4: gap L0=14.89 L10=30.39 L28=27.07
[20:24:56]     Gap trajectory (mean of 5 prompts):
[20:24:56]       L 0: gap=15.045
[20:24:56]       L 5: gap=16.033
[20:24:56]       L10: gap=22.029
[20:24:56]       L15: gap=21.290
[20:24:56]       L20: gap=19.563
[20:24:56]       L25: gap=16.188
[20:24:56]     Top 5 gap-building layers: [('L27', '+13.030'), ('L3', '+3.481'), ('L7', '+2.711'), ('L8', '+1.411'), ('L19', '+1.142')]
[20:24:56]     Task 1 done (16s)
[20:24:57]   Task 2: MLP layer-level DLA (5 prompts)...
[20:24:57]     p0: base_gap=12.12 top1_id=12095
[20:24:57]     p1: base_gap=11.81 top1_id=49689
[20:24:57]     p2: base_gap=13.94 top1_id=220
[20:24:57]     p3: base_gap=13.50 top1_id=17767
[20:24:57]     p4: base_gap=10.19 top1_id=220
[20:24:57]     Top 5 gap-building MLP layers (positive = increases gap):
[20:24:57]       L27: gap_contrib=+133.601  top1=+198.704  eos=+65.103
[20:24:57]       L26: gap_contrib=+34.320  top1=-3.239  eos=-37.559
[20:24:57]       L25: gap_contrib=+22.767  top1=-6.572  eos=-29.338
[20:24:57]       L23: gap_contrib=+21.733  top1=-8.004  eos=-29.737
[20:24:57]       L24: gap_contrib=+17.912  top1=-4.905  eos=-22.817
[20:24:57]     Top 5 gap-reducing MLP layers (negative = reduces gap):
[20:24:57]       L16: gap_contrib=+0.311  top1=-2.549  eos=-2.861
[20:24:57]       L0: gap_contrib=+0.427  top1=-0.474  eos=-0.901
[20:24:57]       L3: gap_contrib=+0.457  top1=+0.039  eos=-0.419
[20:24:57]       L1: gap_contrib=+0.474  top1=-1.097  eos=-1.571
[20:24:57]       L8: gap_contrib=+0.475  top1=-2.244  eos=-2.719
[20:24:57]     Total MLP gap contribution: +268.585 (base gap ~12.12)
[20:24:57]     Task 2 done (1s)
[20:24:58]   Task 3: MLP channel search (layers 20-27, intermediate_size=18944, 3 prompts)...
[20:24:58]     Stage 1: Analytic pre-screening...
[20:25:00]     Stage 1: p0 done (1s)
[20:25:00]     Stage 1: p1 done (2s)
[20:25:01]     Stage 1: p2 done (3s)
[20:25:02]     Stage 1 done. Top 50 gap-reducing channels found.
[20:25:02]       L27_C1019: gap_contrib=-6.1753
[20:25:02]       L27_C15305: gap_contrib=-5.7366
[20:25:02]       L27_C13015: gap_contrib=-5.0906
[20:25:02]       L27_C16776: gap_contrib=-4.5971
[20:25:02]       L27_C18866: gap_contrib=-3.4117
[20:25:02]       L27_C666: gap_contrib=-3.1575
[20:25:02]       L27_C1645: gap_contrib=-3.1118
[20:25:02]       L27_C4985: gap_contrib=-3.0764
[20:25:02]       L27_C15207: gap_contrib=-2.8777
[20:25:02]       L27_C18210: gap_contrib=-2.5647
[20:25:02]     Stage 2: Forward difference verification (top 30 channels)...
[20:25:03]       10/30 verified (5s)
[20:25:05]       20/30 verified (7s)
[20:25:06]       30/30 verified (8s)
[20:25:06]     Top 10 verified gap-reducing channels (forward Δgap):
[20:25:06]       L26_C9492: forward_Δgap=-1.1250  analytic=-1.3016  top1_changed=1/3
[20:25:06]       L26_C6277: forward_Δgap=-0.6458  analytic=-1.7593  top1_changed=1/3
[20:25:06]       L25_C2473: forward_Δgap=-0.4375  analytic=-1.3344  top1_changed=1/3
[20:25:06]       L26_C1708: forward_Δgap=-0.2500  analytic=-1.5584  top1_changed=1/3
[20:25:06]       L27_C14609: forward_Δgap=-0.0833  analytic=-1.4973  top1_changed=0/3
[20:25:06]       L27_C16776: forward_Δgap=-0.0625  analytic=-4.5971  top1_changed=0/3
[20:25:06]       L27_C4027: forward_Δgap=-0.0521  analytic=-1.2152  top1_changed=0/3
[20:25:06]       L27_C4985: forward_Δgap=-0.0208  analytic=-3.0764  top1_changed=0/3
[20:25:06]       L27_C1019: forward_Δgap=-0.0104  analytic=-6.1753  top1_changed=0/3
[20:25:06]       L27_C2644: forward_Δgap=+0.0000  analytic=-1.7951  top1_changed=0/3
[20:25:06]     Task 3 done (8s)
[20:25:07]   Task 4: Component comparison (attention vs MLP, 5 prompts)...
[20:25:07]     attention_4heads (10 items): mean_gap_reduction=1.206
[20:25:07]     mlp_top8_safe (4 items): mean_gap_reduction=0.194
[20:25:08]     mlp_top4_safe (4 items): mean_gap_reduction=0.194
[20:25:08]     combined_attn+mlp (10+4 items): mean_gap_reduction=1.419
[20:25:08]     Task 4 done (1s)
[20:25:08]   Task 5: Semantic failure classification...
[20:25:08]     Total failures (EOS but not clean): 19
[20:25:08]     No EOS: 4
[20:25:08]     Category breakdown:
[20:25:08]       semantic_path_error: 10
[20:25:08]         'Grass is': ' growing at a rate of 0.<|endoftext|>'
[20:25:08]         'Birds can': ' be found in almost every corner of the world. The'
[20:25:08]         'Mathematics is': ' a language of patterns.<|endoftext|>'
[20:25:08]         'Rivers flow': ' from high ground to lower ground in the same dire'
[20:25:08]         'Diamonds are': ' a girl's best friend,<|endoftext|>'
[20:25:08]         'Oxygen is': ' a colorless,<|endoftext|>'
[20:25:08]         'Bridges connect': ' two separate parts of a structure.<|endoftext|>'
[20:25:08]         'Leaves change color in autumn ': ' of a combination of factors. Here's a simplified '
[20:25:08]         'The number of continents is': ' a subject of debate among geologists and geograph'
[20:25:08]         'An island is': ' a set of points in the plane.<|endoftext|>'
[20:25:08]       eval_too_narrow: 5
[20:25:08]         'Music is': ' a universal language that transcends cultural bou'
[20:25:08]         'Trees produce': ' a variety of products that are used in many diffe'
[20:25:08]         'Volcanoes erupt': ' for a variety of reasons, including<|endoftext|>'
[20:25:08]         'A dictionary is': ' a data structure that stores a collection of key-'
[20:25:08]         'The ocean is': ' a vast and complex ecosystem that supports a wide'
[20:25:08]       other: 3
[20:25:08]         'Shakespeare was': ' a playwright and poet who lived in the late 16th '
[20:25:08]         'Iron is a': ' chemical element with symbol Fe and atomic number'
[20:25:08]         'Heat is': ' a form of energy that can be transferred from one'
[20:25:08]       too_long: 1
[20:25:08]         'Rain falls because': ' clouds contain water vapor. When the temperature '
[20:25:08]     Task 5 done (0s)
[20:25:08]   Task 6: Joint test (MLP+attn+adaptive b, 10 prompts)...
[20:25:08]     Using 10 attn heads + 2 MLP channels
[20:25:09]     'The capital of France is': b=12 gap=10.7 eos=False clean=False ' \boxed{Paris}.

Okay, so I need to'
[20:25:09]     'The largest planet is': b=12 gap=10.8 eos=True clean=True ' Jupiter.<｜end▁of▁sentence｜>'
[20:25:09]     'Water boils at': b=14 gap=12.0 eos=True clean=True ' 100°C, and<｜end▁of▁sentence｜>'
[20:25:10]     'The speed of light is': b=14 gap=12.4 eos=True clean=False ' \( c = 299,792,458 \) meters per s'
[20:25:10]     'The sun is a': b=11 gap=9.0 eos=True clean=True ' star, and<｜end▁of▁sentence｜>'
[20:25:10]     'Dogs are': b=17 gap=15.0 eos=True clean=False ' often misrepresented in art,<｜end▁'
[20:25:10]     'The sky is': b=11 gap=9.6 eos=True clean=False ' {1,2,3,4,5,666}<｜end▁of▁sentence｜>'
[20:25:11]     'Grass is': b=15 gap=13.2 eos=True clean=False ' being mowed, and<｜end▁of▁sentence｜'
[20:25:11]     'Fire needs': b=12 gap=10.1 eos=True clean=True ' fuel and oxygen to burn.<｜end▁of▁s'
[20:25:11]     'Ice is': b=15 gap=13.4 eos=True clean=False ' melting at the rate of 0.1 kg/s.<｜'
[20:25:11]     Joint test: clean=4/10  eos=9/10
[20:25:11]     Task 6 done (3s)
[20:25:11] 
  Total: 33s (0.5 min)
[model_utils] GPU memory released, allocated=15.29 GB
[20:25:11]   deepseek7b complete. Saved: results\phase971_protocol_field\deepseek7b_result.json
[20:25:11] 
Phase 971 complete!
