[20:21:01] Phase 971 started
[20:21:01] Tasks: 1=logit_lens, 2=mlp_dla, 3=mlp_channel_search, 4=component_compare, 5=semantic_classify, 6=joint_test
[20:21:01] 
============================================================
Phase 971: glm4
============================================================
[model_utils] Loading glm4... (8bit=False)
[model_utils] glm4 loaded, device=cuda:0, class=GlmForCausalLM, GPU=18.84GB
[20:21:21]   GlmForCausalLM, 40L, 32H, d_head=128, intermediate=13696
[20:21:21]   Task 1: Logit lens gap trajectory (5 prompts)...
[20:21:30]     p0: gap L0=16.32 L10=11.91 L40=21.51
[20:21:34]     p1: gap L0=16.32 L10=15.15 L40=19.17
[20:21:39]     p2: gap L0=13.72 L10=22.84 L40=19.62
[20:21:44]     p3: gap L0=16.32 L10=13.37 L40=19.13
[20:21:49]     p4: gap L0=15.98 L10=11.70 L40=13.46
[20:21:49]     Gap trajectory (mean of 5 prompts):
[20:21:49]       L 0: gap=15.732
[20:21:49]       L 5: gap=12.421
[20:21:49]       L10: gap=14.995
[20:21:49]       L15: gap=16.266
[20:21:49]       L20: gap=14.386
[20:21:49]       L25: gap=18.099
[20:21:49]       L30: gap=21.237
[20:21:49]       L35: gap=18.609
[20:21:49]       L40: gap=18.577
[20:21:49]     Top 5 gap-building layers: [('L39', '+3.805'), ('L28', '+2.079'), ('L14', '+2.000'), ('L4', '+1.653'), ('L22', '+1.629')]
[20:21:49]     Task 1 done (25s)
[20:21:49]   Task 2: MLP layer-level DLA (5 prompts)...
[20:21:50]     p0: base_gap=15.28 top1_id=12089
[20:21:50]     p1: base_gap=14.27 top1_id=49371
[20:21:51]     p2: base_gap=15.40 top1_id=220
[20:21:51]     p3: base_gap=14.66 top1_id=220
[20:21:51]     p4: base_gap=11.07 top1_id=6774
[20:21:51]     Top 5 gap-building MLP layers (positive = increases gap):
[20:21:51]       L38: gap_contrib=+10.830  top1=+3.761  eos=-7.069
[20:21:51]       L37: gap_contrib=+4.423  top1=-1.200  eos=-5.623
[20:21:51]       L35: gap_contrib=+2.076  top1=-0.346  eos=-2.422
[20:21:51]       L36: gap_contrib=+1.843  top1=-0.470  eos=-2.314
[20:21:51]       L34: gap_contrib=+1.190  top1=+0.251  eos=-0.939
[20:21:51]     Top 5 gap-reducing MLP layers (negative = reduces gap):
[20:21:51]       L39: gap_contrib=-8.062  top1=+5.831  eos=+13.892
[20:21:51]       L6: gap_contrib=-0.005  top1=-0.004  eos=+0.001
[20:21:51]       L7: gap_contrib=+0.001  top1=-0.017  eos=-0.018
[20:21:51]       L5: gap_contrib=+0.002  top1=+0.014  eos=+0.012
[20:21:51]       L4: gap_contrib=+0.007  top1=-0.004  eos=-0.011
[20:21:51]     Total MLP gap contribution: +20.783 (base gap ~15.28)
[20:21:51]     Task 2 done (2s)
[20:21:53]   Task 3: MLP channel search (layers 32-39, intermediate_size=13696, 3 prompts)...
[20:21:53]     Stage 1: Analytic pre-screening...
[20:21:55]     Stage 1: p0 done (2s)
[20:21:56]     Stage 1: p1 done (3s)
[20:21:57]     Stage 1: p2 done (4s)
[20:21:58]     Stage 1 done. Top 50 gap-reducing channels found.
[20:21:58]       L39_C1970: gap_contrib=-1.1102
[20:21:58]       L39_C12274: gap_contrib=-0.9195
[20:21:58]       L39_C5032: gap_contrib=-0.7834
[20:21:58]       L39_C5155: gap_contrib=-0.7677
[20:21:58]       L39_C7968: gap_contrib=-0.7572
[20:21:58]       L39_C4558: gap_contrib=-0.5694
[20:21:58]       L39_C4468: gap_contrib=-0.5330
[20:21:58]       L39_C10417: gap_contrib=-0.4670
[20:21:58]       L39_C9701: gap_contrib=-0.4592
[20:21:58]       L39_C13207: gap_contrib=-0.4292
[20:21:58]     Stage 2: Forward difference verification (top 30 channels)...
[20:22:08]       10/30 verified (15s)
[20:22:19]       20/30 verified (26s)
[20:22:29]       30/30 verified (36s)
[20:22:29]     Top 10 verified gap-reducing channels (forward Δgap):
[20:22:29]       L39_C7968: forward_Δgap=-0.2500  analytic=-0.7572  top1_changed=0/3
[20:22:29]       L39_C10417: forward_Δgap=-0.1497  analytic=-0.4670  top1_changed=0/3
[20:22:29]       L39_C9701: forward_Δgap=-0.1445  analytic=-0.4592  top1_changed=0/3
[20:22:29]       L39_C5032: forward_Δgap=-0.1367  analytic=-0.7834  top1_changed=0/3
[20:22:29]       L36_C251: forward_Δgap=-0.1328  analytic=-0.2145  top1_changed=0/3
[20:22:29]       L39_C12274: forward_Δgap=-0.1263  analytic=-0.9195  top1_changed=0/3
[20:22:29]       L39_C5155: forward_Δgap=-0.1081  analytic=-0.7677  top1_changed=0/3
[20:22:29]       L39_C13207: forward_Δgap=-0.1055  analytic=-0.4292  top1_changed=0/3
[20:22:29]       L39_C3708: forward_Δgap=-0.0977  analytic=-0.3951  top1_changed=0/3
[20:22:29]       L39_C12860: forward_Δgap=-0.0924  analytic=-0.2780  top1_changed=0/3
[20:22:29]     Task 3 done (36s)
[20:22:29]   Task 4: Component comparison (attention vs MLP, 5 prompts)...
[20:22:31]     attention_4heads (4 items): mean_gap_reduction=0.674
[20:22:33]     mlp_top8_safe (8 items): mean_gap_reduction=0.884
[20:22:35]     mlp_top4_safe (4 items): mean_gap_reduction=0.542
[20:22:36]     combined_attn+mlp (4+4 items): mean_gap_reduction=1.150
[20:22:36]     Task 4 done (7s)
[20:22:36]   Task 5: Semantic failure classification...
[20:22:36]     Total failures (EOS but not clean): 19
[20:22:36]     No EOS: 4
[20:22:36]     Category breakdown:
[20:22:36]       semantic_path_error: 10
[20:22:36]         'Grass is': ' growing at a rate of 0.<|endoftext|>'
[20:22:36]         'Birds can': ' be found in almost every corner of the world. The'
[20:22:36]         'Mathematics is': ' a language of patterns.<|endoftext|>'
[20:22:36]         'Rivers flow': ' from high ground to lower ground in the same dire'
[20:22:36]         'Diamonds are': ' a girl's best friend,<|endoftext|>'
[20:22:36]         'Oxygen is': ' a colorless,<|endoftext|>'
[20:22:36]         'Bridges connect': ' two separate parts of a structure.<|endoftext|>'
[20:22:36]         'Leaves change color in autumn ': ' of a combination of factors. Here's a simplified '
[20:22:36]         'The number of continents is': ' a subject of debate among geologists and geograph'
[20:22:36]         'An island is': ' a set of points in the plane.<|endoftext|>'
[20:22:36]       eval_too_narrow: 5
[20:22:36]         'Music is': ' a universal language that transcends cultural bou'
[20:22:36]         'Trees produce': ' a variety of products that are used in many diffe'
[20:22:36]         'Volcanoes erupt': ' for a variety of reasons, including<|endoftext|>'
[20:22:36]         'A dictionary is': ' a data structure that stores a collection of key-'
[20:22:36]         'The ocean is': ' a vast and complex ecosystem that supports a wide'
[20:22:36]       other: 3
[20:22:36]         'Shakespeare was': ' a playwright and poet who lived in the late 16th '
[20:22:36]         'Iron is a': ' chemical element with symbol Fe and atomic number'
[20:22:36]         'Heat is': ' a form of energy that can be transferred from one'
[20:22:36]       too_long: 1
[20:22:36]         'Rain falls because': ' clouds contain water vapor. When the temperature '
[20:22:36]     Task 5 done (0s)
[20:22:36]   Task 6: Joint test (MLP+attn+adaptive b, 10 prompts)...
[20:22:36]     Using 4 attn heads + 6 MLP channels
[20:22:37]     'The capital of France is': b=14 gap=12.9 eos=True clean=True ' Paris.<|endoftext|>'
[20:22:39]     'The largest planet is': b=14 gap=12.8 eos=True clean=True ' Jupiter, which is<|endoftext|>'
[20:22:43]     'Water boils at': b=16 gap=14.4 eos=True clean=True ' 100 degrees Celsius.<|endoftext|>'
[20:22:47]     'The speed of light is': b=15 gap=13.6 eos=True clean=True ' 299,792<|endoftext|>'
[20:22:51]     'The sun is a': b=12 gap=10.6 eos=True clean=True ' star, and the<|endoftext|>'
[20:22:55]     'Dogs are': b=14 gap=12.4 eos=True clean=True ' not only pets, but also<|endoftext'
[20:23:01]     'The sky is': b=14 gap=12.9 eos=True clean=True ' clear and the sun is shining.<|end'
[20:23:06]     'Grass is': b=16 gap=14.2 eos=True clean=False ' growing at a rate of 0.<|endoftext'
[20:23:10]     'Fire needs': b=15 gap=13.5 eos=True clean=True ' three things to burn: heat,<|endof'
[20:23:15]     'Ice is': b=14 gap=12.8 eos=True clean=True ' a solid form of water.<|endoftext|'
[20:23:15]     Joint test: clean=9/10  eos=10/10
[20:23:15]     Task 6 done (38s)
[20:23:15] 
  Total: 114s (1.9 min)
[model_utils] GPU memory released, allocated=18.85 GB
[20:23:15]   glm4 complete. Saved: results\phase971_protocol_field\glm4_result.json
[20:23:15] 
Phase 971 complete!
