=== before 2026-05-27 20:46:32 CST ===
--- uname ---
Linux rankrank-4090D 6.8.0-117-generic #117-Ubuntu SMP PREEMPT_DYNAMIC Tue May  5 19:26:24 UTC 2026 x86_64 x86_64 x86_64 GNU/Linux
--- nvidia version ---
NVRM version: NVIDIA UNIX x86_64 Kernel Module  595.71.05  Fri Apr 24 06:36:12 UTC 2026
GCC version:  gcc version 13.3.0 (Ubuntu 13.3.0-6ubuntu2~24.04.1) 
--- nvidia params ---
EnableGpuFirmware: 0
EnableGpuFirmwareLogs: 2
RegistryDwords: ""
RegistryDwordsPerDevice: ""
--- nvidia-smi ---
Wed May 27 20:46:32 2026       
+-----------------------------------------------------------------------------------------+
| NVIDIA-SMI 595.71.05              Driver Version: 595.71.05      CUDA Version: 13.2     |
+-----------------------------------------+------------------------+----------------------+
| GPU  Name                 Persistence-M | Bus-Id          Disp.A | Volatile Uncorr. ECC |
| Fan  Temp   Perf          Pwr:Usage/Cap |           Memory-Usage | GPU-Util  Compute M. |
|                                         |                        |               MIG M. |
|=========================================+========================+======================|
|   0  NVIDIA GeForce RTX 4090 D      Off |   00000000:01:00.0  On |                  Off |
| 31%   39C    P8             11W /  425W |     670MiB /  24564MiB |     19%      Default |
|                                         |                        |                  N/A |
+-----------------------------------------+------------------------+----------------------+

+-----------------------------------------------------------------------------------------+
| Processes:                                                                              |
|  GPU   GI   CI              PID   Type   Process name                        GPU Memory |
|        ID   ID                                                               Usage      |
|=========================================================================================|
|    0   N/A  N/A            1794      G   /usr/lib/xorg/Xorg                      345MiB |
|    0   N/A  N/A            2494      G   /usr/bin/gnome-shell                     33MiB |
|    0   N/A  N/A            2706      G   .../sunloginclient --cmd=autorun         18MiB |
|    0   N/A  N/A            2941      G   ...me/58.0.3029.81 Safari/537.36          6MiB |
|    0   N/A  N/A            2977      G   ...829C4D58C30FCA74C4D864EB671CF         24MiB |
|    0   N/A  N/A            3578      G   /proc/self/exe                           63MiB |
|    0   N/A  N/A            5695      G   .../8387/usr/lib/firefox/firefox         76MiB |
+-----------------------------------------------------------------------------------------+
--- compute apps ---
--- python stack ---
python 3.11.15 (main, Mar 11 2026, 17:20:07) [GCC 14.3.0]
conda_env openone-cuda121
PROBE_TORCH_DTYPE bfloat16
torch 2.5.1+cu121 runtime 12.1 available True
gpu NVIDIA GeForce RTX 4090 D
transformers 4.52.4
--- relevant processes ---
=== after 2026-05-27 20:47:47 CST ===
--- uname ---
Linux rankrank-4090D 6.8.0-117-generic #117-Ubuntu SMP PREEMPT_DYNAMIC Tue May  5 19:26:24 UTC 2026 x86_64 x86_64 x86_64 GNU/Linux
--- nvidia version ---
NVRM version: NVIDIA UNIX x86_64 Kernel Module  595.71.05  Fri Apr 24 06:36:12 UTC 2026
GCC version:  gcc version 13.3.0 (Ubuntu 13.3.0-6ubuntu2~24.04.1) 
--- nvidia params ---
EnableGpuFirmware: 0
EnableGpuFirmwareLogs: 2
RegistryDwords: ""
RegistryDwordsPerDevice: ""
--- nvidia-smi ---
Wed May 27 20:47:47 2026       
+-----------------------------------------------------------------------------------------+
| NVIDIA-SMI 595.71.05              Driver Version: 595.71.05      CUDA Version: 13.2     |
+-----------------------------------------+------------------------+----------------------+
| GPU  Name                 Persistence-M | Bus-Id          Disp.A | Volatile Uncorr. ECC |
| Fan  Temp   Perf          Pwr:Usage/Cap |           Memory-Usage | GPU-Util  Compute M. |
|                                         |                        |               MIG M. |
|=========================================+========================+======================|
|   0  NVIDIA GeForce RTX 4090 D      Off |   00000000:01:00.0  On |                  Off |
| 31%   46C    P2            118W /  425W |     658MiB /  24564MiB |     36%      Default |
|                                         |                        |                  N/A |
+-----------------------------------------+------------------------+----------------------+

+-----------------------------------------------------------------------------------------+
| Processes:                                                                              |
|  GPU   GI   CI              PID   Type   Process name                        GPU Memory |
|        ID   ID                                                               Usage      |
|=========================================================================================|
|    0   N/A  N/A            1794      G   /usr/lib/xorg/Xorg                      345MiB |
|    0   N/A  N/A            2494      G   /usr/bin/gnome-shell                     33MiB |
|    0   N/A  N/A            2706      G   .../sunloginclient --cmd=autorun         18MiB |
|    0   N/A  N/A            2941      G   ...me/58.0.3029.81 Safari/537.36          6MiB |
|    0   N/A  N/A            2977      G   ...829C4D58C30FCA74C4D864EB671CF         24MiB |
|    0   N/A  N/A            3578      G   /proc/self/exe                           52MiB |
|    0   N/A  N/A            5695      G   .../8387/usr/lib/firefox/firefox         76MiB |
+-----------------------------------------------------------------------------------------+
--- compute apps ---
--- python stack ---
python 3.11.15 (main, Mar 11 2026, 17:20:07) [GCC 14.3.0]
conda_env openone-cuda121
PROBE_TORCH_DTYPE bfloat16
torch 2.5.1+cu121 runtime 12.1 available True
gpu NVIDIA GeForce RTX 4090 D
transformers 4.52.4
--- relevant processes ---
