[2026-05-24 22:32:56] Start time: 2026-05-24 22:32:56
[2026-05-24 22:32:57] Loading deepseek7b (BF16 + device_map=auto + flash)...
[2026-05-24 22:32:58]   flash_attention_2 failed: FlashAttention2 has been toggled on, but it cannot be used due to the following error: the package flash_attn seems to b, trying next...
[2026-05-24 22:33:08]   Loaded with attn_implementation=eager
[2026-05-24 22:33:08]   class=Qwen2ForCausalLM, layers=28, d_model=3584, vocab=152064, GPU=9.01GB
[2026-05-24 22:33:09] W_U shape: (152064, 3584)
[2026-05-24 22:33:23]   W_U SVD: top-200 singular values, top-5: [178.65357971191406, 37.1301155090332, 24.115184783935547, 18.089855194091797, 14.114106178283691], energy=6812.7%
[2026-05-24 22:33:23] 
--- Part 1: Transport R² Sanity Check (1000 diverse prompts) ---
[2026-05-24 22:33:23] Collecting hidden states for 453 diverse prompts, 29 layers...
[2026-05-24 22:34:07]   diverse 50/453 (1.1 prompt/s, ETA=353s, GPU=9.0GB)
[2026-05-24 22:34:45]   diverse 100/453 (1.2 prompt/s, ETA=289s, GPU=9.0GB)
[2026-05-24 22:35:23]   diverse 150/453 (1.2 prompt/s, ETA=242s, GPU=9.0GB)
[2026-05-24 22:36:01]   diverse 200/453 (1.3 prompt/s, ETA=200s, GPU=9.0GB)
[2026-05-24 22:36:40]   diverse 250/453 (1.3 prompt/s, ETA=159s, GPU=9.0GB)
[2026-05-24 22:37:18]   diverse 300/453 (1.3 prompt/s, ETA=120s, GPU=9.0GB)
[2026-05-24 22:37:57]   diverse 350/453 (1.3 prompt/s, ETA=80s, GPU=9.0GB)
[2026-05-24 22:38:36]   diverse 400/453 (1.3 prompt/s, ETA=41s, GPU=9.0GB)
[2026-05-24 22:39:15]   diverse 450/453 (1.3 prompt/s, ETA=2s, GPU=9.0GB)
[2026-05-24 22:39:17] ============================================================
[2026-05-24 22:39:17] Experiment A: Transport R² Permutation Test
[2026-05-24 22:39:17] ============================================================
[2026-05-24 22:39:17]   Testing Layer 0 -> Layer 28
[2026-05-24 22:39:17]     Running 200 permutations...
[2026-05-24 22:39:20]     Random subspace control (dim=3384)...
[2026-05-24 22:39:25]     Transport R²: 0.9783 (p=0.0000)
[2026-05-24 22:39:25]     Persistence R²: 0.7527
[2026-05-24 22:39:25]     Combined R²: 0.9792
[2026-05-24 22:39:25]     Shuffled R²: 0.9302 ± 0.0037 (max=0.9394)
[2026-05-24 22:39:25]     Random subspace R²: 0.9781 (p=0.0000)
[2026-05-24 22:39:25]     Random shuffled R²: 0.9300 ± 0.0035
[2026-05-24 22:39:25]   Testing Layer 7 -> Layer 28
[2026-05-24 22:39:25]     Running 200 permutations...
[2026-05-24 22:39:28]     Random subspace control (dim=3384)...
[2026-05-24 22:39:33]     Transport R²: 1.0000 (p=0.0000)
[2026-05-24 22:39:33]     Persistence R²: 0.7909
[2026-05-24 22:39:33]     Combined R²: 1.0000
[2026-05-24 22:39:33]     Shuffled R²: 1.0000 ± 0.0000 (max=1.0000)
[2026-05-24 22:39:33]     Random subspace R²: 1.0000 (p=0.0000)
[2026-05-24 22:39:33]     Random shuffled R²: 1.0000 ± 0.0000
[2026-05-24 22:39:33]   Testing Layer 14 -> Layer 28
[2026-05-24 22:39:33]     Running 200 permutations...
[2026-05-24 22:39:36]     Random subspace control (dim=3384)...
[2026-05-24 22:39:41]     Transport R²: 1.0000 (p=0.0000)
[2026-05-24 22:39:41]     Persistence R²: 0.7840
[2026-05-24 22:39:41]     Combined R²: 1.0000
[2026-05-24 22:39:41]     Shuffled R²: 1.0000 ± 0.0000 (max=1.0000)
[2026-05-24 22:39:41]     Random subspace R²: 1.0000 (p=0.0000)
[2026-05-24 22:39:41]     Random shuffled R²: 1.0000 ± 0.0000
[2026-05-24 22:39:41]   Testing Layer 21 -> Layer 28
[2026-05-24 22:39:41]     Running 200 permutations...
[2026-05-24 22:39:44]     Random subspace control (dim=3384)...
[2026-05-24 22:39:49]     Transport R²: 1.0000 (p=0.0000)
[2026-05-24 22:39:49]     Persistence R²: 0.7959
[2026-05-24 22:39:49]     Combined R²: 1.0000
[2026-05-24 22:39:49]     Shuffled R²: 1.0000 ± 0.0000 (max=1.0000)
[2026-05-24 22:39:49]     Random subspace R²: 1.0000 (p=0.0000)
[2026-05-24 22:39:49]     Random shuffled R²: 1.0000 ± 0.0000
[2026-05-24 22:39:49]   Testing Layer 27 -> Layer 28
[2026-05-24 22:39:49]     Running 200 permutations...
[2026-05-24 22:39:52]     Random subspace control (dim=3384)...
[2026-05-24 22:39:57]     Transport R²: 1.0000 (p=0.0000)
[2026-05-24 22:39:57]     Persistence R²: 0.9999
[2026-05-24 22:39:57]     Combined R²: 1.0000
[2026-05-24 22:39:57]     Shuffled R²: 1.0000 ± 0.0000 (max=1.0000)
[2026-05-24 22:39:57]     Random subspace R²: 1.0000 (p=0.0000)
[2026-05-24 22:39:57]     Random shuffled R²: 1.0000 ± 0.0000
[2026-05-24 22:39:57]   Part 1 results saved.
[2026-05-24 22:39:57] 
--- Part 2: Topology Preservation (category words) ---
[2026-05-24 22:39:57]   Total unique words: 74
[2026-05-24 22:39:57]   Categories: ['fruits', 'animals', 'vehicles', 'tools', 'body']
[2026-05-24 22:39:57]   Sentences: 74
[2026-05-24 22:39:57] Collecting hidden states for 74 words prompts, 29 layers...
[2026-05-24 22:40:36]   words 50/74 (1.3 prompt/s, ETA=18s, GPU=9.0GB)
[2026-05-24 22:40:55] ============================================================
[2026-05-24 22:40:55] Experiment B: Cross-layer Topology Preservation
[2026-05-24 22:40:55] ============================================================
[2026-05-24 22:40:55]   Computing distance matrices at each layer...
[2026-05-24 22:40:55]   Computing cross-layer Mantel correlations...
[2026-05-24 22:40:55]     L0 vs L28: Full=nan, V_vis=0.0012, V_inv=0.0093
[2026-05-24 22:40:55]     L7 vs L28: Full=0.0485, V_vis=-0.0048, V_inv=0.0691
[2026-05-24 22:40:55]     L14 vs L28: Full=0.1903, V_vis=0.1612, V_inv=0.1983
[2026-05-24 22:40:55]     L21 vs L28: Full=0.2281, V_vis=0.2241, V_inv=0.2410
[2026-05-24 22:40:55]     L28 vs L28: Full=1.0000, V_vis=1.0000, V_inv=1.0000
[2026-05-24 22:40:55]   Computing within vs between category preservation...
[2026-05-24 22:40:55]     L0: Within=0.0755, Between=nan, Diff=nan | W_vis=0.0418, W_inv=0.0377 | B_vis=-0.0049, B_inv=0.0077
[2026-05-24 22:40:55]     L7: Within=0.0721, Between=-0.0080, Diff=0.0802 | W_vis=-0.0147, W_inv=0.0951 | B_vis=-0.0247, B_inv=0.0055
[2026-05-24 22:40:55]     L14: Within=0.2283, Between=0.1100, Diff=0.1183 | W_vis=0.1788, W_inv=0.2405 | B_vis=0.1282, B_inv=0.1113
[2026-05-24 22:40:55]     L21: Within=0.2702, Between=0.1514, Diff=0.1188 | W_vis=0.2459, W_inv=0.2910 | B_vis=0.1922, B_inv=0.1596
[2026-05-24 22:40:55]     L28: Within=1.0000, Between=1.0000, Diff=0.0000 | W_vis=1.0000, W_inv=1.0000 | B_vis=1.0000, B_inv=1.0000
[2026-05-24 22:40:55]   Computing per-category topology preservation...
[2026-05-24 22:40:55]     fruits: L0_full=nan, Lf_full=1.0000, L0_inv=0.0255, Lf_inv=1.0000
[2026-05-24 22:40:55]     animals: L0_full=nan, Lf_full=1.0000, L0_inv=-0.0164, Lf_inv=1.0000
[2026-05-24 22:40:55]     vehicles: L0_full=nan, Lf_full=1.0000, L0_inv=-0.0208, Lf_inv=1.0000
[2026-05-24 22:40:55]     tools: L0_full=0.1682, Lf_full=1.0000, L0_inv=0.1379, Lf_inv=1.0000
[2026-05-24 22:40:55]     body: L0_full=nan, Lf_full=1.0000, L0_inv=0.0226, Lf_inv=1.0000
[2026-05-24 22:40:55]   Computing nearest neighbor preservation (k=5)...
[2026-05-24 22:40:55]     L0: NN_preserve Full=0.0892, V_vis=0.0703, V_inv=0.0595
[2026-05-24 22:40:55]     L7: NN_preserve Full=0.2378, V_vis=0.1378, V_inv=0.2432
[2026-05-24 22:40:55]     L14: NN_preserve Full=0.2703, V_vis=0.2270, V_inv=0.2757
[2026-05-24 22:40:55]     L21: NN_preserve Full=0.2946, V_vis=0.2649, V_inv=0.3027
[2026-05-24 22:40:55]     L28: NN_preserve Full=1.0000, V_vis=1.0000, V_inv=1.0000
[2026-05-24 22:40:55]   Computing adjacent-layer topology stability...
[2026-05-24 22:40:55]     L0->L1: Full=nan, V_vis=0.0057, V_inv=0.0290
[2026-05-24 22:40:55]     L7->L8: Full=0.8452, V_vis=0.8087, V_inv=0.8571
[2026-05-24 22:40:55]     L14->L15: Full=0.9964, V_vis=0.9874, V_inv=0.9971
[2026-05-24 22:40:55]     L21->L22: Full=0.9882, V_vis=0.9801, V_inv=0.9894
[2026-05-24 22:40:55] ============================================================
[2026-05-24 22:40:55] Experiment C: V_vis vs V_inv Cross-space Topology Agreement
[2026-05-24 22:40:55] ============================================================
[2026-05-24 22:40:55]     L0: Full↔V_vis=nan, Full↔V_inv=nan, V_vis↔V_inv=1.0000 | var: vis=0.068, inv=0.932
[2026-05-24 22:40:55]     L7: Full↔V_vis=0.9311, Full↔V_inv=0.9948, V_vis↔V_inv=0.8968 | var: vis=0.237, inv=0.763
[2026-05-24 22:40:55]     L14: Full↔V_vis=0.9602, Full↔V_inv=0.9948, V_vis↔V_inv=0.9371 | var: vis=0.281, inv=0.719
[2026-05-24 22:40:55]     L21: Full↔V_vis=0.9753, Full↔V_inv=0.9943, V_vis↔V_inv=0.9609 | var: vis=0.449, inv=0.551
[2026-05-24 22:40:55]     L28: Full↔V_vis=0.9487, Full↔V_inv=0.9996, V_vis↔V_inv=0.9414 | var: vis=0.064, inv=0.936
[2026-05-24 22:40:55]   Part 2 results saved.
[2026-05-24 22:40:56] Phase 271 complete for deepseek7b
