[2026-05-24 22:20:47] Start time: 2026-05-24 22:20:47
[2026-05-24 22:20:48] Loading glm4 (BF16 + device_map=auto + flash)...
[2026-05-24 22:20:49]   flash_attention_2 failed: FlashAttention2 has been toggled on, but it cannot be used due to the following error: the package flash_attn seems to b, trying next...
[2026-05-24 22:20:58]   Loaded with attn_implementation=eager
[2026-05-24 22:20:58]   class=GlmForCausalLM, layers=40, d_model=4096, vocab=151552, GPU=8.99GB
[2026-05-24 22:21:00] W_U shape: (151552, 4096)
[2026-05-24 22:21:15]   W_U SVD: top-200 singular values, top-5: [66.48661804199219, 16.162057876586914, 12.513192176818848, 10.629158973693848, 10.040506362915039], energy=12897.6%
[2026-05-24 22:21:15] 
--- Part 1: Transport R² Sanity Check (1000 diverse prompts) ---
[2026-05-24 22:21:15] Collecting hidden states for 453 diverse prompts, 41 layers...
[2026-05-24 22:22:25]   diverse 50/453 (0.7 prompt/s, ETA=564s, GPU=9.0GB)
[2026-05-24 22:23:26]   diverse 100/453 (0.8 prompt/s, ETA=462s, GPU=9.0GB)
[2026-05-24 22:24:27]   diverse 150/453 (0.8 prompt/s, ETA=388s, GPU=9.0GB)
[2026-05-24 22:25:27]   diverse 200/453 (0.8 prompt/s, ETA=319s, GPU=9.0GB)
[2026-05-24 22:26:27]   diverse 250/453 (0.8 prompt/s, ETA=253s, GPU=9.0GB)
[2026-05-24 22:27:27]   diverse 300/453 (0.8 prompt/s, ETA=189s, GPU=9.0GB)
[2026-05-24 22:28:26]   diverse 350/453 (0.8 prompt/s, ETA=127s, GPU=9.0GB)
[2026-05-24 22:29:26]   diverse 400/453 (0.8 prompt/s, ETA=65s, GPU=9.0GB)
[2026-05-24 22:30:25]   diverse 450/453 (0.8 prompt/s, ETA=4s, GPU=9.0GB)
[2026-05-24 22:30:29] ============================================================
[2026-05-24 22:30:29] Experiment A: Transport R² Permutation Test
[2026-05-24 22:30:29] ============================================================
[2026-05-24 22:30:29]   Testing Layer 0 -> Layer 40
[2026-05-24 22:30:29]     Running 200 permutations...
[2026-05-24 22:30:32]     Random subspace control (dim=3896)...
[2026-05-24 22:30:38]     Transport R²: 0.5379 (p=0.0000)
[2026-05-24 22:30:38]     Persistence R²: 0.2317
[2026-05-24 22:30:38]     Combined R²: 0.5418
[2026-05-24 22:30:38]     Shuffled R²: 0.0529 ± 0.0024 (max=0.0597)
[2026-05-24 22:30:38]     Random subspace R²: 0.5385 (p=0.0000)
[2026-05-24 22:30:38]     Random shuffled R²: 0.0528 ± 0.0026
[2026-05-24 22:30:38]   Testing Layer 10 -> Layer 40
[2026-05-24 22:30:38]     Running 200 permutations...
[2026-05-24 22:30:42]     Random subspace control (dim=3896)...
[2026-05-24 22:30:48]     Transport R²: 0.9652 (p=0.0000)
[2026-05-24 22:30:48]     Persistence R²: 0.7359
[2026-05-24 22:30:48]     Combined R²: 0.9671
[2026-05-24 22:30:48]     Shuffled R²: 0.7452 ± 0.0041 (max=0.7543)
[2026-05-24 22:30:48]     Random subspace R²: 0.9653 (p=0.0000)
[2026-05-24 22:30:48]     Random shuffled R²: 0.7453 ± 0.0039
[2026-05-24 22:30:48]   Testing Layer 20 -> Layer 40
[2026-05-24 22:30:48]     Running 200 permutations...
[2026-05-24 22:30:51]     Random subspace control (dim=3896)...
[2026-05-24 22:30:57]     Transport R²: 0.9968 (p=0.0000)
[2026-05-24 22:30:57]     Persistence R²: 0.8409
[2026-05-24 22:30:57]     Combined R²: 0.9971
[2026-05-24 22:30:57]     Shuffled R²: 0.9564 ± 0.0013 (max=0.9604)
[2026-05-24 22:30:57]     Random subspace R²: 0.9969 (p=0.0000)
[2026-05-24 22:30:57]     Random shuffled R²: 0.9563 ± 0.0012
[2026-05-24 22:30:57]   Testing Layer 30 -> Layer 40
[2026-05-24 22:30:57]     Running 200 permutations...
[2026-05-24 22:31:01]     Random subspace control (dim=3896)...
[2026-05-24 22:31:07]     Transport R²: 1.0000 (p=0.0000)
[2026-05-24 22:31:07]     Persistence R²: 0.9197
[2026-05-24 22:31:07]     Combined R²: 1.0000
[2026-05-24 22:31:07]     Shuffled R²: 0.9990 ± 0.0001 (max=0.9992)
[2026-05-24 22:31:07]     Random subspace R²: 1.0000 (p=0.0000)
[2026-05-24 22:31:07]     Random shuffled R²: 0.9990 ± 0.0001
[2026-05-24 22:31:07]   Testing Layer 39 -> Layer 40
[2026-05-24 22:31:07]     Running 200 permutations...
[2026-05-24 22:31:10]     Random subspace control (dim=3896)...
[2026-05-24 22:31:16]     Transport R²: 1.0000 (p=0.0000)
[2026-05-24 22:31:16]     Persistence R²: 1.0000
[2026-05-24 22:31:16]     Combined R²: 1.0000
[2026-05-24 22:31:16]     Shuffled R²: 1.0000 ± 0.0000 (max=1.0000)
[2026-05-24 22:31:16]     Random subspace R²: 1.0000 (p=0.0000)
[2026-05-24 22:31:16]     Random shuffled R²: 1.0000 ± 0.0000
[2026-05-24 22:31:16]   Part 1 results saved.
[2026-05-24 22:31:16] 
--- Part 2: Topology Preservation (category words) ---
[2026-05-24 22:31:16]   Total unique words: 74
[2026-05-24 22:31:16]   Categories: ['fruits', 'animals', 'vehicles', 'tools', 'body']
[2026-05-24 22:31:16]   Sentences: 74
[2026-05-24 22:31:16] Collecting hidden states for 74 words prompts, 41 layers...
[2026-05-24 22:32:16]   words 50/74 (0.8 prompt/s, ETA=29s, GPU=9.0GB)
[2026-05-24 22:32:45] ============================================================
[2026-05-24 22:32:45] Experiment B: Cross-layer Topology Preservation
[2026-05-24 22:32:45] ============================================================
[2026-05-24 22:32:45]   Computing distance matrices at each layer...
[2026-05-24 22:32:45]   Computing cross-layer Mantel correlations...
[2026-05-24 22:32:45]     L0 vs L40: Full=nan, V_vis=0.0040, V_inv=0.0129
[2026-05-24 22:32:45]     L10 vs L40: Full=0.5150, V_vis=0.3637, V_inv=0.5609
[2026-05-24 22:32:45]     L20 vs L40: Full=0.5516, V_vis=0.4874, V_inv=0.6006
[2026-05-24 22:32:45]     L30 vs L40: Full=0.8479, V_vis=0.8190, V_inv=0.8683
[2026-05-24 22:32:45]     L40 vs L40: Full=1.0000, V_vis=1.0000, V_inv=1.0000
[2026-05-24 22:32:45]   Computing within vs between category preservation...
[2026-05-24 22:32:45]     L0: Within=0.0755, Between=nan, Diff=nan | W_vis=-0.0012, W_inv=-0.0143 | B_vis=0.0144, B_inv=0.0287
[2026-05-24 22:32:45]     L10: Within=0.5759, Between=0.2897, Diff=0.2861 | W_vis=0.5916, W_inv=0.5756 | B_vis=0.1287, B_inv=0.3528
[2026-05-24 22:32:45]     L20: Within=0.6976, Between=0.3576, Diff=0.3400 | W_vis=0.7021, W_inv=0.7106 | B_vis=0.2785, B_inv=0.4196
[2026-05-24 22:32:45]     L30: Within=0.9249, Between=0.7515, Diff=0.1734 | W_vis=0.8806, W_inv=0.9349 | B_vis=0.7099, B_inv=0.7875
[2026-05-24 22:32:45]     L40: Within=1.0000, Between=1.0000, Diff=0.0000 | W_vis=1.0000, W_inv=1.0000 | B_vis=1.0000, B_inv=1.0000
[2026-05-24 22:32:45]   Computing per-category topology preservation...
[2026-05-24 22:32:45]     fruits: L0_full=nan, Lf_full=1.0000, L0_inv=-0.2199, Lf_inv=1.0000
[2026-05-24 22:32:45]     animals: L0_full=nan, Lf_full=1.0000, L0_inv=-0.1422, Lf_inv=1.0000
[2026-05-24 22:32:45]     vehicles: L0_full=nan, Lf_full=1.0000, L0_inv=-0.0642, Lf_inv=1.0000
[2026-05-24 22:32:45]     tools: L0_full=0.1682, Lf_full=1.0000, L0_inv=0.0705, Lf_inv=1.0000
[2026-05-24 22:32:45]     body: L0_full=nan, Lf_full=1.0000, L0_inv=0.0057, Lf_inv=1.0000
[2026-05-24 22:32:45]   Computing nearest neighbor preservation (k=5)...
[2026-05-24 22:32:45]     L0: NN_preserve Full=0.0541, V_vis=0.0649, V_inv=0.0730
[2026-05-24 22:32:45]     L10: NN_preserve Full=0.6108, V_vis=0.5811, V_inv=0.6270
[2026-05-24 22:32:45]     L20: NN_preserve Full=0.6459, V_vis=0.6568, V_inv=0.6541
[2026-05-24 22:32:45]     L30: NN_preserve Full=0.8054, V_vis=0.7676, V_inv=0.8135
[2026-05-24 22:32:45]     L40: NN_preserve Full=1.0000, V_vis=1.0000, V_inv=1.0000
[2026-05-24 22:32:45]   Computing adjacent-layer topology stability...
[2026-05-24 22:32:45]     L0->L1: Full=nan, V_vis=0.0009, V_inv=-0.0032
[2026-05-24 22:32:45]     L10->L11: Full=0.9883, V_vis=0.9345, V_inv=0.9908
[2026-05-24 22:32:45]     L20->L21: Full=0.9965, V_vis=0.9880, V_inv=0.9975
[2026-05-24 22:32:45]     L30->L31: Full=0.9928, V_vis=0.9891, V_inv=0.9949
[2026-05-24 22:32:45] ============================================================
[2026-05-24 22:32:45] Experiment C: V_vis vs V_inv Cross-space Topology Agreement
[2026-05-24 22:32:45] ============================================================
[2026-05-24 22:32:45]     L0: Full↔V_vis=nan, Full↔V_inv=nan, V_vis↔V_inv=0.9538 | var: vis=0.044, inv=0.956
[2026-05-24 22:32:45]     L10: Full↔V_vis=0.9337, Full↔V_inv=0.9925, V_vis↔V_inv=0.8897 | var: vis=0.183, inv=0.817
[2026-05-24 22:32:45]     L20: Full↔V_vis=0.9639, Full↔V_inv=0.9923, V_vis↔V_inv=0.9346 | var: vis=0.322, inv=0.678
[2026-05-24 22:32:45]     L30: Full↔V_vis=0.9370, Full↔V_inv=0.9897, V_vis↔V_inv=0.9172 | var: vis=0.465, inv=0.535
[2026-05-24 22:32:45]     L40: Full↔V_vis=0.9078, Full↔V_inv=0.9998, V_vis↔V_inv=0.8999 | var: vis=0.047, inv=0.953
[2026-05-24 22:32:45]   Part 2 results saved.
[2026-05-24 22:32:47] Phase 271 complete for glm4
