[21:37:30] glm4/smoke: focus=clean_fiber_high cases=1 variants=without_candidate_list,constrained_free_prompt,with_candidate_list sources=['instruction_core', 'format_cue', 'candidate_list', 'answer_prefix', 'object_tokens', 'relation_tokens']
[21:37:31] [load] glm4: bf16 device_map=auto attn=eager quantization=off
`torch_dtype` is deprecated! Use `dtype` instead!
Loading weights:   0%|          | 0/443 [00:00<?, ?it/s]Loading weights:   0%|          | 2/443 [00:00<00:49,  8.96it/s]Loading weights:   6%|▌         | 27/443 [00:00<00:04, 102.06it/s]Loading weights:  14%|█▎        | 60/443 [00:00<00:02, 177.76it/s]Loading weights:  21%|██        | 93/443 [00:00<00:01, 221.06it/s]Loading weights:  28%|██▊       | 126/443 [00:00<00:01, 247.54it/s]Loading weights:  35%|███▌      | 156/443 [00:00<00:01, 262.63it/s]Loading weights:  43%|████▎     | 192/443 [00:00<00:00, 285.28it/s]Loading weights:  50%|█████     | 222/443 [00:00<00:00, 279.58it/s]Loading weights:  58%|█████▊    | 258/443 [00:01<00:00, 297.11it/s]Loading weights:  65%|██████▌   | 290/443 [00:01<00:00, 295.38it/s]Loading weights:  73%|███████▎  | 324/443 [00:01<00:00, 301.93it/s]Loading weights:  80%|████████  | 356/443 [00:01<00:00, 302.11it/s]Loading weights:  87%|████████▋ | 387/443 [00:01<00:00, 301.23it/s]Loading weights:  95%|█████████▌| 423/443 [00:01<00:00, 313.81it/s]Loading weights: 100%|██████████| 443/443 [00:01<00:00, 267.74it/s]
[21:37:33] [load] glm4: loaded eager, device=cuda:0, gpu=18.80GB
[21:38:04] glm4: semantic latent audit 1/1 cases; rows=19
[model_utils] GPU memory released, allocated=18.81 GB
{
  "model": "glm4",
  "round": "smoke",
  "n_cases": 1,
  "by_prompt_observation": [
    {
      "prompt_variant": "without_candidate_list",
      "n": 1,
      "case_n": 1,
      "base_top1_rate": 0.0,
      "latent_pool_hit_rate": 0.0,
      "pool_target_top1_rate": 0.0,
      "mean_base_target_rank": 214.0,
      "mean_pool_target_rank": 2.0,
      "mean_base_margin": 4.044921875,
      "mean_pool_margin_target_vs_best_other": -0.03125
    },
    {
      "prompt_variant": "with_candidate_list",
      "n": 1,
      "case_n": 1,
      "base_top1_rate": 1.0,
      "latent_pool_hit_rate": 0.0,
      "pool_target_top1_rate": 1.0,
      "mean_base_target_rank": 1.0,
      "mean_pool_target_rank": 1.0,
      "mean_base_margin": 0.4375,
      "mean_pool_margin_target_vs_best_other": 0.4375
    },
    {
      "prompt_variant": "constrained_free_prompt",
      "n": 1,
      "case_n": 1,
      "base_top1_rate": 0.0,
      "latent_pool_hit_rate": 1.0,
      "pool_target_top1_rate": 1.0,
      "mean_base_target_rank": 189.0,
      "mean_pool_target_rank": 1.0,
      "mean_base_margin": 3.99609375,
      "mean_pool_margin_target_vs_best_other": 0.59375
    }
  ],
  "by_prompt_effect": [
    {
      "prompt_variant": "without_candidate_list",
      "candidate_kind": "source_group_top_component",
      "n": 5,
      "case_n": 1,
      "mean_target_logit_drop": -0.0125,
      "mean_margin_drop_target_vs_contrast": -0.00546875,
      "mean_target_rank_delta": -3.0,
      "mean_pool_rank_delta": 0.0,
      "mean_pool_margin_drop": 0.01875,
      "mean_attention_mass": 0.27724761962890626,
      "mean_direct_target_boost": 0.0044299636501818895,
      "mean_direct_route_suppression": 0.024811307224445044,
      "top1_loss_rate": 0.0,
      "pool_top1_loss_rate": 0.0
    },
    {
      "prompt_variant": "with_candidate_list",
      "candidate_kind": "source_group_top_component",
      "n": 6,
      "case_n": 1,
      "mean_target_logit_drop": 0.041666666666666664,
      "mean_margin_drop_target_vs_contrast": 0.0625,
      "mean_target_rank_delta": 0.0,
      "mean_pool_rank_delta": 0.0,
      "mean_pool_margin_drop": 0.0625,
      "mean_attention_mass": 0.40208228429158527,
      "mean_direct_target_boost": 0.14483423228375614,
      "mean_direct_route_suppression": 0.03867911260264615,
      "top1_loss_rate": 0.0,
      "pool_top1_loss_rate": 0.0
    },
    {
      "prompt_variant": "constrained_free_prompt",
      "candidate_kind": "source_group_top_component",
      "n": 5,
      "case_n": 1,
      "mean_target_logit_drop": -0.00625,
      "mean_margin_drop_target_vs_contrast": -0.02421875,
      "mean_target_rank_delta": -3.4,
      "mean_pool_rank_delta": 0.0,
      "mean_pool_margin_drop": 0.0,
      "mean_attention_mass": 0.3232599377632141,
      "mean_direct_target_boost": 0.00838939503300935,
      "mean_direct_route_suppression": 0.02472452078945935,
      "top1_loss_rate": 0.0,
      "pool_top1_loss_rate": 0.0
    }
  ]
}
