=== before 2026-05-29 17:48:46 CST ===
--- uname ---
Linux rankrank-4090D 6.8.0-117-generic #117-Ubuntu SMP PREEMPT_DYNAMIC Tue May  5 19:26:24 UTC 2026 x86_64 x86_64 x86_64 GNU/Linux
--- nvidia version ---
NVRM version: NVIDIA UNIX x86_64 Kernel Module  595.71.05  Fri Apr 24 06:36:12 UTC 2026
GCC version:  gcc version 13.3.0 (Ubuntu 13.3.0-6ubuntu2~24.04.1) 
--- nvidia-smi ---
Fri May 29 17:48:46 2026       
+-----------------------------------------------------------------------------------------+
| NVIDIA-SMI 595.71.05              Driver Version: 595.71.05      CUDA Version: 13.2     |
+-----------------------------------------+------------------------+----------------------+
| GPU  Name                 Persistence-M | Bus-Id          Disp.A | Volatile Uncorr. ECC |
| Fan  Temp   Perf          Pwr:Usage/Cap |           Memory-Usage | GPU-Util  Compute M. |
|                                         |                        |               MIG M. |
|=========================================+========================+======================|
|   0  NVIDIA GeForce RTX 4090 D      Off |   00000000:01:00.0 Off |                  Off |
| 31%   35C    P8             19W /  425W |    1044MiB /  24564MiB |      5%      Default |
|                                         |                        |                  N/A |
+-----------------------------------------+------------------------+----------------------+

+-----------------------------------------------------------------------------------------+
| Processes:                                                                              |
|  GPU   GI   CI              PID   Type   Process name                        GPU Memory |
|        ID   ID                                                               Usage      |
|=========================================================================================|
|    0   N/A  N/A            1804      G   /usr/lib/xorg/Xorg                      305MiB |
|    0   N/A  N/A            2585      G   /usr/bin/gnome-shell                     38MiB |
|    0   N/A  N/A            2768      G   .../sunloginclient --cmd=autorun         17MiB |
|    0   N/A  N/A            3025      G   ...me/58.0.3029.81 Safari/537.36          6MiB |
|    0   N/A  N/A            3054      G   ...957D55D61AD34123F3456D46C12F5          6MiB |
|    0   N/A  N/A            3154      G   ...exec/xdg-desktop-portal-gnome          8MiB |
|    0   N/A  N/A            3294      G   ...bin/snapd-desktop-integration         12MiB |
|    0   N/A  N/A            4845      G   .../8387/usr/lib/firefox/firefox        309MiB |
|    0   N/A  N/A            6521      G   ...us-plus\notepad-plus-plus.exe          6MiB |
|    0   N/A  N/A           29297      G   /proc/self/exe                           73MiB |
+-----------------------------------------------------------------------------------------+
--- compute apps ---
--- python stack ---
python 3.11.15 (main, Mar 11 2026, 17:20:07) [GCC 14.3.0]
conda_env openone-cuda121
PROBE_TORCH_DTYPE bfloat16
PROBE_ATTN_IMPLEMENTATION sdpa
PROBE_DEVICE_MAP_AUTO_MODELS glm4,deepseek7b
torch 2.5.1+cu121 runtime 12.1 available True
gpu NVIDIA GeForce RTX 4090 D
flash_sdp_enabled True
=== after 2026-05-29 17:50:03 CST ===
--- uname ---
Linux rankrank-4090D 6.8.0-117-generic #117-Ubuntu SMP PREEMPT_DYNAMIC Tue May  5 19:26:24 UTC 2026 x86_64 x86_64 x86_64 GNU/Linux
--- nvidia version ---
NVRM version: NVIDIA UNIX x86_64 Kernel Module  595.71.05  Fri Apr 24 06:36:12 UTC 2026
GCC version:  gcc version 13.3.0 (Ubuntu 13.3.0-6ubuntu2~24.04.1) 
--- nvidia-smi ---
Fri May 29 17:50:03 2026       
+-----------------------------------------------------------------------------------------+
| NVIDIA-SMI 595.71.05              Driver Version: 595.71.05      CUDA Version: 13.2     |
+-----------------------------------------+------------------------+----------------------+
| GPU  Name                 Persistence-M | Bus-Id          Disp.A | Volatile Uncorr. ECC |
| Fan  Temp   Perf          Pwr:Usage/Cap |           Memory-Usage | GPU-Util  Compute M. |
|                                         |                        |               MIG M. |
|=========================================+========================+======================|
|   0  NVIDIA GeForce RTX 4090 D      Off |   00000000:01:00.0 Off |                  Off |
| 31%   42C    P2            101W /  425W |    1036MiB /  24564MiB |     28%      Default |
|                                         |                        |                  N/A |
+-----------------------------------------+------------------------+----------------------+

+-----------------------------------------------------------------------------------------+
| Processes:                                                                              |
|  GPU   GI   CI              PID   Type   Process name                        GPU Memory |
|        ID   ID                                                               Usage      |
|=========================================================================================|
|    0   N/A  N/A            1804      G   /usr/lib/xorg/Xorg                      305MiB |
|    0   N/A  N/A            2585      G   /usr/bin/gnome-shell                     38MiB |
|    0   N/A  N/A            2768      G   .../sunloginclient --cmd=autorun         17MiB |
|    0   N/A  N/A            3025      G   ...me/58.0.3029.81 Safari/537.36          6MiB |
|    0   N/A  N/A            3054      G   ...957D55D61AD34123F3456D46C12F5          6MiB |
|    0   N/A  N/A            3154      G   ...exec/xdg-desktop-portal-gnome          8MiB |
|    0   N/A  N/A            3294      G   ...bin/snapd-desktop-integration         12MiB |
|    0   N/A  N/A            4845      G   .../8387/usr/lib/firefox/firefox        309MiB |
|    0   N/A  N/A            6521      G   ...us-plus\notepad-plus-plus.exe          6MiB |
|    0   N/A  N/A           29297      G   /proc/self/exe                           64MiB |
+-----------------------------------------------------------------------------------------+
--- compute apps ---
--- python stack ---
python 3.11.15 (main, Mar 11 2026, 17:20:07) [GCC 14.3.0]
conda_env openone-cuda121
PROBE_TORCH_DTYPE bfloat16
PROBE_ATTN_IMPLEMENTATION sdpa
PROBE_DEVICE_MAP_AUTO_MODELS glm4,deepseek7b
torch 2.5.1+cu121 runtime 12.1 available True
gpu NVIDIA GeForce RTX 4090 D
flash_sdp_enabled True
