[16:02:27] glm4/main: pairs=24 sources=['records_all', 'target_record_line']
[16:02:27] [load] glm4: bf16 device_map=auto attn=eager quantization=off
`torch_dtype` is deprecated! Use `dtype` instead!
Loading weights:   0%|          | 0/443 [00:00<?, ?it/s]Loading weights:   0%|          | 1/443 [00:00<00:51,  8.59it/s]Loading weights:   6%|▌         | 26/443 [00:00<00:03, 131.70it/s]Loading weights:  13%|█▎        | 59/443 [00:00<00:01, 205.26it/s]Loading weights:  21%|██        | 93/443 [00:00<00:01, 246.60it/s]Loading weights:  28%|██▊       | 126/443 [00:00<00:01, 267.60it/s]Loading weights:  36%|███▌      | 158/443 [00:00<00:01, 278.32it/s]Loading weights:  43%|████▎     | 192/443 [00:00<00:00, 291.13it/s]Loading weights:  51%|█████     | 225/443 [00:00<00:00, 295.39it/s]Loading weights:  58%|█████▊    | 258/443 [00:00<00:00, 298.72it/s]Loading weights:  66%|██████▌   | 291/443 [00:01<00:00, 301.81it/s]Loading weights:  73%|███████▎  | 324/443 [00:01<00:00, 304.88it/s]Loading weights:  81%|████████  | 357/443 [00:01<00:00, 305.34it/s]Loading weights:  88%|████████▊ | 390/443 [00:01<00:00, 306.93it/s]Loading weights:  95%|█████████▌| 423/443 [00:01<00:00, 303.56it/s]Loading weights: 100%|██████████| 443/443 [00:01<00:00, 283.59it/s]
[16:02:29] [load] glm4: loaded eager, device=cuda:0, gpu=18.80GB
[16:02:30] glm4: candidates=4 combo_sites=['L36:attn_out', 'L36:mlp_out', 'L37:attn_out', 'L37:mlp_out', 'L38:attn_out', 'L38:mlp_out', 'L39:attn_out', 'L39:mlp_out']
[16:02:44] glm4: route matrix 4/24 pairs; rows=2916
[16:02:58] glm4: route matrix 8/24 pairs; rows=5832
[16:03:12] glm4: route matrix 12/24 pairs; rows=8748
[16:03:25] glm4: route matrix 16/24 pairs; rows=11824
[16:03:39] glm4: route matrix 20/24 pairs; rows=15060
[16:03:53] glm4: route matrix 24/24 pairs; rows=18296
[model_utils] GPU memory released, allocated=18.81 GB
{
  "model": "glm4",
  "round": "main",
  "n_rows": 18296,
  "top_route_cells": [
    {
      "site": "L34:attn_out",
      "head": 4,
      "subunit_id": "L34:attn_out:H4",
      "source_group": "records_all",
      "combo_kind": "same_layer_primary_pair",
      "combo_name": "L37:attn+mlp",
      "combo_sites": [
        "L37:attn_out",
        "L37:mlp_out"
      ],
      "route_group": "top_class:punctuation_or_stop",
      "n": 6,
      "domains": [
        "abstract",
        "animal",
        "plant",
        "tool"
      ],
      "relations": [
        "category",
        "color",
        "shape"
      ],
      "target_success_rate": 0.0,
      "route_success_rate": 0.5,
      "route_only_success_rate": 0.5,
      "joint_success_rate": 0.0,
      "mean_erase_target_logit_drop": -0.20833333333333334,
      "mean_target_recovered": -0.03125,
      "mean_target_recovery_fraction": null,
      "mean_erase_route_release": 0.08333333333333333,
      "mean_restored_route_release": 0.03125,
      "mean_route_reduced": 0.052083333333333336,
      "mean_margin_drop_reduced": 0.020833333333333332,
      "role_guess": "route_only_suppressor_candidate",
      "erase_route_token_counts": {
        " [": 3,
        " **": 2,
        " #": 1
      },
      "restored_route_token_counts": {
        " [": 3,
        " **": 2,
        " #": 1
      }
    },
    {
      "site": "L34:attn_out",
      "head": 4,
      "subunit_id": "L34:attn_out:H4",
      "source_group": "records_all",
      "combo_kind": "same_layer_late_candidate_pair",
      "combo_name": "L38:late_attn+mlp",
      "combo_sites": [
        "L38:attn_out",
        "L38:mlp_out"
      ],
      "route_group": "top_class:punctuation_or_stop",
      "n": 6,
      "domains": [
        "abstract",
        "animal",
        "plant",
        "tool"
      ],
      "relations": [
        "category",
        "color",
        "shape"
      ],
      "target_success_rate": 0.0,
      "route_success_rate": 0.5,
      "route_only_success_rate": 0.5,
      "joint_success_rate": 0.0,
      "mean_erase_target_logit_drop": -0.20833333333333334,
      "mean_target_recovered": -0.11458333333333333,
      "mean_target_recovery_fraction": null,
      "mean_erase_route_release": 0.08333333333333333,
      "mean_restored_route_release": 0.03125,
      "mean_route_reduced": 0.052083333333333336,
      "mean_margin_drop_reduced": -0.0625,
      "role_guess": "route_only_suppressor_candidate",
      "erase_route_token_counts": {
        " [": 3,
        " **": 2,
        " #": 1
      },
      "restored_route_token_counts": {
        " [": 3,
        " **": 2,
        " #": 1
      }
    },
    {
      "site": "L34:attn_out",
      "head": 4,
      "subunit_id": "L34:attn_out:H4",
      "source_group": "records_all",
      "combo_kind": "single_primary_site",
      "combo_name": "L36:mlp_out",
      "combo_sites": [
        "L36:mlp_out"
      ],
      "route_group": "top_class:punctuation_or_stop",
      "n": 6,
      "domains": [
        "abstract",
        "animal",
        "plant",
        "tool"
      ],
      "relations": [
        "category",
        "color",
        "shape"
      ],
      "target_success_rate": 0.0,
      "route_success_rate": 0.5,
      "route_only_success_rate": 0.5,
      "joint_success_rate": 0.0,
      "mean_erase_target_logit_drop": -0.20833333333333334,
      "mean_target_recovered": -0.03125,
      "mean_target_recovery_fraction": null,
      "mean_erase_route_release": 0.08333333333333333,
      "mean_restored_route_release": 0.03125,
      "mean_route_reduced": 0.052083333333333336,
      "mean_margin_drop_reduced": 0.020833333333333332,
      "role_guess": "route_only_suppressor_candidate",
      "erase_route_token_counts": {
        " [": 3,
        " **": 2,
        " #": 1
      },
      "restored_route_token_counts": {
        " [": 3,
        " **": 2,
        " #": 1
      }
    },
    {
      "site": "L34:attn_out",
      "head": 4,
      "subunit_id": "L34:attn_out:H4",
      "source_group": "records_all",
      "combo_kind": "same_layer_late_candidate_pair",
      "combo_name": "L39:late_attn+mlp",
      "combo_sites": [
        "L39:attn_out",
        "L39:mlp_out"
      ],
      "route_group": "top_class:punctuation_or_stop",
      "n": 6,
      "domains": [
        "abstract",
        "animal",
        "plant",
        "tool"
      ],
      "relations": [
        "category",
        "color",
        "shape"
      ],
      "target_success_rate": 0.0,
      "route_success_rate": 0.5,
      "route_only_success_rate": 0.5,
      "joint_success_rate": 0.0,
      "mean_erase_target_logit_drop": -0.20833333333333334,
      "mean_target_recovered": -0.75,
      "mean_target_recovery_fraction": null,
      "mean_erase_route_release": 0.08333333333333333,
      "mean_restored_route_release": 0.041666666666666664,
      "mean_route_reduced": 0.041666666666666664,
      "mean_margin_drop_reduced": -0.7083333333333334,
      "role_guess": "weak_or_unclear",
      "erase_route_token_counts": {
        " [": 3,
        " **": 2,
        " #": 1
      },
      "restored_route_token_counts": {
        " [": 3,
        " **": 2,
        " #": 1
      }
    },
    {
      "site": "L34:attn_out",
      "head": 4,
      "subunit_id": "L34:attn_out:H4",
      "source_group": "records_all",
      "combo_kind": "late_candidate_all",
      "combo_name": "late_candidate_all",
      "combo_sites": [
        "L38:attn_out",
        "L38:mlp_out",
        "L39:attn_out",
        "L39:mlp_out"
      ],
      "route_group": "top_class:punctuation_or_stop",
      "n": 6,
      "domains": [
        "abstract",
        "animal",
        "plant",
        "tool"
      ],
      "relations": [
        "category",
        "color",
        "shape"
      ],
      "target_success_rate": 0.0,
      "route_success_rate": 0.3333333333333333,
      "route_only_success_rate": 0.3333333333333333,
      "joint_success_rate": 0.0,
      "mean_erase_target_logit_drop": -0.20833333333333334,
      "mean_target_recovered": -0.625,
      "mean_target_recovery_fraction": null,
      "mean_erase_route_release": 0.08333333333333333,
      "mean_restored_route_release": 0.041666666666666664,
      "mean_route_reduced": 0.041666666666666664,
      "mean_margin_drop_reduced": -0.5833333333333334,
      "role_guess": "weak_or_unclear",
      "erase_route_token_counts": {
        " [": 3,
        " **": 2,
        " #": 1
      },
      "restored_route_token_counts": {
        " [": 3,
        " **": 2,
        " #": 1
      }
    },
    {
      "site": "L34:attn_out",
      "head": 4,
      "subunit_id": "L34:attn_out:H4",
      "source_group": "records_all",
      "combo_kind": "primary_plus_late_all",
      "combo_name": "primary_plus_late_all",
      "combo_sites": [
        "L36:attn_out",
        "L36:mlp_out",
        "L37:attn_out",
        "L37:mlp_out",
        "L38:attn_out",
        "L38:mlp_out",
        "L39:attn_out",
        "L39:mlp_out"
      ],
      "route_group": "top_class:punctuation_or_stop",
      "n": 6,
      "domains": [
        "abstract",
        "animal",
        "plant",
        "tool"
      ],
      "relations": [
        "category",
        "color",
        "shape"
      ],
      "target_success_rate": 0.0,
      "route_success_rate": 0.3333333333333333,
      "route_only_success_rate": 0.3333333333333333,
      "joint_success_rate": 0.0,
      "mean_erase_target_logit_drop": -0.20833333333333334,
      "mean_target_recovered": -0.625,
      "mean_target_recovery_fraction": null,
      "mean_erase_route_release": 0.08333333333333333,
      "mean_restored_route_release": 0.041666666666666664,
      "mean_route_reduced": 0.041666666666666664,
      "mean_margin_drop_reduced": -0.5833333333333334,
      "role_guess": "weak_or_unclear",
      "erase_route_token_counts": {
        " [": 3,
        " **": 2,
        " #": 1
      },
      "restored_route_token_counts": {
        " [": 3,
        " **": 2,
        " #": 1
      }
    },
    {
      "site": "L34:attn_out",
      "head": 4,
      "subunit_id": "L34:attn_out:H4",
      "source_group": "records_all",
      "combo_kind": "single_primary_site",
      "combo_name": "L37:attn_out",
      "combo_sites": [
        "L37:attn_out"
      ],
      "route_group": "top_class:punctuation_or_stop",
      "n": 6,
      "domains": [
        "abstract",
        "animal",
        "plant",
        "tool"
      ],
      "relations": [
        "category",
        "color",
        "shape"
      ],
      "target_success_rate": 0.0,
      "route_success_rate": 0.3333333333333333,
      "route_only_success_rate": 0.3333333333333333,
      "joint_success_rate": 0.0,
      "mean_erase_target_logit_drop": -0.20833333333333334,
      "mean_target_recovered": 0.0,
      "mean_target_recovery_fraction": null,
      "mean_erase_route_release": 0.08333333333333333,
      "mean_restored_route_release": 0.041666666666666664,
      "mean_route_reduced": 0.041666666666666664,
      "mean_margin_drop_reduced": 0.041666666666666664,
      "role_guess": "weak_or_unclear",
      "erase_route_token_counts": {
        " [": 3,
        " **": 2,
        " #": 1
      },
      "restored_route_token_counts": {
        " [": 3,
        " **": 2,
        " #": 1
      }
    },
    {
      "site": "L34:attn_out",
      "head": 4,
      "subunit_id": "L34:attn_out:H4",
      "source_group": "records_all",
      "combo_kind": "same_layer_primary_pair",
      "combo_name": "L36:attn+mlp",
      "combo_sites": [
        "L36:attn_out",
        "L36:mlp_out"
      ],
      "route_group": "top_class:punctuation_or_stop",
      "n": 6,
      "domains": [
        "abstract",
        "animal",
        "plant",
        "tool"
      ],
      "relations": [
        "category",
        "color",
        "shape"
      ],
      "target_success_rate": 0.0,
      "route_success_rate": 0.3333333333333333,
      "route_only_success_rate": 0.3333333333333333,
      "joint_success_rate": 0.0,
      "mean_erase_target_logit_drop": -0.20833333333333334,
      "mean_target_recovered": -0.03125,
      "mean_target_recovery_fraction": null,
      "mean_erase_route_release": 0.08333333333333333,
      "mean_restored_route_release": 0.052083333333333336,
      "mean_route_reduced": 0.03125,
      "mean_margin_drop_reduced": 0.0,
      "role_guess": "weak_or_unclear",
      "erase_route_token_counts": {
        " [": 3,
        " **": 2,
        " #": 1
      },
      "restored_route_token_counts": {
        " [": 3,
        " **": 2,
        " #": 1
      }
    },
    {
      "site": "L34:attn_out",
      "head": 4,
      "subunit_id": "L34:attn_out:H4",
      "source_group": "records_all",
      "combo_kind": "single_primary_site",
      "combo_name": "L36:attn_out",
      "combo_sites": [
        "L36:attn_out"
      ],
      "route_group": "top_class:punctuation_or_stop",
      "n": 6,
      "domains": [
        "abstract",
        "animal",
        "plant",
        "tool"
      ],
      "relations": [
        "category",
        "color",
        "shape"
      ],
      "target_success_rate": 0.0,
      "route_success_rate": 0.3333333333333333,
      "route_only_success_rate": 0.3333333333333333,
      "joint_success_rate": 0.0,
      "mean_erase_target_logit_drop": -0.20833333333333334,
      "mean_target_recovered": -0.010416666666666666,
      "mean_target_recovery_fraction": null,
      "mean_erase_route_release": 0.08333333333333333,
      "mean_restored_route_release": 0.0625,
      "mean_route_reduced": 0.020833333333333332,
      "mean_margin_drop_reduced": 0.010416666666666666,
      "role_guess": "weak_or_unclear",
      "erase_route_token_counts": {
        " [": 3,
        " **": 2,
        " #": 1
      },
      "restored_route_token_counts": {
        " [": 3,
        " **": 2,
        " #": 1
      }
    },
    {
      "site": "L35:attn_out",
      "head": 29,
      "subunit_id": "L35:attn_out:H29",
      "source_group": "target_record_line",
      "combo_kind": "same_layer_late_candidate_pair",
      "combo_name": "L39:late_attn+mlp",
      "combo_sites": [
        "L39:attn_out",
        "L39:mlp_out"
      ],
      "route_group": "top_class:recipient_answer",
      "n": 6,
      "domains": [
        "animal",
        "fruit",
        "object",
        "plant"
      ],
      "relations": [
        "edible",
        "grows_on_tree"
      ],
      "target_success_rate": 0.0,
      "route_success_rate": 0.16666666666666666,
      "route_only_success_rate": 0.16666666666666666,
      "joint_success_rate": 0.0,
      "mean_erase_target_logit_drop": 0.010416666666666666,
      "mean_target_recovered": -0.020833333333333332,
      "mean_target_recovery_fraction": 0.5,
      "mean_erase_route_release": 0.020833333333333332,
      "mean_restored_route_release": -0.010416666666666666,
      "mean_route_reduced": 0.03125,
      "mean_margin_drop_reduced": 0.010416666666666666,
      "role_guess": "weak_or_unclear",
      "erase_route_token_counts": {
        " yes": 4,
        " no": 2
      },
      "restored_route_token_counts": {
        " yes": 4,
        " no": 2
      }
    }
  ]
}
