`torch_dtype` is deprecated! Use `dtype` instead!
Loading weights:   0%|          | 0/339 [00:00<?, ?it/s]Loading weights:   1%|          | 2/339 [00:00<00:33, 10.02it/s]Loading weights:   9%|▉         | 30/339 [00:00<00:02, 109.44it/s]Loading weights:  22%|██▏       | 76/339 [00:00<00:01, 213.81it/s]Loading weights:  30%|███       | 102/339 [00:00<00:01, 214.82it/s]Loading weights:  44%|████▍     | 149/339 [00:00<00:00, 283.71it/s]Loading weights:  54%|█████▍    | 184/339 [00:00<00:00, 295.21it/s]Loading weights:  64%|██████▎   | 216/339 [00:00<00:00, 284.83it/s]Loading weights:  73%|███████▎  | 246/339 [00:01<00:00, 270.88it/s]Loading weights:  83%|████████▎ | 280/339 [00:01<00:00, 286.87it/s]Loading weights:  91%|█████████▏| 310/339 [00:01<00:00, 278.49it/s]Loading weights: 100%|██████████| 339/339 [00:01<00:00, 252.68it/s]
[15:25:44] Loaded deepseek7b: class=Qwen2ForCausalLM, GPU=15.23GB, attn=eager
[15:25:45] deepseek7b: source-attn audited 12/72 paired cases
[15:25:45] deepseek7b: source-attn audited 24/72 paired cases
[15:25:46] deepseek7b: source-attn audited 36/72 paired cases
[15:25:47] deepseek7b: source-attn audited 48/72 paired cases
[15:25:47] deepseek7b: source-attn audited 60/72 paired cases
[15:25:48] deepseek7b: source-attn audited 72/72 paired cases
[model_utils] GPU memory released, allocated=15.24 GB
{
  "model": "deepseek7b",
  "n_paired_cases": 72,
  "phase": 694,
  "summary": {
    "by_head_variant": {
      "short_only|L13H0": {
        "mean_mass_answer_line": 0.06502617730034722,
        "mean_mass_instruction_line": 0.502685546875,
        "mean_mass_line_partition": 0.9998745388454862,
        "mean_mass_object_name": 0.00528219011094835,
        "mean_mass_outside_lines": 0.0004950629340277778,
        "mean_mass_question_line": 0.08605278862847222,
        "mean_mass_record_line": 0.3461100260416667,
        "mean_mass_relation": 0.0011381043328179254,
        "mean_mass_self_last": 0.022638108995225694,
        "mean_mass_target_value": 0.0006654328770107693,
        "mean_target_value_in_record_mass": 0.0006654328770107693,
        "n": 72,
        "top_attn_token_counts": {
          ".\n": 8,
          "Record": 64
        }
      },
      "short_only|L13H13": {
        "mean_mass_answer_line": 0.9001193576388888,
        "mean_mass_instruction_line": 0.04998440212673611,
        "mean_mass_line_partition": 1.0001757939656575,
        "mean_mass_object_name": 0.001445104678471883,
        "mean_mass_outside_lines": 0.00048277113172743056,
        "mean_mass_question_line": 0.0033665763007269967,
        "mean_mass_record_line": 0.04670545789930555,
        "mean_mass_relation": 0.0012410450144670904,
        "mean_mass_self_last": 0.033927069769965276,
        "mean_mass_target_value": 0.0006484736654278499,
        "mean_target_value_in_record_mass": 0.0006484736654278499,
        "n": 72,
        "top_attn_token_counts": {
          "Answer": 72
        }
      },
      "short_only|L13H15": {
        "mean_mass_answer_line": 0.027538723415798612,
        "mean_mass_instruction_line": 0.4468315972222222,
        "mean_mass_line_partition": 0.9995897081163194,
        "mean_mass_object_name": 0.004877726236979167,
        "mean_mass_outside_lines": 0.0007917616102430555,
        "mean_mass_question_line": 0.0352020263671875,
        "mean_mass_record_line": 0.4900173611111111,
        "mean_mass_relation": 0.0004954139391581217,
        "mean_mass_self_last": 0.012500339084201388,
        "mean_mass_target_value": 0.002180718713336521,
        "mean_target_value_in_record_mass": 0.002180718713336521,
        "n": 72,
        "top_attn_token_counts": {
          " value": 2,
          "Record": 70
        }
      },
      "short_only|L13H19": {
        "mean_mass_answer_line": 0.013912200927734375,
        "mean_mass_instruction_line": 0.9552408854166666,
        "mean_mass_line_partition": 1.0002198219299316,
        "mean_mass_object_name": 0.00018674466345045302,
        "mean_mass_outside_lines": 0.0004420280456542969,
        "mean_mass_question_line": 0.0019589000278049046,
        "mean_mass_record_line": 0.029107835557725694,
        "mean_mass_relation": 8.308962504896852e-06,
        "mean_mass_self_last": 0.009742312961154513,
        "mean_mass_target_value": 0.00012781266640457843,
        "mean_target_value_in_record_mass": 0.00012781266640457843,
        "n": 72,
        "top_attn_token_counts": {
          " only": 46,
          ".\n": 26
        }
      },
      "short_only|L13H20": {
        "mean_mass_answer_line": 0.009246402316623263,
        "mean_mass_instruction_line": 0.9271375868055556,
        "mean_mass_line_partition": 0.9999817742241753,
        "mean_mass_object_name": 0.002808305952284071,
        "mean_mass_outside_lines": 0.0007125006781684028,
        "mean_mass_question_line": 0.009969075520833334,
        "mean_mass_record_line": 0.0536287095811632,
        "mean_mass_relation": 0.00033072961701287166,
        "mean_mass_self_last": 0.0030946731567382812,
        "mean_mass_target_value": 0.0008683246042993334,
        "mean_target_value_in_record_mass": 0.0008683246042993334,
        "n": 72,
        "top_attn_token_counts": {
          " value": 61,
          ".\n": 11
        }
      },
      "short_only|L13H4": {
        "mean_mass_answer_line": 0.15254041883680555,
        "mean_mass_instruction_line": 0.6285264756944444,
        "mean_mass_line_partition": 0.9998508029513888,
        "mean_mass_object_name": 0.002116733127170139,
        "mean_mass_outside_lines": 0.0006239149305555555,
        "mean_mass_question_line": 0.16375732421875,
        "mean_mass_record_line": 0.05502658420138889,
        "mean_mass_relation": 0.0003812975353664822,
        "mean_mass_self_last": 0.09899224175347222,
        "mean_mass_target_value": 0.00036447702182663814,
        "mean_target_value_in_record_mass": 0.00036447702182663814,
        "n": 72,
        "top_attn_token_counts": {
          ".\n": 72
        }
      },
      "short_only|L14H15": {
        "mean_mass_answer_line": 0.019515143500434026,
        "mean_mass_instruction_line": 0.6142578125,
        "mean_mass_line_partition": 0.9998584323459201,
        "mean_mass_object_name": 0.015350765652126737,
        "mean_mass_outside_lines": 0.0006417168511284722,
        "mean_mass_question_line": 0.08799574110243055,
        "mean_mass_record_line": 0.2780897352430556,
        "mean_mass_relation": 0.004797776540120442,
        "mean_mass_self_last": 0.0064525604248046875,
        "mean_mass_target_value": 0.008835017681121826,
        "mean_target_value_in_record_mass": 0.008835017681121826,
        "n": 72,
        "top_attn_token_counts": {
          " value": 65,
          "Record": 7
        }
      },
      "short_only|L14H17": {
        "mean_mass_answer_line": 0.08537462022569445,
        "mean_mass_instruction_line": 0.5884602864583334,
        "mean_mass_line_partition": 0.9999593098958334,
        "mean_mass_object_name": 0.0053081512451171875,
        "mean_mass_outside_lines": 0.0005476209852430555,
        "mean_mass_question_line": 0.04704454210069445,
        "mean_mass_record_line": 0.2790798611111111,
        "mean_mass_relation": 0.0004418856567806668,
        "mean_mass_self_last": 0.0052611033121744795,
        "mean_mass_target_value": 0.0012003787689738804,
        "mean_target_value_in_record_mass": 0.0012003787689738804,
        "n": 72,
        "top_attn_token_counts": {
          " only": 13,
          ".\n": 20,
          "Record": 39
        }
      },
      "short_only|L15H25": {
        "mean_mass_answer_line": 0.05128648546006945,
        "mean_mass_instruction_line": 0.13853624131944445,
        "mean_mass_line_partition": 1.000030517578125,
        "mean_mass_object_name": 0.1576470269097222,
        "mean_mass_outside_lines": 0.0005594889322916666,
        "mean_mass_question_line": 0.14625379774305555,
        "mean_mass_record_line": 0.6639539930555556,
        "mean_mass_relation": 0.011555141872829862,
        "mean_mass_self_last": 0.016496446397569444,
        "mean_mass_target_value": 0.049716949462890625,
        "mean_target_value_in_record_mass": 0.049716949462890625,
        "n": 72,
        "top_attn_token_counts": {
          "Record": 72
        }
      },
      "short_only|L16H15": {
        "mean_mass_answer_line": 0.5109592013888888,
        "mean_mass_instruction_line": 0.3575303819444444,
        "mean_mass_line_partition": 1.000072055392795,
        "mean_mass_object_name": 0.0005171050628026327,
        "mean_mass_outside_lines": 0.0004925198025173611,
        "mean_mass_question_line": 0.012760586208767362,
        "mean_mass_record_line": 0.11882188585069445,
        "mean_mass_relation": 1.6537022828641866e-06,
        "mean_mass_self_last": 0.0659061008029514,
        "mean_mass_target_value": 6.776664324408759e-06,
        "mean_target_value_in_record_mass": 6.776664324408759e-06,
        "n": 72,
        "top_attn_token_counts": {
          " Answer": 1,
          "Answer": 71
        }
      },
      "short_only|L16H27": {
        "mean_mass_answer_line": 0.016250186496310763,
        "mean_mass_instruction_line": 0.037835015190972224,
        "mean_mass_line_partition": 1.0003471374511719,
        "mean_mass_object_name": 0.08045789930555555,
        "mean_mass_outside_lines": 0.00046751234266493056,
        "mean_mass_question_line": 0.1538357204861111,
        "mean_mass_record_line": 0.7924262152777778,
        "mean_mass_relation": 0.03831821017795139,
        "mean_mass_self_last": 0.010876549614800347,
        "mean_mass_target_value": 0.010615825653076172,
        "mean_target_value_in_record_mass": 0.010615825653076172,
        "n": 72,
        "top_attn_token_counts": {
          "Record": 72
        }
      },
      "short_only|L18H1": {
        "mean_mass_answer_line": 0.12120225694444445,
        "mean_mass_instruction_line": 0.0575714111328125,
        "mean_mass_line_partition": 1.0001627604166667,
        "mean_mass_object_name": 0.0247650146484375,
        "mean_mass_outside_lines": 0.0005577935112847222,
        "mean_mass_question_line": 0.042960272894965276,
        "mean_mass_record_line": 0.7784288194444444,
        "mean_mass_relation": 0.0015294022030300563,
        "mean_mass_self_last": 0.055348714192708336,
        "mean_mass_target_value": 0.00645903746287028,
        "mean_target_value_in_record_mass": 0.00645903746287028,
        "n": 72,
        "top_attn_token_counts": {
          "Record": 72
        }
      },
      "short_only|L18H10": {
        "mean_mass_answer_line": 0.04003567165798611,
        "mean_mass_instruction_line": 0.07789442274305555,
        "mean_mass_line_partition": 0.9998948838975694,
        "mean_mass_object_name": 0.040845235188802086,
        "mean_mass_outside_lines": 0.0006679958767361111,
        "mean_mass_question_line": 0.1647067599826389,
        "mean_mass_record_line": 0.7172580295138888,
        "mean_mass_relation": 0.05180189344618055,
        "mean_mass_self_last": 0.029908921983506944,
        "mean_mass_target_value": 0.006970670488145616,
        "mean_target_value_in_record_mass": 0.006970670488145616,
        "n": 72,
        "top_attn_token_counts": {
          "Record": 72
        }
      },
      "short_only|L18H19": {
        "mean_mass_answer_line": 0.04478285047743055,
        "mean_mass_instruction_line": 0.3491889105902778,
        "mean_mass_line_partition": 0.9997660319010416,
        "mean_mass_object_name": 0.07646687825520833,
        "mean_mass_outside_lines": 0.0005747477213541666,
        "mean_mass_question_line": 0.1399468315972222,
        "mean_mass_record_line": 0.4658474392361111,
        "mean_mass_relation": 0.011512544420030382,
        "mean_mass_self_last": 0.03393385145399305,
        "mean_mass_target_value": 0.02911196814643012,
        "mean_target_value_in_record_mass": 0.02911196814643012,
        "n": 72,
        "top_attn_token_counts": {
          "Record": 72
        }
      },
      "short_only|L18H6": {
        "mean_mass_answer_line": 0.3483479817708333,
        "mean_mass_instruction_line": 0.0670199924045139,
        "mean_mass_line_partition": 0.9997948540581597,
        "mean_mass_object_name": 0.010094536675347222,
        "mean_mass_outside_lines": 0.0006866455078125,
        "mean_mass_question_line": 0.017857869466145832,
        "mean_mass_record_line": 0.5665690104166666,
        "mean_mass_relation": 0.000888930426703559,
        "mean_mass_self_last": 0.10496351453993055,
        "mean_mass_target_value": 0.0005259820156627231,
        "mean_target_value_in_record_mass": 0.0005259820156627231,
        "n": 72,
        "top_attn_token_counts": {
          "Answer": 1,
          "Record": 71
        }
      },
      "short_only|L18H7": {
        "mean_mass_answer_line": 1.0,
        "mean_mass_instruction_line": 1.2454369829760657e-05,
        "mean_mass_line_partition": 1.0000670154974562,
        "mean_mass_object_name": 1.0235166788182444e-09,
        "mean_mass_outside_lines": 0.0,
        "mean_mass_question_line": 6.633937725079402e-08,
        "mean_mass_record_line": 5.44947882493337e-05,
        "mean_mass_relation": 1.5886661103149524e-10,
        "mean_mass_self_last": 1.0,
        "mean_mass_target_value": 1.2121542155959173e-11,
        "mean_target_value_in_record_mass": 1.2121542155959173e-11,
        "n": 72,
        "top_attn_token_counts": {
          ":": 72
        }
      },
      "terse_no_explain|L13H0": {
        "mean_mass_answer_line": 0.037835015190972224,
        "mean_mass_instruction_line": 0.2757025824652778,
        "mean_mass_line_partition": 0.9997762044270834,
        "mean_mass_object_name": 0.012154473198784722,
        "mean_mass_outside_lines": 0.0006290011935763889,
        "mean_mass_question_line": 0.17283799913194445,
        "mean_mass_record_line": 0.5134006076388888,
        "mean_mass_relation": 0.002484401067097982,
        "mean_mass_self_last": 0.009297264946831597,
        "mean_mass_target_value": 0.0008026361465454102,
        "mean_target_value_in_record_mass": 0.0008026361465454102,
        "n": 72,
        "top_attn_token_counts": {
          "Record": 72
        }
      },
      "terse_no_explain|L13H13": {
        "mean_mass_answer_line": 0.9121636284722222,
        "mean_mass_instruction_line": 0.03961181640625,
        "mean_mass_line_partition": 0.9999167124430338,
        "mean_mass_object_name": 0.0021487341986762155,
        "mean_mass_outside_lines": 0.0007309383816189236,
        "mean_mass_question_line": 0.0066305796305338545,
        "mean_mass_record_line": 0.041510687934027776,
        "mean_mass_relation": 0.0005780676793720988,
        "mean_mass_self_last": 0.037012736002604164,
        "mean_mass_target_value": 0.00034198208757314004,
        "mean_target_value_in_record_mass": 0.00034198208757314004,
        "n": 72,
        "top_attn_token_counts": {
          "Answer": 72
        }
      },
      "terse_no_explain|L13H15": {
        "mean_mass_answer_line": 0.03187730577256945,
        "mean_mass_instruction_line": 0.5531412760416666,
        "mean_mass_line_partition": 1.0001797146267362,
        "mean_mass_object_name": 0.004702991909450955,
        "mean_mass_outside_lines": 0.0005137125651041666,
        "mean_mass_question_line": 0.03708224826388889,
        "mean_mass_record_line": 0.3780788845486111,
        "mean_mass_relation": 0.0007539523972405328,
        "mean_mass_self_last": 0.011179606119791666,
        "mean_mass_target_value": 0.0018169846799638537,
        "mean_target_value_in_record_mass": 0.0018169846799638537,
        "n": 72,
        "top_attn_token_counts": {
          ".": 6,
          "Record": 66
        }
      },
      "terse_no_explain|L13H19": {
        "mean_mass_answer_line": 0.018565707736545138,
        "mean_mass_instruction_line": 0.9563802083333334,
        "mean_mass_line_partition": 1.000070571899414,
        "mean_mass_object_name": 0.0002415229876836141,
        "mean_mass_outside_lines": 0.0005964703030056424,
        "mean_mass_question_line": 0.003655115763346354,
        "mean_mass_record_line": 0.021469540066189237,
        "mean_mass_relation": 1.3455269961721367e-05,
        "mean_mass_self_last": 0.008777194552951388,
        "mean_mass_target_value": 0.00018019644388308129,
        "mean_target_value_in_record_mass": 0.00018019644388308129,
        "n": 72,
        "top_attn_token_counts": {
          " exactly": 3,
          ".": 10,
          ".\n": 59
        }
      },
      "terse_no_explain|L13H20": {
        "mean_mass_answer_line": 0.007798088921440972,
        "mean_mass_instruction_line": 0.9274631076388888,
        "mean_mass_line_partition": 0.999828126695421,
        "mean_mass_object_name": 0.002018133799235026,
        "mean_mass_outside_lines": 0.0006898244222005209,
        "mean_mass_question_line": 0.009409798516167535,
        "mean_mass_record_line": 0.05515713161892361,
        "mean_mass_relation": 0.0004563331604003906,
        "mean_mass_self_last": 0.0032596588134765625,
        "mean_mass_target_value": 0.0009795348677370283,
        "mean_target_value_in_record_mass": 0.0009795348677370283,
        "n": 72,
        "top_attn_token_counts": {
          " exactly": 6,
          ".": 28,
          ".\n": 38
        }
      },
      "terse_no_explain|L13H4": {
        "mean_mass_answer_line": 0.1722479926215278,
        "mean_mass_instruction_line": 0.5700141059027778,
        "mean_mass_line_partition": 1.0000491672092013,
        "mean_mass_object_name": 0.0043523576524522566,
        "mean_mass_outside_lines": 0.0004984537760416666,
        "mean_mass_question_line": 0.20960828993055555,
        "mean_mass_record_line": 0.048178778754340276,
        "mean_mass_relation": 0.0009628666771782769,
        "mean_mass_self_last": 0.04703097873263889,
        "mean_mass_target_value": 0.0004653210441271464,
        "mean_target_value_in_record_mass": 0.0004653210441271464,
        "n": 72,
        "top_attn_token_counts": {
          ".\n": 72
        }
      },
      "terse_no_explain|L14H15": {
        "mean_mass_answer_line": 0.018665737575954862,
        "mean_mass_instruction_line": 0.1866794162326389,
        "mean_mass_line_partition": 0.9998397827148438,
        "mean_mass_object_name": 0.03363376193576389,
        "mean_mass_outside_lines": 0.0005255805121527778,
        "mean_mass_question_line": 0.20456949869791666,
        "mean_mass_record_line": 0.5899251302083334,
        "mean_mass_relation": 0.026132159762912326,
        "mean_mass_self_last": 0.011811574300130209,
        "mean_mass_target_value": 0.02183948622809516,
        "mean_target_value_in_record_mass": 0.02183948622809516,
        "n": 72,
        "top_attn_token_counts": {
          " of": 1,
          " yellow": 1,
          ";": 1,
          "?\n": 2,
          "Record": 67
        }
      },
      "terse_no_explain|L14H17": {
        "mean_mass_answer_line": 0.04230923122829861,
        "mean_mass_instruction_line": 0.60009765625,
        "mean_mass_line_partition": 1.000152587890625,
        "mean_mass_object_name": 0.008165571424696181,
        "mean_mass_outside_lines": 0.00042555067274305556,
        "mean_mass_question_line": 0.08068678114149305,
        "mean_mass_record_line": 0.2770589192708333,
        "mean_mass_relation": 0.0022332403394911024,
        "mean_mass_self_last": 0.009111616346571181,
        "mean_mass_target_value": 0.0037849677933586966,
        "mean_target_value_in_record_mass": 0.0037849677933586966,
        "n": 72,
        "top_attn_token_counts": {
          " not": 1,
          ".": 1,
          ".\n": 35,
          "Record": 35
        }
      },
      "terse_no_explain|L15H25": {
        "mean_mass_answer_line": 0.021747165256076388,
        "mean_mass_instruction_line": 0.3312038845486111,
        "mean_mass_line_partition": 0.9997677273220487,
        "mean_mass_object_name": 0.12654622395833334,
        "mean_mass_outside_lines": 0.0006306966145833334,
        "mean_mass_question_line": 0.1270412868923611,
        "mean_mass_record_line": 0.519775390625,
        "mean_mass_relation": 0.009492238362630209,
        "mean_mass_self_last": 0.008194393581814237,
        "mean_mass_target_value": 0.03827773200141059,
        "mean_target_value_in_record_mass": 0.03827773200141059,
        "n": 72,
        "top_attn_token_counts": {
          "Record": 72
        }
      },
      "terse_no_explain|L16H15": {
        "mean_mass_answer_line": 0.4750434027777778,
        "mean_mass_instruction_line": 0.4077690972222222,
        "mean_mass_line_partition": 0.9998512268066406,
        "mean_mass_object_name": 0.00043748981422848173,
        "mean_mass_outside_lines": 0.0006273057725694445,
        "mean_mass_question_line": 0.017609066433376737,
        "mean_mass_record_line": 0.0994296603732639,
        "mean_mass_relation": 2.409118072440227e-06,
        "mean_mass_self_last": 0.15675184461805555,
        "mean_mass_target_value": 1.2147645470071842e-05,
        "mean_target_value_in_record_mass": 1.2147645470071842e-05,
        "n": 72,
        "top_attn_token_counts": {
          ".\n": 11,
          ":": 2,
          "Answer": 57,
          "Record": 2
        }
      },
      "terse_no_explain|L16H27": {
        "mean_mass_answer_line": 0.007745530870225694,
        "mean_mass_instruction_line": 0.014966328938802084,
        "mean_mass_line_partition": 1.0000881618923612,
        "mean_mass_object_name": 0.0649685329861111,
        "mean_mass_outside_lines": 0.000526216295030382,
        "mean_mass_question_line": 0.4925672743055556,
        "mean_mass_record_line": 0.4848090277777778,
        "mean_mass_relation": 0.02644136216905382,
        "mean_mass_self_last": 0.006465170118543837,
        "mean_mass_target_value": 0.008585453033447266,
        "mean_target_value_in_record_mass": 0.008585453033447266,
        "n": 72,
        "top_attn_token_counts": {
          "Question": 64,
          "Record": 8
        }
      },
      "terse_no_explain|L18H1": {
        "mean_mass_answer_line": 0.2689751519097222,
        "mean_mass_instruction_line": 0.1328972710503472,
        "mean_mass_line_partition": 1.0001220703125,
        "mean_mass_object_name": 0.022182888454861112,
        "mean_mass_outside_lines": 0.00034925672743055556,
        "mean_mass_question_line": 0.07535468207465278,
        "mean_mass_record_line": 0.5228949652777778,
        "mean_mass_relation": 0.0015765296088324653,
        "mean_mass_self_last": 0.0845523410373264,
        "mean_mass_target_value": 0.002811590830485026,
        "mean_target_value_in_record_mass": 0.002811590830485026,
        "n": 72,
        "top_attn_token_counts": {
          "Answer": 4,
          "Record": 68
        }
      },
      "terse_no_explain|L18H10": {
        "mean_mass_answer_line": 0.056360880533854164,
        "mean_mass_instruction_line": 0.026805453830295138,
        "mean_mass_line_partition": 1.0000093248155382,
        "mean_mass_object_name": 0.0666775173611111,
        "mean_mass_outside_lines": 0.0006434122721354166,
        "mean_mass_question_line": 0.2544894748263889,
        "mean_mass_record_line": 0.662353515625,
        "mean_mass_relation": 0.1002926296657986,
        "mean_mass_self_last": 0.04589674207899305,
        "mean_mass_target_value": 0.017302195231119793,
        "mean_target_value_in_record_mass": 0.017302195231119793,
        "n": 72,
        "top_attn_token_counts": {
          " place": 3,
          "Record": 69
        }
      },
      "terse_no_explain|L18H19": {
        "mean_mass_answer_line": 0.07820298936631945,
        "mean_mass_instruction_line": 0.1900363498263889,
        "mean_mass_line_partition": 0.9999966091579862,
        "mean_mass_object_name": 0.10114881727430555,
        "mean_mass_outside_lines": 0.00047471788194444444,
        "mean_mass_question_line": 0.1896023220486111,
        "mean_mass_record_line": 0.5421549479166666,
        "mean_mass_relation": 0.0172119140625,
        "mean_mass_self_last": 0.055241902669270836,
        "mean_mass_target_value": 0.035421795315212674,
        "mean_target_value_in_record_mass": 0.035421795315212674,
        "n": 72,
        "top_attn_token_counts": {
          "Record": 72
        }
      },
      "terse_no_explain|L18H6": {
        "mean_mass_answer_line": 0.4334581163194444,
        "mean_mass_instruction_line": 0.1284111870659722,
        "mean_mass_line_partition": 0.9999686347113715,
        "mean_mass_object_name": 0.012256198459201388,
        "mean_mass_outside_lines": 0.0005747477213541666,
        "mean_mass_question_line": 0.025338914659288194,
        "mean_mass_record_line": 0.4127604166666667,
        "mean_mass_relation": 0.0013284683227539062,
        "mean_mass_self_last": 0.08427259657118055,
        "mean_mass_target_value": 0.0006743735737270779,
        "mean_target_value_in_record_mass": 0.0006743735737270779,
        "n": 72,
        "top_attn_token_counts": {
          "Answer": 34,
          "Record": 38
        }
      },
      "terse_no_explain|L18H7": {
        "mean_mass_answer_line": 0.9999457465277778,
        "mean_mass_instruction_line": 7.161999949150615e-06,
        "mean_mass_line_partition": 1.0001149124768238,
        "mean_mass_object_name": 3.332388491067043e-10,
        "mean_mass_outside_lines": 1.9366956419414943e-05,
        "mean_mass_question_line": 1.2173154067972468e-06,
        "mean_mass_record_line": 0.00016078663369019827,
        "mean_mass_relation": 1.8022839964445762e-10,
        "mean_mass_self_last": 0.9999457465277778,
        "mean_mass_target_value": 7.786838341941522e-10,
        "mean_target_value_in_record_mass": 7.786838341941522e-10,
        "n": 72,
        "top_attn_token_counts": {
          ":": 72
        }
      }
    },
    "by_variant": {
      "short_only": {
        "mean_mass_answer_line": 0.2128836048973931,
        "mean_mass_instruction_line": 0.3624195889246443,
        "mean_mass_line_partition": 0.9999778399042312,
        "mean_mass_object_name": 0.026760588670996264,
        "mean_mass_outside_lines": 0.0005465050538380941,
        "mean_mass_question_line": 0.06960430493657396,
        "mean_mass_record_line": 0.35507034114561975,
        "mean_mass_relation": 0.007777646125381486,
        "mean_mass_self_last": 0.09437765677769978,
        "mean_mass_target_value": 0.00739361536899518,
        "mean_target_value_in_record_mass": 0.00739361536899518,
        "n": 1152,
        "top_attn_token_counts": {
          " Answer": 1,
          " only": 59,
          " value": 128,
          ".\n": 137,
          ":": 72,
          "Answer": 144,
          "Record": 611
        }
      },
      "terse_no_explain": {
        "mean_mass_answer_line": 0.22393385569254556,
        "mean_mass_instruction_line": 0.3338241814845888,
        "mean_mass_line_partition": 0.9999832209626018,
        "mean_mass_object_name": 0.02885220098425836,
        "mean_mass_outside_lines": 0.0005284532542443938,
        "mean_mass_question_line": 0.11915528435196797,
        "mean_mass_record_line": 0.3230698994334994,
        "mean_mass_relation": 0.011872501740220268,
        "mean_mass_self_last": 0.09867508543862237,
        "mean_mass_target_value": 0.00833102485630249,
        "mean_target_value_in_record_mass": 0.00833102485630249,
        "n": 1152,
        "top_attn_token_counts": {
          " exactly": 9,
          " not": 1,
          " of": 1,
          " place": 3,
          " yellow": 1,
          ".": 45,
          ".\n": 215,
          ":": 74,
          "?\n": 2,
          "Answer": 167,
          "Question": 64,
          "Record": 569
        }
      }
    },
    "heads_high_instruction_mass": [
      {
        "condition": "terse_no_explain|L13H19",
        "mean_mass_answer_line": 0.018565707736545138,
        "mean_mass_instruction_line": 0.9563802083333334,
        "mean_mass_line_partition": 1.000070571899414,
        "mean_mass_object_name": 0.0002415229876836141,
        "mean_mass_outside_lines": 0.0005964703030056424,
        "mean_mass_question_line": 0.003655115763346354,
        "mean_mass_record_line": 0.021469540066189237,
        "mean_mass_relation": 1.3455269961721367e-05,
        "mean_mass_self_last": 0.008777194552951388,
        "mean_mass_target_value": 0.00018019644388308129,
        "mean_target_value_in_record_mass": 0.00018019644388308129,
        "n": 72,
        "top_attn_token_counts": {
          " exactly": 3,
          ".": 10,
          ".\n": 59
        }
      },
      {
        "condition": "short_only|L13H19",
        "mean_mass_answer_line": 0.013912200927734375,
        "mean_mass_instruction_line": 0.9552408854166666,
        "mean_mass_line_partition": 1.0002198219299316,
        "mean_mass_object_name": 0.00018674466345045302,
        "mean_mass_outside_lines": 0.0004420280456542969,
        "mean_mass_question_line": 0.0019589000278049046,
        "mean_mass_record_line": 0.029107835557725694,
        "mean_mass_relation": 8.308962504896852e-06,
        "mean_mass_self_last": 0.009742312961154513,
        "mean_mass_target_value": 0.00012781266640457843,
        "mean_target_value_in_record_mass": 0.00012781266640457843,
        "n": 72,
        "top_attn_token_counts": {
          " only": 46,
          ".\n": 26
        }
      },
      {
        "condition": "terse_no_explain|L13H20",
        "mean_mass_answer_line": 0.007798088921440972,
        "mean_mass_instruction_line": 0.9274631076388888,
        "mean_mass_line_partition": 0.999828126695421,
        "mean_mass_object_name": 0.002018133799235026,
        "mean_mass_outside_lines": 0.0006898244222005209,
        "mean_mass_question_line": 0.009409798516167535,
        "mean_mass_record_line": 0.05515713161892361,
        "mean_mass_relation": 0.0004563331604003906,
        "mean_mass_self_last": 0.0032596588134765625,
        "mean_mass_target_value": 0.0009795348677370283,
        "mean_target_value_in_record_mass": 0.0009795348677370283,
        "n": 72,
        "top_attn_token_counts": {
          " exactly": 6,
          ".": 28,
          ".\n": 38
        }
      },
      {
        "condition": "short_only|L13H20",
        "mean_mass_answer_line": 0.009246402316623263,
        "mean_mass_instruction_line": 0.9271375868055556,
        "mean_mass_line_partition": 0.9999817742241753,
        "mean_mass_object_name": 0.002808305952284071,
        "mean_mass_outside_lines": 0.0007125006781684028,
        "mean_mass_question_line": 0.009969075520833334,
        "mean_mass_record_line": 0.0536287095811632,
        "mean_mass_relation": 0.00033072961701287166,
        "mean_mass_self_last": 0.0030946731567382812,
        "mean_mass_target_value": 0.0008683246042993334,
        "mean_target_value_in_record_mass": 0.0008683246042993334,
        "n": 72,
        "top_attn_token_counts": {
          " value": 61,
          ".\n": 11
        }
      },
      {
        "condition": "short_only|L13H4",
        "mean_mass_answer_line": 0.15254041883680555,
        "mean_mass_instruction_line": 0.6285264756944444,
        "mean_mass_line_partition": 0.9998508029513888,
        "mean_mass_object_name": 0.002116733127170139,
        "mean_mass_outside_lines": 0.0006239149305555555,
        "mean_mass_question_line": 0.16375732421875,
        "mean_mass_record_line": 0.05502658420138889,
        "mean_mass_relation": 0.0003812975353664822,
        "mean_mass_self_last": 0.09899224175347222,
        "mean_mass_target_value": 0.00036447702182663814,
        "mean_target_value_in_record_mass": 0.00036447702182663814,
        "n": 72,
        "top_attn_token_counts": {
          ".\n": 72
        }
      },
      {
        "condition": "short_only|L14H15",
        "mean_mass_answer_line": 0.019515143500434026,
        "mean_mass_instruction_line": 0.6142578125,
        "mean_mass_line_partition": 0.9998584323459201,
        "mean_mass_object_name": 0.015350765652126737,
        "mean_mass_outside_lines": 0.0006417168511284722,
        "mean_mass_question_line": 0.08799574110243055,
        "mean_mass_record_line": 0.2780897352430556,
        "mean_mass_relation": 0.004797776540120442,
        "mean_mass_self_last": 0.0064525604248046875,
        "mean_mass_target_value": 0.008835017681121826,
        "mean_target_value_in_record_mass": 0.008835017681121826,
        "n": 72,
        "top_attn_token_counts": {
          " value": 65,
          "Record": 7
        }
      },
      {
        "condition": "terse_no_explain|L14H17",
        "mean_mass_answer_line": 0.04230923122829861,
        "mean_mass_instruction_line": 0.60009765625,
        "mean_mass_line_partition": 1.000152587890625,
        "mean_mass_object_name": 0.008165571424696181,
        "mean_mass_outside_lines": 0.00042555067274305556,
        "mean_mass_question_line": 0.08068678114149305,
        "mean_mass_record_line": 0.2770589192708333,
        "mean_mass_relation": 0.0022332403394911024,
        "mean_mass_self_last": 0.009111616346571181,
        "mean_mass_target_value": 0.0037849677933586966,
        "mean_target_value_in_record_mass": 0.0037849677933586966,
        "n": 72,
        "top_attn_token_counts": {
          " not": 1,
          ".": 1,
          ".\n": 35,
          "Record": 35
        }
      },
      {
        "condition": "short_only|L14H17",
        "mean_mass_answer_line": 0.08537462022569445,
        "mean_mass_instruction_line": 0.5884602864583334,
        "mean_mass_line_partition": 0.9999593098958334,
        "mean_mass_object_name": 0.0053081512451171875,
        "mean_mass_outside_lines": 0.0005476209852430555,
        "mean_mass_question_line": 0.04704454210069445,
        "mean_mass_record_line": 0.2790798611111111,
        "mean_mass_relation": 0.0004418856567806668,
        "mean_mass_self_last": 0.0052611033121744795,
        "mean_mass_target_value": 0.0012003787689738804,
        "mean_target_value_in_record_mass": 0.0012003787689738804,
        "n": 72,
        "top_attn_token_counts": {
          " only": 13,
          ".\n": 20,
          "Record": 39
        }
      },
      {
        "condition": "terse_no_explain|L13H4",
        "mean_mass_answer_line": 0.1722479926215278,
        "mean_mass_instruction_line": 0.5700141059027778,
        "mean_mass_line_partition": 1.0000491672092013,
        "mean_mass_object_name": 0.0043523576524522566,
        "mean_mass_outside_lines": 0.0004984537760416666,
        "mean_mass_question_line": 0.20960828993055555,
        "mean_mass_record_line": 0.048178778754340276,
        "mean_mass_relation": 0.0009628666771782769,
        "mean_mass_self_last": 0.04703097873263889,
        "mean_mass_target_value": 0.0004653210441271464,
        "mean_target_value_in_record_mass": 0.0004653210441271464,
        "n": 72,
        "top_attn_token_counts": {
          ".\n": 72
        }
      },
      {
        "condition": "terse_no_explain|L13H15",
        "mean_mass_answer_line": 0.03187730577256945,
        "mean_mass_instruction_line": 0.5531412760416666,
        "mean_mass_line_partition": 1.0001797146267362,
        "mean_mass_object_name": 0.004702991909450955,
        "mean_mass_outside_lines": 0.0005137125651041666,
        "mean_mass_question_line": 0.03708224826388889,
        "mean_mass_record_line": 0.3780788845486111,
        "mean_mass_relation": 0.0007539523972405328,
        "mean_mass_self_last": 0.011179606119791666,
        "mean_mass_target_value": 0.0018169846799638537,
        "mean_target_value_in_record_mass": 0.0018169846799638537,
        "n": 72,
        "top_attn_token_counts": {
          ".": 6,
          "Record": 66
        }
      },
      {
        "condition": "short_only|L13H0",
        "mean_mass_answer_line": 0.06502617730034722,
        "mean_mass_instruction_line": 0.502685546875,
        "mean_mass_line_partition": 0.9998745388454862,
        "mean_mass_object_name": 0.00528219011094835,
        "mean_mass_outside_lines": 0.0004950629340277778,
        "mean_mass_question_line": 0.08605278862847222,
        "mean_mass_record_line": 0.3461100260416667,
        "mean_mass_relation": 0.0011381043328179254,
        "mean_mass_self_last": 0.022638108995225694,
        "mean_mass_target_value": 0.0006654328770107693,
        "mean_target_value_in_record_mass": 0.0006654328770107693,
        "n": 72,
        "top_attn_token_counts": {
          ".\n": 8,
          "Record": 64
        }
      },
      {
        "condition": "short_only|L13H15",
        "mean_mass_answer_line": 0.027538723415798612,
        "mean_mass_instruction_line": 0.4468315972222222,
        "mean_mass_line_partition": 0.9995897081163194,
        "mean_mass_object_name": 0.004877726236979167,
        "mean_mass_outside_lines": 0.0007917616102430555,
        "mean_mass_question_line": 0.0352020263671875,
        "mean_mass_record_line": 0.4900173611111111,
        "mean_mass_relation": 0.0004954139391581217,
        "mean_mass_self_last": 0.012500339084201388,
        "mean_mass_target_value": 0.002180718713336521,
        "mean_target_value_in_record_mass": 0.002180718713336521,
        "n": 72,
        "top_attn_token_counts": {
          " value": 2,
          "Record": 70
        }
      },
      {
        "condition": "terse_no_explain|L16H15",
        "mean_mass_answer_line": 0.4750434027777778,
        "mean_mass_instruction_line": 0.4077690972222222,
        "mean_mass_line_partition": 0.9998512268066406,
        "mean_mass_object_name": 0.00043748981422848173,
        "mean_mass_outside_lines": 0.0006273057725694445,
        "mean_mass_question_line": 0.017609066433376737,
        "mean_mass_record_line": 0.0994296603732639,
        "mean_mass_relation": 2.409118072440227e-06,
        "mean_mass_self_last": 0.15675184461805555,
        "mean_mass_target_value": 1.2147645470071842e-05,
        "mean_target_value_in_record_mass": 1.2147645470071842e-05,
        "n": 72,
        "top_attn_token_counts": {
          ".\n": 11,
          ":": 2,
          "Answer": 57,
          "Record": 2
        }
      },
      {
        "condition": "short_only|L16H15",
        "mean_mass_answer_line": 0.5109592013888888,
        "mean_mass_instruction_line": 0.3575303819444444,
        "mean_mass_line_partition": 1.000072055392795,
        "mean_mass_object_name": 0.0005171050628026327,
        "mean_mass_outside_lines": 0.0004925198025173611,
        "mean_mass_question_line": 0.012760586208767362,
        "mean_mass_record_line": 0.11882188585069445,
        "mean_mass_relation": 1.6537022828641866e-06,
        "mean_mass_self_last": 0.0659061008029514,
        "mean_mass_target_value": 6.776664324408759e-06,
        "mean_target_value_in_record_mass": 6.776664324408759e-06,
        "n": 72,
        "top_attn_token_counts": {
          " Answer": 1,
          "Answer": 71
        }
      },
      {
        "condition": "short_only|L18H19",
        "mean_mass_answer_line": 0.04478285047743055,
        "mean_mass_instruction_line": 0.3491889105902778,
        "mean_mass_line_partition": 0.9997660319010416,
        "mean_mass_object_name": 0.07646687825520833,
        "mean_mass_outside_lines": 0.0005747477213541666,
        "mean_mass_question_line": 0.1399468315972222,
        "mean_mass_record_line": 0.4658474392361111,
        "mean_mass_relation": 0.011512544420030382,
        "mean_mass_self_last": 0.03393385145399305,
        "mean_mass_target_value": 0.02911196814643012,
        "mean_target_value_in_record_mass": 0.02911196814643012,
        "n": 72,
        "top_attn_token_counts": {
          "Record": 72
        }
      },
      {
        "condition": "terse_no_explain|L15H25",
        "mean_mass_answer_line": 0.021747165256076388,
        "mean_mass_instruction_line": 0.3312038845486111,
        "mean_mass_line_partition": 0.9997677273220487,
        "mean_mass_object_name": 0.12654622395833334,
        "mean_mass_outside_lines": 0.0006306966145833334,
        "mean_mass_question_line": 0.1270412868923611,
        "mean_mass_record_line": 0.519775390625,
        "mean_mass_relation": 0.009492238362630209,
        "mean_mass_self_last": 0.008194393581814237,
        "mean_mass_target_value": 0.03827773200141059,
        "mean_target_value_in_record_mass": 0.03827773200141059,
        "n": 72,
        "top_attn_token_counts": {
          "Record": 72
        }
      },
      {
        "condition": "terse_no_explain|L13H0",
        "mean_mass_answer_line": 0.037835015190972224,
        "mean_mass_instruction_line": 0.2757025824652778,
        "mean_mass_line_partition": 0.9997762044270834,
        "mean_mass_object_name": 0.012154473198784722,
        "mean_mass_outside_lines": 0.0006290011935763889,
        "mean_mass_question_line": 0.17283799913194445,
        "mean_mass_record_line": 0.5134006076388888,
        "mean_mass_relation": 0.002484401067097982,
        "mean_mass_self_last": 0.009297264946831597,
        "mean_mass_target_value": 0.0008026361465454102,
        "mean_target_value_in_record_mass": 0.0008026361465454102,
        "n": 72,
        "top_attn_token_counts": {
          "Record": 72
        }
      },
      {
        "condition": "terse_no_explain|L18H19",
        "mean_mass_answer_line": 0.07820298936631945,
        "mean_mass_instruction_line": 0.1900363498263889,
        "mean_mass_line_partition": 0.9999966091579862,
        "mean_mass_object_name": 0.10114881727430555,
        "mean_mass_outside_lines": 0.00047471788194444444,
        "mean_mass_question_line": 0.1896023220486111,
        "mean_mass_record_line": 0.5421549479166666,
        "mean_mass_relation": 0.0172119140625,
        "mean_mass_self_last": 0.055241902669270836,
        "mean_mass_target_value": 0.035421795315212674,
        "mean_target_value_in_record_mass": 0.035421795315212674,
        "n": 72,
        "top_attn_token_counts": {
          "Record": 72
        }
      },
      {
        "condition": "terse_no_explain|L14H15",
        "mean_mass_answer_line": 0.018665737575954862,
        "mean_mass_instruction_line": 0.1866794162326389,
        "mean_mass_line_partition": 0.9998397827148438,
        "mean_mass_object_name": 0.03363376193576389,
        "mean_mass_outside_lines": 0.0005255805121527778,
        "mean_mass_question_line": 0.20456949869791666,
        "mean_mass_record_line": 0.5899251302083334,
        "mean_mass_relation": 0.026132159762912326,
        "mean_mass_self_last": 0.011811574300130209,
        "mean_mass_target_value": 0.02183948622809516,
        "mean_target_value_in_record_mass": 0.02183948622809516,
        "n": 72,
        "top_attn_token_counts": {
          " of": 1,
          " yellow": 1,
          ";": 1,
          "?\n": 2,
          "Record": 67
        }
      },
      {
        "condition": "short_only|L15H25",
        "mean_mass_answer_line": 0.05128648546006945,
        "mean_mass_instruction_line": 0.13853624131944445,
        "mean_mass_line_partition": 1.000030517578125,
        "mean_mass_object_name": 0.1576470269097222,
        "mean_mass_outside_lines": 0.0005594889322916666,
        "mean_mass_question_line": 0.14625379774305555,
        "mean_mass_record_line": 0.6639539930555556,
        "mean_mass_relation": 0.011555141872829862,
        "mean_mass_self_last": 0.016496446397569444,
        "mean_mass_target_value": 0.049716949462890625,
        "mean_target_value_in_record_mass": 0.049716949462890625,
        "n": 72,
        "top_attn_token_counts": {
          "Record": 72
        }
      },
      {
        "condition": "terse_no_explain|L18H1",
        "mean_mass_answer_line": 0.2689751519097222,
        "mean_mass_instruction_line": 0.1328972710503472,
        "mean_mass_line_partition": 1.0001220703125,
        "mean_mass_object_name": 0.022182888454861112,
        "mean_mass_outside_lines": 0.00034925672743055556,
        "mean_mass_question_line": 0.07535468207465278,
        "mean_mass_record_line": 0.5228949652777778,
        "mean_mass_relation": 0.0015765296088324653,
        "mean_mass_self_last": 0.0845523410373264,
        "mean_mass_target_value": 0.002811590830485026,
        "mean_target_value_in_record_mass": 0.002811590830485026,
        "n": 72,
        "top_attn_token_counts": {
          "Answer": 4,
          "Record": 68
        }
      },
      {
        "condition": "terse_no_explain|L18H6",
        "mean_mass_answer_line": 0.4334581163194444,
        "mean_mass_instruction_line": 0.1284111870659722,
        "mean_mass_line_partition": 0.9999686347113715,
        "mean_mass_object_name": 0.012256198459201388,
        "mean_mass_outside_lines": 0.0005747477213541666,
        "mean_mass_question_line": 0.025338914659288194,
        "mean_mass_record_line": 0.4127604166666667,
        "mean_mass_relation": 0.0013284683227539062,
        "mean_mass_self_last": 0.08427259657118055,
        "mean_mass_target_value": 0.0006743735737270779,
        "mean_target_value_in_record_mass": 0.0006743735737270779,
        "n": 72,
        "top_attn_token_counts": {
          "Answer": 34,
          "Record": 38
        }
      },
      {
        "condition": "short_only|L18H10",
        "mean_mass_answer_line": 0.04003567165798611,
        "mean_mass_instruction_line": 0.07789442274305555,
        "mean_mass_line_partition": 0.9998948838975694,
        "mean_mass_object_name": 0.040845235188802086,
        "mean_mass_outside_lines": 0.0006679958767361111,
        "mean_mass_question_line": 0.1647067599826389,
        "mean_mass_record_line": 0.7172580295138888,
        "mean_mass_relation": 0.05180189344618055,
        "mean_mass_self_last": 0.029908921983506944,
        "mean_mass_target_value": 0.006970670488145616,
        "mean_target_value_in_record_mass": 0.006970670488145616,
        "n": 72,
        "top_attn_token_counts": {
          "Record": 72
        }
      },
      {
        "condition": "short_only|L18H6",
        "mean_mass_answer_line": 0.3483479817708333,
        "mean_mass_instruction_line": 0.0670199924045139,
        "mean_mass_line_partition": 0.9997948540581597,
        "mean_mass_object_name": 0.010094536675347222,
        "mean_mass_outside_lines": 0.0006866455078125,
        "mean_mass_question_line": 0.017857869466145832,
        "mean_mass_record_line": 0.5665690104166666,
        "mean_mass_relation": 0.000888930426703559,
        "mean_mass_self_last": 0.10496351453993055,
        "mean_mass_target_value": 0.0005259820156627231,
        "mean_target_value_in_record_mass": 0.0005259820156627231,
        "n": 72,
        "top_attn_token_counts": {
          "Answer": 1,
          "Record": 71
        }
      }
    ],
    "heads_high_value_mass": [
      {
        "condition": "short_only|L15H25",
        "mean_mass_answer_line": 0.05128648546006945,
        "mean_mass_instruction_line": 0.13853624131944445,
        "mean_mass_line_partition": 1.000030517578125,
        "mean_mass_object_name": 0.1576470269097222,
        "mean_mass_outside_lines": 0.0005594889322916666,
        "mean_mass_question_line": 0.14625379774305555,
        "mean_mass_record_line": 0.6639539930555556,
        "mean_mass_relation": 0.011555141872829862,
        "mean_mass_self_last": 0.016496446397569444,
        "mean_mass_target_value": 0.049716949462890625,
        "mean_target_value_in_record_mass": 0.049716949462890625,
        "n": 72,
        "top_attn_token_counts": {
          "Record": 72
        }
      },
      {
        "condition": "terse_no_explain|L15H25",
        "mean_mass_answer_line": 0.021747165256076388,
        "mean_mass_instruction_line": 0.3312038845486111,
        "mean_mass_line_partition": 0.9997677273220487,
        "mean_mass_object_name": 0.12654622395833334,
        "mean_mass_outside_lines": 0.0006306966145833334,
        "mean_mass_question_line": 0.1270412868923611,
        "mean_mass_record_line": 0.519775390625,
        "mean_mass_relation": 0.009492238362630209,
        "mean_mass_self_last": 0.008194393581814237,
        "mean_mass_target_value": 0.03827773200141059,
        "mean_target_value_in_record_mass": 0.03827773200141059,
        "n": 72,
        "top_attn_token_counts": {
          "Record": 72
        }
      },
      {
        "condition": "terse_no_explain|L18H19",
        "mean_mass_answer_line": 0.07820298936631945,
        "mean_mass_instruction_line": 0.1900363498263889,
        "mean_mass_line_partition": 0.9999966091579862,
        "mean_mass_object_name": 0.10114881727430555,
        "mean_mass_outside_lines": 0.00047471788194444444,
        "mean_mass_question_line": 0.1896023220486111,
        "mean_mass_record_line": 0.5421549479166666,
        "mean_mass_relation": 0.0172119140625,
        "mean_mass_self_last": 0.055241902669270836,
        "mean_mass_target_value": 0.035421795315212674,
        "mean_target_value_in_record_mass": 0.035421795315212674,
        "n": 72,
        "top_attn_token_counts": {
          "Record": 72
        }
      },
      {
        "condition": "short_only|L18H19",
        "mean_mass_answer_line": 0.04478285047743055,
        "mean_mass_instruction_line": 0.3491889105902778,
        "mean_mass_line_partition": 0.9997660319010416,
        "mean_mass_object_name": 0.07646687825520833,
        "mean_mass_outside_lines": 0.0005747477213541666,
        "mean_mass_question_line": 0.1399468315972222,
        "mean_mass_record_line": 0.4658474392361111,
        "mean_mass_relation": 0.011512544420030382,
        "mean_mass_self_last": 0.03393385145399305,
        "mean_mass_target_value": 0.02911196814643012,
        "mean_target_value_in_record_mass": 0.02911196814643012,
        "n": 72,
        "top_attn_token_counts": {
          "Record": 72
        }
      },
      {
        "condition": "terse_no_explain|L14H15",
        "mean_mass_answer_line": 0.018665737575954862,
        "mean_mass_instruction_line": 0.1866794162326389,
        "mean_mass_line_partition": 0.9998397827148438,
        "mean_mass_object_name": 0.03363376193576389,
        "mean_mass_outside_lines": 0.0005255805121527778,
        "mean_mass_question_line": 0.20456949869791666,
        "mean_mass_record_line": 0.5899251302083334,
        "mean_mass_relation": 0.026132159762912326,
        "mean_mass_self_last": 0.011811574300130209,
        "mean_mass_target_value": 0.02183948622809516,
        "mean_target_value_in_record_mass": 0.02183948622809516,
        "n": 72,
        "top_attn_token_counts": {
          " of": 1,
          " yellow": 1,
          ";": 1,
          "?\n": 2,
          "Record": 67
        }
      },
      {
        "condition": "terse_no_explain|L18H10",
        "mean_mass_answer_line": 0.056360880533854164,
        "mean_mass_instruction_line": 0.026805453830295138,
        "mean_mass_line_partition": 1.0000093248155382,
        "mean_mass_object_name": 0.0666775173611111,
        "mean_mass_outside_lines": 0.0006434122721354166,
        "mean_mass_question_line": 0.2544894748263889,
        "mean_mass_record_line": 0.662353515625,
        "mean_mass_relation": 0.1002926296657986,
        "mean_mass_self_last": 0.04589674207899305,
        "mean_mass_target_value": 0.017302195231119793,
        "mean_target_value_in_record_mass": 0.017302195231119793,
        "n": 72,
        "top_attn_token_counts": {
          " place": 3,
          "Record": 69
        }
      },
      {
        "condition": "short_only|L16H27",
        "mean_mass_answer_line": 0.016250186496310763,
        "mean_mass_instruction_line": 0.037835015190972224,
        "mean_mass_line_partition": 1.0003471374511719,
        "mean_mass_object_name": 0.08045789930555555,
        "mean_mass_outside_lines": 0.00046751234266493056,
        "mean_mass_question_line": 0.1538357204861111,
        "mean_mass_record_line": 0.7924262152777778,
        "mean_mass_relation": 0.03831821017795139,
        "mean_mass_self_last": 0.010876549614800347,
        "mean_mass_target_value": 0.010615825653076172,
        "mean_target_value_in_record_mass": 0.010615825653076172,
        "n": 72,
        "top_attn_token_counts": {
          "Record": 72
        }
      },
      {
        "condition": "short_only|L14H15",
        "mean_mass_answer_line": 0.019515143500434026,
        "mean_mass_instruction_line": 0.6142578125,
        "mean_mass_line_partition": 0.9998584323459201,
        "mean_mass_object_name": 0.015350765652126737,
        "mean_mass_outside_lines": 0.0006417168511284722,
        "mean_mass_question_line": 0.08799574110243055,
        "mean_mass_record_line": 0.2780897352430556,
        "mean_mass_relation": 0.004797776540120442,
        "mean_mass_self_last": 0.0064525604248046875,
        "mean_mass_target_value": 0.008835017681121826,
        "mean_target_value_in_record_mass": 0.008835017681121826,
        "n": 72,
        "top_attn_token_counts": {
          " value": 65,
          "Record": 7
        }
      },
      {
        "condition": "terse_no_explain|L16H27",
        "mean_mass_answer_line": 0.007745530870225694,
        "mean_mass_instruction_line": 0.014966328938802084,
        "mean_mass_line_partition": 1.0000881618923612,
        "mean_mass_object_name": 0.0649685329861111,
        "mean_mass_outside_lines": 0.000526216295030382,
        "mean_mass_question_line": 0.4925672743055556,
        "mean_mass_record_line": 0.4848090277777778,
        "mean_mass_relation": 0.02644136216905382,
        "mean_mass_self_last": 0.006465170118543837,
        "mean_mass_target_value": 0.008585453033447266,
        "mean_target_value_in_record_mass": 0.008585453033447266,
        "n": 72,
        "top_attn_token_counts": {
          "Question": 64,
          "Record": 8
        }
      },
      {
        "condition": "short_only|L18H10",
        "mean_mass_answer_line": 0.04003567165798611,
        "mean_mass_instruction_line": 0.07789442274305555,
        "mean_mass_line_partition": 0.9998948838975694,
        "mean_mass_object_name": 0.040845235188802086,
        "mean_mass_outside_lines": 0.0006679958767361111,
        "mean_mass_question_line": 0.1647067599826389,
        "mean_mass_record_line": 0.7172580295138888,
        "mean_mass_relation": 0.05180189344618055,
        "mean_mass_self_last": 0.029908921983506944,
        "mean_mass_target_value": 0.006970670488145616,
        "mean_target_value_in_record_mass": 0.006970670488145616,
        "n": 72,
        "top_attn_token_counts": {
          "Record": 72
        }
      },
      {
        "condition": "short_only|L18H1",
        "mean_mass_answer_line": 0.12120225694444445,
        "mean_mass_instruction_line": 0.0575714111328125,
        "mean_mass_line_partition": 1.0001627604166667,
        "mean_mass_object_name": 0.0247650146484375,
        "mean_mass_outside_lines": 0.0005577935112847222,
        "mean_mass_question_line": 0.042960272894965276,
        "mean_mass_record_line": 0.7784288194444444,
        "mean_mass_relation": 0.0015294022030300563,
        "mean_mass_self_last": 0.055348714192708336,
        "mean_mass_target_value": 0.00645903746287028,
        "mean_target_value_in_record_mass": 0.00645903746287028,
        "n": 72,
        "top_attn_token_counts": {
          "Record": 72
        }
      },
      {
        "condition": "terse_no_explain|L14H17",
        "mean_mass_answer_line": 0.04230923122829861,
        "mean_mass_instruction_line": 0.60009765625,
        "mean_mass_line_partition": 1.000152587890625,
        "mean_mass_object_name": 0.008165571424696181,
        "mean_mass_outside_lines": 0.00042555067274305556,
        "mean_mass_question_line": 0.08068678114149305,
        "mean_mass_record_line": 0.2770589192708333,
        "mean_mass_relation": 0.0022332403394911024,
        "mean_mass_self_last": 0.009111616346571181,
        "mean_mass_target_value": 0.0037849677933586966,
        "mean_target_value_in_record_mass": 0.0037849677933586966,
        "n": 72,
        "top_attn_token_counts": {
          " not": 1,
          ".": 1,
          ".\n": 35,
          "Record": 35
        }
      },
      {
        "condition": "terse_no_explain|L18H1",
        "mean_mass_answer_line": 0.2689751519097222,
        "mean_mass_instruction_line": 0.1328972710503472,
        "mean_mass_line_partition": 1.0001220703125,
        "mean_mass_object_name": 0.022182888454861112,
        "mean_mass_outside_lines": 0.00034925672743055556,
        "mean_mass_question_line": 0.07535468207465278,
        "mean_mass_record_line": 0.5228949652777778,
        "mean_mass_relation": 0.0015765296088324653,
        "mean_mass_self_last": 0.0845523410373264,
        "mean_mass_target_value": 0.002811590830485026,
        "mean_target_value_in_record_mass": 0.002811590830485026,
        "n": 72,
        "top_attn_token_counts": {
          "Answer": 4,
          "Record": 68
        }
      },
      {
        "condition": "short_only|L13H15",
        "mean_mass_answer_line": 0.027538723415798612,
        "mean_mass_instruction_line": 0.4468315972222222,
        "mean_mass_line_partition": 0.9995897081163194,
        "mean_mass_object_name": 0.004877726236979167,
        "mean_mass_outside_lines": 0.0007917616102430555,
        "mean_mass_question_line": 0.0352020263671875,
        "mean_mass_record_line": 0.4900173611111111,
        "mean_mass_relation": 0.0004954139391581217,
        "mean_mass_self_last": 0.012500339084201388,
        "mean_mass_target_value": 0.002180718713336521,
        "mean_target_value_in_record_mass": 0.002180718713336521,
        "n": 72,
        "top_attn_token_counts": {
          " value": 2,
          "Record": 70
        }
      },
      {
        "condition": "terse_no_explain|L13H15",
        "mean_mass_answer_line": 0.03187730577256945,
        "mean_mass_instruction_line": 0.5531412760416666,
        "mean_mass_line_partition": 1.0001797146267362,
        "mean_mass_object_name": 0.004702991909450955,
        "mean_mass_outside_lines": 0.0005137125651041666,
        "mean_mass_question_line": 0.03708224826388889,
        "mean_mass_record_line": 0.3780788845486111,
        "mean_mass_relation": 0.0007539523972405328,
        "mean_mass_self_last": 0.011179606119791666,
        "mean_mass_target_value": 0.0018169846799638537,
        "mean_target_value_in_record_mass": 0.0018169846799638537,
        "n": 72,
        "top_attn_token_counts": {
          ".": 6,
          "Record": 66
        }
      },
      {
        "condition": "short_only|L14H17",
        "mean_mass_answer_line": 0.08537462022569445,
        "mean_mass_instruction_line": 0.5884602864583334,
        "mean_mass_line_partition": 0.9999593098958334,
        "mean_mass_object_name": 0.0053081512451171875,
        "mean_mass_outside_lines": 0.0005476209852430555,
        "mean_mass_question_line": 0.04704454210069445,
        "mean_mass_record_line": 0.2790798611111111,
        "mean_mass_relation": 0.0004418856567806668,
        "mean_mass_self_last": 0.0052611033121744795,
        "mean_mass_target_value": 0.0012003787689738804,
        "mean_target_value_in_record_mass": 0.0012003787689738804,
        "n": 72,
        "top_attn_token_counts": {
          " only": 13,
          ".\n": 20,
          "Record": 39
        }
      },
      {
        "condition": "terse_no_explain|L13H20",
        "mean_mass_answer_line": 0.007798088921440972,
        "mean_mass_instruction_line": 0.9274631076388888,
        "mean_mass_line_partition": 0.999828126695421,
        "mean_mass_object_name": 0.002018133799235026,
        "mean_mass_outside_lines": 0.0006898244222005209,
        "mean_mass_question_line": 0.009409798516167535,
        "mean_mass_record_line": 0.05515713161892361,
        "mean_mass_relation": 0.0004563331604003906,
        "mean_mass_self_last": 0.0032596588134765625,
        "mean_mass_target_value": 0.0009795348677370283,
        "mean_target_value_in_record_mass": 0.0009795348677370283,
        "n": 72,
        "top_attn_token_counts": {
          " exactly": 6,
          ".": 28,
          ".\n": 38
        }
      },
      {
        "condition": "short_only|L13H20",
        "mean_mass_answer_line": 0.009246402316623263,
        "mean_mass_instruction_line": 0.9271375868055556,
        "mean_mass_line_partition": 0.9999817742241753,
        "mean_mass_object_name": 0.002808305952284071,
        "mean_mass_outside_lines": 0.0007125006781684028,
        "mean_mass_question_line": 0.009969075520833334,
        "mean_mass_record_line": 0.0536287095811632,
        "mean_mass_relation": 0.00033072961701287166,
        "mean_mass_self_last": 0.0030946731567382812,
        "mean_mass_target_value": 0.0008683246042993334,
        "mean_target_value_in_record_mass": 0.0008683246042993334,
        "n": 72,
        "top_attn_token_counts": {
          " value": 61,
          ".\n": 11
        }
      },
      {
        "condition": "terse_no_explain|L13H0",
        "mean_mass_answer_line": 0.037835015190972224,
        "mean_mass_instruction_line": 0.2757025824652778,
        "mean_mass_line_partition": 0.9997762044270834,
        "mean_mass_object_name": 0.012154473198784722,
        "mean_mass_outside_lines": 0.0006290011935763889,
        "mean_mass_question_line": 0.17283799913194445,
        "mean_mass_record_line": 0.5134006076388888,
        "mean_mass_relation": 0.002484401067097982,
        "mean_mass_self_last": 0.009297264946831597,
        "mean_mass_target_value": 0.0008026361465454102,
        "mean_target_value_in_record_mass": 0.0008026361465454102,
        "n": 72,
        "top_attn_token_counts": {
          "Record": 72
        }
      },
      {
        "condition": "terse_no_explain|L18H6",
        "mean_mass_answer_line": 0.4334581163194444,
        "mean_mass_instruction_line": 0.1284111870659722,
        "mean_mass_line_partition": 0.9999686347113715,
        "mean_mass_object_name": 0.012256198459201388,
        "mean_mass_outside_lines": 0.0005747477213541666,
        "mean_mass_question_line": 0.025338914659288194,
        "mean_mass_record_line": 0.4127604166666667,
        "mean_mass_relation": 0.0013284683227539062,
        "mean_mass_self_last": 0.08427259657118055,
        "mean_mass_target_value": 0.0006743735737270779,
        "mean_target_value_in_record_mass": 0.0006743735737270779,
        "n": 72,
        "top_attn_token_counts": {
          "Answer": 34,
          "Record": 38
        }
      },
      {
        "condition": "short_only|L13H0",
        "mean_mass_answer_line": 0.06502617730034722,
        "mean_mass_instruction_line": 0.502685546875,
        "mean_mass_line_partition": 0.9998745388454862,
        "mean_mass_object_name": 0.00528219011094835,
        "mean_mass_outside_lines": 0.0004950629340277778,
        "mean_mass_question_line": 0.08605278862847222,
        "mean_mass_record_line": 0.3461100260416667,
        "mean_mass_relation": 0.0011381043328179254,
        "mean_mass_self_last": 0.022638108995225694,
        "mean_mass_target_value": 0.0006654328770107693,
        "mean_target_value_in_record_mass": 0.0006654328770107693,
        "n": 72,
        "top_attn_token_counts": {
          ".\n": 8,
          "Record": 64
        }
      },
      {
        "condition": "short_only|L13H13",
        "mean_mass_answer_line": 0.9001193576388888,
        "mean_mass_instruction_line": 0.04998440212673611,
        "mean_mass_line_partition": 1.0001757939656575,
        "mean_mass_object_name": 0.001445104678471883,
        "mean_mass_outside_lines": 0.00048277113172743056,
        "mean_mass_question_line": 0.0033665763007269967,
        "mean_mass_record_line": 0.04670545789930555,
        "mean_mass_relation": 0.0012410450144670904,
        "mean_mass_self_last": 0.033927069769965276,
        "mean_mass_target_value": 0.0006484736654278499,
        "mean_target_value_in_record_mass": 0.0006484736654278499,
        "n": 72,
        "top_attn_token_counts": {
          "Answer": 72
        }
      },
      {
        "condition": "short_only|L18H6",
        "mean_mass_answer_line": 0.3483479817708333,
        "mean_mass_instruction_line": 0.0670199924045139,
        "mean_mass_line_partition": 0.9997948540581597,
        "mean_mass_object_name": 0.010094536675347222,
        "mean_mass_outside_lines": 0.0006866455078125,
        "mean_mass_question_line": 0.017857869466145832,
        "mean_mass_record_line": 0.5665690104166666,
        "mean_mass_relation": 0.000888930426703559,
        "mean_mass_self_last": 0.10496351453993055,
        "mean_mass_target_value": 0.0005259820156627231,
        "mean_target_value_in_record_mass": 0.0005259820156627231,
        "n": 72,
        "top_attn_token_counts": {
          "Answer": 1,
          "Record": 71
        }
      },
      {
        "condition": "terse_no_explain|L13H4",
        "mean_mass_answer_line": 0.1722479926215278,
        "mean_mass_instruction_line": 0.5700141059027778,
        "mean_mass_line_partition": 1.0000491672092013,
        "mean_mass_object_name": 0.0043523576524522566,
        "mean_mass_outside_lines": 0.0004984537760416666,
        "mean_mass_question_line": 0.20960828993055555,
        "mean_mass_record_line": 0.048178778754340276,
        "mean_mass_relation": 0.0009628666771782769,
        "mean_mass_self_last": 0.04703097873263889,
        "mean_mass_target_value": 0.0004653210441271464,
        "mean_target_value_in_record_mass": 0.0004653210441271464,
        "n": 72,
        "top_attn_token_counts": {
          ".\n": 72
        }
      }
    ],
    "model": "deepseek7b",
    "n_rows": 2304
  },
  "timestamp": "2026-06-26 15:25:48",
  "title": "Boundary Head Source-Token Attention Audit",
  "top_heads": [
    {
      "head": 6,
      "head_key": "L18H6",
      "layer": 18
    },
    {
      "head": 17,
      "head_key": "L14H17",
      "layer": 14
    },
    {
      "head": 20,
      "head_key": "L13H20",
      "layer": 13
    },
    {
      "head": 15,
      "head_key": "L14H15",
      "layer": 14
    },
    {
      "head": 19,
      "head_key": "L18H19",
      "layer": 18
    },
    {
      "head": 13,
      "head_key": "L13H13",
      "layer": 13
    },
    {
      "head": 4,
      "head_key": "L13H4",
      "layer": 13
    },
    {
      "head": 27,
      "head_key": "L16H27",
      "layer": 16
    },
    {
      "head": 15,
      "head_key": "L13H15",
      "layer": 13
    },
    {
      "head": 10,
      "head_key": "L18H10",
      "layer": 18
    },
    {
      "head": 1,
      "head_key": "L18H1",
      "layer": 18
    },
    {
      "head": 19,
      "head_key": "L13H19",
      "layer": 13
    },
    {
      "head": 7,
      "head_key": "L18H7",
      "layer": 18
    },
    {
      "head": 15,
      "head_key": "L16H15",
      "layer": 16
    },
    {
      "head": 25,
      "head_key": "L15H25",
      "layer": 15
    },
    {
      "head": 0,
      "head_key": "L13H0",
      "layer": 13
    }
  ]
}
