`torch_dtype` is deprecated! Use `dtype` instead!
Loading weights:   0%|          | 0/339 [00:00<?, ?it/s]Loading weights:   2%|▏         | 6/339 [00:00<00:05, 56.93it/s]Loading weights:   9%|▉         | 32/339 [00:00<00:01, 165.83it/s]Loading weights:  21%|██        | 70/339 [00:00<00:01, 256.76it/s]Loading weights:  30%|██▉       | 101/339 [00:00<00:00, 265.44it/s]Loading weights:  38%|███▊      | 128/339 [00:00<00:00, 250.54it/s]Loading weights:  51%|█████     | 173/339 [00:00<00:00, 306.35it/s]Loading weights:  60%|██████    | 204/339 [00:00<00:00, 303.60it/s]Loading weights:  69%|██████▉   | 235/339 [00:00<00:00, 288.16it/s]Loading weights:  79%|███████▉  | 268/339 [00:00<00:00, 294.48it/s]Loading weights:  88%|████████▊ | 298/339 [00:01<00:00, 253.35it/s]Loading weights: 100%|██████████| 339/339 [00:01<00:00, 275.24it/s]
[10:55:45] Loaded deepseek7b: class=Qwen2ForCausalLM, GPU=15.23GB, attn=eager
[10:55:47] deepseek7b: 12/72 cases
[10:55:48] deepseek7b: 24/72 cases
[10:55:49] deepseek7b: 36/72 cases
[10:55:50] deepseek7b: 48/72 cases
[10:55:51] deepseek7b: 60/72 cases
[10:55:52] deepseek7b: 72/72 cases
[model_utils] GPU memory released, allocated=15.24 GB
[10:55:52] Wrote results/glm5_phase675_final_readout_direction_field_component_attribution/phase675_deepseek7b_component_attribution_summary.json
{
  "last_layers": 8,
  "model": "deepseek7b",
  "n_cases": 72,
  "phase": 675,
  "summary": {
    "components": [
      {
        "component": "L27.attn_plus_residual",
        "group": "overall",
        "mean_after_gap": 3.8793402777777777,
        "mean_before_gap": -103.74045138888889,
        "mean_delta_gap": 107.61979166666667,
        "n": 72,
        "positive_rate": 0.8333333333333334
      },
      {
        "component": "final_norm",
        "group": "overall",
        "mean_after_gap": 6.300998263888889,
        "mean_before_gap": -67.680908203125,
        "mean_delta_gap": 73.98190646701389,
        "n": 72,
        "positive_rate": 0.8333333333333334
      },
      {
        "component": "L26.attn_plus_residual",
        "group": "overall",
        "mean_after_gap": 1.4367404513888888,
        "mean_before_gap": -67.70876736111111,
        "mean_delta_gap": 69.1455078125,
        "n": 72,
        "positive_rate": 0.8333333333333334
      },
      {
        "component": "L25.attn_plus_residual",
        "group": "overall",
        "mean_after_gap": 1.7182549370659723,
        "mean_before_gap": -49.07183159722222,
        "mean_delta_gap": 50.79008653428819,
        "n": 72,
        "positive_rate": 0.8333333333333334
      },
      {
        "component": "L24.attn_plus_residual",
        "group": "overall",
        "mean_after_gap": 1.2300232781304254,
        "mean_before_gap": -42.233072916666664,
        "mean_delta_gap": 43.46309619479709,
        "n": 72,
        "positive_rate": 0.8333333333333334
      },
      {
        "component": "L23.attn_plus_residual",
        "group": "overall",
        "mean_after_gap": 1.0316111246744792,
        "mean_before_gap": -27.46137152777778,
        "mean_delta_gap": 28.492982652452255,
        "n": 72,
        "positive_rate": 0.8333333333333334
      },
      {
        "component": "L22.attn_plus_residual",
        "group": "overall",
        "mean_after_gap": 0.9730682373046875,
        "mean_before_gap": -24.144911024305557,
        "mean_delta_gap": 25.117979261610245,
        "n": 72,
        "positive_rate": 0.8333333333333334
      },
      {
        "component": "L21.attn_plus_residual",
        "group": "overall",
        "mean_after_gap": 0.05387242635091146,
        "mean_before_gap": -20.46950954861111,
        "mean_delta_gap": 20.52338197496202,
        "n": 72,
        "positive_rate": 0.8333333333333334
      },
      {
        "component": "L20.attn_plus_residual",
        "group": "overall",
        "mean_after_gap": 0.4400973849826389,
        "mean_before_gap": -13.355611165364584,
        "mean_delta_gap": 13.795708550347221,
        "n": 72,
        "positive_rate": 0.8333333333333334
      },
      {
        "component": "post_last_to_final_norm_input",
        "group": "overall",
        "mean_after_gap": -67.680908203125,
        "mean_before_gap": -67.680908203125,
        "mean_delta_gap": 0.0,
        "n": 72,
        "positive_rate": 0.0
      },
      {
        "component": "L20.mlp_plus_residual",
        "group": "overall",
        "mean_after_gap": -20.46950954861111,
        "mean_before_gap": 0.4400973849826389,
        "mean_delta_gap": -20.90960693359375,
        "n": 72,
        "positive_rate": 0.16666666666666666
      },
      {
        "component": "L21.mlp_plus_residual",
        "group": "overall",
        "mean_after_gap": -24.144911024305557,
        "mean_before_gap": 0.05387242635091146,
        "mean_delta_gap": -24.198783450656467,
        "n": 72,
        "positive_rate": 0.16666666666666666
      },
      {
        "component": "L22.mlp_plus_residual",
        "group": "overall",
        "mean_after_gap": -27.46137152777778,
        "mean_before_gap": 0.9730682373046875,
        "mean_delta_gap": -28.434439765082466,
        "n": 72,
        "positive_rate": 0.16666666666666666
      },
      {
        "component": "L23.mlp_plus_residual",
        "group": "overall",
        "mean_after_gap": -42.233072916666664,
        "mean_before_gap": 1.0316111246744792,
        "mean_delta_gap": -43.26468404134115,
        "n": 72,
        "positive_rate": 0.16666666666666666
      },
      {
        "component": "L24.mlp_plus_residual",
        "group": "overall",
        "mean_after_gap": -49.07183159722222,
        "mean_before_gap": 1.2300232781304254,
        "mean_delta_gap": -50.301854875352646,
        "n": 72,
        "positive_rate": 0.16666666666666666
      },
      {
        "component": "L25.mlp_plus_residual",
        "group": "overall",
        "mean_after_gap": -67.70876736111111,
        "mean_before_gap": 1.7182549370659723,
        "mean_delta_gap": -69.42702229817708,
        "n": 72,
        "positive_rate": 0.16666666666666666
      },
      {
        "component": "L27.mlp_plus_residual",
        "group": "overall",
        "mean_after_gap": -67.680908203125,
        "mean_before_gap": 3.8793402777777777,
        "mean_delta_gap": -71.56024848090277,
        "n": 72,
        "positive_rate": 0.18055555555555555
      },
      {
        "component": "L26.mlp_plus_residual",
        "group": "overall",
        "mean_after_gap": -103.74045138888889,
        "mean_before_gap": 1.4367404513888888,
        "mean_delta_gap": -105.17719184027777,
        "n": 72,
        "positive_rate": 0.16666666666666666
      },
      {
        "component": "L27.attn_plus_residual",
        "group": "expected",
        "mean_after_gap": 0.9236111111111112,
        "mean_before_gap": -182.875,
        "mean_delta_gap": 183.79861111111111,
        "n": 9,
        "positive_rate": 1.0
      },
      {
        "component": "L27.attn_plus_residual",
        "group": "symbol",
        "mean_after_gap": 2.48046875,
        "mean_before_gap": -158.63888888888889,
        "mean_delta_gap": 161.11935763888889,
        "n": 18,
        "positive_rate": 0.9444444444444444
      },
      {
        "component": "final_norm",
        "group": "expected",
        "mean_after_gap": -1.1875,
        "mean_before_gap": -146.83333333333334,
        "mean_delta_gap": 145.64583333333334,
        "n": 9,
        "positive_rate": 1.0
      },
      {
        "component": "L27.mlp_plus_residual",
        "group": "newline",
        "mean_after_gap": 149.0,
        "mean_before_gap": 3.6204427083333335,
        "mean_delta_gap": 145.37955729166666,
        "n": 6,
        "positive_rate": 0.8333333333333334
      },
      {
        "component": "L26.mlp_plus_residual",
        "group": "newline",
        "mean_after_gap": 144.58333333333334,
        "mean_before_gap": 2.1979166666666665,
        "mean_delta_gap": 142.38541666666666,
        "n": 6,
        "positive_rate": 0.6666666666666666
      },
      {
        "component": "L27.attn_plus_residual",
        "group": "place",
        "mean_after_gap": 3.3255208333333335,
        "mean_before_gap": -137.51041666666666,
        "mean_delta_gap": 140.8359375,
        "n": 18,
        "positive_rate": 0.8888888888888888
      },
      {
        "component": "final_norm",
        "group": "symbol",
        "mean_after_gap": 2.2725694444444446,
        "mean_before_gap": -120.65972222222223,
        "mean_delta_gap": 122.93229166666667,
        "n": 18,
        "positive_rate": 0.9444444444444444
      },
      {
        "component": "L27.attn_plus_residual",
        "group": "word_or_explanation",
        "mean_after_gap": 4.48857421875,
        "mean_before_gap": -117.8359375,
        "mean_delta_gap": 122.32451171875,
        "n": 40,
        "positive_rate": 0.85
      },
      {
        "component": "L27.attn_plus_residual",
        "group": "other",
        "mean_after_gap": 4.102022058823529,
        "mean_before_gap": -116.32352941176471,
        "mean_delta_gap": 120.42555147058823,
        "n": 17,
        "positive_rate": 0.8823529411764706
      },
      {
        "component": "L26.attn_plus_residual",
        "group": "expected",
        "mean_after_gap": -0.3784722222222222,
        "mean_before_gap": -100.06944444444444,
        "mean_delta_gap": 99.69097222222223,
        "n": 9,
        "positive_rate": 1.0
      },
      {
        "component": "L26.attn_plus_residual",
        "group": "place",
        "mean_after_gap": 0.5321180555555556,
        "mean_before_gap": -95.71701388888889,
        "mean_delta_gap": 96.24913194444444,
        "n": 18,
        "positive_rate": 0.8888888888888888
      },
      {
        "component": "L26.attn_plus_residual",
        "group": "symbol",
        "mean_after_gap": 0.75,
        "mean_before_gap": -93.60069444444444,
        "mean_delta_gap": 94.35069444444444,
        "n": 18,
        "positive_rate": 0.9444444444444444
      },
      {
        "component": "final_norm",
        "group": "word_or_explanation",
        "mean_after_gap": 6.905078125,
        "mean_before_gap": -86.600634765625,
        "mean_delta_gap": 93.505712890625,
        "n": 40,
        "positive_rate": 0.85
      },
      {
        "component": "L26.attn_plus_residual",
        "group": "other",
        "mean_after_gap": 1.0151654411764706,
        "mean_before_gap": -91.45404411764706,
        "mean_delta_gap": 92.46920955882354,
        "n": 17,
        "positive_rate": 0.8823529411764706
      },
      {
        "component": "L25.mlp_plus_residual",
        "group": "newline",
        "mean_after_gap": 89.91666666666667,
        "mean_before_gap": 2.2835286458333335,
        "mean_delta_gap": 87.63313802083333,
        "n": 6,
        "positive_rate": 0.6666666666666666
      },
      {
        "component": "final_norm",
        "group": "place",
        "mean_after_gap": 5.164930555555555,
        "mean_before_gap": -77.625,
        "mean_delta_gap": 82.78993055555556,
        "n": 18,
        "positive_rate": 0.8888888888888888
      },
      {
        "component": "L27.attn_plus_residual",
        "group": "color",
        "mean_after_gap": 4.530381944444445,
        "mean_before_gap": -77.8125,
        "mean_delta_gap": 82.34288194444444,
        "n": 18,
        "positive_rate": 0.8333333333333334
      },
      {
        "component": "L26.attn_plus_residual",
        "group": "word_or_explanation",
        "mean_after_gap": 1.91015625,
        "mean_before_gap": -73.9796875,
        "mean_delta_gap": 75.88984375,
        "n": 40,
        "positive_rate": 0.85
      },
      {
        "component": "L25.attn_plus_residual",
        "group": "expected",
        "mean_after_gap": 1.6388888888888888,
        "mean_before_gap": -73.43055555555556,
        "mean_delta_gap": 75.06944444444444,
        "n": 9,
        "positive_rate": 1.0
      },
      {
        "component": "L25.attn_plus_residual",
        "group": "place",
        "mean_after_gap": 0.7811414930555556,
        "mean_before_gap": -71.44618055555556,
        "mean_delta_gap": 72.22732204861111,
        "n": 18,
        "positive_rate": 0.8888888888888888
      },
      {
        "component": "L25.attn_plus_residual",
        "group": "symbol",
        "mean_after_gap": 1.9561903211805556,
        "mean_before_gap": -68.03125,
        "mean_delta_gap": 69.98744032118056,
        "n": 18,
        "positive_rate": 0.9444444444444444
      },
      {
        "component": "L25.attn_plus_residual",
        "group": "other",
        "mean_after_gap": 0.7776596966911765,
        "mean_before_gap": -66.96415441176471,
        "mean_delta_gap": 67.74181410845588,
        "n": 17,
        "positive_rate": 0.8823529411764706
      },
      {
        "component": "final_norm",
        "group": "color",
        "mean_after_gap": 8.401041666666666,
        "mean_before_gap": -57.80609809027778,
        "mean_delta_gap": 66.20713975694444,
        "n": 18,
        "positive_rate": 0.8333333333333334
      },
      {
        "component": "L24.mlp_plus_residual",
        "group": "newline",
        "mean_after_gap": 67.33333333333333,
        "mean_before_gap": 1.3525390625,
        "mean_delta_gap": 65.98079427083333,
        "n": 6,
        "positive_rate": 0.6666666666666666
      },
      {
        "component": "final_norm",
        "group": "other",
        "mean_after_gap": 7.783088235294118,
        "mean_before_gap": -57.73529411764706,
        "mean_delta_gap": 65.51838235294117,
        "n": 17,
        "positive_rate": 0.8823529411764706
      },
      {
        "component": "L24.attn_plus_residual",
        "group": "expected",
        "mean_after_gap": 1.0746527777777777,
        "mean_before_gap": -60.59027777777778,
        "mean_delta_gap": 61.66493055555556,
        "n": 9,
        "positive_rate": 1.0
      },
      {
        "component": "L24.attn_plus_residual",
        "group": "place",
        "mean_after_gap": 0.4453125,
        "mean_before_gap": -60.03819444444444,
        "mean_delta_gap": 60.48350694444444,
        "n": 18,
        "positive_rate": 0.8888888888888888
      },
      {
        "component": "L24.attn_plus_residual",
        "group": "symbol",
        "mean_after_gap": 1.3034396701388888,
        "mean_before_gap": -57.87847222222222,
        "mean_delta_gap": 59.181911892361114,
        "n": 18,
        "positive_rate": 0.9444444444444444
      },
      {
        "component": "L24.attn_plus_residual",
        "group": "other",
        "mean_after_gap": 0.5317095588235294,
        "mean_before_gap": -57.623161764705884,
        "mean_delta_gap": 58.15487132352941,
        "n": 17,
        "positive_rate": 0.8823529411764706
      },
      {
        "component": "L25.attn_plus_residual",
        "group": "word_or_explanation",
        "mean_after_gap": 2.05107421875,
        "mean_before_gap": -53.44765625,
        "mean_delta_gap": 55.49873046875,
        "n": 40,
        "positive_rate": 0.85
      },
      {
        "component": "L23.mlp_plus_residual",
        "group": "newline",
        "mean_after_gap": 52.375,
        "mean_before_gap": 1.3776041666666667,
        "mean_delta_gap": 50.997395833333336,
        "n": 6,
        "positive_rate": 0.6666666666666666
      },
      {
        "component": "L26.attn_plus_residual",
        "group": "color",
        "mean_after_gap": 2.3090277777777777,
        "mean_before_gap": -47.423611111111114,
        "mean_delta_gap": 49.732638888888886,
        "n": 18,
        "positive_rate": 0.8333333333333334
      },
      {
        "component": "L24.attn_plus_residual",
        "group": "word_or_explanation",
        "mean_after_gap": 1.5433876037597656,
        "mean_before_gap": -45.753125,
        "mean_delta_gap": 47.296512603759766,
        "n": 40,
        "positive_rate": 0.85
      },
      {
        "component": "L27.attn_plus_residual",
        "group": "tool",
        "mean_after_gap": 5.180989583333333,
        "mean_before_gap": -41.0,
        "mean_delta_gap": 46.180989583333336,
        "n": 18,
        "positive_rate": 0.6666666666666666
      },
      {
        "component": "L23.attn_plus_residual",
        "group": "other",
        "mean_after_gap": 0.5064984489889706,
        "mean_before_gap": -38.974264705882355,
        "mean_delta_gap": 39.480763154871326,
        "n": 17,
        "positive_rate": 0.8823529411764706
      },
      {
        "component": "L23.attn_plus_residual",
        "group": "place",
        "mean_after_gap": 0.4754570855034722,
        "mean_before_gap": -38.895833333333336,
        "mean_delta_gap": 39.37129041883681,
        "n": 18,
        "positive_rate": 0.8888888888888888
      },
      {
        "component": "L23.attn_plus_residual",
        "group": "expected",
        "mean_after_gap": 0.9112955729166666,
        "mean_before_gap": -36.59722222222222,
        "mean_delta_gap": 37.508517795138886,
        "n": 9,
        "positive_rate": 1.0
      },
      {
        "component": "L23.attn_plus_residual",
        "group": "symbol",
        "mean_after_gap": 1.2457411024305556,
        "mean_before_gap": -35.130208333333336,
        "mean_delta_gap": 36.375949435763886,
        "n": 18,
        "positive_rate": 0.9444444444444444
      },
      {
        "component": "L26.attn_plus_residual",
        "group": "tool",
        "mean_after_gap": 2.1558159722222223,
        "mean_before_gap": -34.09375,
        "mean_delta_gap": 36.24956597222222,
        "n": 18,
        "positive_rate": 0.6666666666666666
      },
      {
        "component": "L22.mlp_plus_residual",
        "group": "newline",
        "mean_after_gap": 36.9375,
        "mean_before_gap": 1.0501302083333333,
        "mean_delta_gap": 35.887369791666664,
        "n": 6,
        "positive_rate": 0.6666666666666666
      },
      {
        "component": "L25.attn_plus_residual",
        "group": "color",
        "mean_after_gap": 2.6231011284722223,
        "mean_before_gap": -31.875,
        "mean_delta_gap": 34.49810112847222,
        "n": 18,
        "positive_rate": 0.8333333333333334
      },
      {
        "component": "L22.attn_plus_residual",
        "group": "expected",
        "mean_after_gap": 1.1903211805555556,
        "mean_before_gap": -31.583333333333332,
        "mean_delta_gap": 32.773654513888886,
        "n": 9,
        "positive_rate": 1.0
      },
      {
        "component": "L22.attn_plus_residual",
        "group": "place",
        "mean_after_gap": 0.9222886827256944,
        "mean_before_gap": -31.82986111111111,
        "mean_delta_gap": 32.75214979383681,
        "n": 18,
        "positive_rate": 0.8888888888888888
      },
      {
        "component": "L22.attn_plus_residual",
        "group": "other",
        "mean_after_gap": 0.7983685661764706,
        "mean_before_gap": -31.22311580882353,
        "mean_delta_gap": 32.021484375,
        "n": 17,
        "positive_rate": 0.8823529411764706
      },
      {
        "component": "L22.attn_plus_residual",
        "group": "symbol",
        "mean_after_gap": 1.2225341796875,
        "mean_before_gap": -30.458333333333332,
        "mean_delta_gap": 31.680867513020832,
        "n": 18,
        "positive_rate": 0.9444444444444444
      },
      {
        "component": "L23.attn_plus_residual",
        "group": "word_or_explanation",
        "mean_after_gap": 1.2299560546875,
        "mean_before_gap": -30.17265625,
        "mean_delta_gap": 31.4026123046875,
        "n": 40,
        "positive_rate": 0.85
      },
      {
        "component": "L21.mlp_plus_residual",
        "group": "newline",
        "mean_after_gap": 32.770833333333336,
        "mean_before_gap": 1.8785807291666667,
        "mean_delta_gap": 30.892252604166668,
        "n": 6,
        "positive_rate": 0.6666666666666666
      },
      {
        "component": "L24.attn_plus_residual",
        "group": "color",
        "mean_after_gap": 2.0832333034939237,
        "mean_before_gap": -27.975694444444443,
        "mean_delta_gap": 30.05892774793837,
        "n": 18,
        "positive_rate": 0.8333333333333334
      },
      {
        "component": "L22.attn_plus_residual",
        "group": "word_or_explanation",
        "mean_after_gap": 0.9868743896484375,
        "mean_before_gap": -28.000390625,
        "mean_delta_gap": 28.987265014648436,
        "n": 40,
        "positive_rate": 0.85
      },
      {
        "component": "L20.mlp_plus_residual",
        "group": "newline",
        "mean_after_gap": 29.395833333333332,
        "mean_before_gap": 1.0269368489583333,
        "mean_delta_gap": 28.368896484375,
        "n": 6,
        "positive_rate": 0.6666666666666666
      },
      {
        "component": "L21.attn_plus_residual",
        "group": "place",
        "mean_after_gap": -0.20756022135416666,
        "mean_before_gap": -28.461805555555557,
        "mean_delta_gap": 28.25424533420139,
        "n": 18,
        "positive_rate": 0.8888888888888888
      },
      {
        "component": "L21.attn_plus_residual",
        "group": "other",
        "mean_after_gap": -0.28023753446691174,
        "mean_before_gap": -28.237591911764707,
        "mean_delta_gap": 27.957354377297793,
        "n": 17,
        "positive_rate": 0.8823529411764706
      },
      {
        "component": "L21.attn_plus_residual",
        "group": "expected",
        "mean_after_gap": 0.1789584689670139,
        "mean_before_gap": -26.39236111111111,
        "mean_delta_gap": 26.571319580078125,
        "n": 9,
        "positive_rate": 1.0
      },
      {
        "component": "L25.attn_plus_residual",
        "group": "tool",
        "mean_after_gap": 1.5125868055555556,
        "mean_before_gap": -24.934895833333332,
        "mean_delta_gap": 26.44748263888889,
        "n": 18,
        "positive_rate": 0.6666666666666666
      },
      {
        "component": "L21.attn_plus_residual",
        "group": "symbol",
        "mean_after_gap": 0.1802520751953125,
        "mean_before_gap": -25.838541666666668,
        "mean_delta_gap": 26.01879374186198,
        "n": 18,
        "positive_rate": 0.9444444444444444
      },
      {
        "component": "L24.attn_plus_residual",
        "group": "tool",
        "mean_after_gap": 1.0881076388888888,
        "mean_before_gap": -23.039930555555557,
        "mean_delta_gap": 24.128038194444443,
        "n": 18,
        "positive_rate": 0.6666666666666666
      },
      {
        "component": "final_norm",
        "group": "tool",
        "mean_after_gap": 9.36545138888889,
        "mean_before_gap": -14.6328125,
        "mean_delta_gap": 23.99826388888889,
        "n": 18,
        "positive_rate": 0.6666666666666666
      },
      {
        "component": "L21.attn_plus_residual",
        "group": "word_or_explanation",
        "mean_after_gap": -0.1059814453125,
        "mean_before_gap": -23.315234375,
        "mean_delta_gap": 23.2092529296875,
        "n": 40,
        "positive_rate": 0.85
      },
      {
        "component": "L23.attn_plus_residual",
        "group": "color",
        "mean_after_gap": 1.7435980902777777,
        "mean_before_gap": -18.821180555555557,
        "mean_delta_gap": 20.564778645833332,
        "n": 18,
        "positive_rate": 0.8333333333333334
      },
      {
        "component": "L20.attn_plus_residual",
        "group": "other",
        "mean_after_gap": 0.06962316176470588,
        "mean_before_gap": -19.577809053308822,
        "mean_delta_gap": 19.64743221507353,
        "n": 17,
        "positive_rate": 0.8823529411764706
      },
      {
        "component": "L20.attn_plus_residual",
        "group": "place",
        "mean_after_gap": 0.24058702256944445,
        "mean_before_gap": -19.380208333333332,
        "mean_delta_gap": 19.62079535590278,
        "n": 18,
        "positive_rate": 0.8888888888888888
      },
      {
        "component": "L22.attn_plus_residual",
        "group": "color",
        "mean_after_gap": 1.36474609375,
        "mean_before_gap": -18.013671875,
        "mean_delta_gap": 19.37841796875,
        "n": 18,
        "positive_rate": 0.8333333333333334
      },
      {
        "component": "L23.attn_plus_residual",
        "group": "tool",
        "mean_after_gap": 0.6616482204861112,
        "mean_before_gap": -16.99826388888889,
        "mean_delta_gap": 17.659912109375,
        "n": 18,
        "positive_rate": 0.6666666666666666
      },
      {
        "component": "L20.attn_plus_residual",
        "group": "expected",
        "mean_after_gap": 0.7605251736111112,
        "mean_before_gap": -16.23611111111111,
        "mean_delta_gap": 16.99663628472222,
        "n": 9,
        "positive_rate": 1.0
      },
      {
        "component": "L22.attn_plus_residual",
        "group": "tool",
        "mean_after_gap": 0.3827039930555556,
        "mean_before_gap": -16.27777777777778,
        "mean_delta_gap": 16.660481770833332,
        "n": 18,
        "positive_rate": 0.6666666666666666
      },
      {
        "component": "L20.attn_plus_residual",
        "group": "symbol",
        "mean_after_gap": 0.7516818576388888,
        "mean_before_gap": -15.729166666666666,
        "mean_delta_gap": 16.480848524305557,
        "n": 18,
        "positive_rate": 0.9444444444444444
      },
      {
        "component": "L20.attn_plus_residual",
        "group": "word_or_explanation",
        "mean_after_gap": 0.4374267578125,
        "mean_before_gap": -14.98359375,
        "mean_delta_gap": 15.4210205078125,
        "n": 40,
        "positive_rate": 0.85
      },
      {
        "component": "L21.attn_plus_residual",
        "group": "color",
        "mean_after_gap": 0.4907565646701389,
        "mean_before_gap": -14.85720486111111,
        "mean_delta_gap": 15.34796142578125,
        "n": 18,
        "positive_rate": 0.8333333333333334
      },
      {
        "component": "L21.attn_plus_residual",
        "group": "tool",
        "mean_after_gap": -0.2479587131076389,
        "mean_before_gap": -12.72048611111111,
        "mean_delta_gap": 12.472527398003471,
        "n": 18,
        "positive_rate": 0.6666666666666666
      },
      {
        "component": "L20.attn_plus_residual",
        "group": "color",
        "mean_after_gap": 0.78936767578125,
        "mean_before_gap": -8.769666883680555,
        "mean_delta_gap": 9.559034559461805,
        "n": 18,
        "positive_rate": 0.8333333333333334
      },
      {
        "component": "L20.attn_plus_residual",
        "group": "tool",
        "mean_after_gap": -0.021247016059027776,
        "mean_before_gap": -9.543402777777779,
        "mean_delta_gap": 9.52215576171875,
        "n": 18,
        "positive_rate": 0.6666666666666666
      },
      {
        "component": "post_last_to_final_norm_input",
        "group": "word_or_explanation",
        "mean_after_gap": -86.600634765625,
        "mean_before_gap": -86.600634765625,
        "mean_delta_gap": 0.0,
        "n": 40,
        "positive_rate": 0.0
      },
      {
        "component": "post_last_to_final_norm_input",
        "group": "color",
        "mean_after_gap": -57.80609809027778,
        "mean_before_gap": -57.80609809027778,
        "mean_delta_gap": 0.0,
        "n": 18,
        "positive_rate": 0.0
      },
      {
        "component": "post_last_to_final_norm_input",
        "group": "tool",
        "mean_after_gap": -14.6328125,
        "mean_before_gap": -14.6328125,
        "mean_delta_gap": 0.0,
        "n": 18,
        "positive_rate": 0.0
      },
      {
        "component": "post_last_to_final_norm_input",
        "group": "place",
        "mean_after_gap": -77.625,
        "mean_before_gap": -77.625,
        "mean_delta_gap": 0.0,
        "n": 18,
        "positive_rate": 0.0
      },
      {
        "component": "post_last_to_final_norm_input",
        "group": "symbol",
        "mean_after_gap": -120.65972222222223,
        "mean_before_gap": -120.65972222222223,
        "mean_delta_gap": 0.0,
        "n": 18,
        "positive_rate": 0.0
      },
      {
        "component": "post_last_to_final_norm_input",
        "group": "other",
        "mean_after_gap": -57.73529411764706,
        "mean_before_gap": -57.73529411764706,
        "mean_delta_gap": 0.0,
        "n": 17,
        "positive_rate": 0.0
      },
      {
        "component": "post_last_to_final_norm_input",
        "group": "newline",
        "mean_after_gap": 149.0,
        "mean_before_gap": 149.0,
        "mean_delta_gap": 0.0,
        "n": 6,
        "positive_rate": 0.0
      },
      {
        "component": "post_last_to_final_norm_input",
        "group": "expected",
        "mean_after_gap": -146.83333333333334,
        "mean_before_gap": -146.83333333333334,
        "mean_delta_gap": 0.0,
        "n": 9,
        "positive_rate": 0.0
      },
      {
        "component": "L20.mlp_plus_residual",
        "group": "tool",
        "mean_after_gap": -12.72048611111111,
        "mean_before_gap": -0.021247016059027776,
        "mean_delta_gap": -12.699239095052084,
        "n": 18,
        "positive_rate": 0.3333333333333333
      },
      {
        "component": "L20.mlp_plus_residual",
        "group": "color",
        "mean_after_gap": -14.85720486111111,
        "mean_before_gap": 0.78936767578125,
        "mean_delta_gap": -15.64657253689236,
        "n": 18,
        "positive_rate": 0.16666666666666666
      },
      {
        "component": "L21.mlp_plus_residual",
        "group": "tool",
        "mean_after_gap": -16.27777777777778,
        "mean_before_gap": -0.2479587131076389,
        "mean_delta_gap": -16.02981906467014,
        "n": 18,
        "positive_rate": 0.3333333333333333
      },
      {
        "component": "L22.mlp_plus_residual",
        "group": "tool",
        "mean_after_gap": -16.99826388888889,
        "mean_before_gap": 0.3827039930555556,
        "mean_delta_gap": -17.380967881944443,
        "n": 18,
        "positive_rate": 0.3333333333333333
      },
      {
        "component": "L20.attn_plus_residual",
        "group": "newline",
        "mean_after_gap": 1.0269368489583333,
        "mean_before_gap": 19.447916666666668,
        "mean_delta_gap": -18.420979817708332,
        "n": 6,
        "positive_rate": 0.3333333333333333
      },
      {
        "component": "L21.mlp_plus_residual",
        "group": "color",
        "mean_after_gap": -18.013671875,
        "mean_before_gap": 0.4907565646701389,
        "mean_delta_gap": -18.50442843967014,
        "n": 18,
        "positive_rate": 0.16666666666666666
      },
      {
        "component": "L27.mlp_plus_residual",
        "group": "tool",
        "mean_after_gap": -14.6328125,
        "mean_before_gap": 5.180989583333333,
        "mean_delta_gap": -19.813802083333332,
        "n": 18,
        "positive_rate": 0.3888888888888889
      },
      {
        "component": "L22.mlp_plus_residual",
        "group": "color",
        "mean_after_gap": -18.821180555555557,
        "mean_before_gap": 1.36474609375,
        "mean_delta_gap": -20.185926649305557,
        "n": 18,
        "positive_rate": 0.16666666666666666
      },
      {
        "component": "L23.mlp_plus_residual",
        "group": "tool",
        "mean_after_gap": -23.039930555555557,
        "mean_before_gap": 0.6616482204861112,
        "mean_delta_gap": -23.701578776041668,
        "n": 18,
        "positive_rate": 0.3333333333333333
      },
      {
        "component": "L20.mlp_plus_residual",
        "group": "word_or_explanation",
        "mean_after_gap": -23.315234375,
        "mean_before_gap": 0.4374267578125,
        "mean_delta_gap": -23.7526611328125,
        "n": 40,
        "positive_rate": 0.15
      },
      {
        "component": "L24.mlp_plus_residual",
        "group": "tool",
        "mean_after_gap": -24.934895833333332,
        "mean_before_gap": 1.0881076388888888,
        "mean_delta_gap": -26.02300347222222,
        "n": 18,
        "positive_rate": 0.3333333333333333
      },
      {
        "component": "L20.mlp_plus_residual",
        "group": "symbol",
        "mean_after_gap": -25.838541666666668,
        "mean_before_gap": 0.7516818576388888,
        "mean_delta_gap": -26.590223524305557,
        "n": 18,
        "positive_rate": 0.05555555555555555
      },
      {
        "component": "L20.mlp_plus_residual",
        "group": "expected",
        "mean_after_gap": -26.39236111111111,
        "mean_before_gap": 0.7605251736111112,
        "mean_delta_gap": -27.15288628472222,
        "n": 9,
        "positive_rate": 0.0
      },
      {
        "component": "L21.attn_plus_residual",
        "group": "newline",
        "mean_after_gap": 1.8785807291666667,
        "mean_before_gap": 29.395833333333332,
        "mean_delta_gap": -27.517252604166668,
        "n": 6,
        "positive_rate": 0.3333333333333333
      },
      {
        "component": "L21.mlp_plus_residual",
        "group": "word_or_explanation",
        "mean_after_gap": -28.000390625,
        "mean_before_gap": -0.1059814453125,
        "mean_delta_gap": -27.8944091796875,
        "n": 40,
        "positive_rate": 0.15
      },
      {
        "component": "L20.mlp_plus_residual",
        "group": "other",
        "mean_after_gap": -28.237591911764707,
        "mean_before_gap": 0.06962316176470588,
        "mean_delta_gap": -28.307215073529413,
        "n": 17,
        "positive_rate": 0.11764705882352941
      },
      {
        "component": "L20.mlp_plus_residual",
        "group": "place",
        "mean_after_gap": -28.461805555555557,
        "mean_before_gap": 0.24058702256944445,
        "mean_delta_gap": -28.702392578125,
        "n": 18,
        "positive_rate": 0.1111111111111111
      },
      {
        "component": "L23.mlp_plus_residual",
        "group": "color",
        "mean_after_gap": -27.975694444444443,
        "mean_before_gap": 1.7435980902777777,
        "mean_delta_gap": -29.71929253472222,
        "n": 18,
        "positive_rate": 0.16666666666666666
      },
      {
        "component": "L21.mlp_plus_residual",
        "group": "symbol",
        "mean_after_gap": -30.458333333333332,
        "mean_before_gap": 0.1802520751953125,
        "mean_delta_gap": -30.638585408528645,
        "n": 18,
        "positive_rate": 0.05555555555555555
      },
      {
        "component": "L21.mlp_plus_residual",
        "group": "other",
        "mean_after_gap": -31.22311580882353,
        "mean_before_gap": -0.28023753446691174,
        "mean_delta_gap": -30.942878274356616,
        "n": 17,
        "positive_rate": 0.11764705882352941
      },
      {
        "component": "L22.mlp_plus_residual",
        "group": "word_or_explanation",
        "mean_after_gap": -30.17265625,
        "mean_before_gap": 0.9868743896484375,
        "mean_delta_gap": -31.159530639648438,
        "n": 40,
        "positive_rate": 0.15
      },
      {
        "component": "L21.mlp_plus_residual",
        "group": "place",
        "mean_after_gap": -31.82986111111111,
        "mean_before_gap": -0.20756022135416666,
        "mean_delta_gap": -31.622300889756943,
        "n": 18,
        "positive_rate": 0.1111111111111111
      },
      {
        "component": "L22.attn_plus_residual",
        "group": "newline",
        "mean_after_gap": 1.0501302083333333,
        "mean_before_gap": 32.770833333333336,
        "mean_delta_gap": -31.720703125,
        "n": 6,
        "positive_rate": 0.3333333333333333
      },
      {
        "component": "L21.mlp_plus_residual",
        "group": "expected",
        "mean_after_gap": -31.583333333333332,
        "mean_before_gap": 0.1789584689670139,
        "mean_delta_gap": -31.762291802300346,
        "n": 9,
        "positive_rate": 0.0
      },
      {
        "component": "L24.mlp_plus_residual",
        "group": "color",
        "mean_after_gap": -31.875,
        "mean_before_gap": 2.0832333034939237,
        "mean_delta_gap": -33.95823330349393,
        "n": 18,
        "positive_rate": 0.16666666666666666
      },
      {
        "component": "L23.attn_plus_residual",
        "group": "newline",
        "mean_after_gap": 1.3776041666666667,
        "mean_before_gap": 36.9375,
        "mean_delta_gap": -35.559895833333336,
        "n": 6,
        "positive_rate": 0.3333333333333333
      },
      {
        "component": "L25.mlp_plus_residual",
        "group": "tool",
        "mean_after_gap": -34.09375,
        "mean_before_gap": 1.5125868055555556,
        "mean_delta_gap": -35.60633680555556,
        "n": 18,
        "positive_rate": 0.3333333333333333
      },
      {
        "component": "L22.mlp_plus_residual",
        "group": "symbol",
        "mean_after_gap": -35.130208333333336,
        "mean_before_gap": 1.2225341796875,
        "mean_delta_gap": -36.352742513020836,
        "n": 18,
        "positive_rate": 0.05555555555555555
      },
      {
        "component": "L22.mlp_plus_residual",
        "group": "expected",
        "mean_after_gap": -36.59722222222222,
        "mean_before_gap": 1.1903211805555556,
        "mean_delta_gap": -37.78754340277778,
        "n": 9,
        "positive_rate": 0.0
      },
      {
        "component": "L22.mlp_plus_residual",
        "group": "other",
        "mean_after_gap": -38.974264705882355,
        "mean_before_gap": 0.7983685661764706,
        "mean_delta_gap": -39.772633272058826,
        "n": 17,
        "positive_rate": 0.11764705882352941
      },
      {
        "component": "L22.mlp_plus_residual",
        "group": "place",
        "mean_after_gap": -38.895833333333336,
        "mean_before_gap": 0.9222886827256944,
        "mean_delta_gap": -39.81812201605903,
        "n": 18,
        "positive_rate": 0.1111111111111111
      },
      {
        "component": "L26.mlp_plus_residual",
        "group": "tool",
        "mean_after_gap": -41.0,
        "mean_before_gap": 2.1558159722222223,
        "mean_delta_gap": -43.15581597222222,
        "n": 18,
        "positive_rate": 0.3333333333333333
      },
      {
        "component": "L23.mlp_plus_residual",
        "group": "word_or_explanation",
        "mean_after_gap": -45.753125,
        "mean_before_gap": 1.2299560546875,
        "mean_delta_gap": -46.9830810546875,
        "n": 40,
        "positive_rate": 0.15
      },
      {
        "component": "L25.mlp_plus_residual",
        "group": "color",
        "mean_after_gap": -47.423611111111114,
        "mean_before_gap": 2.6231011284722223,
        "mean_delta_gap": -50.046712239583336,
        "n": 18,
        "positive_rate": 0.16666666666666666
      },
      {
        "component": "L24.attn_plus_residual",
        "group": "newline",
        "mean_after_gap": 1.3525390625,
        "mean_before_gap": 52.375,
        "mean_delta_gap": -51.0224609375,
        "n": 6,
        "positive_rate": 0.3333333333333333
      },
      {
        "component": "L24.mlp_plus_residual",
        "group": "word_or_explanation",
        "mean_after_gap": -53.44765625,
        "mean_before_gap": 1.5433876037597656,
        "mean_delta_gap": -54.99104385375976,
        "n": 40,
        "positive_rate": 0.15
      },
      {
        "component": "L23.mlp_plus_residual",
        "group": "other",
        "mean_after_gap": -57.623161764705884,
        "mean_before_gap": 0.5064984489889706,
        "mean_delta_gap": -58.129660213694855,
        "n": 17,
        "positive_rate": 0.11764705882352941
      },
      {
        "component": "L23.mlp_plus_residual",
        "group": "symbol",
        "mean_after_gap": -57.87847222222222,
        "mean_before_gap": 1.2457411024305556,
        "mean_delta_gap": -59.12421332465278,
        "n": 18,
        "positive_rate": 0.05555555555555555
      },
      {
        "component": "L23.mlp_plus_residual",
        "group": "place",
        "mean_after_gap": -60.03819444444444,
        "mean_before_gap": 0.4754570855034722,
        "mean_delta_gap": -60.513651529947914,
        "n": 18,
        "positive_rate": 0.1111111111111111
      },
      {
        "component": "L23.mlp_plus_residual",
        "group": "expected",
        "mean_after_gap": -60.59027777777778,
        "mean_before_gap": 0.9112955729166666,
        "mean_delta_gap": -61.50157335069444,
        "n": 9,
        "positive_rate": 0.0
      },
      {
        "component": "L27.mlp_plus_residual",
        "group": "other",
        "mean_after_gap": -57.73529411764706,
        "mean_before_gap": 4.102022058823529,
        "mean_delta_gap": -61.83731617647059,
        "n": 17,
        "positive_rate": 0.11764705882352941
      },
      {
        "component": "L27.mlp_plus_residual",
        "group": "color",
        "mean_after_gap": -57.80609809027778,
        "mean_before_gap": 4.530381944444445,
        "mean_delta_gap": -62.33648003472222,
        "n": 18,
        "positive_rate": 0.16666666666666666
      },
      {
        "component": "L25.attn_plus_residual",
        "group": "newline",
        "mean_after_gap": 2.2835286458333335,
        "mean_before_gap": 67.33333333333333,
        "mean_delta_gap": -65.0498046875,
        "n": 6,
        "positive_rate": 0.3333333333333333
      },
      {
        "component": "L24.mlp_plus_residual",
        "group": "other",
        "mean_after_gap": -66.96415441176471,
        "mean_before_gap": 0.5317095588235294,
        "mean_delta_gap": -67.49586397058823,
        "n": 17,
        "positive_rate": 0.11764705882352941
      },
      {
        "component": "L24.mlp_plus_residual",
        "group": "symbol",
        "mean_after_gap": -68.03125,
        "mean_before_gap": 1.3034396701388888,
        "mean_delta_gap": -69.33468967013889,
        "n": 18,
        "positive_rate": 0.05555555555555555
      },
      {
        "component": "L24.mlp_plus_residual",
        "group": "place",
        "mean_after_gap": -71.44618055555556,
        "mean_before_gap": 0.4453125,
        "mean_delta_gap": -71.89149305555556,
        "n": 18,
        "positive_rate": 0.1111111111111111
      },
      {
        "component": "L24.mlp_plus_residual",
        "group": "expected",
        "mean_after_gap": -73.43055555555556,
        "mean_before_gap": 1.0746527777777777,
        "mean_delta_gap": -74.50520833333333,
        "n": 9,
        "positive_rate": 0.0
      },
      {
        "component": "L25.mlp_plus_residual",
        "group": "word_or_explanation",
        "mean_after_gap": -73.9796875,
        "mean_before_gap": 2.05107421875,
        "mean_delta_gap": -76.03076171875,
        "n": 40,
        "positive_rate": 0.15
      },
      {
        "component": "L26.mlp_plus_residual",
        "group": "color",
        "mean_after_gap": -77.8125,
        "mean_before_gap": 2.3090277777777777,
        "mean_delta_gap": -80.12152777777777,
        "n": 18,
        "positive_rate": 0.16666666666666666
      },
      {
        "component": "L27.mlp_plus_residual",
        "group": "place",
        "mean_after_gap": -77.625,
        "mean_before_gap": 3.3255208333333335,
        "mean_delta_gap": -80.95052083333333,
        "n": 18,
        "positive_rate": 0.1111111111111111
      },
      {
        "component": "L26.attn_plus_residual",
        "group": "newline",
        "mean_after_gap": 2.1979166666666665,
        "mean_before_gap": 89.91666666666667,
        "mean_delta_gap": -87.71875,
        "n": 6,
        "positive_rate": 0.3333333333333333
      },
      {
        "component": "L27.mlp_plus_residual",
        "group": "word_or_explanation",
        "mean_after_gap": -86.600634765625,
        "mean_before_gap": 4.48857421875,
        "mean_delta_gap": -91.089208984375,
        "n": 40,
        "positive_rate": 0.15
      },
      {
        "component": "L25.mlp_plus_residual",
        "group": "other",
        "mean_after_gap": -91.45404411764706,
        "mean_before_gap": 0.7776596966911765,
        "mean_delta_gap": -92.23170381433823,
        "n": 17,
        "positive_rate": 0.11764705882352941
      },
      {
        "component": "L25.mlp_plus_residual",
        "group": "symbol",
        "mean_after_gap": -93.60069444444444,
        "mean_before_gap": 1.9561903211805556,
        "mean_delta_gap": -95.556884765625,
        "n": 18,
        "positive_rate": 0.05555555555555555
      },
      {
        "component": "L25.mlp_plus_residual",
        "group": "place",
        "mean_after_gap": -95.71701388888889,
        "mean_before_gap": 0.7811414930555556,
        "mean_delta_gap": -96.49815538194444,
        "n": 18,
        "positive_rate": 0.1111111111111111
      },
      {
        "component": "L25.mlp_plus_residual",
        "group": "expected",
        "mean_after_gap": -100.06944444444444,
        "mean_before_gap": 1.6388888888888888,
        "mean_delta_gap": -101.70833333333333,
        "n": 9,
        "positive_rate": 0.0
      },
      {
        "component": "L26.mlp_plus_residual",
        "group": "other",
        "mean_after_gap": -116.32352941176471,
        "mean_before_gap": 1.0151654411764706,
        "mean_delta_gap": -117.33869485294117,
        "n": 17,
        "positive_rate": 0.11764705882352941
      },
      {
        "component": "L26.mlp_plus_residual",
        "group": "word_or_explanation",
        "mean_after_gap": -117.8359375,
        "mean_before_gap": 1.91015625,
        "mean_delta_gap": -119.74609375,
        "n": 40,
        "positive_rate": 0.15
      },
      {
        "component": "L27.mlp_plus_residual",
        "group": "symbol",
        "mean_after_gap": -120.65972222222223,
        "mean_before_gap": 2.48046875,
        "mean_delta_gap": -123.14019097222223,
        "n": 18,
        "positive_rate": 0.05555555555555555
      },
      {
        "component": "L26.mlp_plus_residual",
        "group": "place",
        "mean_after_gap": -137.51041666666666,
        "mean_before_gap": 0.5321180555555556,
        "mean_delta_gap": -138.04253472222223,
        "n": 18,
        "positive_rate": 0.1111111111111111
      },
      {
        "component": "final_norm",
        "group": "newline",
        "mean_after_gap": 9.307291666666666,
        "mean_before_gap": 149.0,
        "mean_delta_gap": -139.69270833333334,
        "n": 6,
        "positive_rate": 0.3333333333333333
      },
      {
        "component": "L27.attn_plus_residual",
        "group": "newline",
        "mean_after_gap": 3.6204427083333335,
        "mean_before_gap": 144.58333333333334,
        "mean_delta_gap": -140.962890625,
        "n": 6,
        "positive_rate": 0.3333333333333333
      },
      {
        "component": "L27.mlp_plus_residual",
        "group": "expected",
        "mean_after_gap": -146.83333333333334,
        "mean_before_gap": 0.9236111111111112,
        "mean_delta_gap": -147.75694444444446,
        "n": 9,
        "positive_rate": 0.0
      },
      {
        "component": "L26.mlp_plus_residual",
        "group": "symbol",
        "mean_after_gap": -158.63888888888889,
        "mean_before_gap": 0.75,
        "mean_delta_gap": -159.38888888888889,
        "n": 18,
        "positive_rate": 0.05555555555555555
      },
      {
        "component": "L26.mlp_plus_residual",
        "group": "expected",
        "mean_after_gap": -182.875,
        "mean_before_gap": -0.3784722222222222,
        "mean_delta_gap": -182.49652777777777,
        "n": 9,
        "positive_rate": 0.0
      }
    ],
    "final": {
      "color": {
        "expected_top1_rate": 0.0,
        "mean_final_gap": 8.401041666666666,
        "n": 18,
        "top1_category": {
          "newline": 2,
          "other": 3,
          "word_or_explanation": 13
        }
      },
      "expected": {
        "expected_top1_rate": 1.0,
        "mean_final_gap": -1.1875,
        "n": 9,
        "top1_category": {
          "expected": 9
        }
      },
      "newline": {
        "expected_top1_rate": 0.0,
        "mean_final_gap": 9.307291666666666,
        "n": 6,
        "top1_category": {
          "newline": 6
        }
      },
      "other": {
        "expected_top1_rate": 0.0,
        "mean_final_gap": 7.783088235294118,
        "n": 17,
        "top1_category": {
          "other": 17
        }
      },
      "overall": {
        "expected_top1_rate": 0.125,
        "mean_final_gap": 6.300998263888889,
        "n": 72,
        "top1_category": {
          "expected": 9,
          "newline": 6,
          "other": 17,
          "word_or_explanation": 40
        }
      },
      "place": {
        "expected_top1_rate": 0.1111111111111111,
        "mean_final_gap": 5.164930555555555,
        "n": 18,
        "top1_category": {
          "expected": 2,
          "other": 9,
          "word_or_explanation": 7
        }
      },
      "symbol": {
        "expected_top1_rate": 0.3888888888888889,
        "mean_final_gap": 2.2725694444444446,
        "n": 18,
        "top1_category": {
          "expected": 7,
          "newline": 1,
          "other": 3,
          "word_or_explanation": 7
        }
      },
      "tool": {
        "expected_top1_rate": 0.0,
        "mean_final_gap": 9.36545138888889,
        "n": 18,
        "top1_category": {
          "newline": 3,
          "other": 2,
          "word_or_explanation": 13
        }
      },
      "word_or_explanation": {
        "expected_top1_rate": 0.0,
        "mean_final_gap": 6.905078125,
        "n": 40,
        "top1_category": {
          "word_or_explanation": 40
        }
      }
    }
  },
  "timestamp": "2026-06-26 10:55:52"
}
