[2026-05-25 22:10:31] Phase 280: Attention Graph Dynamics
[2026-05-25 22:10:31] Model: deepseek7b
[2026-05-25 22:10:33] Loading deepseek7b (bfloat16 + device_map=auto)...
[2026-05-25 22:10:33]   flash_attn not available, using eager
[2026-05-25 22:10:33]   Note: Phase 280 requires output_attentions, using eager attention
[2026-05-25 22:10:45] deepseek7b loaded: device=cuda:0, GPU=9.01GB
[2026-05-25 22:10:45] Model info: n_layers=28, d_model=3584, class=Qwen2ForCausalLM
[2026-05-25 22:10:45] ==================================================
[2026-05-25 22:10:45] Block A: Attention Community Evolution
[2026-05-25 22:10:45] ==================================================
[2026-05-25 22:10:53]   Community sentences: 4/16
[2026-05-25 22:10:56]   Community sentences: 8/16
[2026-05-25 22:10:59]   Community sentences: 12/16
[2026-05-25 22:11:02]   Analyzed 16 sentences across 10 layers
[2026-05-25 22:11:02]     L 0: modularity=0.2186, density=0.5134, n_components=1.1
[2026-05-25 22:11:02]     L 3: modularity=0.1151, density=0.5134, n_components=1.3
[2026-05-25 22:11:02]     L 6: modularity=0.0226, density=0.5134, n_components=1.8
[2026-05-25 22:11:02]     L 9: modularity=0.0102, density=0.5134, n_components=3.6
[2026-05-25 22:11:02]     L12: modularity=0.0186, density=0.5134, n_components=3.0
[2026-05-25 22:11:02]     L15: modularity=0.0108, density=0.5134, n_components=2.4
[2026-05-25 22:11:02]     L18: modularity=0.0128, density=0.5134, n_components=4.1
[2026-05-25 22:11:02]     L21: modularity=0.0076, density=0.5134, n_components=2.4
[2026-05-25 22:11:02]     L24: modularity=0.0262, density=0.5134, n_components=3.5
[2026-05-25 22:11:02]     L27: modularity=0.0941, density=0.5134, n_components=3.9
[2026-05-25 22:11:02] Block A completed in 16.4s
[2026-05-25 22:11:02] ==================================================
[2026-05-25 22:11:02] Block B: Operator-Induced Graph Rewiring
[2026-05-25 22:11:02] ==================================================
[2026-05-25 22:11:05]   Operator pairs: 4/16
[2026-05-25 22:11:11]   Operator pairs: 8/16
[2026-05-25 22:11:16]   Operator pairs: 12/16
[2026-05-25 22:11:22]   Operator pairs: 16/16
[2026-05-25 22:11:23]   Analyzed 16 operator pairs
[2026-05-25 22:11:23]   because: L15 edge_turnover=0.0833
[2026-05-25 22:11:23]   every: L15 edge_turnover=0.0000
[2026-05-25 22:11:23]   if: L15 edge_turnover=0.0833
[2026-05-25 22:11:23]   must: L15 edge_turnover=0.0833
[2026-05-25 22:11:23]   no: L15 edge_turnover=0.0889
[2026-05-25 22:11:23]   not: L15 edge_turnover=0.0833
[2026-05-25 22:11:23] Block B completed in 21.6s
[2026-05-25 22:11:23] ==================================================
[2026-05-25 22:11:23] Block C: Role Binding Graph Patterns
[2026-05-25 22:11:23] ==================================================
[2026-05-25 22:11:23]   Analyzing: svo_dog_cat
[2026-05-25 22:11:25]     L15: frob=0.0103, corr=0.9989, hub_jac=0.50
[2026-05-25 22:11:25]   Analyzing: svo_man_woman
[2026-05-25 22:11:26]     L15: frob=0.0043, corr=0.9998, hub_jac=0.50
[2026-05-25 22:11:26]   Analyzing: svo_king_city
[2026-05-25 22:11:27]     L15: frob=0.0085, corr=0.9993, hub_jac=0.50
[2026-05-25 22:11:27] Block C completed in 4.1s
[2026-05-25 22:11:27] ==================================================
[2026-05-25 22:11:27] Block D: Cross-Lingual Attention Graph Comparison
[2026-05-25 22:11:27] ==================================================
[2026-05-25 22:11:27]   Concept: dog_chase_cat
[2026-05-25 22:11:29]     en_vs_fr: L15 frob=0.0290, mod_diff=0.0728
[2026-05-25 22:11:29]     en_vs_zh: L15 frob=0.0088, mod_diff=0.0152
[2026-05-25 22:11:29]     fr_vs_zh: L15 frob=0.0216, mod_diff=0.0576
[2026-05-25 22:11:29]   Concept: man_read_book
[2026-05-25 22:11:31]     en_vs_fr: L15 frob=0.0422, mod_diff=0.0000
[2026-05-25 22:11:31]     en_vs_zh: L15 frob=0.0205, mod_diff=0.1371
[2026-05-25 22:11:31]     fr_vs_zh: L15 frob=0.0413, mod_diff=0.1371
[2026-05-25 22:11:31]   Concept: child_eat_apple
[2026-05-25 22:11:33]     en_vs_fr: L15 frob=0.0431, mod_diff=0.0000
[2026-05-25 22:11:33]     en_vs_zh: L15 frob=0.0335, mod_diff=0.0552
[2026-05-25 22:11:33]     fr_vs_zh: L15 frob=0.0375, mod_diff=0.0552
[2026-05-25 22:11:33] Block D completed in 6.0s
[2026-05-25 22:11:33] ==================================================
[2026-05-25 22:11:33] PHASE 280 COMPLETE — Total: 62.4s
[2026-05-25 22:11:33]   A-Community: 16.4s
[2026-05-25 22:11:33]   B-Operator:  21.6s
[2026-05-25 22:11:33]   C-Role:      4.1s
[2026-05-25 22:11:33]   D-XLingual:  6.0s
[2026-05-25 22:11:34] GPU memory released.
