[2026-05-25 22:08:44] Phase 280: Attention Graph Dynamics
[2026-05-25 22:08:44] Model: glm4
[2026-05-25 22:08:46] Loading glm4 (bfloat16 + device_map=auto)...
[2026-05-25 22:08:46]   flash_attn not available, using eager
[2026-05-25 22:08:46]   Note: Phase 280 requires output_attentions, using eager attention
[2026-05-25 22:08:57] glm4 loaded: device=cuda:0, GPU=8.99GB
[2026-05-25 22:08:57] Model info: n_layers=40, d_model=4096, class=GlmForCausalLM
[2026-05-25 22:08:57] ==================================================
[2026-05-25 22:08:57] Block A: Attention Community Evolution
[2026-05-25 22:08:57] ==================================================
[2026-05-25 22:09:10]   Community sentences: 4/16
[2026-05-25 22:09:15]   Community sentences: 8/16
[2026-05-25 22:09:19]   Community sentences: 12/16
[2026-05-25 22:09:23]   Analyzed 16 sentences across 9 layers
[2026-05-25 22:09:23]     L 0: modularity=0.1411, density=0.4354, n_components=1.6
[2026-05-25 22:09:23]     L 5: modularity=0.0039, density=0.4354, n_components=2.9
[2026-05-25 22:09:23]     L10: modularity=0.0043, density=0.4354, n_components=4.2
[2026-05-25 22:09:23]     L15: modularity=0.0416, density=0.4354, n_components=3.6
[2026-05-25 22:09:23]     L20: modularity=0.0317, density=0.4354, n_components=3.0
[2026-05-25 22:09:23]     L25: modularity=0.0551, density=0.4354, n_components=4.6
[2026-05-25 22:09:23]     L30: modularity=0.0036, density=0.4354, n_components=4.3
[2026-05-25 22:09:23]     L35: modularity=0.0375, density=0.4354, n_components=5.1
[2026-05-25 22:09:23]     L39: modularity=0.3016, density=0.4354, n_components=3.5
[2026-05-25 22:09:23] Block A completed in 26.8s
[2026-05-25 22:09:23] ==================================================
[2026-05-25 22:09:23] Block B: Operator-Induced Graph Rewiring
[2026-05-25 22:09:23] ==================================================
[2026-05-25 22:09:30]   Operator pairs: 4/16
[2026-05-25 22:09:39]   Operator pairs: 8/16
[2026-05-25 22:09:48]   Operator pairs: 12/16
[2026-05-25 22:09:57]   Operator pairs: 16/16
[2026-05-25 22:09:59]   Analyzed 16 operator pairs
[2026-05-25 22:09:59]   because: L16 edge_turnover=0.1500
[2026-05-25 22:09:59]   every: L16 edge_turnover=0.1000
[2026-05-25 22:09:59]   if: L16 edge_turnover=0.1500
[2026-05-25 22:09:59]   must: L16 edge_turnover=0.1500
[2026-05-25 22:09:59]   no: L16 edge_turnover=0.1222
[2026-05-25 22:09:59]   not: L16 edge_turnover=0.1167
[2026-05-25 22:09:59] Block B completed in 35.3s
[2026-05-25 22:09:59] ==================================================
[2026-05-25 22:09:59] Block C: Role Binding Graph Patterns
[2026-05-25 22:09:59] ==================================================
[2026-05-25 22:09:59]   Analyzing: svo_dog_cat
[2026-05-25 22:10:01]     L16: frob=0.0062, corr=0.9995, hub_jac=0.50
[2026-05-25 22:10:01]   Analyzing: svo_man_woman
[2026-05-25 22:10:03]     L16: frob=0.0093, corr=0.9991, hub_jac=1.00
[2026-05-25 22:10:03]   Analyzing: svo_king_city
[2026-05-25 22:10:06]     L16: frob=0.0207, corr=0.9959, hub_jac=0.50
[2026-05-25 22:10:06] Block C completed in 6.8s
[2026-05-25 22:10:06] ==================================================
[2026-05-25 22:10:06] Block D: Cross-Lingual Attention Graph Comparison
[2026-05-25 22:10:06] ==================================================
[2026-05-25 22:10:06]   Concept: dog_chase_cat
[2026-05-25 22:10:09]     en_vs_fr: L16 frob=0.0287, mod_diff=0.0523
[2026-05-25 22:10:09]     en_vs_zh: L16 frob=0.0173, mod_diff=0.0783
[2026-05-25 22:10:09]     fr_vs_zh: L16 frob=0.0124, mod_diff=0.0260
[2026-05-25 22:10:09]   Concept: man_read_book
[2026-05-25 22:10:12]     en_vs_fr: L16 frob=0.0280, mod_diff=0.0398
[2026-05-25 22:10:12]     en_vs_zh: L16 frob=0.0286, mod_diff=0.0234
[2026-05-25 22:10:12]     fr_vs_zh: L16 frob=0.0251, mod_diff=0.0632
[2026-05-25 22:10:12]   Concept: child_eat_apple
[2026-05-25 22:10:15]     en_vs_fr: L16 frob=0.0197, mod_diff=0.0115
[2026-05-25 22:10:15]     en_vs_zh: L16 frob=0.0264, mod_diff=0.0482
[2026-05-25 22:10:15]     fr_vs_zh: L16 frob=0.0303, mod_diff=0.0597
[2026-05-25 22:10:15] Block D completed in 9.8s
[2026-05-25 22:10:15] ==================================================
[2026-05-25 22:10:15] PHASE 280 COMPLETE — Total: 90.9s
[2026-05-25 22:10:15]   A-Community: 26.8s
[2026-05-25 22:10:15]   B-Operator:  35.3s
[2026-05-25 22:10:15]   C-Role:      6.8s
[2026-05-25 22:10:15]   D-XLingual:  9.8s
[2026-05-25 22:10:17] GPU memory released.
