=== before 2026-06-02 10:30:42 CST ===
--- uname ---
Linux rankrank-4090D 6.8.0-117-generic #117-Ubuntu SMP PREEMPT_DYNAMIC Tue May  5 19:26:24 UTC 2026 x86_64 x86_64 x86_64 GNU/Linux
--- nvidia version ---
NVRM version: NVIDIA UNIX x86_64 Kernel Module  595.71.05  Fri Apr 24 06:36:12 UTC 2026
GCC version:  gcc version 13.3.0 (Ubuntu 13.3.0-6ubuntu2~24.04.1) 
--- nvidia-smi ---
Tue Jun  2 10:30:42 2026       
+-----------------------------------------------------------------------------------------+
| NVIDIA-SMI 595.71.05              Driver Version: 595.71.05      CUDA Version: 13.2     |
+-----------------------------------------+------------------------+----------------------+
| GPU  Name                 Persistence-M | Bus-Id          Disp.A | Volatile Uncorr. ECC |
| Fan  Temp   Perf          Pwr:Usage/Cap |           Memory-Usage | GPU-Util  Compute M. |
|                                         |                        |               MIG M. |
|=========================================+========================+======================|
|   0  NVIDIA GeForce RTX 4090 D      Off |   00000000:01:00.0  On |                  Off |
| 31%   46C    P8             12W /  425W |     843MiB /  24564MiB |     16%      Default |
|                                         |                        |                  N/A |
+-----------------------------------------+------------------------+----------------------+

+-----------------------------------------------------------------------------------------+
| Processes:                                                                              |
|  GPU   GI   CI              PID   Type   Process name                        GPU Memory |
|        ID   ID                                                               Usage      |
|=========================================================================================|
|    0   N/A  N/A            2003      G   /usr/lib/xorg/Xorg                      322MiB |
|    0   N/A  N/A            2881      G   /usr/bin/gnome-shell                    111MiB |
|    0   N/A  N/A            3077      G   .../sunloginclient --cmd=autorun         19MiB |
|    0   N/A  N/A            3313      G   ...me/58.0.3029.81 Safari/537.36          6MiB |
|    0   N/A  N/A            3355      G   ...6D91B732B96C11B9CB659708A3457          6MiB |
|    0   N/A  N/A            3728      G   .../8387/usr/lib/firefox/firefox        272MiB |
|    0   N/A  N/A            5126      G   /proc/self/exe                           52MiB |
+-----------------------------------------------------------------------------------------+
--- compute apps ---
--- python stack ---
python 3.12.8 | packaged by Anaconda, Inc. | (main, Dec 11 2024, 16:31:09) [GCC 11.2.0]
conda_env openone-cu130-py312
PROBE_TORCH_DTYPE bfloat16
PROBE_ATTN_IMPLEMENTATION sdpa
PROBE_DEVICE_MAP_AUTO_MODELS glm4,deepseek7b
torch 2.10.0+cu130 runtime 13.0 available True
gpu NVIDIA GeForce RTX 4090 D
flash_sdp_enabled True
=== after 2026-06-02 10:34:06 CST ===
--- uname ---
Linux rankrank-4090D 6.8.0-117-generic #117-Ubuntu SMP PREEMPT_DYNAMIC Tue May  5 19:26:24 UTC 2026 x86_64 x86_64 x86_64 GNU/Linux
--- nvidia version ---
NVRM version: NVIDIA UNIX x86_64 Kernel Module  595.71.05  Fri Apr 24 06:36:12 UTC 2026
GCC version:  gcc version 13.3.0 (Ubuntu 13.3.0-6ubuntu2~24.04.1) 
--- nvidia-smi ---
Tue Jun  2 10:34:06 2026       
+-----------------------------------------------------------------------------------------+
| NVIDIA-SMI 595.71.05              Driver Version: 595.71.05      CUDA Version: 13.2     |
+-----------------------------------------+------------------------+----------------------+
| GPU  Name                 Persistence-M | Bus-Id          Disp.A | Volatile Uncorr. ECC |
| Fan  Temp   Perf          Pwr:Usage/Cap |           Memory-Usage | GPU-Util  Compute M. |
|                                         |                        |               MIG M. |
|=========================================+========================+======================|
|   0  NVIDIA GeForce RTX 4090 D      Off |   00000000:01:00.0  On |                  Off |
| 33%   63C    P2            226W /  425W |     524MiB /  24564MiB |     96%      Default |
|                                         |                        |                  N/A |
+-----------------------------------------+------------------------+----------------------+

+-----------------------------------------------------------------------------------------+
| Processes:                                                                              |
|  GPU   GI   CI              PID   Type   Process name                        GPU Memory |
|        ID   ID                                                               Usage      |
|=========================================================================================|
|    0   N/A  N/A            2003      G   /usr/lib/xorg/Xorg                      322MiB |
|    0   N/A  N/A            2881      G   /usr/bin/gnome-shell                     33MiB |
|    0   N/A  N/A            3077      G   .../sunloginclient --cmd=autorun         19MiB |
|    0   N/A  N/A            3313      G   ...me/58.0.3029.81 Safari/537.36          6MiB |
|    0   N/A  N/A            3355      G   ...6D91B732B96C11B9CB659708A3457          6MiB |
|    0   N/A  N/A            3728      G   .../8387/usr/lib/firefox/firefox         39MiB |
|    0   N/A  N/A            5126      G   /proc/self/exe                           44MiB |
+-----------------------------------------------------------------------------------------+
--- compute apps ---
--- python stack ---
python 3.12.8 | packaged by Anaconda, Inc. | (main, Dec 11 2024, 16:31:09) [GCC 11.2.0]
conda_env openone-cu130-py312
PROBE_TORCH_DTYPE bfloat16
PROBE_ATTN_IMPLEMENTATION sdpa
PROBE_DEVICE_MAP_AUTO_MODELS glm4,deepseek7b
torch 2.10.0+cu130 runtime 13.0 available True
gpu NVIDIA GeForce RTX 4090 D
flash_sdp_enabled True
