`torch_dtype` is deprecated! Use `dtype` instead!
Loading weights:   0%|          | 0/339 [00:00<?, ?it/s]Loading weights:   2%|▏         | 6/339 [00:00<00:05, 56.60it/s]Loading weights:  12%|█▏        | 41/339 [00:00<00:01, 203.39it/s]Loading weights:  22%|██▏       | 75/339 [00:00<00:01, 249.95it/s]Loading weights:  33%|███▎      | 112/339 [00:00<00:00, 285.52it/s]Loading weights:  42%|████▏     | 141/339 [00:00<00:00, 281.23it/s]Loading weights:  50%|█████     | 170/339 [00:00<00:00, 281.12it/s]Loading weights:  60%|█████▉    | 202/339 [00:00<00:00, 292.31it/s]Loading weights:  68%|██████▊   | 232/339 [00:00<00:00, 278.60it/s]Loading weights:  79%|███████▉  | 268/339 [00:00<00:00, 292.25it/s]Loading weights:  88%|████████▊ | 298/339 [00:01<00:00, 279.77it/s]Loading weights:  96%|█████████▋| 327/339 [00:01<00:00, 274.36it/s]Loading weights: 100%|██████████| 339/339 [00:01<00:00, 275.39it/s]
[11:45:12] Loaded deepseek7b: class=Qwen2ForCausalLM, GPU=15.23GB, attn=eager
[11:45:14] deepseek7b: 24/342 cases
[11:45:16] deepseek7b: 48/342 cases
[11:45:18] deepseek7b: 72/342 cases
[11:45:21] deepseek7b: 96/342 cases
[11:45:23] deepseek7b: 120/342 cases
[11:45:25] deepseek7b: 144/342 cases
[11:45:27] deepseek7b: 168/342 cases
[11:45:28] deepseek7b: 192/342 cases
[11:45:30] deepseek7b: 216/342 cases
[11:45:32] deepseek7b: 240/342 cases
[11:45:35] deepseek7b: 264/342 cases
[11:45:36] deepseek7b: 288/342 cases
[11:45:39] deepseek7b: 312/342 cases
[11:45:41] deepseek7b: 336/342 cases
[11:45:42] deepseek7b: 342/342 cases
[model_utils] GPU memory released, allocated=15.24 GB
{
  "family_limits": {
    "different_value_same_format": 48,
    "factor_isolation": 54,
    "same_format_random_value": 72,
    "same_prefix_different_continuation": 24,
    "same_value_different_format": 144
  },
  "model": "deepseek7b",
  "n_cases": 342,
  "phase": 680,
  "summary": {
    "baseline": {
      "different_value_same_format": {
        "expected_top1_rate": 0.041666666666666664,
        "failure_rate": 0.9583333333333334,
        "mean_expected_rank": 122.79166666666667,
        "mean_final_gap": 3.9381510416666665,
        "n": 48,
        "top1_category": {
          "expected": 1,
          "newline": 9,
          "other": 7,
          "word_or_explanation": 31
        }
      },
      "factor_isolation": {
        "expected_top1_rate": 0.5370370370370371,
        "failure_rate": 0.46296296296296297,
        "mean_expected_rank": 8.407407407407407,
        "mean_final_gap": 0.6770833333333334,
        "n": 54,
        "top1_category": {
          "expected": 28,
          "newline": 6,
          "other": 9,
          "word_or_explanation": 11
        }
      },
      "overall": {
        "expected_top1_rate": 0.39473684210526316,
        "failure_rate": 0.6052631578947368,
        "mean_expected_rank": 134.8918128654971,
        "mean_final_gap": 2.1016081871345027,
        "n": 342,
        "top1_category": {
          "expected": 132,
          "json_or_quote": 8,
          "newline": 35,
          "other": 38,
          "word_or_explanation": 129
        }
      },
      "same_format_random_value": {
        "expected_top1_rate": 0.125,
        "failure_rate": 0.875,
        "mean_expected_rank": 469.7916666666667,
        "mean_final_gap": 6.300998263888889,
        "n": 72,
        "top1_category": {
          "expected": 9,
          "newline": 6,
          "other": 17,
          "word_or_explanation": 40
        }
      },
      "same_prefix_different_continuation": {
        "expected_top1_rate": 0.041666666666666664,
        "failure_rate": 0.9583333333333334,
        "mean_expected_rank": 10.083333333333334,
        "mean_final_gap": 2.3463541666666665,
        "n": 24,
        "top1_category": {
          "expected": 1,
          "newline": 6,
          "other": 1,
          "word_or_explanation": 16
        }
      },
      "same_value_different_format": {
        "expected_top1_rate": 0.6527777777777778,
        "failure_rate": 0.3472222222222222,
        "mean_expected_rank": 39.708333333333336,
        "mean_final_gap": -0.11686197916666667,
        "n": 144,
        "top1_category": {
          "expected": 93,
          "json_or_quote": 8,
          "newline": 8,
          "other": 4,
          "word_or_explanation": 31
        }
      }
    },
    "by_family": {
      "different_value_same_format": {
        "near_readout_reference": [
          {
            "failure_capture_rate": 1.0,
            "failure_precision": 1.0,
            "failures": 46,
            "feature": "final_gap",
            "gate": "REF_final_gap_gt_0",
            "gate_score": 1.0,
            "kind": "near_readout_reference",
            "n": 48,
            "op": ">",
            "predicted_count": 46,
            "predicted_rate": 0.9583333333333334,
            "success_false_positive_rate": 0.0,
            "successes": 2,
            "threshold": 0.0
          },
          {
            "failure_capture_rate": 0.6304347826086957,
            "failure_precision": 1.0,
            "failures": 46,
            "feature": "final_gap",
            "gate": "REF_final_gap_gt_2.375",
            "gate_score": 0.6304347826086957,
            "kind": "near_readout_reference",
            "n": 48,
            "op": ">",
            "predicted_count": 29,
            "predicted_rate": 0.6041666666666666,
            "success_false_positive_rate": 0.0,
            "successes": 2,
            "threshold": 2.375
          },
          {
            "failure_capture_rate": 1.0,
            "failure_precision": 0.9787234042553191,
            "failures": 46,
            "feature": "final_gap",
            "gate": "REF_final_gap_gt_-0.03125",
            "gate_score": 0.5,
            "kind": "near_readout_reference",
            "n": 48,
            "op": ">",
            "predicted_count": 47,
            "predicted_rate": 0.9791666666666666,
            "success_false_positive_rate": 0.5,
            "successes": 2,
            "threshold": -0.03125
          },
          {
            "failure_capture_rate": 1.0,
            "failure_precision": 0.9787234042553191,
            "failures": 46,
            "feature": "top1_category",
            "gate": "REF_top1_category_not_expected",
            "gate_score": 0.5,
            "kind": "near_readout_reference",
            "n": 48,
            "op": "!=",
            "predicted_count": 47,
            "predicted_rate": 0.9791666666666666,
            "success_false_positive_rate": 0.5,
            "successes": 2,
            "threshold": "expected"
          },
          {
            "failure_capture_rate": 0.17391304347826086,
            "failure_precision": 1.0,
            "failures": 46,
            "feature": "final_gap",
            "gate": "REF_final_gap_gt_6.938",
            "gate_score": 0.17391304347826086,
            "kind": "near_readout_reference",
            "n": 48,
            "op": ">",
            "predicted_count": 8,
            "predicted_rate": 0.16666666666666666,
            "success_false_positive_rate": 0.0,
            "successes": 2,
            "threshold": 6.9375
          },
          {
            "failure_capture_rate": 1.0,
            "failure_precision": 0.9583333333333334,
            "failures": 46,
            "feature": "final_gap",
            "gate": "REF_final_gap_gt_-5.812",
            "gate_score": 0.0,
            "kind": "near_readout_reference",
            "n": 48,
            "op": ">",
            "predicted_count": 48,
            "predicted_rate": 1.0,
            "success_false_positive_rate": 1.0,
            "successes": 2,
            "threshold": -5.8125
          },
          {
            "failure_capture_rate": 1.0,
            "failure_precision": 0.9583333333333334,
            "failures": 46,
            "feature": "final_gap",
            "gate": "REF_final_gap_gt_-1.188",
            "gate_score": 0.0,
            "kind": "near_readout_reference",
            "n": 48,
            "op": ">",
            "predicted_count": 48,
            "predicted_rate": 1.0,
            "success_false_positive_rate": 1.0,
            "successes": 2,
            "threshold": -1.1875
          },
          {
            "failure_capture_rate": 0.0,
            "failure_precision": 0.0,
            "failures": 46,
            "feature": "final_gap",
            "gate": "REF_final_gap_gt_11.41",
            "gate_score": 0.0,
            "kind": "near_readout_reference",
            "n": 48,
            "op": ">",
            "predicted_count": 0,
            "predicted_rate": 0.0,
            "success_false_positive_rate": 0.0,
            "successes": 2,
            "threshold": 11.40625
          }
        ],
        "pre_readout": [
          {
            "failure_capture_rate": 0.9130434782608695,
            "failure_precision": 1.0,
            "failures": 46,
            "feature": "final_norm_input_rank",
            "gate": "final_norm_input_rank_gt_7.144e+04",
            "gate_score": 0.9130434782608695,
            "kind": "pre_final_norm",
            "n": 48,
            "op": ">",
            "predicted_count": 42,
            "predicted_rate": 0.875,
            "success_false_positive_rate": 0.0,
            "successes": 2,
            "threshold": 71445.0
          },
          {
            "failure_capture_rate": 0.8695652173913043,
            "failure_precision": 1.0,
            "failures": 46,
            "feature": "min_layer_gap",
            "gate": "min_layer_gap_gt_-143.4",
            "gate_score": 0.8695652173913043,
            "kind": "trajectory",
            "n": 48,
            "op": ">",
            "predicted_count": 40,
            "predicted_rate": 0.8333333333333334,
            "success_false_positive_rate": 0.0,
            "successes": 2,
            "threshold": -143.375
          },
          {
            "failure_capture_rate": 0.6521739130434783,
            "failure_precision": 1.0,
            "failures": 46,
            "feature": "final_norm_input_rank",
            "gate": "final_norm_input_rank_gt_9.312e+04",
            "gate_score": 0.6521739130434783,
            "kind": "pre_final_norm",
            "n": 48,
            "op": ">",
            "predicted_count": 30,
            "predicted_rate": 0.625,
            "success_false_positive_rate": 0.0,
            "successes": 2,
            "threshold": 93116.0
          },
          {
            "failure_capture_rate": 0.5217391304347826,
            "failure_precision": 1.0,
            "failures": 46,
            "feature": "max_layer_gap",
            "gate": "max_layer_gap_gt_-4.352",
            "gate_score": 0.5217391304347826,
            "kind": "trajectory",
            "n": 48,
            "op": ">",
            "predicted_count": 24,
            "predicted_rate": 0.5,
            "success_false_positive_rate": 0.0,
            "successes": 2,
            "threshold": -4.3515625
          },
          {
            "failure_capture_rate": 0.5,
            "failure_precision": 1.0,
            "failures": 46,
            "feature": "final_norm_input_gap",
            "gate": "final_norm_input_gap_gt_-72.5",
            "gate_score": 0.5,
            "kind": "pre_final_norm",
            "n": 48,
            "op": ">",
            "predicted_count": 23,
            "predicted_rate": 0.4791666666666667,
            "success_false_positive_rate": 0.0,
            "successes": 2,
            "threshold": -72.5
          },
          {
            "failure_capture_rate": 0.5,
            "failure_precision": 1.0,
            "failures": 46,
            "feature": "last_layer_gap",
            "gate": "last_layer_gap_gt_-72.5",
            "gate_score": 0.5,
            "kind": "late_residual",
            "n": 48,
            "op": ">",
            "predicted_count": 23,
            "predicted_rate": 0.4791666666666667,
            "success_false_positive_rate": 0.0,
            "successes": 2,
            "threshold": -72.5
          },
          {
            "failure_capture_rate": 0.4782608695652174,
            "failure_precision": 1.0,
            "failures": 46,
            "feature": "mid_to_late_shift",
            "gate": "mid_to_late_shift_gt_-48.5",
            "gate_score": 0.4782608695652174,
            "kind": "late_residual",
            "n": 48,
            "op": ">",
            "predicted_count": 22,
            "predicted_rate": 0.4583333333333333,
            "success_false_positive_rate": 0.0,
            "successes": 2,
            "threshold": -48.5
          },
          {
            "failure_capture_rate": 0.4782608695652174,
            "failure_precision": 1.0,
            "failures": 46,
            "feature": "min_layer_gap",
            "gate": "min_layer_gap_gt_-90.25",
            "gate_score": 0.4782608695652174,
            "kind": "trajectory",
            "n": 48,
            "op": ">",
            "predicted_count": 22,
            "predicted_rate": 0.4583333333333333,
            "success_false_positive_rate": 0.0,
            "successes": 2,
            "threshold": -90.25
          },
          {
            "failure_capture_rate": 0.9347826086956522,
            "failure_precision": 0.9772727272727273,
            "failures": 46,
            "feature": "final_norm_input_gap",
            "gate": "final_norm_input_gap_gt_-118.8",
            "gate_score": 0.4347826086956522,
            "kind": "pre_final_norm",
            "n": 48,
            "op": ">",
            "predicted_count": 44,
            "predicted_rate": 0.9166666666666666,
            "success_false_positive_rate": 0.5,
            "successes": 2,
            "threshold": -118.75
          },
          {
            "failure_capture_rate": 0.9347826086956522,
            "failure_precision": 0.9772727272727273,
            "failures": 46,
            "feature": "last_layer_gap",
            "gate": "last_layer_gap_gt_-118.8",
            "gate_score": 0.4347826086956522,
            "kind": "late_residual",
            "n": 48,
            "op": ">",
            "predicted_count": 44,
            "predicted_rate": 0.9166666666666666,
            "success_false_positive_rate": 0.5,
            "successes": 2,
            "threshold": -118.75
          },
          {
            "failure_capture_rate": 0.8043478260869565,
            "failure_precision": 0.9736842105263158,
            "failures": 46,
            "feature": "mid_to_late_shift",
            "gate": "mid_to_late_shift_gt_-80.06",
            "gate_score": 0.30434782608695654,
            "kind": "late_residual",
            "n": 48,
            "op": ">",
            "predicted_count": 38,
            "predicted_rate": 0.7916666666666666,
            "success_false_positive_rate": 0.5,
            "successes": 2,
            "threshold": -80.0625
          },
          {
            "failure_capture_rate": 0.2391304347826087,
            "failure_precision": 1.0,
            "failures": 46,
            "feature": "max_layer_gap",
            "gate": "max_layer_gap_gt_-0.1562",
            "gate_score": 0.2391304347826087,
            "kind": "trajectory",
            "n": 48,
            "op": ">",
            "predicted_count": 11,
            "predicted_rate": 0.22916666666666666,
            "success_false_positive_rate": 0.0,
            "successes": 2,
            "threshold": -0.15625
          },
          {
            "failure_capture_rate": 0.21739130434782608,
            "failure_precision": 1.0,
            "failures": 46,
            "feature": "max_layer_gap",
            "gate": "max_layer_gap_gt_0",
            "gate_score": 0.21739130434782608,
            "kind": "trajectory",
            "n": 48,
            "op": ">",
            "predicted_count": 10,
            "predicted_rate": 0.20833333333333334,
            "success_false_positive_rate": 0.0,
            "successes": 2,
            "threshold": 0.0
          },
          {
            "failure_capture_rate": 0.21739130434782608,
            "failure_precision": 1.0,
            "failures": 46,
            "feature": "positive_layer_count",
            "gate": "positive_layer_count_gt_0",
            "gate_score": 0.21739130434782608,
            "kind": "trajectory",
            "n": 48,
            "op": ">",
            "predicted_count": 10,
            "predicted_rate": 0.20833333333333334,
            "success_false_positive_rate": 0.0,
            "successes": 2,
            "threshold": 0.0
          },
          {
            "failure_capture_rate": 0.21739130434782608,
            "failure_precision": 1.0,
            "failures": 46,
            "feature": "positive_layer_count",
            "gate": "positive_layer_count_gt_0.5",
            "gate_score": 0.21739130434782608,
            "kind": "trajectory",
            "n": 48,
            "op": ">",
            "predicted_count": 10,
            "predicted_rate": 0.20833333333333334,
            "success_false_positive_rate": 0.0,
            "successes": 2,
            "threshold": 0.5
          }
        ]
      },
      "factor_isolation": {
        "near_readout_reference": [
          {
            "failure_capture_rate": 1.0,
            "failure_precision": 1.0,
            "failures": 25,
            "feature": "final_gap",
            "gate": "REF_final_gap_gt_0",
            "gate_score": 1.0,
            "kind": "near_readout_reference",
            "n": 54,
            "op": ">",
            "predicted_count": 25,
            "predicted_rate": 0.46296296296296297,
            "success_false_positive_rate": 0.0,
            "successes": 29,
            "threshold": 0.0
          },
          {
            "failure_capture_rate": 1.0,
            "failure_precision": 0.9615384615384616,
            "failures": 25,
            "feature": "final_gap",
            "gate": "REF_final_gap_gt_-0.03125",
            "gate_score": 0.9655172413793104,
            "kind": "near_readout_reference",
            "n": 54,
            "op": ">",
            "predicted_count": 26,
            "predicted_rate": 0.48148148148148145,
            "success_false_positive_rate": 0.034482758620689655,
            "successes": 29,
            "threshold": -0.03125
          },
          {
            "failure_capture_rate": 1.0,
            "failure_precision": 0.9615384615384616,
            "failures": 25,
            "feature": "top1_category",
            "gate": "REF_top1_category_not_expected",
            "gate_score": 0.9655172413793104,
            "kind": "near_readout_reference",
            "n": 54,
            "op": "!=",
            "predicted_count": 26,
            "predicted_rate": 0.48148148148148145,
            "success_false_positive_rate": 0.034482758620689655,
            "successes": 29,
            "threshold": "expected"
          },
          {
            "failure_capture_rate": 0.36,
            "failure_precision": 1.0,
            "failures": 25,
            "feature": "final_gap",
            "gate": "REF_final_gap_gt_2.375",
            "gate_score": 0.36,
            "kind": "near_readout_reference",
            "n": 54,
            "op": ">",
            "predicted_count": 9,
            "predicted_rate": 0.16666666666666666,
            "success_false_positive_rate": 0.0,
            "successes": 29,
            "threshold": 2.375
          },
          {
            "failure_capture_rate": 1.0,
            "failure_precision": 0.49019607843137253,
            "failures": 25,
            "feature": "final_gap",
            "gate": "REF_final_gap_gt_-1.188",
            "gate_score": 0.10344827586206895,
            "kind": "near_readout_reference",
            "n": 54,
            "op": ">",
            "predicted_count": 51,
            "predicted_rate": 0.9444444444444444,
            "success_false_positive_rate": 0.896551724137931,
            "successes": 29,
            "threshold": -1.1875
          },
          {
            "failure_capture_rate": 0.04,
            "failure_precision": 1.0,
            "failures": 25,
            "feature": "final_gap",
            "gate": "REF_final_gap_gt_6.938",
            "gate_score": 0.04,
            "kind": "near_readout_reference",
            "n": 54,
            "op": ">",
            "predicted_count": 1,
            "predicted_rate": 0.018518518518518517,
            "success_false_positive_rate": 0.0,
            "successes": 29,
            "threshold": 6.9375
          },
          {
            "failure_capture_rate": 1.0,
            "failure_precision": 0.46296296296296297,
            "failures": 25,
            "feature": "final_gap",
            "gate": "REF_final_gap_gt_-5.812",
            "gate_score": 0.0,
            "kind": "near_readout_reference",
            "n": 54,
            "op": ">",
            "predicted_count": 54,
            "predicted_rate": 1.0,
            "success_false_positive_rate": 1.0,
            "successes": 29,
            "threshold": -5.8125
          },
          {
            "failure_capture_rate": 0.0,
            "failure_precision": 0.0,
            "failures": 25,
            "feature": "final_gap",
            "gate": "REF_final_gap_gt_11.41",
            "gate_score": 0.0,
            "kind": "near_readout_reference",
            "n": 54,
            "op": ">",
            "predicted_count": 0,
            "predicted_rate": 0.0,
            "success_false_positive_rate": 0.0,
            "successes": 29,
            "threshold": 11.40625
          }
        ],
        "pre_readout": [
          {
            "failure_capture_rate": 1.0,
            "failure_precision": 0.6944444444444444,
            "failures": 25,
            "feature": "max_layer_gap",
            "gate": "max_layer_gap_gt_-8",
            "gate_score": 0.6206896551724138,
            "kind": "trajectory",
            "n": 54,
            "op": ">",
            "predicted_count": 36,
            "predicted_rate": 0.6666666666666666,
            "success_false_positive_rate": 0.3793103448275862,
            "successes": 29,
            "threshold": -8.0
          },
          {
            "failure_capture_rate": 0.96,
            "failure_precision": 0.6486486486486487,
            "failures": 25,
            "feature": "final_norm_input_rank",
            "gate": "final_norm_input_rank_gt_7.144e+04",
            "gate_score": 0.5117241379310344,
            "kind": "pre_final_norm",
            "n": 54,
            "op": ">",
            "predicted_count": 37,
            "predicted_rate": 0.6851851851851852,
            "success_false_positive_rate": 0.4482758620689655,
            "successes": 29,
            "threshold": 71445.0
          },
          {
            "failure_capture_rate": 0.64,
            "failure_precision": 0.7272727272727273,
            "failures": 25,
            "feature": "final_norm_input_rank",
            "gate": "final_norm_input_rank_gt_9.312e+04",
            "gate_score": 0.4331034482758621,
            "kind": "pre_final_norm",
            "n": 54,
            "op": ">",
            "predicted_count": 22,
            "predicted_rate": 0.4074074074074074,
            "success_false_positive_rate": 0.20689655172413793,
            "successes": 29,
            "threshold": 93116.0
          },
          {
            "failure_capture_rate": 0.96,
            "failure_precision": 0.6,
            "failures": 25,
            "feature": "final_norm_input_gap",
            "gate": "final_norm_input_gap_gt_-118.8",
            "gate_score": 0.4082758620689655,
            "kind": "pre_final_norm",
            "n": 54,
            "op": ">",
            "predicted_count": 40,
            "predicted_rate": 0.7407407407407407,
            "success_false_positive_rate": 0.5517241379310345,
            "successes": 29,
            "threshold": -118.75
          },
          {
            "failure_capture_rate": 0.96,
            "failure_precision": 0.6,
            "failures": 25,
            "feature": "last_layer_gap",
            "gate": "last_layer_gap_gt_-118.8",
            "gate_score": 0.4082758620689655,
            "kind": "late_residual",
            "n": 54,
            "op": ">",
            "predicted_count": 40,
            "predicted_rate": 0.7407407407407407,
            "success_false_positive_rate": 0.5517241379310345,
            "successes": 29,
            "threshold": -118.75
          },
          {
            "failure_capture_rate": 0.4,
            "failure_precision": 1.0,
            "failures": 25,
            "feature": "final_norm_input_gap",
            "gate": "final_norm_input_gap_gt_-0.5",
            "gate_score": 0.4,
            "kind": "pre_final_norm",
            "n": 54,
            "op": ">",
            "predicted_count": 10,
            "predicted_rate": 0.18518518518518517,
            "success_false_positive_rate": 0.0,
            "successes": 29,
            "threshold": -0.5
          },
          {
            "failure_capture_rate": 0.4,
            "failure_precision": 1.0,
            "failures": 25,
            "feature": "final_norm_input_gap",
            "gate": "final_norm_input_gap_gt_0",
            "gate_score": 0.4,
            "kind": "pre_final_norm",
            "n": 54,
            "op": ">",
            "predicted_count": 10,
            "predicted_rate": 0.18518518518518517,
            "success_false_positive_rate": 0.0,
            "successes": 29,
            "threshold": 0.0
          },
          {
            "failure_capture_rate": 0.4,
            "failure_precision": 1.0,
            "failures": 25,
            "feature": "last_layer_gap",
            "gate": "last_layer_gap_gt_-0.5",
            "gate_score": 0.4,
            "kind": "late_residual",
            "n": 54,
            "op": ">",
            "predicted_count": 10,
            "predicted_rate": 0.18518518518518517,
            "success_false_positive_rate": 0.0,
            "successes": 29,
            "threshold": -0.5
          },
          {
            "failure_capture_rate": 0.4,
            "failure_precision": 1.0,
            "failures": 25,
            "feature": "last_layer_gap",
            "gate": "last_layer_gap_gt_0",
            "gate_score": 0.4,
            "kind": "late_residual",
            "n": 54,
            "op": ">",
            "predicted_count": 10,
            "predicted_rate": 0.18518518518518517,
            "success_false_positive_rate": 0.0,
            "successes": 29,
            "threshold": 0.0
          },
          {
            "failure_capture_rate": 0.4,
            "failure_precision": 1.0,
            "failures": 25,
            "feature": "mid_to_late_shift",
            "gate": "mid_to_late_shift_gt_0",
            "gate_score": 0.4,
            "kind": "late_residual",
            "n": 54,
            "op": ">",
            "predicted_count": 10,
            "predicted_rate": 0.18518518518518517,
            "success_false_positive_rate": 0.0,
            "successes": 29,
            "threshold": 0.0
          },
          {
            "failure_capture_rate": 0.4,
            "failure_precision": 1.0,
            "failures": 25,
            "feature": "mid_to_late_shift",
            "gate": "mid_to_late_shift_gt_0.07812",
            "gate_score": 0.4,
            "kind": "late_residual",
            "n": 54,
            "op": ">",
            "predicted_count": 10,
            "predicted_rate": 0.18518518518518517,
            "success_false_positive_rate": 0.0,
            "successes": 29,
            "threshold": 0.078125
          },
          {
            "failure_capture_rate": 0.36,
            "failure_precision": 1.0,
            "failures": 25,
            "feature": "positive_layer_count",
            "gate": "positive_layer_count_gt_6",
            "gate_score": 0.36,
            "kind": "trajectory",
            "n": 54,
            "op": ">",
            "predicted_count": 9,
            "predicted_rate": 0.16666666666666666,
            "success_false_positive_rate": 0.0,
            "successes": 29,
            "threshold": 6.0
          },
          {
            "failure_capture_rate": 0.56,
            "failure_precision": 0.7,
            "failures": 25,
            "feature": "positive_layer_count",
            "gate": "positive_layer_count_gt_3",
            "gate_score": 0.35310344827586215,
            "kind": "trajectory",
            "n": 54,
            "op": ">",
            "predicted_count": 20,
            "predicted_rate": 0.37037037037037035,
            "success_false_positive_rate": 0.20689655172413793,
            "successes": 29,
            "threshold": 3.0
          },
          {
            "failure_capture_rate": 0.64,
            "failure_precision": 0.6153846153846154,
            "failures": 25,
            "feature": "final_norm_input_gap",
            "gate": "final_norm_input_gap_gt_-72.5",
            "gate_score": 0.29517241379310344,
            "kind": "pre_final_norm",
            "n": 54,
            "op": ">",
            "predicted_count": 26,
            "predicted_rate": 0.48148148148148145,
            "success_false_positive_rate": 0.3448275862068966,
            "successes": 29,
            "threshold": -72.5
          },
          {
            "failure_capture_rate": 0.64,
            "failure_precision": 0.6153846153846154,
            "failures": 25,
            "feature": "last_layer_gap",
            "gate": "last_layer_gap_gt_-72.5",
            "gate_score": 0.29517241379310344,
            "kind": "late_residual",
            "n": 54,
            "op": ">",
            "predicted_count": 26,
            "predicted_rate": 0.48148148148148145,
            "success_false_positive_rate": 0.3448275862068966,
            "successes": 29,
            "threshold": -72.5
          }
        ]
      },
      "same_format_random_value": {
        "near_readout_reference": [
          {
            "failure_capture_rate": 1.0,
            "failure_precision": 1.0,
            "failures": 63,
            "feature": "final_gap",
            "gate": "REF_final_gap_gt_-0.03125",
            "gate_score": 1.0,
            "kind": "near_readout_reference",
            "n": 72,
            "op": ">",
            "predicted_count": 63,
            "predicted_rate": 0.875,
            "success_false_positive_rate": 0.0,
            "successes": 9,
            "threshold": -0.03125
          },
          {
            "failure_capture_rate": 1.0,
            "failure_precision": 1.0,
            "failures": 63,
            "feature": "final_gap",
            "gate": "REF_final_gap_gt_0",
            "gate_score": 1.0,
            "kind": "near_readout_reference",
            "n": 72,
            "op": ">",
            "predicted_count": 63,
            "predicted_rate": 0.875,
            "success_false_positive_rate": 0.0,
            "successes": 9,
            "threshold": 0.0
          },
          {
            "failure_capture_rate": 1.0,
            "failure_precision": 1.0,
            "failures": 63,
            "feature": "top1_category",
            "gate": "REF_top1_category_not_expected",
            "gate_score": 1.0,
            "kind": "near_readout_reference",
            "n": 72,
            "op": "!=",
            "predicted_count": 63,
            "predicted_rate": 0.875,
            "success_false_positive_rate": 0.0,
            "successes": 9,
            "threshold": "expected"
          },
          {
            "failure_capture_rate": 0.9206349206349206,
            "failure_precision": 1.0,
            "failures": 63,
            "feature": "final_gap",
            "gate": "REF_final_gap_gt_2.375",
            "gate_score": 0.9206349206349206,
            "kind": "near_readout_reference",
            "n": 72,
            "op": ">",
            "predicted_count": 58,
            "predicted_rate": 0.8055555555555556,
            "success_false_positive_rate": 0.0,
            "successes": 9,
            "threshold": 2.375
          },
          {
            "failure_capture_rate": 0.5873015873015873,
            "failure_precision": 1.0,
            "failures": 63,
            "feature": "final_gap",
            "gate": "REF_final_gap_gt_6.938",
            "gate_score": 0.5873015873015873,
            "kind": "near_readout_reference",
            "n": 72,
            "op": ">",
            "predicted_count": 37,
            "predicted_rate": 0.5138888888888888,
            "success_false_positive_rate": 0.0,
            "successes": 9,
            "threshold": 6.9375
          },
          {
            "failure_capture_rate": 1.0,
            "failure_precision": 0.9130434782608695,
            "failures": 63,
            "feature": "final_gap",
            "gate": "REF_final_gap_gt_-1.188",
            "gate_score": 0.33333333333333337,
            "kind": "near_readout_reference",
            "n": 72,
            "op": ">",
            "predicted_count": 69,
            "predicted_rate": 0.9583333333333334,
            "success_false_positive_rate": 0.6666666666666666,
            "successes": 9,
            "threshold": -1.1875
          },
          {
            "failure_capture_rate": 1.0,
            "failure_precision": 0.875,
            "failures": 63,
            "feature": "final_gap",
            "gate": "REF_final_gap_gt_-5.812",
            "gate_score": 0.0,
            "kind": "near_readout_reference",
            "n": 72,
            "op": ">",
            "predicted_count": 72,
            "predicted_rate": 1.0,
            "success_false_positive_rate": 1.0,
            "successes": 9,
            "threshold": -5.8125
          },
          {
            "failure_capture_rate": 0.0,
            "failure_precision": 0.0,
            "failures": 63,
            "feature": "final_gap",
            "gate": "REF_final_gap_gt_11.41",
            "gate_score": 0.0,
            "kind": "near_readout_reference",
            "n": 72,
            "op": ">",
            "predicted_count": 0,
            "predicted_rate": 0.0,
            "success_false_positive_rate": 0.0,
            "successes": 9,
            "threshold": 11.40625
          }
        ],
        "pre_readout": [
          {
            "failure_capture_rate": 0.6190476190476191,
            "failure_precision": 1.0,
            "failures": 63,
            "feature": "final_norm_input_rank",
            "gate": "final_norm_input_rank_gt_7.144e+04",
            "gate_score": 0.6190476190476191,
            "kind": "pre_final_norm",
            "n": 72,
            "op": ">",
            "predicted_count": 39,
            "predicted_rate": 0.5416666666666666,
            "success_false_positive_rate": 0.0,
            "successes": 9,
            "threshold": 71445.0
          },
          {
            "failure_capture_rate": 0.6190476190476191,
            "failure_precision": 1.0,
            "failures": 63,
            "feature": "mid_to_late_shift",
            "gate": "mid_to_late_shift_gt_-80.06",
            "gate_score": 0.6190476190476191,
            "kind": "late_residual",
            "n": 72,
            "op": ">",
            "predicted_count": 39,
            "predicted_rate": 0.5416666666666666,
            "success_false_positive_rate": 0.0,
            "successes": 9,
            "threshold": -80.0625
          },
          {
            "failure_capture_rate": 0.6507936507936508,
            "failure_precision": 0.9761904761904762,
            "failures": 63,
            "feature": "final_norm_input_gap",
            "gate": "final_norm_input_gap_gt_-118.8",
            "gate_score": 0.5396825396825398,
            "kind": "pre_final_norm",
            "n": 72,
            "op": ">",
            "predicted_count": 42,
            "predicted_rate": 0.5833333333333334,
            "success_false_positive_rate": 0.1111111111111111,
            "successes": 9,
            "threshold": -118.75
          },
          {
            "failure_capture_rate": 0.6507936507936508,
            "failure_precision": 0.9761904761904762,
            "failures": 63,
            "feature": "last_layer_gap",
            "gate": "last_layer_gap_gt_-118.8",
            "gate_score": 0.5396825396825398,
            "kind": "late_residual",
            "n": 72,
            "op": ">",
            "predicted_count": 42,
            "predicted_rate": 0.5833333333333334,
            "success_false_positive_rate": 0.1111111111111111,
            "successes": 9,
            "threshold": -118.75
          },
          {
            "failure_capture_rate": 0.42857142857142855,
            "failure_precision": 1.0,
            "failures": 63,
            "feature": "mid_to_late_shift",
            "gate": "mid_to_late_shift_gt_-48.5",
            "gate_score": 0.42857142857142855,
            "kind": "late_residual",
            "n": 72,
            "op": ">",
            "predicted_count": 27,
            "predicted_rate": 0.375,
            "success_false_positive_rate": 0.0,
            "successes": 9,
            "threshold": -48.5
          },
          {
            "failure_capture_rate": 0.38095238095238093,
            "failure_precision": 1.0,
            "failures": 63,
            "feature": "max_layer_gap",
            "gate": "max_layer_gap_lt_-8",
            "gate_score": 0.38095238095238093,
            "kind": "trajectory",
            "n": 72,
            "op": "<",
            "predicted_count": 24,
            "predicted_rate": 0.3333333333333333,
            "success_false_positive_rate": 0.0,
            "successes": 9,
            "threshold": -8.0
          },
          {
            "failure_capture_rate": 0.36507936507936506,
            "failure_precision": 1.0,
            "failures": 63,
            "feature": "min_layer_gap",
            "gate": "min_layer_gap_gt_-143.4",
            "gate_score": 0.36507936507936506,
            "kind": "trajectory",
            "n": 72,
            "op": ">",
            "predicted_count": 23,
            "predicted_rate": 0.3194444444444444,
            "success_false_positive_rate": 0.0,
            "successes": 9,
            "threshold": -143.375
          },
          {
            "failure_capture_rate": 0.3333333333333333,
            "failure_precision": 1.0,
            "failures": 63,
            "feature": "final_norm_input_gap",
            "gate": "final_norm_input_gap_gt_-72.5",
            "gate_score": 0.3333333333333333,
            "kind": "pre_final_norm",
            "n": 72,
            "op": ">",
            "predicted_count": 21,
            "predicted_rate": 0.2916666666666667,
            "success_false_positive_rate": 0.0,
            "successes": 9,
            "threshold": -72.5
          },
          {
            "failure_capture_rate": 0.3333333333333333,
            "failure_precision": 1.0,
            "failures": 63,
            "feature": "last_layer_gap",
            "gate": "last_layer_gap_gt_-72.5",
            "gate_score": 0.3333333333333333,
            "kind": "late_residual",
            "n": 72,
            "op": ">",
            "predicted_count": 21,
            "predicted_rate": 0.2916666666666667,
            "success_false_positive_rate": 0.0,
            "successes": 9,
            "threshold": -72.5
          },
          {
            "failure_capture_rate": 0.31746031746031744,
            "failure_precision": 1.0,
            "failures": 63,
            "feature": "final_norm_input_rank",
            "gate": "final_norm_input_rank_gt_9.312e+04",
            "gate_score": 0.31746031746031744,
            "kind": "pre_final_norm",
            "n": 72,
            "op": ">",
            "predicted_count": 20,
            "predicted_rate": 0.2777777777777778,
            "success_false_positive_rate": 0.0,
            "successes": 9,
            "threshold": 93116.0
          },
          {
            "failure_capture_rate": 0.2857142857142857,
            "failure_precision": 1.0,
            "failures": 63,
            "feature": "min_layer_gap",
            "gate": "min_layer_gap_gt_-90.25",
            "gate_score": 0.2857142857142857,
            "kind": "trajectory",
            "n": 72,
            "op": ">",
            "predicted_count": 18,
            "predicted_rate": 0.25,
            "success_false_positive_rate": 0.0,
            "successes": 9,
            "threshold": -90.25
          },
          {
            "failure_capture_rate": 0.23809523809523808,
            "failure_precision": 1.0,
            "failures": 63,
            "feature": "mid_to_late_shift",
            "gate": "mid_to_late_shift_gt_0",
            "gate_score": 0.23809523809523808,
            "kind": "late_residual",
            "n": 72,
            "op": ">",
            "predicted_count": 15,
            "predicted_rate": 0.20833333333333334,
            "success_false_positive_rate": 0.0,
            "successes": 9,
            "threshold": 0.0
          },
          {
            "failure_capture_rate": 0.23809523809523808,
            "failure_precision": 1.0,
            "failures": 63,
            "feature": "mid_to_late_shift",
            "gate": "mid_to_late_shift_gt_0.07812",
            "gate_score": 0.23809523809523808,
            "kind": "late_residual",
            "n": 72,
            "op": ">",
            "predicted_count": 15,
            "predicted_rate": 0.20833333333333334,
            "success_false_positive_rate": 0.0,
            "successes": 9,
            "threshold": 0.078125
          },
          {
            "failure_capture_rate": 0.23809523809523808,
            "failure_precision": 1.0,
            "failures": 63,
            "feature": "max_layer_gap",
            "gate": "max_layer_gap_gt_-4.352",
            "gate_score": 0.23809523809523808,
            "kind": "trajectory",
            "n": 72,
            "op": ">",
            "predicted_count": 15,
            "predicted_rate": 0.20833333333333334,
            "success_false_positive_rate": 0.0,
            "successes": 9,
            "threshold": -4.3515625
          },
          {
            "failure_capture_rate": 0.23809523809523808,
            "failure_precision": 1.0,
            "failures": 63,
            "feature": "max_layer_gap",
            "gate": "max_layer_gap_gt_-0.1562",
            "gate_score": 0.23809523809523808,
            "kind": "trajectory",
            "n": 72,
            "op": ">",
            "predicted_count": 15,
            "predicted_rate": 0.20833333333333334,
            "success_false_positive_rate": 0.0,
            "successes": 9,
            "threshold": -0.15625
          }
        ]
      },
      "same_prefix_different_continuation": {
        "near_readout_reference": [
          {
            "failure_capture_rate": 1.0,
            "failure_precision": 1.0,
            "failures": 23,
            "feature": "final_gap",
            "gate": "REF_final_gap_gt_-0.03125",
            "gate_score": 1.0,
            "kind": "near_readout_reference",
            "n": 24,
            "op": ">",
            "predicted_count": 23,
            "predicted_rate": 0.9583333333333334,
            "success_false_positive_rate": 0.0,
            "successes": 1,
            "threshold": -0.03125
          },
          {
            "failure_capture_rate": 1.0,
            "failure_precision": 1.0,
            "failures": 23,
            "feature": "final_gap",
            "gate": "REF_final_gap_gt_0",
            "gate_score": 1.0,
            "kind": "near_readout_reference",
            "n": 24,
            "op": ">",
            "predicted_count": 23,
            "predicted_rate": 0.9583333333333334,
            "success_false_positive_rate": 0.0,
            "successes": 1,
            "threshold": 0.0
          },
          {
            "failure_capture_rate": 1.0,
            "failure_precision": 1.0,
            "failures": 23,
            "feature": "top1_category",
            "gate": "REF_top1_category_not_expected",
            "gate_score": 1.0,
            "kind": "near_readout_reference",
            "n": 24,
            "op": "!=",
            "predicted_count": 23,
            "predicted_rate": 0.9583333333333334,
            "success_false_positive_rate": 0.0,
            "successes": 1,
            "threshold": "expected"
          },
          {
            "failure_capture_rate": 0.4782608695652174,
            "failure_precision": 1.0,
            "failures": 23,
            "feature": "final_gap",
            "gate": "REF_final_gap_gt_2.375",
            "gate_score": 0.4782608695652174,
            "kind": "near_readout_reference",
            "n": 24,
            "op": ">",
            "predicted_count": 11,
            "predicted_rate": 0.4583333333333333,
            "success_false_positive_rate": 0.0,
            "successes": 1,
            "threshold": 2.375
          },
          {
            "failure_capture_rate": 1.0,
            "failure_precision": 0.9583333333333334,
            "failures": 23,
            "feature": "final_gap",
            "gate": "REF_final_gap_gt_-5.812",
            "gate_score": 0.0,
            "kind": "near_readout_reference",
            "n": 24,
            "op": ">",
            "predicted_count": 24,
            "predicted_rate": 1.0,
            "success_false_positive_rate": 1.0,
            "successes": 1,
            "threshold": -5.8125
          },
          {
            "failure_capture_rate": 1.0,
            "failure_precision": 0.9583333333333334,
            "failures": 23,
            "feature": "final_gap",
            "gate": "REF_final_gap_gt_-1.188",
            "gate_score": 0.0,
            "kind": "near_readout_reference",
            "n": 24,
            "op": ">",
            "predicted_count": 24,
            "predicted_rate": 1.0,
            "success_false_positive_rate": 1.0,
            "successes": 1,
            "threshold": -1.1875
          },
          {
            "failure_capture_rate": 0.0,
            "failure_precision": 0.0,
            "failures": 23,
            "feature": "final_gap",
            "gate": "REF_final_gap_gt_6.938",
            "gate_score": 0.0,
            "kind": "near_readout_reference",
            "n": 24,
            "op": ">",
            "predicted_count": 0,
            "predicted_rate": 0.0,
            "success_false_positive_rate": 0.0,
            "successes": 1,
            "threshold": 6.9375
          },
          {
            "failure_capture_rate": 0.0,
            "failure_precision": 0.0,
            "failures": 23,
            "feature": "final_gap",
            "gate": "REF_final_gap_gt_11.41",
            "gate_score": 0.0,
            "kind": "near_readout_reference",
            "n": 24,
            "op": ">",
            "predicted_count": 0,
            "predicted_rate": 0.0,
            "success_false_positive_rate": 0.0,
            "successes": 1,
            "threshold": 11.40625
          }
        ],
        "pre_readout": [
          {
            "failure_capture_rate": 0.8695652173913043,
            "failure_precision": 1.0,
            "failures": 23,
            "feature": "final_norm_input_gap",
            "gate": "final_norm_input_gap_gt_-118.8",
            "gate_score": 0.8695652173913043,
            "kind": "pre_final_norm",
            "n": 24,
            "op": ">",
            "predicted_count": 20,
            "predicted_rate": 0.8333333333333334,
            "success_false_positive_rate": 0.0,
            "successes": 1,
            "threshold": -118.75
          },
          {
            "failure_capture_rate": 0.8695652173913043,
            "failure_precision": 1.0,
            "failures": 23,
            "feature": "last_layer_gap",
            "gate": "last_layer_gap_gt_-118.8",
            "gate_score": 0.8695652173913043,
            "kind": "late_residual",
            "n": 24,
            "op": ">",
            "predicted_count": 20,
            "predicted_rate": 0.8333333333333334,
            "success_false_positive_rate": 0.0,
            "successes": 1,
            "threshold": -118.75
          },
          {
            "failure_capture_rate": 0.8260869565217391,
            "failure_precision": 1.0,
            "failures": 23,
            "feature": "mid_to_late_shift",
            "gate": "mid_to_late_shift_gt_-80.06",
            "gate_score": 0.8260869565217391,
            "kind": "late_residual",
            "n": 24,
            "op": ">",
            "predicted_count": 19,
            "predicted_rate": 0.7916666666666666,
            "success_false_positive_rate": 0.0,
            "successes": 1,
            "threshold": -80.0625
          },
          {
            "failure_capture_rate": 0.6086956521739131,
            "failure_precision": 1.0,
            "failures": 23,
            "feature": "final_norm_input_gap",
            "gate": "final_norm_input_gap_gt_-72.5",
            "gate_score": 0.6086956521739131,
            "kind": "pre_final_norm",
            "n": 24,
            "op": ">",
            "predicted_count": 14,
            "predicted_rate": 0.5833333333333334,
            "success_false_positive_rate": 0.0,
            "successes": 1,
            "threshold": -72.5
          },
          {
            "failure_capture_rate": 0.6086956521739131,
            "failure_precision": 1.0,
            "failures": 23,
            "feature": "last_layer_gap",
            "gate": "last_layer_gap_gt_-72.5",
            "gate_score": 0.6086956521739131,
            "kind": "late_residual",
            "n": 24,
            "op": ">",
            "predicted_count": 14,
            "predicted_rate": 0.5833333333333334,
            "success_false_positive_rate": 0.0,
            "successes": 1,
            "threshold": -72.5
          },
          {
            "failure_capture_rate": 0.6086956521739131,
            "failure_precision": 1.0,
            "failures": 23,
            "feature": "min_layer_gap",
            "gate": "min_layer_gap_gt_-90.25",
            "gate_score": 0.6086956521739131,
            "kind": "trajectory",
            "n": 24,
            "op": ">",
            "predicted_count": 14,
            "predicted_rate": 0.5833333333333334,
            "success_false_positive_rate": 0.0,
            "successes": 1,
            "threshold": -90.25
          },
          {
            "failure_capture_rate": 0.4782608695652174,
            "failure_precision": 1.0,
            "failures": 23,
            "feature": "mid_to_late_shift",
            "gate": "mid_to_late_shift_gt_-48.5",
            "gate_score": 0.4782608695652174,
            "kind": "late_residual",
            "n": 24,
            "op": ">",
            "predicted_count": 11,
            "predicted_rate": 0.4583333333333333,
            "success_false_positive_rate": 0.0,
            "successes": 1,
            "threshold": -48.5
          },
          {
            "failure_capture_rate": 0.43478260869565216,
            "failure_precision": 1.0,
            "failures": 23,
            "feature": "final_norm_input_rank",
            "gate": "final_norm_input_rank_gt_9.312e+04",
            "gate_score": 0.43478260869565216,
            "kind": "pre_final_norm",
            "n": 24,
            "op": ">",
            "predicted_count": 10,
            "predicted_rate": 0.4166666666666667,
            "success_false_positive_rate": 0.0,
            "successes": 1,
            "threshold": 93116.0
          },
          {
            "failure_capture_rate": 0.391304347826087,
            "failure_precision": 1.0,
            "failures": 23,
            "feature": "max_layer_gap",
            "gate": "max_layer_gap_gt_-4.352",
            "gate_score": 0.391304347826087,
            "kind": "trajectory",
            "n": 24,
            "op": ">",
            "predicted_count": 9,
            "predicted_rate": 0.375,
            "success_false_positive_rate": 0.0,
            "successes": 1,
            "threshold": -4.3515625
          },
          {
            "failure_capture_rate": 0.17391304347826086,
            "failure_precision": 1.0,
            "failures": 23,
            "feature": "max_layer_gap",
            "gate": "max_layer_gap_gt_-0.1562",
            "gate_score": 0.17391304347826086,
            "kind": "trajectory",
            "n": 24,
            "op": ">",
            "predicted_count": 4,
            "predicted_rate": 0.16666666666666666,
            "success_false_positive_rate": 0.0,
            "successes": 1,
            "threshold": -0.15625
          },
          {
            "failure_capture_rate": 0.17391304347826086,
            "failure_precision": 1.0,
            "failures": 23,
            "feature": "max_layer_gap",
            "gate": "max_layer_gap_gt_0",
            "gate_score": 0.17391304347826086,
            "kind": "trajectory",
            "n": 24,
            "op": ">",
            "predicted_count": 4,
            "predicted_rate": 0.16666666666666666,
            "success_false_positive_rate": 0.0,
            "successes": 1,
            "threshold": 0.0
          },
          {
            "failure_capture_rate": 0.17391304347826086,
            "failure_precision": 1.0,
            "failures": 23,
            "feature": "positive_layer_count",
            "gate": "positive_layer_count_gt_0",
            "gate_score": 0.17391304347826086,
            "kind": "trajectory",
            "n": 24,
            "op": ">",
            "predicted_count": 4,
            "predicted_rate": 0.16666666666666666,
            "success_false_positive_rate": 0.0,
            "successes": 1,
            "threshold": 0.0
          },
          {
            "failure_capture_rate": 0.17391304347826086,
            "failure_precision": 1.0,
            "failures": 23,
            "feature": "positive_layer_count",
            "gate": "positive_layer_count_gt_0.5",
            "gate_score": 0.17391304347826086,
            "kind": "trajectory",
            "n": 24,
            "op": ">",
            "predicted_count": 4,
            "predicted_rate": 0.16666666666666666,
            "success_false_positive_rate": 0.0,
            "successes": 1,
            "threshold": 0.5
          },
          {
            "failure_capture_rate": 0.17391304347826086,
            "failure_precision": 1.0,
            "failures": 23,
            "feature": "positive_layer_count",
            "gate": "positive_layer_count_gt_3",
            "gate_score": 0.17391304347826086,
            "kind": "trajectory",
            "n": 24,
            "op": ">",
            "predicted_count": 4,
            "predicted_rate": 0.16666666666666666,
            "success_false_positive_rate": 0.0,
            "successes": 1,
            "threshold": 3.0
          },
          {
            "failure_capture_rate": 0.17391304347826086,
            "failure_precision": 1.0,
            "failures": 23,
            "feature": "positive_layer_count",
            "gate": "positive_layer_count_gt_6",
            "gate_score": 0.17391304347826086,
            "kind": "trajectory",
            "n": 24,
            "op": ">",
            "predicted_count": 4,
            "predicted_rate": 0.16666666666666666,
            "success_false_positive_rate": 0.0,
            "successes": 1,
            "threshold": 6.0
          }
        ]
      },
      "same_value_different_format": {
        "near_readout_reference": [
          {
            "failure_capture_rate": 1.0,
            "failure_precision": 1.0,
            "failures": 50,
            "feature": "final_gap",
            "gate": "REF_final_gap_gt_0",
            "gate_score": 1.0,
            "kind": "near_readout_reference",
            "n": 144,
            "op": ">",
            "predicted_count": 50,
            "predicted_rate": 0.3472222222222222,
            "success_false_positive_rate": 0.0,
            "successes": 94,
            "threshold": 0.0
          },
          {
            "failure_capture_rate": 1.0,
            "failure_precision": 0.9803921568627451,
            "failures": 50,
            "feature": "final_gap",
            "gate": "REF_final_gap_gt_-0.03125",
            "gate_score": 0.9893617021276596,
            "kind": "near_readout_reference",
            "n": 144,
            "op": ">",
            "predicted_count": 51,
            "predicted_rate": 0.3541666666666667,
            "success_false_positive_rate": 0.010638297872340425,
            "successes": 94,
            "threshold": -0.03125
          },
          {
            "failure_capture_rate": 1.0,
            "failure_precision": 0.9803921568627451,
            "failures": 50,
            "feature": "top1_category",
            "gate": "REF_top1_category_not_expected",
            "gate_score": 0.9893617021276596,
            "kind": "near_readout_reference",
            "n": 144,
            "op": "!=",
            "predicted_count": 51,
            "predicted_rate": 0.3541666666666667,
            "success_false_positive_rate": 0.010638297872340425,
            "successes": 94,
            "threshold": "expected"
          },
          {
            "failure_capture_rate": 1.0,
            "failure_precision": 0.6944444444444444,
            "failures": 50,
            "feature": "final_gap",
            "gate": "REF_final_gap_gt_-1.188",
            "gate_score": 0.7659574468085106,
            "kind": "near_readout_reference",
            "n": 144,
            "op": ">",
            "predicted_count": 72,
            "predicted_rate": 0.5,
            "success_false_positive_rate": 0.23404255319148937,
            "successes": 94,
            "threshold": -1.1875
          },
          {
            "failure_capture_rate": 0.74,
            "failure_precision": 1.0,
            "failures": 50,
            "feature": "final_gap",
            "gate": "REF_final_gap_gt_2.375",
            "gate_score": 0.74,
            "kind": "near_readout_reference",
            "n": 144,
            "op": ">",
            "predicted_count": 37,
            "predicted_rate": 0.2569444444444444,
            "success_false_positive_rate": 0.0,
            "successes": 94,
            "threshold": 2.375
          },
          {
            "failure_capture_rate": 0.12,
            "failure_precision": 1.0,
            "failures": 50,
            "feature": "final_gap",
            "gate": "REF_final_gap_gt_6.938",
            "gate_score": 0.12,
            "kind": "near_readout_reference",
            "n": 144,
            "op": ">",
            "predicted_count": 6,
            "predicted_rate": 0.041666666666666664,
            "success_false_positive_rate": 0.0,
            "successes": 94,
            "threshold": 6.9375
          },
          {
            "failure_capture_rate": 1.0,
            "failure_precision": 0.34965034965034963,
            "failures": 50,
            "feature": "final_gap",
            "gate": "REF_final_gap_gt_-5.812",
            "gate_score": 0.010638297872340385,
            "kind": "near_readout_reference",
            "n": 144,
            "op": ">",
            "predicted_count": 143,
            "predicted_rate": 0.9930555555555556,
            "success_false_positive_rate": 0.9893617021276596,
            "successes": 94,
            "threshold": -5.8125
          },
          {
            "failure_capture_rate": 0.0,
            "failure_precision": 0.0,
            "failures": 50,
            "feature": "final_gap",
            "gate": "REF_final_gap_gt_11.41",
            "gate_score": 0.0,
            "kind": "near_readout_reference",
            "n": 144,
            "op": ">",
            "predicted_count": 0,
            "predicted_rate": 0.0,
            "success_false_positive_rate": 0.0,
            "successes": 94,
            "threshold": 11.40625
          }
        ],
        "pre_readout": [
          {
            "failure_capture_rate": 0.96,
            "failure_precision": 0.4485981308411215,
            "failures": 50,
            "feature": "final_norm_input_gap",
            "gate": "final_norm_input_gap_gt_-118.8",
            "gate_score": 0.3323404255319149,
            "kind": "pre_final_norm",
            "n": 144,
            "op": ">",
            "predicted_count": 107,
            "predicted_rate": 0.7430555555555556,
            "success_false_positive_rate": 0.6276595744680851,
            "successes": 94,
            "threshold": -118.75
          },
          {
            "failure_capture_rate": 0.96,
            "failure_precision": 0.4485981308411215,
            "failures": 50,
            "feature": "last_layer_gap",
            "gate": "last_layer_gap_gt_-118.8",
            "gate_score": 0.3323404255319149,
            "kind": "late_residual",
            "n": 144,
            "op": ">",
            "predicted_count": 107,
            "predicted_rate": 0.7430555555555556,
            "success_false_positive_rate": 0.6276595744680851,
            "successes": 94,
            "threshold": -118.75
          },
          {
            "failure_capture_rate": 0.8,
            "failure_precision": 0.45454545454545453,
            "failures": 50,
            "feature": "final_norm_input_rank",
            "gate": "final_norm_input_rank_gt_9.312e+04",
            "gate_score": 0.28936170212765966,
            "kind": "pre_final_norm",
            "n": 144,
            "op": ">",
            "predicted_count": 88,
            "predicted_rate": 0.6111111111111112,
            "success_false_positive_rate": 0.5106382978723404,
            "successes": 94,
            "threshold": 93116.0
          },
          {
            "failure_capture_rate": 1.0,
            "failure_precision": 0.42735042735042733,
            "failures": 50,
            "feature": "min_layer_gap",
            "gate": "min_layer_gap_gt_-143.4",
            "gate_score": 0.2872340425531915,
            "kind": "trajectory",
            "n": 144,
            "op": ">",
            "predicted_count": 117,
            "predicted_rate": 0.8125,
            "success_false_positive_rate": 0.7127659574468085,
            "successes": 94,
            "threshold": -143.375
          },
          {
            "failure_capture_rate": 0.76,
            "failure_precision": 0.4470588235294118,
            "failures": 50,
            "feature": "final_norm_input_gap",
            "gate": "final_norm_input_gap_gt_-72.5",
            "gate_score": 0.26,
            "kind": "pre_final_norm",
            "n": 144,
            "op": ">",
            "predicted_count": 85,
            "predicted_rate": 0.5902777777777778,
            "success_false_positive_rate": 0.5,
            "successes": 94,
            "threshold": -72.5
          },
          {
            "failure_capture_rate": 0.76,
            "failure_precision": 0.4470588235294118,
            "failures": 50,
            "feature": "last_layer_gap",
            "gate": "last_layer_gap_gt_-72.5",
            "gate_score": 0.26,
            "kind": "late_residual",
            "n": 144,
            "op": ">",
            "predicted_count": 85,
            "predicted_rate": 0.5902777777777778,
            "success_false_positive_rate": 0.5,
            "successes": 94,
            "threshold": -72.5
          },
          {
            "failure_capture_rate": 0.72,
            "failure_precision": 0.43373493975903615,
            "failures": 50,
            "feature": "mid_to_late_shift",
            "gate": "mid_to_late_shift_gt_-48.5",
            "gate_score": 0.21999999999999997,
            "kind": "late_residual",
            "n": 144,
            "op": ">",
            "predicted_count": 83,
            "predicted_rate": 0.5763888888888888,
            "success_false_positive_rate": 0.5,
            "successes": 94,
            "threshold": -48.5
          },
          {
            "failure_capture_rate": 0.7,
            "failure_precision": 0.4268292682926829,
            "failures": 50,
            "feature": "min_layer_gap",
            "gate": "min_layer_gap_gt_-90.25",
            "gate_score": 0.19999999999999996,
            "kind": "trajectory",
            "n": 144,
            "op": ">",
            "predicted_count": 82,
            "predicted_rate": 0.5694444444444444,
            "success_false_positive_rate": 0.5,
            "successes": 94,
            "threshold": -90.25
          },
          {
            "failure_capture_rate": 0.62,
            "failure_precision": 0.4305555555555556,
            "failures": 50,
            "feature": "final_norm_input_gap",
            "gate": "final_norm_input_gap_gt_-0.5",
            "gate_score": 0.18382978723404253,
            "kind": "pre_final_norm",
            "n": 144,
            "op": ">",
            "predicted_count": 72,
            "predicted_rate": 0.5,
            "success_false_positive_rate": 0.43617021276595747,
            "successes": 94,
            "threshold": -0.5
          },
          {
            "failure_capture_rate": 0.62,
            "failure_precision": 0.4305555555555556,
            "failures": 50,
            "feature": "final_norm_input_gap",
            "gate": "final_norm_input_gap_gt_0",
            "gate_score": 0.18382978723404253,
            "kind": "pre_final_norm",
            "n": 144,
            "op": ">",
            "predicted_count": 72,
            "predicted_rate": 0.5,
            "success_false_positive_rate": 0.43617021276595747,
            "successes": 94,
            "threshold": 0.0
          },
          {
            "failure_capture_rate": 0.62,
            "failure_precision": 0.4305555555555556,
            "failures": 50,
            "feature": "last_layer_gap",
            "gate": "last_layer_gap_gt_-0.5",
            "gate_score": 0.18382978723404253,
            "kind": "late_residual",
            "n": 144,
            "op": ">",
            "predicted_count": 72,
            "predicted_rate": 0.5,
            "success_false_positive_rate": 0.43617021276595747,
            "successes": 94,
            "threshold": -0.5
          },
          {
            "failure_capture_rate": 0.62,
            "failure_precision": 0.4305555555555556,
            "failures": 50,
            "feature": "last_layer_gap",
            "gate": "last_layer_gap_gt_0",
            "gate_score": 0.18382978723404253,
            "kind": "late_residual",
            "n": 144,
            "op": ">",
            "predicted_count": 72,
            "predicted_rate": 0.5,
            "success_false_positive_rate": 0.43617021276595747,
            "successes": 94,
            "threshold": 0.0
          },
          {
            "failure_capture_rate": 0.92,
            "failure_precision": 0.39655172413793105,
            "failures": 50,
            "feature": "final_norm_input_rank",
            "gate": "final_norm_input_rank_gt_7.144e+04",
            "gate_score": 0.1753191489361703,
            "kind": "pre_final_norm",
            "n": 144,
            "op": ">",
            "predicted_count": 116,
            "predicted_rate": 0.8055555555555556,
            "success_false_positive_rate": 0.7446808510638298,
            "successes": 94,
            "threshold": 71445.0
          },
          {
            "failure_capture_rate": 0.92,
            "failure_precision": 0.39655172413793105,
            "failures": 50,
            "feature": "mid_to_late_shift",
            "gate": "mid_to_late_shift_gt_-80.06",
            "gate_score": 0.1753191489361703,
            "kind": "late_residual",
            "n": 144,
            "op": ">",
            "predicted_count": 116,
            "predicted_rate": 0.8055555555555556,
            "success_false_positive_rate": 0.7446808510638298,
            "successes": 94,
            "threshold": -80.0625
          },
          {
            "failure_capture_rate": 0.62,
            "failure_precision": 0.4246575342465753,
            "failures": 50,
            "feature": "positive_layer_count",
            "gate": "positive_layer_count_gt_3",
            "gate_score": 0.17319148936170214,
            "kind": "trajectory",
            "n": 144,
            "op": ">",
            "predicted_count": 73,
            "predicted_rate": 0.5069444444444444,
            "success_false_positive_rate": 0.44680851063829785,
            "successes": 94,
            "threshold": 3.0
          }
        ]
      }
    },
    "cross_family_generalization": [],
    "model": "deepseek7b",
    "top_near_readout_reference_gates": [
      {
        "failure_capture_rate": 1.0,
        "failure_precision": 1.0,
        "failures": 207,
        "feature": "final_gap",
        "gate": "REF_final_gap_gt_0",
        "gate_score": 1.0,
        "kind": "near_readout_reference",
        "n": 342,
        "op": ">",
        "predicted_count": 207,
        "predicted_rate": 0.6052631578947368,
        "success_false_positive_rate": 0.0,
        "successes": 135,
        "threshold": 0.0
      },
      {
        "failure_capture_rate": 1.0,
        "failure_precision": 0.9857142857142858,
        "failures": 207,
        "feature": "final_gap",
        "gate": "REF_final_gap_gt_-0.03125",
        "gate_score": 0.9777777777777777,
        "kind": "near_readout_reference",
        "n": 342,
        "op": ">",
        "predicted_count": 210,
        "predicted_rate": 0.6140350877192983,
        "success_false_positive_rate": 0.022222222222222223,
        "successes": 135,
        "threshold": -0.03125
      },
      {
        "failure_capture_rate": 1.0,
        "failure_precision": 0.9857142857142858,
        "failures": 207,
        "feature": "top1_category",
        "gate": "REF_top1_category_not_expected",
        "gate_score": 0.9777777777777777,
        "kind": "near_readout_reference",
        "n": 342,
        "op": "!=",
        "predicted_count": 210,
        "predicted_rate": 0.6140350877192983,
        "success_false_positive_rate": 0.022222222222222223,
        "successes": 135,
        "threshold": "expected"
      },
      {
        "failure_capture_rate": 0.6956521739130435,
        "failure_precision": 1.0,
        "failures": 207,
        "feature": "final_gap",
        "gate": "REF_final_gap_gt_2.375",
        "gate_score": 0.6956521739130435,
        "kind": "near_readout_reference",
        "n": 342,
        "op": ">",
        "predicted_count": 144,
        "predicted_rate": 0.42105263157894735,
        "success_false_positive_rate": 0.0,
        "successes": 135,
        "threshold": 2.375
      },
      {
        "failure_capture_rate": 1.0,
        "failure_precision": 0.7840909090909091,
        "failures": 207,
        "feature": "final_gap",
        "gate": "REF_final_gap_gt_-1.188",
        "gate_score": 0.5777777777777777,
        "kind": "near_readout_reference",
        "n": 342,
        "op": ">",
        "predicted_count": 264,
        "predicted_rate": 0.7719298245614035,
        "success_false_positive_rate": 0.4222222222222222,
        "successes": 135,
        "threshold": -1.1875
      },
      {
        "failure_capture_rate": 0.25120772946859904,
        "failure_precision": 1.0,
        "failures": 207,
        "feature": "final_gap",
        "gate": "REF_final_gap_gt_6.938",
        "gate_score": 0.25120772946859904,
        "kind": "near_readout_reference",
        "n": 342,
        "op": ">",
        "predicted_count": 52,
        "predicted_rate": 0.15204678362573099,
        "success_false_positive_rate": 0.0,
        "successes": 135,
        "threshold": 6.9375
      },
      {
        "failure_capture_rate": 1.0,
        "failure_precision": 0.6070381231671554,
        "failures": 207,
        "feature": "final_gap",
        "gate": "REF_final_gap_gt_-5.812",
        "gate_score": 0.007407407407407418,
        "kind": "near_readout_reference",
        "n": 342,
        "op": ">",
        "predicted_count": 341,
        "predicted_rate": 0.9970760233918129,
        "success_false_positive_rate": 0.9925925925925926,
        "successes": 135,
        "threshold": -5.8125
      },
      {
        "failure_capture_rate": 0.0,
        "failure_precision": 0.0,
        "failures": 207,
        "feature": "final_gap",
        "gate": "REF_final_gap_gt_11.41",
        "gate_score": 0.0,
        "kind": "near_readout_reference",
        "n": 342,
        "op": ">",
        "predicted_count": 0,
        "predicted_rate": 0.0,
        "success_false_positive_rate": 0.0,
        "successes": 135,
        "threshold": 11.40625
      }
    ],
    "top_pre_readout_gates": [
      {
        "failure_capture_rate": 0.8502415458937198,
        "failure_precision": 0.6956521739130435,
        "failures": 207,
        "feature": "final_norm_input_gap",
        "gate": "final_norm_input_gap_gt_-118.8",
        "gate_score": 0.2798711755233494,
        "kind": "pre_final_norm",
        "n": 342,
        "op": ">",
        "predicted_count": 253,
        "predicted_rate": 0.7397660818713451,
        "success_false_positive_rate": 0.5703703703703704,
        "successes": 135,
        "threshold": -118.75
      },
      {
        "failure_capture_rate": 0.8502415458937198,
        "failure_precision": 0.6956521739130435,
        "failures": 207,
        "feature": "last_layer_gap",
        "gate": "last_layer_gap_gt_-118.8",
        "gate_score": 0.2798711755233494,
        "kind": "late_residual",
        "n": 342,
        "op": ">",
        "predicted_count": 253,
        "predicted_rate": 0.7397660818713451,
        "success_false_positive_rate": 0.5703703703703704,
        "successes": 135,
        "threshold": -118.75
      },
      {
        "failure_capture_rate": 0.8357487922705314,
        "failure_precision": 0.6731517509727627,
        "failures": 207,
        "feature": "final_norm_input_rank",
        "gate": "final_norm_input_rank_gt_7.144e+04",
        "gate_score": 0.21352657004830922,
        "kind": "pre_final_norm",
        "n": 342,
        "op": ">",
        "predicted_count": 257,
        "predicted_rate": 0.7514619883040936,
        "success_false_positive_rate": 0.6222222222222222,
        "successes": 135,
        "threshold": 71445.0
      },
      {
        "failure_capture_rate": 0.5603864734299517,
        "failure_precision": 0.6823529411764706,
        "failures": 207,
        "feature": "final_norm_input_rank",
        "gate": "final_norm_input_rank_gt_9.312e+04",
        "gate_score": 0.16038647342995171,
        "kind": "pre_final_norm",
        "n": 342,
        "op": ">",
        "predicted_count": 170,
        "predicted_rate": 0.49707602339181284,
        "success_false_positive_rate": 0.4,
        "successes": 135,
        "threshold": 93116.0
      },
      {
        "failure_capture_rate": 0.8115942028985508,
        "failure_precision": 0.6536964980544747,
        "failures": 207,
        "feature": "final_norm_input_rank",
        "gate": "final_norm_input_rank_lt_1.461e+05",
        "gate_score": 0.15233494363929156,
        "kind": "pre_final_norm",
        "n": 342,
        "op": "<",
        "predicted_count": 257,
        "predicted_rate": 0.7514619883040936,
        "success_false_positive_rate": 0.6592592592592592,
        "successes": 135,
        "threshold": 146060.0
      },
      {
        "failure_capture_rate": 0.5410628019323671,
        "failure_precision": 0.6627218934911243,
        "failures": 207,
        "feature": "final_norm_input_gap",
        "gate": "final_norm_input_gap_gt_-72.5",
        "gate_score": 0.11884057971014489,
        "kind": "pre_final_norm",
        "n": 342,
        "op": ">",
        "predicted_count": 169,
        "predicted_rate": 0.49415204678362573,
        "success_false_positive_rate": 0.4222222222222222,
        "successes": 135,
        "threshold": -72.5
      },
      {
        "failure_capture_rate": 0.5410628019323671,
        "failure_precision": 0.6627218934911243,
        "failures": 207,
        "feature": "last_layer_gap",
        "gate": "last_layer_gap_gt_-72.5",
        "gate_score": 0.11884057971014489,
        "kind": "late_residual",
        "n": 342,
        "op": ">",
        "predicted_count": 169,
        "predicted_rate": 0.49415204678362573,
        "success_false_positive_rate": 0.4222222222222222,
        "successes": 135,
        "threshold": -72.5
      },
      {
        "failure_capture_rate": 0.5410628019323671,
        "failure_precision": 0.6627218934911243,
        "failures": 207,
        "feature": "mid_to_late_shift",
        "gate": "mid_to_late_shift_gt_-48.5",
        "gate_score": 0.11884057971014489,
        "kind": "late_residual",
        "n": 342,
        "op": ">",
        "predicted_count": 169,
        "predicted_rate": 0.49415204678362573,
        "success_false_positive_rate": 0.4222222222222222,
        "successes": 135,
        "threshold": -48.5
      },
      {
        "failure_capture_rate": 0.8067632850241546,
        "failure_precision": 0.6374045801526718,
        "failures": 207,
        "feature": "final_norm_input_gap",
        "gate": "final_norm_input_gap_lt_26.38",
        "gate_score": 0.1030595813204509,
        "kind": "pre_final_norm",
        "n": 342,
        "op": "<",
        "predicted_count": 262,
        "predicted_rate": 0.7660818713450293,
        "success_false_positive_rate": 0.7037037037037037,
        "successes": 135,
        "threshold": 26.375
      },
      {
        "failure_capture_rate": 0.8067632850241546,
        "failure_precision": 0.6374045801526718,
        "failures": 207,
        "feature": "last_layer_gap",
        "gate": "last_layer_gap_lt_26.38",
        "gate_score": 0.1030595813204509,
        "kind": "late_residual",
        "n": 342,
        "op": "<",
        "predicted_count": 262,
        "predicted_rate": 0.7660818713450293,
        "success_false_positive_rate": 0.7037037037037037,
        "successes": 135,
        "threshold": 26.375
      },
      {
        "failure_capture_rate": 0.8115942028985508,
        "failure_precision": 0.6363636363636364,
        "failures": 207,
        "feature": "max_layer_gap",
        "gate": "max_layer_gap_gt_-8",
        "gate_score": 0.10048309178743964,
        "kind": "trajectory",
        "n": 342,
        "op": ">",
        "predicted_count": 264,
        "predicted_rate": 0.7719298245614035,
        "success_false_positive_rate": 0.7111111111111111,
        "successes": 135,
        "threshold": -8.0
      },
      {
        "failure_capture_rate": 0.6859903381642513,
        "failure_precision": 0.6396396396396397,
        "failures": 207,
        "feature": "first_positive_layer_frac",
        "gate": "first_positive_layer_frac_gt_0.5556",
        "gate_score": 0.0933977455716587,
        "kind": "trajectory",
        "n": 342,
        "op": ">",
        "predicted_count": 222,
        "predicted_rate": 0.6491228070175439,
        "success_false_positive_rate": 0.5925925925925926,
        "successes": 135,
        "threshold": 0.5555555555555556
      },
      {
        "failure_capture_rate": 0.714975845410628,
        "failure_precision": 0.6379310344827587,
        "failures": 207,
        "feature": "first_positive_layer_frac",
        "gate": "first_positive_layer_frac_gt_0.4444",
        "gate_score": 0.09275362318840574,
        "kind": "trajectory",
        "n": 342,
        "op": ">",
        "predicted_count": 232,
        "predicted_rate": 0.6783625730994152,
        "success_false_positive_rate": 0.6222222222222222,
        "successes": 135,
        "threshold": 0.4444444444444444
      },
      {
        "failure_capture_rate": 0.7874396135265701,
        "failure_precision": 0.6342412451361867,
        "failures": 207,
        "feature": "mid_to_late_shift",
        "gate": "mid_to_late_shift_lt_10.5",
        "gate_score": 0.0911433172302738,
        "kind": "late_residual",
        "n": 342,
        "op": "<",
        "predicted_count": 257,
        "predicted_rate": 0.7514619883040936,
        "success_false_positive_rate": 0.6962962962962963,
        "successes": 135,
        "threshold": 10.5
      },
      {
        "failure_capture_rate": 0.5072463768115942,
        "failure_precision": 0.6481481481481481,
        "failures": 207,
        "feature": "min_layer_gap",
        "gate": "min_layer_gap_gt_-90.25",
        "gate_score": 0.08502415458937201,
        "kind": "trajectory",
        "n": 342,
        "op": ">",
        "predicted_count": 162,
        "predicted_rate": 0.47368421052631576,
        "success_false_positive_rate": 0.4222222222222222,
        "successes": 135,
        "threshold": -90.25
      },
      {
        "failure_capture_rate": 0.8019323671497585,
        "failure_precision": 0.6311787072243346,
        "failures": 207,
        "feature": "max_layer_gap",
        "gate": "max_layer_gap_lt_38",
        "gate_score": 0.0834138486312399,
        "kind": "trajectory",
        "n": 342,
        "op": "<",
        "predicted_count": 263,
        "predicted_rate": 0.7690058479532164,
        "success_false_positive_rate": 0.7185185185185186,
        "successes": 135,
        "threshold": 38.0
      },
      {
        "failure_capture_rate": 0.7729468599033816,
        "failure_precision": 0.6274509803921569,
        "failures": 207,
        "feature": "min_layer_gap",
        "gate": "min_layer_gap_lt_-0.1094",
        "gate_score": 0.06924315619967791,
        "kind": "trajectory",
        "n": 342,
        "op": "<",
        "predicted_count": 255,
        "predicted_rate": 0.7456140350877193,
        "success_false_positive_rate": 0.7037037037037037,
        "successes": 135,
        "threshold": -0.109375
      },
      {
        "failure_capture_rate": 0.7729468599033816,
        "failure_precision": 0.6274509803921569,
        "failures": 207,
        "feature": "min_layer_gap",
        "gate": "min_layer_gap_lt_0",
        "gate_score": 0.06924315619967791,
        "kind": "trajectory",
        "n": 342,
        "op": "<",
        "predicted_count": 255,
        "predicted_rate": 0.7456140350877193,
        "success_false_positive_rate": 0.7037037037037037,
        "successes": 135,
        "threshold": 0.0
      },
      {
        "failure_capture_rate": 0.7729468599033816,
        "failure_precision": 0.6274509803921569,
        "failures": 207,
        "feature": "positive_layer_count",
        "gate": "positive_layer_count_lt_12",
        "gate_score": 0.06924315619967791,
        "kind": "trajectory",
        "n": 342,
        "op": "<",
        "predicted_count": 255,
        "predicted_rate": 0.7456140350877193,
        "success_false_positive_rate": 0.7037037037037037,
        "successes": 135,
        "threshold": 12.0
      },
      {
        "failure_capture_rate": 0.7777777777777778,
        "failure_precision": 0.6264591439688716,
        "failures": 207,
        "feature": "mid_to_late_shift",
        "gate": "mid_to_late_shift_gt_-80.06",
        "gate_score": 0.06666666666666665,
        "kind": "late_residual",
        "n": 342,
        "op": ">",
        "predicted_count": 257,
        "predicted_rate": 0.7514619883040936,
        "success_false_positive_rate": 0.7111111111111111,
        "successes": 135,
        "threshold": -80.0625
      },
      {
        "failure_capture_rate": 0.7729468599033816,
        "failure_precision": 0.625,
        "failures": 207,
        "feature": "min_layer_gap",
        "gate": "min_layer_gap_gt_-143.4",
        "gate_score": 0.061835748792270495,
        "kind": "trajectory",
        "n": 342,
        "op": ">",
        "predicted_count": 256,
        "predicted_rate": 0.7485380116959064,
        "success_false_positive_rate": 0.7111111111111111,
        "successes": 135,
        "threshold": -143.375
      },
      {
        "failure_capture_rate": 0.6521739130434783,
        "failure_precision": 0.627906976744186,
        "failures": 207,
        "feature": "first_positive_layer_frac",
        "gate": "first_positive_layer_frac_gt_0.6296",
        "gate_score": 0.05958132045088571,
        "kind": "trajectory",
        "n": 342,
        "op": ">",
        "predicted_count": 215,
        "predicted_rate": 0.6286549707602339,
        "success_false_positive_rate": 0.5925925925925926,
        "successes": 135,
        "threshold": 0.6296296296296297
      },
      {
        "failure_capture_rate": 0.642512077294686,
        "failure_precision": 0.6244131455399061,
        "failures": 207,
        "feature": "positive_layer_count",
        "gate": "positive_layer_count_lt_0.5",
        "gate_score": 0.0499194847020934,
        "kind": "trajectory",
        "n": 342,
        "op": "<",
        "predicted_count": 213,
        "predicted_rate": 0.6228070175438597,
        "success_false_positive_rate": 0.5925925925925926,
        "successes": 135,
        "threshold": 0.5
      },
      {
        "failure_capture_rate": 0.642512077294686,
        "failure_precision": 0.6244131455399061,
        "failures": 207,
        "feature": "first_positive_layer_frac",
        "gate": "first_positive_layer_frac_gt_1",
        "gate_score": 0.0499194847020934,
        "kind": "trajectory",
        "n": 342,
        "op": ">",
        "predicted_count": 213,
        "predicted_rate": 0.6228070175438597,
        "success_false_positive_rate": 0.5925925925925926,
        "successes": 135,
        "threshold": 1.0
      },
      {
        "failure_capture_rate": 0.5217391304347826,
        "failure_precision": 0.627906976744186,
        "failures": 207,
        "feature": "max_layer_gap",
        "gate": "max_layer_gap_lt_-4.352",
        "gate_score": 0.0476650563607085,
        "kind": "trajectory",
        "n": 342,
        "op": "<",
        "predicted_count": 172,
        "predicted_rate": 0.5029239766081871,
        "success_false_positive_rate": 0.4740740740740741,
        "successes": 135,
        "threshold": -4.3515625
      }
    ]
  },
  "timestamp": "2026-06-26 11:45:42",
  "title": "Pre-Readout Natural Gate and Cross-Family Generalization Audit"
}
