[17:10:01] deepseek7b/confirm: semantic_tasks=108 sources=['target_record_line', 'target_value_tokens', 'object_tokens', 'relation_tokens', 'records_all']
[17:10:02] [load] deepseek7b: bf16 device_map=auto attn=eager quantization=off
`torch_dtype` is deprecated! Use `dtype` instead!
Loading weights:   0%|          | 0/339 [00:00<?, ?it/s]Loading weights:   1%|          | 3/339 [00:00<00:12, 27.70it/s]Loading weights:  12%|█▏        | 40/339 [00:00<00:01, 193.23it/s]Loading weights:  20%|█▉        | 67/339 [00:00<00:01, 214.31it/s]Loading weights:  33%|███▎      | 112/339 [00:00<00:00, 294.61it/s]Loading weights:  42%|████▏     | 142/339 [00:00<00:00, 257.34it/s]Loading weights:  54%|█████▍    | 184/339 [00:00<00:00, 284.32it/s]Loading weights:  65%|██████▍   | 220/339 [00:00<00:00, 289.08it/s]Loading weights:  74%|███████▍  | 252/339 [00:00<00:00, 297.25it/s]Loading weights:  83%|████████▎ | 283/339 [00:01<00:00, 274.64it/s]Loading weights:  92%|█████████▏| 311/339 [00:01<00:00, 255.42it/s]Loading weights: 100%|██████████| 339/339 [00:01<00:00, 270.11it/s]
[17:10:03] [load] deepseek7b: loaded eager, device=cuda:0, gpu=15.23GB
[17:10:05] deepseek7b: candidates=4 embedding_nn=0.6111111111111112
[17:10:26] deepseek7b: semantic fibers 18/108 tasks; rows=378
[17:10:48] deepseek7b: semantic fibers 36/108 tasks; rows=756
[17:11:10] deepseek7b: semantic fibers 54/108 tasks; rows=1134
[17:11:31] deepseek7b: semantic fibers 72/108 tasks; rows=1512
[17:11:53] deepseek7b: semantic fibers 90/108 tasks; rows=1890
[17:12:14] deepseek7b: semantic fibers 108/108 tasks; rows=2268
[model_utils] GPU memory released, allocated=15.24 GB
{
  "model": "deepseek7b",
  "round": "confirm",
  "n_tasks": 108,
  "n_features": 3120,
  "interface_status": "weak_causal_fiber_domain_signal",
  "causal_centered": {
    "same_domain_mean": 0.2136166939232724,
    "different_domain_mean": -0.09314173752579044,
    "separation": 0.30675843144906284,
    "same_n": 18,
    "different_n": 135
  },
  "causal_centered_nn": 0.5555555555555556,
  "embedding_nn": 0.6111111111111112
}
