[17:07:12] glm4/confirm: semantic_tasks=108 sources=['target_record_line', 'target_value_tokens', 'object_tokens', 'relation_tokens', 'records_all']
[17:07:13] [load] glm4: bf16 device_map=auto attn=eager quantization=off
`torch_dtype` is deprecated! Use `dtype` instead!
Loading weights:   0%|          | 0/443 [00:00<?, ?it/s]Loading weights:   0%|          | 2/443 [00:00<00:45,  9.73it/s]Loading weights:   6%|▌         | 27/443 [00:00<00:04, 103.53it/s]Loading weights:  13%|█▎        | 59/443 [00:00<00:02, 175.65it/s]Loading weights:  21%|██        | 91/443 [00:00<00:01, 210.26it/s]Loading weights:  28%|██▊       | 126/443 [00:00<00:01, 250.48it/s]Loading weights:  36%|███▌      | 159/443 [00:00<00:01, 272.13it/s]Loading weights:  43%|████▎     | 192/443 [00:00<00:00, 284.91it/s]Loading weights:  51%|█████     | 225/443 [00:00<00:00, 289.53it/s]Loading weights:  58%|█████▊    | 258/443 [00:01<00:00, 296.46it/s]Loading weights:  66%|██████▌   | 291/443 [00:01<00:00, 296.99it/s]Loading weights:  73%|███████▎  | 322/443 [00:01<00:00, 269.62it/s]Loading weights:  82%|████████▏ | 365/443 [00:01<00:00, 308.21it/s]Loading weights:  90%|█████████ | 399/443 [00:01<00:00, 316.92it/s]Loading weights:  98%|█████████▊| 433/443 [00:01<00:00, 316.72it/s]Loading weights: 100%|██████████| 443/443 [00:01<00:00, 269.65it/s]
[17:07:15] [load] glm4: loaded eager, device=cuda:0, gpu=18.80GB
[17:07:17] glm4: candidates=4 embedding_nn=0.6111111111111112
[17:07:44] glm4: semantic fibers 18/108 tasks; rows=378
[17:08:11] glm4: semantic fibers 36/108 tasks; rows=756
[17:08:38] glm4: semantic fibers 54/108 tasks; rows=1134
[17:09:05] glm4: semantic fibers 72/108 tasks; rows=1512
[17:09:32] glm4: semantic fibers 90/108 tasks; rows=1890
[17:09:59] glm4: semantic fibers 108/108 tasks; rows=2268
[model_utils] GPU memory released, allocated=18.81 GB
{
  "model": "glm4",
  "round": "confirm",
  "n_tasks": 108,
  "n_features": 3200,
  "interface_status": "weak_causal_fiber_domain_signal",
  "causal_centered": {
    "same_domain_mean": 0.41076131401913174,
    "different_domain_mean": -0.08978339809829818,
    "separation": 0.5005447121174299,
    "same_n": 18,
    "different_n": 135
  },
  "causal_centered_nn": 0.6111111111111112,
  "embedding_nn": 0.6111111111111112
}
