[22:50:58] deepseek7b/main: pairs=8 target_site=hidden_28 source_paths=4
[22:50:58] [load] deepseek7b: bf16 device_map=auto attn=eager quantization=off
`torch_dtype` is deprecated! Use `dtype` instead!
Loading weights:   0%|          | 0/339 [00:00<?, ?it/s]Loading weights:   5%|▌         | 17/339 [00:00<00:01, 164.52it/s]Loading weights:  15%|█▌        | 52/339 [00:00<00:01, 258.56it/s]Loading weights:  23%|██▎       | 78/339 [00:00<00:01, 249.07it/s]Loading weights:  30%|███       | 103/339 [00:00<00:00, 242.24it/s]Loading weights:  38%|███▊      | 128/339 [00:00<00:00, 234.30it/s]Loading weights:  51%|█████     | 173/339 [00:00<00:00, 286.21it/s]Loading weights:  61%|██████▏   | 208/339 [00:00<00:00, 296.01it/s]Loading weights:  70%|███████   | 238/339 [00:00<00:00, 275.26it/s]Loading weights:  79%|███████▉  | 268/339 [00:01<00:00, 270.34it/s]Loading weights:  90%|████████▉ | 304/339 [00:01<00:00, 286.43it/s]Loading weights:  98%|█████████▊| 333/339 [00:01<00:00, 279.45it/s]Loading weights: 100%|██████████| 339/339 [00:01<00:00, 273.01it/s]
[22:51:00] [load] deepseek7b: loaded eager, device=cuda:0, gpu=15.23GB
[22:51:06] deepseek7b: replacement closure 2/8 pairs; rows=16
[22:51:11] deepseek7b: replacement closure 4/8 pairs; rows=32
[22:51:16] deepseek7b: replacement closure 6/8 pairs; rows=48
[22:51:22] deepseek7b: replacement closure 8/8 pairs; rows=64
[model_utils] GPU memory released, allocated=15.24 GB
{
  "model": "deepseek7b",
  "round": "main",
  "target_site": "hidden_28",
  "top_replacement_paths": [
    {
      "component_id": "L22H24",
      "layer": 22,
      "head": 24,
      "source_group": "all_pre_answer",
      "direction": "conflict<-explicit",
      "n": 8,
      "mean_restore_projection": 18.456206917762756,
      "mean_restore_fraction": 0.03029160330395853,
      "mean_donor_logprob_delta": 0.31034767627716064,
      "mean_recipient_logprob_delta": 0.05839437618851662,
      "mean_donor_rank_delta": -123.0,
      "mean_recipient_rank_delta": 0.0,
      "donor_hit_gain_rate": 0.0,
      "recipient_hit_loss_rate": 0.0,
      "patched_donor_hit_rate": 0.0,
      "baseline_donor_hit_rate": 0.0,
      "patched_recipient_hit_rate": 0.625,
      "baseline_recipient_hit_rate": 0.625,
      "changed_rate": 0.125,
      "mean_donor_attention_mass": 0.9891107827425003,
      "mean_recipient_attention_mass": 0.9892981052398682,
      "mean_contribution_delta_norm": 9.322539031505585,
      "role_guess": "content_transfer_candidate"
    },
    {
      "component_id": "L22H24",
      "layer": 22,
      "head": 24,
      "source_group": "records_all",
      "direction": "conflict<-explicit",
      "n": 8,
      "mean_restore_projection": 16.513058722019196,
      "mean_restore_fraction": 0.026905725225576577,
      "mean_donor_logprob_delta": 0.24962425231933594,
      "mean_recipient_logprob_delta": 0.07237820327281952,
      "mean_donor_rank_delta": -0.25,
      "mean_recipient_rank_delta": 0.0,
      "donor_hit_gain_rate": 0.0,
      "recipient_hit_loss_rate": 0.0,
      "patched_donor_hit_rate": 0.0,
      "baseline_donor_hit_rate": 0.0,
      "patched_recipient_hit_rate": 0.625,
      "baseline_recipient_hit_rate": 0.625,
      "changed_rate": 0.125,
      "mean_donor_attention_mass": 0.8361085876822472,
      "mean_recipient_attention_mass": 0.8091458231210709,
      "mean_contribution_delta_norm": 8.968578815460205,
      "role_guess": "content_transfer_candidate"
    },
    {
      "component_id": "L22H24",
      "layer": 22,
      "head": 24,
      "source_group": "all_pre_answer",
      "direction": "explicit<-conflict",
      "n": 8,
      "mean_restore_projection": 15.894395411014557,
      "mean_restore_fraction": 0.024522042115789237,
      "mean_donor_logprob_delta": 0.2508985996246338,
      "mean_recipient_logprob_delta": -0.09626930765807629,
      "mean_donor_rank_delta": -480.875,
      "mean_recipient_rank_delta": 0.0,
      "donor_hit_gain_rate": 0.0,
      "recipient_hit_loss_rate": 0.0,
      "patched_donor_hit_rate": 0.0,
      "baseline_donor_hit_rate": 0.0,
      "patched_recipient_hit_rate": 0.875,
      "baseline_recipient_hit_rate": 0.75,
      "changed_rate": 0.125,
      "mean_donor_attention_mass": 0.9892981052398682,
      "mean_recipient_attention_mass": 0.9891107827425003,
      "mean_contribution_delta_norm": 9.322539031505585,
      "role_guess": "content_transfer_candidate"
    },
    {
      "component_id": "L22H24",
      "layer": 22,
      "head": 24,
      "source_group": "records_all",
      "direction": "explicit<-conflict",
      "n": 8,
      "mean_restore_projection": 14.592569813132286,
      "mean_restore_fraction": 0.022271355527298337,
      "mean_donor_logprob_delta": 0.2526651620864868,
      "mean_recipient_logprob_delta": -0.09840923361480236,
      "mean_donor_rank_delta": -543.75,
      "mean_recipient_rank_delta": 0.0,
      "donor_hit_gain_rate": 0.0,
      "recipient_hit_loss_rate": 0.0,
      "patched_donor_hit_rate": 0.0,
      "baseline_donor_hit_rate": 0.0,
      "patched_recipient_hit_rate": 0.875,
      "baseline_recipient_hit_rate": 0.75,
      "changed_rate": 0.125,
      "mean_donor_attention_mass": 0.8091458231210709,
      "mean_recipient_attention_mass": 0.8361085876822472,
      "mean_contribution_delta_norm": 8.968578815460205,
      "role_guess": "content_transfer_candidate"
    },
    {
      "component_id": "L22H24",
      "layer": 22,
      "head": 24,
      "source_group": "target_record_line",
      "direction": "conflict<-explicit",
      "n": 8,
      "mean_restore_projection": 13.985612213611603,
      "mean_restore_fraction": 0.02267688106070959,
      "mean_donor_logprob_delta": 0.2543829679489136,
      "mean_recipient_logprob_delta": 0.0663946196436882,
      "mean_donor_rank_delta": -85.5,
      "mean_recipient_rank_delta": 0.0,
      "donor_hit_gain_rate": 0.0,
      "recipient_hit_loss_rate": 0.0,
      "patched_donor_hit_rate": 0.0,
      "baseline_donor_hit_rate": 0.0,
      "patched_recipient_hit_rate": 0.625,
      "baseline_recipient_hit_rate": 0.625,
      "changed_rate": 0.125,
      "mean_donor_attention_mass": 0.7518949881196022,
      "mean_recipient_attention_mass": 0.6507017984986305,
      "mean_contribution_delta_norm": 8.74801105260849,
      "role_guess": "content_transfer_candidate"
    }
  ]
}
