[21:19:54] deepseek7b/main: pairs=8 target_site=hidden_28 layers=[21, 22, 25, 27]
[21:19:54] [load] deepseek7b: bf16 device_map=auto attn=flash_attention_2 quantization=off
`torch_dtype` is deprecated! Use `dtype` instead!
[21:19:54] [load] deepseek7b: attn=flash_attention_2 failed: ImportError: FlashAttention2 has been toggled on, but it cannot be used due to the following error: the package for FlashAttention2 doesn't seem to be installed.
[21:19:55] [load] deepseek7b: bf16 device_map=auto attn=sdpa quantization=off
Loading weights:   0%|          | 0/339 [00:00<?, ?it/s]Loading weights:   1%|          | 2/339 [00:00<00:27, 12.23it/s]Loading weights:   9%|▊         | 29/339 [00:00<00:02, 127.71it/s]Loading weights:  19%|█▉        | 64/339 [00:00<00:01, 190.54it/s]Loading weights:  26%|██▋       | 89/339 [00:00<00:01, 195.95it/s]Loading weights:  40%|████      | 137/339 [00:00<00:00, 274.49it/s]Loading weights:  50%|█████     | 170/339 [00:00<00:00, 261.64it/s]Loading weights:  61%|██████▏   | 208/339 [00:00<00:00, 288.85it/s]Loading weights:  70%|███████   | 238/339 [00:00<00:00, 279.22it/s]Loading weights:  79%|███████▉  | 268/339 [00:01<00:00, 284.02it/s]Loading weights:  88%|████████▊ | 297/339 [00:01<00:00, 264.54it/s]Loading weights:  96%|█████████▌| 324/339 [00:01<00:00, 250.62it/s]Loading weights: 100%|██████████| 339/339 [00:01<00:00, 249.09it/s]
[21:19:56] [load] deepseek7b: loaded attn=sdpa, device=cuda:0, gpu=15.23GB
[21:19:56] deepseek7b: attention head specs=32 over layers=[21, 22, 25, 27]
[21:20:01] deepseek7b: attention writer scan 2/8 pairs; rows=64
[21:20:06] deepseek7b: attention writer scan 4/8 pairs; rows=128
[21:20:11] deepseek7b: attention writer scan 6/8 pairs; rows=192
[21:20:16] deepseek7b: attention writer scan 8/8 pairs; rows=256
[21:20:16] deepseek7b: mlp group specs=32 over layers=[21, 22, 25, 27], d_model=3584
[21:20:20] deepseek7b: mlp writer scan 2/8 pairs; rows=64
[21:20:25] deepseek7b: mlp writer scan 4/8 pairs; rows=128
[21:20:30] deepseek7b: mlp writer scan 6/8 pairs; rows=192
[21:20:34] deepseek7b: mlp writer scan 8/8 pairs; rows=256
[model_utils] GPU memory released, allocated=15.24 GB
{
  "model": "deepseek7b",
  "round": "main",
  "target_site": "hidden_28",
  "layers": [
    21,
    22,
    25,
    27
  ],
  "top_attention": [
    {
      "component_type": "attention_head",
      "component_id": "L21H19",
      "layer": 21,
      "n": 8,
      "mean_explicit_skeleton_loss": 17.642592668533325,
      "mean_commonsense_projection_delta": -2.632904142141342,
      "mean_explicit_logprob_delta": -0.022491008043289185,
      "mean_commonsense_logprob_delta": -0.20444390177726746,
      "mean_explicit_rank_delta": 0.0,
      "mean_commonsense_rank_delta": -1.125,
      "mean_explicit_target_delta_norm": 54.49727392196655,
      "mean_baseline_skeleton_norm": 911.5016098022461,
      "role_guess": "writer_candidate",
      "head": 19
    },
    {
      "component_type": "attention_head",
      "component_id": "L27H8",
      "layer": 27,
      "n": 8,
      "mean_explicit_skeleton_loss": 13.312761425971985,
      "mean_commonsense_projection_delta": -21.541353583335876,
      "mean_explicit_logprob_delta": 0.0234186090528965,
      "mean_commonsense_logprob_delta": -0.1490536332130432,
      "mean_explicit_rank_delta": 0.0,
      "mean_commonsense_rank_delta": 12.625,
      "mean_explicit_target_delta_norm": 74.08788204193115,
      "mean_baseline_skeleton_norm": 911.5016098022461,
      "role_guess": "weak_or_mixed",
      "head": 8
    },
    {
      "component_type": "attention_head",
      "component_id": "L22H27",
      "layer": 22,
      "n": 8,
      "mean_explicit_skeleton_loss": 8.857394754886627,
      "mean_commonsense_projection_delta": -4.9009802751243114,
      "mean_explicit_logprob_delta": 0.18782123550772667,
      "mean_commonsense_logprob_delta": 0.0674213171005249,
      "mean_explicit_rank_delta": -0.125,
      "mean_commonsense_rank_delta": 13.25,
      "mean_explicit_target_delta_norm": 53.292799949645996,
      "mean_baseline_skeleton_norm": 911.5016098022461,
      "role_guess": "weak_or_mixed",
      "head": 27
    }
  ],
  "top_mlp": [
    {
      "component_type": "mlp_output_group",
      "component_id": "L27:mlp[2688:3136]",
      "layer": 27,
      "n": 8,
      "mean_explicit_skeleton_loss": 100.97672319412231,
      "mean_commonsense_projection_delta": -23.763158202171326,
      "mean_explicit_logprob_delta": -0.4014960303902626,
      "mean_commonsense_logprob_delta": -0.7913219630718231,
      "mean_explicit_rank_delta": 0.375,
      "mean_commonsense_rank_delta": 38.875,
      "mean_explicit_target_delta_norm": 411.9673156738281,
      "mean_baseline_skeleton_norm": 911.5016098022461,
      "role_guess": "writer_candidate",
      "start": 2688,
      "end": 3136
    },
    {
      "component_type": "mlp_output_group",
      "component_id": "L22:mlp[1344:1792]",
      "layer": 22,
      "n": 8,
      "mean_explicit_skeleton_loss": 30.17242169380188,
      "mean_commonsense_projection_delta": 28.647830486297607,
      "mean_explicit_logprob_delta": -0.06524497643113136,
      "mean_commonsense_logprob_delta": -0.020931363105773926,
      "mean_explicit_rank_delta": 0.0,
      "mean_commonsense_rank_delta": 0.0,
      "mean_explicit_target_delta_norm": 112.49339389801025,
      "mean_baseline_skeleton_norm": 911.5016098022461,
      "role_guess": "writer_candidate",
      "start": 1344,
      "end": 1792
    },
    {
      "component_type": "mlp_output_group",
      "component_id": "L22:mlp[448:896]",
      "layer": 22,
      "n": 8,
      "mean_explicit_skeleton_loss": 29.523338079452515,
      "mean_commonsense_projection_delta": 2.3255112171173096,
      "mean_explicit_logprob_delta": -0.07461762055754662,
      "mean_commonsense_logprob_delta": -0.21044886112213135,
      "mean_explicit_rank_delta": 0.0,
      "mean_commonsense_rank_delta": 18.125,
      "mean_explicit_target_delta_norm": 117.67397022247314,
      "mean_baseline_skeleton_norm": 911.5016098022461,
      "role_guess": "writer_candidate",
      "start": 448,
      "end": 896
    }
  ]
}
