[10:28:25] deepseek7b/smoke: pairs=1 components=['L22:attn_out'] audits=1
[10:28:25] [load] deepseek7b: bf16 device_map=auto attn=eager quantization=off
`torch_dtype` is deprecated! Use `dtype` instead!
Loading weights:   0%|          | 0/339 [00:00<?, ?it/s]Loading weights:   1%|          | 4/339 [00:00<00:08, 39.53it/s]Loading weights:  10%|█         | 34/339 [00:00<00:01, 163.28it/s]Loading weights:  22%|██▏       | 76/339 [00:00<00:01, 257.89it/s]Loading weights:  30%|███       | 102/339 [00:00<00:01, 229.37it/s]Loading weights:  44%|████▎     | 148/339 [00:00<00:00, 299.28it/s]Loading weights:  53%|█████▎    | 179/339 [00:00<00:00, 290.16it/s]Loading weights:  62%|██████▏   | 209/339 [00:00<00:00, 279.65it/s]Loading weights:  70%|███████   | 238/339 [00:00<00:00, 281.69it/s]Loading weights:  79%|███████▉  | 267/339 [00:01<00:00, 257.12it/s]Loading weights:  87%|████████▋ | 294/339 [00:01<00:00, 256.35it/s]Loading weights:  97%|█████████▋| 328/339 [00:01<00:00, 269.44it/s]Loading weights: 100%|██████████| 339/339 [00:01<00:00, 266.94it/s]
[10:28:27] [load] deepseek7b: loaded eager, device=cuda:0, gpu=15.23GB
[10:28:29] deepseek7b: decomposition scan 1/1 pairs; rows=6
[model_utils] GPU memory released, allocated=15.24 GB
{
  "model": "deepseek7b",
  "round": "smoke",
  "top_subunits": [
    {
      "component_id": "L22:attn_out",
      "subunit_kind": "attn_head",
      "subunit_id": "L22:attn_out:H0",
      "n": 1,
      "mean_boost_target_logit": -0.125,
      "mean_total_positive_route_suppression": 0.9375,
      "mean_route_suppression_coverage": 4.0,
      "mean_margin_gain_donor_vs_routes": 0.109375,
      "new_donor_top1_rate": 0.0,
      "mean_new_donor_rank": 20.0,
      "mean_sub_delta_fraction": 0.1069841045429436,
      "effect_guess_counts": {
        "small_or_no_effect": 1
      },
      "dominant_effect_guess": "small_or_no_effect",
      "route_summary": {
        "echo_object_or_relation": {
          "mean_route_suppression": 0.125,
          "positive_suppression_rate": 1.0,
          "n": 1
        },
        "format_or_schema": {
          "mean_route_suppression": 0.125,
          "positive_suppression_rate": 1.0,
          "n": 1
        },
        "other_vocab": {
          "mean_route_suppression": 0.3125,
          "positive_suppression_rate": 1.0,
          "n": 1
        },
        "punctuation_or_stop": {
          "mean_route_suppression": 0.375,
          "positive_suppression_rate": 1.0,
          "n": 1
        }
      }
    },
    {
      "component_id": "L22:attn_out",
      "subunit_kind": "whole_component",
      "subunit_id": "L22:attn_out",
      "n": 1,
      "mean_boost_target_logit": 0.1875,
      "mean_total_positive_route_suppression": 0.3125,
      "mean_route_suppression_coverage": 1.0,
      "mean_margin_gain_donor_vs_routes": -0.015625,
      "new_donor_top1_rate": 0.0,
      "mean_new_donor_rank": 17.0,
      "mean_sub_delta_fraction": 1.0,
      "effect_guess_counts": {
        "small_or_no_effect": 1
      },
      "dominant_effect_guess": "small_or_no_effect",
      "route_summary": {
        "echo_object_or_relation": {
          "mean_route_suppression": -0.5,
          "positive_suppression_rate": 0.0,
          "n": 1
        },
        "format_or_schema": {
          "mean_route_suppression": -0.125,
          "positive_suppression_rate": 0.0,
          "n": 1
        },
        "other_vocab": {
          "mean_route_suppression": -0.5,
          "positive_suppression_rate": 0.0,
          "n": 1
        },
        "punctuation_or_stop": {
          "mean_route_suppression": 0.3125,
          "positive_suppression_rate": 1.0,
          "n": 1
        }
      }
    },
    {
      "component_id": "L22:attn_out",
      "subunit_kind": "attn_head",
      "subunit_id": "L22:attn_out:H22",
      "n": 1,
      "mean_boost_target_logit": -0.3125,
      "mean_total_positive_route_suppression": 0.25,
      "mean_route_suppression_coverage": 1.0,
      "mean_margin_gain_donor_vs_routes": -0.28125,
      "new_donor_top1_rate": 0.0,
      "mean_new_donor_rank": 23.0,
      "mean_sub_delta_fraction": 0.31935054252000633,
      "effect_guess_counts": {
        "harmful_or_competitor_support": 1
      },
      "dominant_effect_guess": "harmful_or_competitor_support",
      "route_summary": {
        "echo_object_or_relation": {
          "mean_route_suppression": -0.125,
          "positive_suppression_rate": 0.0,
          "n": 1
        },
        "format_or_schema": {
          "mean_route_suppression": 0.0,
          "positive_suppression_rate": 0.0,
          "n": 1
        },
        "other_vocab": {
          "mean_route_suppression": 0.0,
          "positive_suppression_rate": 0.0,
          "n": 1
        },
        "punctuation_or_stop": {
          "mean_route_suppression": 0.25,
          "positive_suppression_rate": 1.0,
          "n": 1
        }
      }
    },
    {
      "component_id": "L22:attn_out",
      "subunit_kind": "attn_head",
      "subunit_id": "L22:attn_out:H7",
      "n": 1,
      "mean_boost_target_logit": 0.25,
      "mean_total_positive_route_suppression": 0.1875,
      "mean_route_suppression_coverage": 1.0,
      "mean_margin_gain_donor_vs_routes": 0.203125,
      "new_donor_top1_rate": 0.0,
      "mean_new_donor_rank": 20.0,
      "mean_sub_delta_fraction": 0.290503862321821,
      "effect_guess_counts": {
        "route_specific_suppressor_candidate": 1
      },
      "dominant_effect_guess": "route_specific_suppressor_candidate",
      "route_summary": {
        "echo_object_or_relation": {
          "mean_route_suppression": -0.125,
          "positive_suppression_rate": 0.0,
          "n": 1
        },
        "format_or_schema": {
          "mean_route_suppression": -0.25,
          "positive_suppression_rate": 0.0,
          "n": 1
        },
        "other_vocab": {
          "mean_route_suppression": 0.0,
          "positive_suppression_rate": 0.0,
          "n": 1
        },
        "punctuation_or_stop": {
          "mean_route_suppression": 0.1875,
          "positive_suppression_rate": 1.0,
          "n": 1
        }
      }
    },
    {
      "component_id": "L22:attn_out",
      "subunit_kind": "attn_headset",
      "subunit_id": "L22:attn_out:topH1",
      "n": 1,
      "mean_boost_target_logit": 0.25,
      "mean_total_positive_route_suppression": 0.1875,
      "mean_route_suppression_coverage": 1.0,
      "mean_margin_gain_donor_vs_routes": 0.203125,
      "new_donor_top1_rate": 0.0,
      "mean_new_donor_rank": 20.0,
      "mean_sub_delta_fraction": 0.290503862321821,
      "effect_guess_counts": {
        "route_specific_suppressor_candidate": 1
      },
      "dominant_effect_guess": "route_specific_suppressor_candidate",
      "route_summary": {
        "echo_object_or_relation": {
          "mean_route_suppression": -0.125,
          "positive_suppression_rate": 0.0,
          "n": 1
        },
        "format_or_schema": {
          "mean_route_suppression": -0.25,
          "positive_suppression_rate": 0.0,
          "n": 1
        },
        "other_vocab": {
          "mean_route_suppression": 0.0,
          "positive_suppression_rate": 0.0,
          "n": 1
        },
        "punctuation_or_stop": {
          "mean_route_suppression": 0.1875,
          "positive_suppression_rate": 1.0,
          "n": 1
        }
      }
    },
    {
      "component_id": "L22:attn_out",
      "subunit_kind": "attn_headset",
      "subunit_id": "L22:attn_out:topH2",
      "n": 1,
      "mean_boost_target_logit": 0.25,
      "mean_total_positive_route_suppression": 0.125,
      "mean_route_suppression_coverage": 1.0,
      "mean_margin_gain_donor_vs_routes": 0.21875,
      "new_donor_top1_rate": 0.0,
      "mean_new_donor_rank": 18.0,
      "mean_sub_delta_fraction": 0.3118978448283436,
      "effect_guess_counts": {
        "route_specific_suppressor_candidate": 1
      },
      "dominant_effect_guess": "route_specific_suppressor_candidate",
      "route_summary": {
        "echo_object_or_relation": {
          "mean_route_suppression": -0.125,
          "positive_suppression_rate": 0.0,
          "n": 1
        },
        "format_or_schema": {
          "mean_route_suppression": 0.0,
          "positive_suppression_rate": 0.0,
          "n": 1
        },
        "other_vocab": {
          "mean_route_suppression": -0.125,
          "positive_suppression_rate": 0.0,
          "n": 1
        },
        "punctuation_or_stop": {
          "mean_route_suppression": 0.125,
          "positive_suppression_rate": 1.0,
          "n": 1
        }
      }
    }
  ]
}
