[10:28:18] glm4/smoke: pairs=1 components=['L34:attn_out'] audits=1
[10:28:19] [load] glm4: bf16 device_map=auto attn=eager quantization=off
`torch_dtype` is deprecated! Use `dtype` instead!
Loading weights:   0%|          | 0/443 [00:00<?, ?it/s]Loading weights:   1%|          | 5/443 [00:00<00:10, 41.55it/s]Loading weights:   9%|▊         | 38/443 [00:00<00:02, 191.25it/s]Loading weights:  15%|█▌        | 68/443 [00:00<00:01, 223.59it/s]Loading weights:  23%|██▎       | 103/443 [00:00<00:01, 258.43it/s]Loading weights:  31%|███       | 137/443 [00:00<00:01, 278.66it/s]Loading weights:  38%|███▊      | 170/443 [00:00<00:00, 288.87it/s]Loading weights:  46%|████▌     | 202/443 [00:00<00:00, 294.68it/s]Loading weights:  53%|█████▎    | 234/443 [00:00<00:00, 299.68it/s]Loading weights:  61%|██████    | 269/443 [00:00<00:00, 307.69it/s]Loading weights:  68%|██████▊   | 302/443 [00:01<00:00, 305.26it/s]Loading weights:  76%|███████▌  | 335/443 [00:01<00:00, 310.67it/s]Loading weights:  83%|████████▎ | 368/443 [00:01<00:00, 307.90it/s]Loading weights:  91%|█████████ | 401/443 [00:01<00:00, 306.81it/s]Loading weights:  98%|█████████▊| 434/443 [00:01<00:00, 310.73it/s]Loading weights: 100%|██████████| 443/443 [00:01<00:00, 290.95it/s]
[10:28:21] [load] glm4: loaded eager, device=cuda:0, gpu=18.80GB
[10:28:23] glm4: decomposition scan 1/1 pairs; rows=6
[model_utils] GPU memory released, allocated=18.81 GB
{
  "model": "glm4",
  "round": "smoke",
  "top_subunits": [
    {
      "component_id": "L34:attn_out",
      "subunit_kind": "whole_component",
      "subunit_id": "L34:attn_out",
      "n": 1,
      "mean_boost_target_logit": 0.5,
      "mean_total_positive_route_suppression": 0.625,
      "mean_route_suppression_coverage": 3.0,
      "mean_margin_gain_donor_vs_routes": 0.5625,
      "new_donor_top1_rate": 1.0,
      "mean_new_donor_rank": 1.0,
      "mean_sub_delta_fraction": 1.0,
      "effect_guess_counts": {
        "mixed_boost_global_suppressor_maintenance_candidate": 1
      },
      "dominant_effect_guess": "mixed_boost_global_suppressor_maintenance_candidate",
      "route_summary": {
        "echo_object_or_relation": {
          "mean_route_suppression": 0.5,
          "positive_suppression_rate": 1.0,
          "n": 1
        },
        "format_or_schema": {
          "mean_route_suppression": -0.375,
          "positive_suppression_rate": 0.0,
          "n": 1
        },
        "other_semantic_value": {
          "mean_route_suppression": 0.0625,
          "positive_suppression_rate": 1.0,
          "n": 1
        },
        "recipient_answer": {
          "mean_route_suppression": 0.0625,
          "positive_suppression_rate": 1.0,
          "n": 1
        }
      }
    },
    {
      "component_id": "L34:attn_out",
      "subunit_kind": "attn_headset",
      "subunit_id": "L34:attn_out:topH2",
      "n": 1,
      "mean_boost_target_logit": 0.125,
      "mean_total_positive_route_suppression": 0.5,
      "mean_route_suppression_coverage": 3.0,
      "mean_margin_gain_donor_vs_routes": 0.21875,
      "new_donor_top1_rate": 1.0,
      "mean_new_donor_rank": 1.0,
      "mean_sub_delta_fraction": 0.31609254341899023,
      "effect_guess_counts": {
        "mixed_boost_global_suppressor_maintenance_candidate": 1
      },
      "dominant_effect_guess": "mixed_boost_global_suppressor_maintenance_candidate",
      "route_summary": {
        "echo_object_or_relation": {
          "mean_route_suppression": 0.375,
          "positive_suppression_rate": 1.0,
          "n": 1
        },
        "format_or_schema": {
          "mean_route_suppression": -0.125,
          "positive_suppression_rate": 0.0,
          "n": 1
        },
        "other_semantic_value": {
          "mean_route_suppression": 0.0625,
          "positive_suppression_rate": 1.0,
          "n": 1
        },
        "recipient_answer": {
          "mean_route_suppression": 0.0625,
          "positive_suppression_rate": 1.0,
          "n": 1
        }
      }
    },
    {
      "component_id": "L34:attn_out",
      "subunit_kind": "attn_head",
      "subunit_id": "L34:attn_out:H13",
      "n": 1,
      "mean_boost_target_logit": 0.0,
      "mean_total_positive_route_suppression": 0.375,
      "mean_route_suppression_coverage": 1.0,
      "mean_margin_gain_donor_vs_routes": 0.0625,
      "new_donor_top1_rate": 1.0,
      "mean_new_donor_rank": 1.0,
      "mean_sub_delta_fraction": 0.22750747440569574,
      "effect_guess_counts": {
        "small_or_no_effect": 1
      },
      "dominant_effect_guess": "small_or_no_effect",
      "route_summary": {
        "echo_object_or_relation": {
          "mean_route_suppression": 0.375,
          "positive_suppression_rate": 1.0,
          "n": 1
        },
        "format_or_schema": {
          "mean_route_suppression": -0.0625,
          "positive_suppression_rate": 0.0,
          "n": 1
        },
        "other_semantic_value": {
          "mean_route_suppression": -0.0625,
          "positive_suppression_rate": 0.0,
          "n": 1
        },
        "recipient_answer": {
          "mean_route_suppression": 0.0,
          "positive_suppression_rate": 0.0,
          "n": 1
        }
      }
    },
    {
      "component_id": "L34:attn_out",
      "subunit_kind": "attn_head",
      "subunit_id": "L34:attn_out:H9",
      "n": 1,
      "mean_boost_target_logit": 0.0625,
      "mean_total_positive_route_suppression": 0.1875,
      "mean_route_suppression_coverage": 2.0,
      "mean_margin_gain_donor_vs_routes": 0.09375,
      "new_donor_top1_rate": 1.0,
      "mean_new_donor_rank": 1.0,
      "mean_sub_delta_fraction": 0.2182693132361165,
      "effect_guess_counts": {
        "small_or_no_effect": 1
      },
      "dominant_effect_guess": "small_or_no_effect",
      "route_summary": {
        "echo_object_or_relation": {
          "mean_route_suppression": 0.0,
          "positive_suppression_rate": 0.0,
          "n": 1
        },
        "format_or_schema": {
          "mean_route_suppression": -0.0625,
          "positive_suppression_rate": 0.0,
          "n": 1
        },
        "other_semantic_value": {
          "mean_route_suppression": 0.0625,
          "positive_suppression_rate": 1.0,
          "n": 1
        },
        "recipient_answer": {
          "mean_route_suppression": 0.125,
          "positive_suppression_rate": 1.0,
          "n": 1
        }
      }
    },
    {
      "component_id": "L34:attn_out",
      "subunit_kind": "attn_headset",
      "subunit_id": "L34:attn_out:topH1",
      "n": 1,
      "mean_boost_target_logit": 0.0625,
      "mean_total_positive_route_suppression": 0.1875,
      "mean_route_suppression_coverage": 2.0,
      "mean_margin_gain_donor_vs_routes": 0.09375,
      "new_donor_top1_rate": 1.0,
      "mean_new_donor_rank": 1.0,
      "mean_sub_delta_fraction": 0.2182693132361165,
      "effect_guess_counts": {
        "small_or_no_effect": 1
      },
      "dominant_effect_guess": "small_or_no_effect",
      "route_summary": {
        "echo_object_or_relation": {
          "mean_route_suppression": 0.0,
          "positive_suppression_rate": 0.0,
          "n": 1
        },
        "format_or_schema": {
          "mean_route_suppression": -0.0625,
          "positive_suppression_rate": 0.0,
          "n": 1
        },
        "other_semantic_value": {
          "mean_route_suppression": 0.0625,
          "positive_suppression_rate": 1.0,
          "n": 1
        },
        "recipient_answer": {
          "mean_route_suppression": 0.125,
          "positive_suppression_rate": 1.0,
          "n": 1
        }
      }
    },
    {
      "component_id": "L34:attn_out",
      "subunit_kind": "attn_head",
      "subunit_id": "L34:attn_out:H29",
      "n": 1,
      "mean_boost_target_logit": 0.0,
      "mean_total_positive_route_suppression": 0.0,
      "mean_route_suppression_coverage": 0.0,
      "mean_margin_gain_donor_vs_routes": -0.015625,
      "new_donor_top1_rate": 1.0,
      "mean_new_donor_rank": 1.0,
      "mean_sub_delta_fraction": 0.034860314326584346,
      "effect_guess_counts": {
        "small_or_no_effect": 1
      },
      "dominant_effect_guess": "small_or_no_effect",
      "route_summary": {
        "echo_object_or_relation": {
          "mean_route_suppression": 0.0,
          "positive_suppression_rate": 0.0,
          "n": 1
        },
        "format_or_schema": {
          "mean_route_suppression": 0.0,
          "positive_suppression_rate": 0.0,
          "n": 1
        },
        "other_semantic_value": {
          "mean_route_suppression": -0.0625,
          "positive_suppression_rate": 0.0,
          "n": 1
        },
        "recipient_answer": {
          "mean_route_suppression": 0.0,
          "positive_suppression_rate": 0.0,
          "n": 1
        }
      }
    }
  ]
}
