[07:26:04] deepseek7b/smoke: pairs=1 target=hidden_28 audits=1 combo_candidates=3
[07:26:05] [load] deepseek7b: bf16 device_map=auto attn=eager quantization=off
`torch_dtype` is deprecated! Use `dtype` instead!
Loading weights:   0%|          | 0/339 [00:00<?, ?it/s]Loading weights:   2%|▏         | 7/339 [00:00<00:04, 68.99it/s]Loading weights:  11%|█         | 38/339 [00:00<00:01, 187.96it/s]Loading weights:  21%|██        | 72/339 [00:00<00:01, 252.43it/s]Loading weights:  29%|██▉       | 100/339 [00:00<00:00, 247.82it/s]Loading weights:  38%|███▊      | 129/339 [00:00<00:00, 244.93it/s]Loading weights:  48%|████▊     | 162/339 [00:00<00:00, 260.65it/s]Loading weights:  58%|█████▊    | 197/339 [00:00<00:00, 277.61it/s]Loading weights:  66%|██████▋   | 225/339 [00:00<00:00, 264.80it/s]Loading weights:  76%|███████▌  | 258/339 [00:01<00:00, 273.01it/s]Loading weights:  86%|████████▌ | 292/339 [00:01<00:00, 282.79it/s]Loading weights:  95%|█████████▍| 321/339 [00:01<00:00, 273.70it/s]Loading weights: 100%|██████████| 339/339 [00:01<00:00, 263.19it/s]
[07:26:06] [load] deepseek7b: loaded eager, device=cuda:0, gpu=15.23GB
[07:26:08] deepseek7b: combined closure 1/1 pairs; rows=10
[model_utils] GPU memory released, allocated=15.24 GB
{
  "model": "deepseek7b",
  "round": "smoke",
  "target_site": "hidden_28",
  "ranked_candidates": [
    {
      "component_id": "L26:attn_out",
      "layer": 26,
      "component": "attn_out",
      "phase741_joint_add_effect": 0.3100355371735994,
      "phase741_joint_add_fraction": 0.3276488426991234,
      "phase741_target_top1_rate": 0.0,
      "phase740_mean_patched_fraction": 0.05719511961941759,
      "phase740_mean_donor_fraction": 2.5941364463811385
    },
    {
      "component_id": "L27:attn_out",
      "layer": 27,
      "component": "attn_out",
      "phase741_joint_add_effect": 0.21130354358631293,
      "phase741_joint_add_fraction": 0.22891685099706435,
      "phase741_target_top1_rate": 0.0,
      "phase740_mean_patched_fraction": 0.028992483721936087,
      "phase740_mean_donor_fraction": 1.8331010374867347
    },
    {
      "component_id": "L27:mlp_out",
      "layer": 27,
      "component": "mlp_out",
      "phase741_joint_add_effect": 0.03446649977325627,
      "phase741_joint_add_fraction": 0.05207981140564784,
      "phase741_target_top1_rate": 0.0,
      "phase740_mean_patched_fraction": 0.037053610562865165,
      "phase740_mean_donor_fraction": 0.24532093815331618
    }
  ],
  "condition_summary": [
    {
      "condition": "joint_base",
      "combo_k": 0,
      "combo_components": [],
      "n": 1,
      "mean_fraction_of_threshold": 0.030666483656815062,
      "mean_effect_vs_joint_fraction": 0.0,
      "mean_effect_vs_donor_fraction": -1.9595754109230255,
      "mean_target_rank": 57.0,
      "target_top1_rate": 0.0,
      "mean_margin_donor_vs_top": -7.5,
      "top_token_counts": {
        " tool": 1
      },
      "expected_add_effect_sum": 0
    },
    {
      "condition": "donor_erase_top1",
      "combo_k": 1,
      "combo_components": [
        "L26:attn_out"
      ],
      "n": 1,
      "mean_fraction_of_threshold": 1.0088916378720063,
      "mean_effect_vs_joint_fraction": 0.9782250805898204,
      "mean_effect_vs_donor_fraction": -0.9813502125326118,
      "mean_target_rank": 4.0,
      "target_top1_rate": 0.0,
      "mean_margin_donor_vs_top": -1.4375,
      "top_token_counts": {
        " category": 1
      },
      "expected_add_effect_sum": 0.3100355371735994
    },
    {
      "condition": "joint_add_top1",
      "combo_k": 1,
      "combo_components": [
        "L26:attn_out"
      ],
      "n": 1,
      "mean_fraction_of_threshold": 0.7154537169841861,
      "mean_effect_vs_joint_fraction": 0.6847872775025936,
      "mean_effect_vs_donor_fraction": -1.2747880745201352,
      "mean_target_rank": 21.0,
      "target_top1_rate": 0.0,
      "mean_margin_donor_vs_top": -4.4375,
      "top_token_counts": {
        " category": 1
      },
      "expected_add_effect_sum": 0.3100355371735994
    },
    {
      "condition": "recipient_add_top1",
      "combo_k": 1,
      "combo_components": [
        "L26:attn_out"
      ],
      "n": 1,
      "mean_fraction_of_threshold": 0.6002975701873361,
      "mean_effect_vs_joint_fraction": 0.5696310129051502,
      "mean_effect_vs_donor_fraction": -1.389944280217282,
      "mean_target_rank": 21.0,
      "target_top1_rate": 0.0,
      "mean_margin_donor_vs_top": -4.3125,
      "top_token_counts": {
        " category": 1
      },
      "expected_add_effect_sum": 0.3100355371735994
    },
    {
      "condition": "donor_erase_top2",
      "combo_k": 2,
      "combo_components": [
        "L26:attn_out",
        "L27:attn_out"
      ],
      "n": 1,
      "mean_fraction_of_threshold": 0.6478060194102252,
      "mean_effect_vs_joint_fraction": 0.6171395799286327,
      "mean_effect_vs_donor_fraction": -1.3424357720940963,
      "mean_target_rank": 6.0,
      "target_top1_rate": 0.0,
      "mean_margin_donor_vs_top": -2.125,
      "top_token_counts": {
        " category": 1
      },
      "expected_add_effect_sum": 0.5213390807599123
    },
    {
      "condition": "joint_add_top2",
      "combo_k": 2,
      "combo_components": [
        "L26:attn_out",
        "L27:attn_out"
      ],
      "n": 1,
      "mean_fraction_of_threshold": 1.27926909129317,
      "mean_effect_vs_joint_fraction": 1.2486026518115774,
      "mean_effect_vs_donor_fraction": -0.7109727002111513,
      "mean_target_rank": 10.0,
      "target_top1_rate": 0.0,
      "mean_margin_donor_vs_top": -3.25,
      "top_token_counts": {
        " category": 1
      },
      "expected_add_effect_sum": 0.5213390807599123
    },
    {
      "condition": "recipient_add_top2",
      "combo_k": 2,
      "combo_components": [
        "L26:attn_out",
        "L27:attn_out"
      ],
      "n": 1,
      "mean_fraction_of_threshold": 1.1216782846325462,
      "mean_effect_vs_joint_fraction": 1.0910118451509536,
      "mean_effect_vs_donor_fraction": -0.8685634479714786,
      "mean_target_rank": 10.0,
      "target_top1_rate": 0.0,
      "mean_margin_donor_vs_top": -3.0,
      "top_token_counts": {
        " category": 1
      },
      "expected_add_effect_sum": 0.5213390807599123
    },
    {
      "condition": "donor_erase_top3",
      "combo_k": 3,
      "combo_components": [
        "L26:attn_out",
        "L27:attn_out",
        "L27:mlp_out"
      ],
      "n": 1,
      "mean_fraction_of_threshold": 0.6441061972724431,
      "mean_effect_vs_joint_fraction": 0.6134397577908506,
      "mean_effect_vs_donor_fraction": -1.3461356531321749,
      "mean_target_rank": 11.0,
      "target_top1_rate": 0.0,
      "mean_margin_donor_vs_top": -2.875,
      "top_token_counts": {
        " category": 1
      },
      "expected_add_effect_sum": 0.5558055805331685
    },
    {
      "condition": "joint_add_top3",
      "combo_k": 3,
      "combo_components": [
        "L26:attn_out",
        "L27:attn_out",
        "L27:mlp_out"
      ],
      "n": 1,
      "mean_fraction_of_threshold": 1.2046413551574005,
      "mean_effect_vs_joint_fraction": 1.1739750334764014,
      "mean_effect_vs_donor_fraction": -0.7856002596460308,
      "mean_target_rank": 8.0,
      "target_top1_rate": 0.0,
      "mean_margin_donor_vs_top": -2.5,
      "top_token_counts": {
        " category": 1
      },
      "expected_add_effect_sum": 0.5558055805331685
    },
    {
      "condition": "recipient_add_top3",
      "combo_k": 3,
      "combo_components": [
        "L26:attn_out",
        "L27:attn_out",
        "L27:mlp_out"
      ],
      "n": 1,
      "mean_fraction_of_threshold": 1.054448896965813,
      "mean_effect_vs_joint_fraction": 1.0237823396836272,
      "mean_effect_vs_donor_fraction": -0.9357927767379148,
      "mean_target_rank": 10.0,
      "target_top1_rate": 0.0,
      "mean_margin_donor_vs_top": -2.375,
      "top_token_counts": {
        " category": 1
      },
      "expected_add_effect_sum": 0.5558055805331685
    }
  ]
}
