=== Phase730 deepseek7b start 2026-06-28 18:55:20 ===
`torch_dtype` is deprecated! Use `dtype` instead!
[model_utils] Loading deepseek7b... (8bit=False)
Loading weights:   0%|          | 0/339 [00:00<?, ?it/s]Loading weights: 100%|██████████| 339/339 [00:00<00:00, 49128.22it/s]
[model_utils] deepseek7b loaded, device=cuda:0, class=Qwen2ForCausalLM, GPU=15.28GB
[18:55:25] deepseek7b: cases=22, site_maps={"category_cluster": {"top_layer_out": "hidden_27", "top_mlp_out": "L24_mlp_out", "top_layer_delta": 31.437394749034535, "top_mlp_delta": 10.352818575772373}, "category_full_head": {"top_layer_out": "hidden_27", "top_mlp_out": "L24_mlp_out", "top_layer_delta": 97.0697135925293, "top_mlp_delta": 32.77668085965243}}
[18:55:33] deepseek7b: 8/22 cases; rows=56
[18:55:42] deepseek7b: 16/22 cases; rows=112
[18:55:50] deepseek7b: 22/22 cases; rows=154
[model_utils] GPU memory released, allocated=15.28 GB
{
  "model": "deepseek7b",
  "n_cases": 22,
  "by_condition": {
    "baseline|baseline": {
      "n": 22,
      "mean_logprob_delta": 0.0,
      "hit_rate": 0.5,
      "changed_rate_vs_baseline": 0.0,
      "hit_drop_rate_vs_baseline": 0.0,
      "first_rank_delta": 0.0,
      "outputs": [
        [
          "category",
          2
        ],
        [
          "banana category",
          2
        ],
        [
          "fruit",
          2
        ],
        [
          "vegetable",
          2
        ],
        [
          "tool",
          2
        ],
        [
          "grape category",
          1
        ],
        [
          "__________",
          1
        ],
        [
          "object",
          1
        ],
        [
          "the category is furniture",
          1
        ],
        [
          "vehicle",
          1
        ]
      ],
      "recovery_fraction_vs_upstream": 0.0
    },
    "category_cluster|cancel_top_layer_out": {
      "n": 22,
      "mean_logprob_delta": 0.0,
      "hit_rate": 0.5,
      "changed_rate_vs_baseline": 0.0,
      "hit_drop_rate_vs_baseline": 0.0,
      "first_rank_delta": 0.0,
      "outputs": [
        [
          "category",
          2
        ],
        [
          "banana category",
          2
        ],
        [
          "fruit",
          2
        ],
        [
          "vegetable",
          2
        ],
        [
          "tool",
          2
        ],
        [
          "grape category",
          1
        ],
        [
          "__________",
          1
        ],
        [
          "object",
          1
        ],
        [
          "the category is furniture",
          1
        ],
        [
          "vehicle",
          1
        ]
      ],
      "recovery_fraction_vs_upstream": 1.0
    },
    "category_cluster|cancel_top_mlp_out": {
      "n": 22,
      "mean_logprob_delta": -0.32813722775741055,
      "hit_rate": 0.5,
      "changed_rate_vs_baseline": 0.0,
      "hit_drop_rate_vs_baseline": 0.0,
      "first_rank_delta": 1.2272727272727273,
      "outputs": [
        [
          "category",
          2
        ],
        [
          "banana category",
          2
        ],
        [
          "fruit",
          2
        ],
        [
          "vegetable",
          2
        ],
        [
          "tool",
          2
        ],
        [
          "grape category",
          1
        ],
        [
          "__________",
          1
        ],
        [
          "object",
          1
        ],
        [
          "the category is furniture",
          1
        ],
        [
          "vehicle",
          1
        ]
      ],
      "recovery_fraction_vs_upstream": -0.2556518894983376
    },
    "category_cluster|upstream_only": {
      "n": 22,
      "mean_logprob_delta": -0.2613281837918542,
      "hit_rate": 0.5,
      "changed_rate_vs_baseline": 0.0,
      "hit_drop_rate_vs_baseline": 0.0,
      "first_rank_delta": 0.6818181818181818,
      "outputs": [
        [
          "category",
          2
        ],
        [
          "banana category",
          2
        ],
        [
          "fruit",
          2
        ],
        [
          "vegetable",
          2
        ],
        [
          "tool",
          2
        ],
        [
          "grape category",
          1
        ],
        [
          "__________",
          1
        ],
        [
          "object",
          1
        ],
        [
          "the category is furniture",
          1
        ],
        [
          "vehicle",
          1
        ]
      ],
      "recovery_fraction_vs_upstream": 0.0
    },
    "category_full_head|cancel_top_layer_out": {
      "n": 22,
      "mean_logprob_delta": 0.0,
      "hit_rate": 0.5,
      "changed_rate_vs_baseline": 0.0,
      "hit_drop_rate_vs_baseline": 0.0,
      "first_rank_delta": 0.0,
      "outputs": [
        [
          "category",
          2
        ],
        [
          "banana category",
          2
        ],
        [
          "fruit",
          2
        ],
        [
          "vegetable",
          2
        ],
        [
          "tool",
          2
        ],
        [
          "grape category",
          1
        ],
        [
          "__________",
          1
        ],
        [
          "object",
          1
        ],
        [
          "the category is furniture",
          1
        ],
        [
          "vehicle",
          1
        ]
      ],
      "recovery_fraction_vs_upstream": 1.0
    },
    "category_full_head|cancel_top_mlp_out": {
      "n": 22,
      "mean_logprob_delta": -0.9339130635965954,
      "hit_rate": 0.45454545454545453,
      "changed_rate_vs_baseline": 0.2727272727272727,
      "hit_drop_rate_vs_baseline": 0.09090909090909091,
      "first_rank_delta": 4.409090909090909,
      "outputs": [
        [
          "banana category",
          2
        ],
        [
          "vegetable",
          2
        ],
        [
          "category is fruit",
          1
        ],
        [
          "the category is fruit",
          1
        ],
        [
          "grape category",
          1
        ],
        [
          "category",
          1
        ],
        [
          "__________",
          1
        ],
        [
          "stone category",
          1
        ],
        [
          "the category is furniture",
          1
        ],
        [
          "the category of car",
          1
        ]
      ],
      "recovery_fraction_vs_upstream": 0.11690834455413911
    },
    "category_full_head|upstream_only": {
      "n": 22,
      "mean_logprob_delta": -1.0575494149869138,
      "hit_rate": 0.5,
      "changed_rate_vs_baseline": 0.4090909090909091,
      "hit_drop_rate_vs_baseline": 0.09090909090909091,
      "first_rank_delta": 4.5,
      "outputs": [
        [
          "banana category",
          2
        ],
        [
          "vegetable",
          2
        ],
        [
          "category is fruit",
          1
        ],
        [
          "the category is fruit",
          1
        ],
        [
          "grape category",
          1
        ],
        [
          "category",
          1
        ],
        [
          "__________",
          1
        ],
        [
          "stone category",
          1
        ],
        [
          "the category is furniture",
          1
        ],
        [
          "the category of car",
          1
        ]
      ],
      "recovery_fraction_vs_upstream": 0.0
    }
  }
}
=== Phase730 deepseek7b done 2026-06-28 18:55:50 ===
