[2026-05-31 22:18:12] === Phase 317: Comprehensive Test for glm4 ===
[2026-05-31 22:18:13] Loading glm4 (bf16 + device_map=auto + flash_attention_2)...
[2026-05-31 22:18:15]   flash_attention_2 failed (FlashAttention2 has been toggled on, but it cannot be used due to the following error: the package flash_attn seems to be not installed. Please refer to the documentation of https://huggingface.co/docs/transformers/perf_infer_gpu_one#flashattention-2 to install Flash Attention 2.), falling back to sdpa
[2026-05-31 22:18:24]   Loaded with sdpa
[2026-05-31 22:18:24]   Model: GlmForCausalLM, device=cuda:0, GPU=8.99GB
[2026-05-31 22:18:24]   Layer allocation: GPU=0, CPU=24 components
[2026-05-31 22:18:24] Model: n_layers=40, d_model=4096
[2026-05-31 22:18:24] ============================================================
[2026-05-31 22:18:24] TEST 1: Attribute Activation with PARALLEL Templates (50 pairs)
[2026-05-31 22:18:24] ============================================================
[2026-05-31 22:18:24] Test layers: [2, 6, 12, 18, 24, 38]
[2026-05-31 22:19:27]   [static] L2: 50/360 done
[2026-05-31 22:20:20]   [static] L2: 100/360 done
[2026-05-31 22:22:06]   L2 static: real=0.0389, random=0.0319, ratio=0.82
[2026-05-31 22:22:59]   [static] L6: 250/360 done
[2026-05-31 22:23:51]   [static] L6: 300/360 done
[2026-05-31 22:25:36]   L6 static: real=0.1874, random=0.1753, ratio=0.94
[2026-05-31 22:26:29]   [static] L12: 450/360 done
[2026-05-31 22:27:21]   [static] L12: 500/360 done
[2026-05-31 22:29:07]   L12 static: real=0.2733, random=0.3127, ratio=1.14
[2026-05-31 22:30:00]   [static] L18: 650/360 done
[2026-05-31 22:30:52]   [static] L18: 700/360 done
[2026-05-31 22:32:33]   L18 static: real=0.1847, random=0.1824, ratio=0.99
[2026-05-31 22:33:23]   [static] L24: 850/360 done
[2026-05-31 22:34:14]   [static] L24: 900/360 done
[2026-05-31 22:35:58]   L24 static: real=0.1213, random=0.1136, ratio=0.94
[2026-05-31 22:36:51]   [static] L38: 1050/360 done
[2026-05-31 22:37:42]   [static] L38: 1100/360 done
[2026-05-31 22:39:23]   L38 static: real=0.0399, random=0.0474, ratio=1.19
[2026-05-31 22:40:15]   [attribute_probe] L2: 1250/360 done
[2026-05-31 22:41:12]   [attribute_probe] L2: 1300/360 done
[2026-05-31 22:43:05]   L2 attribute_probe: real=0.0409, random=0.0337, ratio=0.82
[2026-05-31 22:44:00]   [attribute_probe] L6: 1450/360 done
[2026-05-31 22:44:54]   [attribute_probe] L6: 1500/360 done
[2026-05-31 22:46:42]   L6 attribute_probe: real=0.0945, random=0.0807, ratio=0.85
[2026-05-31 22:47:36]   [attribute_probe] L12: 1650/360 done
[2026-05-31 22:48:31]   [attribute_probe] L12: 1700/360 done
[2026-05-31 22:50:19]   L12 attribute_probe: real=0.1890, random=0.1976, ratio=1.05
[2026-05-31 22:51:13]   [attribute_probe] L18: 1850/360 done
[2026-05-31 22:52:07]   [attribute_probe] L18: 1900/360 done
[2026-05-31 22:53:53]   L18 attribute_probe: real=0.1346, random=0.1297, ratio=0.96
[2026-05-31 22:54:47]   [attribute_probe] L24: 2050/360 done
[2026-05-31 22:55:40]   [attribute_probe] L24: 2100/360 done
[2026-05-31 22:57:28]   L24 attribute_probe: real=0.1233, random=0.1377, ratio=1.12
[2026-05-31 22:58:21]   [attribute_probe] L38: 2250/360 done
[2026-05-31 22:59:15]   [attribute_probe] L38: 2300/360 done
[2026-05-31 23:01:02]   L38 attribute_probe: real=0.0696, random=0.1057, ratio=1.52
[2026-05-31 23:01:55]   [attribute_fill] L2: 2450/360 done
[2026-05-31 23:02:48]   [attribute_fill] L2: 2500/360 done
[2026-05-31 23:04:35]   L2 attribute_fill: real=0.0073, random=0.0086, ratio=1.18
[2026-05-31 23:05:27]   [attribute_fill] L6: 2650/360 done
[2026-05-31 23:06:20]   [attribute_fill] L6: 2700/360 done
[2026-05-31 23:08:05]   L6 attribute_fill: real=0.0313, random=0.0340, ratio=1.09
[2026-05-31 23:08:57]   [attribute_fill] L12: 2850/360 done
[2026-05-31 23:09:49]   [attribute_fill] L12: 2900/360 done
[2026-05-31 23:11:34]   L12 attribute_fill: real=0.0921, random=0.0984, ratio=1.07
[2026-05-31 23:12:27]   [attribute_fill] L18: 3050/360 done
[2026-05-31 23:13:19]   [attribute_fill] L18: 3100/360 done
[2026-05-31 23:15:07]   L18 attribute_fill: real=0.1066, random=0.1083, ratio=1.02
[2026-05-31 23:16:01]   [attribute_fill] L24: 3250/360 done
[2026-05-31 23:16:54]   [attribute_fill] L24: 3300/360 done
[2026-05-31 23:18:38]   L24 attribute_fill: real=0.1144, random=0.1336, ratio=1.17
[2026-05-31 23:19:31]   [attribute_fill] L38: 3450/360 done
[2026-05-31 23:20:24]   [attribute_fill] L38: 3500/360 done
[2026-05-31 23:22:08]   L38 attribute_fill: real=0.0652, random=0.0992, ratio=1.52
[2026-05-31 23:22:08] Test 1 completed in 3824.0s
[2026-05-31 23:22:08] ============================================================
[2026-05-31 23:22:08] TEST 2: Context × Causal Interaction (CRITICAL)
[2026-05-31 23:22:08] ============================================================
[2026-05-31 23:22:08] Inject layer: 12, Read layers: [12, 18, 24, 38]
[2026-05-31 23:22:09] 
  Pair 1/15: (apple, red)
[2026-05-31 23:22:12]   attr_dir_norm=1.7226
[2026-05-31 23:22:12]   Injecting into STATIC: 'the apple was there'
[2026-05-31 23:22:16]   Injecting into ATTRIBUTE: 'The apple is usually'
[2026-05-31 23:22:21]     L12: attr_dir_interaction=1.00, random_interaction=1.01, static_top=2.32, attr_top=2.32
[2026-05-31 23:22:21]     L18: attr_dir_interaction=0.75, random_interaction=1.13, static_top=1.81, attr_top=1.36
[2026-05-31 23:22:21]     L24: attr_dir_interaction=2.56, random_interaction=1.86, static_top=1.21, attr_top=3.09
[2026-05-31 23:22:21]     L38: attr_dir_interaction=0.92, random_interaction=2.14, static_top=2.38, attr_top=2.20
[2026-05-31 23:22:21] 
  Pair 2/15: (knife, sharp)
[2026-05-31 23:22:23]   attr_dir_norm=2.1033
[2026-05-31 23:22:23]   Injecting into STATIC: 'the knife was there'
[2026-05-31 23:22:27]   Injecting into ATTRIBUTE: 'The knife is usually'
[2026-05-31 23:22:32]     L12: attr_dir_interaction=1.00, random_interaction=1.00, static_top=2.51, attr_top=2.50
[2026-05-31 23:22:32]     L18: attr_dir_interaction=0.91, random_interaction=0.88, static_top=2.52, attr_top=2.31
[2026-05-31 23:22:32]     L24: attr_dir_interaction=1.52, random_interaction=0.61, static_top=2.91, attr_top=4.41
[2026-05-31 23:22:32]     L38: attr_dir_interaction=1.15, random_interaction=1.14, static_top=2.70, attr_top=3.11
[2026-05-31 23:22:32] 
  Pair 3/15: (ice, cold)
[2026-05-31 23:22:34]   attr_dir_norm=2.2426
[2026-05-31 23:22:34]   Injecting into STATIC: 'the ice was there'
[2026-05-31 23:22:39]   Injecting into ATTRIBUTE: 'The ice is usually'
[2026-05-31 23:22:43]     L12: attr_dir_interaction=1.00, random_interaction=1.01, static_top=1.47, attr_top=1.47
[2026-05-31 23:22:43]     L18: attr_dir_interaction=0.79, random_interaction=0.78, static_top=2.41, attr_top=1.90
[2026-05-31 23:22:43]     L24: attr_dir_interaction=1.12, random_interaction=0.61, static_top=1.85, attr_top=2.06
[2026-05-31 23:22:43]     L38: attr_dir_interaction=1.10, random_interaction=2.23, static_top=1.73, attr_top=1.90
[2026-05-31 23:22:43] 
  Pair 4/15: (fire, hot)
[2026-05-31 23:22:45]   attr_dir_norm=2.3642
[2026-05-31 23:22:45]   Injecting into STATIC: 'the fire was there'
[2026-05-31 23:22:50]   Injecting into ATTRIBUTE: 'The fire is usually'
[2026-05-31 23:22:55]     L12: attr_dir_interaction=1.00, random_interaction=1.00, static_top=2.29, attr_top=2.30
[2026-05-31 23:22:55]     L18: attr_dir_interaction=1.11, random_interaction=1.05, static_top=1.44, attr_top=1.59
[2026-05-31 23:22:55]     L24: attr_dir_interaction=2.40, random_interaction=2.45, static_top=1.23, attr_top=2.95
[2026-05-31 23:22:55]     L38: attr_dir_interaction=1.62, random_interaction=1.78, static_top=1.67, attr_top=2.71
[2026-05-31 23:22:55] 
  Pair 5/15: (silk, smooth)
[2026-05-31 23:22:57]   attr_dir_norm=2.0327
[2026-05-31 23:22:57]   Injecting into STATIC: 'the silk was there'
[2026-05-31 23:23:01]   Injecting into ATTRIBUTE: 'The silk is usually'
[2026-05-31 23:23:06]     L12: attr_dir_interaction=0.99, random_interaction=1.00, static_top=2.33, attr_top=2.31
[2026-05-31 23:23:06]     L18: attr_dir_interaction=0.68, random_interaction=1.14, static_top=2.41, attr_top=1.63
[2026-05-31 23:23:06]     L24: attr_dir_interaction=0.40, random_interaction=0.78, static_top=2.80, attr_top=1.13
[2026-05-31 23:23:06]     L38: attr_dir_interaction=0.31, random_interaction=2.20, static_top=3.85, attr_top=1.20
[2026-05-31 23:23:06] 
  Pair 6/15: (stone, hard)
[2026-05-31 23:23:08]   attr_dir_norm=1.8352
[2026-05-31 23:23:08]   Injecting into STATIC: 'the stone was there'
[2026-05-31 23:23:12]   Injecting into ATTRIBUTE: 'The stone is usually'
[2026-05-31 23:23:17]     L12: attr_dir_interaction=1.00, random_interaction=1.01, static_top=1.88, attr_top=1.88
[2026-05-31 23:23:17]     L18: attr_dir_interaction=1.22, random_interaction=0.59, static_top=1.17, attr_top=1.42
[2026-05-31 23:23:17]     L24: attr_dir_interaction=1.43, random_interaction=1.38, static_top=1.97, attr_top=2.81
[2026-05-31 23:23:17]     L38: attr_dir_interaction=1.09, random_interaction=1.12, static_top=1.38, attr_top=1.51
[2026-05-31 23:23:17] 
  Pair 7/15: (honey, sweet)
[2026-05-31 23:23:19]   attr_dir_norm=1.9296
[2026-05-31 23:23:19]   Injecting into STATIC: 'the honey was there'
[2026-05-31 23:23:24]   Injecting into ATTRIBUTE: 'The honey is usually'
[2026-05-31 23:23:28]     L12: attr_dir_interaction=1.01, random_interaction=1.00, static_top=3.00, attr_top=3.02
[2026-05-31 23:23:28]     L18: attr_dir_interaction=0.93, random_interaction=1.76, static_top=2.97, attr_top=2.76
[2026-05-31 23:23:28]     L24: attr_dir_interaction=0.48, random_interaction=0.64, static_top=4.67, attr_top=2.23
[2026-05-31 23:23:28]     L38: attr_dir_interaction=0.41, random_interaction=0.93, static_top=3.79, attr_top=1.56
[2026-05-31 23:23:28] 
  Pair 8/15: (lemon, sour)
[2026-05-31 23:23:31]   attr_dir_norm=1.6383
[2026-05-31 23:23:31]   Injecting into STATIC: 'the lemon was there'
[2026-05-31 23:23:35]   Injecting into ATTRIBUTE: 'The lemon is usually'
[2026-05-31 23:23:39]     L12: attr_dir_interaction=1.00, random_interaction=0.99, static_top=2.51, attr_top=2.51
[2026-05-31 23:23:39]     L18: attr_dir_interaction=0.75, random_interaction=1.60, static_top=2.21, attr_top=1.66
[2026-05-31 23:23:39]     L24: attr_dir_interaction=1.04, random_interaction=1.64, static_top=1.97, attr_top=2.04
[2026-05-31 23:23:39]     L38: attr_dir_interaction=1.45, random_interaction=2.36, static_top=1.13, attr_top=1.64
[2026-05-31 23:23:39] 
  Pair 9/15: (thunder, loud)
[2026-05-31 23:23:42]   attr_dir_norm=1.9943
[2026-05-31 23:23:42]   Injecting into STATIC: 'the thunder was there'
[2026-05-31 23:23:46]   Injecting into ATTRIBUTE: 'The thunder is usually'
[2026-05-31 23:23:50]     L12: attr_dir_interaction=1.00, random_interaction=1.00, static_top=3.70, attr_top=3.69
[2026-05-31 23:23:50]     L18: attr_dir_interaction=1.64, random_interaction=0.70, static_top=1.96, attr_top=3.22
[2026-05-31 23:23:50]     L24: attr_dir_interaction=2.08, random_interaction=0.38, static_top=1.71, attr_top=3.55
[2026-05-31 23:23:50]     L38: attr_dir_interaction=1.05, random_interaction=1.04, static_top=1.57, attr_top=1.65
[2026-05-31 23:23:50] 
  Pair 10/15: (cotton, soft)
[2026-05-31 23:23:53]   attr_dir_norm=2.0951
[2026-05-31 23:23:53]   Injecting into STATIC: 'the cotton was there'
[2026-05-31 23:23:57]   Injecting into ATTRIBUTE: 'The cotton is usually'
[2026-05-31 23:24:02]     L12: attr_dir_interaction=1.00, random_interaction=1.00, static_top=2.40, attr_top=2.40
[2026-05-31 23:24:02]     L18: attr_dir_interaction=2.82, random_interaction=0.79, static_top=1.37, attr_top=3.87
[2026-05-31 23:24:02]     L24: attr_dir_interaction=1.27, random_interaction=0.88, static_top=2.31, attr_top=2.93
[2026-05-31 23:24:02]     L38: attr_dir_interaction=3.12, random_interaction=0.34, static_top=1.68, attr_top=5.25
[2026-05-31 23:24:02] 
  Pair 11/15: (cheetah, fast)
[2026-05-31 23:24:04]   attr_dir_norm=1.5669
[2026-05-31 23:24:04]   Injecting into STATIC: 'the cheetah was there'
[2026-05-31 23:24:09]   Injecting into ATTRIBUTE: 'The cheetah is usually'
[2026-05-31 23:24:13]     L12: attr_dir_interaction=1.00, random_interaction=0.99, static_top=2.21, attr_top=2.21
[2026-05-31 23:24:13]     L18: attr_dir_interaction=0.62, random_interaction=0.97, static_top=3.24, attr_top=2.00
[2026-05-31 23:24:13]     L24: attr_dir_interaction=0.73, random_interaction=0.43, static_top=2.69, attr_top=1.96
[2026-05-31 23:24:13]     L38: attr_dir_interaction=1.62, random_interaction=0.69, static_top=1.64, attr_top=2.66
[2026-05-31 23:24:13] 
  Pair 12/15: (elephant, huge)
[2026-05-31 23:24:15]   attr_dir_norm=1.9022
[2026-05-31 23:24:15]   Injecting into STATIC: 'the elephant was there'
[2026-05-31 23:24:20]   Injecting into ATTRIBUTE: 'The elephant is usually'
[2026-05-31 23:24:24]     L12: attr_dir_interaction=1.00, random_interaction=1.00, static_top=3.99, attr_top=3.99
[2026-05-31 23:24:24]     L18: attr_dir_interaction=1.99, random_interaction=2.38, static_top=1.02, attr_top=2.04
[2026-05-31 23:24:24]     L24: attr_dir_interaction=1.07, random_interaction=0.90, static_top=2.31, attr_top=2.48
[2026-05-31 23:24:24]     L38: attr_dir_interaction=0.30, random_interaction=2.39, static_top=3.94, attr_top=1.18
[2026-05-31 23:24:24] 
  Pair 13/15: (diamond, hard)
[2026-05-31 23:24:26]   attr_dir_norm=1.9291
[2026-05-31 23:24:26]   Injecting into STATIC: 'the diamond was there'
[2026-05-31 23:24:31]   Injecting into ATTRIBUTE: 'The diamond is usually'
[2026-05-31 23:24:36]     L12: attr_dir_interaction=0.99, random_interaction=1.00, static_top=2.08, attr_top=2.06
[2026-05-31 23:24:36]     L18: attr_dir_interaction=1.55, random_interaction=1.41, static_top=1.99, attr_top=3.08
[2026-05-31 23:24:36]     L24: attr_dir_interaction=0.61, random_interaction=2.14, static_top=2.80, attr_top=1.71
[2026-05-31 23:24:36]     L38: attr_dir_interaction=1.12, random_interaction=0.40, static_top=3.13, attr_top=3.52
[2026-05-31 23:24:36] 
  Pair 14/15: (snow, white)
[2026-05-31 23:24:38]   attr_dir_norm=1.8167
[2026-05-31 23:24:38]   Injecting into STATIC: 'the snow was there'
[2026-05-31 23:24:42]   Injecting into ATTRIBUTE: 'The snow is usually'
[2026-05-31 23:24:47]     L12: attr_dir_interaction=1.00, random_interaction=1.01, static_top=4.59, attr_top=4.57
[2026-05-31 23:24:47]     L18: attr_dir_interaction=0.78, random_interaction=0.73, static_top=1.64, attr_top=1.28
[2026-05-31 23:24:47]     L24: attr_dir_interaction=1.67, random_interaction=0.85, static_top=1.69, attr_top=2.81
[2026-05-31 23:24:47]     L38: attr_dir_interaction=1.35, random_interaction=0.39, static_top=2.85, attr_top=3.85
[2026-05-31 23:24:47] 
  Pair 15/15: (night, dark)
[2026-05-31 23:24:49]   attr_dir_norm=2.1970
[2026-05-31 23:24:49]   Injecting into STATIC: 'the night was there'
[2026-05-31 23:24:53]   Injecting into ATTRIBUTE: 'The night is usually'
[2026-05-31 23:24:58]     L12: attr_dir_interaction=1.00, random_interaction=1.00, static_top=1.89, attr_top=1.89
[2026-05-31 23:24:58]     L18: attr_dir_interaction=0.39, random_interaction=0.68, static_top=2.50, attr_top=0.99
[2026-05-31 23:24:58]     L24: attr_dir_interaction=1.04, random_interaction=0.34, static_top=3.35, attr_top=3.47
[2026-05-31 23:24:58]     L38: attr_dir_interaction=0.27, random_interaction=0.82, static_top=3.67, attr_top=0.99
[2026-05-31 23:24:58] Test 2 completed in 169.7s
[2026-05-31 23:24:58] ============================================================
[2026-05-31 23:24:58] TEST 3: Expanded Negation with Controls (25 pairs)
[2026-05-31 23:24:58] ============================================================
[2026-05-31 23:24:58] Inject layer: 12, Read layers: [6, 12, 18, 24, 38]
[2026-05-31 23:24:58] 
--- Negation type: regular ---
[2026-05-31 23:24:58]   Pair 1/10: 'they were very happy about it' vs 'they were not happy about it'
[2026-05-31 23:25:02]   neg_dir_norm=2.1406, antonym_dir_norm=2.7832
[2026-05-31 23:25:09]     L6: neg_top=not(0.00x), rand_top=not(0.00x), antonym_top=not(0.00x)
[2026-05-31 23:25:09]     L12: neg_top=glad(1.74x), rand_top=unhappy(1.68x), antonym_top=pleased(2.13x)
[2026-05-31 23:25:09]     L18: neg_top=disappointed(1.68x), rand_top=glad(2.34x), antonym_top=disappointed(2.99x)
[2026-05-31 23:25:09]     L24: neg_top=disappointed(2.77x), rand_top=not(1.96x), antonym_top=pleased(3.94x)
[2026-05-31 23:25:09]     L38: neg_top=not(1.04x), rand_top=happy(1.24x), antonym_top=pleased(2.93x)
[2026-05-31 23:25:09]   Pair 2/10: 'the place was very safe' vs 'the place was not safe'
[2026-05-31 23:25:13]   neg_dir_norm=3.2423, antonym_dir_norm=3.4593
[2026-05-31 23:25:20]     L6: neg_top=safe(0.00x), rand_top=safe(0.00x), antonym_top=safe(0.00x)
[2026-05-31 23:25:20]     L12: neg_top=protected(1.97x), rand_top=unsafe(3.10x), antonym_top=dangerous(2.53x)
[2026-05-31 23:25:20]     L18: neg_top=unsafe(2.51x), rand_top=unsafe(1.96x), antonym_top=safe(3.20x)
[2026-05-31 23:25:20]     L24: neg_top=protected(2.64x), rand_top=unsafe(1.75x), antonym_top=safe(5.71x)
[2026-05-31 23:25:20]     L38: neg_top=unsafe(2.85x), rand_top=protected(3.30x), antonym_top=secure(5.50x)
[2026-05-31 23:25:20]   Pair 3/10: 'the result was very good' vs 'the result was not good'
[2026-05-31 23:25:25]   neg_dir_norm=3.0693, antonym_dir_norm=2.8457
[2026-05-31 23:25:31]     L6: neg_top=bad(0.00x), rand_top=bad(0.00x), antonym_top=bad(0.00x)
[2026-05-31 23:25:31]     L12: neg_top=excellent(3.20x), rand_top=poor(1.70x), antonym_top=bad(2.50x)
[2026-05-31 23:25:31]     L18: neg_top=bad(4.20x), rand_top=good(0.93x), antonym_top=poor(3.30x)
[2026-05-31 23:25:31]     L24: neg_top=bad(1.44x), rand_top=great(2.07x), antonym_top=poor(3.42x)
[2026-05-31 23:25:31]     L38: neg_top=great(3.03x), rand_top=good(1.93x), antonym_top=great(4.52x)
[2026-05-31 23:25:31]   Pair 4/10: 'the room was very clean' vs 'the room was not clean'
[2026-05-31 23:25:36]   neg_dir_norm=2.9002, antonym_dir_norm=3.1135
[2026-05-31 23:25:42]     L6: neg_top=clean(0.00x), rand_top=clean(0.00x), antonym_top=clean(0.00x)
[2026-05-31 23:25:42]     L12: neg_top=tidy(3.43x), rand_top=dirty(2.03x), antonym_top=clean(1.56x)
[2026-05-31 23:25:42]     L18: neg_top=tidy(3.89x), rand_top=messy(2.99x), antonym_top=not(1.68x)
[2026-05-31 23:25:42]     L24: neg_top=not(1.52x), rand_top=messy(4.50x), antonym_top=clean(3.35x)
[2026-05-31 23:25:42]     L38: neg_top=clean(3.17x), rand_top=tidy(3.41x), antonym_top=dirty(5.31x)
[2026-05-31 23:25:42]   Pair 5/10: 'the task was very possible' vs 'the task was not possible'
[2026-05-31 23:25:47]   neg_dir_norm=3.6738, antonym_dir_norm=3.6498
[2026-05-31 23:25:53]     L6: neg_top=possible(0.00x), rand_top=possible(0.00x), antonym_top=possible(0.00x)
[2026-05-31 23:25:53]     L12: neg_top=not(0.84x), rand_top=unfeasible(1.49x), antonym_top=unfeasible(1.56x)
[2026-05-31 23:25:53]     L18: neg_top=impossible(1.71x), rand_top=impossible(1.02x), antonym_top=feasible(2.35x)
[2026-05-31 23:25:53]     L24: neg_top=possible(1.25x), rand_top=feasible(2.18x), antonym_top=feasible(2.96x)
[2026-05-31 23:25:53]     L38: neg_top=achievable(1.82x), rand_top=possible(7.49x), antonym_top=feasible(2.22x)
[2026-05-31 23:25:53]   Pair 6/10: 'the room was very bright' vs 'the room was not bright'
[2026-05-31 23:25:58]   neg_dir_norm=2.6750, antonym_dir_norm=3.9880
[2026-05-31 23:26:05]     L6: neg_top=illuminated(0.00x), rand_top=illuminated(0.00x), antonym_top=illuminated(0.00x)
[2026-05-31 23:26:05]     L12: neg_top=illuminated(3.00x), rand_top=bright(1.00x), antonym_top=dark(2.51x)
[2026-05-31 23:26:05]     L18: neg_top=illuminated(1.90x), rand_top=bright(1.65x), antonym_top=not(1.38x)
[2026-05-31 23:26:05]     L24: neg_top=not(3.54x), rand_top=bright(2.53x), antonym_top=bright(2.38x)
[2026-05-31 23:26:05]     L38: neg_top=not(2.96x), rand_top=not(2.87x), antonym_top=dark(3.46x)
[2026-05-31 23:26:05]   Pair 7/10: 'the man was very strong' vs 'the man was not strong'
[2026-05-31 23:26:09]   neg_dir_norm=2.8841, antonym_dir_norm=3.0120
[2026-05-31 23:26:16]     L6: neg_top=feeble(0.00x), rand_top=feeble(0.00x), antonym_top=feeble(0.00x)
[2026-05-31 23:26:16]     L12: neg_top=feeble(1.95x), rand_top=feeble(3.16x), antonym_top=feeble(3.97x)
[2026-05-31 23:26:16]     L18: neg_top=powerful(1.70x), rand_top=strong(1.24x), antonym_top=weak(2.07x)
[2026-05-31 23:26:16]     L24: neg_top=weak(3.76x), rand_top=powerful(2.74x), antonym_top=weak(4.72x)
[2026-05-31 23:26:16]     L38: neg_top=weak(2.21x), rand_top=feeble(2.05x), antonym_top=weak(8.35x)
[2026-05-31 23:26:16]   Pair 8/10: 'the weather was very warm' vs 'the weather was not warm'
[2026-05-31 23:26:20]   neg_dir_norm=2.9185, antonym_dir_norm=3.2782
[2026-05-31 23:26:27]     L6: neg_top=warm(0.00x), rand_top=warm(0.00x), antonym_top=warm(0.00x)
[2026-05-31 23:26:27]     L12: neg_top=not(1.26x), rand_top=chilly(1.86x), antonym_top=cold(2.32x)
[2026-05-31 23:26:27]     L18: neg_top=chilly(1.98x), rand_top=mild(1.57x), antonym_top=warm(2.44x)
[2026-05-31 23:26:27]     L24: neg_top=warm(3.39x), rand_top=chilly(1.53x), antonym_top=warm(2.62x)
[2026-05-31 23:26:27]     L38: neg_top=warm(2.45x), rand_top=mild(1.47x), antonym_top=pleasant(3.87x)
[2026-05-31 23:26:27]   Pair 9/10: 'the door was very open' vs 'the door was not open'
[2026-05-31 23:26:31]   neg_dir_norm=3.9147, antonym_dir_norm=4.0930
[2026-05-31 23:26:38]     L6: neg_top=shut(0.00x), rand_top=shut(0.00x), antonym_top=shut(0.00x)
[2026-05-31 23:26:38]     L12: neg_top=closed(2.72x), rand_top=shut(1.36x), antonym_top=open(3.44x)
[2026-05-31 23:26:38]     L18: neg_top=shut(2.03x), rand_top=accessible(2.28x), antonym_top=open(2.56x)
[2026-05-31 23:26:38]     L24: neg_top=open(6.17x), rand_top=open(2.83x), antonym_top=open(5.35x)
[2026-05-31 23:26:38]     L38: neg_top=shut(2.17x), rand_top=closed(1.47x), antonym_top=shut(1.40x)
[2026-05-31 23:26:38]   Pair 10/10: 'the situation was very fair' vs 'the situation was not fair'
[2026-05-31 23:26:42]   neg_dir_norm=3.2661, antonym_dir_norm=3.7958
[2026-05-31 23:26:49]     L6: neg_top=fair(0.00x), rand_top=fair(0.00x), antonym_top=fair(0.00x)
[2026-05-31 23:26:49]     L12: neg_top=equitable(2.06x), rand_top=equitable(2.86x), antonym_top=equitable(2.72x)
[2026-05-31 23:26:49]     L18: neg_top=biased(1.78x), rand_top=fair(1.88x), antonym_top=equitable(2.63x)
[2026-05-31 23:26:49]     L24: neg_top=fair(1.63x), rand_top=fair(1.71x), antonym_top=equitable(2.52x)
[2026-05-31 23:26:49]     L38: neg_top=fair(1.77x), rand_top=fair(2.48x), antonym_top=fair(2.85x)
[2026-05-31 23:26:49] 
--- Negation type: double_negation ---
[2026-05-31 23:26:49]   Pair 1/5: 'the result was very bad' vs 'the result was not bad'
[2026-05-31 23:26:53]   neg_dir_norm=3.9176, antonym_dir_norm=4.1617
[2026-05-31 23:27:00]     L6: neg_top=not(0.00x), rand_top=not(0.00x), antonym_top=not(0.00x)
[2026-05-31 23:27:00]     L12: neg_top=terrible(2.16x), rand_top=not(2.30x), antonym_top=bad(1.66x)
[2026-05-31 23:27:00]     L18: neg_top=terrible(2.14x), rand_top=not(1.98x), antonym_top=bad(1.54x)
[2026-05-31 23:27:00]     L24: neg_top=terrible(1.97x), rand_top=terrible(3.20x), antonym_top=poor(2.60x)
[2026-05-31 23:27:00]     L38: neg_top=okay(1.88x), rand_top=not(2.12x), antonym_top=okay(6.24x)
[2026-05-31 23:27:00]     L6 double_neg: pos_effects={'bad': 0, 'poor': 0, 'terrible': 0}, neg_effects={'not': 0, 'okay': 0, 'acceptable': 0}
[2026-05-31 23:27:00]     L12 double_neg: pos_effects={'bad': 0.33258179389691317, 'poor': 0.19864512446992538, 'terrible': 2.1610214297707717}, neg_effects={'not': 1.6661172936564763, 'okay': 0.11253121833341398, 'acceptable': 0.3765192156425295}
[2026-05-31 23:27:00]     L18 double_neg: pos_effects={'bad': 1.5213230234873156, 'poor': 0.7435065770958371, 'terrible': 2.141124553168859}, neg_effects={'not': 1.1165016504202874, 'okay': 0.25387031927425485, 'acceptable': 0.6806597570705977}
[2026-05-31 23:27:00]     L24 double_neg: pos_effects={'bad': 0.9674759041444139, 'poor': 0.5071028599793391, 'terrible': 1.9702284319293852}, neg_effects={'not': 0.5278571875205103, 'okay': 0.9859007297059988, 'acceptable': 0.7643750362247564}
[2026-05-31 23:27:00]     L38 double_neg: pos_effects={'bad': 0.46209919901203855, 'poor': 0.12956856068940942, 'terrible': 1.3512695337344285}, neg_effects={'not': 0.44571602581893804, 'okay': 1.879788053453364, 'acceptable': 0.3408705969380278}
[2026-05-31 23:27:00]   Pair 2/5: 'the task was very impossible' vs 'the task was not impossible'
[2026-05-31 23:27:05]   neg_dir_norm=3.9219, antonym_dir_norm=3.6498
[2026-05-31 23:27:11]     L6: neg_top=possible(0.00x), rand_top=possible(0.00x), antonym_top=possible(0.00x)
[2026-05-31 23:27:11]     L12: neg_top=impossible(3.63x), rand_top=hopeless(1.76x), antonym_top=hopeless(2.03x)
[2026-05-31 23:27:11]     L18: neg_top=impossible(2.36x), rand_top=possible(2.00x), antonym_top=feasible(1.05x)
[2026-05-31 23:27:11]     L24: neg_top=impossible(1.43x), rand_top=hopeless(1.13x), antonym_top=feasible(2.12x)
[2026-05-31 23:27:11]     L38: neg_top=impossible(2.27x), rand_top=unfeasible(2.28x), antonym_top=impossible(1.54x)
[2026-05-31 23:27:11]     L6 double_neg: pos_effects={'impossible': 0, 'unfeasible': 0, 'hopeless': 0}, neg_effects={'not': 0, 'possible': 0, 'feasible': 0}
[2026-05-31 23:27:11]     L12 double_neg: pos_effects={'impossible': 3.6334221335213566, 'unfeasible': 1.4642376536842432, 'hopeless': 1.3678438270792281}, neg_effects={'not': 0.1038850896493867, 'possible': 2.5560848514917, 'feasible': 2.0949955455277394}
[2026-05-31 23:27:11]     L18 double_neg: pos_effects={'impossible': 2.3577185311780493, 'unfeasible': 0.10860755311463535, 'hopeless': 1.1819213316361041}, neg_effects={'not': 0.9279974648277678, 'possible': 0.6225769710003388, 'feasible': 0.7166019159713669}
[2026-05-31 23:27:11]     L24 double_neg: pos_effects={'impossible': 1.4294036549063536, 'unfeasible': 0.15319888034717402, 'hopeless': 0.19222525128879828}, neg_effects={'not': 0.3897969766772711, 'possible': 1.0670216177892555, 'feasible': 0.10236835208273543}
[2026-05-31 23:27:11]     L38 double_neg: pos_effects={'impossible': 2.273022901630768, 'unfeasible': 0.29657207094449495, 'hopeless': 0.43916130845095286}, neg_effects={'not': 0.08472547824010197, 'possible': 0.18563126175963884, 'feasible': 0.08837991126874284}
[2026-05-31 23:27:11]   Pair 3/5: 'the answer was very wrong' vs 'the answer was not wrong'
[2026-05-31 23:27:16]   neg_dir_norm=3.6620, antonym_dir_norm=3.5792
[2026-05-31 23:27:22]     L6: neg_top=not(0.00x), rand_top=not(0.00x), antonym_top=not(0.00x)
[2026-05-31 23:27:22]     L12: neg_top=wrong(1.71x), rand_top=false(1.26x), antonym_top=wrong(2.80x)
[2026-05-31 23:27:22]     L18: neg_top=right(1.32x), rand_top=correct(1.73x), antonym_top=wrong(1.44x)
[2026-05-31 23:27:22]     L24: neg_top=not(1.57x), rand_top=correct(2.08x), antonym_top=wrong(1.52x)
[2026-05-31 23:27:22]     L38: neg_top=wrong(3.62x), rand_top=wrong(2.30x), antonym_top=incorrect(1.60x)
[2026-05-31 23:27:22]     L6 double_neg: pos_effects={'wrong': 0, 'incorrect': 0, 'false': 0}, neg_effects={'not': 0, 'correct': 0, 'right': 0}
[2026-05-31 23:27:22]     L12 double_neg: pos_effects={'wrong': 1.71096323061125, 'incorrect': 0.7492473011682103, 'false': 0.383275822030929}, neg_effects={'not': 0.2806824570240094, 'correct': 0.4956353532055925, 'right': 0.8364009763271049}
[2026-05-31 23:27:22]     L18 double_neg: pos_effects={'wrong': 1.124999753610697, 'incorrect': 1.1707044849149602, 'false': 0.8112025065519566}, neg_effects={'not': 0.27248554849618684, 'correct': 0.4649541144941169, 'right': 1.3218928901811373}
[2026-05-31 23:27:22]     L24 double_neg: pos_effects={'wrong': 0.4546585427162326, 'incorrect': 1.0242583186402165, 'false': 0.8450694484056707}, neg_effects={'not': 1.5695443777385696, 'correct': 0.6171580959156345, 'right': 1.2724310484030383}
[2026-05-31 23:27:22]     L38 double_neg: pos_effects={'wrong': 3.6188994198707016, 'incorrect': 2.922258494194872, 'false': 1.0893248854037996}, neg_effects={'not': 0.20895035731835646, 'correct': 3.3304711869355708, 'right': 1.929589012457608}
[2026-05-31 23:27:22]   Pair 4/5: 'the outcome was very unlikely' vs 'the outcome was not unlikely'
[2026-05-31 23:27:27]   neg_dir_norm=4.0260, antonym_dir_norm=3.4885
[2026-05-31 23:27:33]     L6: neg_top=not(0.00x), rand_top=not(0.00x), antonym_top=not(0.00x)
[2026-05-31 23:27:33]     L12: neg_top=unlikely(4.59x), rand_top=doubtful(2.18x), antonym_top=unlikely(4.26x)
[2026-05-31 23:27:33]     L18: neg_top=unlikely(2.69x), rand_top=unlikely(1.93x), antonym_top=unlikely(2.88x)
[2026-05-31 23:27:33]     L24: neg_top=doubtful(2.74x), rand_top=unlikely(3.27x), antonym_top=doubtful(1.40x)
[2026-05-31 23:27:33]     L38: neg_top=unlikely(2.96x), rand_top=unlikely(1.69x), antonym_top=improbable(1.59x)
[2026-05-31 23:27:33]     L6 double_neg: pos_effects={'unlikely': 0, 'improbable': 0, 'doubtful': 0}, neg_effects={'not': 0, 'likely': 0, 'probable': 0}
[2026-05-31 23:27:33]     L12 double_neg: pos_effects={'unlikely': 4.589747122641862, 'improbable': 0.1391115773153047, 'doubtful': 2.240483005273895}, neg_effects={'not': 2.013418149909196, 'likely': 1.6533536322653468, 'probable': 1.1005295815703129}
[2026-05-31 23:27:33]     L18 double_neg: pos_effects={'unlikely': 2.6943490460809194, 'improbable': 0.5304288885605807, 'doubtful': 1.1326826064244737}, neg_effects={'not': 1.0440073713815277, 'likely': 2.3671706701280555, 'probable': 1.9421218189555776}
[2026-05-31 23:27:33]     L24 double_neg: pos_effects={'unlikely': 1.3683557113998865, 'improbable': 0.9810394319420681, 'doubtful': 2.741576233224618}, neg_effects={'not': 0.5468690578109727, 'likely': 2.272410345717489, 'probable': 0.7257290629840542}
[2026-05-31 23:27:33]     L38 double_neg: pos_effects={'unlikely': 2.963428449487633, 'improbable': 2.0423296504156188, 'doubtful': 1.2558033277928367}, neg_effects={'not': 0.374663385962723, 'likely': 1.620472306259453, 'probable': 1.5332521382364215}
[2026-05-31 23:27:33]   Pair 5/5: 'the person was very unhappy' vs 'the person was not unhappy'
[2026-05-31 23:27:38]   neg_dir_norm=3.0661, antonym_dir_norm=2.7832
[2026-05-31 23:27:45]     L6: neg_top=not(0.00x), rand_top=not(0.00x), antonym_top=not(0.00x)
[2026-05-31 23:27:45]     L12: neg_top=sad(1.51x), rand_top=okay(2.00x), antonym_top=sad(2.34x)
[2026-05-31 23:27:45]     L18: neg_top=sad(1.16x), rand_top=okay(2.56x), antonym_top=unhappy(1.59x)
[2026-05-31 23:27:45]     L24: neg_top=not(2.32x), rand_top=sad(1.81x), antonym_top=not(2.89x)
[2026-05-31 23:27:45]     L38: neg_top=okay(1.82x), rand_top=miserable(1.56x), antonym_top=sad(3.40x)
[2026-05-31 23:27:45]     L6 double_neg: pos_effects={'unhappy': 0, 'sad': 0, 'miserable': 0}, neg_effects={'not': 0, 'happy': 0, 'okay': 0}
[2026-05-31 23:27:45]     L12 double_neg: pos_effects={'unhappy': 0.487802564831872, 'sad': 1.5114619989442233, 'miserable': 0.08177271230859944}, neg_effects={'not': 0.15503244549104883, 'happy': 1.133171650532634, 'okay': 0.1110909299988552}
[2026-05-31 23:27:45]     L18 double_neg: pos_effects={'unhappy': 0.34559689514704717, 'sad': 1.1600773899244092, 'miserable': 0.7324460623829389}, neg_effects={'not': 0.029949175312223013, 'happy': 0.3506661778475356, 'okay': 0.17036883983060577}
[2026-05-31 23:27:45]     L24 double_neg: pos_effects={'unhappy': 1.0516697239498733, 'sad': 1.3168604894004738, 'miserable': 2.1146452958288706}, neg_effects={'not': 2.3187851944328206, 'happy': 0.14519222979310328, 'okay': 0.3836648860844522}
[2026-05-31 23:27:45]     L38 double_neg: pos_effects={'unhappy': 1.777865330016197, 'sad': 1.101449691747421, 'miserable': 0.06164880313823039}, neg_effects={'not': 1.5217989732490775, 'happy': 1.2852953349931595, 'okay': 1.8153728975332681}
[2026-05-31 23:27:45] 
--- Negation type: weak_negation ---
[2026-05-31 23:27:45]   Pair 1/5: 'the movie was very great' vs 'the movie was not great'
[2026-05-31 23:27:49]   neg_dir_norm=3.6444, antonym_dir_norm=4.1651
[2026-05-31 23:27:56]     L6: neg_top=not(0.00x), rand_top=not(0.00x), antonym_top=not(0.00x)
[2026-05-31 23:27:56]     L12: neg_top=great(2.70x), rand_top=mediocre(4.46x), antonym_top=mediocre(2.01x)
[2026-05-31 23:27:56]     L18: neg_top=mediocre(4.38x), rand_top=great(1.38x), antonym_top=amazing(2.43x)
[2026-05-31 23:27:56]     L24: neg_top=amazing(4.96x), rand_top=amazing(3.16x), antonym_top=excellent(1.33x)
[2026-05-31 23:27:56]     L38: neg_top=excellent(2.11x), rand_top=not(6.16x), antonym_top=okay(5.71x)
[2026-05-31 23:27:56]   Pair 2/5: 'the food was very terrible' vs 'the food was not terrible'
[2026-05-31 23:28:00]   neg_dir_norm=4.0145, antonym_dir_norm=4.2269
[2026-05-31 23:28:07]     L6: neg_top=not(0.00x), rand_top=not(0.00x), antonym_top=not(0.00x)
[2026-05-31 23:28:07]     L12: neg_top=not(1.57x), rand_top=decent(1.93x), antonym_top=terrible(1.31x)
[2026-05-31 23:28:07]     L18: neg_top=terrible(2.61x), rand_top=okay(3.10x), antonym_top=okay(1.32x)
[2026-05-31 23:28:07]     L24: neg_top=horrible(2.59x), rand_top=horrible(2.52x), antonym_top=horrible(0.58x)
[2026-05-31 23:28:07]     L38: neg_top=okay(1.88x), rand_top=not(2.36x), antonym_top=okay(5.78x)
[2026-05-31 23:28:07]   Pair 3/5: 'the plan was very perfect' vs 'the plan was not perfect'
[2026-05-31 23:28:11]   neg_dir_norm=4.1617, antonym_dir_norm=3.9889
[2026-05-31 23:28:18]     L6: neg_top=not(0.00x), rand_top=not(0.00x), antonym_top=not(0.00x)
[2026-05-31 23:28:18]     L12: neg_top=not(1.94x), rand_top=ideal(2.13x), antonym_top=ideal(4.07x)
[2026-05-31 23:28:18]     L18: neg_top=perfect(2.07x), rand_top=perfect(2.02x), antonym_top=ideal(2.74x)
[2026-05-31 23:28:18]     L24: neg_top=imperfect(3.10x), rand_top=perfect(4.15x), antonym_top=ideal(3.34x)
[2026-05-31 23:28:18]     L38: neg_top=okay(2.49x), rand_top=ideal(2.21x), antonym_top=okay(4.27x)
[2026-05-31 23:28:18]   Pair 4/5: 'the design was very horrible' vs 'the design was not horrible'
[2026-05-31 23:28:23]   neg_dir_norm=3.9586, antonym_dir_norm=4.3799
[2026-05-31 23:28:29]     L6: neg_top=not(0.00x), rand_top=not(0.00x), antonym_top=not(0.00x)
[2026-05-31 23:28:29]     L12: neg_top=decent(2.56x), rand_top=not(2.26x), antonym_top=terrible(1.84x)
[2026-05-31 23:28:29]     L18: neg_top=decent(2.77x), rand_top=decent(2.13x), antonym_top=okay(1.04x)
[2026-05-31 23:28:29]     L24: neg_top=decent(2.20x), rand_top=okay(1.09x), antonym_top=awful(0.50x)
[2026-05-31 23:28:29]     L38: neg_top=okay(2.43x), rand_top=horrible(1.62x), antonym_top=okay(5.29x)
[2026-05-31 23:28:29]   Pair 5/5: 'the idea was very amazing' vs 'the idea was not amazing'
[2026-05-31 23:28:34]   neg_dir_norm=3.6128, antonym_dir_norm=4.0001
[2026-05-31 23:28:41]     L6: neg_top=not(0.00x), rand_top=not(0.00x), antonym_top=not(0.00x)
[2026-05-31 23:28:41]     L12: neg_top=amazing(1.80x), rand_top=wonderful(2.35x), antonym_top=incredible(1.96x)
[2026-05-31 23:28:41]     L18: neg_top=ordinary(1.92x), rand_top=ordinary(2.25x), antonym_top=incredible(1.90x)
[2026-05-31 23:28:41]     L24: neg_top=amazing(4.49x), rand_top=amazing(3.10x), antonym_top=okay(1.97x)
[2026-05-31 23:28:41]     L38: neg_top=okay(2.34x), rand_top=wonderful(1.57x), antonym_top=okay(6.50x)
[2026-05-31 23:28:41] Test 3 completed in 222.7s
[2026-05-31 23:28:41] Results saved to results\phase317_comprehensive\glm4_phase317.json
[2026-05-31 23:28:41] 
======================================================================
[2026-05-31 23:28:41] PHASE 317 SUMMARY - glm4
[2026-05-31 23:28:41] ======================================================================
[2026-05-31 23:28:41] 
Test 1: Attribute Activation (PARALLEL templates)
[2026-05-31 23:28:41]   Template: static
[2026-05-31 23:28:41]     L2: ratio=0.82 (real=0.0389, random=0.0319, n=52)
[2026-05-31 23:28:41]     L6: ratio=0.94 (real=0.1874, random=0.1753, n=52)
[2026-05-31 23:28:41]     L12: ratio=1.14 (real=0.2733, random=0.3127, n=52)
[2026-05-31 23:28:41]     L18: ratio=0.99 (real=0.1847, random=0.1824, n=52)
[2026-05-31 23:28:41]     L24: ratio=0.94 (real=0.1213, random=0.1136, n=52)
[2026-05-31 23:28:41]     L38: ratio=1.19 (real=0.0399, random=0.0474, n=52)
[2026-05-31 23:28:41]   Template: attribute_probe
[2026-05-31 23:28:41]     L2: ratio=0.82 (real=0.0409, random=0.0337, n=52)
[2026-05-31 23:28:41]     L6: ratio=0.85 (real=0.0945, random=0.0807, n=52)
[2026-05-31 23:28:41]     L12: ratio=1.05 (real=0.1890, random=0.1976, n=52)
[2026-05-31 23:28:41]     L18: ratio=0.96 (real=0.1346, random=0.1297, n=52)
[2026-05-31 23:28:41]     L24: ratio=1.12 (real=0.1233, random=0.1377, n=52)
[2026-05-31 23:28:41]     L38: ratio=1.52 (real=0.0696, random=0.1057, n=52)
[2026-05-31 23:28:41]   Template: attribute_fill
[2026-05-31 23:28:41]     L2: ratio=1.18 (real=0.0073, random=0.0086, n=52)
[2026-05-31 23:28:41]     L6: ratio=1.09 (real=0.0313, random=0.0340, n=52)
[2026-05-31 23:28:41]     L12: ratio=1.07 (real=0.0921, random=0.0984, n=52)
[2026-05-31 23:28:41]     L18: ratio=1.02 (real=0.1066, random=0.1083, n=52)
[2026-05-31 23:28:41]     L24: ratio=1.17 (real=0.1144, random=0.1336, n=52)
[2026-05-31 23:28:41]     L38: ratio=1.52 (real=0.0652, random=0.0992, n=52)
[2026-05-31 23:28:41] 
Test 2: Context × Causal Interaction
[2026-05-31 23:28:41]   apple_red/L12: attr_dir_ratio=1.00, random_ratio=1.01
[2026-05-31 23:28:41]   apple_red/L18: attr_dir_ratio=0.75, random_ratio=1.13
[2026-05-31 23:28:41]   apple_red/L24: attr_dir_ratio=2.56, random_ratio=1.86
[2026-05-31 23:28:41]   apple_red/L38: attr_dir_ratio=0.92, random_ratio=2.14
[2026-05-31 23:28:41]   knife_sharp/L12: attr_dir_ratio=1.00, random_ratio=1.00
[2026-05-31 23:28:41]   knife_sharp/L18: attr_dir_ratio=0.91, random_ratio=0.88
[2026-05-31 23:28:41]   knife_sharp/L24: attr_dir_ratio=1.52, random_ratio=0.61
[2026-05-31 23:28:41]   knife_sharp/L38: attr_dir_ratio=1.15, random_ratio=1.14
[2026-05-31 23:28:41]   ice_cold/L12: attr_dir_ratio=1.00, random_ratio=1.01
[2026-05-31 23:28:41]   ice_cold/L18: attr_dir_ratio=0.79, random_ratio=0.78
[2026-05-31 23:28:41]   ice_cold/L24: attr_dir_ratio=1.12, random_ratio=0.61
[2026-05-31 23:28:41]   ice_cold/L38: attr_dir_ratio=1.10, random_ratio=2.23
[2026-05-31 23:28:41]   fire_hot/L12: attr_dir_ratio=1.00, random_ratio=1.00
[2026-05-31 23:28:41]   fire_hot/L18: attr_dir_ratio=1.11, random_ratio=1.05
[2026-05-31 23:28:41]   fire_hot/L24: attr_dir_ratio=2.40, random_ratio=2.45
[2026-05-31 23:28:41]   fire_hot/L38: attr_dir_ratio=1.62, random_ratio=1.78
[2026-05-31 23:28:41]   silk_smooth/L12: attr_dir_ratio=0.99, random_ratio=1.00
[2026-05-31 23:28:41]   silk_smooth/L18: attr_dir_ratio=0.68, random_ratio=1.14
[2026-05-31 23:28:41]   silk_smooth/L24: attr_dir_ratio=0.40, random_ratio=0.78
[2026-05-31 23:28:41]   silk_smooth/L38: attr_dir_ratio=0.31, random_ratio=2.20
[2026-05-31 23:28:41]   stone_hard/L12: attr_dir_ratio=1.00, random_ratio=1.01
[2026-05-31 23:28:41]   stone_hard/L18: attr_dir_ratio=1.22, random_ratio=0.59
[2026-05-31 23:28:41]   stone_hard/L24: attr_dir_ratio=1.43, random_ratio=1.38
[2026-05-31 23:28:41]   stone_hard/L38: attr_dir_ratio=1.09, random_ratio=1.12
[2026-05-31 23:28:41]   honey_sweet/L12: attr_dir_ratio=1.01, random_ratio=1.00
[2026-05-31 23:28:41]   honey_sweet/L18: attr_dir_ratio=0.93, random_ratio=1.76
[2026-05-31 23:28:41]   honey_sweet/L24: attr_dir_ratio=0.48, random_ratio=0.64
[2026-05-31 23:28:41]   honey_sweet/L38: attr_dir_ratio=0.41, random_ratio=0.93
[2026-05-31 23:28:41]   lemon_sour/L12: attr_dir_ratio=1.00, random_ratio=0.99
[2026-05-31 23:28:41]   lemon_sour/L18: attr_dir_ratio=0.75, random_ratio=1.60
[2026-05-31 23:28:41]   lemon_sour/L24: attr_dir_ratio=1.04, random_ratio=1.64
[2026-05-31 23:28:41]   lemon_sour/L38: attr_dir_ratio=1.45, random_ratio=2.36
[2026-05-31 23:28:41]   thunder_loud/L12: attr_dir_ratio=1.00, random_ratio=1.00
[2026-05-31 23:28:41]   thunder_loud/L18: attr_dir_ratio=1.64, random_ratio=0.70
[2026-05-31 23:28:41]   thunder_loud/L24: attr_dir_ratio=2.08, random_ratio=0.38
[2026-05-31 23:28:41]   thunder_loud/L38: attr_dir_ratio=1.05, random_ratio=1.04
[2026-05-31 23:28:41]   cotton_soft/L12: attr_dir_ratio=1.00, random_ratio=1.00
[2026-05-31 23:28:41]   cotton_soft/L18: attr_dir_ratio=2.82, random_ratio=0.79
[2026-05-31 23:28:41]   cotton_soft/L24: attr_dir_ratio=1.27, random_ratio=0.88
[2026-05-31 23:28:41]   cotton_soft/L38: attr_dir_ratio=3.12, random_ratio=0.34
[2026-05-31 23:28:41]   cheetah_fast/L12: attr_dir_ratio=1.00, random_ratio=0.99
[2026-05-31 23:28:41]   cheetah_fast/L18: attr_dir_ratio=0.62, random_ratio=0.97
[2026-05-31 23:28:41]   cheetah_fast/L24: attr_dir_ratio=0.73, random_ratio=0.43
[2026-05-31 23:28:41]   cheetah_fast/L38: attr_dir_ratio=1.62, random_ratio=0.69
[2026-05-31 23:28:41]   elephant_huge/L12: attr_dir_ratio=1.00, random_ratio=1.00
[2026-05-31 23:28:41]   elephant_huge/L18: attr_dir_ratio=1.99, random_ratio=2.38
[2026-05-31 23:28:41]   elephant_huge/L24: attr_dir_ratio=1.07, random_ratio=0.90
[2026-05-31 23:28:41]   elephant_huge/L38: attr_dir_ratio=0.30, random_ratio=2.39
[2026-05-31 23:28:41]   diamond_hard/L12: attr_dir_ratio=0.99, random_ratio=1.00
[2026-05-31 23:28:41]   diamond_hard/L18: attr_dir_ratio=1.55, random_ratio=1.41
[2026-05-31 23:28:41]   diamond_hard/L24: attr_dir_ratio=0.61, random_ratio=2.14
[2026-05-31 23:28:41]   diamond_hard/L38: attr_dir_ratio=1.12, random_ratio=0.40
[2026-05-31 23:28:41]   snow_white/L12: attr_dir_ratio=1.00, random_ratio=1.01
[2026-05-31 23:28:41]   snow_white/L18: attr_dir_ratio=0.78, random_ratio=0.73
[2026-05-31 23:28:41]   snow_white/L24: attr_dir_ratio=1.67, random_ratio=0.85
[2026-05-31 23:28:41]   snow_white/L38: attr_dir_ratio=1.35, random_ratio=0.39
[2026-05-31 23:28:41]   night_dark/L12: attr_dir_ratio=1.00, random_ratio=1.00
[2026-05-31 23:28:41]   night_dark/L18: attr_dir_ratio=0.39, random_ratio=0.68
[2026-05-31 23:28:41]   night_dark/L24: attr_dir_ratio=1.04, random_ratio=0.34
[2026-05-31 23:28:41]   night_dark/L38: attr_dir_ratio=0.27, random_ratio=0.82
[2026-05-31 23:28:41]   MEAN interaction ratio (attr_dir): 1.14
[2026-05-31 23:28:41]   → Context gating NOT confirmed (threshold: 1.2x)
[2026-05-31 23:28:41] 
Test 3: Expanded Negation
[2026-05-31 23:28:41]   Type: regular
[2026-05-31 23:28:41]     pair_0/L38: neg_top=not(1.04x), rand_top=happy(1.24x), selectivity=0.84
[2026-05-31 23:28:41]     pair_1/L38: neg_top=unsafe(2.85x), rand_top=protected(3.30x), selectivity=0.86
[2026-05-31 23:28:41]     pair_2/L38: neg_top=great(3.03x), rand_top=good(1.93x), selectivity=1.57
[2026-05-31 23:28:41]     pair_3/L38: neg_top=clean(3.17x), rand_top=tidy(3.41x), selectivity=0.93
[2026-05-31 23:28:41]     pair_4/L38: neg_top=achievable(1.82x), rand_top=possible(7.49x), selectivity=0.24
[2026-05-31 23:28:41]     pair_5/L38: neg_top=not(2.96x), rand_top=not(2.87x), selectivity=1.03
[2026-05-31 23:28:41]     pair_6/L38: neg_top=weak(2.21x), rand_top=feeble(2.05x), selectivity=1.07
[2026-05-31 23:28:41]     pair_7/L38: neg_top=warm(2.45x), rand_top=mild(1.47x), selectivity=1.66
[2026-05-31 23:28:41]     pair_8/L38: neg_top=shut(2.17x), rand_top=closed(1.47x), selectivity=1.47
[2026-05-31 23:28:41]     pair_9/L38: neg_top=fair(1.77x), rand_top=fair(2.48x), selectivity=0.72
[2026-05-31 23:28:41]     Mean neg_dir vs random: 1.94x
[2026-05-31 23:28:41]   Type: double_negation
[2026-05-31 23:28:41]     pair_0/L38: neg_top=okay(1.88x), rand_top=not(2.12x), selectivity=0.88
[2026-05-31 23:28:41]     pair_1/L38: neg_top=impossible(2.27x), rand_top=unfeasible(2.28x), selectivity=1.00
[2026-05-31 23:28:41]     pair_2/L38: neg_top=wrong(3.62x), rand_top=wrong(2.30x), selectivity=1.58
[2026-05-31 23:28:41]     pair_3/L38: neg_top=unlikely(2.96x), rand_top=unlikely(1.69x), selectivity=1.76
[2026-05-31 23:28:41]     pair_4/L38: neg_top=okay(1.82x), rand_top=miserable(1.56x), selectivity=1.17
[2026-05-31 23:28:41]     Mean neg_dir vs random: 1.83x
[2026-05-31 23:28:41]   Type: weak_negation
[2026-05-31 23:28:41]     pair_0/L38: neg_top=excellent(2.11x), rand_top=not(6.16x), selectivity=0.34
[2026-05-31 23:28:41]     pair_1/L38: neg_top=okay(1.88x), rand_top=not(2.36x), selectivity=0.80
[2026-05-31 23:28:41]     pair_2/L38: neg_top=okay(2.49x), rand_top=ideal(2.21x), selectivity=1.13
[2026-05-31 23:28:41]     pair_3/L38: neg_top=okay(2.43x), rand_top=horrible(1.62x), selectivity=1.50
[2026-05-31 23:28:41]     pair_4/L38: neg_top=okay(2.34x), rand_top=wonderful(1.57x), selectivity=1.49
[2026-05-31 23:28:41]     Mean neg_dir vs random: 2.12x
[2026-05-31 23:28:41] Model glm4 released.
