[2026-05-31 23:28:53] === Phase 317: Comprehensive Test for deepseek7b ===
[2026-05-31 23:28:55] Loading deepseek7b (bf16 + device_map=auto + flash_attention_2)...
[2026-05-31 23:28:57]   flash_attention_2 failed (FlashAttention2 has been toggled on, but it cannot be used due to the following error: the package flash_attn seems to be not installed. Please refer to the documentation of https://huggingface.co/docs/transformers/perf_infer_gpu_one#flashattention-2 to install Flash Attention 2.), falling back to sdpa
[2026-05-31 23:29:08]   Loaded with sdpa
[2026-05-31 23:29:08]   Model: Qwen2ForCausalLM, device=cuda:0, GPU=9.01GB
[2026-05-31 23:29:08]   Layer allocation: GPU=0, CPU=14 components
[2026-05-31 23:29:08] Model: n_layers=28, d_model=3584
[2026-05-31 23:29:08] ============================================================
[2026-05-31 23:29:08] TEST 1: Attribute Activation with PARALLEL Templates (50 pairs)
[2026-05-31 23:29:08] ============================================================
[2026-05-31 23:29:08] Test layers: [2, 6, 12, 18, 26]
[2026-05-31 23:29:49]   [static] L2: 50/360 done
[2026-05-31 23:30:24]   [static] L2: 100/360 done
[2026-05-31 23:31:30]   L2 static: real=0.0519, random=0.0502, ratio=0.97
[2026-05-31 23:32:03]   [static] L6: 250/360 done
[2026-05-31 23:32:36]   [static] L6: 300/360 done
[2026-05-31 23:33:43]   L6 static: real=0.1756, random=0.1718, ratio=0.98
[2026-05-31 23:34:15]   [static] L12: 450/360 done
[2026-05-31 23:34:49]   [static] L12: 500/360 done
[2026-05-31 23:35:55]   L12 static: real=0.1919, random=0.1994, ratio=1.04
[2026-05-31 23:36:28]   [static] L18: 650/360 done
[2026-05-31 23:37:01]   [static] L18: 700/360 done
[2026-05-31 23:38:07]   L18 static: real=0.1438, random=0.1355, ratio=0.94
[2026-05-31 23:38:40]   [static] L26: 850/360 done
[2026-05-31 23:39:13]   [static] L26: 900/360 done
[2026-05-31 23:40:19]   L26 static: real=0.0414, random=0.0401, ratio=0.97
[2026-05-31 23:40:52]   [attribute_probe] L2: 1050/360 done
[2026-05-31 23:41:25]   [attribute_probe] L2: 1100/360 done
[2026-05-31 23:42:31]   L2 attribute_probe: real=0.0382, random=0.0386, ratio=1.01
[2026-05-31 23:43:04]   [attribute_probe] L6: 1250/360 done
[2026-05-31 23:43:38]   [attribute_probe] L6: 1300/360 done
[2026-05-31 23:44:44]   L6 attribute_probe: real=0.1386, random=0.1157, ratio=0.83
[2026-05-31 23:45:17]   [attribute_probe] L12: 1450/360 done
[2026-05-31 23:45:51]   [attribute_probe] L12: 1500/360 done
[2026-05-31 23:46:56]   L12 attribute_probe: real=0.1861, random=0.2126, ratio=1.14
[2026-05-31 23:47:30]   [attribute_probe] L18: 1650/360 done
[2026-05-31 23:48:03]   [attribute_probe] L18: 1700/360 done
[2026-05-31 23:49:10]   L18 attribute_probe: real=0.1268, random=0.1458, ratio=1.15
[2026-05-31 23:49:43]   [attribute_probe] L26: 1850/360 done
[2026-05-31 23:50:16]   [attribute_probe] L26: 1900/360 done
[2026-05-31 23:51:24]   L26 attribute_probe: real=0.0530, random=0.0806, ratio=1.52
[2026-05-31 23:51:56]   [attribute_fill] L2: 2050/360 done
[2026-05-31 23:52:30]   [attribute_fill] L2: 2100/360 done
[2026-05-31 23:53:35]   L2 attribute_fill: real=0.0093, random=0.0107, ratio=1.14
[2026-05-31 23:54:08]   [attribute_fill] L6: 2250/360 done
[2026-05-31 23:54:41]   [attribute_fill] L6: 2300/360 done
[2026-05-31 23:55:47]   L6 attribute_fill: real=0.0356, random=0.0407, ratio=1.14
[2026-05-31 23:56:19]   [attribute_fill] L12: 2450/360 done
[2026-05-31 23:56:52]   [attribute_fill] L12: 2500/360 done
[2026-05-31 23:57:59]   L12 attribute_fill: real=0.1637, random=0.1977, ratio=1.21
[2026-05-31 23:58:32]   [attribute_fill] L18: 2650/360 done
[2026-05-31 23:59:05]   [attribute_fill] L18: 2700/360 done
[2026-06-01 00:00:10]   L18 attribute_fill: real=0.1288, random=0.1540, ratio=1.19
[2026-06-01 00:00:44]   [attribute_fill] L26: 2850/360 done
[2026-06-01 00:01:17]   [attribute_fill] L26: 2900/360 done
[2026-06-01 00:02:23]   L26 attribute_fill: real=0.0352, random=0.0514, ratio=1.46
[2026-06-01 00:02:23] Test 1 completed in 1995.4s
[2026-06-01 00:02:23] ============================================================
[2026-06-01 00:02:23] TEST 2: Context × Causal Interaction (CRITICAL)
[2026-06-01 00:02:23] ============================================================
[2026-06-01 00:02:23] Inject layer: 8, Read layers: [8, 12, 16, 26]
[2026-06-01 00:02:24] 
  Pair 1/15: (apple, red)
[2026-06-01 00:02:25]   attr_dir_norm=45.3878
[2026-06-01 00:02:25]   Injecting into STATIC: 'the apple was there'
[2026-06-01 00:02:28]   Injecting into ATTRIBUTE: 'The apple is usually'
[2026-06-01 00:02:31]     L8: attr_dir_interaction=1.00, random_interaction=0.99, static_top=1.78, attr_top=1.77
[2026-06-01 00:02:31]     L12: attr_dir_interaction=2.15, random_interaction=0.63, static_top=1.10, attr_top=2.38
[2026-06-01 00:02:31]     L16: attr_dir_interaction=0.64, random_interaction=0.99, static_top=1.99, attr_top=1.27
[2026-06-01 00:02:31]     L26: attr_dir_interaction=0.70, random_interaction=1.44, static_top=1.14, attr_top=0.80
[2026-06-01 00:02:31] 
  Pair 2/15: (knife, sharp)
[2026-06-01 00:02:33]   attr_dir_norm=47.8213
[2026-06-01 00:02:33]   Injecting into STATIC: 'the knife was there'
[2026-06-01 00:02:36]   Injecting into ATTRIBUTE: 'The knife is usually'
[2026-06-01 00:02:38]     L8: attr_dir_interaction=1.00, random_interaction=0.95, static_top=1.12, attr_top=1.12
[2026-06-01 00:02:38]     L12: attr_dir_interaction=0.63, random_interaction=2.25, static_top=2.57, attr_top=1.62
[2026-06-01 00:02:38]     L16: attr_dir_interaction=0.52, random_interaction=1.32, static_top=3.50, attr_top=1.82
[2026-06-01 00:02:38]     L26: attr_dir_interaction=1.71, random_interaction=1.18, static_top=1.35, attr_top=2.31
[2026-06-01 00:02:38] 
  Pair 3/15: (ice, cold)
[2026-06-01 00:02:39]   attr_dir_norm=49.1047
[2026-06-01 00:02:39]   Injecting into STATIC: 'the ice was there'
[2026-06-01 00:02:43]   Injecting into ATTRIBUTE: 'The ice is usually'
[2026-06-01 00:02:46]     L8: attr_dir_interaction=1.00, random_interaction=1.00, static_top=2.25, attr_top=2.25
[2026-06-01 00:02:46]     L12: attr_dir_interaction=1.24, random_interaction=0.70, static_top=1.60, attr_top=1.98
[2026-06-01 00:02:46]     L16: attr_dir_interaction=0.91, random_interaction=1.93, static_top=1.97, attr_top=1.79
[2026-06-01 00:02:46]     L26: attr_dir_interaction=0.46, random_interaction=0.46, static_top=1.03, attr_top=0.48
[2026-06-01 00:02:46] 
  Pair 4/15: (fire, hot)
[2026-06-01 00:02:47]   attr_dir_norm=52.4059
[2026-06-01 00:02:47]   Injecting into STATIC: 'the fire was there'
[2026-06-01 00:02:50]   Injecting into ATTRIBUTE: 'The fire is usually'
[2026-06-01 00:02:52]     L8: attr_dir_interaction=1.01, random_interaction=1.00, static_top=2.91, attr_top=2.92
[2026-06-01 00:02:52]     L12: attr_dir_interaction=1.23, random_interaction=0.99, static_top=1.65, attr_top=2.03
[2026-06-01 00:02:52]     L16: attr_dir_interaction=0.64, random_interaction=1.41, static_top=3.22, attr_top=2.07
[2026-06-01 00:02:52]     L26: attr_dir_interaction=0.57, random_interaction=0.72, static_top=1.18, attr_top=0.67
[2026-06-01 00:02:52] 
  Pair 5/15: (silk, smooth)
[2026-06-01 00:02:54]   attr_dir_norm=40.8811
[2026-06-01 00:02:54]   Injecting into STATIC: 'the silk was there'
[2026-06-01 00:02:57]   Injecting into ATTRIBUTE: 'The silk is usually'
[2026-06-01 00:03:00]     L8: attr_dir_interaction=1.00, random_interaction=0.92, static_top=1.71, attr_top=1.71
[2026-06-01 00:03:00]     L12: attr_dir_interaction=2.29, random_interaction=0.94, static_top=1.24, attr_top=2.85
[2026-06-01 00:03:00]     L16: attr_dir_interaction=1.28, random_interaction=0.23, static_top=1.60, attr_top=2.04
[2026-06-01 00:03:00]     L26: attr_dir_interaction=2.42, random_interaction=0.24, static_top=0.83, attr_top=2.01
[2026-06-01 00:03:00] 
  Pair 6/15: (stone, hard)
[2026-06-01 00:03:01]   attr_dir_norm=51.1287
[2026-06-01 00:03:01]   Injecting into STATIC: 'the stone was there'
[2026-06-01 00:03:04]   Injecting into ATTRIBUTE: 'The stone is usually'
[2026-06-01 00:03:07]     L8: attr_dir_interaction=1.00, random_interaction=1.01, static_top=0.83, attr_top=0.83
[2026-06-01 00:03:07]     L12: attr_dir_interaction=0.73, random_interaction=0.54, static_top=1.13, attr_top=0.82
[2026-06-01 00:03:07]     L16: attr_dir_interaction=0.50, random_interaction=0.71, static_top=1.27, attr_top=0.64
[2026-06-01 00:03:07]     L26: attr_dir_interaction=1.00, random_interaction=0.31, static_top=0.91, attr_top=0.92
[2026-06-01 00:03:07] 
  Pair 7/15: (honey, sweet)
[2026-06-01 00:03:08]   attr_dir_norm=45.4896
[2026-06-01 00:03:08]   Injecting into STATIC: 'the honey was there'
[2026-06-01 00:03:11]   Injecting into ATTRIBUTE: 'The honey is usually'
[2026-06-01 00:03:14]     L8: attr_dir_interaction=1.00, random_interaction=1.00, static_top=2.78, attr_top=2.78
[2026-06-01 00:03:14]     L12: attr_dir_interaction=1.52, random_interaction=1.51, static_top=2.52, attr_top=3.83
[2026-06-01 00:03:14]     L16: attr_dir_interaction=1.21, random_interaction=0.57, static_top=2.76, attr_top=3.33
[2026-06-01 00:03:14]     L26: attr_dir_interaction=0.46, random_interaction=2.54, static_top=1.44, attr_top=0.67
[2026-06-01 00:03:14] 
  Pair 8/15: (lemon, sour)
[2026-06-01 00:03:15]   attr_dir_norm=38.4749
[2026-06-01 00:03:15]   Injecting into STATIC: 'the lemon was there'
[2026-06-01 00:03:18]   Injecting into ATTRIBUTE: 'The lemon is usually'
[2026-06-01 00:03:21]     L8: attr_dir_interaction=1.00, random_interaction=1.00, static_top=1.44, attr_top=1.44
[2026-06-01 00:03:21]     L12: attr_dir_interaction=1.47, random_interaction=1.51, static_top=0.83, attr_top=1.21
[2026-06-01 00:03:21]     L16: attr_dir_interaction=1.70, random_interaction=2.06, static_top=1.00, attr_top=1.70
[2026-06-01 00:03:21]     L26: attr_dir_interaction=0.56, random_interaction=1.07, static_top=1.68, attr_top=0.94
[2026-06-01 00:03:21] 
  Pair 9/15: (thunder, loud)
[2026-06-01 00:03:23]   attr_dir_norm=41.2039
[2026-06-01 00:03:23]   Injecting into STATIC: 'the thunder was there'
[2026-06-01 00:03:26]   Injecting into ATTRIBUTE: 'The thunder is usually'
[2026-06-01 00:03:28]     L8: attr_dir_interaction=1.00, random_interaction=1.00, static_top=1.31, attr_top=1.31
[2026-06-01 00:03:28]     L12: attr_dir_interaction=2.61, random_interaction=0.50, static_top=0.69, attr_top=1.80
[2026-06-01 00:03:28]     L16: attr_dir_interaction=4.19, random_interaction=0.31, static_top=0.74, attr_top=3.10
[2026-06-01 00:03:28]     L26: attr_dir_interaction=0.74, random_interaction=0.30, static_top=0.96, attr_top=0.71
[2026-06-01 00:03:28] 
  Pair 10/15: (cotton, soft)
[2026-06-01 00:03:30]   attr_dir_norm=42.9840
[2026-06-01 00:03:30]   Injecting into STATIC: 'the cotton was there'
[2026-06-01 00:03:33]   Injecting into ATTRIBUTE: 'The cotton is usually'
[2026-06-01 00:03:36]     L8: attr_dir_interaction=1.00, random_interaction=1.00, static_top=1.67, attr_top=1.67
[2026-06-01 00:03:36]     L12: attr_dir_interaction=1.04, random_interaction=1.19, static_top=1.70, attr_top=1.76
[2026-06-01 00:03:36]     L16: attr_dir_interaction=0.61, random_interaction=0.58, static_top=1.21, attr_top=0.73
[2026-06-01 00:03:36]     L26: attr_dir_interaction=1.85, random_interaction=0.65, static_top=0.84, attr_top=1.54
[2026-06-01 00:03:36] 
  Pair 11/15: (cheetah, fast)
[2026-06-01 00:03:37]   attr_dir_norm=27.1461
[2026-06-01 00:03:37]   Injecting into STATIC: 'the cheetah was there'
[2026-06-01 00:03:40]   Injecting into ATTRIBUTE: 'The cheetah is usually'
[2026-06-01 00:03:42]     L8: attr_dir_interaction=1.00, random_interaction=1.01, static_top=1.51, attr_top=1.50
[2026-06-01 00:03:42]     L12: attr_dir_interaction=1.26, random_interaction=1.68, static_top=1.69, attr_top=2.13
[2026-06-01 00:03:42]     L16: attr_dir_interaction=0.35, random_interaction=1.77, static_top=1.89, attr_top=0.66
[2026-06-01 00:03:42]     L26: attr_dir_interaction=0.40, random_interaction=0.68, static_top=1.80, attr_top=0.72
[2026-06-01 00:03:42] 
  Pair 12/15: (elephant, huge)
[2026-06-01 00:03:44]   attr_dir_norm=39.7230
[2026-06-01 00:03:44]   Injecting into STATIC: 'the elephant was there'
[2026-06-01 00:03:47]   Injecting into ATTRIBUTE: 'The elephant is usually'
[2026-06-01 00:03:50]     L8: attr_dir_interaction=1.01, random_interaction=1.00, static_top=1.92, attr_top=1.93
[2026-06-01 00:03:50]     L12: attr_dir_interaction=0.73, random_interaction=2.21, static_top=2.10, attr_top=1.53
[2026-06-01 00:03:50]     L16: attr_dir_interaction=1.84, random_interaction=2.08, static_top=1.56, attr_top=2.87
[2026-06-01 00:03:50]     L26: attr_dir_interaction=0.44, random_interaction=1.12, static_top=2.01, attr_top=0.88
[2026-06-01 00:03:50] 
  Pair 13/15: (diamond, hard)
[2026-06-01 00:03:51]   attr_dir_norm=46.7103
[2026-06-01 00:03:51]   Injecting into STATIC: 'the diamond was there'
[2026-06-01 00:03:54]   Injecting into ATTRIBUTE: 'The diamond is usually'
[2026-06-01 00:03:57]     L8: attr_dir_interaction=0.99, random_interaction=1.00, static_top=1.44, attr_top=1.43
[2026-06-01 00:03:57]     L12: attr_dir_interaction=2.07, random_interaction=3.88, static_top=1.88, attr_top=3.89
[2026-06-01 00:03:57]     L16: attr_dir_interaction=3.81, random_interaction=2.57, static_top=1.07, attr_top=4.06
[2026-06-01 00:03:57]     L26: attr_dir_interaction=6.07, random_interaction=0.42, static_top=0.35, attr_top=2.11
[2026-06-01 00:03:57] 
  Pair 14/15: (snow, white)
[2026-06-01 00:03:58]   attr_dir_norm=40.3333
[2026-06-01 00:03:58]   Injecting into STATIC: 'the snow was there'
[2026-06-01 00:04:02]   Injecting into ATTRIBUTE: 'The snow is usually'
[2026-06-01 00:04:04]     L8: attr_dir_interaction=1.00, random_interaction=1.00, static_top=2.98, attr_top=2.98
[2026-06-01 00:04:04]     L12: attr_dir_interaction=0.35, random_interaction=2.71, static_top=2.04, attr_top=0.71
[2026-06-01 00:04:04]     L16: attr_dir_interaction=0.31, random_interaction=0.88, static_top=2.45, attr_top=0.76
[2026-06-01 00:04:04]     L26: attr_dir_interaction=1.44, random_interaction=3.53, static_top=1.05, attr_top=1.52
[2026-06-01 00:04:04] 
  Pair 15/15: (night, dark)
[2026-06-01 00:04:06]   attr_dir_norm=55.7125
[2026-06-01 00:04:06]   Injecting into STATIC: 'the night was there'
[2026-06-01 00:04:08]   Injecting into ATTRIBUTE: 'The night is usually'
[2026-06-01 00:04:11]     L8: attr_dir_interaction=1.00, random_interaction=1.00, static_top=2.38, attr_top=2.38
[2026-06-01 00:04:11]     L12: attr_dir_interaction=2.38, random_interaction=1.69, static_top=0.98, attr_top=2.34
[2026-06-01 00:04:11]     L16: attr_dir_interaction=0.90, random_interaction=0.48, static_top=1.46, attr_top=1.31
[2026-06-01 00:04:11]     L26: attr_dir_interaction=0.55, random_interaction=1.73, static_top=5.02, attr_top=2.77
[2026-06-01 00:04:12] Test 2 completed in 108.3s
[2026-06-01 00:04:12] ============================================================
[2026-06-01 00:04:12] TEST 3: Expanded Negation with Controls (25 pairs)
[2026-06-01 00:04:12] ============================================================
[2026-06-01 00:04:12] Inject layer: 8, Read layers: [4, 8, 12, 16, 26]
[2026-06-01 00:04:12] 
--- Negation type: regular ---
[2026-06-01 00:04:12]   Pair 1/10: 'they were very happy about it' vs 'they were not happy about it'
[2026-06-01 00:04:15]   neg_dir_norm=46.8320, antonym_dir_norm=84.4773
[2026-06-01 00:04:19]     L4: neg_top=happy(0.00x), rand_top=happy(0.00x), antonym_top=happy(0.00x)
[2026-06-01 00:04:19]     L8: neg_top=pleased(2.85x), rand_top=happy(2.36x), antonym_top=glad(2.61x)
[2026-06-01 00:04:19]     L12: neg_top=glad(1.94x), rand_top=disappointed(0.79x), antonym_top=glad(1.39x)
[2026-06-01 00:04:19]     L16: neg_top=glad(1.70x), rand_top=pleased(1.89x), antonym_top=glad(1.40x)
[2026-06-01 00:04:19]     L26: neg_top=happy(1.31x), rand_top=unhappy(0.54x), antonym_top=glad(1.40x)
[2026-06-01 00:04:19]   Pair 2/10: 'the place was very safe' vs 'the place was not safe'
[2026-06-01 00:04:21]   neg_dir_norm=80.7041, antonym_dir_norm=114.4938
[2026-06-01 00:04:26]     L4: neg_top=dangerous(0.00x), rand_top=dangerous(0.00x), antonym_top=dangerous(0.00x)
[2026-06-01 00:04:26]     L8: neg_top=safe(1.34x), rand_top=safe(2.83x), antonym_top=safe(5.61x)
[2026-06-01 00:04:26]     L12: neg_top=unsafe(2.98x), rand_top=secure(1.41x), antonym_top=safe(3.11x)
[2026-06-01 00:04:26]     L16: neg_top=safe(1.90x), rand_top=secure(1.15x), antonym_top=unsafe(1.34x)
[2026-06-01 00:04:26]     L26: neg_top=unsafe(3.12x), rand_top=unsafe(1.06x), antonym_top=safe(1.70x)
[2026-06-01 00:04:26]   Pair 3/10: 'the result was very good' vs 'the result was not good'
[2026-06-01 00:04:29]   neg_dir_norm=92.2781, antonym_dir_norm=98.5550
[2026-06-01 00:04:33]     L4: neg_top=poor(0.00x), rand_top=poor(0.00x), antonym_top=poor(0.00x)
[2026-06-01 00:04:33]     L8: neg_top=not(2.82x), rand_top=excellent(1.19x), antonym_top=poor(2.24x)
[2026-06-01 00:04:33]     L12: neg_top=not(2.49x), rand_top=not(2.54x), antonym_top=bad(3.16x)
[2026-06-01 00:04:33]     L16: neg_top=poor(2.04x), rand_top=poor(1.99x), antonym_top=bad(5.14x)
[2026-06-01 00:04:33]     L26: neg_top=bad(1.86x), rand_top=good(0.52x), antonym_top=bad(5.70x)
[2026-06-01 00:04:33]   Pair 4/10: 'the room was very clean' vs 'the room was not clean'
[2026-06-01 00:04:35]   neg_dir_norm=79.8105, antonym_dir_norm=98.9771
[2026-06-01 00:04:40]     L4: neg_top=messy(0.00x), rand_top=messy(0.00x), antonym_top=messy(0.00x)
[2026-06-01 00:04:40]     L8: neg_top=dirty(1.54x), rand_top=dirty(1.22x), antonym_top=clean(2.60x)
[2026-06-01 00:04:40]     L12: neg_top=not(2.55x), rand_top=dirty(1.20x), antonym_top=clean(1.88x)
[2026-06-01 00:04:40]     L16: neg_top=clean(2.83x), rand_top=dirty(0.74x), antonym_top=clean(2.00x)
[2026-06-01 00:04:40]     L26: neg_top=dirty(1.20x), rand_top=messy(1.15x), antonym_top=neat(2.34x)
[2026-06-01 00:04:40]   Pair 5/10: 'the task was very possible' vs 'the task was not possible'
[2026-06-01 00:04:42]   neg_dir_norm=113.8191, antonym_dir_norm=97.9853
[2026-06-01 00:04:47]     L4: neg_top=feasible(0.00x), rand_top=feasible(0.00x), antonym_top=feasible(0.00x)
[2026-06-01 00:04:47]     L8: neg_top=possible(0.71x), rand_top=feasible(1.44x), antonym_top=impossible(1.61x)
[2026-06-01 00:04:47]     L12: neg_top=possible(0.95x), rand_top=possible(0.91x), antonym_top=achievable(0.99x)
[2026-06-01 00:04:47]     L16: neg_top=feasible(0.75x), rand_top=unfeasible(0.91x), antonym_top=achievable(2.46x)
[2026-06-01 00:04:47]     L26: neg_top=feasible(1.99x), rand_top=unfeasible(1.29x), antonym_top=unfeasible(1.39x)
[2026-06-01 00:04:47]   Pair 6/10: 'the room was very bright' vs 'the room was not bright'
[2026-06-01 00:04:50]   neg_dir_norm=84.2893, antonym_dir_norm=120.3376
[2026-06-01 00:04:54]     L4: neg_top=bright(0.00x), rand_top=bright(0.00x), antonym_top=bright(0.00x)
[2026-06-01 00:04:54]     L8: neg_top=dark(0.63x), rand_top=dim(2.45x), antonym_top=light(1.54x)
[2026-06-01 00:04:54]     L12: neg_top=not(1.05x), rand_top=light(0.69x), antonym_top=dark(1.32x)
[2026-06-01 00:04:54]     L16: neg_top=dark(0.76x), rand_top=light(0.48x), antonym_top=dark(2.95x)
[2026-06-01 00:04:54]     L26: neg_top=illuminated(3.15x), rand_top=bright(1.19x), antonym_top=bright(1.74x)
[2026-06-01 00:04:54]   Pair 7/10: 'the man was very strong' vs 'the man was not strong'
[2026-06-01 00:04:56]   neg_dir_norm=81.3205, antonym_dir_norm=98.8319
[2026-06-01 00:05:01]     L4: neg_top=powerful(0.00x), rand_top=powerful(0.00x), antonym_top=powerful(0.00x)
[2026-06-01 00:05:01]     L8: neg_top=not(1.08x), rand_top=mighty(1.65x), antonym_top=weak(4.35x)
[2026-06-01 00:05:01]     L12: neg_top=mighty(1.58x), rand_top=mighty(1.61x), antonym_top=weak(1.78x)
[2026-06-01 00:05:01]     L16: neg_top=mighty(1.52x), rand_top=mighty(1.57x), antonym_top=weak(3.40x)
[2026-06-01 00:05:01]     L26: neg_top=weak(1.99x), rand_top=weak(1.30x), antonym_top=weak(5.44x)
[2026-06-01 00:05:01]   Pair 8/10: 'the weather was very warm' vs 'the weather was not warm'
[2026-06-01 00:05:04]   neg_dir_norm=78.3923, antonym_dir_norm=110.0125
[2026-06-01 00:05:08]     L4: neg_top=cold(0.00x), rand_top=cold(0.00x), antonym_top=cold(0.00x)
[2026-06-01 00:05:08]     L8: neg_top=not(1.13x), rand_top=cold(1.57x), antonym_top=cold(1.42x)
[2026-06-01 00:05:08]     L12: neg_top=not(1.59x), rand_top=chilly(1.53x), antonym_top=cold(1.17x)
[2026-06-01 00:05:08]     L16: neg_top=chilly(1.39x), rand_top=chilly(2.01x), antonym_top=chilly(1.94x)
[2026-06-01 00:05:08]     L26: neg_top=warm(1.48x), rand_top=warm(2.41x), antonym_top=warm(1.75x)
[2026-06-01 00:05:08]   Pair 9/10: 'the door was very open' vs 'the door was not open'
[2026-06-01 00:05:10]   neg_dir_norm=100.3177, antonym_dir_norm=102.4042
[2026-06-01 00:05:15]     L4: neg_top=shut(0.00x), rand_top=shut(0.00x), antonym_top=shut(0.00x)
[2026-06-01 00:05:15]     L8: neg_top=unlocked(1.87x), rand_top=closed(2.26x), antonym_top=open(2.36x)
[2026-06-01 00:05:15]     L12: neg_top=not(1.55x), rand_top=closed(1.10x), antonym_top=open(1.75x)
[2026-06-01 00:05:15]     L16: neg_top=not(3.37x), rand_top=closed(0.98x), antonym_top=open(1.77x)
[2026-06-01 00:05:15]     L26: neg_top=closed(2.71x), rand_top=closed(2.52x), antonym_top=accessible(0.68x)
[2026-06-01 00:05:15]   Pair 10/10: 'the situation was very fair' vs 'the situation was not fair'
[2026-06-01 00:05:18]   neg_dir_norm=89.3404, antonym_dir_norm=86.3481
[2026-06-01 00:05:22]     L4: neg_top=equitable(0.00x), rand_top=equitable(0.00x), antonym_top=equitable(0.00x)
[2026-06-01 00:05:22]     L8: neg_top=equitable(2.97x), rand_top=unfair(2.77x), antonym_top=fair(2.41x)
[2026-06-01 00:05:22]     L12: neg_top=equitable(2.61x), rand_top=unfair(1.02x), antonym_top=just(3.26x)
[2026-06-01 00:05:22]     L16: neg_top=unfair(1.49x), rand_top=fair(1.21x), antonym_top=fair(2.68x)
[2026-06-01 00:05:22]     L26: neg_top=fair(2.03x), rand_top=biased(4.30x), antonym_top=just(3.14x)
[2026-06-01 00:05:22] 
--- Negation type: double_negation ---
[2026-06-01 00:05:22]   Pair 1/5: 'the result was very bad' vs 'the result was not bad'
[2026-06-01 00:05:24]   neg_dir_norm=113.8075, antonym_dir_norm=122.4332
[2026-06-01 00:05:29]     L4: neg_top=okay(0.00x), rand_top=okay(0.00x), antonym_top=okay(0.00x)
[2026-06-01 00:05:29]     L8: neg_top=bad(3.33x), rand_top=acceptable(2.10x), antonym_top=bad(2.85x)
[2026-06-01 00:05:29]     L12: neg_top=bad(1.83x), rand_top=acceptable(1.00x), antonym_top=bad(2.67x)
[2026-06-01 00:05:29]     L16: neg_top=bad(2.27x), rand_top=okay(0.76x), antonym_top=bad(3.12x)
[2026-06-01 00:05:29]     L26: neg_top=bad(4.17x), rand_top=okay(1.12x), antonym_top=bad(3.15x)
[2026-06-01 00:05:29]     L4 double_neg: pos_effects={'bad': 0, 'poor': 0, 'terrible': 0}, neg_effects={'not': 0, 'okay': 0, 'acceptable': 0}
[2026-06-01 00:05:29]     L8 double_neg: pos_effects={'bad': 3.3306668944967357, 'poor': 0.43749644157519874, 'terrible': 0.7029879859166583}, neg_effects={'not': 1.661862065505619, 'okay': 2.1506091008318475, 'acceptable': 2.1638100869105426}
[2026-06-01 00:05:29]     L12 double_neg: pos_effects={'bad': 1.8262692253598438, 'poor': 0.5965985880399444, 'terrible': 0.10558307704828254}, neg_effects={'not': 0.5140229799875465, 'okay': 0.29303613863573263, 'acceptable': 0.0648418466898064}
[2026-06-01 00:05:29]     L16 double_neg: pos_effects={'bad': 2.268856417656657, 'poor': 0.6393493334899791, 'terrible': 0.12453753052791255}, neg_effects={'not': 0.6525974975483736, 'okay': 0.18541672683770474, 'acceptable': 0.26605109203749894}
[2026-06-01 00:05:29]     L26 double_neg: pos_effects={'bad': 4.1722510627954295, 'poor': 1.0585345402177644, 'terrible': 0.043175538538539976}, neg_effects={'not': 0.6858052483719264, 'okay': 0.10604089567336977, 'acceptable': 0.5918374204594884}
[2026-06-01 00:05:29]   Pair 2/5: 'the task was very impossible' vs 'the task was not impossible'
[2026-06-01 00:05:32]   neg_dir_norm=110.4520, antonym_dir_norm=97.9853
[2026-06-01 00:05:36]     L4: neg_top=feasible(0.00x), rand_top=feasible(0.00x), antonym_top=feasible(0.00x)
[2026-06-01 00:05:36]     L8: neg_top=not(1.08x), rand_top=unfeasible(4.76x), antonym_top=impossible(1.58x)
[2026-06-01 00:05:36]     L12: neg_top=feasible(0.73x), rand_top=feasible(0.82x), antonym_top=impossible(1.41x)
[2026-06-01 00:05:36]     L16: neg_top=not(1.96x), rand_top=feasible(0.81x), antonym_top=not(0.76x)
[2026-06-01 00:05:36]     L26: neg_top=hopeless(0.60x), rand_top=impossible(0.85x), antonym_top=unfeasible(0.93x)
[2026-06-01 00:05:36]     L4 double_neg: pos_effects={'impossible': 0, 'unfeasible': 0, 'hopeless': 0}, neg_effects={'not': 0, 'possible': 0, 'feasible': 0}
[2026-06-01 00:05:36]     L8 double_neg: pos_effects={'impossible': 1.06974281361947, 'unfeasible': 0.15626398708792533, 'hopeless': 0.17078585089641182}, neg_effects={'not': 1.080791260369186, 'possible': 0.045254902470411945, 'feasible': 0.1943844653141982}
[2026-06-01 00:05:36]     L12 double_neg: pos_effects={'impossible': 0.2539119046473656, 'unfeasible': 0.0434909607879581, 'hopeless': 0.4363952766346419}, neg_effects={'not': 0.6767778055111434, 'possible': 0.6766277765644447, 'feasible': 0.7323334533699214}
[2026-06-01 00:05:36]     L16 double_neg: pos_effects={'impossible': 0.6445646920570556, 'unfeasible': 0.5616646175537052, 'hopeless': 1.618198428774282}, neg_effects={'not': 1.9562096261509656, 'possible': 0.3829147215117061, 'feasible': 0.897191196593908}
[2026-06-01 00:05:36]     L26 double_neg: pos_effects={'impossible': 0.47515492503568124, 'unfeasible': 0.25508848195346384, 'hopeless': 0.6042875897473383}, neg_effects={'not': 0.3132268642523626, 'possible': 0.14069279265250131, 'feasible': 0.5954509862686799}
[2026-06-01 00:05:36]   Pair 3/5: 'the answer was very wrong' vs 'the answer was not wrong'
[2026-06-01 00:05:39]   neg_dir_norm=115.5578, antonym_dir_norm=102.8291
[2026-06-01 00:05:43]     L4: neg_top=correct(0.00x), rand_top=correct(0.00x), antonym_top=correct(0.00x)
[2026-06-01 00:05:43]     L8: neg_top=not(1.47x), rand_top=correct(2.63x), antonym_top=wrong(1.89x)
[2026-06-01 00:05:43]     L12: neg_top=wrong(1.45x), rand_top=false(1.16x), antonym_top=wrong(1.55x)
[2026-06-01 00:05:43]     L16: neg_top=not(1.85x), rand_top=correct(1.68x), antonym_top=wrong(1.63x)
[2026-06-01 00:05:43]     L26: neg_top=correct(2.36x), rand_top=incorrect(2.86x), antonym_top=incorrect(1.25x)
[2026-06-01 00:05:43]     L4 double_neg: pos_effects={'wrong': 0, 'incorrect': 0, 'false': 0}, neg_effects={'not': 0, 'correct': 0, 'right': 0}
[2026-06-01 00:05:43]     L8 double_neg: pos_effects={'wrong': 0.5938273842596719, 'incorrect': 0.7027931654897407, 'false': 1.1976636197880834}, neg_effects={'not': 1.4665428948985473, 'correct': 0.9890354689837426, 'right': 1.3185346714073063}
[2026-06-01 00:05:43]     L12 double_neg: pos_effects={'wrong': 1.4460464736510008, 'incorrect': 1.3489814257513257, 'false': 0.2618916100928984}, neg_effects={'not': 1.0367320404414084, 'correct': 0.11078072441930886, 'right': 1.3108871720105855}
[2026-06-01 00:05:43]     L16 double_neg: pos_effects={'wrong': 0.36709361354258124, 'incorrect': 0.8987963864549982, 'false': 0.5034396178923439}, neg_effects={'not': 1.8505674213127308, 'correct': 0.6646288451403605, 'right': 0.8673872620541242}
[2026-06-01 00:05:43]     L26 double_neg: pos_effects={'wrong': 0.974371487973052, 'incorrect': 0.10622605723338269, 'false': 0.30705399624504537}, neg_effects={'not': 0.8683242579012469, 'correct': 2.3580353916258616, 'right': 1.8539956781395948}
[2026-06-01 00:05:43]   Pair 4/5: 'the outcome was very unlikely' vs 'the outcome was not unlikely'
[2026-06-01 00:05:46]   neg_dir_norm=86.1331, antonym_dir_norm=91.4776
[2026-06-01 00:05:50]     L4: neg_top=unlikely(0.00x), rand_top=unlikely(0.00x), antonym_top=unlikely(0.00x)
[2026-06-01 00:05:50]     L8: neg_top=not(1.60x), rand_top=improbable(1.07x), antonym_top=not(2.58x)
[2026-06-01 00:05:50]     L12: neg_top=not(2.15x), rand_top=doubtful(1.02x), antonym_top=not(2.24x)
[2026-06-01 00:05:50]     L16: neg_top=unlikely(1.22x), rand_top=unlikely(0.92x), antonym_top=doubtful(3.04x)
[2026-06-01 00:05:50]     L26: neg_top=probable(0.94x), rand_top=not(0.91x), antonym_top=not(2.40x)
[2026-06-01 00:05:50]     L4 double_neg: pos_effects={'unlikely': 0, 'improbable': 0, 'doubtful': 0}, neg_effects={'not': 0, 'likely': 0, 'probable': 0}
[2026-06-01 00:05:50]     L8 double_neg: pos_effects={'unlikely': 0.1624939848326549, 'improbable': 0.12427137062300443, 'doubtful': 0.014426414244730665}, neg_effects={'not': 1.6042641694669915, 'likely': 0.029656324118291808, 'probable': 1.5073686595593236}
[2026-06-01 00:05:50]     L12 double_neg: pos_effects={'unlikely': 0.14268404603891255, 'improbable': 0.3459154173138889, 'doubtful': 0.067982369539307}, neg_effects={'not': 2.1450381602378505, 'likely': 0.4153957906116403, 'probable': 1.6378869107830918}
[2026-06-01 00:05:50]     L16 double_neg: pos_effects={'unlikely': 1.2238488450604121, 'improbable': 0.6325132367704084, 'doubtful': 1.0637870691029157}, neg_effects={'not': 1.059520040310497, 'likely': 0.21808134853725888, 'probable': 0.6994768989145941}
[2026-06-01 00:05:50]     L26 double_neg: pos_effects={'unlikely': 0.20880489953772557, 'improbable': 0.08876666411409898, 'doubtful': 0.011329840608436005}, neg_effects={'not': 0.47007467045620505, 'likely': 0.6567364217459092, 'probable': 0.9413052202228462}
[2026-06-01 00:05:50]   Pair 5/5: 'the person was very unhappy' vs 'the person was not unhappy'
[2026-06-01 00:05:53]   neg_dir_norm=100.2039, antonym_dir_norm=84.4773
[2026-06-01 00:05:57]     L4: neg_top=unhappy(0.00x), rand_top=unhappy(0.00x), antonym_top=unhappy(0.00x)
[2026-06-01 00:05:57]     L8: neg_top=happy(0.78x), rand_top=sad(2.73x), antonym_top=happy(2.13x)
[2026-06-01 00:05:57]     L12: neg_top=happy(0.42x), rand_top=unhappy(1.23x), antonym_top=happy(1.45x)
[2026-06-01 00:05:57]     L16: neg_top=happy(0.88x), rand_top=happy(0.76x), antonym_top=sad(1.01x)
[2026-06-01 00:05:57]     L26: neg_top=unhappy(1.98x), rand_top=okay(0.71x), antonym_top=okay(1.76x)
[2026-06-01 00:05:57]     L4 double_neg: pos_effects={'unhappy': 0, 'sad': 0, 'miserable': 0}, neg_effects={'not': 0, 'happy': 0, 'okay': 0}
[2026-06-01 00:05:57]     L8 double_neg: pos_effects={'unhappy': 0.32259849894689296, 'sad': 0.6634075162333359, 'miserable': 0.7140891310652957}, neg_effects={'not': 0.3296067182456396, 'happy': 0.7798854911166851, 'okay': 0.2849118520255871}
[2026-06-01 00:05:57]     L12 double_neg: pos_effects={'unhappy': 0.173427903881314, 'sad': 0.1164710315503127, 'miserable': 0.18091872051447314}, neg_effects={'not': 0.1340026028296285, 'happy': 0.4158329600499421, 'okay': 0.004167584466723941}
[2026-06-01 00:05:57]     L16 double_neg: pos_effects={'unhappy': 0.009794526855813335, 'sad': 0.3904092031207753, 'miserable': 0.45227256995287257}, neg_effects={'not': 0.04990901089171227, 'happy': 0.8751949508926188, 'okay': 0.08307701864790357}
[2026-06-01 00:05:57]     L26 double_neg: pos_effects={'unhappy': 1.9819206932180562, 'sad': 0.756705225325916, 'miserable': 1.694437634990601}, neg_effects={'not': 0.0151831500443189, 'happy': 0.6703663219262983, 'okay': 0.8375554007274754}
[2026-06-01 00:05:57] 
--- Negation type: weak_negation ---
[2026-06-01 00:05:57]   Pair 1/5: 'the movie was very great' vs 'the movie was not great'
[2026-06-01 00:06:00]   neg_dir_norm=108.5771, antonym_dir_norm=125.6874
[2026-06-01 00:06:04]     L4: neg_top=okay(0.00x), rand_top=okay(0.00x), antonym_top=okay(0.00x)
[2026-06-01 00:06:04]     L8: neg_top=excellent(1.25x), rand_top=not(2.79x), antonym_top=okay(1.14x)
[2026-06-01 00:06:04]     L12: neg_top=excellent(1.11x), rand_top=great(1.05x), antonym_top=okay(1.04x)
[2026-06-01 00:06:04]     L16: neg_top=okay(2.80x), rand_top=great(0.50x), antonym_top=okay(2.34x)
[2026-06-01 00:06:04]     L26: neg_top=great(4.26x), rand_top=great(2.30x), antonym_top=okay(2.88x)
[2026-06-01 00:06:04]   Pair 2/5: 'the food was very terrible' vs 'the food was not terrible'
[2026-06-01 00:06:07]   neg_dir_norm=101.0131, antonym_dir_norm=123.7703
[2026-06-01 00:06:11]     L4: neg_top=okay(0.00x), rand_top=okay(0.00x), antonym_top=okay(0.00x)
[2026-06-01 00:06:11]     L8: neg_top=not(2.74x), rand_top=terrible(2.42x), antonym_top=okay(0.84x)
[2026-06-01 00:06:11]     L12: neg_top=not(1.62x), rand_top=terrible(0.51x), antonym_top=okay(1.30x)
[2026-06-01 00:06:11]     L16: neg_top=not(2.35x), rand_top=terrible(0.52x), antonym_top=okay(2.18x)
[2026-06-01 00:06:11]     L26: neg_top=okay(1.13x), rand_top=terrible(4.22x), antonym_top=okay(2.30x)
[2026-06-01 00:06:11]   Pair 3/5: 'the plan was very perfect' vs 'the plan was not perfect'
[2026-06-01 00:06:14]   neg_dir_norm=108.9943, antonym_dir_norm=127.8702
[2026-06-01 00:06:18]     L4: neg_top=okay(0.00x), rand_top=okay(0.00x), antonym_top=okay(0.00x)
[2026-06-01 00:06:18]     L8: neg_top=not(1.47x), rand_top=flawless(2.21x), antonym_top=perfect(1.10x)
[2026-06-01 00:06:18]     L12: neg_top=not(1.98x), rand_top=flawless(1.42x), antonym_top=perfect(1.97x)
[2026-06-01 00:06:18]     L16: neg_top=not(1.27x), rand_top=perfect(2.32x), antonym_top=perfect(4.09x)
[2026-06-01 00:06:18]     L26: neg_top=not(1.80x), rand_top=okay(0.91x), antonym_top=ideal(1.47x)
[2026-06-01 00:06:18]   Pair 4/5: 'the design was very horrible' vs 'the design was not horrible'
[2026-06-01 00:06:21]   neg_dir_norm=109.7507, antonym_dir_norm=135.1735
[2026-06-01 00:06:25]     L4: neg_top=okay(0.00x), rand_top=okay(0.00x), antonym_top=okay(0.00x)
[2026-06-01 00:06:25]     L8: neg_top=not(2.97x), rand_top=decent(2.55x), antonym_top=okay(0.99x)
[2026-06-01 00:06:25]     L12: neg_top=not(2.59x), rand_top=okay(0.83x), antonym_top=awful(1.04x)
[2026-06-01 00:06:25]     L16: neg_top=not(2.49x), rand_top=horrible(1.99x), antonym_top=decent(0.97x)
[2026-06-01 00:06:25]     L26: neg_top=horrible(2.35x), rand_top=horrible(0.75x), antonym_top=terrible(2.33x)
[2026-06-01 00:06:25]   Pair 5/5: 'the idea was very amazing' vs 'the idea was not amazing'
[2026-06-01 00:06:28]   neg_dir_norm=104.4766, antonym_dir_norm=120.3393
[2026-06-01 00:06:33]     L4: neg_top=okay(0.00x), rand_top=okay(0.00x), antonym_top=okay(0.00x)
[2026-06-01 00:06:33]     L8: neg_top=not(1.51x), rand_top=ordinary(2.06x), antonym_top=okay(1.14x)
[2026-06-01 00:06:33]     L12: neg_top=okay(1.27x), rand_top=incredible(1.05x), antonym_top=okay(0.71x)
[2026-06-01 00:06:33]     L16: neg_top=okay(1.44x), rand_top=incredible(1.39x), antonym_top=amazing(0.88x)
[2026-06-01 00:06:33]     L26: neg_top=okay(1.03x), rand_top=incredible(2.32x), antonym_top=okay(1.10x)
[2026-06-01 00:06:33] Test 3 completed in 141.4s
[2026-06-01 00:06:33] Results saved to results\phase317_comprehensive\deepseek7b_phase317.json
[2026-06-01 00:06:33] 
======================================================================
[2026-06-01 00:06:33] PHASE 317 SUMMARY - deepseek7b
[2026-06-01 00:06:33] ======================================================================
[2026-06-01 00:06:33] 
Test 1: Attribute Activation (PARALLEL templates)
[2026-06-01 00:06:33]   Template: static
[2026-06-01 00:06:33]     L2: ratio=0.97 (real=0.0519, random=0.0502, n=52)
[2026-06-01 00:06:33]     L6: ratio=0.98 (real=0.1756, random=0.1718, n=52)
[2026-06-01 00:06:33]     L12: ratio=1.04 (real=0.1919, random=0.1994, n=52)
[2026-06-01 00:06:33]     L18: ratio=0.94 (real=0.1438, random=0.1355, n=52)
[2026-06-01 00:06:33]     L26: ratio=0.97 (real=0.0414, random=0.0401, n=52)
[2026-06-01 00:06:33]   Template: attribute_probe
[2026-06-01 00:06:33]     L2: ratio=1.01 (real=0.0382, random=0.0386, n=52)
[2026-06-01 00:06:33]     L6: ratio=0.83 (real=0.1386, random=0.1157, n=52)
[2026-06-01 00:06:33]     L12: ratio=1.14 (real=0.1861, random=0.2126, n=52)
[2026-06-01 00:06:33]     L18: ratio=1.15 (real=0.1268, random=0.1458, n=52)
[2026-06-01 00:06:33]     L26: ratio=1.52 (real=0.0530, random=0.0806, n=52)
[2026-06-01 00:06:33]   Template: attribute_fill
[2026-06-01 00:06:33]     L2: ratio=1.14 (real=0.0093, random=0.0107, n=52)
[2026-06-01 00:06:33]     L6: ratio=1.14 (real=0.0356, random=0.0407, n=52)
[2026-06-01 00:06:33]     L12: ratio=1.21 (real=0.1637, random=0.1977, n=52)
[2026-06-01 00:06:33]     L18: ratio=1.19 (real=0.1288, random=0.1540, n=52)
[2026-06-01 00:06:33]     L26: ratio=1.46 (real=0.0352, random=0.0514, n=52)
[2026-06-01 00:06:33] 
Test 2: Context × Causal Interaction
[2026-06-01 00:06:33]   apple_red/L8: attr_dir_ratio=1.00, random_ratio=0.99
[2026-06-01 00:06:33]   apple_red/L12: attr_dir_ratio=2.15, random_ratio=0.63
[2026-06-01 00:06:33]   apple_red/L16: attr_dir_ratio=0.64, random_ratio=0.99
[2026-06-01 00:06:33]   apple_red/L26: attr_dir_ratio=0.70, random_ratio=1.44
[2026-06-01 00:06:33]   knife_sharp/L8: attr_dir_ratio=1.00, random_ratio=0.95
[2026-06-01 00:06:33]   knife_sharp/L12: attr_dir_ratio=0.63, random_ratio=2.25
[2026-06-01 00:06:33]   knife_sharp/L16: attr_dir_ratio=0.52, random_ratio=1.32
[2026-06-01 00:06:33]   knife_sharp/L26: attr_dir_ratio=1.71, random_ratio=1.18
[2026-06-01 00:06:33]   ice_cold/L8: attr_dir_ratio=1.00, random_ratio=1.00
[2026-06-01 00:06:33]   ice_cold/L12: attr_dir_ratio=1.24, random_ratio=0.70
[2026-06-01 00:06:33]   ice_cold/L16: attr_dir_ratio=0.91, random_ratio=1.93
[2026-06-01 00:06:33]   ice_cold/L26: attr_dir_ratio=0.46, random_ratio=0.46
[2026-06-01 00:06:33]   fire_hot/L8: attr_dir_ratio=1.01, random_ratio=1.00
[2026-06-01 00:06:33]   fire_hot/L12: attr_dir_ratio=1.23, random_ratio=0.99
[2026-06-01 00:06:33]   fire_hot/L16: attr_dir_ratio=0.64, random_ratio=1.41
[2026-06-01 00:06:33]   fire_hot/L26: attr_dir_ratio=0.57, random_ratio=0.72
[2026-06-01 00:06:33]   silk_smooth/L8: attr_dir_ratio=1.00, random_ratio=0.92
[2026-06-01 00:06:33]   silk_smooth/L12: attr_dir_ratio=2.29, random_ratio=0.94
[2026-06-01 00:06:33]   silk_smooth/L16: attr_dir_ratio=1.28, random_ratio=0.23
[2026-06-01 00:06:33]   silk_smooth/L26: attr_dir_ratio=2.42, random_ratio=0.24
[2026-06-01 00:06:33]   stone_hard/L8: attr_dir_ratio=1.00, random_ratio=1.01
[2026-06-01 00:06:33]   stone_hard/L12: attr_dir_ratio=0.73, random_ratio=0.54
[2026-06-01 00:06:33]   stone_hard/L16: attr_dir_ratio=0.50, random_ratio=0.71
[2026-06-01 00:06:33]   stone_hard/L26: attr_dir_ratio=1.00, random_ratio=0.31
[2026-06-01 00:06:33]   honey_sweet/L8: attr_dir_ratio=1.00, random_ratio=1.00
[2026-06-01 00:06:33]   honey_sweet/L12: attr_dir_ratio=1.52, random_ratio=1.51
[2026-06-01 00:06:33]   honey_sweet/L16: attr_dir_ratio=1.21, random_ratio=0.57
[2026-06-01 00:06:33]   honey_sweet/L26: attr_dir_ratio=0.46, random_ratio=2.54
[2026-06-01 00:06:33]   lemon_sour/L8: attr_dir_ratio=1.00, random_ratio=1.00
[2026-06-01 00:06:33]   lemon_sour/L12: attr_dir_ratio=1.47, random_ratio=1.51
[2026-06-01 00:06:33]   lemon_sour/L16: attr_dir_ratio=1.70, random_ratio=2.06
[2026-06-01 00:06:33]   lemon_sour/L26: attr_dir_ratio=0.56, random_ratio=1.07
[2026-06-01 00:06:33]   thunder_loud/L8: attr_dir_ratio=1.00, random_ratio=1.00
[2026-06-01 00:06:33]   thunder_loud/L12: attr_dir_ratio=2.61, random_ratio=0.50
[2026-06-01 00:06:33]   thunder_loud/L16: attr_dir_ratio=4.19, random_ratio=0.31
[2026-06-01 00:06:33]   thunder_loud/L26: attr_dir_ratio=0.74, random_ratio=0.30
[2026-06-01 00:06:33]   cotton_soft/L8: attr_dir_ratio=1.00, random_ratio=1.00
[2026-06-01 00:06:33]   cotton_soft/L12: attr_dir_ratio=1.04, random_ratio=1.19
[2026-06-01 00:06:33]   cotton_soft/L16: attr_dir_ratio=0.61, random_ratio=0.58
[2026-06-01 00:06:33]   cotton_soft/L26: attr_dir_ratio=1.85, random_ratio=0.65
[2026-06-01 00:06:33]   cheetah_fast/L8: attr_dir_ratio=1.00, random_ratio=1.01
[2026-06-01 00:06:33]   cheetah_fast/L12: attr_dir_ratio=1.26, random_ratio=1.68
[2026-06-01 00:06:33]   cheetah_fast/L16: attr_dir_ratio=0.35, random_ratio=1.77
[2026-06-01 00:06:33]   cheetah_fast/L26: attr_dir_ratio=0.40, random_ratio=0.68
[2026-06-01 00:06:33]   elephant_huge/L8: attr_dir_ratio=1.01, random_ratio=1.00
[2026-06-01 00:06:33]   elephant_huge/L12: attr_dir_ratio=0.73, random_ratio=2.21
[2026-06-01 00:06:33]   elephant_huge/L16: attr_dir_ratio=1.84, random_ratio=2.08
[2026-06-01 00:06:33]   elephant_huge/L26: attr_dir_ratio=0.44, random_ratio=1.12
[2026-06-01 00:06:33]   diamond_hard/L8: attr_dir_ratio=0.99, random_ratio=1.00
[2026-06-01 00:06:33]   diamond_hard/L12: attr_dir_ratio=2.07, random_ratio=3.88
[2026-06-01 00:06:33]   diamond_hard/L16: attr_dir_ratio=3.81, random_ratio=2.57
[2026-06-01 00:06:33]   diamond_hard/L26: attr_dir_ratio=6.07, random_ratio=0.42
[2026-06-01 00:06:33]   snow_white/L8: attr_dir_ratio=1.00, random_ratio=1.00
[2026-06-01 00:06:33]   snow_white/L12: attr_dir_ratio=0.35, random_ratio=2.71
[2026-06-01 00:06:33]   snow_white/L16: attr_dir_ratio=0.31, random_ratio=0.88
[2026-06-01 00:06:33]   snow_white/L26: attr_dir_ratio=1.44, random_ratio=3.53
[2026-06-01 00:06:33]   night_dark/L8: attr_dir_ratio=1.00, random_ratio=1.00
[2026-06-01 00:06:33]   night_dark/L12: attr_dir_ratio=2.38, random_ratio=1.69
[2026-06-01 00:06:33]   night_dark/L16: attr_dir_ratio=0.90, random_ratio=0.48
[2026-06-01 00:06:33]   night_dark/L26: attr_dir_ratio=0.55, random_ratio=1.73
[2026-06-01 00:06:33]   MEAN interaction ratio (attr_dir): 1.26
[2026-06-01 00:06:33]   → Context gating CONFIRMED (threshold: 1.2x)
[2026-06-01 00:06:33] 
Test 3: Expanded Negation
[2026-06-01 00:06:33]   Type: regular
[2026-06-01 00:06:33]     pair_0/L26: neg_top=happy(1.31x), rand_top=unhappy(0.54x), selectivity=2.44
[2026-06-01 00:06:33]     pair_1/L26: neg_top=unsafe(3.12x), rand_top=unsafe(1.06x), selectivity=2.95
[2026-06-01 00:06:33]     pair_2/L26: neg_top=bad(1.86x), rand_top=good(0.52x), selectivity=3.58
[2026-06-01 00:06:33]     pair_3/L26: neg_top=dirty(1.20x), rand_top=messy(1.15x), selectivity=1.04
[2026-06-01 00:06:33]     pair_4/L26: neg_top=feasible(1.99x), rand_top=unfeasible(1.29x), selectivity=1.54
[2026-06-01 00:06:33]     pair_5/L26: neg_top=illuminated(3.15x), rand_top=bright(1.19x), selectivity=2.66
[2026-06-01 00:06:33]     pair_6/L26: neg_top=weak(1.99x), rand_top=weak(1.30x), selectivity=1.53
[2026-06-01 00:06:33]     pair_7/L26: neg_top=warm(1.48x), rand_top=warm(2.41x), selectivity=0.62
[2026-06-01 00:06:33]     pair_8/L26: neg_top=closed(2.71x), rand_top=closed(2.52x), selectivity=1.08
[2026-06-01 00:06:33]     pair_9/L26: neg_top=fair(2.03x), rand_top=biased(4.30x), selectivity=0.47
[2026-06-01 00:06:33]     Mean neg_dir vs random: 1.50x
[2026-06-01 00:06:33]   Type: double_negation
[2026-06-01 00:06:33]     pair_0/L26: neg_top=bad(4.17x), rand_top=okay(1.12x), selectivity=3.74
[2026-06-01 00:06:33]     pair_1/L26: neg_top=hopeless(0.60x), rand_top=impossible(0.85x), selectivity=0.71
[2026-06-01 00:06:33]     pair_2/L26: neg_top=correct(2.36x), rand_top=incorrect(2.86x), selectivity=0.83
[2026-06-01 00:06:33]     pair_3/L26: neg_top=probable(0.94x), rand_top=not(0.91x), selectivity=1.03
[2026-06-01 00:06:33]     pair_4/L26: neg_top=unhappy(1.98x), rand_top=okay(0.71x), selectivity=2.78
[2026-06-01 00:06:33]     Mean neg_dir vs random: 1.32x
[2026-06-01 00:06:33]   Type: weak_negation
[2026-06-01 00:06:33]     pair_0/L26: neg_top=great(4.26x), rand_top=great(2.30x), selectivity=1.85
[2026-06-01 00:06:33]     pair_1/L26: neg_top=okay(1.13x), rand_top=terrible(4.22x), selectivity=0.27
[2026-06-01 00:06:33]     pair_2/L26: neg_top=not(1.80x), rand_top=okay(0.91x), selectivity=1.99
[2026-06-01 00:06:33]     pair_3/L26: neg_top=horrible(2.35x), rand_top=horrible(0.75x), selectivity=3.13
[2026-06-01 00:06:33]     pair_4/L26: neg_top=okay(1.03x), rand_top=incredible(2.32x), selectivity=0.44
[2026-06-01 00:06:33]     Mean neg_dir vs random: 1.58x
[2026-06-01 00:06:33] Model deepseek7b released.
