[2026-06-01 11:52:58] === Phase 323: Path Component Decomposition for deepseek7b ===
[2026-06-01 11:53:02]   flash_attention_2 failed: FlashAttention2 has been toggled on, but it cannot be used due to the following 
[2026-06-01 11:53:12]   Loaded deepseek7b with attn_impl=sdpa
[2026-06-01 11:53:12]   Loaded deepseek7b: Qwen2ForCausalLM, device=cuda:0, GPU=9.01GB
[2026-06-01 11:53:12]   n_layers=28, d_model=3584, mlp_type=split_gate_up
[2026-06-01 11:53:13]   W_U shape: (152064, 3584)
[2026-06-01 11:53:13] 
============================================================
[2026-06-01 11:53:13] Test 1: Component Output Analysis at Optimal Layer
[2026-06-01 11:53:13] ============================================================
[2026-06-01 11:53:13]   Pair 0: apple→red at L3...
[2026-06-01 11:53:20]     L3: dir_norm=75.401, cos_wu=0.0463, attn_norm=26.079(0.35), mlp_norm=18.166(0.24), cos_attn_wu=0.0008, cos_mlp_wu=0.0382
[2026-06-01 11:53:20]   Pair 0: apple→red at L4...
[2026-06-01 11:53:21]     L4: dir_norm=83.887, cos_wu=0.0415, attn_norm=9.198(0.11), mlp_norm=27.492(0.33), cos_attn_wu=-0.0255, cos_mlp_wu=0.0082
[2026-06-01 11:53:21]   Pair 0: apple→red at L5...
[2026-06-01 11:53:22]     L5: dir_norm=85.504, cos_wu=0.0417, attn_norm=10.740(0.13), mlp_norm=18.850(0.22), cos_attn_wu=0.0058, cos_mlp_wu=0.0011
[2026-06-01 11:53:22]   Pair 0: apple→red at L6...
[2026-06-01 11:53:23]     L6: dir_norm=105.111, cos_wu=0.0428, attn_norm=18.934(0.18), mlp_norm=50.559(0.48), cos_attn_wu=-0.0063, cos_mlp_wu=0.0211
[2026-06-01 11:53:23]   Pair 0: apple→red at L7...
[2026-06-01 11:53:25]     L7: dir_norm=134.918, cos_wu=0.0461, attn_norm=25.647(0.19), mlp_norm=69.075(0.51), cos_attn_wu=-0.0037, cos_mlp_wu=0.0261
[2026-06-01 11:53:25]   Pair 1: sky→blue at L3...
[2026-06-01 11:53:26]   Pair 1: sky→blue at L4...
[2026-06-01 11:53:27]   Pair 1: sky→blue at L5...
[2026-06-01 11:53:29]   Pair 1: sky→blue at L6...
[2026-06-01 11:53:30]   Pair 1: sky→blue at L7...
[2026-06-01 11:53:31]   Pair 2: fire→hot at L3...
[2026-06-01 11:53:32]   Pair 2: fire→hot at L4...
[2026-06-01 11:53:34]   Pair 2: fire→hot at L5...
[2026-06-01 11:53:35]   Pair 2: fire→hot at L6...
[2026-06-01 11:53:37]   Pair 2: fire→hot at L7...
[2026-06-01 11:53:38]   Pair 3: ice→cold at L3...
[2026-06-01 11:53:39]   Pair 3: ice→cold at L4...
[2026-06-01 11:53:41]   Pair 3: ice→cold at L5...
[2026-06-01 11:53:42]   Pair 3: ice→cold at L6...
[2026-06-01 11:53:43]   Pair 3: ice→cold at L7...
[2026-06-01 11:53:44]   Pair 4: lemon→sour at L3...
[2026-06-01 11:53:46]   Pair 4: lemon→sour at L4...
[2026-06-01 11:53:47]   Pair 4: lemon→sour at L5...
[2026-06-01 11:53:48]   Pair 4: lemon→sour at L6...
[2026-06-01 11:53:50]   Pair 4: lemon→sour at L7...
[2026-06-01 11:53:51]   Pair 5: honey→sweet at L3...
[2026-06-01 11:53:53]   Pair 5: honey→sweet at L4...
[2026-06-01 11:53:54]   Pair 5: honey→sweet at L5...
[2026-06-01 11:53:55]   Pair 5: honey→sweet at L6...
[2026-06-01 11:53:56]   Pair 5: honey→sweet at L7...
[2026-06-01 11:53:58] 
  Component Analysis Summary (mean across pairs):
[2026-06-01 11:53:58]     L3: attn_norm=25.229, mlp_norm=32.604, attn_ratio=0.296, mlp_ratio=0.368, cos_attn_wu=0.0028, cos_mlp_wu=0.0118
[2026-06-01 11:53:58]     L4: attn_norm=11.298, mlp_norm=33.621, attn_ratio=0.117, mlp_ratio=0.352, cos_attn_wu=-0.0004, cos_mlp_wu=0.0218
[2026-06-01 11:53:58]     L5: attn_norm=11.181, mlp_norm=22.126, attn_ratio=0.114, mlp_ratio=0.226, cos_attn_wu=-0.0066, cos_mlp_wu=0.0044
[2026-06-01 11:53:58]     L6: attn_norm=17.379, mlp_norm=54.220, attn_ratio=0.150, mlp_ratio=0.467, cos_attn_wu=-0.0053, cos_mlp_wu=0.0172
[2026-06-01 11:53:58]     L7: attn_norm=23.538, mlp_norm=73.221, attn_ratio=0.161, mlp_ratio=0.498, cos_attn_wu=-0.0080, cos_mlp_wu=0.0338
[2026-06-01 11:53:58] 
============================================================
[2026-06-01 11:53:58] Test 2: Component Ablation at Optimal Layer
[2026-06-01 11:53:58] ============================================================
[2026-06-01 11:53:58]   Ablation: apple→red at L6...
[2026-06-01 11:54:03]     full=-0.1562, attn_abl=1.9375, mlp_abl=-2.1250, both_abl=-3.2891
[2026-06-01 11:54:03]     attn_importance=-2.0938, mlp_importance=1.9688
[2026-06-01 11:54:03]   Ablation: sky→blue at L6...
[2026-06-01 11:54:07]     full=0.0625, attn_abl=1.0312, mlp_abl=-3.6562, both_abl=-3.2344
[2026-06-01 11:54:07]     attn_importance=-0.9688, mlp_importance=3.7188
[2026-06-01 11:54:07]   Ablation: fire→hot at L6...
[2026-06-01 11:54:12]     full=-0.2812, attn_abl=1.6250, mlp_abl=-4.0781, both_abl=-4.1875
[2026-06-01 11:54:12]     attn_importance=-1.9062, mlp_importance=3.7969
[2026-06-01 11:54:12]   Ablation: ice→cold at L6...
[2026-06-01 11:54:17]   Ablation: lemon→sour at L6...
[2026-06-01 11:54:21]   Ablation: honey→sweet at L6...
[2026-06-01 11:54:26] 
  Ablation Summary (mean across pairs):
[2026-06-01 11:54:26]     full_delta_mean=-0.1146
[2026-06-01 11:54:26]     attn_importance_mean=-0.5573
[2026-06-01 11:54:26]     mlp_importance_mean=4.1615
[2026-06-01 11:54:26]     → MLP is more important for causal efficacy
[2026-06-01 11:54:26] 
============================================================
[2026-06-01 11:54:26] Test 3: Component Replacement (Replace attn or MLP output)
[2026-06-01 11:54:26] ============================================================
[2026-06-01 11:54:26]   Replacement: apple→strawberry (red/red) at L6...
[2026-06-01 11:54:31]     full_dir=0.0625, attn_inject=0.0312, mlp_inject=-0.0312
[2026-06-01 11:54:31]   Replacement: sky→ocean (blue/blue) at L6...
[2026-06-01 11:54:36]     full_dir=0.0625, attn_inject=0.1875, mlp_inject=0.1719
[2026-06-01 11:54:36]   Replacement: fire→stove (hot/hot) at L6...
[2026-06-01 11:54:42]     full_dir=-0.2188, attn_inject=-0.2500, mlp_inject=0.0000
[2026-06-01 11:54:42]   Replacement: ice→frost (cold/cold) at L6...
[2026-06-01 11:54:47]     full_dir=0.0156, attn_inject=0.0000, mlp_inject=0.0781
[2026-06-01 11:54:47] 
============================================================
[2026-06-01 11:54:47] Test 4: Cluster Readout Analysis
[2026-06-01 11:54:47] ============================================================
[2026-06-01 11:54:50]     apple→red: target_delta=-0.1787, competitor_delta=-0.1595, object_delta=-0.2007, specificity=-0.0192
[2026-06-01 11:54:52]     sky→blue: target_delta=-0.0024, competitor_delta=-0.0388, object_delta=-0.0508, specificity=0.0363
[2026-06-01 11:54:55]     fire→hot: target_delta=-0.3385, competitor_delta=-0.3892, object_delta=-0.3457, specificity=0.0506
[2026-06-01 11:55:03] 
============================================================
[2026-06-01 11:55:03] Test 5: Component Sensitivity (How does injection affect attn/mlp?)
[2026-06-01 11:55:03] ============================================================
[2026-06-01 11:55:06]     L3→L4: attn_sens=0.3168, mlp_sens=0.8856
[2026-06-01 11:55:08]     L4→L5: attn_sens=0.1526, mlp_sens=0.5035
[2026-06-01 11:55:11]     L5→L6: attn_sens=0.2339, mlp_sens=0.9785
[2026-06-01 11:55:14]     L6→L7: attn_sens=0.5386, mlp_sens=1.2434
[2026-06-01 11:55:16]     L7→L8: attn_sens=0.2846, mlp_sens=1.0430
[2026-06-01 11:55:56] Results saved to results\phase323_path_decomp\deepseek7b_phase323.json
[2026-06-01 11:55:56] 
============================================================
[2026-06-01 11:55:56] PHASE 323 SUMMARY - deepseek7b
[2026-06-01 11:55:56] ============================================================
[2026-06-01 11:55:56] 
  Component Analysis:
[2026-06-01 11:55:56]     L3: attn_ratio=0.296, mlp_ratio=0.368, cos_attn_wu=0.0028, cos_mlp_wu=0.0118
[2026-06-01 11:55:56]     L4: attn_ratio=0.117, mlp_ratio=0.352, cos_attn_wu=-0.0004, cos_mlp_wu=0.0218
[2026-06-01 11:55:56]     L5: attn_ratio=0.114, mlp_ratio=0.226, cos_attn_wu=-0.0066, cos_mlp_wu=0.0044
[2026-06-01 11:55:56]     L6: attn_ratio=0.150, mlp_ratio=0.467, cos_attn_wu=-0.0053, cos_mlp_wu=0.0172
[2026-06-01 11:55:56]     L7: attn_ratio=0.161, mlp_ratio=0.498, cos_attn_wu=-0.0080, cos_mlp_wu=0.0338
[2026-06-01 11:55:56] 
  Ablation Results:
[2026-06-01 11:55:56]     full_delta=-0.1146, attn_importance=-0.5573, mlp_importance=4.1615
[2026-06-01 11:55:56] 
  Cluster Readout:
[2026-06-01 11:55:56]     target_cluster_delta=-0.1215
[2026-06-01 11:55:56]     competitor_cluster_delta=-0.1483
[2026-06-01 11:55:56]     object_cluster_delta=-0.1439
[2026-06-01 11:55:56]     specificity=0.0268
[2026-06-01 11:55:57] Model deepseek7b released. Total time: 178.6s
