[2026-06-01 07:41:38] === Phase 319: Baseline Control for deepseek7b ===
[2026-06-01 07:41:40] Loading deepseek7b (bf16 + device_map=auto + flash_attention_2)...
[2026-06-01 07:41:42]   flash_attention_2 failed (FlashAttention2 has been toggled on, but it cannot be used due to the following error: the package flash_attn seems to be not installed. Please refer to the documentation of https://huggingface.co/docs/transformers/perf_infer_gpu_one#flashattention-2 to install Flash Attention 2.), falling back to sdpa
[2026-06-01 07:41:52]   Loaded with sdpa
[2026-06-01 07:41:52]   Model: Qwen2ForCausalLM, device=cuda:0, GPU=9.01GB
[2026-06-01 07:41:52]   Layer allocation: GPU=0, CPU=14 components
[2026-06-01 07:41:52]   n_layers=28, d_model=3584, class=Qwen2ForCausalLM
[2026-06-01 07:41:52]   Load time: 14.2s
[2026-06-01 07:41:52]   Target layers: [4, 8, 12, 16, 26]
[2026-06-01 07:41:52]   Total unique items: 527
[2026-06-01 07:41:52] Extracting representations...
[2026-06-01 07:42:18]     All Extracted 30/527, GPU=9.02GB
[2026-06-01 07:42:38]     All Extracted 60/527, GPU=9.02GB
[2026-06-01 07:42:58]     All Extracted 90/527, GPU=9.02GB
[2026-06-01 07:43:17]     All Extracted 120/527, GPU=9.02GB
[2026-06-01 07:43:37]     All Extracted 150/527, GPU=9.02GB
[2026-06-01 07:43:57]     All Extracted 180/527, GPU=9.02GB
[2026-06-01 07:44:17]     All Extracted 210/527, GPU=9.02GB
[2026-06-01 07:44:37]     All Extracted 240/527, GPU=9.02GB
[2026-06-01 07:44:56]     All Extracted 270/527, GPU=9.02GB
[2026-06-01 07:45:16]     All Extracted 300/527, GPU=9.02GB
[2026-06-01 07:45:36]     All Extracted 330/527, GPU=9.02GB
[2026-06-01 07:45:56]     All Extracted 360/527, GPU=9.02GB
[2026-06-01 07:46:16]     All Extracted 390/527, GPU=9.02GB
[2026-06-01 07:46:36]     All Extracted 420/527, GPU=9.02GB
[2026-06-01 07:46:56]     All Extracted 450/527, GPU=9.02GB
[2026-06-01 07:47:16]     All Extracted 480/527, GPU=9.02GB
[2026-06-01 07:47:36]     All Extracted 510/527, GPU=9.02GB
[2026-06-01 07:47:47]     All Extracted 527/527, GPU=9.02GB
[2026-06-01 07:47:47]   Extraction time: 354.9s, cached 2635 representations
[2026-06-01 07:47:47] 
Running Part A: Random Baseline...
[2026-06-01 07:47:47] 
--- Part A: Random Baseline Analysis ---
[2026-06-01 07:47:47]   random_mixed/L4: dim@80=19, top1=0.100, LOO_cos=0.616, pair_cos=0.2567, norm_mean=53.79
[2026-06-01 07:47:47]   random_mixed/L8: dim@80=18, top1=0.110, LOO_cos=0.622, pair_cos=0.2376, norm_mean=89.88
[2026-06-01 07:47:47]   random_mixed/L12: dim@80=18, top1=0.115, LOO_cos=0.638, pair_cos=0.2498, norm_mean=112.94
[2026-06-01 07:47:47]   random_mixed/L16: dim@80=18, top1=0.116, LOO_cos=0.661, pair_cos=0.2714, norm_mean=136.16
[2026-06-01 07:47:47]   random_mixed/L26: dim@80=17, top1=0.142, LOO_cos=0.674, pair_cos=0.2644, norm_mean=379.01
[2026-06-01 07:47:47]   random_noun_noun/L4: dim@80=18, top1=0.113, LOO_cos=0.567, pair_cos=0.1383, norm_mean=45.90
[2026-06-01 07:47:47]   random_noun_noun/L8: dim@80=17, top1=0.133, LOO_cos=0.616, pair_cos=0.1719, norm_mean=76.81
[2026-06-01 07:47:48]   random_noun_noun/L12: dim@80=17, top1=0.139, LOO_cos=0.632, pair_cos=0.1871, norm_mean=99.78
[2026-06-01 07:47:48]   random_noun_noun/L16: dim@80=17, top1=0.147, LOO_cos=0.650, pair_cos=0.2048, norm_mean=121.07
[2026-06-01 07:47:48]   random_noun_noun/L26: dim@80=17, top1=0.150, LOO_cos=0.652, pair_cos=0.1712, norm_mean=323.22
[2026-06-01 07:47:48]   random_adj_adj/L4: dim@80=19, top1=0.103, LOO_cos=0.462, pair_cos=0.0372, norm_mean=49.25
[2026-06-01 07:47:48]   random_adj_adj/L8: dim@80=18, top1=0.133, LOO_cos=0.501, pair_cos=0.0245, norm_mean=83.32
[2026-06-01 07:47:48]   random_adj_adj/L12: dim@80=18, top1=0.142, LOO_cos=0.521, pair_cos=0.0194, norm_mean=102.61
[2026-06-01 07:47:48]   random_adj_adj/L16: dim@80=18, top1=0.133, LOO_cos=0.543, pair_cos=0.0217, norm_mean=124.06
[2026-06-01 07:47:48]   random_adj_adj/L26: dim@80=17, top1=0.135, LOO_cos=0.571, pair_cos=0.0169, norm_mean=345.31
[2026-06-01 07:47:48] 
Running Part B: Template Control...
[2026-06-01 07:47:48] 
--- Part B: Multi-Template Consistency ---
[2026-06-01 07:47:48]   same_class t1 vs t2: mean_cos=0.119, median=0.120, frac>0.3=0.00, frac>0.5=0.00
[2026-06-01 07:47:48]   same_class t1 vs t3: mean_cos=0.101, median=0.094, frac>0.3=0.00, frac>0.5=0.00
[2026-06-01 07:47:48]   same_class t2 vs t3: mean_cos=0.862, median=0.871, frac>0.3=1.00, frac>0.5=1.00
[2026-06-01 07:47:48]   attribute t1 vs t2: mean_cos=0.115, median=0.122, frac>0.3=0.00, frac>0.5=0.00
[2026-06-01 07:47:48]   attribute t1 vs t3: mean_cos=0.104, median=0.118, frac>0.3=0.00, frac>0.5=0.00
[2026-06-01 07:47:48]   attribute t2 vs t3: mean_cos=0.897, median=0.905, frac>0.3=1.00, frac>0.5=1.00
[2026-06-01 07:47:48]   function t1 vs t2: mean_cos=0.138, median=0.141, frac>0.3=0.00, frac>0.5=0.00
[2026-06-01 07:47:48]   function t1 vs t3: mean_cos=0.124, median=0.111, frac>0.3=0.00, frac>0.5=0.00
[2026-06-01 07:47:48]   function t2 vs t3: mean_cos=0.875, median=0.885, frac>0.3=1.00, frac>0.5=1.00
[2026-06-01 07:47:48]   antonym t1 vs t2: mean_cos=0.095, median=0.091, frac>0.3=0.00, frac>0.5=0.00
[2026-06-01 07:47:48]   antonym t1 vs t3: mean_cos=0.084, median=0.085, frac>0.3=0.00, frac>0.5=0.00
[2026-06-01 07:47:48]   antonym t2 vs t3: mean_cos=0.862, median=0.864, frac>0.3=1.00, frac>0.5=1.00
[2026-06-01 07:47:48] 
Running Part C: Negation Token Control...
[2026-06-01 07:47:48] 
--- Part C: Negation Token Control ---
[2026-06-01 07:47:48]   not/L4: dim@80=10, LOO_cos=0.921, pair_cos=0.7570, norm_mean=19.56
[2026-06-01 07:47:48]   not/L8: dim@80=10, LOO_cos=0.825, pair_cos=0.5092, norm_mean=53.98
[2026-06-01 07:47:48]   not/L12: dim@80=11, LOO_cos=0.736, pair_cos=0.3620, norm_mean=70.88
[2026-06-01 07:47:48]   not/L16: dim@80=12, LOO_cos=0.689, pair_cos=0.3003, norm_mean=93.03
[2026-06-01 07:47:48]   not/L26: dim@80=11, LOO_cos=0.756, pair_cos=0.3790, norm_mean=248.12
[2026-06-01 07:47:48]   never/L4: dim@80=10, LOO_cos=0.929, pair_cos=0.7943, norm_mean=22.04
[2026-06-01 07:47:48]   never/L8: dim@80=11, LOO_cos=0.841, pair_cos=0.5642, norm_mean=58.64
[2026-06-01 07:47:48]   never/L12: dim@80=11, LOO_cos=0.749, pair_cos=0.4018, norm_mean=77.30
[2026-06-01 07:47:48]   never/L16: dim@80=12, LOO_cos=0.693, pair_cos=0.3184, norm_mean=99.85
[2026-06-01 07:47:48]   never/L26: dim@80=11, LOO_cos=0.763, pair_cos=0.4172, norm_mean=270.53
[2026-06-01 07:47:48]   barely/L4: dim@80=12, LOO_cos=0.911, pair_cos=0.7838, norm_mean=18.27
[2026-06-01 07:47:48]   barely/L8: dim@80=11, LOO_cos=0.848, pair_cos=0.6010, norm_mean=48.83
[2026-06-01 07:47:48]   barely/L12: dim@80=12, LOO_cos=0.774, pair_cos=0.4825, norm_mean=68.12
[2026-06-01 07:47:48]   barely/L16: dim@80=12, LOO_cos=0.736, pair_cos=0.4221, norm_mean=96.39
[2026-06-01 07:47:48]   barely/L26: dim@80=11, LOO_cos=0.810, pair_cos=0.5177, norm_mean=298.71
[2026-06-01 07:47:48]   morphological/L4: dim@80=12, LOO_cos=0.700, pair_cos=0.3411, norm_mean=24.32
[2026-06-01 07:47:48]   morphological/L8: dim@80=12, LOO_cos=0.728, pair_cos=0.3361, norm_mean=56.91
[2026-06-01 07:47:49]   morphological/L12: dim@80=12, LOO_cos=0.672, pair_cos=0.2743, norm_mean=72.05
[2026-06-01 07:47:49]   morphological/L16: dim@80=12, LOO_cos=0.638, pair_cos=0.2323, norm_mean=96.04
[2026-06-01 07:47:49]   morphological/L26: dim@80=11, LOO_cos=0.679, pair_cos=0.2660, norm_mean=244.49
[2026-06-01 07:47:49]   Negation not vs never: mean_cos=0.796, frac>0.3=1.00, frac>0.5=1.00
[2026-06-01 07:47:49]   Negation not vs barely: mean_cos=0.565, frac>0.3=1.00, frac>0.5=0.75
[2026-06-01 07:47:49]   Negation not vs morphological: mean_cos=0.694, frac>0.3=1.00, frac>0.5=0.95
[2026-06-01 07:47:49]   Negation never vs barely: mean_cos=0.527, frac>0.3=1.00, frac>0.5=0.70
[2026-06-01 07:47:49]   Negation never vs morphological: mean_cos=0.615, frac>0.3=1.00, frac>0.5=0.95
[2026-06-01 07:47:49]   Negation barely vs morphological: mean_cos=0.499, frac>0.3=0.95, frac>0.5=0.50
[2026-06-01 07:47:49]   L4 Negation not_vs_never: mean_angle=14.5deg, min_angle=0.0deg, mean_cos=0.926
[2026-06-01 07:47:49]   L4 Negation not_vs_barely: mean_angle=15.6deg, min_angle=0.0deg, mean_cos=0.932
[2026-06-01 07:47:49]   L4 Negation not_vs_morphological: mean_angle=33.3deg, min_angle=0.0deg, mean_cos=0.754
[2026-06-01 07:47:49]   L4 Negation never_vs_barely: mean_angle=16.9deg, min_angle=0.0deg, mean_cos=0.915
[2026-06-01 07:47:49]   L4 Negation never_vs_morphological: mean_angle=32.0deg, min_angle=0.0deg, mean_cos=0.768
[2026-06-01 07:47:49]   L4 Negation barely_vs_morphological: mean_angle=31.9deg, min_angle=0.0deg, mean_cos=0.778
[2026-06-01 07:47:49]   L8 Negation not_vs_never: mean_angle=12.9deg, min_angle=0.0deg, mean_cos=0.936
[2026-06-01 07:47:49]   L8 Negation not_vs_barely: mean_angle=16.5deg, min_angle=0.0deg, mean_cos=0.927
[2026-06-01 07:47:49]   L8 Negation not_vs_morphological: mean_angle=24.0deg, min_angle=0.0deg, mean_cos=0.842
[2026-06-01 07:47:49]   L8 Negation never_vs_barely: mean_angle=13.5deg, min_angle=0.0deg, mean_cos=0.951
[2026-06-01 07:47:49]   L8 Negation never_vs_morphological: mean_angle=24.6deg, min_angle=0.0deg, mean_cos=0.840
[2026-06-01 07:47:49]   L8 Negation barely_vs_morphological: mean_angle=22.9deg, min_angle=0.0deg, mean_cos=0.852
[2026-06-01 07:47:49]   L12 Negation not_vs_never: mean_angle=15.1deg, min_angle=0.0deg, mean_cos=0.893
[2026-06-01 07:47:49]   L12 Negation not_vs_barely: mean_angle=21.3deg, min_angle=0.0deg, mean_cos=0.857
[2026-06-01 07:47:49]   L12 Negation not_vs_morphological: mean_angle=27.5deg, min_angle=0.0deg, mean_cos=0.794
[2026-06-01 07:47:49]   L12 Negation never_vs_barely: mean_angle=21.0deg, min_angle=0.0deg, mean_cos=0.855
[2026-06-01 07:47:49]   L12 Negation never_vs_morphological: mean_angle=26.0deg, min_angle=0.0deg, mean_cos=0.814
[2026-06-01 07:47:49]   L12 Negation barely_vs_morphological: mean_angle=29.0deg, min_angle=0.0deg, mean_cos=0.781
[2026-06-01 07:47:49]   L16 Negation not_vs_never: mean_angle=15.5deg, min_angle=0.0deg, mean_cos=0.901
[2026-06-01 07:47:49]   L16 Negation not_vs_barely: mean_angle=23.8deg, min_angle=0.0deg, mean_cos=0.833
[2026-06-01 07:47:49]   L16 Negation not_vs_morphological: mean_angle=25.8deg, min_angle=0.0deg, mean_cos=0.822
[2026-06-01 07:47:49]   L16 Negation never_vs_barely: mean_angle=19.8deg, min_angle=0.0deg, mean_cos=0.875
[2026-06-01 07:47:49]   L16 Negation never_vs_morphological: mean_angle=24.0deg, min_angle=0.0deg, mean_cos=0.850
[2026-06-01 07:47:49]   L16 Negation barely_vs_morphological: mean_angle=28.0deg, min_angle=0.0deg, mean_cos=0.794
[2026-06-01 07:47:49]   L26 Negation not_vs_never: mean_angle=16.1deg, min_angle=0.0deg, mean_cos=0.909
[2026-06-01 07:47:49]   L26 Negation not_vs_barely: mean_angle=23.3deg, min_angle=0.0deg, mean_cos=0.834
[2026-06-01 07:47:49]   L26 Negation not_vs_morphological: mean_angle=25.5deg, min_angle=0.0deg, mean_cos=0.824
[2026-06-01 07:47:49]   L26 Negation never_vs_barely: mean_angle=24.3deg, min_angle=0.0deg, mean_cos=0.831
[2026-06-01 07:47:49]   L26 Negation never_vs_morphological: mean_angle=25.6deg, min_angle=0.0deg, mean_cos=0.825
[2026-06-01 07:47:49]   L26 Negation barely_vs_morphological: mean_angle=23.0deg, min_angle=0.0deg, mean_cos=0.862
[2026-06-01 07:47:49] Results saved to results\phase319_control\deepseek7b_phase319.json
[2026-06-01 07:47:49] 
======================================================================
[2026-06-01 07:47:49] PHASE 319 SUMMARY - deepseek7b
[2026-06-01 07:47:49] ======================================================================
[2026-06-01 07:47:49] 
--- Part A: Random Baseline vs Phase 318 (deepest layer) ---
[2026-06-01 07:47:49] Group                dim@80   top1%    LOO_cos   pair_cos  
[2026-06-01 07:47:49] random_mixed         17       0.142   0.674   0.2644
[2026-06-01 07:47:49] random_noun_noun     17       0.150   0.652   0.1712
[2026-06-01 07:47:49] random_adj_adj       17       0.135   0.571   0.0169
[2026-06-01 07:47:49] 
  Phase 318 reference (deepest layer):
[2026-06-01 07:47:49]   same_class           18-19    0.07-0.11 0.43-0.50 0.002-0.023
[2026-06-01 07:47:49]   antonym              16-18    0.14-0.16 0.51-0.62 0.008-0.032
[2026-06-01 07:47:49]   weak_negation        14-20    0.12-0.20 0.67-0.83 0.27-0.66 
[2026-06-01 07:47:49] 
--- Part B: Cross-Template Direction Consistency ---
[2026-06-01 07:47:49]   same_class t1_vs_t2: mean_cos=0.119, median=0.120, frac>0.3=0.00, frac>0.5=0.00
[2026-06-01 07:47:49]   same_class t1_vs_t3: mean_cos=0.101, median=0.094, frac>0.3=0.00, frac>0.5=0.00
[2026-06-01 07:47:49]   same_class t2_vs_t3: mean_cos=0.862, median=0.871, frac>0.3=1.00, frac>0.5=1.00
[2026-06-01 07:47:49]   attribute t1_vs_t2: mean_cos=0.115, median=0.122, frac>0.3=0.00, frac>0.5=0.00
[2026-06-01 07:47:49]   attribute t1_vs_t3: mean_cos=0.104, median=0.118, frac>0.3=0.00, frac>0.5=0.00
[2026-06-01 07:47:49]   attribute t2_vs_t3: mean_cos=0.897, median=0.905, frac>0.3=1.00, frac>0.5=1.00
[2026-06-01 07:47:49]   function t1_vs_t2: mean_cos=0.138, median=0.141, frac>0.3=0.00, frac>0.5=0.00
[2026-06-01 07:47:49]   function t1_vs_t3: mean_cos=0.124, median=0.111, frac>0.3=0.00, frac>0.5=0.00
[2026-06-01 07:47:49]   function t2_vs_t3: mean_cos=0.875, median=0.885, frac>0.3=1.00, frac>0.5=1.00
[2026-06-01 07:47:49]   antonym t1_vs_t2: mean_cos=0.095, median=0.091, frac>0.3=0.00, frac>0.5=0.00
[2026-06-01 07:47:49]   antonym t1_vs_t3: mean_cos=0.084, median=0.085, frac>0.3=0.00, frac>0.5=0.00
[2026-06-01 07:47:49]   antonym t2_vs_t3: mean_cos=0.862, median=0.864, frac>0.3=1.00, frac>0.5=1.00
[2026-06-01 07:47:49] 
--- Part C: Negation Token Control ---
[2026-06-01 07:47:49]   not_vs_never: mean_cos=0.796, frac>0.3=1.00, frac>0.5=1.00
[2026-06-01 07:47:49]   not_vs_barely: mean_cos=0.565, frac>0.3=1.00, frac>0.5=0.75
[2026-06-01 07:47:49]   not_vs_morphological: mean_cos=0.694, frac>0.3=1.00, frac>0.5=0.95
[2026-06-01 07:47:49]   never_vs_barely: mean_cos=0.527, frac>0.3=1.00, frac>0.5=0.70
[2026-06-01 07:47:49]   never_vs_morphological: mean_cos=0.615, frac>0.3=1.00, frac>0.5=0.95
[2026-06-01 07:47:49]   barely_vs_morphological: mean_cos=0.499, frac>0.3=0.95, frac>0.5=0.50
[2026-06-01 07:47:49]   L12 not_vs_never: mean_angle=15.1deg, mean_cos=0.893
[2026-06-01 07:47:49]   L12 not_vs_barely: mean_angle=21.3deg, mean_cos=0.857
[2026-06-01 07:47:49]   L12 not_vs_morphological: mean_angle=27.5deg, mean_cos=0.794
[2026-06-01 07:47:49]   L12 never_vs_barely: mean_angle=21.0deg, mean_cos=0.855
[2026-06-01 07:47:49]   L12 never_vs_morphological: mean_angle=26.0deg, mean_cos=0.814
[2026-06-01 07:47:49]   L12 barely_vs_morphological: mean_angle=29.0deg, mean_cos=0.781
[2026-06-01 07:47:49]   L16 not_vs_never: mean_angle=15.5deg, mean_cos=0.901
[2026-06-01 07:47:49]   L16 not_vs_barely: mean_angle=23.8deg, mean_cos=0.833
[2026-06-01 07:47:49]   L16 not_vs_morphological: mean_angle=25.8deg, mean_cos=0.822
[2026-06-01 07:47:49]   L16 never_vs_barely: mean_angle=19.8deg, mean_cos=0.875
[2026-06-01 07:47:49]   L16 never_vs_morphological: mean_angle=24.0deg, mean_cos=0.850
[2026-06-01 07:47:49]   L16 barely_vs_morphological: mean_angle=28.0deg, mean_cos=0.794
[2026-06-01 07:47:49]   L26 not_vs_never: mean_angle=16.1deg, mean_cos=0.909
[2026-06-01 07:47:49]   L26 not_vs_barely: mean_angle=23.3deg, mean_cos=0.834
[2026-06-01 07:47:49]   L26 not_vs_morphological: mean_angle=25.5deg, mean_cos=0.824
[2026-06-01 07:47:49]   L26 never_vs_barely: mean_angle=24.3deg, mean_cos=0.831
[2026-06-01 07:47:49]   L26 never_vs_morphological: mean_angle=25.6deg, mean_cos=0.825
[2026-06-01 07:47:49]   L26 barely_vs_morphological: mean_angle=23.0deg, mean_cos=0.862
[2026-06-01 07:47:49]   L4 not_vs_never: mean_angle=14.5deg, mean_cos=0.926
[2026-06-01 07:47:49]   L4 not_vs_barely: mean_angle=15.6deg, mean_cos=0.932
[2026-06-01 07:47:49]   L4 not_vs_morphological: mean_angle=33.3deg, mean_cos=0.754
[2026-06-01 07:47:49]   L4 never_vs_barely: mean_angle=16.9deg, mean_cos=0.915
[2026-06-01 07:47:49]   L4 never_vs_morphological: mean_angle=32.0deg, mean_cos=0.768
[2026-06-01 07:47:49]   L4 barely_vs_morphological: mean_angle=31.9deg, mean_cos=0.778
[2026-06-01 07:47:49]   L8 not_vs_never: mean_angle=12.9deg, mean_cos=0.936
[2026-06-01 07:47:49]   L8 not_vs_barely: mean_angle=16.5deg, mean_cos=0.927
[2026-06-01 07:47:49]   L8 not_vs_morphological: mean_angle=24.0deg, mean_cos=0.842
[2026-06-01 07:47:49]   L8 never_vs_barely: mean_angle=13.5deg, mean_cos=0.951
[2026-06-01 07:47:49]   L8 never_vs_morphological: mean_angle=24.6deg, mean_cos=0.840
[2026-06-01 07:47:49]   L8 barely_vs_morphological: mean_angle=22.9deg, mean_cos=0.852
[2026-06-01 07:47:50] Model deepseek7b released.
