[2026-05-31 20:22:58] === Phase 315-R2: Confirmation for glm4 ===
[2026-05-31 20:22:59] Loading glm4 (bf16 + device_map=auto + sdpa)...
[2026-05-31 20:23:10] Model loaded: GlmForCausalLM, device=cuda:0, GPU=8.99GB
[2026-05-31 20:23:10] Model: n_layers=40, d_model=4096
[2026-05-31 20:23:10] ============================================================
[2026-05-31 20:23:10] TEST 1: Attribute Context Activation Confirmation (50+ pairs)
[2026-05-31 20:23:10] ============================================================
[2026-05-31 20:29:03] === Phase 315-R2: Confirmation for glm4 ===
[2026-05-31 20:29:05] Loading glm4 (bf16 + device_map=auto + sdpa)...
[2026-05-31 20:29:13] Model loaded: GlmForCausalLM, device=cuda:0, GPU=8.99GB
[2026-05-31 20:29:13] Model: n_layers=40, d_model=4096
[2026-05-31 20:29:13] ============================================================
[2026-05-31 20:29:13] TEST 1: Attribute Context Activation Confirmation (50+ pairs)
[2026-05-31 20:29:13] ============================================================
[2026-05-31 20:35:14]   L2: static=0.040(r=0.82), attr_fill=0.745(r=0.04), random=0.033, n_attr=62
[2026-05-31 20:41:08]   L6: static=0.190(r=0.90), attr_fill=0.760(r=0.22), random=0.170, n_attr=62
[2026-05-31 20:46:51]   L12: static=0.277(r=1.10), attr_fill=0.684(r=0.44), random=0.304, n_attr=62
[2026-05-31 20:52:30]   L18: static=0.190(r=0.94), attr_fill=0.557(r=0.32), random=0.178, n_attr=62
[2026-05-31 20:58:08]   L24: static=0.125(r=0.88), attr_fill=0.545(r=0.20), random=0.110, n_attr=62
[2026-05-31 20:58:08] Test 1 completed in 1735.3s
[2026-05-31 20:58:08] ============================================================
[2026-05-31 20:58:08] TEST 2: Function Template Comparison
[2026-05-31 20:58:08] ============================================================
[2026-05-31 20:59:44]   L2 static: dist=0.031, random=0.034, ratio=1.09
[2026-05-31 21:01:21]   L2 function_designed: dist=0.019, random=0.025, ratio=1.31
[2026-05-31 21:03:00]   L2 function_purpose: dist=0.039, random=0.037, ratio=0.96
[2026-05-31 21:04:38]   L2 function_using: dist=0.010, random=0.011, ratio=1.08
[2026-05-31 21:06:15]   L2 function_tool: dist=0.010, random=0.012, ratio=1.19
[2026-05-31 21:07:57]   L6 static: dist=0.170, random=0.168, ratio=0.99
[2026-05-31 21:09:36]   L6 function_designed: dist=0.124, random=0.132, ratio=1.06
[2026-05-31 21:11:18]   L6 function_purpose: dist=0.079, random=0.076, ratio=0.97
[2026-05-31 21:12:59]   L6 function_using: dist=0.060, random=0.054, ratio=0.90
[2026-05-31 21:14:41]   L6 function_tool: dist=0.051, random=0.060, ratio=1.18
[2026-05-31 21:16:23]   L12 static: dist=0.271, random=0.307, ratio=1.13
[2026-05-31 21:18:04]   L12 function_designed: dist=0.306, random=0.366, ratio=1.20
[2026-05-31 21:19:45]   L12 function_purpose: dist=0.315, random=0.333, ratio=1.06
[2026-05-31 21:21:26]   L12 function_using: dist=0.215, random=0.237, ratio=1.11
[2026-05-31 21:23:06]   L12 function_tool: dist=0.217, random=0.313, ratio=1.44
[2026-05-31 21:23:06] Test 2 completed in 1498.4s
[2026-05-31 21:23:06] ============================================================
[2026-05-31 21:23:06] TEST 3: Negation Direction Causal Test
[2026-05-31 21:23:07] ============================================================
[2026-05-31 21:23:07] Inject layer: 12, Read layers: [6, 12, 18, 24, 38]
[2026-05-31 21:23:07] 
  Positive: 'they were very happy about it'
[2026-05-31 21:23:07]   Negative: 'they were not happy about it'
[2026-05-31 21:23:09]   Negation direction norm: 2.140554
[2026-05-31 21:23:12]     L6: delta_norm=0.000, neg_top=('not', 0.0), pos_top=('happy', 0.0)
[2026-05-31 21:23:14]     L12: delta_norm=2.141, neg_top=('unhappy', 0.0357288122177124), pos_top=('glad', 0.03590870276093483)
[2026-05-31 21:23:17]     L18: delta_norm=3.067, neg_top=('disappointed', 0.0545194149017334), pos_top=('joyful', 0.02935606800019741)
[2026-05-31 21:23:19]     L24: delta_norm=4.806, neg_top=('disappointed', 0.10182952135801315), pos_top=('happy', 0.07640442252159119)
[2026-05-31 21:23:21]     L38: delta_norm=25.452, neg_top=('sad', 0.32722941040992737), pos_top=('happy', 0.25330090522766113)
[2026-05-31 21:23:21] 
  Positive: 'the result was very good'
[2026-05-31 21:23:21]   Negative: 'the result was not good'
[2026-05-31 21:23:24]   Negation direction norm: 3.069328
[2026-05-31 21:23:26]     L6: delta_norm=0.000, neg_top=('not', 0.0), pos_top=('good', 0.0)
[2026-05-31 21:23:28]     L12: delta_norm=3.069, neg_top=('bad', 0.039277490228414536), pos_top=('excellent', 0.09310358017683029)
[2026-05-31 21:23:31]     L18: delta_norm=5.394, neg_top=('bad', 0.20021627843379974), pos_top=('excellent', 0.10270660370588303)
[2026-05-31 21:23:33]     L24: delta_norm=11.926, neg_top=('bad', 0.15213704109191895), pos_top=('positive', -0.23667901754379272)
[2026-05-31 21:23:35]     L38: delta_norm=64.068, neg_top=('negative', -1.0735859870910645), pos_top=('great', -2.0688486099243164)
[2026-05-31 21:23:35] 
  Positive: 'the place was very safe'
[2026-05-31 21:23:35]   Negative: 'the place was not safe'
[2026-05-31 21:23:38]   Negation direction norm: 3.242290
[2026-05-31 21:23:40]     L6: delta_norm=0.000, neg_top=('not', 0.0), pos_top=('safe', 0.0)
[2026-05-31 21:23:42]     L12: delta_norm=3.242, neg_top=('risky', 0.06913153827190399), pos_top=('protected', -0.07126401364803314)
[2026-05-31 21:23:45]     L18: delta_norm=5.305, neg_top=('unsafe', 0.13232776522636414), pos_top=('protected', -0.04694443941116333)
[2026-05-31 21:23:47]     L24: delta_norm=11.320, neg_top=('not', 0.18940874934196472), pos_top=('protected', -0.33781448006629944)
[2026-05-31 21:23:49]     L38: delta_norm=56.560, neg_top=('unsafe', 1.4034231901168823), pos_top=('secure', -0.5099552869796753)
[2026-05-31 21:23:49] 
  Positive: 'the task was very possible'
[2026-05-31 21:23:49]   Negative: 'the task was not possible'
[2026-05-31 21:23:52]   Negation direction norm: 3.673779
[2026-05-31 21:23:54]     L6: delta_norm=0.000, neg_top=('not', 0.0), pos_top=('possible', 0.0)
[2026-05-31 21:23:56]     L12: delta_norm=3.674, neg_top=('not', -0.03542827069759369), pos_top=('possible', 0.020238973200321198)
[2026-05-31 21:23:59]     L18: delta_norm=6.362, neg_top=('impossible', 0.12449730187654495), pos_top=('feasible', 0.03787431865930557)
[2026-05-31 21:24:01]     L24: delta_norm=14.561, neg_top=('unfeasible', -0.07350648194551468), pos_top=('possible', -0.18523117899894714)
[2026-05-31 21:24:03]     L38: delta_norm=72.262, neg_top=('impossible', 1.1198612451553345), pos_top=('achievable', -2.023545026779175)
[2026-05-31 21:24:03] 
  Positive: 'the room was very clean'
[2026-05-31 21:24:03]   Negative: 'the room was not clean'
[2026-05-31 21:24:06]   Negation direction norm: 2.900230
[2026-05-31 21:24:08]     L6: delta_norm=0.000, neg_top=('not', 0.0), pos_top=('clean', 0.0)
[2026-05-31 21:24:10]     L12: delta_norm=2.900, neg_top=('not', 0.037748783826828), pos_top=('tidy', 0.08707088977098465)
[2026-05-31 21:24:13]     L18: delta_norm=4.982, neg_top=('messy', -0.054108452051877975), pos_top=('tidy', 0.15776090323925018)
[2026-05-31 21:24:15]     L24: delta_norm=10.499, neg_top=('not', 0.1621539294719696), pos_top=('neat', 0.1299174278974533)
[2026-05-31 21:24:18]     L38: delta_norm=57.719, neg_top=('dirty', 1.4065378904342651), pos_top=('clean', 1.7879905700683594)
[2026-05-31 21:24:18] Test 3 completed in 71.3s
[2026-05-31 21:24:18] Results saved to results\phase315r2_confirm\glm4_confirm.json
[2026-05-31 21:24:18] 
======================================================================
[2026-05-31 21:24:18] PHASE 315-R2 SUMMARY - glm4
[2026-05-31 21:24:18] ======================================================================
[2026-05-31 21:24:18] 
Test 1: Attribute Confirmation
[2026-05-31 21:24:18]   L2: static_ratio=0.82, attr_fill_ratio=0.04 (n_attr=62, n_random=32)
[2026-05-31 21:24:18]   L6: static_ratio=0.90, attr_fill_ratio=0.22 (n_attr=62, n_random=32)
[2026-05-31 21:24:18]   L12: static_ratio=1.10, attr_fill_ratio=0.44 (n_attr=62, n_random=32)
[2026-05-31 21:24:18]   L18: static_ratio=0.94, attr_fill_ratio=0.32 (n_attr=62, n_random=32)
[2026-05-31 21:24:18]   L24: static_ratio=0.88, attr_fill_ratio=0.20 (n_attr=62, n_random=32)
[2026-05-31 21:24:18] 
Test 2: Function Templates
[2026-05-31 21:24:18]   L2 static: ratio=1.09
[2026-05-31 21:24:18]   L2 function_designed: ratio=1.31
[2026-05-31 21:24:18]   L2 function_purpose: ratio=0.96
[2026-05-31 21:24:18]   L2 function_using: ratio=1.08
[2026-05-31 21:24:18]   L2 function_tool: ratio=1.19
[2026-05-31 21:24:18]   L6 static: ratio=0.99
[2026-05-31 21:24:18]   L6 function_designed: ratio=1.06
[2026-05-31 21:24:18]   L6 function_purpose: ratio=0.97
[2026-05-31 21:24:18]   L6 function_using: ratio=0.90
[2026-05-31 21:24:18]   L6 function_tool: ratio=1.18
[2026-05-31 21:24:18]   L12 static: ratio=1.13
[2026-05-31 21:24:18]   L12 function_designed: ratio=1.20
[2026-05-31 21:24:18]   L12 function_purpose: ratio=1.06
[2026-05-31 21:24:18]   L12 function_using: ratio=1.11
[2026-05-31 21:24:18]   L12 function_tool: ratio=1.44
[2026-05-31 21:24:18] 
Test 3: Negation Causal
[2026-05-31 21:24:18]   'they were very happy about it': neg_dir_norm=2.1406
[2026-05-31 21:24:18]     L6: neg_top=not(0.00x)
[2026-05-31 21:24:18]     L12: neg_top=unhappy(1.53x)
[2026-05-31 21:24:18]     L18: neg_top=disappointed(2.10x)
[2026-05-31 21:24:18]     L24: neg_top=disappointed(2.08x)
[2026-05-31 21:24:18]     L38: neg_top=sad(1.06x)
[2026-05-31 21:24:18]   'the result was very good': neg_dir_norm=3.0693
[2026-05-31 21:24:18]     L6: neg_top=not(0.00x)
[2026-05-31 21:24:18]     L12: neg_top=bad(1.26x)
[2026-05-31 21:24:18]     L18: neg_top=bad(3.33x)
[2026-05-31 21:24:18]     L24: neg_top=bad(1.15x)
[2026-05-31 21:24:18]     L38: neg_top=negative(1.42x)
[2026-05-31 21:24:18]   'the place was very safe': neg_dir_norm=3.2423
[2026-05-31 21:24:18]     L6: neg_top=not(0.00x)
[2026-05-31 21:24:18]     L12: neg_top=risky(1.67x)
[2026-05-31 21:24:18]     L18: neg_top=unsafe(2.47x)
[2026-05-31 21:24:18]     L24: neg_top=not(1.33x)
[2026-05-31 21:24:18]     L38: neg_top=unsafe(2.38x)
[2026-05-31 21:24:18]   'the task was very possible': neg_dir_norm=3.6738
[2026-05-31 21:24:18]     L6: neg_top=not(0.00x)
[2026-05-31 21:24:18]     L12: neg_top=not(0.75x)
[2026-05-31 21:24:18]     L18: neg_top=impossible(1.90x)
[2026-05-31 21:24:18]     L24: neg_top=unfeasible(0.54x)
[2026-05-31 21:24:18]     L38: neg_top=impossible(1.25x)
[2026-05-31 21:24:18]   'the room was very clean': neg_dir_norm=2.9002
[2026-05-31 21:24:18]     L6: neg_top=not(0.00x)
[2026-05-31 21:24:18]     L12: neg_top=not(1.66x)
[2026-05-31 21:24:18]     L18: neg_top=messy(1.25x)
[2026-05-31 21:24:18]     L24: neg_top=not(1.76x)
[2026-05-31 21:24:18]     L38: neg_top=dirty(2.64x)
[2026-05-31 21:24:18] Model glm4 released.
