[2026-06-01 07:51:41] === Phase 319b: Relation-Specific Templates for glm4 ===
[2026-06-01 07:51:43] Loading glm4 (bf16 + device_map=auto + flash_attention_2)...
[2026-06-01 07:51:44]   flash_attention_2 failed, falling back to sdpa
[2026-06-01 07:51:54]   Loaded with sdpa
[2026-06-01 07:51:54]   Model: GlmForCausalLM, device=cuda:0, GPU=8.99GB
[2026-06-01 07:51:54]   Layer allocation: GPU=0, CPU=24 components
[2026-06-01 07:51:54]   n_layers=40, d_model=4096, class=GlmForCausalLM
[2026-06-01 07:51:54]   Load time: 12.4s
[2026-06-01 07:51:54]   Target layers: [6, 12, 18, 24, 38]
[2026-06-01 07:51:54]   Total unique items: 472
[2026-06-01 07:51:54] Extracting representations...
[2026-06-01 07:52:35]     All Extracted 30/472, GPU=9.00GB
[2026-06-01 07:53:07]     All Extracted 60/472, GPU=9.00GB
[2026-06-01 07:53:39]     All Extracted 90/472, GPU=9.00GB
[2026-06-01 07:54:11]     All Extracted 120/472, GPU=9.00GB
[2026-06-01 07:54:43]     All Extracted 150/472, GPU=9.00GB
[2026-06-01 07:55:15]     All Extracted 180/472, GPU=9.00GB
[2026-06-01 07:55:47]     All Extracted 210/472, GPU=9.00GB
[2026-06-01 07:56:19]     All Extracted 240/472, GPU=9.00GB
[2026-06-01 07:56:51]     All Extracted 270/472, GPU=9.00GB
[2026-06-01 07:57:23]     All Extracted 300/472, GPU=9.00GB
[2026-06-01 07:57:55]     All Extracted 330/472, GPU=9.00GB
[2026-06-01 07:58:27]     All Extracted 360/472, GPU=9.00GB
[2026-06-01 07:58:59]     All Extracted 390/472, GPU=9.00GB
[2026-06-01 07:59:31]     All Extracted 420/472, GPU=9.00GB
[2026-06-01 08:00:04]     All Extracted 450/472, GPU=9.00GB
[2026-06-01 08:00:28]     All Extracted 472/472, GPU=9.00GB
[2026-06-01 08:00:28]   Extraction time: 514.0s
[2026-06-01 08:00:28] 
Running relation-specific template analysis...
[2026-06-01 08:00:28]   same_class/neutral/L6: dim@80=14, LOO_cos=0.333, pair_cos=0.0068, norm_mean=0.73
[2026-06-01 08:00:28]   same_class/neutral/L12: dim@80=14, LOO_cos=0.338, pair_cos=0.0164, norm_mean=1.85
[2026-06-01 08:00:28]   same_class/neutral/L18: dim@80=13, LOO_cos=0.391, pair_cos=0.0111, norm_mean=3.21
[2026-06-01 08:00:28]   same_class/neutral/L24: dim@80=13, LOO_cos=0.442, pair_cos=0.0182, norm_mean=6.86
[2026-06-01 08:00:28]   same_class/neutral/L38: dim@80=12, LOO_cos=0.451, pair_cos=0.0168, norm_mean=54.01
[2026-06-01 08:00:28]   same_class/specific/L6: dim@80=13, LOO_cos=0.395, pair_cos=0.0220, norm_mean=0.43
[2026-06-01 08:00:28]   same_class/specific/L12: dim@80=14, LOO_cos=0.360, pair_cos=0.0237, norm_mean=1.28
[2026-06-01 08:00:28]   same_class/specific/L18: dim@80=13, LOO_cos=0.414, pair_cos=0.0128, norm_mean=2.55
[2026-06-01 08:00:28]   same_class/specific/L24: dim@80=13, LOO_cos=0.420, pair_cos=-0.0024, norm_mean=5.49
[2026-06-01 08:00:28]   same_class/specific/L38: dim@80=12, LOO_cos=0.503, pair_cos=-0.0137, norm_mean=50.13
[2026-06-01 08:00:28]   same_class/category/L6: dim@80=11, LOO_cos=0.567, pair_cos=0.0151, norm_mean=0.41
[2026-06-01 08:00:28]   same_class/category/L12: dim@80=13, LOO_cos=0.489, pair_cos=0.0566, norm_mean=1.48
[2026-06-01 08:00:28]   same_class/category/L18: dim@80=12, LOO_cos=0.535, pair_cos=0.0578, norm_mean=2.88
[2026-06-01 08:00:28]   same_class/category/L24: dim@80=11, LOO_cos=0.578, pair_cos=0.0388, norm_mean=6.43
[2026-06-01 08:00:28]   same_class/category/L38: dim@80=11, LOO_cos=0.552, pair_cos=0.0053, norm_mean=65.49
[2026-06-01 08:00:28]   same_class neutral vs specific: mean_cos=0.061, frac>0.3=0.00
[2026-06-01 08:00:28]   same_class neutral vs category: mean_cos=0.229, frac>0.3=0.30
[2026-06-01 08:00:28]   same_class specific vs category: mean_cos=0.449, frac>0.3=0.80
[2026-06-01 08:00:28]   attribute/neutral/L6: dim@80=12, LOO_cos=0.637, pair_cos=0.3023, norm_mean=1.35
[2026-06-01 08:00:28]   attribute/neutral/L12: dim@80=12, LOO_cos=0.594, pair_cos=0.2398, norm_mean=3.14
[2026-06-01 08:00:28]   attribute/neutral/L18: dim@80=12, LOO_cos=0.627, pair_cos=0.2316, norm_mean=5.65
[2026-06-01 08:00:28]   attribute/neutral/L24: dim@80=11, LOO_cos=0.692, pair_cos=0.2433, norm_mean=13.00
[2026-06-01 08:00:28]   attribute/neutral/L38: dim@80=10, LOO_cos=0.687, pair_cos=0.1921, norm_mean=88.52
[2026-06-01 08:00:28]   attribute/specific/L6: dim@80=13, LOO_cos=0.767, pair_cos=0.5608, norm_mean=2.83
[2026-06-01 08:00:28]   attribute/specific/L12: dim@80=13, LOO_cos=0.730, pair_cos=0.4972, norm_mean=5.32
[2026-06-01 08:00:28]   attribute/specific/L18: dim@80=13, LOO_cos=0.785, pair_cos=0.5665, norm_mean=9.76
[2026-06-01 08:00:28]   attribute/specific/L24: dim@80=13, LOO_cos=0.786, pair_cos=0.5661, norm_mean=25.72
[2026-06-01 08:00:28]   attribute/specific/L38: dim@80=13, LOO_cos=0.788, pair_cos=0.5527, norm_mean=140.68
[2026-06-01 08:00:28]   attribute/descriptive/L6: dim@80=13, LOO_cos=0.806, pair_cos=0.6045, norm_mean=2.80
[2026-06-01 08:00:28]   attribute/descriptive/L12: dim@80=13, LOO_cos=0.757, pair_cos=0.5279, norm_mean=5.42
[2026-06-01 08:00:28]   attribute/descriptive/L18: dim@80=12, LOO_cos=0.816, pair_cos=0.6117, norm_mean=10.03
[2026-06-01 08:00:28]   attribute/descriptive/L24: dim@80=12, LOO_cos=0.826, pair_cos=0.6270, norm_mean=25.43
[2026-06-01 08:00:28]   attribute/descriptive/L38: dim@80=12, LOO_cos=0.815, pair_cos=0.5986, norm_mean=142.60
[2026-06-01 08:00:28]   attribute neutral vs specific: mean_cos=-0.093, frac>0.3=0.00
[2026-06-01 08:00:28]   attribute neutral vs descriptive: mean_cos=-0.057, frac>0.3=0.00
[2026-06-01 08:00:28]   attribute specific vs descriptive: mean_cos=0.811, frac>0.3=1.00
[2026-06-01 08:00:28]   function/neutral/L6: dim@80=12, LOO_cos=0.617, pair_cos=0.2424, norm_mean=1.39
[2026-06-01 08:00:28]   function/neutral/L12: dim@80=13, LOO_cos=0.605, pair_cos=0.2466, norm_mean=3.29
[2026-06-01 08:00:28]   function/neutral/L18: dim@80=12, LOO_cos=0.644, pair_cos=0.2705, norm_mean=6.12
[2026-06-01 08:00:28]   function/neutral/L24: dim@80=11, LOO_cos=0.715, pair_cos=0.3115, norm_mean=14.31
[2026-06-01 08:00:28]   function/neutral/L38: dim@80=11, LOO_cos=0.694, pair_cos=0.2566, norm_mean=98.49
[2026-06-01 08:00:28]   function/specific/L6: dim@80=13, LOO_cos=0.789, pair_cos=0.5806, norm_mean=2.86
[2026-06-01 08:00:28]   function/specific/L12: dim@80=13, LOO_cos=0.747, pair_cos=0.4964, norm_mean=5.20
[2026-06-01 08:00:28]   function/specific/L18: dim@80=12, LOO_cos=0.792, pair_cos=0.5598, norm_mean=9.67
[2026-06-01 08:00:28]   function/specific/L24: dim@80=12, LOO_cos=0.822, pair_cos=0.6174, norm_mean=26.92
[2026-06-01 08:00:28]   function/specific/L38: dim@80=12, LOO_cos=0.821, pair_cos=0.6024, norm_mean=146.53
[2026-06-01 08:00:28]   function/purpose/L6: dim@80=12, LOO_cos=0.795, pair_cos=0.5571, norm_mean=3.05
[2026-06-01 08:00:28]   function/purpose/L12: dim@80=12, LOO_cos=0.756, pair_cos=0.4926, norm_mean=5.10
[2026-06-01 08:00:28]   function/purpose/L18: dim@80=11, LOO_cos=0.787, pair_cos=0.5088, norm_mean=9.31
[2026-06-01 08:00:28]   function/purpose/L24: dim@80=12, LOO_cos=0.814, pair_cos=0.5874, norm_mean=25.20
[2026-06-01 08:00:28]   function/purpose/L38: dim@80=12, LOO_cos=0.806, pair_cos=0.5798, norm_mean=146.73
[2026-06-01 08:00:28]   function neutral vs specific: mean_cos=-0.002, frac>0.3=0.00
[2026-06-01 08:00:28]   function neutral vs purpose: mean_cos=0.019, frac>0.3=0.00
[2026-06-01 08:00:28]   function specific vs purpose: mean_cos=0.751, frac>0.3=1.00
[2026-06-01 08:00:29]   antonym/neutral/L6: dim@80=13, LOO_cos=0.405, pair_cos=0.0461, norm_mean=1.12
[2026-06-01 08:00:29]   antonym/neutral/L12: dim@80=13, LOO_cos=0.387, pair_cos=0.0446, norm_mean=2.58
[2026-06-01 08:00:29]   antonym/neutral/L18: dim@80=13, LOO_cos=0.428, pair_cos=0.0318, norm_mean=4.73
[2026-06-01 08:00:29]   antonym/neutral/L24: dim@80=12, LOO_cos=0.498, pair_cos=0.0317, norm_mean=11.35
[2026-06-01 08:00:29]   antonym/neutral/L38: dim@80=11, LOO_cos=0.551, pair_cos=0.0197, norm_mean=76.75
[2026-06-01 08:00:29]   antonym/specific/L6: dim@80=14, LOO_cos=0.323, pair_cos=0.0732, norm_mean=1.90
[2026-06-01 08:00:29]   antonym/specific/L12: dim@80=14, LOO_cos=0.382, pair_cos=0.1017, norm_mean=3.19
[2026-06-01 08:00:29]   antonym/specific/L18: dim@80=14, LOO_cos=0.435, pair_cos=0.1187, norm_mean=5.43
[2026-06-01 08:00:29]   antonym/specific/L24: dim@80=14, LOO_cos=0.346, pair_cos=0.0690, norm_mean=14.87
[2026-06-01 08:00:29]   antonym/specific/L38: dim@80=14, LOO_cos=0.245, pair_cos=0.0287, norm_mean=77.88
[2026-06-01 08:00:29]   antonym/contrast/L6: dim@80=14, LOO_cos=0.423, pair_cos=0.1369, norm_mean=2.04
[2026-06-01 08:00:29]   antonym/contrast/L12: dim@80=14, LOO_cos=0.397, pair_cos=0.1153, norm_mean=3.58
[2026-06-01 08:00:29]   antonym/contrast/L18: dim@80=13, LOO_cos=0.471, pair_cos=0.1356, norm_mean=6.79
[2026-06-01 08:00:29]   antonym/contrast/L24: dim@80=14, LOO_cos=0.375, pair_cos=0.0906, norm_mean=17.32
[2026-06-01 08:00:29]   antonym/contrast/L38: dim@80=14, LOO_cos=0.326, pair_cos=0.0510, norm_mean=87.54
[2026-06-01 08:00:29]   antonym neutral vs specific: mean_cos=-0.023, frac>0.3=0.00
[2026-06-01 08:00:29]   antonym neutral vs contrast: mean_cos=-0.033, frac>0.3=0.05
[2026-06-01 08:00:29]   antonym specific vs contrast: mean_cos=0.366, frac>0.3=0.90
[2026-06-01 08:00:29] 
Random control baseline...
[2026-06-01 08:00:29]   random_control/L6: dim@80=12, LOO_cos=0.702, pair_cos=0.3824
[2026-06-01 08:00:29]   random_control/L12: dim@80=12, LOO_cos=0.657, pair_cos=0.3040
[2026-06-01 08:00:29]   random_control/L18: dim@80=12, LOO_cos=0.686, pair_cos=0.3158
[2026-06-01 08:00:29]   random_control/L24: dim@80=11, LOO_cos=0.735, pair_cos=0.3440
[2026-06-01 08:00:29]   random_control/L38: dim@80=11, LOO_cos=0.716, pair_cos=0.2777
[2026-06-01 08:00:29] Results saved to results\phase319b_templates\glm4_phase319b.json
[2026-06-01 08:00:29] 
======================================================================
[2026-06-01 08:00:29] PHASE 319b SUMMARY - glm4
[2026-06-01 08:00:29] ======================================================================
[2026-06-01 08:00:29] 
--- Relation-Specific vs Neutral Templates (deepest layer) ---
[2026-06-01 08:00:29] Type            Template        dim@80   LOO_cos   pair_cos  
[2026-06-01 08:00:29] same_class      neutral         12       0.451   0.0168
[2026-06-01 08:00:29] same_class      specific        12       0.503   -0.0137
[2026-06-01 08:00:29] same_class      category        11       0.552   0.0053
[2026-06-01 08:00:29] attribute       neutral         10       0.687   0.1921
[2026-06-01 08:00:29] attribute       specific        13       0.788   0.5527
[2026-06-01 08:00:29] attribute       descriptive     12       0.815   0.5986
[2026-06-01 08:00:29] function        neutral         11       0.694   0.2566
[2026-06-01 08:00:29] function        specific        12       0.821   0.6024
[2026-06-01 08:00:29] function        purpose         12       0.806   0.5798
[2026-06-01 08:00:29] antonym         neutral         11       0.551   0.0197
[2026-06-01 08:00:29] antonym         specific        14       0.245   0.0287
[2026-06-01 08:00:29] antonym         contrast        14       0.326   0.0510
[2026-06-01 08:00:29] random_control  neutral         11       0.716   0.2777
[2026-06-01 08:00:29] 
--- Cross-Template Consistency ---
[2026-06-01 08:00:29]   same_class neutral_vs_specific: mean_cos=0.061, frac>0.3=0.00
[2026-06-01 08:00:29]   same_class neutral_vs_category: mean_cos=0.229, frac>0.3=0.30
[2026-06-01 08:00:29]   same_class specific_vs_category: mean_cos=0.449, frac>0.3=0.80
[2026-06-01 08:00:29]   attribute neutral_vs_specific: mean_cos=-0.093, frac>0.3=0.00
[2026-06-01 08:00:29]   attribute neutral_vs_descriptive: mean_cos=-0.057, frac>0.3=0.00
[2026-06-01 08:00:29]   attribute specific_vs_descriptive: mean_cos=0.811, frac>0.3=1.00
[2026-06-01 08:00:29]   function neutral_vs_specific: mean_cos=-0.002, frac>0.3=0.00
[2026-06-01 08:00:29]   function neutral_vs_purpose: mean_cos=0.019, frac>0.3=0.00
[2026-06-01 08:00:29]   function specific_vs_purpose: mean_cos=0.751, frac>0.3=1.00
[2026-06-01 08:00:29]   antonym neutral_vs_specific: mean_cos=-0.023, frac>0.3=0.00
[2026-06-01 08:00:29]   antonym neutral_vs_contrast: mean_cos=-0.033, frac>0.3=0.05
[2026-06-01 08:00:29]   antonym specific_vs_contrast: mean_cos=0.366, frac>0.3=0.90
[2026-06-01 08:00:30] Model glm4 released.
