[2026-05-29 05:12:05] ============================================================
[2026-05-29 05:12:05] Phase 293: Component Contract ¡ª glm4
[2026-05-29 05:12:05] ============================================================
[2026-05-29 05:12:07] Loading glm4 (bf16, device_map=auto, eager)...
[2026-05-29 05:12:15]   Loaded, GPU=9.0GB
[2026-05-29 05:12:15]   GPU: 19 (0-18), CPU: 21 (19-39)
[2026-05-29 05:12:15] Model: GlmForCausalLM, L=40, d=4096
[2026-05-29 05:12:24] Pairs: 60 negation (6 subtypes)
[2026-05-29 05:12:24] 
=== CAPTURE ===
[2026-05-29 05:13:06]   [20/60] 42s
[2026-05-29 05:13:47]   [40/60] 83s
[2026-05-29 05:14:29]   [60/60] 125s
[2026-05-29 05:14:29]   Capture done: 60 pairs, 125s
[2026-05-29 05:14:29] 
=== EXP A: Component x Layer (attn/mlp/resid_post, alpha=1.0) ===
[2026-05-29 05:26:46]   L4/40 720/7200 (1.0/s) ETA=6635s
[2026-05-29 05:39:04]   L8/40 1440/7200 (1.0/s) ETA=5900s
[2026-05-29 05:51:12]   L12/40 2160/7200 (1.0/s) ETA=5142s
[2026-05-29 06:02:51]   L16/40 2880/7200 (1.0/s) ETA=4354s
[2026-05-29 06:14:31]   L20/40 3600/7200 (1.0/s) ETA=3603s
[2026-05-29 06:26:10]   L24/40 4320/7200 (1.0/s) ETA=2867s
[2026-05-29 06:37:48]   L28/40 5040/7200 (1.0/s) ETA=2143s
[2026-05-29 06:49:27]   L32/40 5760/7200 (1.0/s) ETA=1425s
[2026-05-29 07:01:10]   L36/40 6480/7200 (1.0/s) ETA=711s
[2026-05-29 07:12:53]   L40/40 7200/7200 (1.0/s) ETA=0s
[2026-05-29 07:12:53]   Exp A: 7200 results, 7105s
[2026-05-29 07:12:53]   Exp A: 7200 results, 7105s
[2026-05-29 07:12:53]   Top-5 attn: [4, 6, 2, 5, 1] (NP: ['0.0786', '0.0241', '0.0229', '0.0207', '0.0195'])
[2026-05-29 07:12:53]   Top-5 mlp: [0, 1, 2, 38, 22] (NP: ['0.4023', '0.2883', '0.2453', '0.1949', '0.1230'])
[2026-05-29 07:12:53]   Top-5 resid_post: [0, 1, 2, 3, 4] (NP: ['0.4166', '0.4166', '0.4166', '0.4166', '0.4166'])
[2026-05-29 07:12:53]   Top layers for B/C: [0, 1, 2, 3, 4, 5, 6, 22, 38]
[2026-05-29 07:12:53] 
=== EXP B: Position x Component (top 9 layers) ===
[2026-05-29 08:24:02]   Exp B: 4320 results
[2026-05-29 08:24:02]   Exp B: 4320 results, 4269s
[2026-05-29 08:24:02] 
=== EXP C: Alpha x Component (top 5 layers) ===
[2026-05-29 09:40:59]   Exp C: 4500 results
[2026-05-29 09:40:59]   Exp C: 4500 results, 4617s
[2026-05-29 09:40:59] 
=== ANALYSIS ===
[2026-05-29 09:40:59]   Best attn: L4 NP=0.07856 PROG=0.1148 KR=0.91
[2026-05-29 09:40:59]   Best mlp: L0 NP=0.40228 PROG=0.6031 KR=6.21
[2026-05-29 09:40:59]   Best resid_post: L0 NP=0.41655 PROG=0.6115 KR=6.28
[2026-05-29 09:40:59] 
  Best overall layer: L0
[2026-05-29 09:40:59]     attn: NP=0.01154 PROG=0.0195 KR=1.00
[2026-05-29 09:40:59]     mlp: NP=0.40228 PROG=0.6031 KR=6.21
[2026-05-29 09:40:59]     resid_post: NP=0.41655 PROG=0.6115 KR=6.28
[2026-05-29 09:40:59] 
  POSITION EFFECT (resid_post component):
[2026-05-29 09:40:59]     L0_resid_post_all: NP=0.41655 PROG=0.6115 KR=6.28
[2026-05-29 09:40:59]     L0_resid_post_last: NP=0.14995 PROG=0.1499 KR=0.85
[2026-05-29 09:40:59]     L0_resid_post_operand: NP=0.18109 PROG=0.2389 KR=2.07
[2026-05-29 09:40:59]     L0_resid_post_operator: NP=0.45456 PROG=0.6344 KR=2.21
[2026-05-29 09:40:59]     L1_resid_post_all: NP=0.41655 PROG=0.6115 KR=6.28
[2026-05-29 09:40:59]     L1_resid_post_last: NP=0.15163 PROG=0.1531 KR=0.85
[2026-05-29 09:40:59]     L1_resid_post_operand: NP=0.18277 PROG=0.2338 KR=2.04
[2026-05-29 09:40:59]     L1_resid_post_operator: NP=0.46000 PROG=0.6523 KR=1.97
[2026-05-29 09:40:59]     L22_resid_post_all: NP=0.41653 PROG=0.6115 KR=6.28
[2026-05-29 09:40:59]     L22_resid_post_last: NP=0.33361 PROG=0.3458 KR=0.64
[2026-05-29 09:40:59]     L22_resid_post_operand: NP=0.19803 PROG=0.2428 KR=2.12
[2026-05-29 09:40:59]     L22_resid_post_operator: NP=0.18736 PROG=0.2737 KR=1.95
[2026-05-29 09:40:59]     L2_resid_post_all: NP=0.41655 PROG=0.6115 KR=6.28
[2026-05-29 09:40:59]     L2_resid_post_last: NP=0.15430 PROG=0.1579 KR=0.84
[2026-05-29 09:40:59]     L2_resid_post_operand: NP=0.18794 PROG=0.2486 KR=1.84
[2026-05-29 09:40:59]     L2_resid_post_operator: NP=0.47497 PROG=0.6634 KR=1.82
[2026-05-29 09:40:59]     L38_resid_post_all: NP=0.41653 PROG=0.6115 KR=6.28
[2026-05-29 09:40:59]     L38_resid_post_last: NP=0.38222 PROG=0.3826 KR=0.62
[2026-05-29 09:40:59]     L38_resid_post_operand: NP=0.19180 PROG=0.2308 KR=2.20
[2026-05-29 09:40:59]     L38_resid_post_operator: NP=0.16559 PROG=0.2320 KR=2.00
[2026-05-29 09:40:59]     L3_resid_post_all: NP=0.41655 PROG=0.6115 KR=6.28
[2026-05-29 09:40:59]     L3_resid_post_last: NP=0.15574 PROG=0.1607 KR=0.83
[2026-05-29 09:40:59]     L3_resid_post_operand: NP=0.19184 PROG=0.2559 KR=1.83
[2026-05-29 09:40:59]     L3_resid_post_operator: NP=0.49623 PROG=0.6735 KR=1.72
[2026-05-29 09:40:59]     L4_resid_post_all: NP=0.41655 PROG=0.6115 KR=6.28
[2026-05-29 09:40:59]     L4_resid_post_last: NP=0.18146 PROG=0.1937 KR=0.79
[2026-05-29 09:40:59]     L4_resid_post_operand: NP=0.23522 PROG=0.3084 KR=1.73
[2026-05-29 09:40:59]     L4_resid_post_operator: NP=0.42892 PROG=0.5907 KR=1.69
[2026-05-29 09:40:59]     L5_resid_post_all: NP=0.41655 PROG=0.6115 KR=6.28
[2026-05-29 09:40:59]     L5_resid_post_last: NP=0.20231 PROG=0.2212 KR=0.75
[2026-05-29 09:40:59]     L5_resid_post_operand: NP=0.24124 PROG=0.3044 KR=1.79
[2026-05-29 09:40:59]     L5_resid_post_operator: NP=0.39207 PROG=0.5450 KR=1.70
[2026-05-29 09:40:59]     L6_resid_post_all: NP=0.41655 PROG=0.6115 KR=6.28
[2026-05-29 09:40:59]     L6_resid_post_last: NP=0.22054 PROG=0.2400 KR=0.73
[2026-05-29 09:40:59]     L6_resid_post_operand: NP=0.23768 PROG=0.3014 KR=1.90
[2026-05-29 09:40:59]     L6_resid_post_operator: NP=0.33697 PROG=0.4782 KR=1.75
[2026-05-29 09:40:59] 
  SAVED: results\phase293_component_contract\glm4_component.json
[model_utils] GPU memory released, allocated=9.00 GB
[2026-05-29 09:40:59] Phase 293 glm4 DONE. Total: 16116s
