[2026-05-31 17:05:59] === Phase 313: W_U Readout Analysis for deepseek7b ===
[2026-05-31 17:06:11] Loading deepseek7b (bf16 + device_map=auto)...
[2026-05-31 17:06:24] Model loaded: Qwen2ForCausalLM, device=cuda:0, GPU=9.01GB
[2026-05-31 17:06:24] Model info: n_layers=28, d_model=3584, vocab=152064
[2026-05-31 17:06:24] Test layers: [4, 8, 12, 16, 20, 26]
[2026-05-31 17:06:24] Extracting W_U (lm_head weight matrix)...
[2026-05-31 17:06:25] W_U shape: (152064, 3584)
[2026-05-31 17:06:25]   Token 'not' -> id=537
[2026-05-31 17:06:25]   Token 'sad' -> id=12421
[2026-05-31 17:06:25]   Token 'happy' -> id=6247
[2026-05-31 17:06:25]   Token 'very' -> id=1602
[2026-05-31 17:06:25]   Token 'never' -> id=2581
[2026-05-31 17:06:25]   Token 'always' -> id=2677
[2026-05-31 17:06:25]   Token 'good' -> id=1661
[2026-05-31 17:06:25]   Token 'bad' -> id=3873
[2026-05-31 17:06:25] Extracting functional directions...
[2026-05-31 17:06:25]   Layer 4: extracting directions...
[2026-05-31 17:07:37]   Layer 4: 14 directions extracted
[2026-05-31 17:07:37]   Layer 8: extracting directions...
[2026-05-31 17:08:43]   Layer 8: 14 directions extracted
[2026-05-31 17:08:43]   Layer 12: extracting directions...
[2026-05-31 17:09:50]   Layer 12: 14 directions extracted
[2026-05-31 17:09:50]   Layer 16: extracting directions...
[2026-05-31 17:10:56]   Layer 16: 14 directions extracted
[2026-05-31 17:10:56]   Layer 20: extracting directions...
[2026-05-31 17:12:01]   Layer 20: 14 directions extracted
[2026-05-31 17:12:01]   Layer 26: extracting directions...
[2026-05-31 17:13:07]   Layer 26: 14 directions extracted
[2026-05-31 17:13:07] Computing W_U readout analysis...
[2026-05-31 17:25:54] Computing Jacobian gain analysis...
[2026-05-31 17:26:33]   Layer 4: Jacobian gains computed for 13 directions
[2026-05-31 17:27:12]   Layer 8: Jacobian gains computed for 13 directions
[2026-05-31 17:27:50]   Layer 12: Jacobian gains computed for 13 directions
[2026-05-31 17:28:28]   Layer 16: Jacobian gains computed for 13 directions
[2026-05-31 17:29:06]   Layer 20: Jacobian gains computed for 13 directions
[2026-05-31 17:29:44]   Layer 26: Jacobian gains computed for 13 directions
[2026-05-31 17:29:44] Results saved to results\phase313_WU_readout\deepseek7b_WU_readout.json
[2026-05-31 17:29:44] 
======================================================================
[2026-05-31 17:29:44] W_U READOUT ANALYSIS SUMMARY - deepseek7b
[2026-05-31 17:29:44] ======================================================================
[2026-05-31 17:29:44] 
--- Layer 4 ---
[2026-05-31 17:29:44]   Direction norms:
[2026-05-31 17:29:44]     O_not: 41.7621
[2026-05-31 17:29:44]     R: 895.1379
[2026-05-31 17:29:44]     C_raw: 293.3955
[2026-05-31 17:29:44]     C_pc1: 1.0000
[2026-05-31 17:29:44]     A: 29.1357
[2026-05-31 17:29:44]     O_clean_R: 41.7573
[2026-05-31 17:29:44]     O_clean_RC: 41.7620
[2026-05-31 17:29:44]     shared_pc1: 1.0000
[2026-05-31 17:29:44]     O_not_delta_from_shared: 41.7572
[2026-05-31 17:29:44]     R_delta_from_shared: 0.0355
[2026-05-31 17:29:44]     C_pc1_delta_from_shared: 0.0806
[2026-05-31 17:29:44]     A_delta_from_shared: 29.1305
[2026-05-31 17:29:44]   W_U gain (||WU@v||/||v||) and ratio to random:
[2026-05-31 17:29:44]     O_not: gain=6.08, ratio=0.90x random
[2026-05-31 17:29:44]     R: gain=74.38, ratio=11.03x random
[2026-05-31 17:29:44]     C_raw: gain=73.89, ratio=10.96x random
[2026-05-31 17:29:44]     C_pc1: gain=74.24, ratio=11.01x random
[2026-05-31 17:29:44]     A: gain=5.88, ratio=0.87x random
[2026-05-31 17:29:44]     O_clean_R: gain=6.37, ratio=0.94x random
[2026-05-31 17:29:44]     O_clean_RC: gain=6.76, ratio=1.00x random
[2026-05-31 17:29:44]     shared_pc1: gain=74.38, ratio=11.03x random
[2026-05-31 17:29:44]     O_not_delta_from_shared: gain=6.37, ratio=0.94x random
[2026-05-31 17:29:44]     R_delta_from_shared: gain=6.36, ratio=0.94x random
[2026-05-31 17:29:44]     C_pc1_delta_from_shared: gain=6.13, ratio=0.91x random
[2026-05-31 17:29:44]     A_delta_from_shared: gain=6.01, ratio=0.89x random
[2026-05-31 17:29:44]   Target token logit changes (W_U@v[target]/||v||):
[2026-05-31 17:29:44]     O_not: not=-0.0547, happy=-0.0057, sad=-0.0023
[2026-05-31 17:29:44]     R: not=-0.0402, happy=0.0293, sad=0.0544
[2026-05-31 17:29:44]     C_raw: not=-0.0383, happy=0.0278, sad=0.0512
[2026-05-31 17:29:44]     C_pc1: not=-0.0425, happy=0.0289, sad=0.0581
[2026-05-31 17:29:44]     A: not=0.0130, happy=0.0300, sad=-0.0091
[2026-05-31 17:29:44]     O_clean_R: not=-0.0541, happy=-0.0061, sad=-0.0031
[2026-05-31 17:29:44]     O_clean_RC: not=-0.0535, happy=-0.0065, sad=-0.0039
[2026-05-31 17:29:44]     shared_pc1: not=0.0402, happy=-0.0293, sad=-0.0544
[2026-05-31 17:29:44]     O_not_delta_from_shared: not=-0.0541, happy=-0.0061, sad=-0.0031
[2026-05-31 17:29:44]     R_delta_from_shared: not=0.0516, happy=0.0204, sad=-0.0018
[2026-05-31 17:29:44]     C_pc1_delta_from_shared: not=-0.0292, happy=-0.0040, sad=0.0483
[2026-05-31 17:29:44]     A_delta_from_shared: not=0.0122, happy=0.0305, sad=-0.0080
[2026-05-31 17:29:44]   Jacobian gain and ratio to random:
[2026-05-31 17:29:44]     O_not: jac_gain=87.5773, ratio=0.09x random, delta_not=0.0000
[2026-05-31 17:29:44]     R: jac_gain=86.7018, ratio=0.09x random, delta_not=0.0000
[2026-05-31 17:29:44]     C_raw: jac_gain=3954.6771, ratio=4.13x random, delta_not=2.7500
[2026-05-31 17:29:44]     C_pc1: jac_gain=179.7928, ratio=0.19x random, delta_not=-0.1562
[2026-05-31 17:29:44]     A: jac_gain=115.5746, ratio=0.12x random, delta_not=-0.1406
[2026-05-31 17:29:44]     O_clean_R: jac_gain=154.4473, ratio=0.16x random, delta_not=-0.1719
[2026-05-31 17:29:44]     O_clean_RC: jac_gain=123.2185, ratio=0.13x random, delta_not=-0.1562
[2026-05-31 17:29:44]     shared_pc1: jac_gain=4456.9150, ratio=4.65x random, delta_not=3.0312
[2026-05-31 17:29:44]     O_not_delta_from_shared: jac_gain=154.4473, ratio=0.16x random, delta_not=-0.1719
[2026-05-31 17:29:44]     R_delta_from_shared: jac_gain=96.1647, ratio=0.10x random, delta_not=0.0000
[2026-05-31 17:29:44]     C_pc1_delta_from_shared: jac_gain=4316.7630, ratio=4.51x random, delta_not=3.0312
[2026-05-31 17:29:44]     A_delta_from_shared: jac_gain=182.0929, ratio=0.19x random, delta_not=-0.0781
[2026-05-31 17:29:44]   AMPLIFICATION SOURCE:
[2026-05-31 17:29:44]     O_not: jac/wu = 14.4084
[2026-05-31 17:29:44]     O_clean_R: jac/wu = 24.2635
[2026-05-31 17:29:44]     Delta amplified more: O_clean_R
[2026-05-31 17:29:44]     Amplification ratio: 1.6840
[2026-05-31 17:29:44] 
--- Layer 8 ---
[2026-05-31 17:29:44]   Direction norms:
[2026-05-31 17:29:44]     O_not: 71.9644
[2026-05-31 17:29:44]     R: 1481.9287
[2026-05-31 17:29:44]     C_raw: 641.1102
[2026-05-31 17:29:44]     C_pc1: 1.0000
[2026-05-31 17:29:44]     A: 53.8222
[2026-05-31 17:29:44]     O_clean_R: 71.4248
[2026-05-31 17:29:44]     O_clean_RC: 71.9613
[2026-05-31 17:29:44]     shared_pc1: 1.0000
[2026-05-31 17:29:44]     O_not_delta_from_shared: 71.4223
[2026-05-31 17:29:44]     R_delta_from_shared: 0.4198
[2026-05-31 17:29:44]     C_pc1_delta_from_shared: 0.0750
[2026-05-31 17:29:44]     A_delta_from_shared: 53.7414
[2026-05-31 17:29:44]   W_U gain (||WU@v||/||v||) and ratio to random:
[2026-05-31 17:29:44]     O_not: gain=12.06, ratio=1.81x random
[2026-05-31 17:29:44]     R: gain=76.31, ratio=11.45x random
[2026-05-31 17:29:44]     C_raw: gain=76.74, ratio=11.51x random
[2026-05-31 17:29:44]     C_pc1: gain=76.47, ratio=11.47x random
[2026-05-31 17:29:44]     A: gain=7.51, ratio=1.13x random
[2026-05-31 17:29:44]     O_clean_R: gain=5.97, ratio=0.90x random
[2026-05-31 17:29:44]     O_clean_RC: gain=9.85, ratio=1.48x random
[2026-05-31 17:29:44]     shared_pc1: gain=76.31, ratio=11.45x random
[2026-05-31 17:29:44]     O_not_delta_from_shared: gain=5.97, ratio=0.89x random
[2026-05-31 17:29:44]     R_delta_from_shared: gain=6.00, ratio=0.90x random
[2026-05-31 17:29:44]     C_pc1_delta_from_shared: gain=7.91, ratio=1.19x random
[2026-05-31 17:29:44]     A_delta_from_shared: gain=5.81, ratio=0.87x random
[2026-05-31 17:29:44]   Target token logit changes (W_U@v[target]/||v||):
[2026-05-31 17:29:44]     O_not: not=-0.0543, happy=-0.0225, sad=-0.0077
[2026-05-31 17:29:44]     R: not=-0.0425, happy=0.0306, sad=0.0557
[2026-05-31 17:29:44]     C_raw: not=-0.0417, happy=0.0285, sad=0.0547
[2026-05-31 17:29:44]     C_pc1: not=0.0443, happy=-0.0306, sad=-0.0559
[2026-05-31 17:29:44]     A: not=0.0099, happy=0.0352, sad=0.0050
[2026-05-31 17:29:44]     O_clean_R: not=-0.0599, happy=-0.0189, sad=-0.0009
[2026-05-31 17:29:44]     O_clean_RC: not=-0.0648, happy=-0.0151, sad=0.0058
[2026-05-31 17:29:44]     shared_pc1: not=-0.0425, happy=0.0307, sad=0.0557
[2026-05-31 17:29:44]     O_not_delta_from_shared: not=-0.0599, happy=-0.0189, sad=-0.0009
[2026-05-31 17:29:44]     R_delta_from_shared: not=-0.0587, happy=-0.0097, sad=0.0011
[2026-05-31 17:29:44]     C_pc1_delta_from_shared: not=0.0257, happy=-0.0008, sad=-0.0051
[2026-05-31 17:29:44]     A_delta_from_shared: not=0.0076, happy=0.0369, sad=0.0080
[2026-05-31 17:29:44]   Jacobian gain and ratio to random:
[2026-05-31 17:29:44]     O_not: jac_gain=89.3951, ratio=0.16x random, delta_not=0.0000
[2026-05-31 17:29:44]     R: jac_gain=119.9743, ratio=0.22x random, delta_not=-0.1250
[2026-05-31 17:29:44]     C_raw: jac_gain=143.5081, ratio=0.26x random, delta_not=-0.0625
[2026-05-31 17:29:44]     C_pc1: jac_gain=176.4241, ratio=0.32x random, delta_not=-0.0938
[2026-05-31 17:29:44]     A: jac_gain=85.7994, ratio=0.15x random, delta_not=0.0000
[2026-05-31 17:29:44]     O_clean_R: jac_gain=84.8320, ratio=0.15x random, delta_not=-0.0312
[2026-05-31 17:29:44]     O_clean_RC: jac_gain=162.7535, ratio=0.29x random, delta_not=-0.0625
[2026-05-31 17:29:44]     shared_pc1: jac_gain=119.9743, ratio=0.22x random, delta_not=-0.1250
[2026-05-31 17:29:44]     O_not_delta_from_shared: jac_gain=84.8320, ratio=0.15x random, delta_not=-0.0312
[2026-05-31 17:29:44]     R_delta_from_shared: jac_gain=172.1557, ratio=0.31x random, delta_not=-0.0938
[2026-05-31 17:29:44]     C_pc1_delta_from_shared: jac_gain=80.3710, ratio=0.14x random, delta_not=0.0938
[2026-05-31 17:29:44]     A_delta_from_shared: jac_gain=154.5637, ratio=0.28x random, delta_not=-0.2031
[2026-05-31 17:29:44]   AMPLIFICATION SOURCE:
[2026-05-31 17:29:44]     O_not: jac/wu = 7.4100
[2026-05-31 17:29:44]     O_clean_R: jac/wu = 14.2069
[2026-05-31 17:29:44]     Delta amplified more: O_clean_R
[2026-05-31 17:29:44]     Amplification ratio: 1.9173
[2026-05-31 17:29:44] 
--- Layer 12 ---
[2026-05-31 17:29:44]   Direction norms:
[2026-05-31 17:29:44]     O_not: 74.8649
[2026-05-31 17:29:44]     R: 2405.9866
[2026-05-31 17:29:44]     C_raw: 1319.9115
[2026-05-31 17:29:44]     C_pc1: 1.0000
[2026-05-31 17:29:44]     A: 63.5517
[2026-05-31 17:29:44]     O_clean_R: 74.6595
[2026-05-31 17:29:44]     O_clean_RC: 74.8640
[2026-05-31 17:29:44]     shared_pc1: 1.0000
[2026-05-31 17:29:44]     O_not_delta_from_shared: 74.6591
[2026-05-31 17:29:44]     R_delta_from_shared: 0.1686
[2026-05-31 17:29:44]     C_pc1_delta_from_shared: 0.0572
[2026-05-31 17:29:44]     A_delta_from_shared: 63.5295
[2026-05-31 17:29:44]   W_U gain (||WU@v||/||v||) and ratio to random:
[2026-05-31 17:29:44]     O_not: gain=9.25, ratio=1.40x random
[2026-05-31 17:29:44]     R: gain=75.66, ratio=11.42x random
[2026-05-31 17:29:44]     C_raw: gain=75.49, ratio=11.39x random
[2026-05-31 17:29:44]     C_pc1: gain=75.43, ratio=11.38x random
[2026-05-31 17:29:44]     A: gain=5.80, ratio=0.87x random
[2026-05-31 17:29:44]     O_clean_R: gain=6.02, ratio=0.91x random
[2026-05-31 17:29:44]     O_clean_RC: gain=6.90, ratio=1.04x random
[2026-05-31 17:29:44]     shared_pc1: gain=75.66, ratio=11.42x random
[2026-05-31 17:29:44]     O_not_delta_from_shared: gain=6.02, ratio=0.91x random
[2026-05-31 17:29:44]     R_delta_from_shared: gain=5.86, ratio=0.88x random
[2026-05-31 17:29:44]     C_pc1_delta_from_shared: gain=6.21, ratio=0.94x random
[2026-05-31 17:29:44]     A_delta_from_shared: gain=5.99, ratio=0.90x random
[2026-05-31 17:29:44]   Target token logit changes (W_U@v[target]/||v||):
[2026-05-31 17:29:44]     O_not: not=-0.0559, happy=-0.0000, sad=-0.0040
[2026-05-31 17:29:44]     R: not=-0.0431, happy=0.0290, sad=0.0553
[2026-05-31 17:29:44]     C_raw: not=-0.0426, happy=0.0279, sad=0.0550
[2026-05-31 17:29:44]     C_pc1: not=0.0433, happy=-0.0285, sad=-0.0544
[2026-05-31 17:29:44]     A: not=-0.0010, happy=0.0218, sad=0.0090
[2026-05-31 17:29:44]     O_clean_R: not=-0.0592, happy=0.0021, sad=0.0000
[2026-05-31 17:29:44]     O_clean_RC: not=-0.0621, happy=0.0041, sad=0.0039
[2026-05-31 17:29:44]     shared_pc1: not=-0.0431, happy=0.0290, sad=0.0553
[2026-05-31 17:29:44]     O_not_delta_from_shared: not=-0.0592, happy=0.0021, sad=0.0000
[2026-05-31 17:29:44]     R_delta_from_shared: not=-0.0611, happy=0.0082, sad=0.0029
[2026-05-31 17:29:44]     C_pc1_delta_from_shared: not=0.0054, happy=0.0079, sad=0.0135
[2026-05-31 17:29:44]     A_delta_from_shared: not=-0.0021, happy=0.0226, sad=0.0104
[2026-05-31 17:29:44]   Jacobian gain and ratio to random:
[2026-05-31 17:29:44]     O_not: jac_gain=85.8901, ratio=0.03x random, delta_not=0.0000
[2026-05-31 17:29:44]     R: jac_gain=117.3410, ratio=0.04x random, delta_not=-0.0625
[2026-05-31 17:29:44]     C_raw: jac_gain=119.5282, ratio=0.04x random, delta_not=-0.0625
[2026-05-31 17:29:44]     C_pc1: jac_gain=137.1731, ratio=0.05x random, delta_not=-0.0625
[2026-05-31 17:29:44]     A: jac_gain=96.1055, ratio=0.04x random, delta_not=0.0000
[2026-05-31 17:29:44]     O_clean_R: jac_gain=152.6344, ratio=0.06x random, delta_not=-0.0781
[2026-05-31 17:29:44]     O_clean_RC: jac_gain=122.9894, ratio=0.05x random, delta_not=-0.0781
[2026-05-31 17:29:44]     shared_pc1: jac_gain=117.3410, ratio=0.04x random, delta_not=-0.0625
[2026-05-31 17:29:44]     O_not_delta_from_shared: jac_gain=152.6344, ratio=0.06x random, delta_not=-0.0781
[2026-05-31 17:29:44]     R_delta_from_shared: jac_gain=139.3745, ratio=0.05x random, delta_not=-0.0938
[2026-05-31 17:29:44]     C_pc1_delta_from_shared: jac_gain=4110.7645, ratio=1.51x random, delta_not=2.8438
[2026-05-31 17:29:44]     A_delta_from_shared: jac_gain=3945.1663, ratio=1.45x random, delta_not=2.7500
[2026-05-31 17:29:44]   AMPLIFICATION SOURCE:
[2026-05-31 17:29:44]     O_not: jac/wu = 9.2844
[2026-05-31 17:29:44]     O_clean_R: jac/wu = 25.3687
[2026-05-31 17:29:44]     Delta amplified more: O_clean_R
[2026-05-31 17:29:44]     Amplification ratio: 2.7324
[2026-05-31 17:29:44] 
--- Layer 16 ---
[2026-05-31 17:29:44]   Direction norms:
[2026-05-31 17:29:44]     O_not: 97.7512
[2026-05-31 17:29:44]     R: 2480.4492
[2026-05-31 17:29:44]     C_raw: 1405.5377
[2026-05-31 17:29:44]     C_pc1: 1.0000
[2026-05-31 17:29:44]     A: 72.5999
[2026-05-31 17:29:44]     O_clean_R: 97.7503
[2026-05-31 17:29:44]     O_clean_RC: 97.7508
[2026-05-31 17:29:44]     shared_pc1: 1.0000
[2026-05-31 17:29:44]     O_not_delta_from_shared: 97.7503
[2026-05-31 17:29:44]     R_delta_from_shared: 0.1008
[2026-05-31 17:29:44]     C_pc1_delta_from_shared: 0.0696
[2026-05-31 17:29:44]     A_delta_from_shared: 72.5242
[2026-05-31 17:29:44]   W_U gain (||WU@v||/||v||) and ratio to random:
[2026-05-31 17:29:44]     O_not: gain=5.82, ratio=0.87x random
[2026-05-31 17:29:44]     R: gain=75.56, ratio=11.23x random
[2026-05-31 17:29:44]     C_raw: gain=75.36, ratio=11.20x random
[2026-05-31 17:29:44]     C_pc1: gain=75.36, ratio=11.20x random
[2026-05-31 17:29:44]     A: gain=7.34, ratio=1.09x random
[2026-05-31 17:29:44]     O_clean_R: gain=5.82, ratio=0.87x random
[2026-05-31 17:29:44]     O_clean_RC: gain=5.86, ratio=0.87x random
[2026-05-31 17:29:44]     shared_pc1: gain=75.56, ratio=11.23x random
[2026-05-31 17:29:44]     O_not_delta_from_shared: gain=5.82, ratio=0.87x random
[2026-05-31 17:29:44]     R_delta_from_shared: gain=5.76, ratio=0.86x random
[2026-05-31 17:29:44]     C_pc1_delta_from_shared: gain=6.01, ratio=0.89x random
[2026-05-31 17:29:44]     A_delta_from_shared: gain=5.83, ratio=0.87x random
[2026-05-31 17:29:44]   Target token logit changes (W_U@v[target]/||v||):
[2026-05-31 17:29:44]     O_not: not=-0.0639, happy=-0.0136, sad=0.0077
[2026-05-31 17:29:44]     R: not=-0.0429, happy=0.0291, sad=0.0554
[2026-05-31 17:29:44]     C_raw: not=-0.0423, happy=0.0272, sad=0.0536
[2026-05-31 17:29:44]     C_pc1: not=0.0429, happy=-0.0279, sad=-0.0545
[2026-05-31 17:29:44]     A: not=-0.0013, happy=0.0286, sad=0.0144
[2026-05-31 17:29:44]     O_clean_R: not=-0.0637, happy=-0.0138, sad=0.0075
[2026-05-31 17:29:44]     O_clean_RC: not=-0.0634, happy=-0.0140, sad=0.0071
[2026-05-31 17:29:44]     shared_pc1: not=0.0429, happy=-0.0291, sad=-0.0554
[2026-05-31 17:29:44]     O_not_delta_from_shared: not=-0.0637, happy=-0.0138, sad=0.0075
[2026-05-31 17:29:44]     R_delta_from_shared: not=0.0071, happy=0.0312, sad=0.0153
[2026-05-31 17:29:44]     C_pc1_delta_from_shared: not=0.0024, happy=0.0166, sad=0.0122
[2026-05-31 17:29:44]     A_delta_from_shared: not=-0.0032, happy=0.0300, sad=0.0169
[2026-05-31 17:29:44]   Jacobian gain and ratio to random:
[2026-05-31 17:29:44]     O_not: jac_gain=82.7814, ratio=0.06x random, delta_not=-0.0312
[2026-05-31 17:29:44]     R: jac_gain=80.6358, ratio=0.06x random, delta_not=-0.0312
[2026-05-31 17:29:44]     C_raw: jac_gain=93.1924, ratio=0.07x random, delta_not=-0.0312
[2026-05-31 17:29:44]     C_pc1: jac_gain=24859.7925, ratio=18.95x random, delta_not=8.1875
[2026-05-31 17:29:44]     A: jac_gain=130.8080, ratio=0.10x random, delta_not=-0.0625
[2026-05-31 17:29:44]     O_clean_R: jac_gain=84.0222, ratio=0.06x random, delta_not=0.0000
[2026-05-31 17:29:44]     O_clean_RC: jac_gain=102.2960, ratio=0.08x random, delta_not=-0.0312
[2026-05-31 17:29:44]     shared_pc1: jac_gain=4749.6094, ratio=3.62x random, delta_not=3.1875
[2026-05-31 17:29:44]     O_not_delta_from_shared: jac_gain=84.0222, ratio=0.06x random, delta_not=0.0000
[2026-05-31 17:29:44]     R_delta_from_shared: jac_gain=127.8907, ratio=0.10x random, delta_not=-0.0781
[2026-05-31 17:29:44]     C_pc1_delta_from_shared: jac_gain=4823.3447, ratio=3.68x random, delta_not=3.2812
[2026-05-31 17:29:44]     A_delta_from_shared: jac_gain=145.1725, ratio=0.11x random, delta_not=-0.0781
[2026-05-31 17:29:44]   AMPLIFICATION SOURCE:
[2026-05-31 17:29:44]     O_not: jac/wu = 14.2185
[2026-05-31 17:29:44]     O_clean_R: jac/wu = 14.4373
[2026-05-31 17:29:44]     Delta amplified more: O_clean_R
[2026-05-31 17:29:44]     Amplification ratio: 1.0154
[2026-05-31 17:29:44] 
--- Layer 20 ---
[2026-05-31 17:29:44]   Direction norms:
[2026-05-31 17:29:44]     O_not: 131.1777
[2026-05-31 17:29:44]     R: 2146.7429
[2026-05-31 17:29:44]     C_raw: 1012.4335
[2026-05-31 17:29:44]     C_pc1: 1.0000
[2026-05-31 17:29:44]     A: 91.8687
[2026-05-31 17:29:44]     O_clean_R: 131.1752
[2026-05-31 17:29:44]     O_clean_RC: 131.1748
[2026-05-31 17:29:44]     shared_pc1: 1.0000
[2026-05-31 17:29:44]     O_not_delta_from_shared: 131.1752
[2026-05-31 17:29:44]     R_delta_from_shared: 0.0690
[2026-05-31 17:29:44]     C_pc1_delta_from_shared: 0.0976
[2026-05-31 17:29:44]     A_delta_from_shared: 91.8638
[2026-05-31 17:29:44]   W_U gain (||WU@v||/||v||) and ratio to random:
[2026-05-31 17:29:44]     O_not: gain=7.14, ratio=1.06x random
[2026-05-31 17:29:44]     R: gain=75.51, ratio=11.21x random
[2026-05-31 17:29:44]     C_raw: gain=75.98, ratio=11.28x random
[2026-05-31 17:29:44]     C_pc1: gain=75.56, ratio=11.22x random
[2026-05-31 17:29:44]     A: gain=5.70, ratio=0.85x random
[2026-05-31 17:29:44]     O_clean_R: gain=7.41, ratio=1.10x random
[2026-05-31 17:29:44]     O_clean_RC: gain=8.01, ratio=1.19x random
[2026-05-31 17:29:44]     shared_pc1: gain=75.51, ratio=11.21x random
[2026-05-31 17:29:44]     O_not_delta_from_shared: gain=7.41, ratio=1.10x random
[2026-05-31 17:29:44]     R_delta_from_shared: gain=6.51, ratio=0.97x random
[2026-05-31 17:29:44]     C_pc1_delta_from_shared: gain=7.25, ratio=1.08x random
[2026-05-31 17:29:44]     A_delta_from_shared: gain=5.68, ratio=0.84x random
[2026-05-31 17:29:44]   Target token logit changes (W_U@v[target]/||v||):
[2026-05-31 17:29:44]     O_not: not=-0.0329, happy=0.0035, sad=-0.0029
[2026-05-31 17:29:44]     R: not=-0.0428, happy=0.0290, sad=0.0565
[2026-05-31 17:29:44]     C_raw: not=-0.0424, happy=0.0279, sad=0.0575
[2026-05-31 17:29:44]     C_pc1: not=0.0424, happy=-0.0290, sad=-0.0560
[2026-05-31 17:29:44]     A: not=-0.0072, happy=0.0284, sad=0.0095
[2026-05-31 17:29:44]     O_clean_R: not=-0.0326, happy=0.0033, sad=-0.0032
[2026-05-31 17:29:44]     O_clean_RC: not=-0.0321, happy=0.0029, sad=-0.0039
[2026-05-31 17:29:44]     shared_pc1: not=0.0428, happy=-0.0290, sad=-0.0565
[2026-05-31 17:29:44]     O_not_delta_from_shared: not=-0.0326, happy=0.0033, sad=-0.0032
[2026-05-31 17:29:44]     R_delta_from_shared: not=0.0190, happy=0.0145, sad=0.0080
[2026-05-31 17:29:44]     C_pc1_delta_from_shared: not=-0.0022, happy=-0.0011, sad=0.0019
[2026-05-31 17:29:44]     A_delta_from_shared: not=-0.0076, happy=0.0287, sad=0.0101
[2026-05-31 17:29:44]   Jacobian gain and ratio to random:
[2026-05-31 17:29:44]     O_not: jac_gain=119.5794, ratio=0.12x random, delta_not=0.0625
[2026-05-31 17:29:44]     R: jac_gain=141.0615, ratio=0.14x random, delta_not=-0.0781
[2026-05-31 17:29:44]     C_raw: jac_gain=121.3874, ratio=0.12x random, delta_not=0.0000
[2026-05-31 17:29:44]     C_pc1: jac_gain=83.5452, ratio=0.08x random, delta_not=-0.0312
[2026-05-31 17:29:44]     A: jac_gain=135.8692, ratio=0.13x random, delta_not=-0.0938
[2026-05-31 17:29:44]     O_clean_R: jac_gain=119.5794, ratio=0.12x random, delta_not=0.0625
[2026-05-31 17:29:44]     O_clean_RC: jac_gain=119.5794, ratio=0.12x random, delta_not=0.0625
[2026-05-31 17:29:44]     shared_pc1: jac_gain=4119.0964, ratio=3.97x random, delta_not=2.8438
[2026-05-31 17:29:44]     O_not_delta_from_shared: jac_gain=119.5794, ratio=0.12x random, delta_not=0.0625
[2026-05-31 17:29:44]     R_delta_from_shared: jac_gain=176.7900, ratio=0.17x random, delta_not=-0.0938
[2026-05-31 17:29:44]     C_pc1_delta_from_shared: jac_gain=65.8587, ratio=0.06x random, delta_not=0.0000
[2026-05-31 17:29:44]     A_delta_from_shared: jac_gain=135.8692, ratio=0.13x random, delta_not=-0.0938
[2026-05-31 17:29:44]   AMPLIFICATION SOURCE:
[2026-05-31 17:29:44]     O_not: jac/wu = 16.7408
[2026-05-31 17:29:44]     O_clean_R: jac/wu = 16.1434
[2026-05-31 17:29:44]     Delta amplified more: O_not
[2026-05-31 17:29:44]     Amplification ratio: 0.9643
[2026-05-31 17:29:44] 
--- Layer 26 ---
[2026-05-31 17:29:44]   Direction norms:
[2026-05-31 17:29:44]     O_not: 221.3514
[2026-05-31 17:29:44]     R: 1104.9600
[2026-05-31 17:29:44]     C_raw: 576.0629
[2026-05-31 17:29:44]     C_pc1: 1.0000
[2026-05-31 17:29:44]     A: 172.7913
[2026-05-31 17:29:44]     O_clean_R: 221.2168
[2026-05-31 17:29:44]     O_clean_RC: 221.2669
[2026-05-31 17:29:44]     shared_pc1: 1.0000
[2026-05-31 17:29:44]     O_not_delta_from_shared: 221.2064
[2026-05-31 17:29:44]     R_delta_from_shared: 1.8074
[2026-05-31 17:29:44]     C_pc1_delta_from_shared: 0.3722
[2026-05-31 17:29:44]     A_delta_from_shared: 172.6515
[2026-05-31 17:29:44]   W_U gain (||WU@v||/||v||) and ratio to random:
[2026-05-31 17:29:44]     O_not: gain=8.63, ratio=1.28x random
[2026-05-31 17:29:44]     R: gain=54.44, ratio=8.08x random
[2026-05-31 17:29:44]     C_raw: gain=31.15, ratio=4.62x random
[2026-05-31 17:29:44]     C_pc1: gain=47.67, ratio=7.07x random
[2026-05-31 17:29:44]     A: gain=10.55, ratio=1.57x random
[2026-05-31 17:29:44]     O_clean_R: gain=7.38, ratio=1.10x random
[2026-05-31 17:29:44]     O_clean_RC: gain=6.19, ratio=0.92x random
[2026-05-31 17:29:44]     shared_pc1: gain=54.45, ratio=8.08x random
[2026-05-31 17:29:44]     O_not_delta_from_shared: gain=7.34, ratio=1.09x random
[2026-05-31 17:29:44]     R_delta_from_shared: gain=9.76, ratio=1.45x random
[2026-05-31 17:29:44]     C_pc1_delta_from_shared: gain=10.75, ratio=1.60x random
[2026-05-31 17:29:44]     A_delta_from_shared: gain=8.82, ratio=1.31x random
[2026-05-31 17:29:44]   Target token logit changes (W_U@v[target]/||v||):
[2026-05-31 17:29:44]     O_not: not=-0.0102, happy=0.0075, sad=0.0179
[2026-05-31 17:29:44]     R: not=-0.0263, happy=0.0065, sad=0.0231
[2026-05-31 17:29:44]     C_raw: not=-0.0101, happy=-0.0145, sad=-0.0028
[2026-05-31 17:29:44]     C_pc1: not=0.0242, happy=-0.0022, sad=-0.0097
[2026-05-31 17:29:44]     A: not=0.0006, happy=0.0170, sad=-0.0124
[2026-05-31 17:29:44]     O_clean_R: not=-0.0093, happy=0.0073, sad=0.0171
[2026-05-31 17:29:44]     O_clean_RC: not=-0.0079, happy=0.0071, sad=0.0165
[2026-05-31 17:29:44]     shared_pc1: not=0.0263, happy=-0.0065, sad=-0.0232
[2026-05-31 17:29:44]     O_not_delta_from_shared: not=-0.0093, happy=0.0073, sad=0.0171
[2026-05-31 17:29:44]     R_delta_from_shared: not=0.0072, happy=-0.0165, sad=-0.0071
[2026-05-31 17:29:44]     C_pc1_delta_from_shared: not=-0.0006, happy=0.0103, sad=0.0317
[2026-05-31 17:29:44]     A_delta_from_shared: not=0.0017, happy=0.0168, sad=-0.0134
[2026-05-31 17:29:44]   Jacobian gain and ratio to random:
[2026-05-31 17:29:44]     O_not: jac_gain=27.0391, ratio=0.93x random, delta_not=0.0000
[2026-05-31 17:29:44]     R: jac_gain=19.0425, ratio=0.66x random, delta_not=0.0312
[2026-05-31 17:29:44]     C_raw: jac_gain=23.7430, ratio=0.82x random, delta_not=0.0000
[2026-05-31 17:29:44]     C_pc1: jac_gain=17.6155, ratio=0.61x random, delta_not=0.0312
[2026-05-31 17:29:44]     A: jac_gain=32.2220, ratio=1.11x random, delta_not=0.0312
[2026-05-31 17:29:44]     O_clean_R: jac_gain=27.0391, ratio=0.93x random, delta_not=0.0000
[2026-05-31 17:29:44]     O_clean_RC: jac_gain=26.9498, ratio=0.93x random, delta_not=0.0000
[2026-05-31 17:29:44]     shared_pc1: jac_gain=17.6959, ratio=0.61x random, delta_not=0.0312
[2026-05-31 17:29:44]     O_not_delta_from_shared: jac_gain=27.0391, ratio=0.93x random, delta_not=0.0000
[2026-05-31 17:29:44]     R_delta_from_shared: jac_gain=24.9741, ratio=0.86x random, delta_not=0.0000
[2026-05-31 17:29:44]     C_pc1_delta_from_shared: jac_gain=111.0314, ratio=3.83x random, delta_not=-0.0312
[2026-05-31 17:29:44]     A_delta_from_shared: jac_gain=31.5203, ratio=1.09x random, delta_not=0.0312
[2026-05-31 17:29:44]   AMPLIFICATION SOURCE:
[2026-05-31 17:29:44]     O_not: jac/wu = 3.1320
[2026-05-31 17:29:44]     O_clean_R: jac/wu = 3.6635
[2026-05-31 17:29:44]     Delta amplified more: O_clean_R
[2026-05-31 17:29:44]     Amplification ratio: 1.1697
[2026-05-31 17:29:44] Model deepseek7b released.
