[2026-05-29 14:16:35] ============================================================
[2026-05-29 14:16:35] Phase 294: Token Alignment Fix ¡ª glm4
[2026-05-29 14:16:35] ============================================================
[2026-05-29 14:16:37] Loading glm4 (bf16, device_map=auto)...
[2026-05-29 14:16:38]   attn_implementation=flash_attention_2 failed: FlashAttention2 has been toggled on, but it cannot be used due to the following 
[2026-05-29 14:16:48]   Loaded with attn=sdpa, GPU=9.0GB
[2026-05-29 14:16:48]   GPU: 19 (0-18), CPU: 21 (19-39)
[2026-05-29 14:16:48] Model: GlmForCausalLM, L=40, d=4096
[2026-05-29 14:16:57] Pairs: 60 negation (6 subtypes)
[2026-05-29 14:16:57] 
=== CAPTURE + ALIGNMENT ===
[2026-05-29 14:16:59]   [adj_happy] A=['[gmask]', '<sop>', 'she', 'is', 'happy'] B=['[gmask]', '<sop>', 'she', 'is', 'not', 'happy'] prefix=4 suffix=1 opB=4 opndA=4 opndB=5 lastA=4 lastB=5 diff=1
[2026-05-29 14:17:01]   [adj_open] A=['[gmask]', '<sop>', 'the', 'door', 'is', 'open'] B=['[gmask]', '<sop>', 'the', 'door', 'is', 'not', 'open'] prefix=5 suffix=1 opB=5 opndA=5 opndB=6 lastA=5 lastB=6 diff=1
[2026-05-29 14:17:03]   [adj_possible] A=['[gmask]', '<sop>', 'v', 'ictory', 'is', 'possible'] B=['[gmask]', '<sop>', 'v', 'ictory', 'is', 'not', 'possible'] prefix=5 suffix=1 opB=5 opndA=5 opndB=6 lastA=5 lastB=6 diff=1
[2026-05-29 14:17:17]   [10/60] 20s, GPU=9.0GB
[2026-05-29 14:17:37]   [20/60] 40s, GPU=9.0GB
[2026-05-29 14:17:57]   [30/60] 60s, GPU=9.0GB
[2026-05-29 14:18:17]   [40/60] 80s, GPU=9.0GB
[2026-05-29 14:18:37]   [50/60] 100s, GPU=9.0GB
[2026-05-29 14:18:58]   [60/60] 121s, GPU=9.0GB
[2026-05-29 14:18:58]   Capture+Align: 60 pairs, 121s
[2026-05-29 14:18:58] 
  Alignment summary:
[2026-05-29 14:18:58]     lexical_not_adj: n=10, mean_len_diff=1.0, same_operand_pos=0/10
[2026-05-29 14:18:58]     syntactic_do_not: n=10, mean_len_diff=2.0, same_operand_pos=0/10
[2026-05-29 14:18:58]     existential_no: n=10, mean_len_diff=0.2, same_operand_pos=3/10
[2026-05-29 14:18:58]     never: n=10, mean_len_diff=0.4, same_operand_pos=7/10
[2026-05-29 14:18:58]     morphological_neg: n=10, mean_len_diff=0.1, same_operand_pos=9/10
[2026-05-29 14:18:58]     scope_quantifier: n=10, mean_len_diff=1.5, same_operand_pos=0/10
[2026-05-29 14:18:58] 
=== EXP A: B¡úA Position Patching (aligned + misaligned) ===
[2026-05-29 14:37:28]   ExpA L2/40 360/28800 (0.3/s) ETA=87695s
[2026-05-29 14:55:45]   ExpA L4/40 720/28800 (0.3/s) ETA=86104s
[2026-05-29 15:14:06]   ExpA L6/40 1080/28800 (0.3/s) ETA=84905s
