[2026-06-01 11:47:52] === Phase 323: Path Component Decomposition for glm4 ===
[2026-06-01 11:47:54]   flash_attention_2 failed: FlashAttention2 has been toggled on, but it cannot be used due to the following 
[2026-06-01 11:48:04]   Loaded glm4 with attn_impl=sdpa
[2026-06-01 11:48:04]   Loaded glm4: GlmForCausalLM, device=cuda:0, GPU=8.99GB
[2026-06-01 11:48:04]   n_layers=40, d_model=4096, mlp_type=merged_gate_up
[2026-06-01 11:48:05]   W_U shape: (151552, 4096)
[2026-06-01 11:48:05] 
============================================================
[2026-06-01 11:48:05] Test 1: Component Output Analysis at Optimal Layer
[2026-06-01 11:48:05] ============================================================
[2026-06-01 11:48:05]   Pair 0: apple→red at L1...
[2026-06-01 11:48:18]     L1: dir_norm=0.847, cos_wu=-0.0217, attn_norm=0.203(0.24), mlp_norm=0.511(0.60), cos_attn_wu=0.0179, cos_mlp_wu=-0.0314
[2026-06-01 11:48:18]   Pair 0: apple→red at L2...
[2026-06-01 11:48:20]     L2: dir_norm=1.243, cos_wu=-0.0274, attn_norm=0.240(0.19), mlp_norm=0.659(0.53), cos_attn_wu=0.0084, cos_mlp_wu=-0.0268
[2026-06-01 11:48:20]   Pair 0: apple→red at L3...
[2026-06-01 11:48:22]     L3: dir_norm=1.632, cos_wu=-0.0158, attn_norm=0.683(0.42), mlp_norm=0.803(0.49), cos_attn_wu=0.0055, cos_mlp_wu=0.0055
[2026-06-01 11:48:22]   Pair 0: apple→red at L4...
[2026-06-01 11:48:24]     L4: dir_norm=2.213, cos_wu=0.0023, attn_norm=0.633(0.29), mlp_norm=1.209(0.55), cos_attn_wu=0.0149, cos_mlp_wu=0.0178
[2026-06-01 11:48:24]   Pair 0: apple→red at L5...
[2026-06-01 11:48:26]     L5: dir_norm=2.566, cos_wu=-0.0013, attn_norm=0.422(0.16), mlp_norm=1.344(0.52), cos_attn_wu=0.0046, cos_mlp_wu=-0.0078
[2026-06-01 11:48:26]   Pair 1: sky→blue at L1...
[2026-06-01 11:48:29]   Pair 1: sky→blue at L2...
[2026-06-01 11:48:31]   Pair 1: sky→blue at L3...
[2026-06-01 11:48:33]   Pair 1: sky→blue at L4...
[2026-06-01 11:48:35]   Pair 1: sky→blue at L5...
[2026-06-01 11:48:37]   Pair 2: fire→hot at L1...
[2026-06-01 11:48:39]   Pair 2: fire→hot at L2...
[2026-06-01 11:48:42]   Pair 2: fire→hot at L3...
[2026-06-01 11:48:44]   Pair 2: fire→hot at L4...
[2026-06-01 11:48:46]   Pair 2: fire→hot at L5...
[2026-06-01 11:48:48]   Pair 3: ice→cold at L1...
[2026-06-01 11:48:50]   Pair 3: ice→cold at L2...
[2026-06-01 11:48:53]   Pair 3: ice→cold at L3...
[2026-06-01 11:48:55]   Pair 3: ice→cold at L4...
[2026-06-01 11:48:57]   Pair 3: ice→cold at L5...
[2026-06-01 11:48:59]   Pair 4: lemon→sour at L1...
[2026-06-01 11:49:01]   Pair 4: lemon→sour at L2...
[2026-06-01 11:49:03]   Pair 4: lemon→sour at L3...
[2026-06-01 11:49:06]   Pair 4: lemon→sour at L4...
[2026-06-01 11:49:08]   Pair 4: lemon→sour at L5...
[2026-06-01 11:49:10]   Pair 5: honey→sweet at L1...
[2026-06-01 11:49:12]   Pair 5: honey→sweet at L2...
[2026-06-01 11:49:14]   Pair 5: honey→sweet at L3...
[2026-06-01 11:49:16]   Pair 5: honey→sweet at L4...
[2026-06-01 11:49:19]   Pair 5: honey→sweet at L5...
[2026-06-01 11:49:21] 
  Component Analysis Summary (mean across pairs):
[2026-06-01 11:49:21]     L1: attn_norm=0.218, mlp_norm=0.588, attn_ratio=0.235, mlp_ratio=0.628, cos_attn_wu=0.0010, cos_mlp_wu=0.0039
[2026-06-01 11:49:21]     L2: attn_norm=0.297, mlp_norm=0.723, attn_ratio=0.219, mlp_ratio=0.534, cos_attn_wu=0.0059, cos_mlp_wu=-0.0095
[2026-06-01 11:49:21]     L3: attn_norm=0.510, mlp_norm=0.787, attn_ratio=0.302, mlp_ratio=0.464, cos_attn_wu=0.0015, cos_mlp_wu=0.0038
[2026-06-01 11:49:21]     L4: attn_norm=0.653, mlp_norm=1.149, attn_ratio=0.294, mlp_ratio=0.517, cos_attn_wu=-0.0040, cos_mlp_wu=0.0079
[2026-06-01 11:49:21]     L5: attn_norm=0.395, mlp_norm=1.298, attn_ratio=0.154, mlp_ratio=0.505, cos_attn_wu=-0.0027, cos_mlp_wu=-0.0042
[2026-06-01 11:49:21] 
============================================================
[2026-06-01 11:49:21] Test 2: Component Ablation at Optimal Layer
[2026-06-01 11:49:21] ============================================================
[2026-06-01 11:49:21]   Ablation: apple→red at L3...
[2026-06-01 11:49:28]     full=0.8594, attn_abl=0.8281, mlp_abl=0.0625, both_abl=0.1562
[2026-06-01 11:49:28]     attn_importance=0.0312, mlp_importance=0.7969
[2026-06-01 11:49:28]   Ablation: sky→blue at L3...
[2026-06-01 11:49:36]     full=0.7656, attn_abl=0.5781, mlp_abl=0.3906, both_abl=0.1562
[2026-06-01 11:49:36]     attn_importance=0.1875, mlp_importance=0.3750
[2026-06-01 11:49:36]   Ablation: fire→hot at L3...
[2026-06-01 11:49:44]     full=1.5469, attn_abl=1.5000, mlp_abl=1.3359, both_abl=1.2344
[2026-06-01 11:49:44]     attn_importance=0.0469, mlp_importance=0.2109
[2026-06-01 11:49:44]   Ablation: ice→cold at L3...
[2026-06-01 11:49:51]   Ablation: lemon→sour at L3...
[2026-06-01 11:49:59]   Ablation: honey→sweet at L3...
[2026-06-01 11:50:06] 
  Ablation Summary (mean across pairs):
[2026-06-01 11:50:06]     full_delta_mean=0.8603
[2026-06-01 11:50:06]     attn_importance_mean=0.0523
[2026-06-01 11:50:06]     mlp_importance_mean=0.4598
[2026-06-01 11:50:06]     → MLP is more important for causal efficacy
[2026-06-01 11:50:06] 
============================================================
[2026-06-01 11:50:06] Test 3: Component Replacement (Replace attn or MLP output)
[2026-06-01 11:50:06] ============================================================
[2026-06-01 11:50:06]   Replacement: apple→strawberry (red/red) at L3...
[2026-06-01 11:50:16]     full_dir=0.6250, attn_inject=1.1094, mlp_inject=0.7656
[2026-06-01 11:50:16]   Replacement: sky→ocean (blue/blue) at L3...
[2026-06-01 11:50:24]     full_dir=2.3125, attn_inject=0.3125, mlp_inject=0.5000
[2026-06-01 11:50:24]   Replacement: fire→stove (hot/hot) at L3...
[2026-06-01 11:50:33]     full_dir=0.6172, attn_inject=-0.2227, mlp_inject=-0.2812
[2026-06-01 11:50:33]   Replacement: ice→frost (cold/cold) at L3...
[2026-06-01 11:50:41]     full_dir=0.9689, attn_inject=0.4141, mlp_inject=0.3047
[2026-06-01 11:50:41] 
============================================================
[2026-06-01 11:50:41] Test 4: Cluster Readout Analysis
[2026-06-01 11:50:41] ============================================================
[2026-06-01 11:50:46]     apple→red: target_delta=1.4283, competitor_delta=0.4082, object_delta=1.1174, specificity=1.0201
[2026-06-01 11:50:50]     sky→blue: target_delta=1.0117, competitor_delta=0.6029, object_delta=-0.0137, specificity=0.4088
[2026-06-01 11:50:54]     fire→hot: target_delta=1.0459, competitor_delta=1.1089, object_delta=0.4463, specificity=-0.0630
[2026-06-01 11:51:07] 
============================================================
[2026-06-01 11:51:07] Test 5: Component Sensitivity (How does injection affect attn/mlp?)
[2026-06-01 11:51:07] ============================================================
[2026-06-01 11:51:12]     L1→L2: attn_sens=0.4228, mlp_sens=0.6134
[2026-06-01 11:51:16]     L2→L3: attn_sens=0.7547, mlp_sens=0.7213
[2026-06-01 11:51:20]     L3→L4: attn_sens=0.5686, mlp_sens=0.9943
[2026-06-01 11:51:24]     L4→L5: attn_sens=0.6110, mlp_sens=0.9646
[2026-06-01 11:51:29]     L5→L6: attn_sens=0.6874, mlp_sens=1.0322
[2026-06-01 11:52:33] Results saved to results\phase323_path_decomp\glm4_phase323.json
[2026-06-01 11:52:33] 
============================================================
[2026-06-01 11:52:33] PHASE 323 SUMMARY - glm4
[2026-06-01 11:52:33] ============================================================
[2026-06-01 11:52:33] 
  Component Analysis:
[2026-06-01 11:52:33]     L1: attn_ratio=0.235, mlp_ratio=0.628, cos_attn_wu=0.0010, cos_mlp_wu=0.0039
[2026-06-01 11:52:33]     L2: attn_ratio=0.219, mlp_ratio=0.534, cos_attn_wu=0.0059, cos_mlp_wu=-0.0095
[2026-06-01 11:52:33]     L3: attn_ratio=0.302, mlp_ratio=0.464, cos_attn_wu=0.0015, cos_mlp_wu=0.0038
[2026-06-01 11:52:33]     L4: attn_ratio=0.294, mlp_ratio=0.517, cos_attn_wu=-0.0040, cos_mlp_wu=0.0079
[2026-06-01 11:52:33]     L5: attn_ratio=0.154, mlp_ratio=0.505, cos_attn_wu=-0.0027, cos_mlp_wu=-0.0042
[2026-06-01 11:52:33] 
  Ablation Results:
[2026-06-01 11:52:33]     full_delta=0.8603, attn_importance=0.0523, mlp_importance=0.4598
[2026-06-01 11:52:33] 
  Cluster Readout:
[2026-06-01 11:52:33]     target_cluster_delta=0.7931
[2026-06-01 11:52:33]     competitor_cluster_delta=0.8205
[2026-06-01 11:52:33]     object_cluster_delta=0.8482
[2026-06-01 11:52:33]     specificity=-0.0274
[2026-06-01 11:52:33] Model glm4 released. Total time: 281.7s
