[2026-06-01 14:05:47] === Phase 324b: Color Type>Value Confirmation for deepseek7b ===
[2026-06-01 14:06:01]   Loaded deepseek7b with attn_impl=sdpa
[2026-06-01 14:06:01]   Model: Qwen2ForCausalLM, device=cuda:0, GPU=9.01GB
[2026-06-01 14:06:01]   n_layers=28, d_model=3584
[2026-06-01 14:06:01] 
============================================================
[2026-06-01 14:06:01] Test 1: Full 30-pair color Type vs Value — Multi-Alpha
[2026-06-01 14:06:01] ============================================================
[2026-06-01 14:07:00]     α=1.0 pair 10/30 done
[2026-06-01 14:07:53]     α=1.0 pair 20/30 done
[2026-06-01 14:08:46]     α=1.0 pair 30/30 done
[2026-06-01 14:08:46]   α=1.0: slot_tgt=0.3473, type_tgt=0.1326, value_tgt=0.0382, type/value=3.47
[2026-06-01 14:09:38]     α=2.0 pair 10/30 done
[2026-06-01 14:10:31]     α=2.0 pair 20/30 done
[2026-06-01 14:11:24]     α=2.0 pair 30/30 done
[2026-06-01 14:11:24]   α=2.0: slot_tgt=0.0026, type_tgt=0.3858, value_tgt=-0.0324, type/value=385.81
[2026-06-01 14:12:17]     α=3.0 pair 10/30 done
[2026-06-01 14:13:10]     α=3.0 pair 20/30 done
[2026-06-01 14:14:02]     α=3.0 pair 30/30 done
[2026-06-01 14:14:02]   α=3.0: slot_tgt=0.0207, type_tgt=0.2084, value_tgt=0.3415, type/value=0.61
[2026-06-01 14:14:02] 
============================================================
[2026-06-01 14:14:02] Test 2: Taste & Texture Full 30-pair
[2026-06-01 14:14:02] ============================================================
[2026-06-01 14:14:54]     taste pair 10/30 done
[2026-06-01 14:15:47]     taste pair 20/30 done
[2026-06-01 14:16:40]     taste pair 30/30 done
[2026-06-01 14:16:40]   taste: slot_tgt=-0.0095, type_tgt=0.0305, value_tgt=0.0210
[2026-06-01 14:17:33]     texture pair 10/30 done
[2026-06-01 14:18:26]     texture pair 20/30 done
[2026-06-01 14:19:19]     texture pair 30/30 done
[2026-06-01 14:19:19]   texture: slot_tgt=-0.2585, type_tgt=-0.2484, value_tgt=-0.1578
[2026-06-01 14:19:19] 
============================================================
[2026-06-01 14:19:19] Test 3: Binding at Low Alpha (0.5, 1.0)
[2026-06-01 14:19:19] ============================================================
[2026-06-01 14:21:10] 
  Binding by alpha and level:
[2026-06-01 14:21:10]     α=0.5/slot: binding=0.0127
[2026-06-01 14:21:10]     α=0.5/type: binding=-0.0323
[2026-06-01 14:21:10]     α=0.5/value: binding=-0.0418
[2026-06-01 14:21:10]     α=1.0/slot: binding=-0.0362
[2026-06-01 14:21:10]     α=1.0/type: binding=-0.0245
[2026-06-01 14:21:10]     α=1.0/value: binding=0.0071
[2026-06-01 14:21:10]     α=2.0/slot: binding=0.0076
[2026-06-01 14:21:10]     α=2.0/type: binding=-0.0206
[2026-06-01 14:21:10]     α=2.0/value: binding=-0.0116
[2026-06-01 14:21:10] Results saved to results\phase324b_color\deepseek7b_phase324b.json
[2026-06-01 14:21:10] 
============================================================
[2026-06-01 14:21:10] PHASE 324b SUMMARY - deepseek7b
[2026-06-01 14:21:10] ============================================================
[2026-06-01 14:21:10] 
  Color Full 30-pair:
[2026-06-01 14:21:10]     α=1.0: type_tgt=0.1326, value_tgt=0.0382, type/value=3.47
[2026-06-01 14:21:10]     α=2.0: type_tgt=0.3858, value_tgt=-0.0324, type/value=385.81
[2026-06-01 14:21:10]     α=3.0: type_tgt=0.2084, value_tgt=0.3415, type/value=0.61
[2026-06-01 14:21:10] 
  Taste Full 30-pair:
[2026-06-01 14:21:10]     slot_tgt=-0.0095, type_tgt=0.0305, value_tgt=0.0210
[2026-06-01 14:21:10] 
  Texture Full 30-pair:
[2026-06-01 14:21:10]     slot_tgt=-0.2585, type_tgt=-0.2484, value_tgt=-0.1578
[2026-06-01 14:21:10] 
  Binding at low alpha:
[2026-06-01 14:21:10]     α=0.5/slot: binding=0.0127
[2026-06-01 14:21:10]     α=0.5/type: binding=-0.0323
[2026-06-01 14:21:10]     α=0.5/value: binding=-0.0418
[2026-06-01 14:21:10]     α=1.0/slot: binding=-0.0362
[2026-06-01 14:21:10]     α=1.0/type: binding=-0.0245
[2026-06-01 14:21:10]     α=1.0/value: binding=0.0071
[2026-06-01 14:21:10]     α=2.0/slot: binding=0.0076
[2026-06-01 14:21:10]     α=2.0/type: binding=-0.0206
[2026-06-01 14:21:10]     α=2.0/value: binding=-0.0116
[2026-06-01 14:21:11] Model deepseek7b released. Total time: 923.9s
