[2026-06-01 14:36:00] === Phase 325: Specialized Template Confirmation for glm4 ===
[2026-06-01 14:36:12]   Loaded glm4 with attn_impl=sdpa
[2026-06-01 14:36:12]   Model: GlmForCausalLM, device=cuda:0, GPU=8.99GB
[2026-06-01 14:36:12]   n_layers=40, d_model=4096
[2026-06-01 14:36:12] 
============================================================
[2026-06-01 14:36:12] Test 1: Generic vs Specialized Template Comparison
[2026-06-01 14:36:12] ============================================================
[2026-06-01 14:36:12] 
  --- color ---
[2026-06-01 14:38:19]     color pair 5/15 done
[2026-06-01 14:40:14]     color pair 10/15 done
[2026-06-01 14:42:11]     color pair 15/15 done
[2026-06-01 14:42:11]   color Generic:    slot=-0.7124, type=1.3051, value=-0.3292
[2026-06-01 14:42:11]   color Specialized: slot=0.3426, type=1.3635, value=-0.2527
[2026-06-01 14:42:11]   Improvement: {'slot': -0.48, 'type': 1.04, 'value': 0.77}
[2026-06-01 14:42:11] 
  --- taste ---
[2026-06-01 14:44:07]     taste pair 5/15 done
[2026-06-01 14:46:02]     taste pair 10/15 done
[2026-06-01 14:47:57]     taste pair 15/15 done
[2026-06-01 14:47:57]   taste Generic:    slot=-1.6879, type=0.2251, value=-0.6210
[2026-06-01 14:47:57]   taste Specialized: slot=-0.0106, type=-0.1741, value=-0.3550
[2026-06-01 14:47:57]   Improvement: {'slot': 0.01, 'type': -0.77, 'value': 0.57}
[2026-06-01 14:47:57] 
  --- temperature ---
[2026-06-01 14:49:53]     temperature pair 5/15 done
[2026-06-01 14:51:50]     temperature pair 10/15 done
[2026-06-01 14:53:53]     temperature pair 15/15 done
[2026-06-01 14:53:54]   temperature Generic:    slot=-1.0605, type=0.0534, value=0.1312
[2026-06-01 14:53:54]   temperature Specialized: slot=0.5715, type=-0.0544, value=0.5126
[2026-06-01 14:53:54]   Improvement: {'slot': -0.54, 'type': -1.02, 'value': 3.91}
[2026-06-01 14:53:54] 
  --- texture ---
[2026-06-01 14:55:54]     texture pair 5/15 done
[2026-06-01 14:57:50]     texture pair 10/15 done
[2026-06-01 14:59:46]     texture pair 15/15 done
[2026-06-01 14:59:46]   texture Generic:    slot=-0.8339, type=0.8361, value=1.3687
[2026-06-01 14:59:46]   texture Specialized: slot=-0.4114, type=2.5065, value=0.5005
[2026-06-01 14:59:46]   Improvement: {'slot': 0.49, 'type': 3.0, 'value': 0.37}
[2026-06-01 14:59:46] 
  --- shape ---
[2026-06-01 15:01:42]     shape pair 5/15 done
[2026-06-01 15:03:38]     shape pair 10/15 done
[2026-06-01 15:05:34]     shape pair 15/15 done
[2026-06-01 15:05:34]   shape Generic:    slot=-0.3054, type=0.2074, value=0.4973
[2026-06-01 15:05:34]   shape Specialized: slot=0.6658, type=0.8125, value=0.5837
[2026-06-01 15:05:34]   Improvement: {'slot': -2.18, 'type': 3.92, 'value': 1.17}
[2026-06-01 15:05:34] 
  --- size ---
[2026-06-01 15:07:29]     size pair 5/15 done
[2026-06-01 15:09:25]     size pair 10/15 done
[2026-06-01 15:11:21]     size pair 15/15 done
[2026-06-01 15:11:21]   size Generic:    slot=-0.9302, type=-0.7084, value=-0.2717
[2026-06-01 15:11:21]   size Specialized: slot=-0.5567, type=-0.7005, value=0.0004
[2026-06-01 15:11:21]   Improvement: {'slot': 0.6, 'type': 0.99, 'value': -0.0}
[2026-06-01 15:11:21] 
============================================================
[2026-06-01 15:11:21] Test 2: Cross-Template Consistency (Specialized)
[2026-06-01 15:11:21] ============================================================
[2026-06-01 15:11:21] 
  --- color consistency ---
[2026-06-01 15:13:02]   color: slot=0.6146, type=0.9309, value=0.9258
[2026-06-01 15:13:02] 
  --- taste consistency ---
[2026-06-01 15:14:43]   taste: slot=0.5455, type=0.6823, value=0.531
[2026-06-01 15:14:43] 
  --- temperature consistency ---
[2026-06-01 15:16:23]   temperature: slot=0.8636, type=0.9013, value=0.4946
[2026-06-01 15:16:23] 
  --- texture consistency ---
[2026-06-01 15:18:04]   texture: slot=0.879, type=0.5213, value=0.5368
[2026-06-01 15:18:04] 
  --- shape consistency ---
[2026-06-01 15:19:49]   shape: slot=0.5468, type=0.5484, value=0.8391
[2026-06-01 15:19:49] 
  --- size consistency ---
[2026-06-01 15:21:38]   size: slot=0.5633, type=0.6422, value=0.5954
[2026-06-01 15:21:38] 
============================================================
[2026-06-01 15:21:38] Test 3: Best Level per Attribute Type
[2026-06-01 15:21:38] ============================================================
[2026-06-01 15:21:38]   color: best=type (1.3635), slot=0.3426, type=1.3635, value=-0.2527
[2026-06-01 15:21:38]   taste: best=none (all negative) (-0.0106), slot=-0.0106, type=-0.1741, value=-0.3550
[2026-06-01 15:21:38]   temperature: best=slot (0.5715), slot=0.5715, type=-0.0544, value=0.5126
[2026-06-01 15:21:38]   texture: best=type (2.5065), slot=-0.4114, type=2.5065, value=0.5005
[2026-06-01 15:21:38]   shape: best=type (0.8125), slot=0.6658, type=0.8125, value=0.5837
[2026-06-01 15:21:38]   size: best=value (0.0004), slot=-0.5567, type=-0.7005, value=0.0004
[2026-06-01 15:21:38] Results saved to results\phase325_specialized\glm4_phase325.json
[2026-06-01 15:21:38] 
============================================================
[2026-06-01 15:21:38] PHASE 325 SUMMARY - glm4
[2026-06-01 15:21:38] ============================================================
[2026-06-01 15:21:38] 
  Generic vs Specialized tgt_delta comparison:
[2026-06-01 15:21:38]     color:
[2026-06-01 15:21:38]       Generic:    slot=-0.7124, type=1.3051, value=-0.3292
[2026-06-01 15:21:38]       Specialized: slot=0.3426, type=1.3635, value=-0.2527
[2026-06-01 15:21:38]       Improvement: {'slot': -0.48, 'type': 1.04, 'value': 0.77}
[2026-06-01 15:21:38]     taste:
[2026-06-01 15:21:38]       Generic:    slot=-1.6879, type=0.2251, value=-0.6210
[2026-06-01 15:21:38]       Specialized: slot=-0.0106, type=-0.1741, value=-0.3550
[2026-06-01 15:21:38]       Improvement: {'slot': 0.01, 'type': -0.77, 'value': 0.57}
[2026-06-01 15:21:38]     temperature:
[2026-06-01 15:21:38]       Generic:    slot=-1.0605, type=0.0534, value=0.1312
[2026-06-01 15:21:38]       Specialized: slot=0.5715, type=-0.0544, value=0.5126
[2026-06-01 15:21:38]       Improvement: {'slot': -0.54, 'type': -1.02, 'value': 3.91}
[2026-06-01 15:21:38]     texture:
[2026-06-01 15:21:38]       Generic:    slot=-0.8339, type=0.8361, value=1.3687
[2026-06-01 15:21:38]       Specialized: slot=-0.4114, type=2.5065, value=0.5005
[2026-06-01 15:21:38]       Improvement: {'slot': 0.49, 'type': 3.0, 'value': 0.37}
[2026-06-01 15:21:38]     shape:
[2026-06-01 15:21:38]       Generic:    slot=-0.3054, type=0.2074, value=0.4973
[2026-06-01 15:21:38]       Specialized: slot=0.6658, type=0.8125, value=0.5837
[2026-06-01 15:21:38]       Improvement: {'slot': -2.18, 'type': 3.92, 'value': 1.17}
[2026-06-01 15:21:38]     size:
[2026-06-01 15:21:38]       Generic:    slot=-0.9302, type=-0.7084, value=-0.2717
[2026-06-01 15:21:38]       Specialized: slot=-0.5567, type=-0.7005, value=0.0004
[2026-06-01 15:21:38]       Improvement: {'slot': 0.6, 'type': 0.99, 'value': -0.0}
[2026-06-01 15:21:38] 
  Best level per type (specialized):
[2026-06-01 15:21:38]     color: type (1.3635)
[2026-06-01 15:21:38]     taste: none (all negative) (-0.0106)
[2026-06-01 15:21:38]     temperature: slot (0.5715)
[2026-06-01 15:21:38]     texture: type (2.5065)
[2026-06-01 15:21:38]     shape: type (0.8125)
[2026-06-01 15:21:38]     size: value (0.0004)
[2026-06-01 15:21:38] 
  Cross-template consistency (specialized):
[2026-06-01 15:21:38]     color: slot=0.6146, type=0.9309, value=0.9258
[2026-06-01 15:21:38]     taste: slot=0.5455, type=0.6823, value=0.531
[2026-06-01 15:21:38]     temperature: slot=0.8636, type=0.9013, value=0.4946
[2026-06-01 15:21:38]     texture: slot=0.879, type=0.5213, value=0.5368
[2026-06-01 15:21:38]     shape: slot=0.5468, type=0.5484, value=0.8391
[2026-06-01 15:21:38]     size: slot=0.5633, type=0.6422, value=0.5954
[2026-06-01 15:21:40] Model glm4 released. Total time: 2740.1s
