[2026-06-01 11:17:22] === Phase 322: Indirect Readout Path Tracing for glm4 ===
[2026-06-01 11:17:23] Loading glm4 (bf16 + device_map=auto + flash_attention_2)...
[2026-06-01 11:17:24]   flash_attention_2 failed, trying next...
[2026-06-01 11:17:34]   Loaded with sdpa
[2026-06-01 11:17:34]   Model: GlmForCausalLM, device=cuda:0, GPU=8.99GB
[2026-06-01 11:17:34]   n_layers=40, d_model=4096, class=GlmForCausalLM
[2026-06-01 11:17:34] Loading W_U...
[2026-06-01 11:17:35]   W_U shape: (151552, 4096)
[2026-06-01 11:17:35] 
============================================================
[2026-06-01 11:17:35] Part A: Direction Transformation Tracing (Attribute)
[2026-06-01 11:17:35] ============================================================
[2026-06-01 11:17:50]   First pair transformation tracing:
[2026-06-01 11:17:50]     L4(+1): norm=2.2312, cos_tgt=-0.0053, cos_src=-0.0053, cos_orig=0.8540
[2026-06-01 11:17:50]     L5(+2): norm=2.3364, cos_tgt=-0.0071, cos_src=-0.0071, cos_orig=0.7702
[2026-06-01 11:17:50]     L6(+3): norm=2.3752, cos_tgt=-0.0143, cos_src=-0.0143, cos_orig=0.6808
[2026-06-01 11:17:50]     L7(+4): norm=2.5318, cos_tgt=-0.0010, cos_src=-0.0010, cos_orig=0.5987
[2026-06-01 11:17:50]     L8(+5): norm=2.8555, cos_tgt=0.0086, cos_src=0.0086, cos_orig=0.5006
[2026-06-01 11:17:50]     L9(+6): norm=2.9865, cos_tgt=0.0088, cos_src=0.0088, cos_orig=0.4442
[2026-06-01 11:17:50]     L10(+7): norm=3.0212, cos_tgt=-0.0028, cos_src=-0.0028, cos_orig=0.3977
[2026-06-01 11:17:50]     L11(+8): norm=2.9848, cos_tgt=-0.0055, cos_src=-0.0055, cos_orig=0.3654
[2026-06-01 11:17:50]     L12(+9): norm=2.9954, cos_tgt=0.0048, cos_src=0.0048, cos_orig=0.3408
[2026-06-01 11:17:50]     L13(+10): norm=3.0902, cos_tgt=-0.0013, cos_src=-0.0013, cos_orig=0.3082
[2026-06-01 11:17:50]     L14(+11): norm=3.3151, cos_tgt=-0.0042, cos_src=-0.0042, cos_orig=0.2967
[2026-06-01 11:17:50]     L15(+12): norm=3.6033, cos_tgt=-0.0130, cos_src=-0.0130, cos_orig=0.2932
[2026-06-01 11:17:50]     L16(+13): norm=3.9231, cos_tgt=-0.0102, cos_src=-0.0102, cos_orig=0.2815
[2026-06-01 11:17:50]     L17(+14): norm=4.3734, cos_tgt=-0.0088, cos_src=-0.0088, cos_orig=0.2645
[2026-06-01 11:17:50]     L18(+15): norm=4.7660, cos_tgt=-0.0092, cos_src=-0.0092, cos_orig=0.2715
[2026-06-01 11:17:50]     L19(+16): norm=5.1892, cos_tgt=-0.0192, cos_src=-0.0192, cos_orig=0.2668
[2026-06-01 11:17:50]     L20(+17): norm=5.8950, cos_tgt=-0.0098, cos_src=-0.0098, cos_orig=0.2680
[2026-06-01 11:17:50]     L21(+18): norm=6.8449, cos_tgt=-0.0234, cos_src=-0.0234, cos_orig=0.2717
[2026-06-01 11:17:50]     L22(+19): norm=8.2693, cos_tgt=-0.0293, cos_src=-0.0293, cos_orig=0.2682
[2026-06-01 11:17:50]     L23(+20): norm=9.9494, cos_tgt=-0.0181, cos_src=-0.0181, cos_orig=0.2497
[2026-06-01 11:17:50]     L24(+21): norm=12.6531, cos_tgt=-0.0116, cos_src=-0.0116, cos_orig=0.2462
[2026-06-01 11:17:50]     L25(+22): norm=15.8414, cos_tgt=-0.0071, cos_src=-0.0071, cos_orig=0.2469
[2026-06-01 11:17:50]     L26(+23): norm=18.5228, cos_tgt=-0.0037, cos_src=-0.0037, cos_orig=0.2278
[2026-06-01 11:17:50]     L27(+24): norm=21.5753, cos_tgt=0.0010, cos_src=0.0010, cos_orig=0.2219
[2026-06-01 11:17:50]     L28(+25): norm=24.6954, cos_tgt=0.0153, cos_src=0.0153, cos_orig=0.2014
[2026-06-01 11:17:50]     L29(+26): norm=27.5214, cos_tgt=0.0173, cos_src=0.0173, cos_orig=0.1976
[2026-06-01 11:17:50]     L30(+27): norm=31.0205, cos_tgt=0.0389, cos_src=0.0389, cos_orig=0.1946
[2026-06-01 11:17:50]     L31(+28): norm=34.8821, cos_tgt=0.0370, cos_src=0.0370, cos_orig=0.1982
[2026-06-01 11:17:50]     L32(+29): norm=36.5036, cos_tgt=0.0306, cos_src=0.0306, cos_orig=0.1834
[2026-06-01 11:17:50]     L33(+30): norm=38.6656, cos_tgt=0.0108, cos_src=0.0108, cos_orig=0.1669
[2026-06-01 11:17:50]     L34(+31): norm=40.9616, cos_tgt=0.0005, cos_src=0.0005, cos_orig=0.1551
[2026-06-01 11:17:50]     L35(+32): norm=44.2416, cos_tgt=0.0017, cos_src=0.0017, cos_orig=0.1436
[2026-06-01 11:17:50]     L36(+33): norm=48.6451, cos_tgt=-0.0003, cos_src=-0.0003, cos_orig=0.1372
[2026-06-01 11:17:50]     L37(+34): norm=54.0239, cos_tgt=-0.0130, cos_src=-0.0130, cos_orig=0.1343
[2026-06-01 11:17:50]     L38(+35): norm=88.9183, cos_tgt=-0.0074, cos_src=-0.0074, cos_orig=0.0999
[2026-06-01 11:17:50]     L39(+36): norm=124.1602, cos_tgt=-0.0023, cos_src=-0.0023, cos_orig=0.0865
[2026-06-01 11:18:11] 
  Attribute direction transformation by distance from injection layer:
[2026-06-01 11:18:11]   +1 layers: norm=2.1873, cos_tgt=-0.0058, cos_src=-0.0058, cos_orig=0.8682
[2026-06-01 11:18:11]   +2 layers: norm=2.2844, cos_tgt=-0.0057, cos_src=-0.0057, cos_orig=0.7838
[2026-06-01 11:18:11]   +3 layers: norm=2.3437, cos_tgt=-0.0114, cos_src=-0.0114, cos_orig=0.7007
[2026-06-01 11:18:11]   +4 layers: norm=2.4917, cos_tgt=-0.0081, cos_src=-0.0081, cos_orig=0.6197
[2026-06-01 11:18:11]   +5 layers: norm=2.7069, cos_tgt=-0.0034, cos_src=-0.0034, cos_orig=0.5381
[2026-06-01 11:18:11]   +6 layers: norm=2.8863, cos_tgt=-0.0032, cos_src=-0.0032, cos_orig=0.4712
[2026-06-01 11:18:11]   +7 layers: norm=2.9726, cos_tgt=-0.0015, cos_src=-0.0015, cos_orig=0.4311
[2026-06-01 11:18:11]   +8 layers: norm=3.0744, cos_tgt=-0.0025, cos_src=-0.0025, cos_orig=0.4007
[2026-06-01 11:18:11]   +9 layers: norm=3.1998, cos_tgt=0.0076, cos_src=0.0076, cos_orig=0.3768
[2026-06-01 11:18:11]   +10 layers: norm=3.3973, cos_tgt=0.0029, cos_src=0.0029, cos_orig=0.3520
[2026-06-01 11:18:11]   +11 layers: norm=3.6616, cos_tgt=0.0010, cos_src=0.0010, cos_orig=0.3330
[2026-06-01 11:18:11]   +12 layers: norm=3.9499, cos_tgt=0.0029, cos_src=0.0029, cos_orig=0.3202
[2026-06-01 11:18:11]   +13 layers: norm=4.3252, cos_tgt=0.0017, cos_src=0.0017, cos_orig=0.3117
[2026-06-01 11:18:11]   +14 layers: norm=4.8387, cos_tgt=-0.0011, cos_src=-0.0011, cos_orig=0.2990
[2026-06-01 11:18:11]   +15 layers: norm=5.2887, cos_tgt=-0.0006, cos_src=-0.0006, cos_orig=0.3052
[2026-06-01 11:18:11]   +16 layers: norm=5.8100, cos_tgt=-0.0036, cos_src=-0.0036, cos_orig=0.2965
[2026-06-01 11:18:11]   +17 layers: norm=6.5588, cos_tgt=-0.0022, cos_src=-0.0022, cos_orig=0.2906
[2026-06-01 11:18:11]   +18 layers: norm=7.7127, cos_tgt=-0.0055, cos_src=-0.0055, cos_orig=0.2905
[2026-06-01 11:18:11]   +19 layers: norm=9.5642, cos_tgt=-0.0066, cos_src=-0.0066, cos_orig=0.2843
[2026-06-01 11:18:11]   +20 layers: norm=11.7641, cos_tgt=-0.0094, cos_src=-0.0094, cos_orig=0.2643
[2026-06-01 11:18:11]   +21 layers: norm=14.9883, cos_tgt=-0.0047, cos_src=-0.0047, cos_orig=0.2509
[2026-06-01 11:18:11]   +22 layers: norm=18.7930, cos_tgt=-0.0038, cos_src=-0.0038, cos_orig=0.2446
[2026-06-01 11:18:11]   +23 layers: norm=22.5467, cos_tgt=-0.0021, cos_src=-0.0021, cos_orig=0.2251
[2026-06-01 11:18:11]   +24 layers: norm=26.5167, cos_tgt=-0.0008, cos_src=-0.0008, cos_orig=0.2179
[2026-06-01 11:18:11]   +25 layers: norm=30.6190, cos_tgt=0.0009, cos_src=0.0009, cos_orig=0.2027
[2026-06-01 11:18:11]   +26 layers: norm=34.8633, cos_tgt=0.0013, cos_src=0.0013, cos_orig=0.1941
[2026-06-01 11:18:11]   +27 layers: norm=38.7030, cos_tgt=0.0140, cos_src=0.0140, cos_orig=0.1885
[2026-06-01 11:18:11]   +28 layers: norm=43.2871, cos_tgt=0.0140, cos_src=0.0140, cos_orig=0.1861
[2026-06-01 11:18:11]   +29 layers: norm=45.8405, cos_tgt=0.0147, cos_src=0.0147, cos_orig=0.1759
[2026-06-01 11:18:11]   +30 layers: norm=49.0922, cos_tgt=0.0143, cos_src=0.0143, cos_orig=0.1645
[2026-06-01 11:18:11]   +31 layers: norm=51.2700, cos_tgt=0.0034, cos_src=0.0034, cos_orig=0.1570
[2026-06-01 11:18:11]   +32 layers: norm=54.8701, cos_tgt=0.0003, cos_src=0.0003, cos_orig=0.1458
[2026-06-01 11:18:11]   +33 layers: norm=59.1584, cos_tgt=-0.0015, cos_src=-0.0015, cos_orig=0.1367
[2026-06-01 11:18:11]   +34 layers: norm=65.1072, cos_tgt=-0.0083, cos_src=-0.0083, cos_orig=0.1297
[2026-06-01 11:18:11]   +35 layers: norm=100.8485, cos_tgt=0.0073, cos_src=0.0073, cos_orig=0.0947
[2026-06-01 11:18:11]   +36 layers: norm=126.7832, cos_tgt=0.0144, cos_src=0.0144, cos_orig=0.0583
[2026-06-01 11:18:11] 
============================================================
[2026-06-01 11:18:11] Part B: Block Recomputation Test (Attribute)
[2026-06-01 11:18:11] ============================================================
[2026-06-01 11:18:27]   First pair block test:
[2026-06-01 11:18:27]     L1: alpha2=-0.2344, alpha4=0.1250
[2026-06-01 11:18:27]     L2: alpha2=1.6406, alpha4=0.2500
[2026-06-01 11:18:27]     L3: alpha2=0.6250, alpha4=-1.0469
[2026-06-01 11:18:27]     L4: alpha2=0.9219, alpha4=-0.5703
[2026-06-01 11:18:27]     L5: alpha2=1.2188, alpha4=0.8594
[2026-06-01 11:18:27]     L6: alpha2=1.1562, alpha4=0.9688
[2026-06-01 11:19:14] 
  Block recomputation test by layer:
[2026-06-01 11:19:14]   L1: alpha2_mean=0.8545, alpha4_mean=0.9932
[2026-06-01 11:19:14]   L2: alpha2_mean=0.8623, alpha4_mean=-0.2893
[2026-06-01 11:19:14]   L3: alpha2_mean=1.1309, alpha4_mean=-0.1511
[2026-06-01 11:19:14]   L4: alpha2_mean=1.0014, alpha4_mean=0.4805
[2026-06-01 11:19:14]   L5: alpha2_mean=0.6778, alpha4_mean=0.8387
[2026-06-01 11:19:14]   L6: alpha2_mean=0.7793, alpha4_mean=0.7173
[2026-06-01 11:19:14] 
============================================================
[2026-06-01 11:19:14] Part C: Negation Path Transformation
[2026-06-01 11:19:14] ============================================================
[2026-06-01 11:19:31] 
  Negation direction transformation by distance from L0:
[2026-06-01 11:19:31]   +1 layers: norm=2.0659, neg_cos=0.0020, adj_cos=-0.0083
[2026-06-01 11:19:31]   +2 layers: norm=2.1852, neg_cos=0.0036, adj_cos=-0.0099
[2026-06-01 11:19:31]   +3 layers: norm=2.3704, neg_cos=0.0071, adj_cos=-0.0143
[2026-06-01 11:19:31]   +4 layers: norm=2.7463, neg_cos=0.0083, adj_cos=-0.0138
[2026-06-01 11:19:31]   +5 layers: norm=2.8951, neg_cos=0.0158, adj_cos=-0.0142
[2026-06-01 11:19:31]   +6 layers: norm=3.2026, neg_cos=0.0213, adj_cos=-0.0113
[2026-06-01 11:19:31]   +7 layers: norm=3.7036, neg_cos=0.0270, adj_cos=-0.0103
[2026-06-01 11:19:31]   +8 layers: norm=4.1224, neg_cos=0.0332, adj_cos=-0.0119
[2026-06-01 11:19:31]   +9 layers: norm=4.6436, neg_cos=0.0304, adj_cos=-0.0060
[2026-06-01 11:19:31]   +10 layers: norm=4.8155, neg_cos=0.0227, adj_cos=-0.0048
[2026-06-01 11:19:31]   +11 layers: norm=5.0907, neg_cos=0.0227, adj_cos=-0.0055
[2026-06-01 11:19:31]   +12 layers: norm=5.2858, neg_cos=0.0241, adj_cos=-0.0008
[2026-06-01 11:19:31]   +13 layers: norm=5.7028, neg_cos=0.0212, adj_cos=-0.0089
[2026-06-01 11:19:31]   +14 layers: norm=6.1441, neg_cos=0.0171, adj_cos=-0.0138
[2026-06-01 11:19:31]   +15 layers: norm=6.5783, neg_cos=0.0159, adj_cos=-0.0171
[2026-06-01 11:19:31]   +16 layers: norm=7.2080, neg_cos=0.0134, adj_cos=-0.0214
[2026-06-01 11:19:31]   +17 layers: norm=7.9576, neg_cos=0.0169, adj_cos=-0.0214
[2026-06-01 11:19:31]   +18 layers: norm=8.8190, neg_cos=0.0198, adj_cos=-0.0215
[2026-06-01 11:19:31]   +19 layers: norm=9.6128, neg_cos=0.0176, adj_cos=-0.0212
[2026-06-01 11:19:31]   +20 layers: norm=10.9460, neg_cos=0.0212, adj_cos=-0.0218
[2026-06-01 11:19:31]   +21 layers: norm=13.3803, neg_cos=0.0209, adj_cos=-0.0225
[2026-06-01 11:19:31]   +22 layers: norm=16.3592, neg_cos=0.0234, adj_cos=-0.0230
[2026-06-01 11:19:31]   +23 layers: norm=20.1350, neg_cos=0.0221, adj_cos=-0.0277
[2026-06-01 11:19:31]   +24 layers: norm=25.5247, neg_cos=0.0211, adj_cos=-0.0241
[2026-06-01 11:19:31]   +25 layers: norm=30.3521, neg_cos=0.0223, adj_cos=-0.0239
[2026-06-01 11:19:31]   +26 layers: norm=35.0521, neg_cos=0.0210, adj_cos=-0.0258
[2026-06-01 11:19:31]   +27 layers: norm=39.8500, neg_cos=0.0204, adj_cos=-0.0276
[2026-06-01 11:19:31]   +28 layers: norm=44.4057, neg_cos=0.0166, adj_cos=-0.0343
[2026-06-01 11:19:31]   +29 layers: norm=49.2512, neg_cos=0.0200, adj_cos=-0.0397
[2026-06-01 11:19:31]   +30 layers: norm=52.7845, neg_cos=0.0195, adj_cos=-0.0348
[2026-06-01 11:19:31]   +31 layers: norm=56.8487, neg_cos=0.0221, adj_cos=-0.0301
[2026-06-01 11:19:31]   +32 layers: norm=59.3623, neg_cos=0.0210, adj_cos=-0.0348
[2026-06-01 11:19:31]   +33 layers: norm=62.8917, neg_cos=0.0212, adj_cos=-0.0297
[2026-06-01 11:19:31]   +34 layers: norm=66.2812, neg_cos=0.0220, adj_cos=-0.0315
[2026-06-01 11:19:31]   +35 layers: norm=73.3448, neg_cos=0.0223, adj_cos=-0.0211
[2026-06-01 11:19:31]   +36 layers: norm=77.8441, neg_cos=0.0232, adj_cos=-0.0185
[2026-06-01 11:19:31]   +37 layers: norm=88.5533, neg_cos=0.0274, adj_cos=-0.0146
[2026-06-01 11:19:31]   +38 layers: norm=152.5427, neg_cos=0.0200, adj_cos=-0.0144
[2026-06-01 11:19:31]   +39 layers: norm=217.5774, neg_cos=0.0237, adj_cos=-0.0033
[2026-06-01 11:19:31] 
============================================================
[2026-06-01 11:19:31] Part D: L1→L2 Transition Analysis
[2026-06-01 11:19:31] ============================================================
[2026-06-01 11:19:40] 
  Direction norm and readout by layer:
[2026-06-01 11:19:40]     apple→red L0: norm=0.4916, cos_tgt=-0.0123, cos_src=-0.0123
[2026-06-01 11:19:40]     apple→red L1: norm=0.8469, cos_tgt=-0.0217, cos_src=-0.0217
[2026-06-01 11:19:40]     apple→red L2: norm=1.2429, cos_tgt=-0.0274, cos_src=-0.0274
[2026-06-01 11:19:40]     apple→red L3: norm=1.6317, cos_tgt=-0.0158, cos_src=-0.0158
[2026-06-01 11:19:40]     apple→red L4: norm=2.2127, cos_tgt=0.0023, cos_src=0.0023
[2026-06-01 11:19:40]     apple→red L5: norm=2.5656, cos_tgt=-0.0013, cos_src=-0.0013
[2026-06-01 11:19:40]     apple→red L6: norm=2.7485, cos_tgt=-0.0113, cos_src=-0.0113
[2026-06-01 11:19:40]     apple→red L7: norm=3.4304, cos_tgt=-0.0096, cos_src=-0.0096
[2026-06-01 11:19:40] Results saved to results\phase322_indirect_readout\glm4_phase322.json
[2026-06-01 11:19:40] 
============================================================
[2026-06-01 11:19:40] PHASE 322 SUMMARY - glm4
[2026-06-01 11:19:40] ============================================================
[2026-06-01 11:19:40]   Readout alignment at +1 layer: -0.0058
[2026-06-01 11:19:40]   Readout alignment at +5+ layers: 0.0012
[2026-06-01 11:19:40]   Alignment change: 0.0070
[2026-06-01 11:19:40]   → Readout alignment INCREASES through layers (indirect path confirmed)
[2026-06-01 11:19:42] Model glm4 released.
