[2026-06-01 08:00:40] === Phase 319b: Relation-Specific Templates for deepseek7b ===
[2026-06-01 08:00:42] Loading deepseek7b (bf16 + device_map=auto + flash_attention_2)...
[2026-06-01 08:00:44]   flash_attention_2 failed, falling back to sdpa
[2026-06-01 08:00:55]   Loaded with sdpa
[2026-06-01 08:00:55]   Model: Qwen2ForCausalLM, device=cuda:0, GPU=9.01GB
[2026-06-01 08:00:55]   Layer allocation: GPU=0, CPU=14 components
[2026-06-01 08:00:55]   n_layers=28, d_model=3584, class=Qwen2ForCausalLM
[2026-06-01 08:00:55]   Load time: 14.5s
[2026-06-01 08:00:55]   Target layers: [4, 8, 12, 16, 26]
[2026-06-01 08:00:55]   Total unique items: 472
[2026-06-01 08:00:55] Extracting representations...
[2026-06-01 08:01:21]     All Extracted 30/472, GPU=9.02GB
[2026-06-01 08:01:40]     All Extracted 60/472, GPU=9.02GB
[2026-06-01 08:02:00]     All Extracted 90/472, GPU=9.02GB
[2026-06-01 08:02:20]     All Extracted 120/472, GPU=9.02GB
[2026-06-01 08:02:40]     All Extracted 150/472, GPU=9.02GB
[2026-06-01 08:03:00]     All Extracted 180/472, GPU=9.02GB
[2026-06-01 08:03:20]     All Extracted 210/472, GPU=9.02GB
[2026-06-01 08:03:40]     All Extracted 240/472, GPU=9.02GB
[2026-06-01 08:04:00]     All Extracted 270/472, GPU=9.02GB
[2026-06-01 08:04:20]     All Extracted 300/472, GPU=9.02GB
[2026-06-01 08:04:39]     All Extracted 330/472, GPU=9.02GB
[2026-06-01 08:04:59]     All Extracted 360/472, GPU=9.02GB
[2026-06-01 08:05:19]     All Extracted 390/472, GPU=9.02GB
[2026-06-01 08:05:39]     All Extracted 420/472, GPU=9.02GB
[2026-06-01 08:05:59]     All Extracted 450/472, GPU=9.02GB
[2026-06-01 08:06:13]     All Extracted 472/472, GPU=9.02GB
[2026-06-01 08:06:13]   Extraction time: 318.4s
[2026-06-01 08:06:13] 
Running relation-specific template analysis...
[2026-06-01 08:06:13]   same_class/neutral/L4: dim@80=14, LOO_cos=0.291, pair_cos=0.0055, norm_mean=36.26
[2026-06-01 08:06:13]   same_class/neutral/L8: dim@80=14, LOO_cos=0.309, pair_cos=0.0145, norm_mean=50.95
[2026-06-01 08:06:13]   same_class/neutral/L12: dim@80=14, LOO_cos=0.320, pair_cos=0.0126, norm_mean=66.19
[2026-06-01 08:06:13]   same_class/neutral/L16: dim@80=14, LOO_cos=0.334, pair_cos=0.0082, norm_mean=80.72
[2026-06-01 08:06:13]   same_class/neutral/L26: dim@80=13, LOO_cos=0.400, pair_cos=0.0037, norm_mean=225.54
[2026-06-01 08:06:13]   same_class/specific/L4: dim@80=13, LOO_cos=0.376, pair_cos=-0.0028, norm_mean=17.32
[2026-06-01 08:06:13]   same_class/specific/L8: dim@80=13, LOO_cos=0.386, pair_cos=-0.0049, norm_mean=32.88
[2026-06-01 08:06:13]   same_class/specific/L12: dim@80=13, LOO_cos=0.386, pair_cos=0.0026, norm_mean=46.19
[2026-06-01 08:06:13]   same_class/specific/L16: dim@80=13, LOO_cos=0.398, pair_cos=-0.0022, norm_mean=65.58
[2026-06-01 08:06:13]   same_class/specific/L26: dim@80=13, LOO_cos=0.421, pair_cos=-0.0055, norm_mean=222.66
[2026-06-01 08:06:13]   same_class/category/L4: dim@80=12, LOO_cos=0.478, pair_cos=-0.0013, norm_mean=15.98
[2026-06-01 08:06:13]   same_class/category/L8: dim@80=10, LOO_cos=0.600, pair_cos=-0.0097, norm_mean=43.94
[2026-06-01 08:06:13]   same_class/category/L12: dim@80=11, LOO_cos=0.571, pair_cos=-0.0092, norm_mean=59.21
[2026-06-01 08:06:14]   same_class/category/L16: dim@80=10, LOO_cos=0.590, pair_cos=-0.0051, norm_mean=77.74
[2026-06-01 08:06:14]   same_class/category/L26: dim@80=10, LOO_cos=0.599, pair_cos=-0.0074, norm_mean=232.42
[2026-06-01 08:06:14]   same_class neutral vs specific: mean_cos=-0.027, frac>0.3=0.00
[2026-06-01 08:06:14]   same_class neutral vs category: mean_cos=0.068, frac>0.3=0.00
[2026-06-01 08:06:14]   same_class specific vs category: mean_cos=0.145, frac>0.3=0.15
[2026-06-01 08:06:14]   attribute/neutral/L4: dim@80=14, LOO_cos=0.475, pair_cos=0.1622, norm_mean=47.78
[2026-06-01 08:06:14]   attribute/neutral/L8: dim@80=13, LOO_cos=0.506, pair_cos=0.1614, norm_mean=77.66
[2026-06-01 08:06:14]   attribute/neutral/L12: dim@80=13, LOO_cos=0.533, pair_cos=0.1721, norm_mean=98.15
[2026-06-01 08:06:14]   attribute/neutral/L16: dim@80=13, LOO_cos=0.575, pair_cos=0.1946, norm_mean=123.21
[2026-06-01 08:06:14]   attribute/neutral/L26: dim@80=12, LOO_cos=0.604, pair_cos=0.1905, norm_mean=339.84
[2026-06-01 08:06:14]   attribute/specific/L4: dim@80=14, LOO_cos=0.720, pair_cos=0.5022, norm_mean=94.27
[2026-06-01 08:06:14]   attribute/specific/L8: dim@80=14, LOO_cos=0.727, pair_cos=0.5041, norm_mean=164.45
[2026-06-01 08:06:14]   attribute/specific/L12: dim@80=14, LOO_cos=0.712, pair_cos=0.4817, norm_mean=197.86
[2026-06-01 08:06:14]   attribute/specific/L16: dim@80=13, LOO_cos=0.735, pair_cos=0.5109, norm_mean=235.01
[2026-06-01 08:06:14]   attribute/specific/L26: dim@80=13, LOO_cos=0.765, pair_cos=0.5594, norm_mean=672.21
[2026-06-01 08:06:14]   attribute/descriptive/L4: dim@80=13, LOO_cos=0.759, pair_cos=0.5536, norm_mean=93.19
[2026-06-01 08:06:14]   attribute/descriptive/L8: dim@80=13, LOO_cos=0.757, pair_cos=0.5336, norm_mean=162.26
[2026-06-01 08:06:14]   attribute/descriptive/L12: dim@80=13, LOO_cos=0.731, pair_cos=0.4989, norm_mean=199.41
[2026-06-01 08:06:14]   attribute/descriptive/L16: dim@80=13, LOO_cos=0.754, pair_cos=0.5350, norm_mean=237.00
[2026-06-01 08:06:14]   attribute/descriptive/L26: dim@80=13, LOO_cos=0.778, pair_cos=0.5739, norm_mean=679.06
[2026-06-01 08:06:14]   attribute neutral vs specific: mean_cos=-0.019, frac>0.3=0.00
[2026-06-01 08:06:14]   attribute neutral vs descriptive: mean_cos=-0.041, frac>0.3=0.00
[2026-06-01 08:06:14]   attribute specific vs descriptive: mean_cos=0.892, frac>0.3=1.00
[2026-06-01 08:06:14]   function/neutral/L4: dim@80=14, LOO_cos=0.451, pair_cos=0.1334, norm_mean=45.66
[2026-06-01 08:06:14]   function/neutral/L8: dim@80=13, LOO_cos=0.522, pair_cos=0.1889, norm_mean=74.91
[2026-06-01 08:06:14]   function/neutral/L12: dim@80=13, LOO_cos=0.546, pair_cos=0.2105, norm_mean=96.97
[2026-06-01 08:06:14]   function/neutral/L16: dim@80=13, LOO_cos=0.573, pair_cos=0.2343, norm_mean=119.42
[2026-06-01 08:06:14]   function/neutral/L26: dim@80=12, LOO_cos=0.572, pair_cos=0.2048, norm_mean=313.43
[2026-06-01 08:06:14]   function/specific/L4: dim@80=14, LOO_cos=0.750, pair_cos=0.5424, norm_mean=93.74
[2026-06-01 08:06:14]   function/specific/L8: dim@80=13, LOO_cos=0.751, pair_cos=0.5325, norm_mean=152.96
[2026-06-01 08:06:14]   function/specific/L12: dim@80=13, LOO_cos=0.741, pair_cos=0.5111, norm_mean=186.25
[2026-06-01 08:06:14]   function/specific/L16: dim@80=13, LOO_cos=0.753, pair_cos=0.5262, norm_mean=220.25
[2026-06-01 08:06:14]   function/specific/L26: dim@80=13, LOO_cos=0.775, pair_cos=0.5603, norm_mean=649.10
[2026-06-01 08:06:14]   function/purpose/L4: dim@80=13, LOO_cos=0.764, pair_cos=0.5470, norm_mean=100.11
[2026-06-01 08:06:14]   function/purpose/L8: dim@80=13, LOO_cos=0.763, pair_cos=0.5421, norm_mean=164.66
[2026-06-01 08:06:14]   function/purpose/L12: dim@80=13, LOO_cos=0.744, pair_cos=0.5062, norm_mean=187.78
[2026-06-01 08:06:14]   function/purpose/L16: dim@80=13, LOO_cos=0.761, pair_cos=0.5167, norm_mean=222.34
[2026-06-01 08:06:14]   function/purpose/L26: dim@80=13, LOO_cos=0.755, pair_cos=0.5233, norm_mean=639.10
[2026-06-01 08:06:14]   function neutral vs specific: mean_cos=-0.047, frac>0.3=0.00
[2026-06-01 08:06:14]   function neutral vs purpose: mean_cos=-0.039, frac>0.3=0.00
[2026-06-01 08:06:14]   function specific vs purpose: mean_cos=0.727, frac>0.3=1.00
[2026-06-01 08:06:14]   antonym/neutral/L4: dim@80=14, LOO_cos=0.348, pair_cos=0.0453, norm_mean=41.01
[2026-06-01 08:06:14]   antonym/neutral/L8: dim@80=13, LOO_cos=0.391, pair_cos=0.0476, norm_mean=71.50
[2026-06-01 08:06:14]   antonym/neutral/L12: dim@80=13, LOO_cos=0.415, pair_cos=0.0468, norm_mean=90.21
[2026-06-01 08:06:14]   antonym/neutral/L16: dim@80=13, LOO_cos=0.440, pair_cos=0.0447, norm_mean=112.75
[2026-06-01 08:06:14]   antonym/neutral/L26: dim@80=13, LOO_cos=0.451, pair_cos=0.0387, norm_mean=306.15
[2026-06-01 08:06:14]   antonym/specific/L4: dim@80=14, LOO_cos=0.259, pair_cos=0.0395, norm_mean=72.39
[2026-06-01 08:06:14]   antonym/specific/L8: dim@80=14, LOO_cos=0.296, pair_cos=0.0423, norm_mean=115.96
[2026-06-01 08:06:14]   antonym/specific/L12: dim@80=14, LOO_cos=0.362, pair_cos=0.0756, norm_mean=129.18
[2026-06-01 08:06:14]   antonym/specific/L16: dim@80=14, LOO_cos=0.384, pair_cos=0.0743, norm_mean=148.73
[2026-06-01 08:06:14]   antonym/specific/L26: dim@80=14, LOO_cos=0.260, pair_cos=0.0181, norm_mean=447.81
[2026-06-01 08:06:14]   antonym/contrast/L4: dim@80=14, LOO_cos=0.255, pair_cos=0.0340, norm_mean=72.71
[2026-06-01 08:06:14]   antonym/contrast/L8: dim@80=14, LOO_cos=0.344, pair_cos=0.0650, norm_mean=102.92
[2026-06-01 08:06:14]   antonym/contrast/L12: dim@80=14, LOO_cos=0.352, pair_cos=0.0753, norm_mean=118.73
[2026-06-01 08:06:14]   antonym/contrast/L16: dim@80=14, LOO_cos=0.385, pair_cos=0.0775, norm_mean=151.66
[2026-06-01 08:06:14]   antonym/contrast/L26: dim@80=14, LOO_cos=0.243, pair_cos=0.0262, norm_mean=428.77
[2026-06-01 08:06:14]   antonym neutral vs specific: mean_cos=-0.056, frac>0.3=0.00
[2026-06-01 08:06:14]   antonym neutral vs contrast: mean_cos=0.002, frac>0.3=0.00
[2026-06-01 08:06:14]   antonym specific vs contrast: mean_cos=0.418, frac>0.3=0.90
[2026-06-01 08:06:14] 
Random control baseline...
[2026-06-01 08:06:14]   random_control/L4: dim@80=13, LOO_cos=0.596, pair_cos=0.2665
[2026-06-01 08:06:14]   random_control/L8: dim@80=13, LOO_cos=0.601, pair_cos=0.2441
[2026-06-01 08:06:14]   random_control/L12: dim@80=12, LOO_cos=0.613, pair_cos=0.2515
[2026-06-01 08:06:14]   random_control/L16: dim@80=12, LOO_cos=0.629, pair_cos=0.2642
[2026-06-01 08:06:14]   random_control/L26: dim@80=12, LOO_cos=0.647, pair_cos=0.2601
[2026-06-01 08:06:14] Results saved to results\phase319b_templates\deepseek7b_phase319b.json
[2026-06-01 08:06:14] 
======================================================================
[2026-06-01 08:06:14] PHASE 319b SUMMARY - deepseek7b
[2026-06-01 08:06:14] ======================================================================
[2026-06-01 08:06:14] 
--- Relation-Specific vs Neutral Templates (deepest layer) ---
[2026-06-01 08:06:14] Type            Template        dim@80   LOO_cos   pair_cos  
[2026-06-01 08:06:14] same_class      neutral         13       0.400   0.0037
[2026-06-01 08:06:14] same_class      specific        13       0.421   -0.0055
[2026-06-01 08:06:14] same_class      category        10       0.599   -0.0074
[2026-06-01 08:06:14] attribute       neutral         12       0.604   0.1905
[2026-06-01 08:06:14] attribute       specific        13       0.765   0.5594
[2026-06-01 08:06:14] attribute       descriptive     13       0.778   0.5739
[2026-06-01 08:06:14] function        neutral         12       0.572   0.2048
[2026-06-01 08:06:14] function        specific        13       0.775   0.5603
[2026-06-01 08:06:14] function        purpose         13       0.755   0.5233
[2026-06-01 08:06:14] antonym         neutral         13       0.451   0.0387
[2026-06-01 08:06:14] antonym         specific        14       0.260   0.0181
[2026-06-01 08:06:14] antonym         contrast        14       0.243   0.0262
[2026-06-01 08:06:14] random_control  neutral         12       0.647   0.2601
[2026-06-01 08:06:14] 
--- Cross-Template Consistency ---
[2026-06-01 08:06:14]   same_class neutral_vs_specific: mean_cos=-0.027, frac>0.3=0.00
[2026-06-01 08:06:14]   same_class neutral_vs_category: mean_cos=0.068, frac>0.3=0.00
[2026-06-01 08:06:14]   same_class specific_vs_category: mean_cos=0.145, frac>0.3=0.15
[2026-06-01 08:06:14]   attribute neutral_vs_specific: mean_cos=-0.019, frac>0.3=0.00
[2026-06-01 08:06:14]   attribute neutral_vs_descriptive: mean_cos=-0.041, frac>0.3=0.00
[2026-06-01 08:06:14]   attribute specific_vs_descriptive: mean_cos=0.892, frac>0.3=1.00
[2026-06-01 08:06:14]   function neutral_vs_specific: mean_cos=-0.047, frac>0.3=0.00
[2026-06-01 08:06:14]   function neutral_vs_purpose: mean_cos=-0.039, frac>0.3=0.00
[2026-06-01 08:06:14]   function specific_vs_purpose: mean_cos=0.727, frac>0.3=1.00
[2026-06-01 08:06:14]   antonym neutral_vs_specific: mean_cos=-0.056, frac>0.3=0.00
[2026-06-01 08:06:14]   antonym neutral_vs_contrast: mean_cos=0.002, frac>0.3=0.00
[2026-06-01 08:06:14]   antonym specific_vs_contrast: mean_cos=0.418, frac>0.3=0.90
[2026-06-01 08:06:15] Model deepseek7b released.
