[2026-06-01 11:29:51] === Phase 322b: Readout Gain Decomposition for deepseek7b ===
[2026-06-01 11:30:06]   Loaded deepseek7b with sdpa
[2026-06-01 11:30:06]   Model: Qwen2ForCausalLM, device=cuda:0, GPU=9.01GB
[2026-06-01 11:30:06]   n_layers=28, d_model=3584
[2026-06-01 11:30:07]   W_U shape: (152064, 3584)
[2026-06-01 11:30:07] 
============================================================
[2026-06-01 11:30:07] Test 1: Direction Type Comparison
[2026-06-01 11:30:07] ============================================================
[2026-06-01 11:30:19]   apple→red:
[2026-06-01 11:30:19]     attr_dir: delta_tgt=0.0625, delta_src=0.0625
[2026-06-01 11:30:19]     wu_tgt_dir: delta_tgt=-0.0312, delta_src=-0.0312
[2026-06-01 11:30:19]     wu_src_dir: delta_tgt=-0.0312, delta_src=-0.0312
[2026-06-01 11:30:19]     random_dir: delta_tgt=0.0563, delta_src=0.0563
[2026-06-01 11:30:19]     cos(attr, wu_tgt)=0.0428
[2026-06-01 11:30:56] 
  Direction type comparison (mean across pairs):
[2026-06-01 11:30:56]     attr_delta_tgt: mean=0.0918, std=0.3134
[2026-06-01 11:30:56]     wu_tgt_delta_tgt: mean=0.0020, std=0.1312
[2026-06-01 11:30:56]     wu_src_delta_tgt: mean=0.0020, std=0.1312
[2026-06-01 11:30:56]     random_mean_delta_tgt: mean=0.0565, std=0.1852
[2026-06-01 11:30:56] 
  Gain above random:
[2026-06-01 11:30:56]     attr_direction: 0.0352
[2026-06-01 11:30:56]     wu_tgt_direction: -0.0546
[2026-06-01 11:30:56] 
============================================================
[2026-06-01 11:30:56] Test 2: Readout Gain by Layer (Inject at opt layer, readout at each layer)
[2026-06-01 11:30:56] ============================================================
[2026-06-01 11:32:22] 
  Layer comparison (mean across pairs):
[2026-06-01 11:32:22]   L4: attr_delta=-0.0820, wu_delta=-0.0703, diff=-0.0117, cos=0.0333
[2026-06-01 11:32:22]   L5: attr_delta=-0.1797, wu_delta=0.0664, diff=-0.2461, cos=0.0329
[2026-06-01 11:32:22]   L6: attr_delta=-0.0195, wu_delta=-0.0430, diff=0.0234, cos=0.0352
[2026-06-01 11:32:22]   L7: attr_delta=-0.0781, wu_delta=0.0039, diff=-0.0820, cos=0.0457
[2026-06-01 11:32:22]   L8: attr_delta=0.0078, wu_delta=0.0156, diff=-0.0078, cos=0.0500
[2026-06-01 11:32:22]   L9: attr_delta=0.0273, wu_delta=0.1289, diff=-0.1016, cos=0.0402
[2026-06-01 11:32:22]   L10: attr_delta=-0.0703, wu_delta=0.0195, diff=-0.0899, cos=0.0363
[2026-06-01 11:32:22]   L11: attr_delta=-0.0039, wu_delta=-0.0547, diff=0.0508, cos=0.0306
[2026-06-01 11:32:22] Results saved to results\phase322b_gain\deepseek7b_phase322b.json
[2026-06-01 11:32:22] 
============================================================
[2026-06-01 11:32:22] PHASE 322b SUMMARY - deepseek7b
[2026-06-01 11:32:22] ============================================================
[2026-06-01 11:32:22]   Attribute direction: delta_tgt=0.0918
[2026-06-01 11:32:22]   W_U-target direction: delta_tgt=0.0020
[2026-06-01 11:32:22]   Random direction: delta_tgt=0.0565
[2026-06-01 11:32:22]   cos(attr_dir, wu_dir)=0.0307
[2026-06-01 11:32:22]   → Attribute direction MORE effective than W_U direction (despite low direct alignment)
[2026-06-01 11:32:22]   → This confirms the INDIRECT READOUT PATH
[2026-06-01 11:32:23] Model deepseek7b released.
