[2026-05-31 21:24:28] === Phase 315-R2: Confirmation for deepseek7b ===
[2026-05-31 21:24:30] Loading deepseek7b (bf16 + device_map=auto + sdpa)...
[2026-05-31 21:24:44] Model loaded: Qwen2ForCausalLM, device=cuda:0, GPU=9.01GB
[2026-05-31 21:24:44] Model: n_layers=28, d_model=3584
[2026-05-31 21:24:44] ============================================================
[2026-05-31 21:24:44] TEST 1: Attribute Context Activation Confirmation (50+ pairs)
[2026-05-31 21:24:44] ============================================================
[2026-05-31 21:28:34]   L2: static=0.054(r=0.92), attr_fill=0.736(r=0.07), random=0.050, n_attr=62
[2026-05-31 21:32:10]   L6: static=0.180(r=0.95), attr_fill=0.778(r=0.22), random=0.171, n_attr=62
[2026-05-31 21:35:56]   L12: static=0.199(r=1.01), attr_fill=0.692(r=0.29), random=0.201, n_attr=62
[2026-05-31 21:39:40]   L16: static=0.176(r=0.95), attr_fill=0.541(r=0.31), random=0.166, n_attr=62
[2026-05-31 21:43:23]   L26: static=0.043(r=0.93), attr_fill=0.145(r=0.28), random=0.040, n_attr=62
[2026-05-31 21:43:23] Test 1 completed in 1119.3s
[2026-05-31 21:43:23] ============================================================
[2026-05-31 21:43:23] TEST 2: Function Template Comparison
[2026-05-31 21:43:23] ============================================================
[2026-05-31 21:44:27]   L2 static: dist=0.045, random=0.047, ratio=1.04
[2026-05-31 21:45:31]   L2 function_designed: dist=0.025, random=0.026, ratio=1.05
[2026-05-31 21:46:33]   L2 function_purpose: dist=0.057, random=0.044, ratio=0.78
[2026-05-31 21:47:35]   L2 function_using: dist=0.016, random=0.018, ratio=1.09
[2026-05-31 21:48:35]   L2 function_tool: dist=0.015, random=0.018, ratio=1.17
[2026-05-31 21:49:35]   L6 static: dist=0.153, random=0.176, ratio=1.15
[2026-05-31 21:50:36]   L6 function_designed: dist=0.127, random=0.154, ratio=1.21
[2026-05-31 21:51:35]   L6 function_purpose: dist=0.101, random=0.109, ratio=1.07
[2026-05-31 21:52:35]   L6 function_using: dist=0.068, random=0.065, ratio=0.96
[2026-05-31 21:53:35]   L6 function_tool: dist=0.070, random=0.088, ratio=1.26
[2026-05-31 21:54:34]   L12 static: dist=0.179, random=0.208, ratio=1.16
[2026-05-31 21:55:35]   L12 function_designed: dist=0.312, random=0.396, ratio=1.27
[2026-05-31 21:56:34]   L12 function_purpose: dist=0.220, random=0.270, ratio=1.23
[2026-05-31 21:57:34]   L12 function_using: dist=0.171, random=0.187, ratio=1.10
[2026-05-31 21:58:34]   L12 function_tool: dist=0.164, random=0.215, ratio=1.32
[2026-05-31 21:58:34] Test 2 completed in 910.8s
[2026-05-31 21:58:34] ============================================================
[2026-05-31 21:58:34] TEST 3: Negation Direction Causal Test
[2026-05-31 21:58:34] ============================================================
[2026-05-31 21:58:34] Inject layer: 8, Read layers: [4, 8, 12, 16, 26]
[2026-05-31 21:58:35] 
  Positive: 'they were very happy about it'
[2026-05-31 21:58:35]   Negative: 'they were not happy about it'
[2026-05-31 21:58:36]   Negation direction norm: 46.832016
[2026-05-31 21:58:38]     L4: delta_norm=0.000, neg_top=('not', 0.0), pos_top=('happy', 0.0)
[2026-05-31 21:58:39]     L8: delta_norm=46.834, neg_top=('not', -1.994240641593933), pos_top=('pleased', 2.393970489501953)
[2026-05-31 21:58:40]     L12: delta_norm=48.335, neg_top=('not', -2.3302011489868164), pos_top=('glad', -2.370044231414795)
[2026-05-31 21:58:42]     L16: delta_norm=50.182, neg_top=('sad', 1.463420033454895), pos_top=('joyful', 1.7024338245391846)
[2026-05-31 21:58:43]     L26: delta_norm=85.497, neg_top=('sad', 3.590441942214966), pos_top=('happy', 2.7479701042175293)
[2026-05-31 21:58:43] 
  Positive: 'the result was very good'
[2026-05-31 21:58:43]   Negative: 'the result was not good'
[2026-05-31 21:58:45]   Negation direction norm: 92.278061
[2026-05-31 21:58:46]     L4: delta_norm=0.000, neg_top=('not', 0.0), pos_top=('good', 0.0)
[2026-05-31 21:58:47]     L8: delta_norm=92.272, neg_top=('not', -3.542036533355713), pos_top=('good', -2.107872486114502)
[2026-05-31 21:58:49]     L12: delta_norm=97.815, neg_top=('not', -4.670982837677002), pos_top=('positive', -2.220832586288452)
[2026-05-31 21:58:50]     L16: delta_norm=122.878, neg_top=('poor', 6.272731781005859), pos_top=('positive', -3.6124093532562256)
[2026-05-31 21:58:51]     L26: delta_norm=236.205, neg_top=('negative', -5.977404594421387), pos_top=('positive', -11.113677024841309)
[2026-05-31 21:58:51] 
  Positive: 'the place was very safe'
[2026-05-31 21:58:51]   Negative: 'the place was not safe'
[2026-05-31 21:58:53]   Negation direction norm: 80.704094
[2026-05-31 21:58:54]     L4: delta_norm=0.000, neg_top=('not', 0.0), pos_top=('safe', 0.0)
[2026-05-31 21:58:56]     L8: delta_norm=80.704, neg_top=('not', -1.8754024505615234), pos_top=('safe', -2.037363052368164)
[2026-05-31 21:58:57]     L12: delta_norm=95.882, neg_top=('unsafe', 3.402466058731079), pos_top=('safe', -0.6991190910339355)
[2026-05-31 21:58:59]     L16: delta_norm=116.639, neg_top=('unsafe', 3.225482940673828), pos_top=('safe', -3.237703800201416)
[2026-05-31 21:59:00]     L26: delta_norm=245.156, neg_top=('unsafe', 8.707494735717773), pos_top=('secure', -4.038288593292236)
[2026-05-31 21:59:00] 
  Positive: 'the task was very possible'
[2026-05-31 21:59:00]   Negative: 'the task was not possible'
[2026-05-31 21:59:01]   Negation direction norm: 113.819115
[2026-05-31 21:59:03]     L4: delta_norm=0.000, neg_top=('not', 0.0), pos_top=('possible', 0.0)
[2026-05-31 21:59:04]     L8: delta_norm=113.817, neg_top=('unfeasible', -1.835687279701233), pos_top=('possible', 3.735597848892212)
[2026-05-31 21:59:05]     L12: delta_norm=122.355, neg_top=('unfeasible', -1.2601693868637085), pos_top=('possible', 3.704176902770996)
[2026-05-31 21:59:07]     L16: delta_norm=156.578, neg_top=('impossible', -3.2299492359161377), pos_top=('feasible', 5.153675079345703)
[2026-05-31 21:59:08]     L26: delta_norm=326.014, neg_top=('unfeasible', 10.066542625427246), pos_top=('feasible', 21.115816116333008)
[2026-05-31 21:59:08] 
  Positive: 'the room was very clean'
[2026-05-31 21:59:08]   Negative: 'the room was not clean'
[2026-05-31 21:59:10]   Negation direction norm: 79.810509
[2026-05-31 21:59:11]     L4: delta_norm=0.000, neg_top=('not', 0.0), pos_top=('clean', 0.0)
[2026-05-31 21:59:12]     L8: delta_norm=79.808, neg_top=('dirty', -2.7576780319213867), pos_top=('clean', -2.3713886737823486)
[2026-05-31 21:59:14]     L12: delta_norm=86.062, neg_top=('not', -3.290544271469116), pos_top=('clean', -1.7222682237625122)
[2026-05-31 21:59:15]     L16: delta_norm=118.290, neg_top=('not', -3.8254482746124268), pos_top=('clean', -4.048614501953125)
[2026-05-31 21:59:16]     L26: delta_norm=275.096, neg_top=('dirty', 8.49954891204834), pos_top=('clean', 7.117303848266602)
[2026-05-31 21:59:17] Test 3 completed in 42.8s
[2026-05-31 21:59:17] Results saved to results\phase315r2_confirm\deepseek7b_confirm.json
[2026-05-31 21:59:17] 
======================================================================
[2026-05-31 21:59:17] PHASE 315-R2 SUMMARY - deepseek7b
[2026-05-31 21:59:17] ======================================================================
[2026-05-31 21:59:17] 
Test 1: Attribute Confirmation
[2026-05-31 21:59:17]   L2: static_ratio=0.92, attr_fill_ratio=0.07 (n_attr=62, n_random=32)
[2026-05-31 21:59:17]   L6: static_ratio=0.95, attr_fill_ratio=0.22 (n_attr=62, n_random=32)
[2026-05-31 21:59:17]   L12: static_ratio=1.01, attr_fill_ratio=0.29 (n_attr=62, n_random=32)
[2026-05-31 21:59:17]   L16: static_ratio=0.95, attr_fill_ratio=0.31 (n_attr=62, n_random=32)
[2026-05-31 21:59:17]   L26: static_ratio=0.93, attr_fill_ratio=0.28 (n_attr=62, n_random=32)
[2026-05-31 21:59:17] 
Test 2: Function Templates
[2026-05-31 21:59:17]   L2 static: ratio=1.04
[2026-05-31 21:59:17]   L2 function_designed: ratio=1.05
[2026-05-31 21:59:17]   L2 function_purpose: ratio=0.78
[2026-05-31 21:59:17]   L2 function_using: ratio=1.09
[2026-05-31 21:59:17]   L2 function_tool: ratio=1.17
[2026-05-31 21:59:17]   L6 static: ratio=1.15
[2026-05-31 21:59:17]   L6 function_designed: ratio=1.21
[2026-05-31 21:59:17]   L6 function_purpose: ratio=1.07
[2026-05-31 21:59:17]   L6 function_using: ratio=0.96
[2026-05-31 21:59:17]   L6 function_tool: ratio=1.26
[2026-05-31 21:59:17]   L12 static: ratio=1.16
[2026-05-31 21:59:17]   L12 function_designed: ratio=1.27
[2026-05-31 21:59:17]   L12 function_purpose: ratio=1.23
[2026-05-31 21:59:17]   L12 function_using: ratio=1.10
[2026-05-31 21:59:17]   L12 function_tool: ratio=1.32
[2026-05-31 21:59:17] 
Test 3: Negation Causal
[2026-05-31 21:59:17]   'they were very happy about it': neg_dir_norm=46.8320
[2026-05-31 21:59:17]     L4: neg_top=not(0.00x)
[2026-05-31 21:59:17]     L8: neg_top=not(4.96x)
[2026-05-31 21:59:17]     L12: neg_top=not(1.78x)
[2026-05-31 21:59:17]     L16: neg_top=sad(1.64x)
[2026-05-31 21:59:17]     L26: neg_top=sad(1.54x)
[2026-05-31 21:59:17]   'the result was very good': neg_dir_norm=92.2781
[2026-05-31 21:59:17]     L4: neg_top=not(0.00x)
[2026-05-31 21:59:17]     L8: neg_top=not(2.78x)
[2026-05-31 21:59:17]     L12: neg_top=not(2.46x)
[2026-05-31 21:59:17]     L16: neg_top=poor(2.36x)
[2026-05-31 21:59:17]     L26: neg_top=negative(2.24x)
[2026-05-31 21:59:17]   'the place was very safe': neg_dir_norm=80.7041
[2026-05-31 21:59:17]     L4: neg_top=not(0.00x)
[2026-05-31 21:59:17]     L8: neg_top=not(1.22x)
[2026-05-31 21:59:17]     L12: neg_top=unsafe(2.64x)
[2026-05-31 21:59:17]     L16: neg_top=unsafe(1.38x)
[2026-05-31 21:59:17]     L26: neg_top=unsafe(3.26x)
[2026-05-31 21:59:17]   'the task was very possible': neg_dir_norm=113.8191
[2026-05-31 21:59:17]     L4: neg_top=not(0.00x)
[2026-05-31 21:59:17]     L8: neg_top=unfeasible(0.34x)
[2026-05-31 21:59:17]     L12: neg_top=unfeasible(0.27x)
[2026-05-31 21:59:17]     L16: neg_top=impossible(0.42x)
[2026-05-31 21:59:17]     L26: neg_top=unfeasible(0.80x)
[2026-05-31 21:59:17]   'the room was very clean': neg_dir_norm=79.8105
[2026-05-31 21:59:17]     L4: neg_top=not(0.00x)
[2026-05-31 21:59:17]     L8: neg_top=dirty(1.58x)
[2026-05-31 21:59:17]     L12: neg_top=not(3.10x)
[2026-05-31 21:59:17]     L16: neg_top=not(2.53x)
[2026-05-31 21:59:17]     L26: neg_top=dirty(1.43x)
[2026-05-31 21:59:17] Model deepseek7b released.
