[2026-05-31 17:44:22] === Phase 314: GRCM for deepseek7b ===
[2026-05-31 17:44:23] Loading deepseek7b (bf16 + device_map=auto)...
[2026-05-31 17:44:35] Model loaded: Qwen2ForCausalLM, device=cuda:0, GPU=9.01GB
[2026-05-31 17:44:35] Model info: n_layers=28, d_model=3584
[2026-05-31 17:44:35] Test layers: [2, 4, 8, 12, 16, 20, 26]
[2026-05-31 17:44:35] Building external semantic distance matrix...
[2026-05-31 17:44:35] External matrix: 68 nodes, 71 relations
[2026-05-31 17:44:35] Extracting concept representations...
[2026-05-31 17:45:26]   Layer 2: 67 concepts extracted
[2026-05-31 17:46:11]   Layer 4: 67 concepts extracted
[2026-05-31 17:46:56]   Layer 8: 67 concepts extracted
[2026-05-31 17:47:40]   Layer 12: 67 concepts extracted
[2026-05-31 17:48:24]   Layer 16: 67 concepts extracted
[2026-05-31 17:49:09]   Layer 20: 67 concepts extracted
[2026-05-31 17:49:54]   Layer 26: 67 concepts extracted
[2026-05-31 17:49:54] Analyzing layer 2...
[2026-05-31 17:49:54]   Layer 2: Mantel r=0.511 (p=0.002), NN overlap=0.189, Conflicts=0
[2026-05-31 17:49:54]     same_class: related_dist=0.034, random_dist=0.594, ratio=17.48
[2026-05-31 17:49:54]     hypernym: related_dist=0.099, random_dist=0.594, ratio=6.00
[2026-05-31 17:49:54]     negation: related_dist=0.171, random_dist=0.594, ratio=3.48
[2026-05-31 17:49:54]     cross_category: related_dist=0.377, random_dist=0.594, ratio=1.58
[2026-05-31 17:49:54]     operator_similar: related_dist=0.420, random_dist=0.594, ratio=1.42
[2026-05-31 17:49:54]     antonym: related_dist=0.425, random_dist=0.594, ratio=1.40
[2026-05-31 17:49:54]     attribute: related_dist=0.616, random_dist=0.594, ratio=0.96
[2026-05-31 17:49:54]     function: related_dist=0.674, random_dist=0.594, ratio=0.88
[2026-05-31 17:49:54] Analyzing layer 4...
[2026-05-31 17:49:54]   Layer 4: Mantel r=0.548 (p=0.002), NN overlap=0.195, Conflicts=0
[2026-05-31 17:49:54]     same_class: related_dist=0.095, random_dist=0.629, ratio=6.63
[2026-05-31 17:49:54]     hypernym: related_dist=0.149, random_dist=0.629, ratio=4.23
[2026-05-31 17:49:54]     negation: related_dist=0.221, random_dist=0.629, ratio=2.84
[2026-05-31 17:49:54]     cross_category: related_dist=0.371, random_dist=0.629, ratio=1.70
[2026-05-31 17:49:54]     antonym: related_dist=0.377, random_dist=0.629, ratio=1.67
[2026-05-31 17:49:54]     operator_similar: related_dist=0.391, random_dist=0.629, ratio=1.61
[2026-05-31 17:49:54]     attribute: related_dist=0.603, random_dist=0.629, ratio=1.04
[2026-05-31 17:49:54]     function: related_dist=0.713, random_dist=0.629, ratio=0.88
[2026-05-31 17:49:54] Analyzing layer 8...
[2026-05-31 17:49:54]   Layer 8: Mantel r=0.572 (p=0.002), NN overlap=0.199, Conflicts=0
[2026-05-31 17:49:54]     same_class: related_dist=0.102, random_dist=0.663, ratio=6.50
[2026-05-31 17:49:54]     hypernym: related_dist=0.162, random_dist=0.663, ratio=4.09
[2026-05-31 17:49:54]     negation: related_dist=0.231, random_dist=0.663, ratio=2.87
[2026-05-31 17:49:54]     operator_similar: related_dist=0.318, random_dist=0.663, ratio=2.08
[2026-05-31 17:49:54]     antonym: related_dist=0.344, random_dist=0.663, ratio=1.93
[2026-05-31 17:49:54]     cross_category: related_dist=0.369, random_dist=0.663, ratio=1.80
[2026-05-31 17:49:54]     attribute: related_dist=0.633, random_dist=0.663, ratio=1.05
[2026-05-31 17:49:54]     function: related_dist=0.776, random_dist=0.663, ratio=0.85
[2026-05-31 17:49:54] Analyzing layer 12...
[2026-05-31 17:49:54]   Layer 12: Mantel r=0.575 (p=0.002), NN overlap=0.198, Conflicts=0
[2026-05-31 17:49:54]     same_class: related_dist=0.115, random_dist=0.568, ratio=4.93
[2026-05-31 17:49:54]     hypernym: related_dist=0.169, random_dist=0.568, ratio=3.36
[2026-05-31 17:49:54]     negation: related_dist=0.207, random_dist=0.568, ratio=2.75
[2026-05-31 17:49:54]     operator_similar: related_dist=0.274, random_dist=0.568, ratio=2.07
[2026-05-31 17:49:54]     antonym: related_dist=0.304, random_dist=0.568, ratio=1.87
[2026-05-31 17:49:54]     cross_category: related_dist=0.323, random_dist=0.568, ratio=1.76
[2026-05-31 17:49:54]     attribute: related_dist=0.552, random_dist=0.568, ratio=1.03
[2026-05-31 17:49:54]     function: related_dist=0.618, random_dist=0.568, ratio=0.92
[2026-05-31 17:49:54] Analyzing layer 16...
[2026-05-31 17:49:54]   Layer 16: Mantel r=0.504 (p=0.002), NN overlap=0.187, Conflicts=0
[2026-05-31 17:49:54]     same_class: related_dist=0.094, random_dist=0.428, ratio=4.55
[2026-05-31 17:49:54]     hypernym: related_dist=0.132, random_dist=0.428, ratio=3.23
[2026-05-31 17:49:54]     negation: related_dist=0.180, random_dist=0.428, ratio=2.38
[2026-05-31 17:49:54]     operator_similar: related_dist=0.208, random_dist=0.428, ratio=2.06
[2026-05-31 17:49:54]     antonym: related_dist=0.221, random_dist=0.428, ratio=1.93
[2026-05-31 17:49:54]     cross_category: related_dist=0.248, random_dist=0.428, ratio=1.73
[2026-05-31 17:49:54]     attribute: related_dist=0.398, random_dist=0.428, ratio=1.07
[2026-05-31 17:49:54]     function: related_dist=0.484, random_dist=0.428, ratio=0.88
[2026-05-31 17:49:54] Analyzing layer 20...
[2026-05-31 17:49:54]   Layer 20: Mantel r=0.491 (p=0.002), NN overlap=0.191, Conflicts=0
[2026-05-31 17:49:54]     same_class: related_dist=0.063, random_dist=0.318, ratio=5.06
[2026-05-31 17:49:54]     hypernym: related_dist=0.089, random_dist=0.318, ratio=3.58
[2026-05-31 17:49:54]     negation: related_dist=0.134, random_dist=0.318, ratio=2.36
[2026-05-31 17:49:54]     operator_similar: related_dist=0.155, random_dist=0.318, ratio=2.05
[2026-05-31 17:49:54]     antonym: related_dist=0.159, random_dist=0.318, ratio=1.99
[2026-05-31 17:49:54]     cross_category: related_dist=0.164, random_dist=0.318, ratio=1.93
[2026-05-31 17:49:54]     attribute: related_dist=0.281, random_dist=0.318, ratio=1.13
[2026-05-31 17:49:54]     function: related_dist=0.365, random_dist=0.318, ratio=0.87
[2026-05-31 17:49:54] Analyzing layer 26...
[2026-05-31 17:49:54]   Layer 26: Mantel r=0.466 (p=0.002), NN overlap=0.188, Conflicts=0
[2026-05-31 17:49:54]     same_class: related_dist=0.031, random_dist=0.122, ratio=3.98
[2026-05-31 17:49:54]     hypernym: related_dist=0.038, random_dist=0.122, ratio=3.18
[2026-05-31 17:49:54]     negation: related_dist=0.048, random_dist=0.122, ratio=2.53
[2026-05-31 17:49:54]     cross_category: related_dist=0.066, random_dist=0.122, ratio=1.85
[2026-05-31 17:49:54]     antonym: related_dist=0.066, random_dist=0.122, ratio=1.84
[2026-05-31 17:49:54]     operator_similar: related_dist=0.067, random_dist=0.122, ratio=1.82
[2026-05-31 17:49:54]     attribute: related_dist=0.117, random_dist=0.122, ratio=1.04
[2026-05-31 17:49:54]     function: related_dist=0.124, random_dist=0.122, ratio=0.98
[2026-05-31 17:49:54] Results saved to results\phase314_GRCM\deepseek7b_GRCM.json
[2026-05-31 17:49:54] 
======================================================================
[2026-05-31 17:49:54] GRCM SUMMARY - deepseek7b
[2026-05-31 17:49:54] ======================================================================
[2026-05-31 17:49:54] 
  Layer 2:
[2026-05-31 17:49:54]     Mantel r=0.511 (p=0.002)
[2026-05-31 17:49:54]     Neighborhood overlap=0.189
[2026-05-31 17:49:54]     Conflicts=0
[2026-05-31 17:49:54]     Cluster 'fruit': shared_pc1_var=0.510, members=4
[2026-05-31 17:49:54]       apple: shared_proj=-3.527, delta_norm_ratio=0.916
[2026-05-31 17:49:54]       banana: shared_proj=-9.379, delta_norm_ratio=0.560
[2026-05-31 17:49:54]       orange: shared_proj=1.397, delta_norm_ratio=0.990
[2026-05-31 17:49:54]       pear: shared_proj=11.509, delta_norm_ratio=0.393
[2026-05-31 17:49:54]     Cluster 'animal': shared_pc1_var=0.552, members=3
[2026-05-31 17:49:54]       cat: shared_proj=-6.404, delta_norm_ratio=0.575
[2026-05-31 17:49:54]       dog: shared_proj=-1.124, delta_norm_ratio=0.988
[2026-05-31 17:49:54]       horse: shared_proj=7.528, delta_norm_ratio=0.343
[2026-05-31 17:49:54]     Cluster 'tool': shared_pc1_var=0.637, members=3
[2026-05-31 17:49:54]       hammer: shared_proj=-6.550, delta_norm_ratio=0.806
[2026-05-31 17:49:54]       key: shared_proj=13.496, delta_norm_ratio=0.013
[2026-05-31 17:49:54]       knife: shared_proj=-6.946, delta_norm_ratio=0.783
[2026-05-31 17:49:54]     Cluster 'emotion_pos': shared_pc1_var=0.409, members=5
[2026-05-31 17:49:54]       bright: shared_proj=-14.080, delta_norm_ratio=0.954
[2026-05-31 17:49:54]       good: shared_proj=-16.857, delta_norm_ratio=0.900
[2026-05-31 17:49:54]       happy: shared_proj=-16.079, delta_norm_ratio=0.942
[2026-05-31 17:49:54]       strong: shared_proj=-13.413, delta_norm_ratio=0.939
[2026-05-31 17:49:54]       warm: shared_proj=60.428, delta_norm_ratio=0.026
[2026-05-31 17:49:54]     Cluster 'emotion_neg': shared_pc1_var=0.323, members=5
[2026-05-31 17:49:54]       bad: shared_proj=-3.047, delta_norm_ratio=0.997
[2026-05-31 17:49:54]       cold: shared_proj=4.326, delta_norm_ratio=0.994
[2026-05-31 17:49:54]       dark: shared_proj=20.598, delta_norm_ratio=0.894
[2026-05-31 17:49:54]       sad: shared_proj=-46.921, delta_norm_ratio=0.338
[2026-05-31 17:49:54]       weak: shared_proj=25.045, delta_norm_ratio=0.841
[2026-05-31 17:49:54] 
  Layer 4:
[2026-05-31 17:49:54]     Mantel r=0.548 (p=0.002)
[2026-05-31 17:49:54]     Neighborhood overlap=0.195
[2026-05-31 17:49:54]     Conflicts=0
[2026-05-31 17:49:54]     Cluster 'fruit': shared_pc1_var=0.475, members=4
[2026-05-31 17:49:54]       apple: shared_proj=-7.424, delta_norm_ratio=0.938
[2026-05-31 17:49:54]       banana: shared_proj=-14.086, delta_norm_ratio=0.781
[2026-05-31 17:49:54]       orange: shared_proj=-6.338, delta_norm_ratio=0.959
[2026-05-31 17:49:54]       pear: shared_proj=27.849, delta_norm_ratio=0.132
[2026-05-31 17:49:54]     Cluster 'animal': shared_pc1_var=0.602, members=3
[2026-05-31 17:49:54]       cat: shared_proj=-15.147, delta_norm_ratio=0.540
[2026-05-31 17:49:54]       dog: shared_proj=-2.762, delta_norm_ratio=0.985
[2026-05-31 17:49:54]       horse: shared_proj=17.909, delta_norm_ratio=0.309
[2026-05-31 17:49:54]     Cluster 'tool': shared_pc1_var=0.673, members=3
[2026-05-31 17:49:54]       hammer: shared_proj=-12.326, delta_norm_ratio=0.776
[2026-05-31 17:49:54]       key: shared_proj=25.001, delta_norm_ratio=0.006
[2026-05-31 17:49:54]       knife: shared_proj=-12.676, delta_norm_ratio=0.764
[2026-05-31 17:49:54]     Cluster 'emotion_pos': shared_pc1_var=0.331, members=5
[2026-05-31 17:49:54]       bright: shared_proj=-6.819, delta_norm_ratio=0.994
[2026-05-31 17:49:54]       good: shared_proj=-24.149, delta_norm_ratio=0.895
[2026-05-31 17:49:54]       happy: shared_proj=-22.799, delta_norm_ratio=0.936
[2026-05-31 17:49:54]       strong: shared_proj=-15.728, delta_norm_ratio=0.958
[2026-05-31 17:49:54]       warm: shared_proj=69.494, delta_norm_ratio=0.148
[2026-05-31 17:49:54]     Cluster 'emotion_neg': shared_pc1_var=0.329, members=5
[2026-05-31 17:49:54]       bad: shared_proj=5.549, delta_norm_ratio=0.995
[2026-05-31 17:49:54]       cold: shared_proj=-10.000, delta_norm_ratio=0.985
[2026-05-31 17:49:54]       dark: shared_proj=-44.539, delta_norm_ratio=0.748
[2026-05-31 17:49:54]       sad: shared_proj=63.789, delta_norm_ratio=0.405
[2026-05-31 17:49:54]       weak: shared_proj=-14.798, delta_norm_ratio=0.970
[2026-05-31 17:49:54] 
  Layer 8:
[2026-05-31 17:49:54]     Mantel r=0.572 (p=0.002)
[2026-05-31 17:49:54]     Neighborhood overlap=0.199
[2026-05-31 17:49:54]     Conflicts=0
[2026-05-31 17:49:54]     Cluster 'fruit': shared_pc1_var=0.470, members=4
[2026-05-31 17:49:54]       apple: shared_proj=-7.712, delta_norm_ratio=0.969
[2026-05-31 17:49:54]       banana: shared_proj=-19.373, delta_norm_ratio=0.796
[2026-05-31 17:49:54]       orange: shared_proj=-12.862, delta_norm_ratio=0.917
[2026-05-31 17:49:54]       pear: shared_proj=39.947, delta_norm_ratio=0.128
[2026-05-31 17:49:54]     Cluster 'animal': shared_pc1_var=0.642, members=3
[2026-05-31 17:49:54]       cat: shared_proj=-21.762, delta_norm_ratio=0.655
[2026-05-31 17:49:54]       dog: shared_proj=-11.042, delta_norm_ratio=0.905
[2026-05-31 17:49:54]       horse: shared_proj=32.804, delta_norm_ratio=0.139
[2026-05-31 17:49:54]     Cluster 'tool': shared_pc1_var=0.701, members=3
[2026-05-31 17:49:54]       hammer: shared_proj=-32.634, delta_norm_ratio=0.603
[2026-05-31 17:49:54]       key: shared_proj=49.084, delta_norm_ratio=0.123
[2026-05-31 17:49:54]       knife: shared_proj=-16.450, delta_norm_ratio=0.882
[2026-05-31 17:49:54]     Cluster 'emotion_pos': shared_pc1_var=0.322, members=5
[2026-05-31 17:49:54]       bright: shared_proj=-3.722, delta_norm_ratio=0.999
[2026-05-31 17:49:54]       good: shared_proj=43.702, delta_norm_ratio=0.859
[2026-05-31 17:49:54]       happy: shared_proj=23.221, delta_norm_ratio=0.970
[2026-05-31 17:49:54]       strong: shared_proj=37.500, delta_norm_ratio=0.914
[2026-05-31 17:49:54]       warm: shared_proj=-100.701, delta_norm_ratio=0.257
[2026-05-31 17:49:54]     Cluster 'emotion_neg': shared_pc1_var=0.289, members=5
[2026-05-31 17:49:54]       bad: shared_proj=-19.807, delta_norm_ratio=0.976
[2026-05-31 17:49:54]       cold: shared_proj=40.439, delta_norm_ratio=0.911
[2026-05-31 17:49:54]       dark: shared_proj=72.398, delta_norm_ratio=0.706
[2026-05-31 17:49:54]       sad: shared_proj=-81.975, delta_norm_ratio=0.613
[2026-05-31 17:49:54]       weak: shared_proj=-11.056, delta_norm_ratio=0.994
[2026-05-31 17:49:54] 
  Layer 12:
[2026-05-31 17:49:54]     Mantel r=0.575 (p=0.002)
[2026-05-31 17:49:54]     Neighborhood overlap=0.198
[2026-05-31 17:49:54]     Conflicts=0
[2026-05-31 17:49:54]     Cluster 'fruit': shared_pc1_var=0.445, members=4
[2026-05-31 17:49:54]       apple: shared_proj=6.766, delta_norm_ratio=0.983
[2026-05-31 17:49:54]       banana: shared_proj=43.880, delta_norm_ratio=0.355
[2026-05-31 17:49:54]       orange: shared_proj=-24.004, delta_norm_ratio=0.835
[2026-05-31 17:49:54]       pear: shared_proj=-26.641, delta_norm_ratio=0.788
[2026-05-31 17:49:54]     Cluster 'animal': shared_pc1_var=0.602, members=3
[2026-05-31 17:49:54]       cat: shared_proj=-12.175, delta_norm_ratio=0.946
[2026-05-31 17:49:54]       dog: shared_proj=-31.757, delta_norm_ratio=0.638
[2026-05-31 17:49:54]       horse: shared_proj=43.932, delta_norm_ratio=0.205
[2026-05-31 17:49:54]     Cluster 'tool': shared_pc1_var=0.736, members=3
[2026-05-31 17:49:54]       hammer: shared_proj=-47.152, delta_norm_ratio=0.481
[2026-05-31 17:49:54]       key: shared_proj=60.981, delta_norm_ratio=0.185
[2026-05-31 17:49:54]       knife: shared_proj=-13.829, delta_norm_ratio=0.938
[2026-05-31 17:49:54]     Cluster 'emotion_pos': shared_pc1_var=0.308, members=5
[2026-05-31 17:49:54]       bright: shared_proj=-30.735, delta_norm_ratio=0.948
[2026-05-31 17:49:54]       good: shared_proj=56.404, delta_norm_ratio=0.816
[2026-05-31 17:49:54]       happy: shared_proj=47.778, delta_norm_ratio=0.897
[2026-05-31 17:49:54]       strong: shared_proj=23.395, delta_norm_ratio=0.974
[2026-05-31 17:49:54]       warm: shared_proj=-96.840, delta_norm_ratio=0.468
[2026-05-31 17:49:54]     Cluster 'emotion_neg': shared_pc1_var=0.332, members=5
[2026-05-31 17:49:54]       bad: shared_proj=-46.866, delta_norm_ratio=0.899
[2026-05-31 17:49:54]       cold: shared_proj=5.472, delta_norm_ratio=0.999
[2026-05-31 17:49:54]       dark: shared_proj=126.374, delta_norm_ratio=0.246
[2026-05-31 17:49:54]       sad: shared_proj=-42.294, delta_norm_ratio=0.928
[2026-05-31 17:49:54]       weak: shared_proj=-42.686, delta_norm_ratio=0.921
[2026-05-31 17:49:54] 
  Layer 16:
[2026-05-31 17:49:54]     Mantel r=0.504 (p=0.002)
[2026-05-31 17:49:54]     Neighborhood overlap=0.187
[2026-05-31 17:49:54]     Conflicts=0
[2026-05-31 17:49:54]     Cluster 'fruit': shared_pc1_var=0.486, members=4
[2026-05-31 17:49:54]       apple: shared_proj=-13.434, delta_norm_ratio=0.950
[2026-05-31 17:49:54]       banana: shared_proj=-50.974, delta_norm_ratio=0.435
[2026-05-31 17:49:54]       orange: shared_proj=42.699, delta_norm_ratio=0.629
[2026-05-31 17:49:54]       pear: shared_proj=21.709, delta_norm_ratio=0.895
[2026-05-31 17:49:54]     Cluster 'animal': shared_pc1_var=0.589, members=3
[2026-05-31 17:49:54]       cat: shared_proj=-10.612, delta_norm_ratio=0.972
[2026-05-31 17:49:54]       dog: shared_proj=-39.925, delta_norm_ratio=0.594
[2026-05-31 17:49:54]       horse: shared_proj=50.537, delta_norm_ratio=0.269
[2026-05-31 17:49:54]     Cluster 'tool': shared_pc1_var=0.738, members=3
[2026-05-31 17:49:54]       hammer: shared_proj=-69.388, delta_norm_ratio=0.401
[2026-05-31 17:49:54]       key: shared_proj=78.850, delta_norm_ratio=0.253
[2026-05-31 17:49:54]       knife: shared_proj=-9.463, delta_norm_ratio=0.983
[2026-05-31 17:49:54]     Cluster 'emotion_pos': shared_pc1_var=0.326, members=5
[2026-05-31 17:49:54]       bright: shared_proj=-43.424, delta_norm_ratio=0.911
[2026-05-31 17:49:54]       good: shared_proj=37.614, delta_norm_ratio=0.946
[2026-05-31 17:49:54]       happy: shared_proj=112.670, delta_norm_ratio=0.517
[2026-05-31 17:49:54]       strong: shared_proj=-27.244, delta_norm_ratio=0.972
[2026-05-31 17:49:54]       warm: shared_proj=-79.616, delta_norm_ratio=0.768
[2026-05-31 17:49:54]     Cluster 'emotion_neg': shared_pc1_var=0.321, members=5
[2026-05-31 17:49:54]       bad: shared_proj=-39.403, delta_norm_ratio=0.953
[2026-05-31 17:49:54]       cold: shared_proj=66.092, delta_norm_ratio=0.870
[2026-05-31 17:49:54]       dark: shared_proj=103.700, delta_norm_ratio=0.685
[2026-05-31 17:49:54]       sad: shared_proj=-109.097, delta_norm_ratio=0.651
[2026-05-31 17:49:54]       weak: shared_proj=-21.291, delta_norm_ratio=0.984
[2026-05-31 17:49:54] 
  Layer 20:
[2026-05-31 17:49:54]     Mantel r=0.491 (p=0.002)
[2026-05-31 17:49:54]     Neighborhood overlap=0.191
[2026-05-31 17:49:54]     Conflicts=0
[2026-05-31 17:49:54]     Cluster 'fruit': shared_pc1_var=0.514, members=4
[2026-05-31 17:49:54]       apple: shared_proj=-21.647, delta_norm_ratio=0.923
[2026-05-31 17:49:54]       banana: shared_proj=-64.338, delta_norm_ratio=0.471
[2026-05-31 17:49:54]       orange: shared_proj=56.575, delta_norm_ratio=0.594
[2026-05-31 17:49:54]       pear: shared_proj=29.410, delta_norm_ratio=0.866
[2026-05-31 17:49:54]     Cluster 'animal': shared_pc1_var=0.589, members=3
[2026-05-31 17:49:54]       cat: shared_proj=-8.524, delta_norm_ratio=0.987
[2026-05-31 17:49:54]       dog: shared_proj=-49.462, delta_norm_ratio=0.544
[2026-05-31 17:49:54]       horse: shared_proj=57.986, delta_norm_ratio=0.322
[2026-05-31 17:49:54]     Cluster 'tool': shared_pc1_var=0.756, members=3
[2026-05-31 17:49:54]       hammer: shared_proj=-103.414, delta_norm_ratio=0.321
[2026-05-31 17:49:54]       key: shared_proj=105.163, delta_norm_ratio=0.303
[2026-05-31 17:49:54]       knife: shared_proj=-1.749, delta_norm_ratio=1.000
[2026-05-31 17:49:54]     Cluster 'emotion_pos': shared_pc1_var=0.344, members=5
[2026-05-31 17:49:54]       bright: shared_proj=-56.233, delta_norm_ratio=0.916
[2026-05-31 17:49:54]       good: shared_proj=1.957, delta_norm_ratio=1.000
[2026-05-31 17:49:54]       happy: shared_proj=184.521, delta_norm_ratio=0.216
[2026-05-31 17:49:54]       strong: shared_proj=-68.564, delta_norm_ratio=0.902
[2026-05-31 17:49:54]       warm: shared_proj=-61.680, delta_norm_ratio=0.930
[2026-05-31 17:49:54]     Cluster 'emotion_neg': shared_pc1_var=0.334, members=5
[2026-05-31 17:49:54]       bad: shared_proj=-0.928, delta_norm_ratio=1.000
[2026-05-31 17:49:54]       cold: shared_proj=101.241, delta_norm_ratio=0.816
[2026-05-31 17:49:54]       dark: shared_proj=91.844, delta_norm_ratio=0.857
[2026-05-31 17:49:54]       sad: shared_proj=-182.199, delta_norm_ratio=0.395
[2026-05-31 17:49:54]       weak: shared_proj=-9.958, delta_norm_ratio=0.998
[2026-05-31 17:49:54] 
  Layer 26:
[2026-05-31 17:49:54]     Mantel r=0.466 (p=0.002)
[2026-05-31 17:49:54]     Neighborhood overlap=0.188
[2026-05-31 17:49:54]     Conflicts=0
[2026-05-31 17:49:54]     Cluster 'fruit': shared_pc1_var=0.469, members=4
[2026-05-31 17:49:54]       apple: shared_proj=-43.636, delta_norm_ratio=0.953
[2026-05-31 17:49:54]       banana: shared_proj=-163.002, delta_norm_ratio=0.444
[2026-05-31 17:49:54]       orange: shared_proj=134.074, delta_norm_ratio=0.648
[2026-05-31 17:49:54]       pear: shared_proj=72.564, delta_norm_ratio=0.891
[2026-05-31 17:49:54]     Cluster 'animal': shared_pc1_var=0.582, members=3
[2026-05-31 17:49:54]       cat: shared_proj=-6.697, delta_norm_ratio=0.998
[2026-05-31 17:49:54]       dog: shared_proj=-104.560, delta_norm_ratio=0.483
[2026-05-31 17:49:54]       horse: shared_proj=111.257, delta_norm_ratio=0.395
[2026-05-31 17:49:54]     Cluster 'tool': shared_pc1_var=0.761, members=3
[2026-05-31 17:49:54]       hammer: shared_proj=-254.151, delta_norm_ratio=0.210
[2026-05-31 17:49:54]       key: shared_proj=211.441, delta_norm_ratio=0.413
[2026-05-31 17:49:54]       knife: shared_proj=42.710, delta_norm_ratio=0.962
[2026-05-31 17:49:54]     Cluster 'emotion_pos': shared_pc1_var=0.307, members=5
[2026-05-31 17:49:54]       bright: shared_proj=-86.936, delta_norm_ratio=0.962
[2026-05-31 17:49:54]       good: shared_proj=-42.349, delta_norm_ratio=0.991
[2026-05-31 17:49:54]       happy: shared_proj=351.835, delta_norm_ratio=0.375
[2026-05-31 17:49:54]       strong: shared_proj=-228.920, delta_norm_ratio=0.772
[2026-05-31 17:49:54]       warm: shared_proj=6.370, delta_norm_ratio=1.000
[2026-05-31 17:49:54]     Cluster 'emotion_neg': shared_pc1_var=0.295, members=5
[2026-05-31 17:49:54]       bad: shared_proj=78.230, delta_norm_ratio=0.975
[2026-05-31 17:49:54]       cold: shared_proj=-178.271, delta_norm_ratio=0.877
[2026-05-31 17:49:54]       dark: shared_proj=-290.006, delta_norm_ratio=0.663
[2026-05-31 17:49:54]       sad: shared_proj=262.111, delta_norm_ratio=0.745
[2026-05-31 17:49:54]       weak: shared_proj=127.936, delta_norm_ratio=0.936
[2026-05-31 17:49:54] Model deepseek7b released.
