[2026-06-01 11:00:33] === Phase 321: Fine Layer Scan + Readout Alignment for glm4 ===
[2026-06-01 11:00:34] Loading glm4 (bf16 + device_map=auto + flash_attention_2)...
[2026-06-01 11:00:36]   flash_attention_2 failed, trying next...
[2026-06-01 11:00:45]   Loaded with sdpa
[2026-06-01 11:00:45]   Model: GlmForCausalLM, device=cuda:0, GPU=8.99GB
[2026-06-01 11:00:45]   n_layers=40, d_model=4096, class=GlmForCausalLM
[2026-06-01 11:00:45] Loading W_U for readout alignment...
[2026-06-01 11:00:46]   W_U shape: (151552, 4096)
[2026-06-01 11:00:46]   Attribute scan layers: [1, 2, 3, 4, 5, 6, 7, 8, 9]
[2026-06-01 11:00:46]   Function scan layers: [9, 10, 11, 12, 13, 14, 15, 16, 17, 18, 19]
[2026-06-01 11:00:46]   Negation scan layers: [0, 1, 2, 3, 4, 5]
[2026-06-01 11:00:46]   Total sentences: 136
[2026-06-01 11:00:46]   Total target layers: 20
[2026-06-01 11:00:46] Extracting representations at fine-grained layers...
[2026-06-01 11:01:27]     All Extracted 30/136, GPU=9.00GB
[2026-06-01 11:01:59]     All Extracted 60/136, GPU=9.00GB
[2026-06-01 11:02:32]     All Extracted 90/136, GPU=9.00GB
[2026-06-01 11:03:04]     All Extracted 120/136, GPU=9.00GB
[2026-06-01 11:03:21]     All Extracted 136/136, GPU=9.00GB
[2026-06-01 11:03:21]   Extraction time: 154.8s
[2026-06-01 11:03:21] 
============================================================
[2026-06-01 11:03:21] Part A: Attribute Fine Scan + Readout Alignment
[2026-06-01 11:03:21] ============================================================
[2026-06-01 11:03:32]   First source detailed results:
[2026-06-01 11:03:32]     L1: delta=-0.2344, direct_ro=-0.0217, cluster_ro=-0.0063
[2026-06-01 11:03:32]     L2: delta=1.6406, direct_ro=-0.0274, cluster_ro=-0.0076
[2026-06-01 11:03:32]     L3: delta=0.6250, direct_ro=-0.0158, cluster_ro=-0.0141
[2026-06-01 11:03:32]     L4: delta=0.9219, direct_ro=0.0023, cluster_ro=-0.0102
[2026-06-01 11:03:32]     L5: delta=1.2188, direct_ro=-0.0013, cluster_ro=-0.0066
[2026-06-01 11:03:32]     L6: delta=1.1562, direct_ro=-0.0113, cluster_ro=-0.0076
[2026-06-01 11:03:32]     L7: delta=0.8594, direct_ro=-0.0096, cluster_ro=-0.0084
[2026-06-01 11:03:32]     L8: delta=0.8594, direct_ro=0.0006, cluster_ro=-0.0068
[2026-06-01 11:03:32]     L9: delta=0.5625, direct_ro=0.0059, cluster_ro=-0.0032
[2026-06-01 11:04:46] 
  Attribute fine scan by layer (alpha=2.0):
[2026-06-01 11:04:46]   L1: delta=0.9863(75%), direct_ro=0.0021, cluster_ro=-0.0011
[2026-06-01 11:04:46]   L2: delta=1.1607(88%), direct_ro=-0.0010, cluster_ro=-0.0029
[2026-06-01 11:04:46]   L3: delta=1.2862(100%), direct_ro=0.0028, cluster_ro=-0.0010
[2026-06-01 11:04:46]   L4: delta=0.9284(88%), direct_ro=0.0026, cluster_ro=-0.0000
[2026-06-01 11:04:46]   L5: delta=0.7290(88%), direct_ro=0.0028, cluster_ro=0.0001
[2026-06-01 11:04:46]   L6: delta=0.8081(88%), direct_ro=0.0002, cluster_ro=-0.0004
[2026-06-01 11:04:46]   L7: delta=0.6331(88%), direct_ro=0.0009, cluster_ro=0.0003
[2026-06-01 11:04:46]   L8: delta=0.5401(88%), direct_ro=0.0002, cluster_ro=-0.0006
[2026-06-01 11:04:46]   L9: delta=0.5032(88%), direct_ro=0.0036, cluster_ro=0.0008
[2026-06-01 11:04:46] 
============================================================
[2026-06-01 11:04:46] Part B: Function Fine Scan + Readout Alignment
[2026-06-01 11:04:46] ============================================================
[2026-06-01 11:06:27] 
  Function fine scan by layer (alpha=2.0):
[2026-06-01 11:06:27]   L9: delta=0.4492(88%), direct_ro=0.0130, cluster_ro=0.0076
[2026-06-01 11:06:27]   L10: delta=0.4297(75%), direct_ro=0.0077, cluster_ro=0.0048
[2026-06-01 11:06:27]   L11: delta=0.4570(75%), direct_ro=0.0093, cluster_ro=0.0065
[2026-06-01 11:06:27]   L12: delta=0.4941(100%), direct_ro=0.0070, cluster_ro=0.0037
[2026-06-01 11:06:27]   L13: delta=0.4648(100%), direct_ro=0.0023, cluster_ro=-0.0010
[2026-06-01 11:06:27]   L14: delta=0.4590(100%), direct_ro=0.0059, cluster_ro=0.0001
[2026-06-01 11:06:27]   L15: delta=0.4902(100%), direct_ro=0.0100, cluster_ro=0.0027
[2026-06-01 11:06:27]   L16: delta=0.4922(100%), direct_ro=0.0067, cluster_ro=-0.0006
[2026-06-01 11:06:27]   L17: delta=0.5078(100%), direct_ro=0.0033, cluster_ro=-0.0027
[2026-06-01 11:06:27]   L18: delta=0.5039(100%), direct_ro=0.0110, cluster_ro=0.0043
[2026-06-01 11:06:27]   L19: delta=0.4258(100%), direct_ro=0.0089, cluster_ro=0.0030
[2026-06-01 11:06:27] 
============================================================
[2026-06-01 11:06:27] Part C: Negation Fine Scan + Readout Alignment
[2026-06-01 11:06:27] ============================================================
[2026-06-01 11:07:25] 
  Negation fine scan by layer (alpha=2.0):
[2026-06-01 11:07:25]   L0: neg_delta=5.1658, adj_delta=1.5054, neg_ro=-0.0066, neg_adj_ro=-0.0118
[2026-06-01 11:07:25]   L1: neg_delta=2.2849, adj_delta=1.7824, neg_ro=-0.0026, neg_adj_ro=-0.0042
[2026-06-01 11:07:25]   L2: neg_delta=2.2505, adj_delta=1.7234, neg_ro=-0.0072, neg_adj_ro=-0.0065
[2026-06-01 11:07:25]   L3: neg_delta=2.5586, adj_delta=1.5233, neg_ro=-0.0069, neg_adj_ro=0.0018
[2026-06-01 11:07:25]   L4: neg_delta=2.4351, adj_delta=1.6958, neg_ro=-0.0015, neg_adj_ro=-0.0009
[2026-06-01 11:07:25]   L5: neg_delta=2.4333, adj_delta=1.7290, neg_ro=-0.0026, neg_adj_ro=-0.0010
[2026-06-01 11:07:25] 
============================================================
[2026-06-01 11:07:25] Part D: Direction-Readout Alignment (no injection, all layers)
[2026-06-01 11:07:25] ============================================================
[2026-06-01 11:07:25] 
  Readout alignment by layer (attribute):
[2026-06-01 11:07:25]   L0: target_cos=-0.0057, random_cos=-0.0081, diff=0.0024
[2026-06-01 11:07:25]   L1: target_cos=-0.0056, random_cos=-0.0040, diff=-0.0016
[2026-06-01 11:07:25]   L2: target_cos=-0.0100, random_cos=0.0033, diff=-0.0134
[2026-06-01 11:07:25]   L3: target_cos=-0.0077, random_cos=-0.0078, diff=0.0001
[2026-06-01 11:07:25]   L4: target_cos=-0.0011, random_cos=0.0066, diff=-0.0077
[2026-06-01 11:07:25]   L5: target_cos=-0.0006, random_cos=-0.0236, diff=0.0230
[2026-06-01 11:07:25]   L6: target_cos=-0.0069, random_cos=0.0004, diff=-0.0073
[2026-06-01 11:07:25]   L7: target_cos=-0.0034, random_cos=0.0102, diff=-0.0136
[2026-06-01 11:07:25]   L8: target_cos=-0.0023, random_cos=-0.0024, diff=0.0001
[2026-06-01 11:07:25]   L9: target_cos=-0.0010, random_cos=0.0078, diff=-0.0089
[2026-06-01 11:07:25]   L10: target_cos=0.0003, random_cos=-0.0027, diff=0.0030
[2026-06-01 11:07:25]   L11: target_cos=0.0034, random_cos=0.0084, diff=-0.0050
[2026-06-01 11:07:25]   L12: target_cos=0.0043, random_cos=-0.0091, diff=0.0135
[2026-06-01 11:07:25]   L13: target_cos=0.0009, random_cos=0.0099, diff=-0.0090
[2026-06-01 11:07:25]   L14: target_cos=0.0001, random_cos=-0.0121, diff=0.0122
[2026-06-01 11:07:25]   L15: target_cos=0.0029, random_cos=-0.0168, diff=0.0198
[2026-06-01 11:07:25]   L16: target_cos=0.0034, random_cos=0.0124, diff=-0.0090
[2026-06-01 11:07:25]   L17: target_cos=-0.0034, random_cos=-0.0099, diff=0.0064
[2026-06-01 11:07:25]   L18: target_cos=-0.0015, random_cos=0.0042, diff=-0.0057
[2026-06-01 11:07:25]   L19: target_cos=-0.0016, random_cos=0.0045, diff=-0.0060
[2026-06-01 11:07:25] Results saved to results\phase321_fine_readout\glm4_phase321.json
[2026-06-01 11:07:25] 
============================================================
[2026-06-01 11:07:25] PHASE 321 SUMMARY - glm4
[2026-06-01 11:07:25] ============================================================
[2026-06-01 11:07:25] 
Best injection layer (max mean_delta) with readout alignment:
[2026-06-01 11:07:25]   attribute: best=L3, delta=1.2862, direct_readout=0.0028
[2026-06-01 11:07:25]   function: best=L17, delta=0.5078, direct_readout=0.0033
[2026-06-01 11:07:25]   negation: best=L0, neg_delta=5.1658, neg_readout=-0.0066
[2026-06-01 11:07:25] 
Readout alignment summary (target vs random):
[2026-06-01 11:07:25]   Mean target alignment: -0.0018
[2026-06-01 11:07:25]   Mean random alignment: -0.0014
[2026-06-01 11:07:25]   Alignment above random: -0.0003
[2026-06-01 11:07:27] Model glm4 released.
