[2026-06-01 13:41:07] === Phase 324b: Color Type>Value Confirmation for glm4 ===
[2026-06-01 13:41:20]   Loaded glm4 with attn_impl=sdpa
[2026-06-01 13:41:20]   Model: GlmForCausalLM, device=cuda:0, GPU=8.99GB
[2026-06-01 13:41:20]   n_layers=40, d_model=4096
[2026-06-01 13:41:20] 
============================================================
[2026-06-01 13:41:20] Test 1: Full 30-pair color Type vs Value — Multi-Alpha
[2026-06-01 13:41:20] ============================================================
[2026-06-01 13:42:55]     α=1.0 pair 10/30 done
[2026-06-01 13:44:19]     α=1.0 pair 20/30 done
[2026-06-01 13:45:44]     α=1.0 pair 30/30 done
[2026-06-01 13:45:44]   α=1.0: slot_tgt=0.0200, type_tgt=0.6867, value_tgt=0.3971, type/value=1.73
[2026-06-01 13:47:09]     α=2.0 pair 10/30 done
[2026-06-01 13:48:33]     α=2.0 pair 20/30 done
[2026-06-01 13:49:59]     α=2.0 pair 30/30 done
[2026-06-01 13:49:59]   α=2.0: slot_tgt=-0.4503, type_tgt=1.1667, value_tgt=-0.2445, type/value=1166.65
[2026-06-01 13:51:23]     α=3.0 pair 10/30 done
[2026-06-01 13:52:47]     α=3.0 pair 20/30 done
[2026-06-01 13:54:11]     α=3.0 pair 30/30 done
[2026-06-01 13:54:11]   α=3.0: slot_tgt=-1.5699, type_tgt=0.6780, value_tgt=-0.2408, type/value=677.98
[2026-06-01 13:54:11] 
============================================================
[2026-06-01 13:54:11] Test 2: Taste & Texture Full 30-pair
[2026-06-01 13:54:11] ============================================================
[2026-06-01 13:55:35]     taste pair 10/30 done
[2026-06-01 13:57:00]     taste pair 20/30 done
[2026-06-01 13:58:24]     taste pair 30/30 done
[2026-06-01 13:58:24]   taste: slot_tgt=-1.6474, type_tgt=-0.0316, value_tgt=-0.5837
[2026-06-01 13:59:48]     texture pair 10/30 done
[2026-06-01 14:01:12]     texture pair 20/30 done
[2026-06-01 14:02:37]     texture pair 30/30 done
[2026-06-01 14:02:37]   texture: slot_tgt=-0.9236, type_tgt=0.4975, value_tgt=1.0658
[2026-06-01 14:02:37] 
============================================================
[2026-06-01 14:02:37] Test 3: Binding at Low Alpha (0.5, 1.0)
[2026-06-01 14:02:37] ============================================================
[2026-06-01 14:05:34] 
  Binding by alpha and level:
[2026-06-01 14:05:34]     α=0.5/slot: binding=-0.1232
[2026-06-01 14:05:34]     α=0.5/type: binding=-0.0755
[2026-06-01 14:05:34]     α=0.5/value: binding=-0.1385
[2026-06-01 14:05:34]     α=1.0/slot: binding=-0.2750
[2026-06-01 14:05:34]     α=1.0/type: binding=-0.1812
[2026-06-01 14:05:34]     α=1.0/value: binding=-0.1568
[2026-06-01 14:05:34]     α=2.0/slot: binding=-0.8995
[2026-06-01 14:05:34]     α=2.0/type: binding=-0.4824
[2026-06-01 14:05:34]     α=2.0/value: binding=-0.5857
[2026-06-01 14:05:34] Results saved to results\phase324b_color\glm4_phase324b.json
[2026-06-01 14:05:34] 
============================================================
[2026-06-01 14:05:34] PHASE 324b SUMMARY - glm4
[2026-06-01 14:05:34] ============================================================
[2026-06-01 14:05:34] 
  Color Full 30-pair:
[2026-06-01 14:05:34]     α=1.0: type_tgt=0.6867, value_tgt=0.3971, type/value=1.73
[2026-06-01 14:05:34]     α=2.0: type_tgt=1.1667, value_tgt=-0.2445, type/value=1166.65
[2026-06-01 14:05:34]     α=3.0: type_tgt=0.6780, value_tgt=-0.2408, type/value=677.98
[2026-06-01 14:05:34] 
  Taste Full 30-pair:
[2026-06-01 14:05:34]     slot_tgt=-1.6474, type_tgt=-0.0316, value_tgt=-0.5837
[2026-06-01 14:05:34] 
  Texture Full 30-pair:
[2026-06-01 14:05:34]     slot_tgt=-0.9236, type_tgt=0.4975, value_tgt=1.0658
[2026-06-01 14:05:34] 
  Binding at low alpha:
[2026-06-01 14:05:34]     α=0.5/slot: binding=-0.1232
[2026-06-01 14:05:34]     α=0.5/type: binding=-0.0755
[2026-06-01 14:05:34]     α=0.5/value: binding=-0.1385
[2026-06-01 14:05:34]     α=1.0/slot: binding=-0.2750
[2026-06-01 14:05:34]     α=1.0/type: binding=-0.1812
[2026-06-01 14:05:34]     α=1.0/value: binding=-0.1568
[2026-06-01 14:05:34]     α=2.0/slot: binding=-0.8995
[2026-06-01 14:05:34]     α=2.0/type: binding=-0.4824
[2026-06-01 14:05:34]     α=2.0/value: binding=-0.5857
[2026-06-01 14:05:36] Model glm4 released. Total time: 1468.5s
