[11:09:54] glm4/confirm: pairs=6 components=['L34:attn_out', 'L35:attn_out'] audits=1
[11:09:55] [load] glm4: bf16 device_map=auto attn=eager quantization=off
`torch_dtype` is deprecated! Use `dtype` instead!
Loading weights:   0%|          | 0/443 [00:00<?, ?it/s]Loading weights:   0%|          | 1/443 [00:00<00:51,  8.53it/s]Loading weights:   6%|▌         | 27/443 [00:00<00:02, 141.85it/s]Loading weights:  14%|█▎        | 60/443 [00:00<00:01, 210.05it/s]Loading weights:  21%|██        | 93/443 [00:00<00:01, 245.26it/s]Loading weights:  28%|██▊       | 123/443 [00:00<00:01, 257.67it/s]Loading weights:  36%|███▌      | 159/443 [00:00<00:00, 285.57it/s]Loading weights:  42%|████▏     | 188/443 [00:00<00:00, 278.74it/s]Loading weights:  52%|█████▏    | 229/443 [00:00<00:00, 316.38it/s]Loading weights:  59%|█████▉    | 261/443 [00:00<00:00, 309.88it/s]Loading weights:  66%|██████▌   | 293/443 [00:01<00:00, 309.30it/s]Loading weights:  73%|███████▎  | 325/443 [00:01<00:00, 306.24it/s]Loading weights:  80%|████████  | 356/443 [00:01<00:00, 298.36it/s]Loading weights:  88%|████████▊ | 388/443 [00:01<00:00, 300.90it/s]Loading weights:  95%|█████████▌| 423/443 [00:01<00:00, 310.99it/s]Loading weights: 100%|██████████| 443/443 [00:01<00:00, 286.02it/s]
[11:09:57] [load] glm4: loaded eager, device=cuda:0, gpu=18.80GB
[11:10:15] glm4: mechanism backtrace 2/6 pairs; rows=288
[11:10:35] glm4: mechanism backtrace 4/6 pairs; rows=608
[11:10:54] glm4: mechanism backtrace 6/6 pairs; rows=912
[model_utils] GPU memory released, allocated=18.81 GB
{
  "model": "glm4",
  "round": "confirm",
  "top": [
    {
      "context_name": "natural_recipient",
      "site": "L35:attn_out",
      "subunit_id": "L35:attn_out:H29",
      "subunit_kind": "attn_head",
      "source_group": "records_all",
      "n": 1,
      "mean_attention_mass_to_source": 0.6217708587646484,
      "mean_source_target_logit_contribution": 0.9860296845436096,
      "mean_source_total_route_suppression_contribution": 0.10592953488230705,
      "mean_source_margin_contribution": 0.7808269381523132,
      "mean_target_logit_drop_after_source_removal": 0.25,
      "mean_total_positive_route_release_after_source_removal": 0.0,
      "mean_route_release_coverage": 0.0,
      "mean_margin_drop_target_vs_routes": 0.175,
      "top1_loss_rate": 0.0,
      "role_guess_counts": {
        "target_support_content": 1
      },
      "dominant_role_guess": "target_support_content",
      "heads_seen": [
        [
          29
        ]
      ]
    },
    {
      "context_name": "natural_recipient",
      "site": "L35:attn_out",
      "subunit_id": "L35:attn_out:H29",
      "subunit_kind": "attn_head",
      "source_group": "target_record_line",
      "n": 1,
      "mean_attention_mass_to_source": 0.5143241882324219,
      "mean_source_target_logit_contribution": 0.9800307750701904,
      "mean_source_total_route_suppression_contribution": 0.1055212952196598,
      "mean_source_margin_contribution": 0.7761297225952148,
      "mean_target_logit_drop_after_source_removal": 0.25,
      "mean_total_positive_route_release_after_source_removal": 0.0,
      "mean_route_release_coverage": 0.0,
      "mean_margin_drop_target_vs_routes": 0.175,
      "top1_loss_rate": 0.0,
      "role_guess_counts": {
        "target_support_content": 1
      },
      "dominant_role_guess": "target_support_content",
      "heads_seen": [
        [
          29
        ]
      ]
    },
    {
      "context_name": "natural_recipient",
      "site": "L35:attn_out",
      "subunit_id": "L35:attn_out:H29",
      "subunit_kind": "attn_head",
      "source_group": "target_value_tokens",
      "n": 1,
      "mean_attention_mass_to_source": 0.458984375,
      "mean_source_target_logit_contribution": 0.9620256423950195,
      "mean_source_total_route_suppression_contribution": 0.10857468098402023,
      "mean_source_margin_contribution": 0.7620264247059823,
      "mean_target_logit_drop_after_source_removal": 0.25,
      "mean_total_positive_route_release_after_source_removal": 0.0,
      "mean_route_release_coverage": 0.0,
      "mean_margin_drop_target_vs_routes": 0.175,
      "top1_loss_rate": 0.0,
      "role_guess_counts": {
        "target_support_content": 1
      },
      "dominant_role_guess": "target_support_content",
      "heads_seen": [
        [
          29
        ]
      ]
    },
    {
      "context_name": "natural_donor",
      "site": "L35:attn_out",
      "subunit_id": "L35:attn_out:H7",
      "subunit_kind": "attn_head",
      "source_group": "relation_tokens",
      "n": 1,
      "mean_attention_mass_to_source": 0.0019426345825195312,
      "mean_source_target_logit_contribution": 0.0001475573517382145,
      "mean_source_total_route_suppression_contribution": 0.00046286303404485807,
      "mean_source_margin_contribution": 0.00030184506613295525,
      "mean_target_logit_drop_after_source_removal": 0.125,
      "mean_total_positive_route_release_after_source_removal": 0.0,
      "mean_route_release_coverage": 0.0,
      "mean_margin_drop_target_vs_routes": 0.10416666666666667,
      "top1_loss_rate": 0.0,
      "role_guess_counts": {
        "small_or_unclear": 1
      },
      "dominant_role_guess": "small_or_unclear",
      "heads_seen": [
        [
          7
        ]
      ]
    },
    {
      "context_name": "natural_donor",
      "site": "L34:attn_out",
      "subunit_id": "L34:attn_out:H9",
      "subunit_kind": "attn_head",
      "source_group": "target_record_line",
      "n": 2,
      "mean_attention_mass_to_source": 0.1540541648864746,
      "mean_source_target_logit_contribution": -0.007112237741239369,
      "mean_source_total_route_suppression_contribution": 0.012990911229280755,
      "mean_source_margin_contribution": -0.11865021849225742,
      "mean_target_logit_drop_after_source_removal": 0.09375,
      "mean_total_positive_route_release_after_source_removal": 0.03125,
      "mean_route_release_coverage": 0.5,
      "mean_margin_drop_target_vs_routes": 0.0,
      "top1_loss_rate": 0.0,
      "role_guess_counts": {
        "small_or_unclear": 2
      },
      "dominant_role_guess": "small_or_unclear",
      "heads_seen": [
        [
          9
        ]
      ]
    },
    {
      "context_name": "natural_donor",
      "site": "L34:attn_out",
      "subunit_id": "L34:attn_out:H9",
      "subunit_kind": "attn_head",
      "source_group": "instruction",
      "n": 2,
      "mean_attention_mass_to_source": 0.19835373759269714,
      "mean_source_target_logit_contribution": 0.0005468284944072366,
      "mean_source_total_route_suppression_contribution": 0.005373972118832171,
      "mean_source_margin_contribution": 0.001135386840905994,
      "mean_target_logit_drop_after_source_removal": 0.09375,
      "mean_total_positive_route_release_after_source_removal": 0.0,
      "mean_route_release_coverage": 0.0,
      "mean_margin_drop_target_vs_routes": 0.05,
      "top1_loss_rate": 0.0,
      "role_guess_counts": {
        "small_or_unclear": 1,
        "qk_pattern_visible_content_weak": 1
      },
      "dominant_role_guess": "small_or_unclear",
      "heads_seen": [
        [
          9
        ]
      ]
    },
    {
      "context_name": "natural_donor",
      "site": "L34:attn_out",
      "subunit_id": "L34:attn_out:H4",
      "subunit_kind": "attn_head_focus",
      "source_group": "target_value_tokens",
      "n": 6,
      "mean_attention_mass_to_source": 0.14745076497395834,
      "mean_source_target_logit_contribution": 0.23335872559497753,
      "mean_source_total_route_suppression_contribution": 0.07656299068670099,
      "mean_source_margin_contribution": 0.1466266450368696,
      "mean_target_logit_drop_after_source_removal": 0.07291666666666667,
      "mean_total_positive_route_release_after_source_removal": 0.0625,
      "mean_route_release_coverage": 0.5,
      "mean_margin_drop_target_vs_routes": 0.04652777777777778,
      "top1_loss_rate": 0.0,
      "role_guess_counts": {
        "small_or_unclear": 5,
        "mixed_target_support_and_route_guard": 1
      },
      "dominant_role_guess": "small_or_unclear",
      "heads_seen": [
        [
          4
        ]
      ]
    },
    {
      "context_name": "natural_donor",
      "site": "L34:attn_out",
      "subunit_id": "L34:attn_out:H4",
      "subunit_kind": "attn_head_focus",
      "source_group": "records_all",
      "n": 6,
      "mean_attention_mass_to_source": 0.4021466871102651,
      "mean_source_target_logit_contribution": 0.23683664951628694,
      "mean_source_total_route_suppression_contribution": 0.08537758211605251,
      "mean_source_margin_contribution": 0.14849092183867468,
      "mean_target_logit_drop_after_source_removal": 0.0625,
      "mean_total_positive_route_release_after_source_removal": 0.0625,
      "mean_route_release_coverage": 0.6666666666666666,
      "mean_margin_drop_target_vs_routes": 0.04010416666666667,
      "top1_loss_rate": 0.0,
      "role_guess_counts": {
        "qk_pattern_visible_content_weak": 5,
        "target_support_content": 1
      },
      "dominant_role_guess": "qk_pattern_visible_content_weak",
      "heads_seen": [
        [
          4
        ]
      ]
    },
    {
      "context_name": "natural_donor",
      "site": "L34:attn_out",
      "subunit_id": "L34:attn_out:H9",
      "subunit_kind": "attn_head",
      "source_group": "records_all",
      "n": 2,
      "mean_attention_mass_to_source": 0.5321198999881744,
      "mean_source_target_logit_contribution": 0.009346687234938145,
      "mean_source_total_route_suppression_contribution": 0.0283561241813004,
      "mean_source_margin_contribution": -0.2826633922290057,
      "mean_target_logit_drop_after_source_removal": 0.0625,
      "mean_total_positive_route_release_after_source_removal": 0.03125,
      "mean_route_release_coverage": 0.5,
      "mean_margin_drop_target_vs_routes": -0.1125,
      "top1_loss_rate": 0.0,
      "role_guess_counts": {
        "small_or_unclear": 1,
        "qk_pattern_visible_content_weak": 1
      },
      "dominant_role_guess": "small_or_unclear",
      "heads_seen": [
        [
          9
        ]
      ]
    },
    {
      "context_name": "natural_donor",
      "site": "L34:attn_out",
      "subunit_id": "L34:attn_out:H9",
      "subunit_kind": "attn_head",
      "source_group": "object_tokens",
      "n": 2,
      "mean_attention_mass_to_source": 0.4208488464355469,
      "mean_source_target_logit_contribution": 0.009070968255400658,
      "mean_source_total_route_suppression_contribution": 0.05346820317208767,
      "mean_source_margin_contribution": -0.37861983356997375,
      "mean_target_logit_drop_after_source_removal": 0.0625,
      "mean_total_positive_route_release_after_source_removal": 0.03125,
      "mean_route_release_coverage": 0.5,
      "mean_margin_drop_target_vs_routes": -0.15625,
      "top1_loss_rate": 0.0,
      "role_guess_counts": {
        "small_or_unclear": 1,
        "qk_pattern_visible_content_weak": 1
      },
      "dominant_role_guess": "small_or_unclear",
      "heads_seen": [
        [
          9
        ]
      ]
    }
  ]
}
