[11:10:56] deepseek7b/confirm: pairs=6 components=['L22:attn_out', 'L23:attn_out'] audits=1
[11:10:56] [load] deepseek7b: bf16 device_map=auto attn=eager quantization=off
`torch_dtype` is deprecated! Use `dtype` instead!
Loading weights:   0%|          | 0/339 [00:00<?, ?it/s]Loading weights:   1%|          | 4/339 [00:00<00:09, 35.78it/s]Loading weights:  11%|█         | 38/339 [00:00<00:01, 204.31it/s]Loading weights:  19%|█▉        | 65/339 [00:00<00:01, 223.56it/s]Loading weights:  26%|██▌       | 88/339 [00:00<00:01, 223.90it/s]Loading weights:  40%|███▉      | 135/339 [00:00<00:00, 309.26it/s]Loading weights:  49%|████▉     | 167/339 [00:00<00:00, 290.34it/s]Loading weights:  58%|█████▊    | 197/339 [00:00<00:00, 271.41it/s]Loading weights:  68%|██████▊   | 231/339 [00:00<00:00, 285.69it/s]Loading weights:  77%|███████▋  | 260/339 [00:00<00:00, 277.86it/s]Loading weights:  85%|████████▌ | 289/339 [00:01<00:00, 262.64it/s]Loading weights:  93%|█████████▎| 316/339 [00:01<00:00, 246.62it/s]Loading weights: 100%|██████████| 339/339 [00:01<00:00, 265.80it/s]
[11:10:58] [load] deepseek7b: loaded eager, device=cuda:0, gpu=15.23GB
[11:11:15] deepseek7b: mechanism backtrace 2/6 pairs; rows=352
[11:11:31] deepseek7b: mechanism backtrace 4/6 pairs; rows=688
[11:11:48] deepseek7b: mechanism backtrace 6/6 pairs; rows=1040
[model_utils] GPU memory released, allocated=15.24 GB
{
  "model": "deepseek7b",
  "round": "confirm",
  "top": [
    {
      "context_name": "natural_donor",
      "site": "L22:attn_out",
      "subunit_id": "L22:attn_out:H24",
      "subunit_kind": "attn_head",
      "source_group": "target_record_line",
      "n": 1,
      "mean_attention_mass_to_source": 0.8168642520904541,
      "mean_source_target_logit_contribution": 0.2811671495437622,
      "mean_source_total_route_suppression_contribution": 0.320107102394104,
      "mean_source_margin_contribution": 0.08223367482423782,
      "mean_target_logit_drop_after_source_removal": 1.25,
      "mean_total_positive_route_release_after_source_removal": 0.0,
      "mean_route_release_coverage": 0.0,
      "mean_margin_drop_target_vs_routes": 0.921875,
      "top1_loss_rate": 0.0,
      "role_guess_counts": {
        "target_support_content": 1
      },
      "dominant_role_guess": "target_support_content",
      "heads_seen": [
        [
          24
        ]
      ]
    },
    {
      "context_name": "natural_donor",
      "site": "L22:attn_out",
      "subunit_id": "L22:attn_out:topH4",
      "subunit_kind": "attn_headset",
      "source_group": "records_all",
      "n": 6,
      "mean_attention_mass_to_source": 0.42729142556587857,
      "mean_source_target_logit_contribution": 1.9177282936871052,
      "mean_source_total_route_suppression_contribution": 0.9215406794101,
      "mean_source_margin_contribution": 1.5188127753014367,
      "mean_target_logit_drop_after_source_removal": 1.03125,
      "mean_total_positive_route_release_after_source_removal": 0.17708333333333334,
      "mean_route_release_coverage": 1.0,
      "mean_margin_drop_target_vs_routes": 0.803125,
      "top1_loss_rate": 0.0,
      "role_guess_counts": {
        "small_or_unclear": 1,
        "target_support_content": 5
      },
      "dominant_role_guess": "target_support_content",
      "heads_seen": [
        [
          1,
          16,
          24,
          20
        ],
        [
          1,
          24,
          22,
          8
        ],
        [
          1,
          27,
          16,
          22
        ],
        [
          7,
          0,
          16,
          9
        ],
        [
          12,
          17,
          2,
          20
        ],
        [
          24,
          25,
          1,
          7
        ]
      ]
    },
    {
      "context_name": "natural_donor",
      "site": "L22:attn_out",
      "subunit_id": "L22:attn_out:H24",
      "subunit_kind": "attn_head",
      "source_group": "records_all",
      "n": 1,
      "mean_attention_mass_to_source": 0.9259451627731323,
      "mean_source_target_logit_contribution": 0.32307422161102295,
      "mean_source_total_route_suppression_contribution": 0.34283190965652466,
      "mean_source_margin_contribution": 0.08588102087378502,
      "mean_target_logit_drop_after_source_removal": 1.0,
      "mean_total_positive_route_release_after_source_removal": 0.0625,
      "mean_route_release_coverage": 1.0,
      "mean_margin_drop_target_vs_routes": 0.921875,
      "top1_loss_rate": 0.0,
      "role_guess_counts": {
        "target_support_content": 1
      },
      "dominant_role_guess": "target_support_content",
      "heads_seen": [
        [
          24
        ]
      ]
    },
    {
      "context_name": "natural_donor",
      "site": "L22:attn_out",
      "subunit_id": "L22:attn_out:H24",
      "subunit_kind": "attn_head",
      "source_group": "target_value_tokens",
      "n": 1,
      "mean_attention_mass_to_source": 0.59765625,
      "mean_source_target_logit_contribution": 0.2944216728210449,
      "mean_source_total_route_suppression_contribution": 0.36194872856140137,
      "mean_source_margin_contribution": 0.10758832842111588,
      "mean_target_logit_drop_after_source_removal": 1.0,
      "mean_total_positive_route_release_after_source_removal": 0.0,
      "mean_route_release_coverage": 0.0,
      "mean_margin_drop_target_vs_routes": 0.640625,
      "top1_loss_rate": 0.0,
      "role_guess_counts": {
        "target_support_content": 1
      },
      "dominant_role_guess": "target_support_content",
      "heads_seen": [
        [
          24
        ]
      ]
    },
    {
      "context_name": "natural_recipient",
      "site": "L22:attn_out",
      "subunit_id": "L22:attn_out:H24",
      "subunit_kind": "attn_head",
      "source_group": "records_all",
      "n": 1,
      "mean_attention_mass_to_source": 0.9087123274803162,
      "mean_source_target_logit_contribution": 1.3359119892120361,
      "mean_source_total_route_suppression_contribution": 0.18741480261087418,
      "mean_source_margin_contribution": 0.9453765861690044,
      "mean_target_logit_drop_after_source_removal": 0.875,
      "mean_total_positive_route_release_after_source_removal": 0.0,
      "mean_route_release_coverage": 0.0,
      "mean_margin_drop_target_vs_routes": 0.515625,
      "top1_loss_rate": 0.0,
      "role_guess_counts": {
        "target_support_content": 1
      },
      "dominant_role_guess": "target_support_content",
      "heads_seen": [
        [
          24
        ]
      ]
    },
    {
      "context_name": "natural_recipient",
      "site": "L22:attn_out",
      "subunit_id": "L22:attn_out:H24",
      "subunit_kind": "attn_head",
      "source_group": "target_record_line",
      "n": 1,
      "mean_attention_mass_to_source": 0.8442354202270508,
      "mean_source_target_logit_contribution": 1.3925038576126099,
      "mean_source_total_route_suppression_contribution": 0.16450916975736618,
      "mean_source_margin_contribution": 1.001883901655674,
      "mean_target_logit_drop_after_source_removal": 0.875,
      "mean_total_positive_route_release_after_source_removal": 0.0,
      "mean_route_release_coverage": 0.0,
      "mean_margin_drop_target_vs_routes": 0.5,
      "top1_loss_rate": 0.0,
      "role_guess_counts": {
        "target_support_content": 1
      },
      "dominant_role_guess": "target_support_content",
      "heads_seen": [
        [
          24
        ]
      ]
    },
    {
      "context_name": "natural_recipient",
      "site": "L22:attn_out",
      "subunit_id": "L22:attn_out:topH4",
      "subunit_kind": "attn_headset",
      "source_group": "records_all",
      "n": 6,
      "mean_attention_mass_to_source": 0.42456216116746265,
      "mean_source_target_logit_contribution": 1.3192618638277054,
      "mean_source_total_route_suppression_contribution": 0.39909844162563485,
      "mean_source_margin_contribution": 1.0423768837004899,
      "mean_target_logit_drop_after_source_removal": 0.8333333333333334,
      "mean_total_positive_route_release_after_source_removal": 0.3645833333333333,
      "mean_route_release_coverage": 2.0,
      "mean_margin_drop_target_vs_routes": 0.6923611111111111,
      "top1_loss_rate": 0.3333333333333333,
      "role_guess_counts": {
        "route_suppressor_content": 1,
        "small_or_unclear": 1,
        "readout_target_aligned_observational": 1,
        "mixed_target_support_and_route_guard": 1,
        "target_support_content": 2
      },
      "dominant_role_guess": "target_support_content",
      "heads_seen": [
        [
          1,
          16,
          24,
          20
        ],
        [
          1,
          24,
          22,
          8
        ],
        [
          1,
          27,
          16,
          22
        ],
        [
          7,
          0,
          16,
          9
        ],
        [
          12,
          17,
          2,
          20
        ],
        [
          24,
          25,
          1,
          7
        ]
      ]
    },
    {
      "context_name": "natural_donor",
      "site": "L22:attn_out",
      "subunit_id": "L22:attn_out:topH4",
      "subunit_kind": "attn_headset",
      "source_group": "target_record_line",
      "n": 6,
      "mean_attention_mass_to_source": 0.2704926331837972,
      "mean_source_target_logit_contribution": 1.6844286719957988,
      "mean_source_total_route_suppression_contribution": 0.6694607225557169,
      "mean_source_margin_contribution": 1.367961098253727,
      "mean_target_logit_drop_after_source_removal": 0.8333333333333334,
      "mean_total_positive_route_release_after_source_removal": 0.13541666666666666,
      "mean_route_release_coverage": 0.6666666666666666,
      "mean_margin_drop_target_vs_routes": 0.6026041666666667,
      "top1_loss_rate": 0.16666666666666666,
      "role_guess_counts": {
        "small_or_unclear": 2,
        "target_support_content": 4
      },
      "dominant_role_guess": "target_support_content",
      "heads_seen": [
        [
          1,
          16,
          24,
          20
        ],
        [
          1,
          24,
          22,
          8
        ],
        [
          1,
          27,
          16,
          22
        ],
        [
          7,
          0,
          16,
          9
        ],
        [
          12,
          17,
          2,
          20
        ],
        [
          24,
          25,
          1,
          7
        ]
      ]
    },
    {
      "context_name": "natural_recipient",
      "site": "L22:attn_out",
      "subunit_id": "L22:attn_out:H1",
      "subunit_kind": "attn_head_focus",
      "source_group": "target_record_line",
      "n": 6,
      "mean_attention_mass_to_source": 0.38402096430460614,
      "mean_source_target_logit_contribution": 1.6017159521579742,
      "mean_source_total_route_suppression_contribution": 0.36791494861245155,
      "mean_source_margin_contribution": 1.549076714118322,
      "mean_target_logit_drop_after_source_removal": 0.7083333333333334,
      "mean_total_positive_route_release_after_source_removal": 0.1875,
      "mean_route_release_coverage": 0.5,
      "mean_margin_drop_target_vs_routes": 0.6932291666666667,
      "top1_loss_rate": 0.16666666666666666,
      "role_guess_counts": {
        "target_support_content": 5,
        "mixed_target_support_and_route_guard": 1
      },
      "dominant_role_guess": "target_support_content",
      "heads_seen": [
        [
          1
        ]
      ]
    },
    {
      "context_name": "natural_recipient",
      "site": "L23:attn_out",
      "subunit_id": "L23:attn_out:H6",
      "subunit_kind": "attn_head",
      "source_group": "relation_tokens",
      "n": 1,
      "mean_attention_mass_to_source": 0.600311279296875,
      "mean_source_target_logit_contribution": 3.754295587539673,
      "mean_source_total_route_suppression_contribution": 0.26676348596811295,
      "mean_source_margin_contribution": 2.2727588772773744,
      "mean_target_logit_drop_after_source_removal": 0.6875,
      "mean_total_positive_route_release_after_source_removal": 0.125,
      "mean_route_release_coverage": 1.0,
      "mean_margin_drop_target_vs_routes": 0.4875,
      "top1_loss_rate": 0.0,
      "role_guess_counts": {
        "target_support_content": 1
      },
      "dominant_role_guess": "target_support_content",
      "heads_seen": [
        [
          6
        ]
      ]
    }
  ]
}
