[20:51:57] deepseek7b/smoke: focus=clean_fiber_high cases=2 sources=['instruction_core', 'format_cue', 'candidate_list', 'answer_prefix']
[20:51:58] [load] deepseek7b: bf16 device_map=auto attn=eager quantization=off
`torch_dtype` is deprecated! Use `dtype` instead!
Loading weights:   0%|          | 0/339 [00:00<?, ?it/s]Loading weights:   1%|          | 2/339 [00:00<00:29, 11.27it/s]Loading weights:   7%|▋         | 23/339 [00:00<00:03, 97.19it/s]Loading weights:  17%|█▋        | 56/339 [00:00<00:01, 185.14it/s]Loading weights:  26%|██▋       | 89/339 [00:00<00:01, 233.23it/s]Loading weights:  35%|███▌      | 119/339 [00:00<00:00, 238.07it/s]Loading weights:  44%|████▍     | 150/339 [00:00<00:00, 240.10it/s]Loading weights:  58%|█████▊    | 196/339 [00:00<00:00, 295.73it/s]Loading weights:  67%|██████▋   | 227/339 [00:00<00:00, 281.93it/s]Loading weights:  76%|███████▌  | 257/339 [00:01<00:00, 270.13it/s]Loading weights:  84%|████████▍ | 286/339 [00:01<00:00, 275.05it/s]Loading weights:  93%|█████████▎| 316/339 [00:01<00:00, 259.26it/s]Loading weights: 100%|██████████| 339/339 [00:01<00:00, 247.13it/s]
[20:52:00] [load] deepseek7b: loaded eager, device=cuda:0, gpu=15.23GB
[20:52:06] deepseek7b: source disentanglement 1/2 cases; rows=4
[20:52:11] deepseek7b: source disentanglement 2/2 cases; rows=8
[model_utils] GPU memory released, allocated=15.24 GB
{
  "model": "deepseek7b",
  "round": "smoke",
  "n_cases": 2,
  "by_source_family": [
    {
      "source_family": "output_prefix",
      "candidate_kind": "source_group_top_component",
      "n": 2,
      "case_n": 2,
      "mean_scan_score": 0.37712849505866564,
      "mean_target_logit_drop": 0.15625,
      "mean_margin_drop_target_vs_contrast": 0.03125,
      "mean_attention_mass": 0.10498046875,
      "mean_direct_target_boost": 0.0948386937379837,
      "mean_direct_route_suppression": 0.326233820989728,
      "top1_loss_rate": 0.0
    },
    {
      "source_family": "candidate_protocol",
      "candidate_kind": "source_group_top_component",
      "n": 2,
      "case_n": 2,
      "mean_scan_score": 8.062068715070685,
      "mean_target_logit_drop": 0.0625,
      "mean_margin_drop_target_vs_contrast": -0.28125,
      "mean_attention_mass": 0.468599796295166,
      "mean_direct_target_boost": 7.164046883583069,
      "mean_direct_route_suppression": 0.2550194449722767,
      "top1_loss_rate": 0.0
    },
    {
      "source_family": "protocol_instruction",
      "candidate_kind": "source_group_top_component",
      "n": 2,
      "case_n": 2,
      "mean_scan_score": 0.5406831330309312,
      "mean_target_logit_drop": -0.03125,
      "mean_margin_drop_target_vs_contrast": -0.0625,
      "mean_attention_mass": 0.3662528991699219,
      "mean_direct_target_boost": 0.24652935564517975,
      "mean_direct_route_suppression": 0.3031217157840729,
      "top1_loss_rate": 0.0
    },
    {
      "source_family": "protocol_format",
      "candidate_kind": "source_group_top_component",
      "n": 2,
      "case_n": 2,
      "mean_scan_score": 0.3702502724714577,
      "mean_target_logit_drop": -0.09375,
      "mean_margin_drop_target_vs_contrast": -0.09375,
      "mean_attention_mass": 0.19255828857421875,
      "mean_direct_target_boost": 0.13942670077085495,
      "mean_direct_route_suppression": 0.2677345322445035,
      "top1_loss_rate": 0.0
    }
  ]
}
