[16:05:24] deepseek7b: cases=114, candidate_heads=['L20H17', 'L27H23', 'L23H0']
`torch_dtype` is deprecated! Use `dtype` instead!
[model_utils] Loading deepseek7b... (8bit=False)
Loading weights:   0%|          | 0/339 [00:00<?, ?it/s]Loading weights: 100%|██████████| 339/339 [00:00<00:00, 99133.31it/s]
[model_utils] deepseek7b loaded, device=cuda:0, class=Qwen2ForCausalLM, GPU=15.28GB
[16:05:30] deepseek7b: 12/114 cases; rows=72
[16:05:34] deepseek7b: 24/114 cases; rows=144
[16:05:38] deepseek7b: 36/114 cases; rows=216
[16:05:42] deepseek7b: 48/114 cases; rows=288
[16:05:46] deepseek7b: 60/114 cases; rows=360
[16:05:50] deepseek7b: 72/114 cases; rows=432
[16:05:54] deepseek7b: 84/114 cases; rows=504
[16:05:57] deepseek7b: 96/114 cases; rows=576
[16:06:01] deepseek7b: 108/114 cases; rows=648
[16:06:03] deepseek7b: 114/114 cases; rows=684
[model_utils] GPU memory released, allocated=15.28 GB
{
  "model": "deepseek7b",
  "most_fruit_shared_candidate_heads": [
    {
      "by_object_group": {
        "apple": {
          "mean_mean_logprob_delta": -0.08534262776374817,
          "mean_necessity": 0.08534262776374817,
          "n": 15
        },
        "nonfruit": {
          "mean_mean_logprob_delta": -0.1258257901073042,
          "mean_necessity": 0.1258257901073042,
          "n": 48
        },
        "other_fruit": {
          "mean_mean_logprob_delta": -0.27783768989291846,
          "mean_necessity": 0.27783768989291846,
          "n": 51
        }
      },
      "by_prompt_type": {
        "commonsense": {
          "mean_mean_logprob_delta": -0.0646096600426568,
          "mean_necessity": 0.0646096600426568,
          "n": 18
        },
        "conflict_profile": {
          "mean_mean_logprob_delta": -0.2880443235238393,
          "mean_necessity": 0.2880443235238393,
          "n": 24
        },
        "explicit_profile": {
          "mean_mean_logprob_delta": -0.1862980816778569,
          "mean_necessity": 0.1862980816778569,
          "n": 72
        }
      },
      "by_relation": {
        "category": {
          "mean_mean_logprob_delta": -0.3031964525580406,
          "mean_necessity": 0.3031964525580406,
          "n": 22
        },
        "color": {
          "mean_mean_logprob_delta": -0.12282484397292137,
          "mean_necessity": 0.12282484397292137,
          "n": 22
        },
        "edible": {
          "mean_mean_logprob_delta": -0.1130027025938034,
          "mean_necessity": 0.1130027025938034,
          "n": 16
        },
        "grows_on_tree": {
          "mean_mean_logprob_delta": -0.013081632554531097,
          "mean_necessity": 0.013081632554531097,
          "n": 16
        },
        "shape": {
          "mean_mean_logprob_delta": -0.5407224483788013,
          "mean_necessity": 0.5407224483788013,
          "n": 16
        },
        "taste": {
          "mean_mean_logprob_delta": -0.06582374845592395,
          "mean_necessity": 0.06582374845592395,
          "n": 22
        }
      },
      "condition_kind": "candidate",
      "first_top1_drop_rate": 0.043859649122807015,
      "head": 23,
      "head_key": "L27H23",
      "layer": 27,
      "logprob_worse_rate": 0.7368421052631579,
      "mean_first_logprob_delta": -0.18915491583838798,
      "mean_first_rank_delta": 2.1578947368421053,
      "mean_mean_logprob_delta": -0.1885043818082953,
      "mean_sum_logprob_delta": -0.1891523654205166,
      "model": "deepseek7b",
      "n": 114,
      "phase722_mean_logprob_delta": -0.8819037129481634,
      "phase722_source_focus_score": 0.4246266682942708,
      "reuse_difference": {
        "apple_explicit_necessity": 0.08403174827496211,
        "apple_minus_other_fruit": -0.2937862182656924,
        "nonfruit_explicit_necessity": 0.04374256652600808,
        "other_fruit_explicit_necessity": 0.3778179665406545,
        "other_fruit_minus_nonfruit": 0.3340754000146464
      }
    },
    {
      "by_object_group": {
        "apple": {
          "mean_mean_logprob_delta": -0.14041149020195007,
          "mean_necessity": 0.14041149020195007,
          "n": 15
        },
        "nonfruit": {
          "mean_mean_logprob_delta": -0.05523228708883229,
          "mean_necessity": 0.05523228708883229,
          "n": 48
        },
        "other_fruit": {
          "mean_mean_logprob_delta": -0.18671000062250623,
          "mean_necessity": 0.18671000062250623,
          "n": 51
        }
      },
      "by_prompt_type": {
        "commonsense": {
          "mean_mean_logprob_delta": -0.29750169648064506,
          "mean_necessity": 0.29750169648064506,
          "n": 18
        },
        "conflict_profile": {
          "mean_mean_logprob_delta": -0.052379060536623,
          "mean_necessity": 0.052379060536623,
          "n": 24
        },
        "explicit_profile": {
          "mean_mean_logprob_delta": -0.10649172465986743,
          "mean_necessity": 0.10649172465986743,
          "n": 72
        }
      },
      "by_relation": {
        "category": {
          "mean_mean_logprob_delta": -0.4107124771584164,
          "mean_necessity": 0.4107124771584164,
          "n": 22
        },
        "color": {
          "mean_mean_logprob_delta": 0.08379141478375955,
          "mean_necessity": -0.08379141478375955,
          "n": 22
        },
        "edible": {
          "mean_mean_logprob_delta": 0.08510304801166058,
          "mean_necessity": -0.08510304801166058,
          "n": 16
        },
        "grows_on_tree": {
          "mean_mean_logprob_delta": 0.11287852376699448,
          "mean_necessity": -0.11287852376699448,
          "n": 16
        },
        "shape": {
          "mean_mean_logprob_delta": -0.015559139661490917,
          "mean_necessity": 0.015559139661490917,
          "n": 16
        },
        "taste": {
          "mean_mean_logprob_delta": -0.4548194412124179,
          "mean_necessity": 0.4548194412124179,
          "n": 22
        }
      },
      "condition_kind": "candidate",
      "first_top1_drop_rate": 0.06140350877192982,
      "head": 0,
      "head_key": "L23H0",
      "layer": 23,
      "logprob_worse_rate": 0.5263157894736842,
      "mean_first_logprob_delta": -0.12694088742136955,
      "mean_first_rank_delta": 11.56140350877193,
      "mean_mean_logprob_delta": -0.12525905407930718,
      "mean_sum_logprob_delta": -0.1269485061099036,
      "model": "deepseek7b",
      "n": 114,
      "phase722_mean_logprob_delta": -0.41577160855134326,
      "phase722_source_focus_score": 0.44134600957234704,
      "reuse_difference": {
        "apple_explicit_necessity": 0.15408264845609665,
        "apple_minus_other_fruit": -0.03259112586577734,
        "nonfruit_explicit_necessity": 0.03174152930882378,
        "other_fruit_explicit_necessity": 0.186673774321874,
        "other_fruit_minus_nonfruit": 0.1549322450130502
      }
    },
    {
      "by_object_group": {
        "apple": {
          "mean_mean_logprob_delta": -0.23016146322091421,
          "mean_necessity": 0.23016146322091421,
          "n": 15
        },
        "nonfruit": {
          "mean_mean_logprob_delta": -0.30915691462392186,
          "mean_necessity": 0.30915691462392186,
          "n": 48
        },
        "other_fruit": {
          "mean_mean_logprob_delta": -0.3478788826979843,
          "mean_necessity": 0.3478788826979843,
          "n": 51
        }
      },
      "by_prompt_type": {
        "commonsense": {
          "mean_mean_logprob_delta": -0.36804379357231987,
          "mean_necessity": 0.36804379357231987,
          "n": 18
        },
        "conflict_profile": {
          "mean_mean_logprob_delta": -0.45026381003359955,
          "mean_necessity": 0.45026381003359955,
          "n": 24
        },
        "explicit_profile": {
          "mean_mean_logprob_delta": -0.2583702380937641,
          "mean_necessity": 0.2583702380937641,
          "n": 72
        }
      },
      "by_relation": {
        "category": {
          "mean_mean_logprob_delta": -1.0575494149869138,
          "mean_necessity": 1.0575494149869138,
          "n": 22
        },
        "color": {
          "mean_mean_logprob_delta": -0.2881579827517271,
          "mean_necessity": 0.2881579827517271,
          "n": 22
        },
        "edible": {
          "mean_mean_logprob_delta": -0.03896002657711506,
          "mean_necessity": 0.03896002657711506,
          "n": 16
        },
        "grows_on_tree": {
          "mean_mean_logprob_delta": 0.009109586477279663,
          "mean_necessity": -0.009109586477279663,
          "n": 16
        },
        "shape": {
          "mean_mean_logprob_delta": -0.28464042488485575,
          "mean_necessity": 0.28464042488485575,
          "n": 16
        },
        "taste": {
          "mean_mean_logprob_delta": -0.0634709217206364,
          "mean_necessity": 0.0634709217206364,
          "n": 22
        }
      },
      "condition_kind": "candidate",
      "first_top1_drop_rate": 0.06140350877192982,
      "head": 17,
      "head_key": "L20H17",
      "layer": 20,
      "logprob_worse_rate": 0.7719298245614035,
      "mean_first_logprob_delta": -0.3169480719391191,
      "mean_first_rank_delta": 4.105263157894737,
      "mean_mean_logprob_delta": -0.31608576199876454,
      "mean_sum_logprob_delta": -0.31694847060570236,
      "model": "deepseek7b",
      "n": 114,
      "phase722_mean_logprob_delta": -2.8909142265717187,
      "phase722_source_focus_score": 0.45734820763270057,
      "reuse_difference": {
        "apple_explicit_necessity": 0.22685757031043371,
        "apple_minus_other_fruit": -0.05504432171583176,
        "nonfruit_explicit_necessity": 0.24401263778056798,
        "other_fruit_explicit_necessity": 0.2819018920262655,
        "other_fruit_minus_nonfruit": 0.0378892542456975
      }
    }
  ],
  "most_harmful_candidate_heads": [
    {
      "by_object_group": {
        "apple": {
          "mean_mean_logprob_delta": -0.23016146322091421,
          "mean_necessity": 0.23016146322091421,
          "n": 15
        },
        "nonfruit": {
          "mean_mean_logprob_delta": -0.30915691462392186,
          "mean_necessity": 0.30915691462392186,
          "n": 48
        },
        "other_fruit": {
          "mean_mean_logprob_delta": -0.3478788826979843,
          "mean_necessity": 0.3478788826979843,
          "n": 51
        }
      },
      "by_prompt_type": {
        "commonsense": {
          "mean_mean_logprob_delta": -0.36804379357231987,
          "mean_necessity": 0.36804379357231987,
          "n": 18
        },
        "conflict_profile": {
          "mean_mean_logprob_delta": -0.45026381003359955,
          "mean_necessity": 0.45026381003359955,
          "n": 24
        },
        "explicit_profile": {
          "mean_mean_logprob_delta": -0.2583702380937641,
          "mean_necessity": 0.2583702380937641,
          "n": 72
        }
      },
      "by_relation": {
        "category": {
          "mean_mean_logprob_delta": -1.0575494149869138,
          "mean_necessity": 1.0575494149869138,
          "n": 22
        },
        "color": {
          "mean_mean_logprob_delta": -0.2881579827517271,
          "mean_necessity": 0.2881579827517271,
          "n": 22
        },
        "edible": {
          "mean_mean_logprob_delta": -0.03896002657711506,
          "mean_necessity": 0.03896002657711506,
          "n": 16
        },
        "grows_on_tree": {
          "mean_mean_logprob_delta": 0.009109586477279663,
          "mean_necessity": -0.009109586477279663,
          "n": 16
        },
        "shape": {
          "mean_mean_logprob_delta": -0.28464042488485575,
          "mean_necessity": 0.28464042488485575,
          "n": 16
        },
        "taste": {
          "mean_mean_logprob_delta": -0.0634709217206364,
          "mean_necessity": 0.0634709217206364,
          "n": 22
        }
      },
      "condition_kind": "candidate",
      "first_top1_drop_rate": 0.06140350877192982,
      "head": 17,
      "head_key": "L20H17",
      "layer": 20,
      "logprob_worse_rate": 0.7719298245614035,
      "mean_first_logprob_delta": -0.3169480719391191,
      "mean_first_rank_delta": 4.105263157894737,
      "mean_mean_logprob_delta": -0.31608576199876454,
      "mean_sum_logprob_delta": -0.31694847060570236,
      "model": "deepseek7b",
      "n": 114,
      "phase722_mean_logprob_delta": -2.8909142265717187,
      "phase722_source_focus_score": 0.45734820763270057,
      "reuse_difference": {
        "apple_explicit_necessity": 0.22685757031043371,
        "apple_minus_other_fruit": -0.05504432171583176,
        "nonfruit_explicit_necessity": 0.24401263778056798,
        "other_fruit_explicit_necessity": 0.2819018920262655,
        "other_fruit_minus_nonfruit": 0.0378892542456975
      }
    },
    {
      "by_object_group": {
        "apple": {
          "mean_mean_logprob_delta": -0.08534262776374817,
          "mean_necessity": 0.08534262776374817,
          "n": 15
        },
        "nonfruit": {
          "mean_mean_logprob_delta": -0.1258257901073042,
          "mean_necessity": 0.1258257901073042,
          "n": 48
        },
        "other_fruit": {
          "mean_mean_logprob_delta": -0.27783768989291846,
          "mean_necessity": 0.27783768989291846,
          "n": 51
        }
      },
      "by_prompt_type": {
        "commonsense": {
          "mean_mean_logprob_delta": -0.0646096600426568,
          "mean_necessity": 0.0646096600426568,
          "n": 18
        },
        "conflict_profile": {
          "mean_mean_logprob_delta": -0.2880443235238393,
          "mean_necessity": 0.2880443235238393,
          "n": 24
        },
        "explicit_profile": {
          "mean_mean_logprob_delta": -0.1862980816778569,
          "mean_necessity": 0.1862980816778569,
          "n": 72
        }
      },
      "by_relation": {
        "category": {
          "mean_mean_logprob_delta": -0.3031964525580406,
          "mean_necessity": 0.3031964525580406,
          "n": 22
        },
        "color": {
          "mean_mean_logprob_delta": -0.12282484397292137,
          "mean_necessity": 0.12282484397292137,
          "n": 22
        },
        "edible": {
          "mean_mean_logprob_delta": -0.1130027025938034,
          "mean_necessity": 0.1130027025938034,
          "n": 16
        },
        "grows_on_tree": {
          "mean_mean_logprob_delta": -0.013081632554531097,
          "mean_necessity": 0.013081632554531097,
          "n": 16
        },
        "shape": {
          "mean_mean_logprob_delta": -0.5407224483788013,
          "mean_necessity": 0.5407224483788013,
          "n": 16
        },
        "taste": {
          "mean_mean_logprob_delta": -0.06582374845592395,
          "mean_necessity": 0.06582374845592395,
          "n": 22
        }
      },
      "condition_kind": "candidate",
      "first_top1_drop_rate": 0.043859649122807015,
      "head": 23,
      "head_key": "L27H23",
      "layer": 27,
      "logprob_worse_rate": 0.7368421052631579,
      "mean_first_logprob_delta": -0.18915491583838798,
      "mean_first_rank_delta": 2.1578947368421053,
      "mean_mean_logprob_delta": -0.1885043818082953,
      "mean_sum_logprob_delta": -0.1891523654205166,
      "model": "deepseek7b",
      "n": 114,
      "phase722_mean_logprob_delta": -0.8819037129481634,
      "phase722_source_focus_score": 0.4246266682942708,
      "reuse_difference": {
        "apple_explicit_necessity": 0.08403174827496211,
        "apple_minus_other_fruit": -0.2937862182656924,
        "nonfruit_explicit_necessity": 0.04374256652600808,
        "other_fruit_explicit_necessity": 0.3778179665406545,
        "other_fruit_minus_nonfruit": 0.3340754000146464
      }
    },
    {
      "by_object_group": {
        "apple": {
          "mean_mean_logprob_delta": -0.14041149020195007,
          "mean_necessity": 0.14041149020195007,
          "n": 15
        },
        "nonfruit": {
          "mean_mean_logprob_delta": -0.05523228708883229,
          "mean_necessity": 0.05523228708883229,
          "n": 48
        },
        "other_fruit": {
          "mean_mean_logprob_delta": -0.18671000062250623,
          "mean_necessity": 0.18671000062250623,
          "n": 51
        }
      },
      "by_prompt_type": {
        "commonsense": {
          "mean_mean_logprob_delta": -0.29750169648064506,
          "mean_necessity": 0.29750169648064506,
          "n": 18
        },
        "conflict_profile": {
          "mean_mean_logprob_delta": -0.052379060536623,
          "mean_necessity": 0.052379060536623,
          "n": 24
        },
        "explicit_profile": {
          "mean_mean_logprob_delta": -0.10649172465986743,
          "mean_necessity": 0.10649172465986743,
          "n": 72
        }
      },
      "by_relation": {
        "category": {
          "mean_mean_logprob_delta": -0.4107124771584164,
          "mean_necessity": 0.4107124771584164,
          "n": 22
        },
        "color": {
          "mean_mean_logprob_delta": 0.08379141478375955,
          "mean_necessity": -0.08379141478375955,
          "n": 22
        },
        "edible": {
          "mean_mean_logprob_delta": 0.08510304801166058,
          "mean_necessity": -0.08510304801166058,
          "n": 16
        },
        "grows_on_tree": {
          "mean_mean_logprob_delta": 0.11287852376699448,
          "mean_necessity": -0.11287852376699448,
          "n": 16
        },
        "shape": {
          "mean_mean_logprob_delta": -0.015559139661490917,
          "mean_necessity": 0.015559139661490917,
          "n": 16
        },
        "taste": {
          "mean_mean_logprob_delta": -0.4548194412124179,
          "mean_necessity": 0.4548194412124179,
          "n": 22
        }
      },
      "condition_kind": "candidate",
      "first_top1_drop_rate": 0.06140350877192982,
      "head": 0,
      "head_key": "L23H0",
      "layer": 23,
      "logprob_worse_rate": 0.5263157894736842,
      "mean_first_logprob_delta": -0.12694088742136955,
      "mean_first_rank_delta": 11.56140350877193,
      "mean_mean_logprob_delta": -0.12525905407930718,
      "mean_sum_logprob_delta": -0.1269485061099036,
      "model": "deepseek7b",
      "n": 114,
      "phase722_mean_logprob_delta": -0.41577160855134326,
      "phase722_source_focus_score": 0.44134600957234704,
      "reuse_difference": {
        "apple_explicit_necessity": 0.15408264845609665,
        "apple_minus_other_fruit": -0.03259112586577734,
        "nonfruit_explicit_necessity": 0.03174152930882378,
        "other_fruit_explicit_necessity": 0.186673774321874,
        "other_fruit_minus_nonfruit": 0.1549322450130502
      }
    }
  ],
  "n_cases": 114,
  "n_rows": 684
}
