[16:04:36] glm4: cases=114, candidate_heads=['L24H19', 'L29H28', 'L29H18']
`torch_dtype` is deprecated! Use `dtype` instead!
[model_utils] Loading glm4... (8bit=False)
Loading weights:   0%|          | 0/443 [00:00<?, ?it/s]Loading weights: 100%|██████████| 443/443 [00:00<00:00, 26957.95it/s]
[model_utils] glm4 loaded, device=cuda:0, class=GlmForCausalLM, GPU=18.84GB
[16:04:43] glm4: 12/114 cases; rows=72
[16:04:47] glm4: 24/114 cases; rows=144
[16:04:52] glm4: 36/114 cases; rows=216
[16:04:57] glm4: 48/114 cases; rows=288
[16:05:02] glm4: 60/114 cases; rows=360
[16:05:06] glm4: 72/114 cases; rows=432
[16:05:11] glm4: 84/114 cases; rows=504
[16:05:15] glm4: 96/114 cases; rows=576
[16:05:19] glm4: 108/114 cases; rows=648
[16:05:22] glm4: 114/114 cases; rows=684
[model_utils] GPU memory released, allocated=18.85 GB
{
  "model": "glm4",
  "most_fruit_shared_candidate_heads": [
    {
      "by_object_group": {
        "apple": {
          "mean_mean_logprob_delta": -0.0010571189224720002,
          "mean_necessity": 0.0010571189224720002,
          "n": 15
        },
        "nonfruit": {
          "mean_mean_logprob_delta": -0.00946406539227033,
          "mean_necessity": 0.00946406539227033,
          "n": 48
        },
        "other_fruit": {
          "mean_mean_logprob_delta": -0.003917686020334561,
          "mean_necessity": 0.003917686020334561,
          "n": 51
        }
      },
      "by_prompt_type": {
        "commonsense": {
          "mean_mean_logprob_delta": 0.01720486084620158,
          "mean_necessity": -0.01720486084620158,
          "n": 18
        },
        "conflict_profile": {
          "mean_mean_logprob_delta": -0.010881009045988321,
          "mean_necessity": 0.010881009045988321,
          "n": 24
        },
        "explicit_profile": {
          "mean_mean_logprob_delta": -0.00997884983098649,
          "mean_necessity": 0.00997884983098649,
          "n": 72
        }
      },
      "by_relation": {
        "category": {
          "mean_mean_logprob_delta": 0.005639027296142144,
          "mean_necessity": -0.005639027296142144,
          "n": 22
        },
        "color": {
          "mean_mean_logprob_delta": 0.004960133778777989,
          "mean_necessity": -0.004960133778777989,
          "n": 22
        },
        "edible": {
          "mean_mean_logprob_delta": -0.018844719976186752,
          "mean_necessity": 0.018844719976186752,
          "n": 16
        },
        "grows_on_tree": {
          "mean_mean_logprob_delta": -0.020103068090975285,
          "mean_necessity": 0.020103068090975285,
          "n": 16
        },
        "shape": {
          "mean_mean_logprob_delta": -0.003858825541101396,
          "mean_necessity": 0.003858825541101396,
          "n": 16
        },
        "taste": {
          "mean_mean_logprob_delta": -0.009918619800870297,
          "mean_necessity": 0.009918619800870297,
          "n": 22
        }
      },
      "condition_kind": "candidate",
      "first_top1_drop_rate": 0.0,
      "head": 28,
      "head_key": "L29H28",
      "layer": 29,
      "logprob_worse_rate": 0.7543859649122807,
      "mean_first_logprob_delta": -0.005934063851702632,
      "mean_first_rank_delta": 0.008771929824561403,
      "mean_mean_logprob_delta": -0.005876613243009811,
      "mean_sum_logprob_delta": -0.005934031437822303,
      "model": "glm4",
      "n": 114,
      "phase722_mean_logprob_delta": 0.0014934688806533813,
      "phase722_source_focus_score": 0.9716919089357058,
      "reuse_difference": {
        "apple_explicit_necessity": 0.016818460697929066,
        "apple_minus_other_fruit": 0.006464428392549357,
        "nonfruit_explicit_necessity": 0.00852626262450171,
        "other_fruit_explicit_necessity": 0.010354032305379708,
        "other_fruit_minus_nonfruit": 0.001827769680877998
      }
    },
    {
      "by_object_group": {
        "apple": {
          "mean_mean_logprob_delta": 0.011038527389367421,
          "mean_necessity": -0.011038527389367421,
          "n": 15
        },
        "nonfruit": {
          "mean_mean_logprob_delta": 0.0046394808857709675,
          "mean_necessity": -0.0046394808857709675,
          "n": 48
        },
        "other_fruit": {
          "mean_mean_logprob_delta": 0.005623809043683258,
          "mean_necessity": -0.005623809043683258,
          "n": 51
        }
      },
      "by_prompt_type": {
        "commonsense": {
          "mean_mean_logprob_delta": 0.004540781180063884,
          "mean_necessity": -0.004540781180063884,
          "n": 18
        },
        "conflict_profile": {
          "mean_mean_logprob_delta": 0.006636420420060555,
          "mean_necessity": -0.006636420420060555,
          "n": 24
        },
        "explicit_profile": {
          "mean_mean_logprob_delta": 0.0060288764342050095,
          "mean_necessity": -0.0060288764342050095,
          "n": 72
        }
      },
      "by_relation": {
        "category": {
          "mean_mean_logprob_delta": 0.007875723171640526,
          "mean_necessity": -0.007875723171640526,
          "n": 22
        },
        "color": {
          "mean_mean_logprob_delta": 0.014126832427626307,
          "mean_necessity": -0.014126832427626307,
          "n": 22
        },
        "edible": {
          "mean_mean_logprob_delta": 0.004910827614367008,
          "mean_necessity": -0.004910827614367008,
          "n": 16
        },
        "grows_on_tree": {
          "mean_mean_logprob_delta": 0.008064616471529007,
          "mean_necessity": -0.008064616471529007,
          "n": 16
        },
        "shape": {
          "mean_mean_logprob_delta": 0.0031427930807694793,
          "mean_necessity": -0.0031427930807694793,
          "n": 16
        },
        "taste": {
          "mean_mean_logprob_delta": -0.0030391256029615606,
          "mean_necessity": 0.0030391256029615606,
          "n": 22
        }
      },
      "condition_kind": "candidate",
      "first_top1_drop_rate": 0.0,
      "head": 18,
      "head_key": "L29H18",
      "layer": 29,
      "logprob_worse_rate": 0.2894736842105263,
      "mean_first_logprob_delta": 0.00602332193796572,
      "mean_first_rank_delta": 0.008771929824561403,
      "mean_mean_logprob_delta": 0.00592181802267863,
      "mean_sum_logprob_delta": 0.006023305208432717,
      "model": "glm4",
      "n": 114,
      "phase722_mean_logprob_delta": 0.006440567163129647,
      "phase722_source_focus_score": 0.9598077187935511,
      "reuse_difference": {
        "apple_explicit_necessity": -0.005855971326430638,
        "apple_minus_other_fruit": 0.00030418174962202737,
        "nonfruit_explicit_necessity": -0.005948296750627691,
        "other_fruit_explicit_necessity": -0.006160153076052666,
        "other_fruit_minus_nonfruit": -0.000211856325424975
      }
    },
    {
      "by_object_group": {
        "apple": {
          "mean_mean_logprob_delta": 0.0067009605467319485,
          "mean_necessity": -0.0067009605467319485,
          "n": 15
        },
        "nonfruit": {
          "mean_mean_logprob_delta": -0.005875363236252262,
          "mean_necessity": 0.005875363236252262,
          "n": 48
        },
        "other_fruit": {
          "mean_mean_logprob_delta": -0.005290314774302875,
          "mean_necessity": 0.005290314774302875,
          "n": 51
        }
      },
      "by_prompt_type": {
        "commonsense": {
          "mean_mean_logprob_delta": -0.002170158757103814,
          "mean_necessity": 0.002170158757103814,
          "n": 18
        },
        "conflict_profile": {
          "mean_mean_logprob_delta": -0.006900746064881484,
          "mean_necessity": 0.006900746064881484,
          "n": 24
        },
        "explicit_profile": {
          "mean_mean_logprob_delta": -0.0034253932978271073,
          "mean_necessity": 0.0034253932978271073,
          "n": 72
        }
      },
      "by_relation": {
        "category": {
          "mean_mean_logprob_delta": 0.0016356746412136338,
          "mean_necessity": -0.0016356746412136338,
          "n": 22
        },
        "color": {
          "mean_mean_logprob_delta": 0.002768104387955232,
          "mean_necessity": -0.002768104387955232,
          "n": 22
        },
        "edible": {
          "mean_mean_logprob_delta": -0.009567457251250744,
          "mean_necessity": 0.009567457251250744,
          "n": 16
        },
        "grows_on_tree": {
          "mean_mean_logprob_delta": -0.007400261238217354,
          "mean_necessity": 0.007400261238217354,
          "n": 16
        },
        "shape": {
          "mean_mean_logprob_delta": -0.009235407342202961,
          "mean_necessity": 0.009235407342202961,
          "n": 16
        },
        "taste": {
          "mean_mean_logprob_delta": -0.005861009361979732,
          "mean_necessity": 0.005861009361979732,
          "n": 22
        }
      },
      "condition_kind": "candidate",
      "first_top1_drop_rate": 0.0,
      "head": 19,
      "head_key": "L24H19",
      "layer": 24,
      "logprob_worse_rate": 0.6578947368421053,
      "mean_first_logprob_delta": -0.003965780629139198,
      "mean_first_rank_delta": 0.017543859649122806,
      "mean_mean_logprob_delta": -0.003958851584461193,
      "mean_sum_logprob_delta": -0.003965879960768092,
      "model": "glm4",
      "n": 114,
      "phase722_mean_logprob_delta": -0.010591890352467695,
      "phase722_source_focus_score": 0.9567797735217027,
      "reuse_difference": {
        "apple_explicit_necessity": 0.008144736910859743,
        "apple_minus_other_fruit": 0.005995705227057138,
        "nonfruit_explicit_necessity": 0.003702470707342087,
        "other_fruit_explicit_necessity": 0.002149031683802605,
        "other_fruit_minus_nonfruit": -0.0015534390235394822
      }
    }
  ],
  "most_harmful_candidate_heads": [
    {
      "by_object_group": {
        "apple": {
          "mean_mean_logprob_delta": -0.0010571189224720002,
          "mean_necessity": 0.0010571189224720002,
          "n": 15
        },
        "nonfruit": {
          "mean_mean_logprob_delta": -0.00946406539227033,
          "mean_necessity": 0.00946406539227033,
          "n": 48
        },
        "other_fruit": {
          "mean_mean_logprob_delta": -0.003917686020334561,
          "mean_necessity": 0.003917686020334561,
          "n": 51
        }
      },
      "by_prompt_type": {
        "commonsense": {
          "mean_mean_logprob_delta": 0.01720486084620158,
          "mean_necessity": -0.01720486084620158,
          "n": 18
        },
        "conflict_profile": {
          "mean_mean_logprob_delta": -0.010881009045988321,
          "mean_necessity": 0.010881009045988321,
          "n": 24
        },
        "explicit_profile": {
          "mean_mean_logprob_delta": -0.00997884983098649,
          "mean_necessity": 0.00997884983098649,
          "n": 72
        }
      },
      "by_relation": {
        "category": {
          "mean_mean_logprob_delta": 0.005639027296142144,
          "mean_necessity": -0.005639027296142144,
          "n": 22
        },
        "color": {
          "mean_mean_logprob_delta": 0.004960133778777989,
          "mean_necessity": -0.004960133778777989,
          "n": 22
        },
        "edible": {
          "mean_mean_logprob_delta": -0.018844719976186752,
          "mean_necessity": 0.018844719976186752,
          "n": 16
        },
        "grows_on_tree": {
          "mean_mean_logprob_delta": -0.020103068090975285,
          "mean_necessity": 0.020103068090975285,
          "n": 16
        },
        "shape": {
          "mean_mean_logprob_delta": -0.003858825541101396,
          "mean_necessity": 0.003858825541101396,
          "n": 16
        },
        "taste": {
          "mean_mean_logprob_delta": -0.009918619800870297,
          "mean_necessity": 0.009918619800870297,
          "n": 22
        }
      },
      "condition_kind": "candidate",
      "first_top1_drop_rate": 0.0,
      "head": 28,
      "head_key": "L29H28",
      "layer": 29,
      "logprob_worse_rate": 0.7543859649122807,
      "mean_first_logprob_delta": -0.005934063851702632,
      "mean_first_rank_delta": 0.008771929824561403,
      "mean_mean_logprob_delta": -0.005876613243009811,
      "mean_sum_logprob_delta": -0.005934031437822303,
      "model": "glm4",
      "n": 114,
      "phase722_mean_logprob_delta": 0.0014934688806533813,
      "phase722_source_focus_score": 0.9716919089357058,
      "reuse_difference": {
        "apple_explicit_necessity": 0.016818460697929066,
        "apple_minus_other_fruit": 0.006464428392549357,
        "nonfruit_explicit_necessity": 0.00852626262450171,
        "other_fruit_explicit_necessity": 0.010354032305379708,
        "other_fruit_minus_nonfruit": 0.001827769680877998
      }
    },
    {
      "by_object_group": {
        "apple": {
          "mean_mean_logprob_delta": 0.0067009605467319485,
          "mean_necessity": -0.0067009605467319485,
          "n": 15
        },
        "nonfruit": {
          "mean_mean_logprob_delta": -0.005875363236252262,
          "mean_necessity": 0.005875363236252262,
          "n": 48
        },
        "other_fruit": {
          "mean_mean_logprob_delta": -0.005290314774302875,
          "mean_necessity": 0.005290314774302875,
          "n": 51
        }
      },
      "by_prompt_type": {
        "commonsense": {
          "mean_mean_logprob_delta": -0.002170158757103814,
          "mean_necessity": 0.002170158757103814,
          "n": 18
        },
        "conflict_profile": {
          "mean_mean_logprob_delta": -0.006900746064881484,
          "mean_necessity": 0.006900746064881484,
          "n": 24
        },
        "explicit_profile": {
          "mean_mean_logprob_delta": -0.0034253932978271073,
          "mean_necessity": 0.0034253932978271073,
          "n": 72
        }
      },
      "by_relation": {
        "category": {
          "mean_mean_logprob_delta": 0.0016356746412136338,
          "mean_necessity": -0.0016356746412136338,
          "n": 22
        },
        "color": {
          "mean_mean_logprob_delta": 0.002768104387955232,
          "mean_necessity": -0.002768104387955232,
          "n": 22
        },
        "edible": {
          "mean_mean_logprob_delta": -0.009567457251250744,
          "mean_necessity": 0.009567457251250744,
          "n": 16
        },
        "grows_on_tree": {
          "mean_mean_logprob_delta": -0.007400261238217354,
          "mean_necessity": 0.007400261238217354,
          "n": 16
        },
        "shape": {
          "mean_mean_logprob_delta": -0.009235407342202961,
          "mean_necessity": 0.009235407342202961,
          "n": 16
        },
        "taste": {
          "mean_mean_logprob_delta": -0.005861009361979732,
          "mean_necessity": 0.005861009361979732,
          "n": 22
        }
      },
      "condition_kind": "candidate",
      "first_top1_drop_rate": 0.0,
      "head": 19,
      "head_key": "L24H19",
      "layer": 24,
      "logprob_worse_rate": 0.6578947368421053,
      "mean_first_logprob_delta": -0.003965780629139198,
      "mean_first_rank_delta": 0.017543859649122806,
      "mean_mean_logprob_delta": -0.003958851584461193,
      "mean_sum_logprob_delta": -0.003965879960768092,
      "model": "glm4",
      "n": 114,
      "phase722_mean_logprob_delta": -0.010591890352467695,
      "phase722_source_focus_score": 0.9567797735217027,
      "reuse_difference": {
        "apple_explicit_necessity": 0.008144736910859743,
        "apple_minus_other_fruit": 0.005995705227057138,
        "nonfruit_explicit_necessity": 0.003702470707342087,
        "other_fruit_explicit_necessity": 0.002149031683802605,
        "other_fruit_minus_nonfruit": -0.0015534390235394822
      }
    },
    {
      "by_object_group": {
        "apple": {
          "mean_mean_logprob_delta": 0.011038527389367421,
          "mean_necessity": -0.011038527389367421,
          "n": 15
        },
        "nonfruit": {
          "mean_mean_logprob_delta": 0.0046394808857709675,
          "mean_necessity": -0.0046394808857709675,
          "n": 48
        },
        "other_fruit": {
          "mean_mean_logprob_delta": 0.005623809043683258,
          "mean_necessity": -0.005623809043683258,
          "n": 51
        }
      },
      "by_prompt_type": {
        "commonsense": {
          "mean_mean_logprob_delta": 0.004540781180063884,
          "mean_necessity": -0.004540781180063884,
          "n": 18
        },
        "conflict_profile": {
          "mean_mean_logprob_delta": 0.006636420420060555,
          "mean_necessity": -0.006636420420060555,
          "n": 24
        },
        "explicit_profile": {
          "mean_mean_logprob_delta": 0.0060288764342050095,
          "mean_necessity": -0.0060288764342050095,
          "n": 72
        }
      },
      "by_relation": {
        "category": {
          "mean_mean_logprob_delta": 0.007875723171640526,
          "mean_necessity": -0.007875723171640526,
          "n": 22
        },
        "color": {
          "mean_mean_logprob_delta": 0.014126832427626307,
          "mean_necessity": -0.014126832427626307,
          "n": 22
        },
        "edible": {
          "mean_mean_logprob_delta": 0.004910827614367008,
          "mean_necessity": -0.004910827614367008,
          "n": 16
        },
        "grows_on_tree": {
          "mean_mean_logprob_delta": 0.008064616471529007,
          "mean_necessity": -0.008064616471529007,
          "n": 16
        },
        "shape": {
          "mean_mean_logprob_delta": 0.0031427930807694793,
          "mean_necessity": -0.0031427930807694793,
          "n": 16
        },
        "taste": {
          "mean_mean_logprob_delta": -0.0030391256029615606,
          "mean_necessity": 0.0030391256029615606,
          "n": 22
        }
      },
      "condition_kind": "candidate",
      "first_top1_drop_rate": 0.0,
      "head": 18,
      "head_key": "L29H18",
      "layer": 29,
      "logprob_worse_rate": 0.2894736842105263,
      "mean_first_logprob_delta": 0.00602332193796572,
      "mean_first_rank_delta": 0.008771929824561403,
      "mean_mean_logprob_delta": 0.00592181802267863,
      "mean_sum_logprob_delta": 0.006023305208432717,
      "model": "glm4",
      "n": 114,
      "phase722_mean_logprob_delta": 0.006440567163129647,
      "phase722_source_focus_score": 0.9598077187935511,
      "reuse_difference": {
        "apple_explicit_necessity": -0.005855971326430638,
        "apple_minus_other_fruit": 0.00030418174962202737,
        "nonfruit_explicit_necessity": -0.005948296750627691,
        "other_fruit_explicit_necessity": -0.006160153076052666,
        "other_fruit_minus_nonfruit": -0.000211856325424975
      }
    }
  ],
  "n_cases": 114,
  "n_rows": 684
}
