`torch_dtype` is deprecated! Use `dtype` instead!
Loading weights:   0%|          | 0/339 [00:00<?, ?it/s]Loading weights:   1%|          | 2/339 [00:00<00:27, 12.22it/s]Loading weights:   8%|▊         | 28/339 [00:00<00:02, 106.79it/s]Loading weights:  21%|██        | 72/339 [00:00<00:01, 225.79it/s]Loading weights:  30%|██▉       | 101/339 [00:00<00:00, 245.72it/s]Loading weights:  40%|███▉      | 134/339 [00:00<00:00, 222.52it/s]Loading weights:  53%|█████▎    | 180/339 [00:00<00:00, 280.83it/s]Loading weights:  62%|██████▏   | 211/339 [00:00<00:00, 285.60it/s]Loading weights:  71%|███████▏  | 242/339 [00:01<00:00, 273.06it/s]Loading weights:  83%|████████▎ | 280/339 [00:01<00:00, 298.63it/s]Loading weights:  92%|█████████▏| 311/339 [00:01<00:00, 288.89it/s]Loading weights: 100%|██████████| 339/339 [00:01<00:00, 256.66it/s]
[13:46:27] Loaded deepseek7b: class=Qwen2ForCausalLM, GPU=15.23GB, attn=eager
[13:46:28] deepseek7b: cached 12/72 paired cases
[13:46:29] deepseek7b: cached 24/72 paired cases
[13:46:30] deepseek7b: cached 36/72 paired cases
[13:46:31] deepseek7b: cached 48/72 paired cases
[13:46:32] deepseek7b: cached 60/72 paired cases
[13:46:32] deepseek7b: cached 72/72 paired cases
[13:46:49] deepseek7b: patched 12/72 paired cases
[13:47:06] deepseek7b: patched 24/72 paired cases
[13:47:22] deepseek7b: patched 36/72 paired cases
[13:47:39] deepseek7b: patched 48/72 paired cases
[13:47:55] deepseek7b: patched 60/72 paired cases
[13:48:12] deepseek7b: patched 72/72 paired cases
[model_utils] GPU memory released, allocated=15.65 GB
{
  "layers": [
    26,
    27
  ],
  "model": "deepseek7b",
  "n_paired_cases": 72,
  "n_rows": 2624,
  "phase": 687,
  "summary": {
    "best_component_conditions": [
      {
        "condition": "component|same_case_add_delta|L26_layer_input",
        "mean_patched_pmv": -2.0303819444444446,
        "mean_patched_rank": 1.0,
        "mean_rank_delta": 166.69444444444446,
        "mean_short_pmv": 4.278645833333333,
        "mean_short_rank": 167.69444444444446,
        "mean_terse_rank": 1.0,
        "n": 72,
        "patched_best_other_route": {
          "prose": 72
        },
        "patched_top1_rate": 1.0,
        "repair_rate": 1.0
      },
      {
        "condition": "component|same_case_replace|L26_layer_input",
        "mean_patched_pmv": -2.015625,
        "mean_patched_rank": 1.0,
        "mean_rank_delta": 166.69444444444446,
        "mean_short_pmv": 4.278645833333333,
        "mean_short_rank": 167.69444444444446,
        "mean_terse_rank": 1.0,
        "n": 72,
        "patched_best_other_route": {
          "prose": 72
        },
        "patched_top1_rate": 1.0,
        "repair_rate": 1.0
      },
      {
        "condition": "component|same_case_add_delta|L26_layer_out",
        "mean_patched_pmv": -1.9748263888888888,
        "mean_patched_rank": 1.0,
        "mean_rank_delta": 166.69444444444446,
        "mean_short_pmv": 4.278645833333333,
        "mean_short_rank": 167.69444444444446,
        "mean_terse_rank": 1.0,
        "n": 72,
        "patched_best_other_route": {
          "prose": 72
        },
        "patched_top1_rate": 1.0,
        "repair_rate": 1.0
      },
      {
        "condition": "component|same_case_replace|L26_layer_out",
        "mean_patched_pmv": -1.9722222222222223,
        "mean_patched_rank": 1.0,
        "mean_rank_delta": 166.69444444444446,
        "mean_short_pmv": 4.278645833333333,
        "mean_short_rank": 167.69444444444446,
        "mean_terse_rank": 1.0,
        "n": 72,
        "patched_best_other_route": {
          "prose": 72
        },
        "patched_top1_rate": 1.0,
        "repair_rate": 1.0
      },
      {
        "condition": "component|same_case_add_delta|L27_layer_input",
        "mean_patched_pmv": -1.9748263888888888,
        "mean_patched_rank": 1.0,
        "mean_rank_delta": 166.69444444444446,
        "mean_short_pmv": 4.278645833333333,
        "mean_short_rank": 167.69444444444446,
        "mean_terse_rank": 1.0,
        "n": 72,
        "patched_best_other_route": {
          "prose": 72
        },
        "patched_top1_rate": 1.0,
        "repair_rate": 1.0
      },
      {
        "condition": "component|same_case_replace|L27_layer_input",
        "mean_patched_pmv": -1.9722222222222223,
        "mean_patched_rank": 1.0,
        "mean_rank_delta": 166.69444444444446,
        "mean_short_pmv": 4.278645833333333,
        "mean_short_rank": 167.69444444444446,
        "mean_terse_rank": 1.0,
        "n": 72,
        "patched_best_other_route": {
          "prose": 72
        },
        "patched_top1_rate": 1.0,
        "repair_rate": 1.0
      },
      {
        "condition": "component|same_case_add_delta|L27_layer_out",
        "mean_patched_pmv": -1.8836805555555556,
        "mean_patched_rank": 1.0,
        "mean_rank_delta": 166.69444444444446,
        "mean_short_pmv": 4.278645833333333,
        "mean_short_rank": 167.69444444444446,
        "mean_terse_rank": 1.0,
        "n": 72,
        "patched_best_other_route": {
          "prose": 72
        },
        "patched_top1_rate": 1.0,
        "repair_rate": 1.0
      },
      {
        "condition": "component|same_case_replace|L27_layer_out",
        "mean_patched_pmv": -1.8862847222222223,
        "mean_patched_rank": 1.0,
        "mean_rank_delta": 166.69444444444446,
        "mean_short_pmv": 4.278645833333333,
        "mean_short_rank": 167.69444444444446,
        "mean_terse_rank": 1.0,
        "n": 72,
        "patched_best_other_route": {
          "prose": 72
        },
        "patched_top1_rate": 1.0,
        "repair_rate": 1.0
      },
      {
        "condition": "component|same_case_add_delta|L26_attn_out",
        "mean_patched_pmv": 1.8489583333333333,
        "mean_patched_rank": 10.708333333333334,
        "mean_rank_delta": 156.98611111111111,
        "mean_short_pmv": 4.278645833333333,
        "mean_short_rank": 167.69444444444446,
        "mean_terse_rank": 1.0,
        "n": 72,
        "patched_best_other_route": {
          "prose": 72
        },
        "patched_top1_rate": 0.06944444444444445,
        "repair_rate": 0.06944444444444445
      },
      {
        "condition": "component|same_case_replace|L26_attn_out",
        "mean_patched_pmv": 1.8472222222222223,
        "mean_patched_rank": 10.73611111111111,
        "mean_rank_delta": 156.95833333333334,
        "mean_short_pmv": 4.278645833333333,
        "mean_short_rank": 167.69444444444446,
        "mean_terse_rank": 1.0,
        "n": 72,
        "patched_best_other_route": {
          "prose": 72
        },
        "patched_top1_rate": 0.06944444444444445,
        "repair_rate": 0.06944444444444445
      },
      {
        "condition": "component|random_same_norm|L27_layer_out",
        "mean_patched_pmv": 2.921875,
        "mean_patched_rank": 186.01388888888889,
        "mean_rank_delta": -18.319444444444443,
        "mean_short_pmv": 4.278645833333333,
        "mean_short_rank": 167.69444444444446,
        "mean_terse_rank": 1.0,
        "n": 72,
        "patched_best_other_route": {
          "continuation": 26,
          "prose": 46
        },
        "patched_top1_rate": 0.06944444444444445,
        "repair_rate": 0.06944444444444445
      },
      {
        "condition": "component|same_case_add_delta|L27_attn_out",
        "mean_patched_pmv": 3.275173611111111,
        "mean_patched_rank": 51.388888888888886,
        "mean_rank_delta": 116.30555555555556,
        "mean_short_pmv": 4.278645833333333,
        "mean_short_rank": 167.69444444444446,
        "mean_terse_rank": 1.0,
        "n": 72,
        "patched_best_other_route": {
          "prose": 72
        },
        "patched_top1_rate": 0.041666666666666664,
        "repair_rate": 0.041666666666666664
      },
      {
        "condition": "component|same_case_replace|L27_attn_out",
        "mean_patched_pmv": 3.2777777777777777,
        "mean_patched_rank": 51.43055555555556,
        "mean_rank_delta": 116.26388888888889,
        "mean_short_pmv": 4.278645833333333,
        "mean_short_rank": 167.69444444444446,
        "mean_terse_rank": 1.0,
        "n": 72,
        "patched_best_other_route": {
          "prose": 72
        },
        "patched_top1_rate": 0.041666666666666664,
        "repair_rate": 0.041666666666666664
      },
      {
        "condition": "component|random_same_norm|L27_mlp_out",
        "mean_patched_pmv": 3.5985243055555554,
        "mean_patched_rank": 151.40277777777777,
        "mean_rank_delta": 16.291666666666668,
        "mean_short_pmv": 4.278645833333333,
        "mean_short_rank": 167.69444444444446,
        "mean_terse_rank": 1.0,
        "n": 72,
        "patched_best_other_route": {
          "continuation": 17,
          "prose": 55
        },
        "patched_top1_rate": 0.027777777777777776,
        "repair_rate": 0.027777777777777776
      },
      {
        "condition": "component|random_same_norm|L26_mlp_out",
        "mean_patched_pmv": 4.202256944444445,
        "mean_patched_rank": 145.52777777777777,
        "mean_rank_delta": 22.166666666666668,
        "mean_short_pmv": 4.278645833333333,
        "mean_short_rank": 167.69444444444446,
        "mean_terse_rank": 1.0,
        "n": 72,
        "patched_best_other_route": {
          "continuation": 2,
          "prose": 70
        },
        "patched_top1_rate": 0.013888888888888888,
        "repair_rate": 0.013888888888888888
      },
      {
        "condition": "component|random_same_norm|L27_attn_out",
        "mean_patched_pmv": 4.143663194444445,
        "mean_patched_rank": 154.30555555555554,
        "mean_rank_delta": 13.38888888888889,
        "mean_short_pmv": 4.278645833333333,
        "mean_short_rank": 167.69444444444446,
        "mean_terse_rank": 1.0,
        "n": 72,
        "patched_best_other_route": {
          "continuation": 3,
          "prose": 69
        },
        "patched_top1_rate": 0.013888888888888888,
        "repair_rate": 0.013888888888888888
      }
    ],
    "best_cross_donor_conditions": [
      {
        "condition": "cross_donor|same_value_replace|L26_layer_out",
        "mean_patched_pmv": -1.1796875,
        "mean_patched_rank": 1.0,
        "mean_rank_delta": 23.625,
        "mean_short_pmv": 3.40625,
        "mean_short_rank": 24.625,
        "mean_terse_rank": 1.0,
        "n": 8,
        "patched_best_other_route": {
          "prose": 8
        },
        "patched_top1_rate": 1.0,
        "repair_rate": 1.0
      },
      {
        "condition": "cross_donor|same_value_replace|L27_layer_out",
        "mean_patched_pmv": -1.1484375,
        "mean_patched_rank": 1.0,
        "mean_rank_delta": 23.625,
        "mean_short_pmv": 3.40625,
        "mean_short_rank": 24.625,
        "mean_terse_rank": 1.0,
        "n": 8,
        "patched_best_other_route": {
          "prose": 8
        },
        "patched_top1_rate": 1.0,
        "repair_rate": 1.0
      },
      {
        "condition": "cross_donor|same_value_add_delta|L27_layer_out",
        "mean_patched_pmv": -1.125,
        "mean_patched_rank": 4.5,
        "mean_rank_delta": 20.125,
        "mean_short_pmv": 3.40625,
        "mean_short_rank": 24.625,
        "mean_terse_rank": 1.0,
        "n": 8,
        "patched_best_other_route": {
          "prose": 8
        },
        "patched_top1_rate": 0.625,
        "repair_rate": 0.625
      },
      {
        "condition": "cross_donor|same_family_diff_value_replace|L27_layer_out",
        "mean_patched_pmv": 3.4596354166666665,
        "mean_patched_rank": 776.3888888888889,
        "mean_rank_delta": -608.6944444444445,
        "mean_short_pmv": 4.278645833333333,
        "mean_short_rank": 167.69444444444446,
        "mean_terse_rank": 1.0,
        "n": 72,
        "patched_best_other_route": {
          "prose": 72
        },
        "patched_top1_rate": 0.5277777777777778,
        "repair_rate": 0.5277777777777778
      },
      {
        "condition": "cross_donor|same_value_add_delta|L26_layer_out",
        "mean_patched_pmv": -0.640625,
        "mean_patched_rank": 2.25,
        "mean_rank_delta": 22.375,
        "mean_short_pmv": 3.40625,
        "mean_short_rank": 24.625,
        "mean_terse_rank": 1.0,
        "n": 8,
        "patched_best_other_route": {
          "prose": 8
        },
        "patched_top1_rate": 0.5,
        "repair_rate": 0.5
      },
      {
        "condition": "cross_donor|same_family_diff_value_add_delta|L26_layer_out",
        "mean_patched_pmv": -0.1853298611111111,
        "mean_patched_rank": 14.833333333333334,
        "mean_rank_delta": 152.86111111111111,
        "mean_short_pmv": 4.278645833333333,
        "mean_short_rank": 167.69444444444446,
        "mean_terse_rank": 1.0,
        "n": 72,
        "patched_best_other_route": {
          "prose": 72
        },
        "patched_top1_rate": 0.3611111111111111,
        "repair_rate": 0.3611111111111111
      },
      {
        "condition": "cross_donor|same_family_diff_value_replace|L26_layer_out",
        "mean_patched_pmv": 2.8515625,
        "mean_patched_rank": 448.3333333333333,
        "mean_rank_delta": -280.6388888888889,
        "mean_short_pmv": 4.278645833333333,
        "mean_short_rank": 167.69444444444446,
        "mean_terse_rank": 1.0,
        "n": 72,
        "patched_best_other_route": {
          "prose": 72
        },
        "patched_top1_rate": 0.2638888888888889,
        "repair_rate": 0.2638888888888889
      },
      {
        "condition": "cross_donor|same_family_diff_value_add_delta|L27_layer_out",
        "mean_patched_pmv": 0.6922743055555556,
        "mean_patched_rank": 28.791666666666668,
        "mean_rank_delta": 138.90277777777777,
        "mean_short_pmv": 4.278645833333333,
        "mean_short_rank": 167.69444444444446,
        "mean_terse_rank": 1.0,
        "n": 72,
        "patched_best_other_route": {
          "json": 1,
          "prose": 71
        },
        "patched_top1_rate": 0.18055555555555555,
        "repair_rate": 0.18055555555555555
      },
      {
        "condition": "cross_donor|same_relation_diff_value_add_delta|L26_layer_out",
        "mean_patched_pmv": 3.6692708333333335,
        "mean_patched_rank": 165.30555555555554,
        "mean_rank_delta": 2.388888888888889,
        "mean_short_pmv": 4.278645833333333,
        "mean_short_rank": 167.69444444444446,
        "mean_terse_rank": 1.0,
        "n": 72,
        "patched_best_other_route": {
          "prose": 72
        },
        "patched_top1_rate": 0.09722222222222222,
        "repair_rate": 0.09722222222222222
      },
      {
        "condition": "cross_donor|unrelated_add_delta|L26_layer_out",
        "mean_patched_pmv": 4.358723958333333,
        "mean_patched_rank": 323.90277777777777,
        "mean_rank_delta": -156.20833333333334,
        "mean_short_pmv": 4.278645833333333,
        "mean_short_rank": 167.69444444444446,
        "mean_terse_rank": 1.0,
        "n": 72,
        "patched_best_other_route": {
          "prose": 72
        },
        "patched_top1_rate": 0.013888888888888888,
        "repair_rate": 0.013888888888888888
      },
      {
        "condition": "cross_donor|same_relation_diff_value_add_delta|L27_layer_out",
        "mean_patched_pmv": 5.025173611111111,
        "mean_patched_rank": 402.18055555555554,
        "mean_rank_delta": -234.48611111111111,
        "mean_short_pmv": 4.278645833333333,
        "mean_short_rank": 167.69444444444446,
        "mean_terse_rank": 1.0,
        "n": 72,
        "patched_best_other_route": {
          "prose": 72
        },
        "patched_top1_rate": 0.0,
        "repair_rate": 0.0
      },
      {
        "condition": "cross_donor|unrelated_add_delta|L27_layer_out",
        "mean_patched_pmv": 5.657118055555555,
        "mean_patched_rank": 617.75,
        "mean_rank_delta": -450.05555555555554,
        "mean_short_pmv": 4.278645833333333,
        "mean_short_rank": 167.69444444444446,
        "mean_terse_rank": 1.0,
        "n": 72,
        "patched_best_other_route": {
          "json": 1,
          "prose": 71
        },
        "patched_top1_rate": 0.0,
        "repair_rate": 0.0
      },
      {
        "condition": "cross_donor|same_relation_diff_value_replace|L26_layer_out",
        "mean_patched_pmv": 8.58615451388889,
        "mean_patched_rank": 1433.861111111111,
        "mean_rank_delta": -1266.1666666666667,
        "mean_short_pmv": 4.278645833333333,
        "mean_short_rank": 167.69444444444446,
        "mean_terse_rank": 1.0,
        "n": 72,
        "patched_best_other_route": {
          "prose": 72
        },
        "patched_top1_rate": 0.0,
        "repair_rate": 0.0
      },
      {
        "condition": "cross_donor|unrelated_replace|L26_layer_out",
        "mean_patched_pmv": 10.078559027777779,
        "mean_patched_rank": 1451.5833333333333,
        "mean_rank_delta": -1283.888888888889,
        "mean_short_pmv": 4.278645833333333,
        "mean_short_rank": 167.69444444444446,
        "mean_terse_rank": 1.0,
        "n": 72,
        "patched_best_other_route": {
          "prose": 72
        },
        "patched_top1_rate": 0.0,
        "repair_rate": 0.0
      },
      {
        "condition": "cross_donor|unrelated_replace|L27_layer_out",
        "mean_patched_pmv": 11.363715277777779,
        "mean_patched_rank": 2058.6805555555557,
        "mean_rank_delta": -1890.986111111111,
        "mean_short_pmv": 4.278645833333333,
        "mean_short_rank": 167.69444444444446,
        "mean_terse_rank": 1.0,
        "n": 72,
        "patched_best_other_route": {
          "prose": 72
        },
        "patched_top1_rate": 0.0,
        "repair_rate": 0.0
      },
      {
        "condition": "cross_donor|same_relation_diff_value_replace|L27_layer_out",
        "mean_patched_pmv": 10.502061631944445,
        "mean_patched_rank": 2184.472222222222,
        "mean_rank_delta": -2016.7777777777778,
        "mean_short_pmv": 4.278645833333333,
        "mean_short_rank": 167.69444444444446,
        "mean_terse_rank": 1.0,
        "n": 72,
        "patched_best_other_route": {
          "prose": 72
        },
        "patched_top1_rate": 0.0,
        "repair_rate": 0.0
      }
    ],
    "by_condition": {
      "component|random_same_norm|L26_attn_out": {
        "mean_patched_pmv": 4.263020833333333,
        "mean_patched_rank": 137.0,
        "mean_rank_delta": 30.694444444444443,
        "mean_short_pmv": 4.278645833333333,
        "mean_short_rank": 167.69444444444446,
        "mean_terse_rank": 1.0,
        "n": 72,
        "patched_best_other_route": {
          "continuation": 1,
          "prose": 71
        },
        "patched_top1_rate": 0.0,
        "repair_rate": 0.0
      },
      "component|random_same_norm|L26_layer_input": {
        "mean_patched_pmv": 4.758246527777778,
        "mean_patched_rank": 183.19444444444446,
        "mean_rank_delta": -15.5,
        "mean_short_pmv": 4.278645833333333,
        "mean_short_rank": 167.69444444444446,
        "mean_terse_rank": 1.0,
        "n": 72,
        "patched_best_other_route": {
          "continuation": 6,
          "prose": 66
        },
        "patched_top1_rate": 0.0,
        "repair_rate": 0.0
      },
      "component|random_same_norm|L26_layer_out": {
        "mean_patched_pmv": 4.251736111111111,
        "mean_patched_rank": 193.23611111111111,
        "mean_rank_delta": -25.541666666666668,
        "mean_short_pmv": 4.278645833333333,
        "mean_short_rank": 167.69444444444446,
        "mean_terse_rank": 1.0,
        "n": 72,
        "patched_best_other_route": {
          "continuation": 12,
          "prose": 60
        },
        "patched_top1_rate": 0.013888888888888888,
        "repair_rate": 0.013888888888888888
      },
      "component|random_same_norm|L26_mlp_out": {
        "mean_patched_pmv": 4.202256944444445,
        "mean_patched_rank": 145.52777777777777,
        "mean_rank_delta": 22.166666666666668,
        "mean_short_pmv": 4.278645833333333,
        "mean_short_rank": 167.69444444444446,
        "mean_terse_rank": 1.0,
        "n": 72,
        "patched_best_other_route": {
          "continuation": 2,
          "prose": 70
        },
        "patched_top1_rate": 0.013888888888888888,
        "repair_rate": 0.013888888888888888
      },
      "component|random_same_norm|L27_attn_out": {
        "mean_patched_pmv": 4.143663194444445,
        "mean_patched_rank": 154.30555555555554,
        "mean_rank_delta": 13.38888888888889,
        "mean_short_pmv": 4.278645833333333,
        "mean_short_rank": 167.69444444444446,
        "mean_terse_rank": 1.0,
        "n": 72,
        "patched_best_other_route": {
          "continuation": 3,
          "prose": 69
        },
        "patched_top1_rate": 0.013888888888888888,
        "repair_rate": 0.013888888888888888
      },
      "component|random_same_norm|L27_layer_input": {
        "mean_patched_pmv": 4.001302083333333,
        "mean_patched_rank": 200.36111111111111,
        "mean_rank_delta": -32.666666666666664,
        "mean_short_pmv": 4.278645833333333,
        "mean_short_rank": 167.69444444444446,
        "mean_terse_rank": 1.0,
        "n": 72,
        "patched_best_other_route": {
          "continuation": 19,
          "prose": 53
        },
        "patched_top1_rate": 0.0,
        "repair_rate": 0.0
      },
      "component|random_same_norm|L27_layer_out": {
        "mean_patched_pmv": 2.921875,
        "mean_patched_rank": 186.01388888888889,
        "mean_rank_delta": -18.319444444444443,
        "mean_short_pmv": 4.278645833333333,
        "mean_short_rank": 167.69444444444446,
        "mean_terse_rank": 1.0,
        "n": 72,
        "patched_best_other_route": {
          "continuation": 26,
          "prose": 46
        },
        "patched_top1_rate": 0.06944444444444445,
        "repair_rate": 0.06944444444444445
      },
      "component|random_same_norm|L27_mlp_out": {
        "mean_patched_pmv": 3.5985243055555554,
        "mean_patched_rank": 151.40277777777777,
        "mean_rank_delta": 16.291666666666668,
        "mean_short_pmv": 4.278645833333333,
        "mean_short_rank": 167.69444444444446,
        "mean_terse_rank": 1.0,
        "n": 72,
        "patched_best_other_route": {
          "continuation": 17,
          "prose": 55
        },
        "patched_top1_rate": 0.027777777777777776,
        "repair_rate": 0.027777777777777776
      },
      "component|same_case_add_delta|L26_attn_out": {
        "mean_patched_pmv": 1.8489583333333333,
        "mean_patched_rank": 10.708333333333334,
        "mean_rank_delta": 156.98611111111111,
        "mean_short_pmv": 4.278645833333333,
        "mean_short_rank": 167.69444444444446,
        "mean_terse_rank": 1.0,
        "n": 72,
        "patched_best_other_route": {
          "prose": 72
        },
        "patched_top1_rate": 0.06944444444444445,
        "repair_rate": 0.06944444444444445
      },
      "component|same_case_add_delta|L26_layer_input": {
        "mean_patched_pmv": -2.0303819444444446,
        "mean_patched_rank": 1.0,
        "mean_rank_delta": 166.69444444444446,
        "mean_short_pmv": 4.278645833333333,
        "mean_short_rank": 167.69444444444446,
        "mean_terse_rank": 1.0,
        "n": 72,
        "patched_best_other_route": {
          "prose": 72
        },
        "patched_top1_rate": 1.0,
        "repair_rate": 1.0
      },
      "component|same_case_add_delta|L26_layer_out": {
        "mean_patched_pmv": -1.9748263888888888,
        "mean_patched_rank": 1.0,
        "mean_rank_delta": 166.69444444444446,
        "mean_short_pmv": 4.278645833333333,
        "mean_short_rank": 167.69444444444446,
        "mean_terse_rank": 1.0,
        "n": 72,
        "patched_best_other_route": {
          "prose": 72
        },
        "patched_top1_rate": 1.0,
        "repair_rate": 1.0
      },
      "component|same_case_add_delta|L26_mlp_out": {
        "mean_patched_pmv": 4.827473958333333,
        "mean_patched_rank": 156.52777777777777,
        "mean_rank_delta": 11.166666666666666,
        "mean_short_pmv": 4.278645833333333,
        "mean_short_rank": 167.69444444444446,
        "mean_terse_rank": 1.0,
        "n": 72,
        "patched_best_other_route": {
          "prose": 72
        },
        "patched_top1_rate": 0.0,
        "repair_rate": 0.0
      },
      "component|same_case_add_delta|L27_attn_out": {
        "mean_patched_pmv": 3.275173611111111,
        "mean_patched_rank": 51.388888888888886,
        "mean_rank_delta": 116.30555555555556,
        "mean_short_pmv": 4.278645833333333,
        "mean_short_rank": 167.69444444444446,
        "mean_terse_rank": 1.0,
        "n": 72,
        "patched_best_other_route": {
          "prose": 72
        },
        "patched_top1_rate": 0.041666666666666664,
        "repair_rate": 0.041666666666666664
      },
      "component|same_case_add_delta|L27_layer_input": {
        "mean_patched_pmv": -1.9748263888888888,
        "mean_patched_rank": 1.0,
        "mean_rank_delta": 166.69444444444446,
        "mean_short_pmv": 4.278645833333333,
        "mean_short_rank": 167.69444444444446,
        "mean_terse_rank": 1.0,
        "n": 72,
        "patched_best_other_route": {
          "prose": 72
        },
        "patched_top1_rate": 1.0,
        "repair_rate": 1.0
      },
      "component|same_case_add_delta|L27_layer_out": {
        "mean_patched_pmv": -1.8836805555555556,
        "mean_patched_rank": 1.0,
        "mean_rank_delta": 166.69444444444446,
        "mean_short_pmv": 4.278645833333333,
        "mean_short_rank": 167.69444444444446,
        "mean_terse_rank": 1.0,
        "n": 72,
        "patched_best_other_route": {
          "prose": 72
        },
        "patched_top1_rate": 1.0,
        "repair_rate": 1.0
      },
      "component|same_case_add_delta|L27_mlp_out": {
        "mean_patched_pmv": 3.886501736111111,
        "mean_patched_rank": 164.44444444444446,
        "mean_rank_delta": 3.25,
        "mean_short_pmv": 4.278645833333333,
        "mean_short_rank": 167.69444444444446,
        "mean_terse_rank": 1.0,
        "n": 72,
        "patched_best_other_route": {
          "continuation": 3,
          "prose": 69
        },
        "patched_top1_rate": 0.013888888888888888,
        "repair_rate": 0.013888888888888888
      },
      "component|same_case_replace|L26_attn_out": {
        "mean_patched_pmv": 1.8472222222222223,
        "mean_patched_rank": 10.73611111111111,
        "mean_rank_delta": 156.95833333333334,
        "mean_short_pmv": 4.278645833333333,
        "mean_short_rank": 167.69444444444446,
        "mean_terse_rank": 1.0,
        "n": 72,
        "patched_best_other_route": {
          "prose": 72
        },
        "patched_top1_rate": 0.06944444444444445,
        "repair_rate": 0.06944444444444445
      },
      "component|same_case_replace|L26_layer_input": {
        "mean_patched_pmv": -2.015625,
        "mean_patched_rank": 1.0,
        "mean_rank_delta": 166.69444444444446,
        "mean_short_pmv": 4.278645833333333,
        "mean_short_rank": 167.69444444444446,
        "mean_terse_rank": 1.0,
        "n": 72,
        "patched_best_other_route": {
          "prose": 72
        },
        "patched_top1_rate": 1.0,
        "repair_rate": 1.0
      },
      "component|same_case_replace|L26_layer_out": {
        "mean_patched_pmv": -1.9722222222222223,
        "mean_patched_rank": 1.0,
        "mean_rank_delta": 166.69444444444446,
        "mean_short_pmv": 4.278645833333333,
        "mean_short_rank": 167.69444444444446,
        "mean_terse_rank": 1.0,
        "n": 72,
        "patched_best_other_route": {
          "prose": 72
        },
        "patched_top1_rate": 1.0,
        "repair_rate": 1.0
      },
      "component|same_case_replace|L26_mlp_out": {
        "mean_patched_pmv": 4.829210069444445,
        "mean_patched_rank": 156.76388888888889,
        "mean_rank_delta": 10.930555555555555,
        "mean_short_pmv": 4.278645833333333,
        "mean_short_rank": 167.69444444444446,
        "mean_terse_rank": 1.0,
        "n": 72,
        "patched_best_other_route": {
          "prose": 72
        },
        "patched_top1_rate": 0.0,
        "repair_rate": 0.0
      },
      "component|same_case_replace|L27_attn_out": {
        "mean_patched_pmv": 3.2777777777777777,
        "mean_patched_rank": 51.43055555555556,
        "mean_rank_delta": 116.26388888888889,
        "mean_short_pmv": 4.278645833333333,
        "mean_short_rank": 167.69444444444446,
        "mean_terse_rank": 1.0,
        "n": 72,
        "patched_best_other_route": {
          "prose": 72
        },
        "patched_top1_rate": 0.041666666666666664,
        "repair_rate": 0.041666666666666664
      },
      "component|same_case_replace|L27_layer_input": {
        "mean_patched_pmv": -1.9722222222222223,
        "mean_patched_rank": 1.0,
        "mean_rank_delta": 166.69444444444446,
        "mean_short_pmv": 4.278645833333333,
        "mean_short_rank": 167.69444444444446,
        "mean_terse_rank": 1.0,
        "n": 72,
        "patched_best_other_route": {
          "prose": 72
        },
        "patched_top1_rate": 1.0,
        "repair_rate": 1.0
      },
      "component|same_case_replace|L27_layer_out": {
        "mean_patched_pmv": -1.8862847222222223,
        "mean_patched_rank": 1.0,
        "mean_rank_delta": 166.69444444444446,
        "mean_short_pmv": 4.278645833333333,
        "mean_short_rank": 167.69444444444446,
        "mean_terse_rank": 1.0,
        "n": 72,
        "patched_best_other_route": {
          "prose": 72
        },
        "patched_top1_rate": 1.0,
        "repair_rate": 1.0
      },
      "component|same_case_replace|L27_mlp_out": {
        "mean_patched_pmv": 3.8836805555555554,
        "mean_patched_rank": 164.34722222222223,
        "mean_rank_delta": 3.3472222222222223,
        "mean_short_pmv": 4.278645833333333,
        "mean_short_rank": 167.69444444444446,
        "mean_terse_rank": 1.0,
        "n": 72,
        "patched_best_other_route": {
          "continuation": 3,
          "prose": 69
        },
        "patched_top1_rate": 0.013888888888888888,
        "repair_rate": 0.013888888888888888
      },
      "cross_donor|same_family_diff_value_add_delta|L26_layer_out": {
        "mean_patched_pmv": -0.1853298611111111,
        "mean_patched_rank": 14.833333333333334,
        "mean_rank_delta": 152.86111111111111,
        "mean_short_pmv": 4.278645833333333,
        "mean_short_rank": 167.69444444444446,
        "mean_terse_rank": 1.0,
        "n": 72,
        "patched_best_other_route": {
          "prose": 72
        },
        "patched_top1_rate": 0.3611111111111111,
        "repair_rate": 0.3611111111111111
      },
      "cross_donor|same_family_diff_value_add_delta|L27_layer_out": {
        "mean_patched_pmv": 0.6922743055555556,
        "mean_patched_rank": 28.791666666666668,
        "mean_rank_delta": 138.90277777777777,
        "mean_short_pmv": 4.278645833333333,
        "mean_short_rank": 167.69444444444446,
        "mean_terse_rank": 1.0,
        "n": 72,
        "patched_best_other_route": {
          "json": 1,
          "prose": 71
        },
        "patched_top1_rate": 0.18055555555555555,
        "repair_rate": 0.18055555555555555
      },
      "cross_donor|same_family_diff_value_replace|L26_layer_out": {
        "mean_patched_pmv": 2.8515625,
        "mean_patched_rank": 448.3333333333333,
        "mean_rank_delta": -280.6388888888889,
        "mean_short_pmv": 4.278645833333333,
        "mean_short_rank": 167.69444444444446,
        "mean_terse_rank": 1.0,
        "n": 72,
        "patched_best_other_route": {
          "prose": 72
        },
        "patched_top1_rate": 0.2638888888888889,
        "repair_rate": 0.2638888888888889
      },
      "cross_donor|same_family_diff_value_replace|L27_layer_out": {
        "mean_patched_pmv": 3.4596354166666665,
        "mean_patched_rank": 776.3888888888889,
        "mean_rank_delta": -608.6944444444445,
        "mean_short_pmv": 4.278645833333333,
        "mean_short_rank": 167.69444444444446,
        "mean_terse_rank": 1.0,
        "n": 72,
        "patched_best_other_route": {
          "prose": 72
        },
        "patched_top1_rate": 0.5277777777777778,
        "repair_rate": 0.5277777777777778
      },
      "cross_donor|same_relation_diff_value_add_delta|L26_layer_out": {
        "mean_patched_pmv": 3.6692708333333335,
        "mean_patched_rank": 165.30555555555554,
        "mean_rank_delta": 2.388888888888889,
        "mean_short_pmv": 4.278645833333333,
        "mean_short_rank": 167.69444444444446,
        "mean_terse_rank": 1.0,
        "n": 72,
        "patched_best_other_route": {
          "prose": 72
        },
        "patched_top1_rate": 0.09722222222222222,
        "repair_rate": 0.09722222222222222
      },
      "cross_donor|same_relation_diff_value_add_delta|L27_layer_out": {
        "mean_patched_pmv": 5.025173611111111,
        "mean_patched_rank": 402.18055555555554,
        "mean_rank_delta": -234.48611111111111,
        "mean_short_pmv": 4.278645833333333,
        "mean_short_rank": 167.69444444444446,
        "mean_terse_rank": 1.0,
        "n": 72,
        "patched_best_other_route": {
          "prose": 72
        },
        "patched_top1_rate": 0.0,
        "repair_rate": 0.0
      },
      "cross_donor|same_relation_diff_value_replace|L26_layer_out": {
        "mean_patched_pmv": 8.58615451388889,
        "mean_patched_rank": 1433.861111111111,
        "mean_rank_delta": -1266.1666666666667,
        "mean_short_pmv": 4.278645833333333,
        "mean_short_rank": 167.69444444444446,
        "mean_terse_rank": 1.0,
        "n": 72,
        "patched_best_other_route": {
          "prose": 72
        },
        "patched_top1_rate": 0.0,
        "repair_rate": 0.0
      },
      "cross_donor|same_relation_diff_value_replace|L27_layer_out": {
        "mean_patched_pmv": 10.502061631944445,
        "mean_patched_rank": 2184.472222222222,
        "mean_rank_delta": -2016.7777777777778,
        "mean_short_pmv": 4.278645833333333,
        "mean_short_rank": 167.69444444444446,
        "mean_terse_rank": 1.0,
        "n": 72,
        "patched_best_other_route": {
          "prose": 72
        },
        "patched_top1_rate": 0.0,
        "repair_rate": 0.0
      },
      "cross_donor|same_value_add_delta|L26_layer_out": {
        "mean_patched_pmv": -0.640625,
        "mean_patched_rank": 2.25,
        "mean_rank_delta": 22.375,
        "mean_short_pmv": 3.40625,
        "mean_short_rank": 24.625,
        "mean_terse_rank": 1.0,
        "n": 8,
        "patched_best_other_route": {
          "prose": 8
        },
        "patched_top1_rate": 0.5,
        "repair_rate": 0.5
      },
      "cross_donor|same_value_add_delta|L27_layer_out": {
        "mean_patched_pmv": -1.125,
        "mean_patched_rank": 4.5,
        "mean_rank_delta": 20.125,
        "mean_short_pmv": 3.40625,
        "mean_short_rank": 24.625,
        "mean_terse_rank": 1.0,
        "n": 8,
        "patched_best_other_route": {
          "prose": 8
        },
        "patched_top1_rate": 0.625,
        "repair_rate": 0.625
      },
      "cross_donor|same_value_replace|L26_layer_out": {
        "mean_patched_pmv": -1.1796875,
        "mean_patched_rank": 1.0,
        "mean_rank_delta": 23.625,
        "mean_short_pmv": 3.40625,
        "mean_short_rank": 24.625,
        "mean_terse_rank": 1.0,
        "n": 8,
        "patched_best_other_route": {
          "prose": 8
        },
        "patched_top1_rate": 1.0,
        "repair_rate": 1.0
      },
      "cross_donor|same_value_replace|L27_layer_out": {
        "mean_patched_pmv": -1.1484375,
        "mean_patched_rank": 1.0,
        "mean_rank_delta": 23.625,
        "mean_short_pmv": 3.40625,
        "mean_short_rank": 24.625,
        "mean_terse_rank": 1.0,
        "n": 8,
        "patched_best_other_route": {
          "prose": 8
        },
        "patched_top1_rate": 1.0,
        "repair_rate": 1.0
      },
      "cross_donor|unrelated_add_delta|L26_layer_out": {
        "mean_patched_pmv": 4.358723958333333,
        "mean_patched_rank": 323.90277777777777,
        "mean_rank_delta": -156.20833333333334,
        "mean_short_pmv": 4.278645833333333,
        "mean_short_rank": 167.69444444444446,
        "mean_terse_rank": 1.0,
        "n": 72,
        "patched_best_other_route": {
          "prose": 72
        },
        "patched_top1_rate": 0.013888888888888888,
        "repair_rate": 0.013888888888888888
      },
      "cross_donor|unrelated_add_delta|L27_layer_out": {
        "mean_patched_pmv": 5.657118055555555,
        "mean_patched_rank": 617.75,
        "mean_rank_delta": -450.05555555555554,
        "mean_short_pmv": 4.278645833333333,
        "mean_short_rank": 167.69444444444446,
        "mean_terse_rank": 1.0,
        "n": 72,
        "patched_best_other_route": {
          "json": 1,
          "prose": 71
        },
        "patched_top1_rate": 0.0,
        "repair_rate": 0.0
      },
      "cross_donor|unrelated_replace|L26_layer_out": {
        "mean_patched_pmv": 10.078559027777779,
        "mean_patched_rank": 1451.5833333333333,
        "mean_rank_delta": -1283.888888888889,
        "mean_short_pmv": 4.278645833333333,
        "mean_short_rank": 167.69444444444446,
        "mean_terse_rank": 1.0,
        "n": 72,
        "patched_best_other_route": {
          "prose": 72
        },
        "patched_top1_rate": 0.0,
        "repair_rate": 0.0
      },
      "cross_donor|unrelated_replace|L27_layer_out": {
        "mean_patched_pmv": 11.363715277777779,
        "mean_patched_rank": 2058.6805555555557,
        "mean_rank_delta": -1890.986111111111,
        "mean_short_pmv": 4.278645833333333,
        "mean_short_rank": 167.69444444444446,
        "mean_terse_rank": 1.0,
        "n": 72,
        "patched_best_other_route": {
          "prose": 72
        },
        "patched_top1_rate": 0.0,
        "repair_rate": 0.0
      }
    },
    "by_kind": {
      "component": {
        "mean_patched_pmv": 1.8377730758101851,
        "mean_patched_rank": 88.55787037037037,
        "mean_rank_delta": 79.13657407407408,
        "mean_short_pmv": 4.278645833333333,
        "mean_short_rank": 167.69444444444446,
        "mean_terse_rank": 1.0,
        "n": 1728,
        "patched_best_other_route": {
          "continuation": 92,
          "prose": 1636
        },
        "patched_top1_rate": 0.34953703703703703,
        "repair_rate": 0.34953703703703703
      },
      "cross_donor": {
        "mean_patched_pmv": 5.271754673549107,
        "mean_patched_rank": 796.1026785714286,
        "mean_rank_delta": -633.5178571428571,
        "mean_short_pmv": 4.247488839285714,
        "mean_short_rank": 162.58482142857142,
        "mean_terse_rank": 1.0,
        "n": 896,
        "patched_best_other_route": {
          "json": 2,
          "prose": 894
        },
        "patched_top1_rate": 0.14397321428571427,
        "repair_rate": 0.14397321428571427
      }
    },
    "model": "deepseek7b",
    "n_paired_cases": 72
  },
  "timestamp": "2026-06-26 13:48:12",
  "title": "L26/L27 Value-Support State Decomposition"
}
