`torch_dtype` is deprecated! Use `dtype` instead!
Loading weights:   0%|          | 0/443 [00:00<?, ?it/s]Loading weights:   0%|          | 2/443 [00:00<00:47,  9.28it/s]Loading weights:   6%|▌         | 27/443 [00:00<00:04, 103.65it/s]Loading weights:  14%|█▎        | 60/443 [00:00<00:02, 181.13it/s]Loading weights:  21%|██        | 93/443 [00:00<00:01, 220.97it/s]Loading weights:  28%|██▊       | 125/443 [00:00<00:01, 223.67it/s]Loading weights:  39%|███▉      | 174/443 [00:00<00:00, 295.73it/s]Loading weights:  47%|████▋     | 206/443 [00:00<00:00, 289.56it/s]Loading weights:  56%|█████▌    | 246/443 [00:01<00:00, 312.62it/s]Loading weights:  63%|██████▎   | 279/443 [00:01<00:00, 313.68it/s]Loading weights:  70%|███████   | 312/443 [00:01<00:00, 314.18it/s]Loading weights:  78%|███████▊  | 345/443 [00:01<00:00, 311.56it/s]Loading weights:  85%|████████▌ | 377/443 [00:01<00:00, 289.72it/s]Loading weights:  93%|█████████▎| 412/443 [00:01<00:00, 304.99it/s]Loading weights: 100%|██████████| 443/443 [00:01<00:00, 271.56it/s]
[13:46:07] Loaded glm4: class=GlmForCausalLM, GPU=18.80GB, attn=eager
[13:46:08] glm4: cached 5/5 paired cases
[13:46:15] glm4: patched 5/5 paired cases
[model_utils] GPU memory released, allocated=18.87 GB
{
  "layers": [
    38,
    39
  ],
  "model": "glm4",
  "n_paired_cases": 5,
  "n_rows": 160,
  "phase": 687,
  "summary": {
    "best_component_conditions": [
      {
        "condition": "component|same_case_add_delta|L38_layer_input",
        "mean_patched_pmv": -3.7875,
        "mean_patched_rank": 1.0,
        "mean_rank_delta": 1.0,
        "mean_short_pmv": -2.225,
        "mean_short_rank": 2.0,
        "mean_terse_rank": 1.0,
        "n": 5,
        "patched_best_other_route": {
          "prose": 5
        },
        "patched_top1_rate": 1.0,
        "repair_rate": 1.0
      },
      {
        "condition": "component|same_case_replace|L38_layer_input",
        "mean_patched_pmv": -3.7875,
        "mean_patched_rank": 1.0,
        "mean_rank_delta": 1.0,
        "mean_short_pmv": -2.225,
        "mean_short_rank": 2.0,
        "mean_terse_rank": 1.0,
        "n": 5,
        "patched_best_other_route": {
          "prose": 5
        },
        "patched_top1_rate": 1.0,
        "repair_rate": 1.0
      },
      {
        "condition": "component|same_case_add_delta|L38_mlp_out",
        "mean_patched_pmv": -2.6875,
        "mean_patched_rank": 1.0,
        "mean_rank_delta": 1.0,
        "mean_short_pmv": -2.225,
        "mean_short_rank": 2.0,
        "mean_terse_rank": 1.0,
        "n": 5,
        "patched_best_other_route": {
          "continuation": 5
        },
        "patched_top1_rate": 1.0,
        "repair_rate": 1.0
      },
      {
        "condition": "component|same_case_replace|L38_mlp_out",
        "mean_patched_pmv": -2.675,
        "mean_patched_rank": 1.0,
        "mean_rank_delta": 1.0,
        "mean_short_pmv": -2.225,
        "mean_short_rank": 2.0,
        "mean_terse_rank": 1.0,
        "n": 5,
        "patched_best_other_route": {
          "continuation": 5
        },
        "patched_top1_rate": 1.0,
        "repair_rate": 1.0
      },
      {
        "condition": "component|same_case_add_delta|L38_layer_out",
        "mean_patched_pmv": -3.75,
        "mean_patched_rank": 1.0,
        "mean_rank_delta": 1.0,
        "mean_short_pmv": -2.225,
        "mean_short_rank": 2.0,
        "mean_terse_rank": 1.0,
        "n": 5,
        "patched_best_other_route": {
          "prose": 5
        },
        "patched_top1_rate": 1.0,
        "repair_rate": 1.0
      },
      {
        "condition": "component|same_case_replace|L38_layer_out",
        "mean_patched_pmv": -3.7375,
        "mean_patched_rank": 1.0,
        "mean_rank_delta": 1.0,
        "mean_short_pmv": -2.225,
        "mean_short_rank": 2.0,
        "mean_terse_rank": 1.0,
        "n": 5,
        "patched_best_other_route": {
          "prose": 5
        },
        "patched_top1_rate": 1.0,
        "repair_rate": 1.0
      },
      {
        "condition": "component|same_case_add_delta|L39_layer_input",
        "mean_patched_pmv": -3.75,
        "mean_patched_rank": 1.0,
        "mean_rank_delta": 1.0,
        "mean_short_pmv": -2.225,
        "mean_short_rank": 2.0,
        "mean_terse_rank": 1.0,
        "n": 5,
        "patched_best_other_route": {
          "prose": 5
        },
        "patched_top1_rate": 1.0,
        "repair_rate": 1.0
      },
      {
        "condition": "component|same_case_replace|L39_layer_input",
        "mean_patched_pmv": -3.7375,
        "mean_patched_rank": 1.0,
        "mean_rank_delta": 1.0,
        "mean_short_pmv": -2.225,
        "mean_short_rank": 2.0,
        "mean_terse_rank": 1.0,
        "n": 5,
        "patched_best_other_route": {
          "prose": 5
        },
        "patched_top1_rate": 1.0,
        "repair_rate": 1.0
      },
      {
        "condition": "component|same_case_add_delta|L39_layer_out",
        "mean_patched_pmv": -3.75,
        "mean_patched_rank": 1.0,
        "mean_rank_delta": 1.0,
        "mean_short_pmv": -2.225,
        "mean_short_rank": 2.0,
        "mean_terse_rank": 1.0,
        "n": 5,
        "patched_best_other_route": {
          "prose": 5
        },
        "patched_top1_rate": 1.0,
        "repair_rate": 1.0
      },
      {
        "condition": "component|same_case_replace|L39_layer_out",
        "mean_patched_pmv": -3.75,
        "mean_patched_rank": 1.0,
        "mean_rank_delta": 1.0,
        "mean_short_pmv": -2.225,
        "mean_short_rank": 2.0,
        "mean_terse_rank": 1.0,
        "n": 5,
        "patched_best_other_route": {
          "prose": 5
        },
        "patched_top1_rate": 1.0,
        "repair_rate": 1.0
      },
      {
        "condition": "component|random_same_norm|L39_layer_out",
        "mean_patched_pmv": -1.9375,
        "mean_patched_rank": 1.4,
        "mean_rank_delta": 0.6,
        "mean_short_pmv": -2.225,
        "mean_short_rank": 2.0,
        "mean_terse_rank": 1.0,
        "n": 5,
        "patched_best_other_route": {
          "continuation": 5
        },
        "patched_top1_rate": 0.6,
        "repair_rate": 0.6
      },
      {
        "condition": "component|random_same_norm|L38_mlp_out",
        "mean_patched_pmv": -2.1875,
        "mean_patched_rank": 1.6,
        "mean_rank_delta": 0.4,
        "mean_short_pmv": -2.225,
        "mean_short_rank": 2.0,
        "mean_terse_rank": 1.0,
        "n": 5,
        "patched_best_other_route": {
          "continuation": 5
        },
        "patched_top1_rate": 0.4,
        "repair_rate": 0.4
      },
      {
        "condition": "component|random_same_norm|L38_layer_out",
        "mean_patched_pmv": -2.13125,
        "mean_patched_rank": 1.6,
        "mean_rank_delta": 0.4,
        "mean_short_pmv": -2.225,
        "mean_short_rank": 2.0,
        "mean_terse_rank": 1.0,
        "n": 5,
        "patched_best_other_route": {
          "continuation": 5
        },
        "patched_top1_rate": 0.4,
        "repair_rate": 0.4
      },
      {
        "condition": "component|random_same_norm|L39_mlp_out",
        "mean_patched_pmv": -2.2125,
        "mean_patched_rank": 1.6,
        "mean_rank_delta": 0.4,
        "mean_short_pmv": -2.225,
        "mean_short_rank": 2.0,
        "mean_terse_rank": 1.0,
        "n": 5,
        "patched_best_other_route": {
          "continuation": 5
        },
        "patched_top1_rate": 0.4,
        "repair_rate": 0.4
      },
      {
        "condition": "component|same_case_add_delta|L38_attn_out",
        "mean_patched_pmv": -2.2375,
        "mean_patched_rank": 1.8,
        "mean_rank_delta": 0.2,
        "mean_short_pmv": -2.225,
        "mean_short_rank": 2.0,
        "mean_terse_rank": 1.0,
        "n": 5,
        "patched_best_other_route": {
          "continuation": 5
        },
        "patched_top1_rate": 0.2,
        "repair_rate": 0.2
      },
      {
        "condition": "component|same_case_replace|L38_attn_out",
        "mean_patched_pmv": -2.2375,
        "mean_patched_rank": 1.8,
        "mean_rank_delta": 0.2,
        "mean_short_pmv": -2.225,
        "mean_short_rank": 2.0,
        "mean_terse_rank": 1.0,
        "n": 5,
        "patched_best_other_route": {
          "continuation": 5
        },
        "patched_top1_rate": 0.2,
        "repair_rate": 0.2
      }
    ],
    "best_cross_donor_conditions": [
      {
        "condition": "cross_donor|same_relation_diff_value_add_delta|L38_layer_out",
        "mean_patched_pmv": -2.0,
        "mean_patched_rank": 1.2,
        "mean_rank_delta": 0.8,
        "mean_short_pmv": -2.225,
        "mean_short_rank": 2.0,
        "mean_terse_rank": 1.0,
        "n": 5,
        "patched_best_other_route": {
          "json": 1,
          "prose": 4
        },
        "patched_top1_rate": 0.8,
        "repair_rate": 0.8
      },
      {
        "condition": "cross_donor|same_relation_diff_value_add_delta|L39_layer_out",
        "mean_patched_pmv": -1.325,
        "mean_patched_rank": 1.2,
        "mean_rank_delta": 0.8,
        "mean_short_pmv": -2.225,
        "mean_short_rank": 2.0,
        "mean_terse_rank": 1.0,
        "n": 5,
        "patched_best_other_route": {
          "json": 1,
          "prose": 4
        },
        "patched_top1_rate": 0.8,
        "repair_rate": 0.8
      },
      {
        "condition": "cross_donor|same_family_diff_value_add_delta|L38_layer_out",
        "mean_patched_pmv": -2.66875,
        "mean_patched_rank": 1.4,
        "mean_rank_delta": 0.6,
        "mean_short_pmv": -2.225,
        "mean_short_rank": 2.0,
        "mean_terse_rank": 1.0,
        "n": 5,
        "patched_best_other_route": {
          "continuation": 2,
          "json": 1,
          "prose": 2
        },
        "patched_top1_rate": 0.6,
        "repair_rate": 0.6
      },
      {
        "condition": "cross_donor|same_family_diff_value_add_delta|L39_layer_out",
        "mean_patched_pmv": -1.94375,
        "mean_patched_rank": 1.4,
        "mean_rank_delta": 0.6,
        "mean_short_pmv": -2.225,
        "mean_short_rank": 2.0,
        "mean_terse_rank": 1.0,
        "n": 5,
        "patched_best_other_route": {
          "continuation": 2,
          "json": 1,
          "prose": 2
        },
        "patched_top1_rate": 0.6,
        "repair_rate": 0.6
      },
      {
        "condition": "cross_donor|same_relation_diff_value_replace|L39_layer_out",
        "mean_patched_pmv": 5.8421875,
        "mean_patched_rank": 771.2,
        "mean_rank_delta": -769.2,
        "mean_short_pmv": -2.225,
        "mean_short_rank": 2.0,
        "mean_terse_rank": 1.0,
        "n": 5,
        "patched_best_other_route": {
          "prose": 5
        },
        "patched_top1_rate": 0.0,
        "repair_rate": 0.0
      },
      {
        "condition": "cross_donor|same_family_diff_value_replace|L38_layer_out",
        "mean_patched_pmv": 5.9046875,
        "mean_patched_rank": 776.6,
        "mean_rank_delta": -774.6,
        "mean_short_pmv": -2.225,
        "mean_short_rank": 2.0,
        "mean_terse_rank": 1.0,
        "n": 5,
        "patched_best_other_route": {
          "prose": 5
        },
        "patched_top1_rate": 0.0,
        "repair_rate": 0.0
      },
      {
        "condition": "cross_donor|same_relation_diff_value_replace|L38_layer_out",
        "mean_patched_pmv": 5.8203125,
        "mean_patched_rank": 779.6,
        "mean_rank_delta": -777.6,
        "mean_short_pmv": -2.225,
        "mean_short_rank": 2.0,
        "mean_terse_rank": 1.0,
        "n": 5,
        "patched_best_other_route": {
          "prose": 5
        },
        "patched_top1_rate": 0.0,
        "repair_rate": 0.0
      },
      {
        "condition": "cross_donor|same_family_diff_value_replace|L39_layer_out",
        "mean_patched_pmv": 6.0390625,
        "mean_patched_rank": 944.4,
        "mean_rank_delta": -942.4,
        "mean_short_pmv": -2.225,
        "mean_short_rank": 2.0,
        "mean_terse_rank": 1.0,
        "n": 5,
        "patched_best_other_route": {
          "prose": 5
        },
        "patched_top1_rate": 0.0,
        "repair_rate": 0.0
      }
    ],
    "by_condition": {
      "component|random_same_norm|L38_attn_out": {
        "mean_patched_pmv": -2.2125,
        "mean_patched_rank": 2.0,
        "mean_rank_delta": 0.0,
        "mean_short_pmv": -2.225,
        "mean_short_rank": 2.0,
        "mean_terse_rank": 1.0,
        "n": 5,
        "patched_best_other_route": {
          "continuation": 5
        },
        "patched_top1_rate": 0.0,
        "repair_rate": 0.0
      },
      "component|random_same_norm|L38_layer_input": {
        "mean_patched_pmv": -1.9625,
        "mean_patched_rank": 2.2,
        "mean_rank_delta": -0.2,
        "mean_short_pmv": -2.225,
        "mean_short_rank": 2.0,
        "mean_terse_rank": 1.0,
        "n": 5,
        "patched_best_other_route": {
          "continuation": 5
        },
        "patched_top1_rate": 0.0,
        "repair_rate": 0.0
      },
      "component|random_same_norm|L38_layer_out": {
        "mean_patched_pmv": -2.13125,
        "mean_patched_rank": 1.6,
        "mean_rank_delta": 0.4,
        "mean_short_pmv": -2.225,
        "mean_short_rank": 2.0,
        "mean_terse_rank": 1.0,
        "n": 5,
        "patched_best_other_route": {
          "continuation": 5
        },
        "patched_top1_rate": 0.4,
        "repair_rate": 0.4
      },
      "component|random_same_norm|L38_mlp_out": {
        "mean_patched_pmv": -2.1875,
        "mean_patched_rank": 1.6,
        "mean_rank_delta": 0.4,
        "mean_short_pmv": -2.225,
        "mean_short_rank": 2.0,
        "mean_terse_rank": 1.0,
        "n": 5,
        "patched_best_other_route": {
          "continuation": 5
        },
        "patched_top1_rate": 0.4,
        "repair_rate": 0.4
      },
      "component|random_same_norm|L39_attn_out": {
        "mean_patched_pmv": -2.275,
        "mean_patched_rank": 2.0,
        "mean_rank_delta": 0.0,
        "mean_short_pmv": -2.225,
        "mean_short_rank": 2.0,
        "mean_terse_rank": 1.0,
        "n": 5,
        "patched_best_other_route": {
          "continuation": 5
        },
        "patched_top1_rate": 0.0,
        "repair_rate": 0.0
      },
      "component|random_same_norm|L39_layer_input": {
        "mean_patched_pmv": -2.35,
        "mean_patched_rank": 1.8,
        "mean_rank_delta": 0.2,
        "mean_short_pmv": -2.225,
        "mean_short_rank": 2.0,
        "mean_terse_rank": 1.0,
        "n": 5,
        "patched_best_other_route": {
          "continuation": 5
        },
        "patched_top1_rate": 0.2,
        "repair_rate": 0.2
      },
      "component|random_same_norm|L39_layer_out": {
        "mean_patched_pmv": -1.9375,
        "mean_patched_rank": 1.4,
        "mean_rank_delta": 0.6,
        "mean_short_pmv": -2.225,
        "mean_short_rank": 2.0,
        "mean_terse_rank": 1.0,
        "n": 5,
        "patched_best_other_route": {
          "continuation": 5
        },
        "patched_top1_rate": 0.6,
        "repair_rate": 0.6
      },
      "component|random_same_norm|L39_mlp_out": {
        "mean_patched_pmv": -2.2125,
        "mean_patched_rank": 1.6,
        "mean_rank_delta": 0.4,
        "mean_short_pmv": -2.225,
        "mean_short_rank": 2.0,
        "mean_terse_rank": 1.0,
        "n": 5,
        "patched_best_other_route": {
          "continuation": 5
        },
        "patched_top1_rate": 0.4,
        "repair_rate": 0.4
      },
      "component|same_case_add_delta|L38_attn_out": {
        "mean_patched_pmv": -2.2375,
        "mean_patched_rank": 1.8,
        "mean_rank_delta": 0.2,
        "mean_short_pmv": -2.225,
        "mean_short_rank": 2.0,
        "mean_terse_rank": 1.0,
        "n": 5,
        "patched_best_other_route": {
          "continuation": 5
        },
        "patched_top1_rate": 0.2,
        "repair_rate": 0.2
      },
      "component|same_case_add_delta|L38_layer_input": {
        "mean_patched_pmv": -3.7875,
        "mean_patched_rank": 1.0,
        "mean_rank_delta": 1.0,
        "mean_short_pmv": -2.225,
        "mean_short_rank": 2.0,
        "mean_terse_rank": 1.0,
        "n": 5,
        "patched_best_other_route": {
          "prose": 5
        },
        "patched_top1_rate": 1.0,
        "repair_rate": 1.0
      },
      "component|same_case_add_delta|L38_layer_out": {
        "mean_patched_pmv": -3.75,
        "mean_patched_rank": 1.0,
        "mean_rank_delta": 1.0,
        "mean_short_pmv": -2.225,
        "mean_short_rank": 2.0,
        "mean_terse_rank": 1.0,
        "n": 5,
        "patched_best_other_route": {
          "prose": 5
        },
        "patched_top1_rate": 1.0,
        "repair_rate": 1.0
      },
      "component|same_case_add_delta|L38_mlp_out": {
        "mean_patched_pmv": -2.6875,
        "mean_patched_rank": 1.0,
        "mean_rank_delta": 1.0,
        "mean_short_pmv": -2.225,
        "mean_short_rank": 2.0,
        "mean_terse_rank": 1.0,
        "n": 5,
        "patched_best_other_route": {
          "continuation": 5
        },
        "patched_top1_rate": 1.0,
        "repair_rate": 1.0
      },
      "component|same_case_add_delta|L39_attn_out": {
        "mean_patched_pmv": -2.2375,
        "mean_patched_rank": 1.8,
        "mean_rank_delta": 0.2,
        "mean_short_pmv": -2.225,
        "mean_short_rank": 2.0,
        "mean_terse_rank": 1.0,
        "n": 5,
        "patched_best_other_route": {
          "continuation": 5
        },
        "patched_top1_rate": 0.2,
        "repair_rate": 0.2
      },
      "component|same_case_add_delta|L39_layer_input": {
        "mean_patched_pmv": -3.75,
        "mean_patched_rank": 1.0,
        "mean_rank_delta": 1.0,
        "mean_short_pmv": -2.225,
        "mean_short_rank": 2.0,
        "mean_terse_rank": 1.0,
        "n": 5,
        "patched_best_other_route": {
          "prose": 5
        },
        "patched_top1_rate": 1.0,
        "repair_rate": 1.0
      },
      "component|same_case_add_delta|L39_layer_out": {
        "mean_patched_pmv": -3.75,
        "mean_patched_rank": 1.0,
        "mean_rank_delta": 1.0,
        "mean_short_pmv": -2.225,
        "mean_short_rank": 2.0,
        "mean_terse_rank": 1.0,
        "n": 5,
        "patched_best_other_route": {
          "prose": 5
        },
        "patched_top1_rate": 1.0,
        "repair_rate": 1.0
      },
      "component|same_case_add_delta|L39_mlp_out": {
        "mean_patched_pmv": -2.21875,
        "mean_patched_rank": 2.2,
        "mean_rank_delta": -0.2,
        "mean_short_pmv": -2.225,
        "mean_short_rank": 2.0,
        "mean_terse_rank": 1.0,
        "n": 5,
        "patched_best_other_route": {
          "continuation": 5
        },
        "patched_top1_rate": 0.0,
        "repair_rate": 0.0
      },
      "component|same_case_replace|L38_attn_out": {
        "mean_patched_pmv": -2.2375,
        "mean_patched_rank": 1.8,
        "mean_rank_delta": 0.2,
        "mean_short_pmv": -2.225,
        "mean_short_rank": 2.0,
        "mean_terse_rank": 1.0,
        "n": 5,
        "patched_best_other_route": {
          "continuation": 5
        },
        "patched_top1_rate": 0.2,
        "repair_rate": 0.2
      },
      "component|same_case_replace|L38_layer_input": {
        "mean_patched_pmv": -3.7875,
        "mean_patched_rank": 1.0,
        "mean_rank_delta": 1.0,
        "mean_short_pmv": -2.225,
        "mean_short_rank": 2.0,
        "mean_terse_rank": 1.0,
        "n": 5,
        "patched_best_other_route": {
          "prose": 5
        },
        "patched_top1_rate": 1.0,
        "repair_rate": 1.0
      },
      "component|same_case_replace|L38_layer_out": {
        "mean_patched_pmv": -3.7375,
        "mean_patched_rank": 1.0,
        "mean_rank_delta": 1.0,
        "mean_short_pmv": -2.225,
        "mean_short_rank": 2.0,
        "mean_terse_rank": 1.0,
        "n": 5,
        "patched_best_other_route": {
          "prose": 5
        },
        "patched_top1_rate": 1.0,
        "repair_rate": 1.0
      },
      "component|same_case_replace|L38_mlp_out": {
        "mean_patched_pmv": -2.675,
        "mean_patched_rank": 1.0,
        "mean_rank_delta": 1.0,
        "mean_short_pmv": -2.225,
        "mean_short_rank": 2.0,
        "mean_terse_rank": 1.0,
        "n": 5,
        "patched_best_other_route": {
          "continuation": 5
        },
        "patched_top1_rate": 1.0,
        "repair_rate": 1.0
      },
      "component|same_case_replace|L39_attn_out": {
        "mean_patched_pmv": -2.2375,
        "mean_patched_rank": 1.8,
        "mean_rank_delta": 0.2,
        "mean_short_pmv": -2.225,
        "mean_short_rank": 2.0,
        "mean_terse_rank": 1.0,
        "n": 5,
        "patched_best_other_route": {
          "continuation": 5
        },
        "patched_top1_rate": 0.2,
        "repair_rate": 0.2
      },
      "component|same_case_replace|L39_layer_input": {
        "mean_patched_pmv": -3.7375,
        "mean_patched_rank": 1.0,
        "mean_rank_delta": 1.0,
        "mean_short_pmv": -2.225,
        "mean_short_rank": 2.0,
        "mean_terse_rank": 1.0,
        "n": 5,
        "patched_best_other_route": {
          "prose": 5
        },
        "patched_top1_rate": 1.0,
        "repair_rate": 1.0
      },
      "component|same_case_replace|L39_layer_out": {
        "mean_patched_pmv": -3.75,
        "mean_patched_rank": 1.0,
        "mean_rank_delta": 1.0,
        "mean_short_pmv": -2.225,
        "mean_short_rank": 2.0,
        "mean_terse_rank": 1.0,
        "n": 5,
        "patched_best_other_route": {
          "prose": 5
        },
        "patched_top1_rate": 1.0,
        "repair_rate": 1.0
      },
      "component|same_case_replace|L39_mlp_out": {
        "mean_patched_pmv": -2.21875,
        "mean_patched_rank": 2.2,
        "mean_rank_delta": -0.2,
        "mean_short_pmv": -2.225,
        "mean_short_rank": 2.0,
        "mean_terse_rank": 1.0,
        "n": 5,
        "patched_best_other_route": {
          "continuation": 5
        },
        "patched_top1_rate": 0.0,
        "repair_rate": 0.0
      },
      "cross_donor|same_family_diff_value_add_delta|L38_layer_out": {
        "mean_patched_pmv": -2.66875,
        "mean_patched_rank": 1.4,
        "mean_rank_delta": 0.6,
        "mean_short_pmv": -2.225,
        "mean_short_rank": 2.0,
        "mean_terse_rank": 1.0,
        "n": 5,
        "patched_best_other_route": {
          "continuation": 2,
          "json": 1,
          "prose": 2
        },
        "patched_top1_rate": 0.6,
        "repair_rate": 0.6
      },
      "cross_donor|same_family_diff_value_add_delta|L39_layer_out": {
        "mean_patched_pmv": -1.94375,
        "mean_patched_rank": 1.4,
        "mean_rank_delta": 0.6,
        "mean_short_pmv": -2.225,
        "mean_short_rank": 2.0,
        "mean_terse_rank": 1.0,
        "n": 5,
        "patched_best_other_route": {
          "continuation": 2,
          "json": 1,
          "prose": 2
        },
        "patched_top1_rate": 0.6,
        "repair_rate": 0.6
      },
      "cross_donor|same_family_diff_value_replace|L38_layer_out": {
        "mean_patched_pmv": 5.9046875,
        "mean_patched_rank": 776.6,
        "mean_rank_delta": -774.6,
        "mean_short_pmv": -2.225,
        "mean_short_rank": 2.0,
        "mean_terse_rank": 1.0,
        "n": 5,
        "patched_best_other_route": {
          "prose": 5
        },
        "patched_top1_rate": 0.0,
        "repair_rate": 0.0
      },
      "cross_donor|same_family_diff_value_replace|L39_layer_out": {
        "mean_patched_pmv": 6.0390625,
        "mean_patched_rank": 944.4,
        "mean_rank_delta": -942.4,
        "mean_short_pmv": -2.225,
        "mean_short_rank": 2.0,
        "mean_terse_rank": 1.0,
        "n": 5,
        "patched_best_other_route": {
          "prose": 5
        },
        "patched_top1_rate": 0.0,
        "repair_rate": 0.0
      },
      "cross_donor|same_relation_diff_value_add_delta|L38_layer_out": {
        "mean_patched_pmv": -2.0,
        "mean_patched_rank": 1.2,
        "mean_rank_delta": 0.8,
        "mean_short_pmv": -2.225,
        "mean_short_rank": 2.0,
        "mean_terse_rank": 1.0,
        "n": 5,
        "patched_best_other_route": {
          "json": 1,
          "prose": 4
        },
        "patched_top1_rate": 0.8,
        "repair_rate": 0.8
      },
      "cross_donor|same_relation_diff_value_add_delta|L39_layer_out": {
        "mean_patched_pmv": -1.325,
        "mean_patched_rank": 1.2,
        "mean_rank_delta": 0.8,
        "mean_short_pmv": -2.225,
        "mean_short_rank": 2.0,
        "mean_terse_rank": 1.0,
        "n": 5,
        "patched_best_other_route": {
          "json": 1,
          "prose": 4
        },
        "patched_top1_rate": 0.8,
        "repair_rate": 0.8
      },
      "cross_donor|same_relation_diff_value_replace|L38_layer_out": {
        "mean_patched_pmv": 5.8203125,
        "mean_patched_rank": 779.6,
        "mean_rank_delta": -777.6,
        "mean_short_pmv": -2.225,
        "mean_short_rank": 2.0,
        "mean_terse_rank": 1.0,
        "n": 5,
        "patched_best_other_route": {
          "prose": 5
        },
        "patched_top1_rate": 0.0,
        "repair_rate": 0.0
      },
      "cross_donor|same_relation_diff_value_replace|L39_layer_out": {
        "mean_patched_pmv": 5.8421875,
        "mean_patched_rank": 771.2,
        "mean_rank_delta": -769.2,
        "mean_short_pmv": -2.225,
        "mean_short_rank": 2.0,
        "mean_terse_rank": 1.0,
        "n": 5,
        "patched_best_other_route": {
          "prose": 5
        },
        "patched_top1_rate": 0.0,
        "repair_rate": 0.0
      }
    },
    "by_kind": {
      "component": {
        "mean_patched_pmv": -2.7528645833333334,
        "mean_patched_rank": 1.4916666666666667,
        "mean_rank_delta": 0.5083333333333333,
        "mean_short_pmv": -2.225,
        "mean_short_rank": 2.0,
        "mean_terse_rank": 1.0,
        "n": 120,
        "patched_best_other_route": {
          "continuation": 80,
          "prose": 40
        },
        "patched_top1_rate": 0.5333333333333333,
        "repair_rate": 0.5333333333333333
      },
      "cross_donor": {
        "mean_patched_pmv": 1.95859375,
        "mean_patched_rank": 409.625,
        "mean_rank_delta": -407.625,
        "mean_short_pmv": -2.225,
        "mean_short_rank": 2.0,
        "mean_terse_rank": 1.0,
        "n": 40,
        "patched_best_other_route": {
          "continuation": 4,
          "json": 4,
          "prose": 32
        },
        "patched_top1_rate": 0.35,
        "repair_rate": 0.35
      }
    },
    "model": "glm4",
    "n_paired_cases": 5
  },
  "timestamp": "2026-06-26 13:46:16",
  "title": "L26/L27 Value-Support State Decomposition"
}
