[07:10:47] deepseek7b/confirm: pairs=10 target=hidden_28 audits=2
[07:10:47] [load] deepseek7b: bf16 device_map=auto attn=eager quantization=off
`torch_dtype` is deprecated! Use `dtype` instead!
Loading weights:   0%|          | 0/339 [00:00<?, ?it/s]Loading weights:   1%|▏         | 5/339 [00:00<00:07, 45.92it/s]Loading weights:   9%|▉         | 32/339 [00:00<00:02, 147.13it/s]Loading weights:  21%|██        | 71/339 [00:00<00:01, 236.85it/s]Loading weights:  29%|██▉       | 99/339 [00:00<00:01, 219.90it/s]Loading weights:  41%|████      | 138/339 [00:00<00:00, 264.84it/s]Loading weights:  51%|█████▏    | 174/339 [00:00<00:00, 285.33it/s]Loading weights:  60%|██████    | 204/339 [00:00<00:00, 280.42it/s]Loading weights:  69%|██████▉   | 234/339 [00:00<00:00, 276.47it/s]Loading weights:  77%|███████▋  | 262/339 [00:01<00:00, 266.30it/s]Loading weights:  86%|████████▌ | 292/339 [00:01<00:00, 271.33it/s]Loading weights:  94%|█████████▍| 320/339 [00:01<00:00, 272.42it/s]Loading weights: 100%|██████████| 339/339 [00:01<00:00, 260.36it/s]
[07:10:49] [load] deepseek7b: loaded eager, device=cuda:0, gpu=15.23GB
[07:10:55] deepseek7b: natural source backtrace 3/10 pairs; cases=6 components=60
[07:11:01] deepseek7b: natural source backtrace 6/10 pairs; cases=12 components=120
[07:11:06] deepseek7b: natural source backtrace 9/10 pairs; cases=18 components=180
[07:11:08] deepseek7b: natural source backtrace 10/10 pairs; cases=20 components=200
[model_utils] GPU memory released, allocated=15.24 GB
{
  "model": "deepseek7b",
  "round": "confirm",
  "target_site": "hidden_28",
  "case_summary": [
    {
      "intervention_key": "source_plus_all_mlp|L22H24<-all_pre_answer|L27:mlp[2872:2932]+L22:mlp[957:1017] conflict<-explicit",
      "intervention_label": "source_plus_all_mlp|L22H24<-all_pre_answer|L27:mlp[2872:2932]+L22:mlp[957:1017]",
      "direction": "conflict<-explicit",
      "intervention_mode": "source_plus_all_mlp",
      "source_component_id": "L22H24",
      "source_group": "all_pre_answer",
      "mlp_components": [
        "L27:mlp[2872:2932]",
        "L22:mlp[957:1017]"
      ],
      "n": 10,
      "patched_top_counts": {
        " tool": 1,
        " blue": 2,
        " bitter": 2,
        " carrot": 1,
        " The": 2,
        " stone": 1,
        " sweet": 1
      },
      "mean_threshold_used": 11.653879293905174,
      "mean_alpha_star_vocab_top": 5.961867421753157,
      "mean_patched_margin_donor_vs_vocab_top": -8.015625,
      "mean_donor_final_delta_proj": 12.140970420837402,
      "mean_patched_final_delta_proj": 0.22753664031624793,
      "mean_donor_final_fraction_of_threshold": 1.1010834685418411,
      "mean_patched_final_fraction_of_threshold": 0.020351654583615434,
      "mean_donor_final_input_delta_proj": 96.43842582702636,
      "mean_patched_final_input_delta_proj": 2.293472409248352,
      "mean_source_contribution_delta_norm": 8.041763019561767,
      "mean_mlp_delta_norm_total": 69.33902635574341
    },
    {
      "intervention_key": "source_plus_all_mlp|L22H24<-target_record_line|L27:mlp[2872:2932]+L22:mlp[957:1017] explicit<-conflict",
      "intervention_label": "source_plus_all_mlp|L22H24<-target_record_line|L27:mlp[2872:2932]+L22:mlp[957:1017]",
      "direction": "explicit<-conflict",
      "intervention_mode": "source_plus_all_mlp",
      "source_component_id": "L22H24",
      "source_group": "target_record_line",
      "mlp_components": [
        "L27:mlp[2872:2932]",
        "L22:mlp[957:1017]"
      ],
      "n": 10,
      "patched_top_counts": {
        " category": 1,
        " red": 1,
        " sweet": 2,
        " yellow": 1,
        " vegetable": 1,
        " orange": 1,
        " object": 1,
        " gray": 1,
        " none": 1
      },
      "mean_threshold_used": 17.398877098777383,
      "mean_alpha_star_vocab_top": 8.636828474791173,
      "mean_patched_margin_donor_vs_vocab_top": -11.710546875,
      "mean_donor_final_delta_proj": 14.439388370513916,
      "mean_patched_final_delta_proj": 0.24947950467467309,
      "mean_donor_final_fraction_of_threshold": 0.8951576791218276,
      "mean_patched_final_fraction_of_threshold": 0.014874958539621994,
      "mean_donor_final_input_delta_proj": 114.04629592895508,
      "mean_patched_final_input_delta_proj": 2.3702759712934496,
      "mean_source_contribution_delta_norm": 7.51079580783844,
      "mean_mlp_delta_norm_total": 69.33902635574341
    }
  ],
  "top_component_sources": [
    {
      "component_id": "L26:attn_out",
      "layer": 26,
      "component": "attn_out",
      "n": 20,
      "mean_patched_delta_proj": 0.7037833152338863,
      "mean_donor_delta_proj": 34.97170031070709,
      "mean_patched_fraction_of_threshold": 0.05719511961941759,
      "mean_donor_fraction_of_threshold": 2.5941364463811385,
      "patched_positive_rate": 0.75,
      "donor_positive_rate": 1.0,
      "role_guess": "patched_threshold_alignment_candidate"
    },
    {
      "component_id": "L27:mlp_out",
      "layer": 27,
      "component": "mlp_out",
      "n": 20,
      "mean_patched_delta_proj": 0.5714577659964561,
      "mean_donor_delta_proj": 2.8187254428863526,
      "mean_patched_fraction_of_threshold": 0.037053610562865165,
      "mean_donor_fraction_of_threshold": 0.24532093815331618,
      "patched_positive_rate": 0.55,
      "donor_positive_rate": 0.7,
      "role_guess": "patched_threshold_alignment_candidate"
    },
    {
      "component_id": "L27:attn_out",
      "layer": 27,
      "component": "attn_out",
      "n": 20,
      "mean_patched_delta_proj": 0.41761938072741034,
      "mean_donor_delta_proj": 24.282908630371093,
      "mean_patched_fraction_of_threshold": 0.028992483721936087,
      "mean_donor_fraction_of_threshold": 1.8331010374867347,
      "patched_positive_rate": 0.65,
      "donor_positive_rate": 1.0,
      "role_guess": "patched_threshold_alignment_candidate"
    },
    {
      "component_id": "L23:attn_out",
      "layer": 23,
      "component": "attn_out",
      "n": 20,
      "mean_patched_delta_proj": 0.18647956009954214,
      "mean_donor_delta_proj": 7.4231463968753815,
      "mean_patched_fraction_of_threshold": 0.01394637099732344,
      "mean_donor_fraction_of_threshold": 0.5724701415271077,
      "patched_positive_rate": 0.7,
      "donor_positive_rate": 0.95,
      "role_guess": "patched_threshold_alignment_candidate"
    },
    {
      "component_id": "L23:mlp_out",
      "layer": 23,
      "component": "mlp_out",
      "n": 20,
      "mean_patched_delta_proj": 0.061011006496846674,
      "mean_donor_delta_proj": 1.772272203862667,
      "mean_patched_fraction_of_threshold": 0.004654506396600044,
      "mean_donor_fraction_of_threshold": 0.13556210173718003,
      "patched_positive_rate": 0.7,
      "donor_positive_rate": 0.95,
      "role_guess": "patched_threshold_alignment_candidate"
    },
    {
      "component_id": "L25:mlp_out",
      "layer": 25,
      "component": "mlp_out",
      "n": 20,
      "mean_patched_delta_proj": -0.012472794950008392,
      "mean_donor_delta_proj": 2.8661808997392653,
      "mean_patched_fraction_of_threshold": -0.0005548043683063612,
      "mean_donor_fraction_of_threshold": 0.23096898969189517,
      "patched_positive_rate": 0.5,
      "donor_positive_rate": 0.85,
      "role_guess": "donor_context_only_candidate"
    },
    {
      "component_id": "L24:attn_out",
      "layer": 24,
      "component": "attn_out",
      "n": 20,
      "mean_patched_delta_proj": -0.02669078465551138,
      "mean_donor_delta_proj": 4.038853615522385,
      "mean_patched_fraction_of_threshold": -0.0013834088030638186,
      "mean_donor_fraction_of_threshold": 0.3202514022926569,
      "patched_positive_rate": 0.35,
      "donor_positive_rate": 1.0,
      "role_guess": "donor_context_only_candidate"
    },
    {
      "component_id": "L26:mlp_out",
      "layer": 26,
      "component": "mlp_out",
      "n": 20,
      "mean_patched_delta_proj": -0.04305599723011255,
      "mean_donor_delta_proj": 8.67245385348797,
      "mean_patched_fraction_of_threshold": -0.007949289406615939,
      "mean_donor_fraction_of_threshold": 0.6311767260621942,
      "patched_positive_rate": 0.4,
      "donor_positive_rate": 0.9,
      "role_guess": "donor_context_only_candidate"
    }
  ]
}
