[07:10:20] glm4/confirm: pairs=10 target=hidden_40 audits=2
[07:10:21] [load] glm4: bf16 device_map=auto attn=eager quantization=off
`torch_dtype` is deprecated! Use `dtype` instead!
Loading weights:   0%|          | 0/443 [00:00<?, ?it/s]Loading weights:   0%|          | 1/443 [00:00<00:52,  8.41it/s]Loading weights:   6%|▌         | 26/443 [00:00<00:03, 134.12it/s]Loading weights:  13%|█▎        | 57/443 [00:00<00:01, 206.19it/s]Loading weights:  21%|██        | 92/443 [00:00<00:01, 258.82it/s]Loading weights:  27%|██▋       | 120/443 [00:00<00:01, 261.04it/s]Loading weights:  34%|███▍      | 151/443 [00:00<00:01, 275.52it/s]Loading weights:  40%|████      | 179/443 [00:00<00:00, 266.01it/s]Loading weights:  49%|████▉     | 217/443 [00:00<00:00, 300.56it/s]Loading weights:  56%|█████▌    | 248/443 [00:00<00:00, 299.44it/s]Loading weights:  63%|██████▎   | 279/443 [00:01<00:00, 295.65it/s]Loading weights:  71%|███████   | 313/443 [00:01<00:00, 301.71it/s]Loading weights:  78%|███████▊  | 344/443 [00:01<00:00, 291.44it/s]Loading weights:  86%|████████▌ | 380/443 [00:01<00:00, 310.70it/s]Loading weights:  93%|█████████▎| 412/443 [00:01<00:00, 305.79it/s]Loading weights: 100%|██████████| 443/443 [00:01<00:00, 281.86it/s]
[07:10:23] [load] glm4: loaded eager, device=cuda:0, gpu=18.80GB
[07:10:30] glm4: natural source backtrace 3/10 pairs; cases=6 components=72
[07:10:36] glm4: natural source backtrace 6/10 pairs; cases=12 components=144
[07:10:43] glm4: natural source backtrace 9/10 pairs; cases=18 components=216
[07:10:45] glm4: natural source backtrace 10/10 pairs; cases=20 components=240
[model_utils] GPU memory released, allocated=18.81 GB
{
  "model": "glm4",
  "round": "confirm",
  "target_site": "hidden_40",
  "case_summary": [
    {
      "intervention_key": "source_plus_all_mlp|L39H21<-self_last|L38:mlp[2597:2665]+L38:mlp[3007:3075] conflict<-explicit",
      "intervention_label": "source_plus_all_mlp|L39H21<-self_last|L38:mlp[2597:2665]+L38:mlp[3007:3075]",
      "direction": "conflict<-explicit",
      "intervention_mode": "source_plus_all_mlp",
      "source_component_id": "L39H21",
      "source_group": "self_last",
      "mlp_components": [
        "L38:mlp[2597:2665]",
        "L38:mlp[3007:3075]"
      ],
      "n": 10,
      "patched_top_counts": {
        " tool": 1,
        " blue": 2,
        " bitter": 2,
        " fruit": 2,
        " purple": 1,
        " yellow": 1,
        " sweet": 1
      },
      "mean_threshold_used": 12.290929733574451,
      "mean_alpha_star_vocab_top": 8.909755030775454,
      "mean_patched_margin_donor_vs_vocab_top": -7.825,
      "mean_donor_final_delta_proj": 21.237897300720213,
      "mean_patched_final_delta_proj": 0.3342369556427002,
      "mean_donor_final_fraction_of_threshold": 1.8922894225607372,
      "mean_patched_final_fraction_of_threshold": 0.029425399488630367,
      "mean_donor_final_input_delta_proj": 35.70271167755127,
      "mean_patched_final_input_delta_proj": 0.4984685450792313,
      "mean_source_contribution_delta_norm": 13.457019329071045,
      "mean_mlp_delta_norm_total": 14.386314392089844
    },
    {
      "intervention_key": "source_plus_all_mlp|L23H17<-instruction|L38:mlp[2597:2665]+L38:mlp[3007:3075] conflict<-explicit",
      "intervention_label": "source_plus_all_mlp|L23H17<-instruction|L38:mlp[2597:2665]+L38:mlp[3007:3075]",
      "direction": "conflict<-explicit",
      "intervention_mode": "source_plus_all_mlp",
      "source_component_id": "L23H17",
      "source_group": "instruction",
      "mlp_components": [
        "L38:mlp[2597:2665]",
        "L38:mlp[3007:3075]"
      ],
      "n": 10,
      "patched_top_counts": {
        " tool": 1,
        " blue": 2,
        " bitter": 2,
        " fruit": 2,
        " purple": 1,
        " yellow": 1,
        " sweet": 1
      },
      "mean_threshold_used": 11.921553794780895,
      "mean_alpha_star_vocab_top": 8.911054996489202,
      "mean_patched_margin_donor_vs_vocab_top": -7.825,
      "mean_donor_final_delta_proj": 21.237897300720213,
      "mean_patched_final_delta_proj": 0.31693514585495,
      "mean_donor_final_fraction_of_threshold": 1.9359398080218468,
      "mean_patched_final_fraction_of_threshold": 0.02886223357788651,
      "mean_donor_final_input_delta_proj": 35.70271167755127,
      "mean_patched_final_input_delta_proj": 0.552072286605835,
      "mean_source_contribution_delta_norm": 3.4185940504074095,
      "mean_mlp_delta_norm_total": 14.386314392089844
    }
  ],
  "top_component_sources": [
    {
      "component_id": "L38:mlp_out",
      "layer": 38,
      "component": "mlp_out",
      "n": 20,
      "mean_patched_delta_proj": 0.4628189917653799,
      "mean_donor_delta_proj": 11.79810380935669,
      "mean_patched_fraction_of_threshold": 0.04181411292136393,
      "mean_donor_fraction_of_threshold": 1.0458718891793892,
      "patched_positive_rate": 1.0,
      "donor_positive_rate": 1.0,
      "role_guess": "patched_threshold_alignment_candidate"
    },
    {
      "component_id": "L39:mlp_out",
      "layer": 39,
      "component": "mlp_out",
      "n": 20,
      "mean_patched_delta_proj": 0.055936417821794746,
      "mean_donor_delta_proj": 3.4685291290283202,
      "mean_patched_fraction_of_threshold": 0.004088608673849683,
      "mean_donor_fraction_of_threshold": 0.31188196308309846,
      "patched_positive_rate": 0.75,
      "donor_positive_rate": 1.0,
      "role_guess": "patched_threshold_alignment_candidate"
    },
    {
      "component_id": "L37:mlp_out",
      "layer": 37,
      "component": "mlp_out",
      "n": 20,
      "mean_patched_delta_proj": 0.0034258483443409204,
      "mean_donor_delta_proj": 0.7176594689488411,
      "mean_patched_fraction_of_threshold": 0.0003999503792660739,
      "mean_donor_fraction_of_threshold": 0.05889259273735783,
      "patched_positive_rate": 0.35,
      "donor_positive_rate": 1.0,
      "role_guess": "patched_threshold_alignment_candidate"
    },
    {
      "component_id": "L38:attn_out",
      "layer": 38,
      "component": "attn_out",
      "n": 20,
      "mean_patched_delta_proj": 0.0007779705978464335,
      "mean_donor_delta_proj": 0.24191511049866676,
      "mean_patched_fraction_of_threshold": 6.807687239509939e-05,
      "mean_donor_fraction_of_threshold": 0.0219229164805152,
      "patched_positive_rate": 0.25,
      "donor_positive_rate": 0.8,
      "role_guess": "patched_threshold_alignment_candidate"
    },
    {
      "component_id": "L36:attn_out",
      "layer": 36,
      "component": "attn_out",
      "n": 20,
      "mean_patched_delta_proj": 0.0006500807328848168,
      "mean_donor_delta_proj": 0.6383128389716148,
      "mean_patched_fraction_of_threshold": 7.737421585596018e-05,
      "mean_donor_fraction_of_threshold": 0.057954336583230126,
      "patched_positive_rate": 0.35,
      "donor_positive_rate": 1.0,
      "role_guess": "patched_threshold_alignment_candidate"
    },
    {
      "component_id": "L35:attn_out",
      "layer": 35,
      "component": "attn_out",
      "n": 20,
      "mean_patched_delta_proj": 0.0005042708828113974,
      "mean_donor_delta_proj": 0.9249839603900909,
      "mean_patched_fraction_of_threshold": 7.061466949107408e-05,
      "mean_donor_fraction_of_threshold": 0.08594990029827773,
      "patched_positive_rate": 0.3,
      "donor_positive_rate": 1.0,
      "role_guess": "patched_threshold_alignment_candidate"
    },
    {
      "component_id": "L37:attn_out",
      "layer": 37,
      "component": "attn_out",
      "n": 20,
      "mean_patched_delta_proj": 0.00028704338474199175,
      "mean_donor_delta_proj": 0.2621283046901226,
      "mean_patched_fraction_of_threshold": 4.25985059099789e-05,
      "mean_donor_fraction_of_threshold": 0.019292111259277853,
      "patched_positive_rate": 0.2,
      "donor_positive_rate": 0.9,
      "role_guess": "patched_threshold_alignment_candidate"
    },
    {
      "component_id": "L36:mlp_out",
      "layer": 36,
      "component": "mlp_out",
      "n": 20,
      "mean_patched_delta_proj": 0.00017750912811607123,
      "mean_donor_delta_proj": -1.3472220286726952,
      "mean_patched_fraction_of_threshold": 2.9091853236564318e-05,
      "mean_donor_fraction_of_threshold": -0.13089470521697766,
      "patched_positive_rate": 0.35,
      "donor_positive_rate": 0.1,
      "role_guess": "patched_threshold_alignment_candidate"
    }
  ]
}
