=== before 2026-05-29 18:32:33 CST ===
--- uname ---
Linux rankrank-4090D 6.8.0-117-generic #117-Ubuntu SMP PREEMPT_DYNAMIC Tue May  5 19:26:24 UTC 2026 x86_64 x86_64 x86_64 GNU/Linux
--- nvidia version ---
NVRM version: NVIDIA UNIX x86_64 Kernel Module  595.71.05  Fri Apr 24 06:36:12 UTC 2026
GCC version:  gcc version 13.3.0 (Ubuntu 13.3.0-6ubuntu2~24.04.1) 
--- nvidia-smi ---
Fri May 29 18:32:33 2026       
+-----------------------------------------------------------------------------------------+
| NVIDIA-SMI 595.71.05              Driver Version: 595.71.05      CUDA Version: 13.2     |
+-----------------------------------------+------------------------+----------------------+
| GPU  Name                 Persistence-M | Bus-Id          Disp.A | Volatile Uncorr. ECC |
| Fan  Temp   Perf          Pwr:Usage/Cap |           Memory-Usage | GPU-Util  Compute M. |
|                                         |                        |               MIG M. |
|=========================================+========================+======================|
|   0  NVIDIA GeForce RTX 4090 D      Off |   00000000:01:00.0  On |                  Off |
| 31%   34C    P8             10W /  425W |     822MiB /  24564MiB |      6%      Default |
|                                         |                        |                  N/A |
+-----------------------------------------+------------------------+----------------------+

+-----------------------------------------------------------------------------------------+
| Processes:                                                                              |
|  GPU   GI   CI              PID   Type   Process name                        GPU Memory |
|        ID   ID                                                               Usage      |
|=========================================================================================|
|    0   N/A  N/A            1975      G   /usr/lib/xorg/Xorg                      325MiB |
|    0   N/A  N/A            2843      G   /usr/bin/gnome-shell                     41MiB |
|    0   N/A  N/A            3038      G   .../sunloginclient --cmd=autorun         21MiB |
|    0   N/A  N/A            3273      G   ...me/58.0.3029.81 Safari/537.36          6MiB |
|    0   N/A  N/A            3335      G   ...355444F88BD88CDC7BF40DF6CFB57          6MiB |
|    0   N/A  N/A            3885      G   /proc/self/exe                           61MiB |
|    0   N/A  N/A            4709      G   .../8387/usr/lib/firefox/firefox        234MiB |
|    0   N/A  N/A            5852      G   ...us-plus\notepad-plus-plus.exe         19MiB |
+-----------------------------------------------------------------------------------------+
--- compute apps ---
--- python stack ---
python 3.11.15 (main, Mar 11 2026, 17:20:07) [GCC 14.3.0]
conda_env openone-cuda121
PROBE_TORCH_DTYPE bfloat16
PROBE_ATTN_IMPLEMENTATION sdpa
PROBE_DEVICE_MAP_AUTO_MODELS glm4,deepseek7b
torch 2.5.1+cu121 runtime 12.1 available True
gpu NVIDIA GeForce RTX 4090 D
flash_sdp_enabled True
=== after 2026-05-29 18:34:49 CST ===
--- uname ---
Linux rankrank-4090D 6.8.0-117-generic #117-Ubuntu SMP PREEMPT_DYNAMIC Tue May  5 19:26:24 UTC 2026 x86_64 x86_64 x86_64 GNU/Linux
--- nvidia version ---
NVRM version: NVIDIA UNIX x86_64 Kernel Module  595.71.05  Fri Apr 24 06:36:12 UTC 2026
GCC version:  gcc version 13.3.0 (Ubuntu 13.3.0-6ubuntu2~24.04.1) 
--- nvidia-smi ---
Fri May 29 18:34:49 2026       
+-----------------------------------------------------------------------------------------+
| NVIDIA-SMI 595.71.05              Driver Version: 595.71.05      CUDA Version: 13.2     |
+-----------------------------------------+------------------------+----------------------+
| GPU  Name                 Persistence-M | Bus-Id          Disp.A | Volatile Uncorr. ECC |
| Fan  Temp   Perf          Pwr:Usage/Cap |           Memory-Usage | GPU-Util  Compute M. |
|                                         |                        |               MIG M. |
|=========================================+========================+======================|
|   0  NVIDIA GeForce RTX 4090 D      Off |   00000000:01:00.0  On |                  Off |
| 31%   44C    P2             92W /  425W |     831MiB /  24564MiB |     93%      Default |
|                                         |                        |                  N/A |
+-----------------------------------------+------------------------+----------------------+

+-----------------------------------------------------------------------------------------+
| Processes:                                                                              |
|  GPU   GI   CI              PID   Type   Process name                        GPU Memory |
|        ID   ID                                                               Usage      |
|=========================================================================================|
|    0   N/A  N/A            1975      G   /usr/lib/xorg/Xorg                      323MiB |
|    0   N/A  N/A            2843      G   /usr/bin/gnome-shell                     41MiB |
|    0   N/A  N/A            3038      G   .../sunloginclient --cmd=autorun         21MiB |
|    0   N/A  N/A            3273      G   ...me/58.0.3029.81 Safari/537.36          6MiB |
|    0   N/A  N/A            3335      G   ...355444F88BD88CDC7BF40DF6CFB57          6MiB |
|    0   N/A  N/A            3885      G   /proc/self/exe                           72MiB |
|    0   N/A  N/A            4709      G   .../8387/usr/lib/firefox/firefox        234MiB |
|    0   N/A  N/A            5852      G   ...us-plus\notepad-plus-plus.exe         19MiB |
+-----------------------------------------------------------------------------------------+
--- compute apps ---
--- python stack ---
python 3.11.15 (main, Mar 11 2026, 17:20:07) [GCC 14.3.0]
conda_env openone-cuda121
PROBE_TORCH_DTYPE bfloat16
PROBE_ATTN_IMPLEMENTATION sdpa
PROBE_DEVICE_MAP_AUTO_MODELS glm4,deepseek7b
torch 2.5.1+cu121 runtime 12.1 available True
gpu NVIDIA GeForce RTX 4090 D
flash_sdp_enabled True
