2026-05-29T18:55:28+08:00 rankrank-4090D kernel: audit: type=1400 audit(1780052128.950:607): apparmor="DENIED" operation="unlink" class="file" profile="snap.firefox.firefox" name="/dev/char/195:254" pid=4709 comm="CanvasRenderer" requested_mask="d" denied_mask="d" fsuid=1000 ouid=0
2026-05-29T18:55:28+08:00 rankrank-4090D kernel: audit: type=1400 audit(1780052128.956:608): apparmor="DENIED" operation="unlink" class="file" profile="snap.firefox.firefox" name="/dev/char/195:254" pid=4709 comm="CanvasRenderer" requested_mask="d" denied_mask="d" fsuid=1000 ouid=0
2026-05-29T18:55:31+08:00 rankrank-4090D kernel: audit: type=1326 audit(1780052131.160:609): auid=1000 uid=1000 gid=1000 ses=1 subj=snap.notepad-plus-plus.notepad-plus-plus pid=5799 comm="wineserver" exe="/snap/notepad-plus-plus/412/wine-platform/wine-devel/bin/wineserver" sig=0 arch=c000003e syscall=203 compat=0 ip=0x739a986e9e3b code=0x50000
2026-05-29T18:55:31+08:00 rankrank-4090D kernel: audit: type=1326 audit(1780052131.161:610): auid=1000 uid=1000 gid=1000 ses=1 subj=snap.notepad-plus-plus.notepad-plus-plus pid=5799 comm="wineserver" exe="/snap/notepad-plus-plus/412/wine-platform/wine-devel/bin/wineserver" sig=0 arch=c000003e syscall=203 compat=0 ip=0x739a986e9e3b code=0x50000
2026-05-29T18:57:27+08:00 rankrank-4090D kernel: audit: type=1326 audit(1780052247.789:611): auid=1000 uid=1000 gid=1000 ses=1 subj=snap.notepad-plus-plus.notepad-plus-plus pid=5799 comm="wineserver" exe="/snap/notepad-plus-plus/412/wine-platform/wine-devel/bin/wineserver" sig=0 arch=c000003e syscall=203 compat=0 ip=0x739a986e9e3b code=0x50000
2026-05-29T18:57:27+08:00 rankrank-4090D kernel: audit: type=1326 audit(1780052247.791:612): auid=1000 uid=1000 gid=1000 ses=1 subj=snap.notepad-plus-plus.notepad-plus-plus pid=5799 comm="wineserver" exe="/snap/notepad-plus-plus/412/wine-platform/wine-devel/bin/wineserver" sig=0 arch=c000003e syscall=203 compat=0 ip=0x739a986e9e3b code=0x50000
2026-05-29T18:59:00+08:00 rankrank-4090D kernel: audit: type=1326 audit(1780052340.864:613): auid=1000 uid=1000 gid=1000 ses=1 subj=snap.notepad-plus-plus.notepad-plus-plus pid=5799 comm="wineserver" exe="/snap/notepad-plus-plus/412/wine-platform/wine-devel/bin/wineserver" sig=0 arch=c000003e syscall=203 compat=0 ip=0x739a986e9e3b code=0x50000
2026-05-29T18:59:00+08:00 rankrank-4090D kernel: audit: type=1326 audit(1780052340.865:614): auid=1000 uid=1000 gid=1000 ses=1 subj=snap.notepad-plus-plus.notepad-plus-plus pid=5799 comm="wineserver" exe="/snap/notepad-plus-plus/412/wine-platform/wine-devel/bin/wineserver" sig=0 arch=c000003e syscall=203 compat=0 ip=0x739a986e9e3b code=0x50000
2026-05-29T18:59:08+08:00 rankrank-4090D kernel: audit: type=1400 audit(1780052348.989:615): apparmor="DENIED" operation="unlink" class="file" profile="snap.firefox.firefox" name="/dev/char/195:254" pid=4709 comm="CanvasRenderer" requested_mask="d" denied_mask="d" fsuid=1000 ouid=0
2026-05-29T18:59:08+08:00 rankrank-4090D kernel: audit: type=1400 audit(1780052348.997:616): apparmor="DENIED" operation="unlink" class="file" profile="snap.firefox.firefox" name="/dev/char/195:254" pid=4709 comm="CanvasRenderer" requested_mask="d" denied_mask="d" fsuid=1000 ouid=0
2026-05-29T19:00:08+08:00 rankrank-4090D kernel: NVRM: GPU at PCI:0000:01:00: GPU-299fe279-1c52-2255-d4ba-07d7bd2861d9
2026-05-29T19:00:08+08:00 rankrank-4090D kernel: NVRM: Xid (PCI:0000:01:00): 62, 023f0f30 00000000 00000000 00000000 00000000 00000000 00000000 00000000
2026-05-29T19:00:08+08:00 rankrank-4090D kernel: NVRM: Xid (PCI:0000:01:00): 45, pid=11210, name=python, channel 0x00000024
2026-05-29T19:00:37+08:00 rankrank-4090D kernel: NVRM: Xid (PCI:0000:01:00): 45, pid=11210, name=python, channel 0x00000025
2026-05-29T19:00:37+08:00 rankrank-4090D kernel: NVRM: Xid (PCI:0000:01:00): 45, pid=11210, name=python, channel 0x00000032
2026-05-29T19:00:37+08:00 rankrank-4090D kernel: NVRM: Xid (PCI:0000:01:00): 45, pid=11210, name=python, channel 0x00000033
2026-05-29T19:00:37+08:00 rankrank-4090D kernel: NVRM: Xid (PCI:0000:01:00): 45, pid=11210, name=python, channel 0x00000034
2026-05-29T19:00:37+08:00 rankrank-4090D kernel: NVRM: Xid (PCI:0000:01:00): 45, pid=11210, name=python, channel 0x00000035
2026-05-29T19:00:37+08:00 rankrank-4090D kernel: NVRM: Xid (PCI:0000:01:00): 45, pid=11210, name=python, channel 0x00000036
2026-05-29T19:00:37+08:00 rankrank-4090D kernel: NVRM: Xid (PCI:0000:01:00): 45, pid=11210, name=python, channel 0x00000037
2026-05-29T19:00:37+08:00 rankrank-4090D kernel: NVRM: Xid (PCI:0000:01:00): 154, GPU recovery action changed from 0x0 (None) to 0x1 (GPU Reset Required)
2026-05-29T19:00:44+08:00 rankrank-4090D kernel: NVRM: Xid (PCI:0000:01:00): 8, pid=11210, name=python, channel 0x00000024
