[17:03:53] deepseek7b/main: semantic_tasks=54 sources=['target_record_line', 'target_value_tokens', 'object_tokens', 'relation_tokens', 'records_all']
[17:03:54] [load] deepseek7b: bf16 device_map=auto attn=eager quantization=off
`torch_dtype` is deprecated! Use `dtype` instead!
Loading weights:   0%|          | 0/339 [00:00<?, ?it/s]Loading weights:   1%|          | 4/339 [00:00<00:09, 35.02it/s]Loading weights:   9%|▉         | 30/339 [00:00<00:01, 158.22it/s]Loading weights:  19%|█▉        | 64/339 [00:00<00:01, 227.62it/s]Loading weights:  29%|██▉       | 99/339 [00:00<00:00, 243.94it/s]Loading weights:  40%|████      | 137/339 [00:00<00:00, 266.26it/s]Loading weights:  51%|█████     | 172/339 [00:00<00:00, 286.05it/s]Loading weights:  59%|█████▉    | 201/339 [00:00<00:00, 285.53it/s]Loading weights:  68%|██████▊   | 232/339 [00:00<00:00, 288.93it/s]Loading weights:  77%|███████▋  | 261/339 [00:01<00:00, 273.80it/s]Loading weights:  86%|████████▌ | 292/339 [00:01<00:00, 280.78it/s]Loading weights:  95%|█████████▍| 321/339 [00:01<00:00, 271.44it/s]Loading weights: 100%|██████████| 339/339 [00:01<00:00, 265.27it/s]
[17:03:55] [load] deepseek7b: loaded eager, device=cuda:0, gpu=15.23GB
[17:03:57] deepseek7b: candidates=4 embedding_nn=0.6111111111111112
[17:04:08] deepseek7b: semantic fibers 9/54 tasks; rows=189
[17:04:19] deepseek7b: semantic fibers 18/54 tasks; rows=378
[17:04:29] deepseek7b: semantic fibers 27/54 tasks; rows=567
[17:04:40] deepseek7b: semantic fibers 36/54 tasks; rows=756
[17:04:51] deepseek7b: semantic fibers 45/54 tasks; rows=945
[17:05:02] deepseek7b: semantic fibers 54/54 tasks; rows=1134
[model_utils] GPU memory released, allocated=15.24 GB
{
  "model": "deepseek7b",
  "round": "main",
  "n_tasks": 54,
  "n_features": 3080,
  "interface_status": "causal_fiber_domain_signal_above_embedding",
  "causal_centered": {
    "same_domain_mean": 0.813886239044455,
    "different_domain_mean": -0.1736303579949896,
    "separation": 0.9875165970394446,
    "same_n": 18,
    "different_n": 135
  },
  "causal_centered_nn": 0.8333333333333334,
  "embedding_nn": 0.6111111111111112
}
