[17:02:25] glm4/main: semantic_tasks=54 sources=['target_record_line', 'target_value_tokens', 'object_tokens', 'relation_tokens', 'records_all']
[17:02:26] [load] glm4: bf16 device_map=auto attn=eager quantization=off
`torch_dtype` is deprecated! Use `dtype` instead!
Loading weights:   0%|          | 0/443 [00:00<?, ?it/s]Loading weights:   0%|          | 2/443 [00:00<00:45,  9.64it/s]Loading weights:   6%|▌         | 27/443 [00:00<00:04, 103.88it/s]Loading weights:  10%|█         | 46/443 [00:00<00:03, 127.72it/s]Loading weights:  21%|██        | 91/443 [00:00<00:01, 225.14it/s]Loading weights:  28%|██▊       | 126/443 [00:00<00:01, 257.11it/s]Loading weights:  35%|███▌      | 156/443 [00:00<00:01, 259.30it/s]Loading weights:  43%|████▎     | 192/443 [00:00<00:00, 278.45it/s]Loading weights:  51%|█████     | 224/443 [00:00<00:00, 286.46it/s]Loading weights:  58%|█████▊    | 258/443 [00:01<00:00, 289.83it/s]Loading weights:  65%|██████▌   | 288/443 [00:01<00:00, 289.61it/s]Loading weights:  72%|███████▏  | 318/443 [00:01<00:00, 283.41it/s]Loading weights:  81%|████████  | 357/443 [00:01<00:00, 307.30it/s]Loading weights:  88%|████████▊ | 390/443 [00:01<00:00, 309.17it/s]Loading weights:  95%|█████████▌| 422/443 [00:01<00:00, 302.85it/s]Loading weights: 100%|██████████| 443/443 [00:01<00:00, 264.93it/s]
[17:02:28] [load] glm4: loaded eager, device=cuda:0, gpu=18.80GB
[17:02:29] glm4: candidates=4 embedding_nn=0.6111111111111112
[17:02:43] glm4: semantic fibers 9/54 tasks; rows=189
[17:02:56] glm4: semantic fibers 18/54 tasks; rows=378
[17:03:10] glm4: semantic fibers 27/54 tasks; rows=567
[17:03:23] glm4: semantic fibers 36/54 tasks; rows=756
[17:03:37] glm4: semantic fibers 45/54 tasks; rows=945
[17:03:51] glm4: semantic fibers 54/54 tasks; rows=1134
[model_utils] GPU memory released, allocated=18.81 GB
{
  "model": "glm4",
  "round": "main",
  "n_tasks": 54,
  "n_features": 3000,
  "interface_status": "causal_fiber_domain_signal_above_embedding",
  "causal_centered": {
    "same_domain_mean": 0.5475475560372179,
    "different_domain_mean": -0.0808585422276805,
    "separation": 0.6284060982648985,
    "same_n": 18,
    "different_n": 135
  },
  "causal_centered_nn": 0.7777777777777778,
  "embedding_nn": 0.6111111111111112
}
