[16:13:41] deepseek7b: cases=114, heads=['L20H17', 'L27H23'], channel_groups=8
`torch_dtype` is deprecated! Use `dtype` instead!
[model_utils] Loading deepseek7b... (8bit=False)
Loading weights:   0%|          | 0/339 [00:00<?, ?it/s]Loading weights: 100%|██████████| 339/339 [00:00<00:00, 36921.11it/s]
[model_utils] deepseek7b loaded, device=cuda:0, class=Qwen2ForCausalLM, GPU=15.28GB
[16:13:52] deepseek7b: 12/114 cases; rows=192
[16:14:02] deepseek7b: 24/114 cases; rows=384
[16:14:11] deepseek7b: 36/114 cases; rows=576
[16:14:21] deepseek7b: 48/114 cases; rows=768
[16:14:31] deepseek7b: 60/114 cases; rows=960
[16:14:40] deepseek7b: 72/114 cases; rows=1152
[16:14:49] deepseek7b: 84/114 cases; rows=1344
[16:14:58] deepseek7b: 96/114 cases; rows=1536
[16:15:07] deepseek7b: 108/114 cases; rows=1728
[16:15:12] deepseek7b: 114/114 cases; rows=1824
[model_utils] GPU memory released, allocated=15.28 GB
{
  "model": "deepseek7b",
  "n_cases": 114,
  "n_rows": 1824,
  "top_fruit_shared_channel_groups": [
    {
      "by_relation_necessity": {
        "category": 0.02935500917109576,
        "color": 0.015531421893022278,
        "edible": 0.014991987496614456,
        "grows_on_tree": -0.01235748827457428,
        "shape": 0.04783997405320406,
        "taste": 0.029125192641562204
      },
      "channel_end": 96,
      "channel_start": 80,
      "first_top1_drop_rate": 0.017543859649122806,
      "head": 23,
      "head_key": "L27H23",
      "layer": 27,
      "logprob_worse_rate": 0.5526315789473685,
      "mean_first_rank_delta": 0.39473684210526316,
      "mean_mean_logprob_delta": -0.021367081525691868,
      "model": "deepseek7b",
      "n": 114,
      "reuse_difference": {
        "apple_explicit_necessity": 0.010787586371103922,
        "apple_minus_other_fruit": -0.049430809418360394,
        "nonfruit_explicit_necessity": -0.009461537925302663,
        "other_fruit_explicit_necessity": 0.060218395789464314,
        "other_fruit_minus_nonfruit": 0.06967993371476698
      }
    },
    {
      "by_relation_necessity": {
        "category": 0.6018888699737462,
        "color": 0.0071950151839039545,
        "edible": 0.06377703323960304,
        "grows_on_tree": 0.014631345868110657,
        "shape": 0.05993667338043451,
        "taste": 0.06721138981764728
      },
      "channel_end": 32,
      "channel_start": 16,
      "first_top1_drop_rate": 0.03508771929824561,
      "head": 17,
      "head_key": "L20H17",
      "layer": 20,
      "logprob_worse_rate": 0.7894736842105263,
      "mean_first_rank_delta": 0.39473684210526316,
      "mean_mean_logprob_delta": -0.14992997271286768,
      "model": "deepseek7b",
      "n": 114,
      "reuse_difference": {
        "apple_explicit_necessity": 0.17628962298234305,
        "apple_minus_other_fruit": 0.0026037931442260964,
        "nonfruit_explicit_necessity": 0.12030151027255442,
        "other_fruit_explicit_necessity": 0.17368582983811695,
        "other_fruit_minus_nonfruit": 0.05338431956556253
      }
    },
    {
      "by_relation_necessity": {
        "category": 0.043596002865921364,
        "color": 0.00019126774912530726,
        "edible": 0.008966973051428795,
        "grows_on_tree": -0.02372284233570099,
        "shape": 0.02470864076167345,
        "taste": -0.0004469759590351301
      },
      "channel_end": 64,
      "channel_start": 48,
      "first_top1_drop_rate": 0.008771929824561403,
      "head": 23,
      "head_key": "L27H23",
      "layer": 27,
      "logprob_worse_rate": 0.49122807017543857,
      "mean_first_rank_delta": -0.21052631578947367,
      "mean_mean_logprob_delta": -0.009760796719918193,
      "model": "deepseek7b",
      "n": 114,
      "reuse_difference": {
        "apple_explicit_necessity": 0.003786705434322357,
        "apple_minus_other_fruit": -0.03335886945327123,
        "nonfruit_explicit_necessity": -0.013625257679412547,
        "other_fruit_explicit_necessity": 0.03714557488759359,
        "other_fruit_minus_nonfruit": 0.05077083256700614
      }
    },
    {
      "by_relation_necessity": {
        "category": 0.03282938694412058,
        "color": 0.021249804984439503,
        "edible": 0.014066740870475769,
        "grows_on_tree": -0.011530302464962006,
        "shape": 0.04076061863452196,
        "taste": 0.007781340171773495
      },
      "channel_end": 32,
      "channel_start": 16,
      "first_top1_drop_rate": 0.008771929824561403,
      "head": 23,
      "head_key": "L27H23",
      "layer": 27,
      "logprob_worse_rate": 0.6842105263157895,
      "mean_first_rank_delta": -0.03508771929824561,
      "mean_mean_logprob_delta": -0.018014777358315002,
      "model": "deepseek7b",
      "n": 114,
      "reuse_difference": {
        "apple_explicit_necessity": 0.002812253932158152,
        "apple_minus_other_fruit": -0.035233238836129506,
        "nonfruit_explicit_necessity": -0.0012924754846608266,
        "other_fruit_explicit_necessity": 0.038045492768287656,
        "other_fruit_minus_nonfruit": 0.03933796825294848
      }
    },
    {
      "by_relation_necessity": {
        "category": 0.03617347912354903,
        "color": -0.0030451567674225025,
        "edible": 0.018552886322140694,
        "grows_on_tree": 0.009448222815990448,
        "shape": 0.045293327420949936,
        "taste": -0.010276759331728417
      },
      "channel_end": 48,
      "channel_start": 32,
      "first_top1_drop_rate": 0.008771929824561403,
      "head": 23,
      "head_key": "L27H23",
      "layer": 27,
      "logprob_worse_rate": 0.4824561403508772,
      "mean_first_rank_delta": -0.39473684210526316,
      "mean_mean_logprob_delta": -0.014696889223526804,
      "model": "deepseek7b",
      "n": 114,
      "reuse_difference": {
        "apple_explicit_necessity": 0.014089715977509817,
        "apple_minus_other_fruit": -0.01906071156263351,
        "nonfruit_explicit_necessity": -0.002912018210433113,
        "other_fruit_explicit_necessity": 0.03315042754014333,
        "other_fruit_minus_nonfruit": 0.03606244575057644
      }
    }
  ],
  "top_harmful_channel_groups": [
    {
      "by_relation_necessity": {
        "category": 0.6018888699737462,
        "color": 0.0071950151839039545,
        "edible": 0.06377703323960304,
        "grows_on_tree": 0.014631345868110657,
        "shape": 0.05993667338043451,
        "taste": 0.06721138981764728
      },
      "channel_end": 32,
      "channel_start": 16,
      "first_top1_drop_rate": 0.03508771929824561,
      "head": 17,
      "head_key": "L20H17",
      "layer": 20,
      "logprob_worse_rate": 0.7894736842105263,
      "mean_first_rank_delta": 0.39473684210526316,
      "mean_mean_logprob_delta": -0.14992997271286768,
      "model": "deepseek7b",
      "n": 114,
      "reuse_difference": {
        "apple_explicit_necessity": 0.17628962298234305,
        "apple_minus_other_fruit": 0.0026037931442260964,
        "nonfruit_explicit_necessity": 0.12030151027255442,
        "other_fruit_explicit_necessity": 0.17368582983811695,
        "other_fruit_minus_nonfruit": 0.05338431956556253
      }
    },
    {
      "by_relation_necessity": {
        "category": 0.04865881326523694,
        "color": 0.05432084033435041,
        "edible": 0.016644159331917763,
        "grows_on_tree": 0.002415016293525696,
        "shape": 0.040029420517385006,
        "taste": 0.06725161250685895
      },
      "channel_end": 16,
      "channel_start": 0,
      "first_top1_drop_rate": 0.02631578947368421,
      "head": 17,
      "head_key": "L20H17",
      "layer": 20,
      "logprob_worse_rate": 0.7105263157894737,
      "mean_first_rank_delta": 5.131578947368421,
      "mean_mean_logprob_delta": -0.04114478414585152,
      "model": "deepseek7b",
      "n": 114,
      "reuse_difference": {
        "apple_explicit_necessity": 0.014494188129901886,
        "apple_minus_other_fruit": -0.01780302574237188,
        "nonfruit_explicit_necessity": 0.034638112404725994,
        "other_fruit_explicit_necessity": 0.032297213872273765,
        "other_fruit_minus_nonfruit": -0.002340898532452229
      }
    },
    {
      "by_relation_necessity": {
        "category": 0.13157208263874054,
        "color": -0.033672173422845925,
        "edible": 0.018998557701706886,
        "grows_on_tree": 0.025889649987220764,
        "shape": 0.01934244390577078,
        "taste": 0.02290181670451313
      },
      "channel_end": 80,
      "channel_start": 64,
      "first_top1_drop_rate": 0.008771929824561403,
      "head": 17,
      "head_key": "L20H17",
      "layer": 20,
      "logprob_worse_rate": 0.5789473684210527,
      "mean_first_rank_delta": -0.15789473684210525,
      "mean_mean_logprob_delta": -0.03232744206810654,
      "model": "deepseek7b",
      "n": 114,
      "reuse_difference": {
        "apple_explicit_necessity": 0.01706271121899287,
        "apple_minus_other_fruit": 0.01986240992943446,
        "nonfruit_explicit_necessity": 0.006329637064981044,
        "other_fruit_explicit_necessity": -0.0027996987104415894,
        "other_fruit_minus_nonfruit": -0.009129335775422633
      }
    },
    {
      "by_relation_necessity": {
        "category": 0.023728520355441353,
        "color": 0.014292894608595154,
        "edible": 0.05873315595090389,
        "grows_on_tree": 0.04579656571149826,
        "shape": 0.016894854605197906,
        "taste": -0.0038422642026034737
      },
      "channel_end": 80,
      "channel_start": 64,
      "first_top1_drop_rate": 0.008771929824561403,
      "head": 23,
      "head_key": "L27H23",
      "layer": 27,
      "logprob_worse_rate": 0.7192982456140351,
      "mean_first_rank_delta": 0.8859649122807017,
      "mean_mean_logprob_delta": -0.02363802225467656,
      "model": "deepseek7b",
      "n": 114,
      "reuse_difference": {
        "apple_explicit_necessity": 0.04795677214860916,
        "apple_minus_other_fruit": 0.021249322593212126,
        "nonfruit_explicit_necessity": 0.027942764908844866,
        "other_fruit_explicit_necessity": 0.026707449555397035,
        "other_fruit_minus_nonfruit": -0.0012353153534478307
      }
    },
    {
      "by_relation_necessity": {
        "category": 0.02935500917109576,
        "color": 0.015531421893022278,
        "edible": 0.014991987496614456,
        "grows_on_tree": -0.01235748827457428,
        "shape": 0.04783997405320406,
        "taste": 0.029125192641562204
      },
      "channel_end": 96,
      "channel_start": 80,
      "first_top1_drop_rate": 0.017543859649122806,
      "head": 23,
      "head_key": "L27H23",
      "layer": 27,
      "logprob_worse_rate": 0.5526315789473685,
      "mean_first_rank_delta": 0.39473684210526316,
      "mean_mean_logprob_delta": -0.021367081525691868,
      "model": "deepseek7b",
      "n": 114,
      "reuse_difference": {
        "apple_explicit_necessity": 0.010787586371103922,
        "apple_minus_other_fruit": -0.049430809418360394,
        "nonfruit_explicit_necessity": -0.009461537925302663,
        "other_fruit_explicit_necessity": 0.060218395789464314,
        "other_fruit_minus_nonfruit": 0.06967993371476698
      }
    }
  ]
}
