[16:11:52] glm4: cases=114, heads=['L29H28', 'L24H19'], channel_groups=8
`torch_dtype` is deprecated! Use `dtype` instead!
[model_utils] Loading glm4... (8bit=False)
Loading weights:   0%|          | 0/443 [00:00<?, ?it/s]Loading weights: 100%|██████████| 443/443 [00:00<00:00, 24848.57it/s]
[model_utils] glm4 loaded, device=cuda:0, class=GlmForCausalLM, GPU=18.84GB
[16:12:06] glm4: 12/114 cases; rows=192
[16:12:16] glm4: 24/114 cases; rows=384
[16:12:27] glm4: 36/114 cases; rows=576
[16:12:39] glm4: 48/114 cases; rows=768
[16:12:50] glm4: 60/114 cases; rows=960
[16:13:01] glm4: 72/114 cases; rows=1152
[16:13:12] glm4: 84/114 cases; rows=1344
[16:13:23] glm4: 96/114 cases; rows=1536
[16:13:34] glm4: 108/114 cases; rows=1728
[16:13:39] glm4: 114/114 cases; rows=1824
[model_utils] GPU memory released, allocated=18.85 GB
{
  "model": "glm4",
  "n_cases": 114,
  "n_rows": 1824,
  "top_fruit_shared_channel_groups": [
    {
      "by_relation_necessity": {
        "category": -0.005691800943829797,
        "color": 0.00023417521945454857,
        "edible": 0.0039848946034908295,
        "grows_on_tree": 0.007565501146018505,
        "shape": 0.0003174727316945791,
        "taste": 0.0063420212310044185
      },
      "channel_end": 96,
      "channel_start": 80,
      "first_top1_drop_rate": 0.0,
      "head": 28,
      "head_key": "L29H28",
      "layer": 29,
      "logprob_worse_rate": 0.6842105263157895,
      "mean_first_rank_delta": 0.008771929824561403,
      "mean_mean_logprob_delta": -0.001836338568816705,
      "model": "glm4",
      "n": 114,
      "reuse_difference": {
        "apple_explicit_necessity": -0.0006954421599706014,
        "apple_minus_other_fruit": -0.004138722394903501,
        "nonfruit_explicit_necessity": 0.0006484785059611574,
        "other_fruit_explicit_necessity": 0.0034432802349328995,
        "other_fruit_minus_nonfruit": 0.002794801728971742
      }
    },
    {
      "by_relation_necessity": {
        "category": -0.0036993024193427777,
        "color": -0.005691216581247069,
        "edible": -0.0019390424713492393,
        "grows_on_tree": 0.001099959947168827,
        "shape": 0.003132078214548528,
        "taste": -0.0004314240135989487
      },
      "channel_end": 96,
      "channel_start": 80,
      "first_top1_drop_rate": 0.0,
      "head": 19,
      "head_key": "L24H19",
      "layer": 24,
      "logprob_worse_rate": 0.5175438596491229,
      "mean_first_rank_delta": 0.008771929824561403,
      "mean_mean_logprob_delta": 0.0015736387304058216,
      "model": "glm4",
      "n": 114,
      "reuse_difference": {
        "apple_explicit_necessity": 0.001945692424972852,
        "apple_minus_other_fruit": 0.0009604383260011671,
        "nonfruit_explicit_necessity": -0.0006787016408347471,
        "other_fruit_explicit_necessity": 0.0009852540989716849,
        "other_fruit_minus_nonfruit": 0.001663955739806432
      }
    },
    {
      "by_relation_necessity": {
        "category": -0.005264845930717208,
        "color": -0.0064743030816316605,
        "edible": 0.0033211978152394295,
        "grows_on_tree": 0.00391905102878809,
        "shape": -0.003555630799382925,
        "taste": 0.002581697803015133
      },
      "channel_end": 32,
      "channel_start": 16,
      "first_top1_drop_rate": 0.0,
      "head": 28,
      "head_key": "L29H28",
      "layer": 29,
      "logprob_worse_rate": 0.4824561403508772,
      "mean_first_rank_delta": 0.008771929824561403,
      "mean_mean_logprob_delta": 0.00125008805167569,
      "model": "glm4",
      "n": 114,
      "reuse_difference": {
        "apple_explicit_necessity": 0.004218316947420438,
        "apple_minus_other_fruit": 0.005012129619717597,
        "nonfruit_explicit_necessity": -0.00244769029793801,
        "other_fruit_explicit_necessity": -0.0007938126722971599,
        "other_fruit_minus_nonfruit": 0.00165387762564085
      }
    },
    {
      "by_relation_necessity": {
        "category": -0.0036484418775547633,
        "color": -0.004550865936008367,
        "edible": 0.00238760095089674,
        "grows_on_tree": 0.005277152173221111,
        "shape": 0.002174213412217796,
        "taste": 0.008035597980118325
      },
      "channel_end": 16,
      "channel_start": 0,
      "first_top1_drop_rate": 0.0,
      "head": 28,
      "head_key": "L29H28",
      "layer": 29,
      "logprob_worse_rate": 0.6140350877192983,
      "mean_first_rank_delta": 0.008771929824561403,
      "mean_mean_logprob_delta": -0.0013493144582946023,
      "model": "glm4",
      "n": 114,
      "reuse_difference": {
        "apple_explicit_necessity": 0.004009458546837171,
        "apple_minus_other_fruit": 0.001052649194995562,
        "nonfruit_explicit_necessity": 0.0016360222855134054,
        "other_fruit_explicit_necessity": 0.0029568093518416087,
        "other_fruit_minus_nonfruit": 0.0013207870663282033
      }
    },
    {
      "by_relation_necessity": {
        "category": 0.0014365421269427645,
        "color": -0.00033769502558491445,
        "edible": 0.0031776195392012596,
        "grows_on_tree": 0.0045837527140975,
        "shape": 0.006602760520763695,
        "taste": 0.0031727415161268173
      },
      "channel_end": 48,
      "channel_start": 32,
      "first_top1_drop_rate": 0.0,
      "head": 28,
      "head_key": "L29H28",
      "layer": 29,
      "logprob_worse_rate": 0.6929824561403509,
      "mean_first_rank_delta": 0.008771929824561403,
      "mean_mean_logprob_delta": -0.002840360297979491,
      "model": "glm4",
      "n": 114,
      "reuse_difference": {
        "apple_explicit_necessity": 0.0043648431698481245,
        "apple_minus_other_fruit": 0.001623896509408951,
        "nonfruit_explicit_necessity": 0.0018854887270612784,
        "other_fruit_explicit_necessity": 0.0027409466604391736,
        "other_fruit_minus_nonfruit": 0.0008554579333778952
      }
    }
  ],
  "top_harmful_channel_groups": [
    {
      "by_relation_necessity": {
        "category": 0.0014365421269427645,
        "color": -0.00033769502558491445,
        "edible": 0.0031776195392012596,
        "grows_on_tree": 0.0045837527140975,
        "shape": 0.006602760520763695,
        "taste": 0.0031727415161268173
      },
      "channel_end": 48,
      "channel_start": 32,
      "first_top1_drop_rate": 0.0,
      "head": 28,
      "head_key": "L29H28",
      "layer": 29,
      "logprob_worse_rate": 0.6929824561403509,
      "mean_first_rank_delta": 0.008771929824561403,
      "mean_mean_logprob_delta": -0.002840360297979491,
      "model": "glm4",
      "n": 114,
      "reuse_difference": {
        "apple_explicit_necessity": 0.0043648431698481245,
        "apple_minus_other_fruit": 0.001623896509408951,
        "nonfruit_explicit_necessity": 0.0018854887270612784,
        "other_fruit_explicit_necessity": 0.0027409466604391736,
        "other_fruit_minus_nonfruit": 0.0008554579333778952
      }
    },
    {
      "by_relation_necessity": {
        "category": -0.0058862151239405976,
        "color": -0.0031519907272674823,
        "edible": 0.007236110046505928,
        "grows_on_tree": 0.001490505412220955,
        "shape": 0.006798460613936186,
        "taste": 0.007832773199797704
      },
      "channel_end": 80,
      "channel_start": 64,
      "first_top1_drop_rate": 0.0,
      "head": 19,
      "head_key": "L24H19",
      "layer": 24,
      "logprob_worse_rate": 0.6403508771929824,
      "mean_first_rank_delta": 0.008771929824561403,
      "mean_mean_logprob_delta": -0.001946330691505095,
      "model": "glm4",
      "n": 114,
      "reuse_difference": {
        "apple_explicit_necessity": 0.0026838084061940513,
        "apple_minus_other_fruit": 0.00016484291603167858,
        "nonfruit_explicit_necessity": 0.00421515557334552,
        "other_fruit_explicit_necessity": 0.0025189654901623727,
        "other_fruit_minus_nonfruit": -0.0016961900831831476
      }
    },
    {
      "by_relation_necessity": {
        "category": -0.005691800943829797,
        "color": 0.00023417521945454857,
        "edible": 0.0039848946034908295,
        "grows_on_tree": 0.007565501146018505,
        "shape": 0.0003174727316945791,
        "taste": 0.0063420212310044185
      },
      "channel_end": 96,
      "channel_start": 80,
      "first_top1_drop_rate": 0.0,
      "head": 28,
      "head_key": "L29H28",
      "layer": 29,
      "logprob_worse_rate": 0.6842105263157895,
      "mean_first_rank_delta": 0.008771929824561403,
      "mean_mean_logprob_delta": -0.001836338568816705,
      "model": "glm4",
      "n": 114,
      "reuse_difference": {
        "apple_explicit_necessity": -0.0006954421599706014,
        "apple_minus_other_fruit": -0.004138722394903501,
        "nonfruit_explicit_necessity": 0.0006484785059611574,
        "other_fruit_explicit_necessity": 0.0034432802349328995,
        "other_fruit_minus_nonfruit": 0.002794801728971742
      }
    },
    {
      "by_relation_necessity": {
        "category": -0.003672073171897368,
        "color": -0.002581468867984685,
        "edible": 0.0012494781985878944,
        "grows_on_tree": 0.0039046742022037506,
        "shape": 0.003542866907082498,
        "taste": 0.00747914273531336
      },
      "channel_end": 112,
      "channel_start": 96,
      "first_top1_drop_rate": 0.0,
      "head": 28,
      "head_key": "L29H28",
      "layer": 29,
      "logprob_worse_rate": 0.6578947368421053,
      "mean_first_rank_delta": 0.0,
      "mean_mean_logprob_delta": -0.0014571537212760969,
      "model": "glm4",
      "n": 114,
      "reuse_difference": {
        "apple_explicit_necessity": 0.00039895748098691303,
        "apple_minus_other_fruit": -0.00020469607164462408,
        "nonfruit_explicit_necessity": 0.0011908643769456735,
        "other_fruit_explicit_necessity": 0.0006036535526315371,
        "other_fruit_minus_nonfruit": -0.0005872108243141364
      }
    },
    {
      "by_relation_necessity": {
        "category": -0.0036484418775547633,
        "color": -0.004550865936008367,
        "edible": 0.00238760095089674,
        "grows_on_tree": 0.005277152173221111,
        "shape": 0.002174213412217796,
        "taste": 0.008035597980118325
      },
      "channel_end": 16,
      "channel_start": 0,
      "first_top1_drop_rate": 0.0,
      "head": 28,
      "head_key": "L29H28",
      "layer": 29,
      "logprob_worse_rate": 0.6140350877192983,
      "mean_first_rank_delta": 0.008771929824561403,
      "mean_mean_logprob_delta": -0.0013493144582946023,
      "model": "glm4",
      "n": 114,
      "reuse_difference": {
        "apple_explicit_necessity": 0.004009458546837171,
        "apple_minus_other_fruit": 0.001052649194995562,
        "nonfruit_explicit_necessity": 0.0016360222855134054,
        "other_fruit_explicit_necessity": 0.0029568093518416087,
        "other_fruit_minus_nonfruit": 0.0013207870663282033
      }
    }
  ]
}
