VisionProjector weights loaded from tempdata/vision_projector.pth
 VisionProjector weights loaded from tempdata/vision_projector.pth
Loading model gpt2-small (Forced 12-Layer Mode)...
[WARN] AI2050_SKIP_MODEL_LOAD=1; starting API server without local model.
Shutting down...
 WARNING: VisionProjector weights not found. Using initialized weights for demo.
Loading model gpt2-small (Forced 12-Layer Mode)...
[WARN] AI2050_SKIP_MODEL_LOAD=1; starting API server without local model.
Shutting down...
 WARNING: VisionProjector weights not found. Using initialized weights for demo.
Loading model gpt2-small (Forced 12-Layer Mode)...
[WARN] AI2050_SKIP_MODEL_LOAD=1; starting API server without local model.
Shutting down...
 WARNING: VisionProjector weights not found. Using initialized weights for demo.
Loading model gpt2-small (Forced 12-Layer Mode)...
[WARN] AI2050_SKIP_MODEL_LOAD=1; starting API server without local model.
Shutting down...
 WARNING: VisionProjector weights not found. Using initialized weights for demo.
Loading model gpt2-small (Forced 12-Layer Mode)...
[WARN] AI2050_SKIP_MODEL_LOAD=1; starting API server without local model.
Shutting down...
 WARNING: VisionProjector weights not found. Using initialized weights for demo.
Loading model gpt2-small (Forced 12-Layer Mode)...
[WARN] AI2050_SKIP_MODEL_LOAD=1; starting API server without local model.
Shutting down...
 WARNING: VisionProjector weights not found. Using initialized weights for demo.
Loading model gpt2-small (Forced 12-Layer Mode)...
[WARN] AI2050_SKIP_MODEL_LOAD=1; starting API server without local model.
Shutting down...
 WARNING: VisionProjector weights not found. Using initialized weights for demo.
Loading model gpt2-small (Forced 12-Layer Mode)...
[WARN] AI2050_SKIP_MODEL_LOAD=1; starting API server without local model.
Shutting down...
  