[16:57:14] deepseek7b: cases=114, groups=[('L20H17', 16, 32), ('L20H17', 0, 16)]
`torch_dtype` is deprecated! Use `dtype` instead!
[model_utils] Loading deepseek7b... (8bit=False)
Loading weights:   0%|          | 0/339 [00:00<?, ?it/s]Loading weights: 100%|██████████| 339/339 [00:00<00:00, 26099.88it/s]
[model_utils] deepseek7b loaded, device=cuda:0, class=Qwen2ForCausalLM, GPU=15.28GB
[16:57:34] deepseek7b: 12/114 cases; rows=384
[16:57:53] deepseek7b: 24/114 cases; rows=768
[16:58:11] deepseek7b: 36/114 cases; rows=1152
[16:58:32] deepseek7b: 48/114 cases; rows=1536
[16:58:50] deepseek7b: 60/114 cases; rows=1920
[16:59:08] deepseek7b: 72/114 cases; rows=2304
[16:59:26] deepseek7b: 84/114 cases; rows=2688
[16:59:44] deepseek7b: 96/114 cases; rows=3072
[17:00:01] deepseek7b: 108/114 cases; rows=3456
[17:00:10] deepseek7b: 114/114 cases; rows=3648
[model_utils] GPU memory released, allocated=15.28 GB
{
  "model": "deepseek7b",
  "n_cases": 114,
  "n_rows": 3648,
  "top_category_selective_channels": [
    {
      "by_relation_necessity": {
        "category": 0.22714124619960785,
        "color": 0.010166644542054697,
        "edible": 0.0054262541234493256,
        "grows_on_tree": 0.013836212456226349,
        "shape": 0.00010878033936023712,
        "taste": 0.017977512522892623
      },
      "category_selectivity": 0.2176381654028112,
      "channel": 25,
      "first_top1_drop_rate": 0.017543859649122806,
      "head": 17,
      "head_key": "L20H17",
      "layer": 20,
      "logprob_worse_rate": 0.5614035087719298,
      "mean_first_rank_delta": 0.9824561403508771,
      "mean_mean_logprob_delta": -0.051984375636182356,
      "model": "deepseek7b",
      "n": 114,
      "parent_channel_group": "16-32",
      "reuse_difference": {
        "apple_explicit_necessity": -0.002993608514467875,
        "apple_minus_other_fruit": -0.010084783037503561,
        "nonfruit_explicit_necessity": 0.007027724962704774,
        "other_fruit_explicit_necessity": 0.0070911745230356855,
        "other_fruit_minus_nonfruit": 6.344956033091115e-05
      }
    },
    {
      "by_relation_necessity": {
        "category": 0.19224981624971738,
        "color": -0.044124315746805885,
        "edible": -0.0189067292958498,
        "grows_on_tree": -0.0009393170475959778,
        "shape": -0.010228902101516724,
        "taste": -0.013222371135952926
      },
      "category_selectivity": 0.20973414331526163,
      "channel": 10,
      "first_top1_drop_rate": 0.008771929824561403,
      "head": 17,
      "head_key": "L20H17",
      "layer": 20,
      "logprob_worse_rate": 0.49122807017543857,
      "mean_first_rank_delta": -0.7719298245614035,
      "mean_mean_logprob_delta": -0.021812891850470948,
      "model": "deepseek7b",
      "n": 114,
      "parent_channel_group": "0-16",
      "reuse_difference": {
        "apple_explicit_necessity": -0.009646924833456675,
        "apple_minus_other_fruit": 0.004233271380265554,
        "nonfruit_explicit_necessity": -0.006260213851533081,
        "other_fruit_explicit_necessity": -0.013880196213722228,
        "other_fruit_minus_nonfruit": -0.007619982362189148
      }
    },
    {
      "by_relation_necessity": {
        "category": 0.18857849186116998,
        "color": -0.007702984254468571,
        "edible": 0.003371492028236389,
        "grows_on_tree": 0.011799760162830353,
        "shape": 0.028099757619202137,
        "taste": 0.010709264452295676
      },
      "category_selectivity": 0.17932303385955078,
      "channel": 24,
      "first_top1_drop_rate": 0.017543859649122806,
      "head": 17,
      "head_key": "L20H17",
      "layer": 20,
      "logprob_worse_rate": 0.7192982456140351,
      "mean_first_rank_delta": 1.2017543859649122,
      "mean_mean_logprob_delta": -0.04304562405493191,
      "model": "deepseek7b",
      "n": 114,
      "parent_channel_group": "16-32",
      "reuse_difference": {
        "apple_explicit_necessity": 0.06843578567107518,
        "apple_minus_other_fruit": 0.023062401513258612,
        "nonfruit_explicit_necessity": 0.03362794844504909,
        "other_fruit_explicit_necessity": 0.04537338415781657,
        "other_fruit_minus_nonfruit": 0.011745435712767476
      }
    },
    {
      "by_relation_necessity": {
        "category": 0.19008387286554684,
        "color": 0.002952359616756439,
        "edible": 0.02336096577346325,
        "grows_on_tree": 0.013337723910808563,
        "shape": 0.011016893200576305,
        "taste": 0.033658035724463596
      },
      "category_selectivity": 0.1732186772203332,
      "channel": 30,
      "first_top1_drop_rate": 0.008771929824561403,
      "head": 17,
      "head_key": "L20H17",
      "layer": 20,
      "logprob_worse_rate": 0.6929824561403509,
      "mean_first_rank_delta": 1.5789473684210527,
      "mean_mean_logprob_delta": -0.05044494058514422,
      "model": "deepseek7b",
      "n": 114,
      "parent_channel_group": "16-32",
      "reuse_difference": {
        "apple_explicit_necessity": 0.011788390576839447,
        "apple_minus_other_fruit": -0.00676797777414322,
        "nonfruit_explicit_necessity": 0.01629683247981954,
        "other_fruit_explicit_necessity": 0.018556368350982667,
        "other_fruit_minus_nonfruit": 0.0022595358711631278
      }
    },
    {
      "by_relation_necessity": {
        "category": 0.16094533218578858,
        "color": -0.029285625469955532,
        "edible": 0.007971126586198807,
        "grows_on_tree": -0.0011336281895637512,
        "shape": -0.006144585087895393,
        "taste": 0.007619854303770394
      },
      "category_selectivity": 0.16513990375727766,
      "channel": 11,
      "first_top1_drop_rate": 0.017543859649122806,
      "head": 17,
      "head_key": "L20H17",
      "layer": 20,
      "logprob_worse_rate": 0.4473684210526316,
      "mean_first_rank_delta": 0.6052631578947368,
      "mean_mean_logprob_delta": -0.02697576276641325,
      "model": "deepseek7b",
      "n": 114,
      "parent_channel_group": "0-16",
      "reuse_difference": {
        "apple_explicit_necessity": 0.019807157417138416,
        "apple_minus_other_fruit": 0.02980801115433375,
        "nonfruit_explicit_necessity": -0.0011766438658974544,
        "other_fruit_explicit_necessity": -0.010000853737195333,
        "other_fruit_minus_nonfruit": -0.008824209871297879
      }
    }
  ],
  "top_harmful_channels": [
    {
      "by_relation_necessity": {
        "category": 0.22714124619960785,
        "color": 0.010166644542054697,
        "edible": 0.0054262541234493256,
        "grows_on_tree": 0.013836212456226349,
        "shape": 0.00010878033936023712,
        "taste": 0.017977512522892623
      },
      "category_selectivity": 0.2176381654028112,
      "channel": 25,
      "first_top1_drop_rate": 0.017543859649122806,
      "head": 17,
      "head_key": "L20H17",
      "layer": 20,
      "logprob_worse_rate": 0.5614035087719298,
      "mean_first_rank_delta": 0.9824561403508771,
      "mean_mean_logprob_delta": -0.051984375636182356,
      "model": "deepseek7b",
      "n": 114,
      "parent_channel_group": "16-32",
      "reuse_difference": {
        "apple_explicit_necessity": -0.002993608514467875,
        "apple_minus_other_fruit": -0.010084783037503561,
        "nonfruit_explicit_necessity": 0.007027724962704774,
        "other_fruit_explicit_necessity": 0.0070911745230356855,
        "other_fruit_minus_nonfruit": 6.344956033091115e-05
      }
    },
    {
      "by_relation_necessity": {
        "category": 0.19008387286554684,
        "color": 0.002952359616756439,
        "edible": 0.02336096577346325,
        "grows_on_tree": 0.013337723910808563,
        "shape": 0.011016893200576305,
        "taste": 0.033658035724463596
      },
      "category_selectivity": 0.1732186772203332,
      "channel": 30,
      "first_top1_drop_rate": 0.008771929824561403,
      "head": 17,
      "head_key": "L20H17",
      "layer": 20,
      "logprob_worse_rate": 0.6929824561403509,
      "mean_first_rank_delta": 1.5789473684210527,
      "mean_mean_logprob_delta": -0.05044494058514422,
      "model": "deepseek7b",
      "n": 114,
      "parent_channel_group": "16-32",
      "reuse_difference": {
        "apple_explicit_necessity": 0.011788390576839447,
        "apple_minus_other_fruit": -0.00676797777414322,
        "nonfruit_explicit_necessity": 0.01629683247981954,
        "other_fruit_explicit_necessity": 0.018556368350982667,
        "other_fruit_minus_nonfruit": 0.0022595358711631278
      }
    },
    {
      "by_relation_necessity": {
        "category": 0.18857849186116998,
        "color": -0.007702984254468571,
        "edible": 0.003371492028236389,
        "grows_on_tree": 0.011799760162830353,
        "shape": 0.028099757619202137,
        "taste": 0.010709264452295676
      },
      "category_selectivity": 0.17932303385955078,
      "channel": 24,
      "first_top1_drop_rate": 0.017543859649122806,
      "head": 17,
      "head_key": "L20H17",
      "layer": 20,
      "logprob_worse_rate": 0.7192982456140351,
      "mean_first_rank_delta": 1.2017543859649122,
      "mean_mean_logprob_delta": -0.04304562405493191,
      "model": "deepseek7b",
      "n": 114,
      "parent_channel_group": "16-32",
      "reuse_difference": {
        "apple_explicit_necessity": 0.06843578567107518,
        "apple_minus_other_fruit": 0.023062401513258612,
        "nonfruit_explicit_necessity": 0.03362794844504909,
        "other_fruit_explicit_necessity": 0.04537338415781657,
        "other_fruit_minus_nonfruit": 0.011745435712767476
      }
    },
    {
      "by_relation_necessity": {
        "category": 0.05603085390546105,
        "color": -0.021454036235809326,
        "edible": 0.04793255403637886,
        "grows_on_tree": 0.021350055932998657,
        "shape": 0.050299495458602905,
        "taste": 0.05095397996979045
      },
      "category_selectivity": 0.026214444073068742,
      "channel": 22,
      "first_top1_drop_rate": 0.017543859649122806,
      "head": 17,
      "head_key": "L20H17",
      "layer": 20,
      "logprob_worse_rate": 0.7368421052631579,
      "mean_first_rank_delta": 2.789473684210526,
      "mean_mean_logprob_delta": -0.03328939679750364,
      "model": "deepseek7b",
      "n": 114,
      "parent_channel_group": "16-32",
      "reuse_difference": {
        "apple_explicit_necessity": 0.031046462555726368,
        "apple_minus_other_fruit": -0.012324638664722446,
        "nonfruit_explicit_necessity": 0.01929315000157001,
        "other_fruit_explicit_necessity": 0.043371101220448814,
        "other_fruit_minus_nonfruit": 0.024077951218878804
      }
    },
    {
      "by_relation_necessity": {
        "category": 0.129457488656044,
        "color": -0.028338060121644627,
        "edible": -0.000859653577208519,
        "grows_on_tree": 0.005011953413486481,
        "shape": 0.029241575859487057,
        "taste": 0.017121207572389805
      },
      "category_selectivity": 0.12502208402674198,
      "channel": 23,
      "first_top1_drop_rate": 0.017543859649122806,
      "head": 17,
      "head_key": "L20H17",
      "layer": 20,
      "logprob_worse_rate": 0.6228070175438597,
      "mean_first_rank_delta": -0.07894736842105263,
      "mean_mean_logprob_delta": -0.02750522811825967,
      "model": "deepseek7b",
      "n": 114,
      "parent_channel_group": "16-32",
      "reuse_difference": {
        "apple_explicit_necessity": 0.07566285630067189,
        "apple_minus_other_fruit": 0.03477014104525248,
        "nonfruit_explicit_necessity": 0.02154427141398527,
        "other_fruit_explicit_necessity": 0.04089271525541941,
        "other_fruit_minus_nonfruit": 0.01934844384143414
      }
    }
  ]
}
