[16:53:46] glm4: cases=114, groups=[('L29H28', 32, 48), ('L24H19', 64, 80)]
`torch_dtype` is deprecated! Use `dtype` instead!
[model_utils] Loading glm4... (8bit=False)
Loading weights:   0%|          | 0/443 [00:00<?, ?it/s]Loading weights: 100%|██████████| 443/443 [00:00<00:00, 35770.08it/s]
[model_utils] glm4 loaded, device=cuda:0, class=GlmForCausalLM, GPU=18.84GB
[16:54:10] glm4: 12/114 cases; rows=384
[16:54:31] glm4: 24/114 cases; rows=768
[16:54:52] glm4: 36/114 cases; rows=1152
[16:55:17] glm4: 48/114 cases; rows=1536
[16:55:38] glm4: 60/114 cases; rows=1920
[16:55:59] glm4: 72/114 cases; rows=2304
[16:56:20] glm4: 84/114 cases; rows=2688
[16:56:42] glm4: 96/114 cases; rows=3072
[16:57:02] glm4: 108/114 cases; rows=3456
[16:57:12] glm4: 114/114 cases; rows=3648
[model_utils] GPU memory released, allocated=18.85 GB
{
  "model": "glm4",
  "n_cases": 114,
  "n_rows": 3648,
  "top_category_selective_channels": [
    {
      "by_relation_necessity": {
        "category": 0.0035063749687238173,
        "color": -0.005709893747486852,
        "edible": 0.0013088621199131012,
        "grows_on_tree": -0.00560185220092535,
        "shape": 0.0003072425024583936,
        "taste": 0.00620076093665357
      },
      "category_selectivity": 0.004205351046601245,
      "channel": 69,
      "first_top1_drop_rate": 0.0,
      "head": 19,
      "head_key": "L24H19",
      "layer": 24,
      "logprob_worse_rate": 0.4824561403508772,
      "mean_first_rank_delta": 0.008771929824561403,
      "mean_mean_logprob_delta": -0.00021199444049763247,
      "model": "glm4",
      "n": 114,
      "parent_channel_group": "64-80",
      "reuse_difference": {
        "apple_explicit_necessity": -0.000815995658437411,
        "apple_minus_other_fruit": 0.0011452395468950272,
        "nonfruit_explicit_necessity": -0.0010022661782483528,
        "other_fruit_explicit_necessity": -0.001961235205332438,
        "other_fruit_minus_nonfruit": -0.0009589690270840852
      }
    },
    {
      "by_relation_necessity": {
        "category": 0.003224766728552905,
        "color": -0.001401233740828254,
        "edible": 0.0015365416184067726,
        "grows_on_tree": 0.0026287222281098366,
        "shape": 0.0017189100617542863,
        "taste": 0.00845024785551503
      },
      "category_selectivity": 0.000638129123961371,
      "channel": 73,
      "first_top1_drop_rate": 0.0,
      "head": 19,
      "head_key": "L24H19",
      "layer": 24,
      "logprob_worse_rate": 0.5964912280701754,
      "mean_first_rank_delta": 0.008771929824561403,
      "mean_mean_logprob_delta": -0.0028085084305579586,
      "model": "glm4",
      "n": 114,
      "parent_channel_group": "64-80",
      "reuse_difference": {
        "apple_explicit_necessity": 0.0006858985871076584,
        "apple_minus_other_fruit": 0.00036925133317708967,
        "nonfruit_explicit_necessity": 0.0008008288634506755,
        "other_fruit_explicit_necessity": 0.0003166472539305687,
        "other_fruit_minus_nonfruit": -0.0004841816095201068
      }
    },
    {
      "by_relation_necessity": {
        "category": -0.000375623306767507,
        "color": -0.003930076279423453,
        "edible": 0.0011287909001111984,
        "grows_on_tree": -0.0015674186870455742,
        "shape": 0.0014137659454718232,
        "taste": -0.0008775122843700119
      },
      "category_selectivity": 0.0003908667742836966,
      "channel": 39,
      "first_top1_drop_rate": 0.0,
      "head": 28,
      "head_key": "L29H28",
      "layer": 29,
      "logprob_worse_rate": 0.5263157894736842,
      "mean_first_rank_delta": 0.0,
      "mean_mean_logprob_delta": 0.0008634074615415985,
      "model": "glm4",
      "n": 114,
      "parent_channel_group": "32-48",
      "reuse_difference": {
        "apple_explicit_necessity": 0.0021396931260824203,
        "apple_minus_other_fruit": 0.003012135624885559,
        "nonfruit_explicit_necessity": 0.0006269469004113799,
        "other_fruit_explicit_necessity": -0.0008724424988031387,
        "other_fruit_minus_nonfruit": -0.0014993893992145185
      }
    },
    {
      "by_relation_necessity": {
        "category": 0.00021035876125097275,
        "color": -0.006916868246414445,
        "edible": 0.0013852491974830627,
        "grows_on_tree": -0.00161008071154356,
        "shape": 0.000916967517696321,
        "taste": 0.00573242777400974
      },
      "category_selectivity": 0.000308819655004749,
      "channel": 68,
      "first_top1_drop_rate": 0.0,
      "head": 19,
      "head_key": "L24H19",
      "layer": 24,
      "logprob_worse_rate": 0.49122807017543857,
      "mean_first_rank_delta": 0.008771929824561403,
      "mean_mean_logprob_delta": 9.08387858527099e-05,
      "model": "glm4",
      "n": 114,
      "parent_channel_group": "64-80",
      "reuse_difference": {
        "apple_explicit_necessity": 0.002359189713994662,
        "apple_minus_other_fruit": 0.0033889283115665116,
        "nonfruit_explicit_necessity": -7.367625655874122e-05,
        "other_fruit_explicit_necessity": -0.0010297385975718497,
        "other_fruit_minus_nonfruit": -0.0009560623410131085
      }
    },
    {
      "by_relation_necessity": {
        "category": -0.00040505496277050537,
        "color": -0.0042291602797128935,
        "edible": 0.0027874093502759933,
        "grows_on_tree": -0.0026539331302046776,
        "shape": 0.00020921649411320686,
        "taste": 0.004621208727423271
      },
      "category_selectivity": -0.0005520031951494854,
      "channel": 79,
      "first_top1_drop_rate": 0.0,
      "head": 19,
      "head_key": "L24H19",
      "layer": 24,
      "logprob_worse_rate": 0.5263157894736842,
      "mean_first_rank_delta": 0.0,
      "mean_mean_logprob_delta": -4.558719382131178e-05,
      "model": "glm4",
      "n": 114,
      "parent_channel_group": "64-80",
      "reuse_difference": {
        "apple_explicit_necessity": 0.0014113119492928188,
        "apple_minus_other_fruit": 0.001113206334412098,
        "nonfruit_explicit_necessity": -0.0016697028978443188,
        "other_fruit_explicit_necessity": 0.0002981056148807208,
        "other_fruit_minus_nonfruit": 0.0019678085127250397
      }
    }
  ],
  "top_harmful_channels": [
    {
      "by_relation_necessity": {
        "category": 0.003224766728552905,
        "color": -0.001401233740828254,
        "edible": 0.0015365416184067726,
        "grows_on_tree": 0.0026287222281098366,
        "shape": 0.0017189100617542863,
        "taste": 0.00845024785551503
      },
      "category_selectivity": 0.000638129123961371,
      "channel": 73,
      "first_top1_drop_rate": 0.0,
      "head": 19,
      "head_key": "L24H19",
      "layer": 24,
      "logprob_worse_rate": 0.5964912280701754,
      "mean_first_rank_delta": 0.008771929824561403,
      "mean_mean_logprob_delta": -0.0028085084305579586,
      "model": "glm4",
      "n": 114,
      "parent_channel_group": "64-80",
      "reuse_difference": {
        "apple_explicit_necessity": 0.0006858985871076584,
        "apple_minus_other_fruit": 0.00036925133317708967,
        "nonfruit_explicit_necessity": 0.0008008288634506755,
        "other_fruit_explicit_necessity": 0.0003166472539305687,
        "other_fruit_minus_nonfruit": -0.0004841816095201068
      }
    },
    {
      "by_relation_necessity": {
        "category": -0.007953338494355028,
        "color": 0.004074288701469248,
        "edible": 0.0015808595344424248,
        "grows_on_tree": 0.0020791273564100266,
        "shape": 0.002320342813618481,
        "taste": 0.006855204867283052
      },
      "category_selectivity": -0.011335303148999675,
      "channel": 75,
      "first_top1_drop_rate": 0.0,
      "head": 19,
      "head_key": "L24H19",
      "layer": 24,
      "logprob_worse_rate": 0.5877192982456141,
      "mean_first_rank_delta": 0.0,
      "mean_mean_logprob_delta": -0.001413690236037499,
      "model": "glm4",
      "n": 114,
      "parent_channel_group": "64-80",
      "reuse_difference": {
        "apple_explicit_necessity": 0.005761660014589627,
        "apple_minus_other_fruit": 0.005425746738910674,
        "nonfruit_explicit_necessity": 0.0007152404718407328,
        "other_fruit_explicit_necessity": 0.00033591327567895256,
        "other_fruit_minus_nonfruit": -0.0003793271961617803
      }
    },
    {
      "by_relation_necessity": {
        "category": -2.1753748032179747e-05,
        "color": 0.0013108206912875175,
        "edible": -0.002253909595310688,
        "grows_on_tree": -0.001909780316054821,
        "shape": 0.001435935846529901,
        "taste": 0.006983960554036111
      },
      "category_selectivity": -0.001135159184129784,
      "channel": 78,
      "first_top1_drop_rate": 0.0,
      "head": 19,
      "head_key": "L24H19",
      "layer": 24,
      "logprob_worse_rate": 0.5350877192982456,
      "mean_first_rank_delta": 0.008771929824561403,
      "mean_mean_logprob_delta": -0.0012137064903775627,
      "model": "glm4",
      "n": 114,
      "parent_channel_group": "64-80",
      "reuse_difference": {
        "apple_explicit_necessity": 0.002723637347420057,
        "apple_minus_other_fruit": 0.004774567546943824,
        "nonfruit_explicit_necessity": -0.0005431312868794515,
        "other_fruit_explicit_necessity": -0.0020509301995237667,
        "other_fruit_minus_nonfruit": -0.0015077989126443152
      }
    },
    {
      "by_relation_necessity": {
        "category": -0.003773551264947111,
        "color": -0.005484751595014875,
        "edible": 0.0017784899100661278,
        "grows_on_tree": -0.002752958796918392,
        "shape": 0.002252609236165881,
        "taste": 0.012807166012036414
      },
      "category_selectivity": -0.005493662218214142,
      "channel": 77,
      "first_top1_drop_rate": 0.0,
      "head": 19,
      "head_key": "L24H19",
      "layer": 24,
      "logprob_worse_rate": 0.5526315789473685,
      "mean_first_rank_delta": 0.008771929824561403,
      "mean_mean_logprob_delta": -0.0008642564467952216,
      "model": "glm4",
      "n": 114,
      "parent_channel_group": "64-80",
      "reuse_difference": {
        "apple_explicit_necessity": 0.0015817067275444667,
        "apple_minus_other_fruit": 0.002146251934270064,
        "nonfruit_explicit_necessity": 0.0005038599863639427,
        "other_fruit_explicit_necessity": -0.0005645452067255974,
        "other_fruit_minus_nonfruit": -0.0010684051930895402
      }
    },
    {
      "by_relation_necessity": {
        "category": -0.000884648666463115,
        "color": -0.0008951053869995204,
        "edible": 6.922520697116852e-06,
        "grows_on_tree": -0.0011819731444120407,
        "shape": 0.0009827754693105817,
        "taste": 0.004630075936968322
      },
      "category_selectivity": -0.001593187745576007,
      "channel": 45,
      "first_top1_drop_rate": 0.0,
      "head": 28,
      "head_key": "L29H28",
      "layer": 29,
      "logprob_worse_rate": 0.5789473684210527,
      "mean_first_rank_delta": 0.017543859649122806,
      "mean_mean_logprob_delta": -0.000523076131286453,
      "model": "glm4",
      "n": 114,
      "parent_channel_group": "32-48",
      "reuse_difference": {
        "apple_explicit_necessity": 0.0011942870914936066,
        "apple_minus_other_fruit": 0.002094545401632786,
        "nonfruit_explicit_necessity": -0.0006432438062293026,
        "other_fruit_explicit_necessity": -0.0009002583101391792,
        "other_fruit_minus_nonfruit": -0.0002570145039098767
      }
    }
  ]
}
