`torch_dtype` is deprecated! Use `dtype` instead!
[model_utils] Loading deepseek7b... (8bit=False)
Loading weights:   0%|          | 0/339 [00:00<?, ?it/s]Loading weights: 100%|██████████| 339/339 [00:00<00:00, 45398.12it/s]
[model_utils] deepseek7b loaded, device=cuda:0, class=Qwen2ForCausalLM, GPU=15.28GB
[17:17:52] deepseek7b: cases=22, interventions={"baseline": [], "category_single": [{"layer": 20, "head": 17, "start": 25, "end": 26}], "category_cluster": [{"layer": 20, "head": 17, "start": 25, "end": 26}, {"layer": 20, "head": 17, "start": 30, "end": 31}, {"layer": 20, "head": 17, "start": 24, "end": 25}, {"layer": 20, "head": 17, "start": 23, "end": 24}], "category_full_head": [{"layer": 20, "head": 17, "start": 0, "end": 128}], "fruit_cluster": [{"layer": 27, "head": 23, "start": 80, "end": 96}, {"layer": 27, "head": 23, "start": 48, "end": 64}], "category_plus_fruit_cluster": [{"layer": 20, "head": 17, "start": 25, "end": 26}, {"layer": 20, "head": 17, "start": 30, "end": 31}, {"layer": 20, "head": 17, "start": 24, "end": 25}, {"layer": 20, "head": 17, "start": 23, "end": 24}, {"layer": 27, "head": 23, "start": 80, "end": 96}, {"layer": 27, "head": 23, "start": 48, "end": 64}]}
[17:17:57] deepseek7b: 8/22 cases; rows=48
[17:18:02] deepseek7b: 16/22 cases; rows=96
[17:18:07] deepseek7b: 22/22 cases; rows=132
[model_utils] GPU memory released, allocated=15.28 GB
{
  "model": "deepseek7b",
  "n_cases": 22,
  "by_intervention": {
    "baseline": {
      "n": 22,
      "hit_rate": 0.5,
      "changed_rate_vs_baseline": 0.0,
      "hit_drop_rate_vs_baseline": 0.0,
      "mean_logprob_delta": 0.0,
      "first_rank_delta": 0.0,
      "outputs": [
        [
          "category",
          2
        ],
        [
          "banana category",
          2
        ],
        [
          "fruit",
          2
        ],
        [
          "vegetable",
          2
        ],
        [
          "tool",
          2
        ],
        [
          "grape category",
          1
        ],
        [
          "__________",
          1
        ],
        [
          "object",
          1
        ],
        [
          "the category is furniture",
          1
        ],
        [
          "vehicle",
          1
        ],
        [
          "carrot category",
          1
        ],
        [
          "the category of stone",
          1
        ]
      ],
      "by_prompt_type": {
        "commonsense": {
          "n": 6,
          "hit_rate": 0.5,
          "mean_logprob_delta": 0.0
        },
        "conflict_profile": {
          "n": 4,
          "hit_rate": 0.25,
          "mean_logprob_delta": 0.0
        },
        "explicit_profile": {
          "n": 12,
          "hit_rate": 0.5833333333333334,
          "mean_logprob_delta": 0.0
        }
      }
    },
    "category_cluster": {
      "n": 22,
      "hit_rate": 0.5,
      "changed_rate_vs_baseline": 0.0,
      "hit_drop_rate_vs_baseline": 0.0,
      "mean_logprob_delta": -0.2613281837918542,
      "first_rank_delta": 0.6818181818181818,
      "outputs": [
        [
          "category",
          2
        ],
        [
          "banana category",
          2
        ],
        [
          "fruit",
          2
        ],
        [
          "vegetable",
          2
        ],
        [
          "tool",
          2
        ],
        [
          "grape category",
          1
        ],
        [
          "__________",
          1
        ],
        [
          "object",
          1
        ],
        [
          "the category is furniture",
          1
        ],
        [
          "vehicle",
          1
        ],
        [
          "carrot category",
          1
        ],
        [
          "the category of stone",
          1
        ]
      ],
      "by_prompt_type": {
        "commonsense": {
          "n": 6,
          "hit_rate": 0.5,
          "mean_logprob_delta": 0.22218660513559976
        },
        "conflict_profile": {
          "n": 4,
          "hit_rate": 0.25,
          "mean_logprob_delta": -0.630170151591301
        },
        "explicit_profile": {
          "n": 12,
          "hit_rate": 0.5833333333333334,
          "mean_logprob_delta": -0.38013825565576553
        }
      }
    },
    "category_full_head": {
      "n": 22,
      "hit_rate": 0.5,
      "changed_rate_vs_baseline": 0.4090909090909091,
      "hit_drop_rate_vs_baseline": 0.09090909090909091,
      "mean_logprob_delta": -1.0575494149869138,
      "first_rank_delta": 4.5,
      "outputs": [
        [
          "banana category",
          2
        ],
        [
          "vegetable",
          2
        ],
        [
          "category is fruit",
          1
        ],
        [
          "the category is fruit",
          1
        ],
        [
          "grape category",
          1
        ],
        [
          "category",
          1
        ],
        [
          "__________",
          1
        ],
        [
          "stone category",
          1
        ],
        [
          "the category is furniture",
          1
        ],
        [
          "the category of car",
          1
        ],
        [
          "tool",
          1
        ],
        [
          "the category is tool",
          1
        ]
      ],
      "by_prompt_type": {
        "commonsense": {
          "n": 6,
          "hit_rate": 0.6666666666666666,
          "mean_logprob_delta": -0.7152629295984904
        },
        "conflict_profile": {
          "n": 4,
          "hit_rate": 0.25,
          "mean_logprob_delta": -1.9571996629238129
        },
        "explicit_profile": {
          "n": 12,
          "hit_rate": 0.5,
          "mean_logprob_delta": -0.9288092417021593
        }
      }
    },
    "category_plus_fruit_cluster": {
      "n": 22,
      "hit_rate": 0.5,
      "changed_rate_vs_baseline": 0.0,
      "hit_drop_rate_vs_baseline": 0.0,
      "mean_logprob_delta": -0.3463035598397255,
      "first_rank_delta": 1.0,
      "outputs": [
        [
          "category",
          2
        ],
        [
          "banana category",
          2
        ],
        [
          "fruit",
          2
        ],
        [
          "vegetable",
          2
        ],
        [
          "tool",
          2
        ],
        [
          "grape category",
          1
        ],
        [
          "__________",
          1
        ],
        [
          "object",
          1
        ],
        [
          "the category is furniture",
          1
        ],
        [
          "vehicle",
          1
        ],
        [
          "carrot category",
          1
        ],
        [
          "the category of stone",
          1
        ]
      ],
      "by_prompt_type": {
        "commonsense": {
          "n": 6,
          "hit_rate": 0.5,
          "mean_logprob_delta": 0.2374117374420166
        },
        "conflict_profile": {
          "n": 4,
          "hit_rate": 0.25,
          "mean_logprob_delta": -0.943109542131424
        },
        "explicit_profile": {
          "n": 12,
          "hit_rate": 0.5833333333333334,
          "mean_logprob_delta": -0.4392258810500304
        }
      }
    },
    "category_single": {
      "n": 22,
      "hit_rate": 0.5454545454545454,
      "changed_rate_vs_baseline": 0.045454545454545456,
      "hit_drop_rate_vs_baseline": 0.0,
      "mean_logprob_delta": -0.22714124619960785,
      "first_rank_delta": 3.1363636363636362,
      "outputs": [
        [
          "fruit",
          3
        ],
        [
          "category",
          2
        ],
        [
          "banana category",
          2
        ],
        [
          "vegetable",
          2
        ],
        [
          "tool",
          2
        ],
        [
          "grape category",
          1
        ],
        [
          "__________",
          1
        ],
        [
          "object",
          1
        ],
        [
          "the category is furniture",
          1
        ],
        [
          "vehicle",
          1
        ],
        [
          "carrot category",
          1
        ],
        [
          "the category of stone",
          1
        ]
      ],
      "by_prompt_type": {
        "commonsense": {
          "n": 6,
          "hit_rate": 0.6666666666666666,
          "mean_logprob_delta": -0.9335410594940186
        },
        "conflict_profile": {
          "n": 4,
          "hit_rate": 0.25,
          "mean_logprob_delta": 0.08318664133548737
        },
        "explicit_profile": {
          "n": 12,
          "hit_rate": 0.5833333333333334,
          "mean_logprob_delta": 0.022616031269232433
        }
      }
    },
    "fruit_cluster": {
      "n": 22,
      "hit_rate": 0.5,
      "changed_rate_vs_baseline": 0.0,
      "hit_drop_rate_vs_baseline": 0.0,
      "mean_logprob_delta": -0.058229762722145424,
      "first_rank_delta": 0.045454545454545456,
      "outputs": [
        [
          "category",
          2
        ],
        [
          "banana category",
          2
        ],
        [
          "fruit",
          2
        ],
        [
          "vegetable",
          2
        ],
        [
          "tool",
          2
        ],
        [
          "grape category",
          1
        ],
        [
          "__________",
          1
        ],
        [
          "object",
          1
        ],
        [
          "the category is furniture",
          1
        ],
        [
          "vehicle",
          1
        ],
        [
          "carrot category",
          1
        ],
        [
          "the category of stone",
          1
        ]
      ],
      "by_prompt_type": {
        "commonsense": {
          "n": 6,
          "hit_rate": 0.5,
          "mean_logprob_delta": 0.027359724044799805
        },
        "conflict_profile": {
          "n": 4,
          "hit_rate": 0.25,
          "mean_logprob_delta": -0.2249223291873932
        },
        "explicit_profile": {
          "n": 12,
          "hit_rate": 0.5833333333333334,
          "mean_logprob_delta": -0.04546031728386879
        }
      }
    }
  }
}
