`torch_dtype` is deprecated! Use `dtype` instead!
[model_utils] Loading glm4... (8bit=False)
Loading weights:   0%|          | 0/443 [00:00<?, ?it/s]Loading weights: 100%|██████████| 443/443 [00:00<00:00, 23740.84it/s]
[model_utils] glm4 loaded, device=cuda:0, class=GlmForCausalLM, GPU=18.84GB
[17:17:31] glm4: cases=22, interventions={"baseline": [], "category_single": [{"layer": 24, "head": 19, "start": 69, "end": 70}], "category_cluster": [{"layer": 24, "head": 19, "start": 69, "end": 70}, {"layer": 24, "head": 19, "start": 73, "end": 74}, {"layer": 29, "head": 28, "start": 39, "end": 40}, {"layer": 24, "head": 19, "start": 68, "end": 69}], "category_full_head": [{"layer": 24, "head": 19, "start": 0, "end": 128}], "fruit_cluster": [{"layer": 29, "head": 28, "start": 80, "end": 96}, {"layer": 29, "head": 28, "start": 16, "end": 32}], "category_plus_fruit_cluster": [{"layer": 24, "head": 19, "start": 69, "end": 70}, {"layer": 24, "head": 19, "start": 73, "end": 74}, {"layer": 29, "head": 28, "start": 39, "end": 40}, {"layer": 24, "head": 19, "start": 68, "end": 69}, {"layer": 29, "head": 28, "start": 80, "end": 96}, {"layer": 29, "head": 28, "start": 16, "end": 32}]}
[17:17:37] glm4: 8/22 cases; rows=48
[17:17:42] glm4: 16/22 cases; rows=96
[17:17:47] glm4: 22/22 cases; rows=132
[model_utils] GPU memory released, allocated=18.85 GB
{
  "model": "glm4",
  "n_cases": 22,
  "by_intervention": {
    "baseline": {
      "n": 22,
      "hit_rate": 0.9545454545454546,
      "changed_rate_vs_baseline": 0.0,
      "hit_drop_rate_vs_baseline": 0.0,
      "mean_logprob_delta": 0.0,
      "first_rank_delta": 0.0,
      "outputs": [
        [
          "fruit",
          11
        ],
        [
          "tool",
          3
        ],
        [
          "vegetable",
          2
        ],
        [
          "citrus fruit",
          2
        ],
        [
          "object",
          1
        ],
        [
          "furniture",
          1
        ],
        [
          "vehicle",
          1
        ],
        [
          "red wine grape",
          1
        ]
      ],
      "by_prompt_type": {
        "commonsense": {
          "n": 6,
          "hit_rate": 0.8333333333333334,
          "mean_logprob_delta": 0.0
        },
        "conflict_profile": {
          "n": 4,
          "hit_rate": 1.0,
          "mean_logprob_delta": 0.0
        },
        "explicit_profile": {
          "n": 12,
          "hit_rate": 1.0,
          "mean_logprob_delta": 0.0
        }
      }
    },
    "category_cluster": {
      "n": 22,
      "hit_rate": 0.9545454545454546,
      "changed_rate_vs_baseline": 0.0,
      "hit_drop_rate_vs_baseline": 0.0,
      "mean_logprob_delta": 0.0006412049247459931,
      "first_rank_delta": 0.0,
      "outputs": [
        [
          "fruit",
          11
        ],
        [
          "tool",
          3
        ],
        [
          "vegetable",
          2
        ],
        [
          "citrus fruit",
          2
        ],
        [
          "object",
          1
        ],
        [
          "furniture",
          1
        ],
        [
          "vehicle",
          1
        ],
        [
          "red wine grape",
          1
        ]
      ],
      "by_prompt_type": {
        "commonsense": {
          "n": 6,
          "hit_rate": 0.8333333333333334,
          "mean_logprob_delta": 0.007294118404388428
        },
        "conflict_profile": {
          "n": 4,
          "hit_rate": 1.0,
          "mean_logprob_delta": -0.0028449632227420807
        },
        "explicit_profile": {
          "n": 12,
          "hit_rate": 1.0,
          "mean_logprob_delta": -0.0015231957659125328
        }
      }
    },
    "category_full_head": {
      "n": 22,
      "hit_rate": 0.9545454545454546,
      "changed_rate_vs_baseline": 0.0,
      "hit_drop_rate_vs_baseline": 0.0,
      "mean_logprob_delta": 0.0016356746412136338,
      "first_rank_delta": 0.0,
      "outputs": [
        [
          "fruit",
          11
        ],
        [
          "tool",
          3
        ],
        [
          "vegetable",
          2
        ],
        [
          "citrus fruit",
          2
        ],
        [
          "object",
          1
        ],
        [
          "furniture",
          1
        ],
        [
          "vehicle",
          1
        ],
        [
          "red wine grape",
          1
        ]
      ],
      "by_prompt_type": {
        "commonsense": {
          "n": 6,
          "hit_rate": 0.8333333333333334,
          "mean_logprob_delta": 0.01561876138051351
        },
        "conflict_profile": {
          "n": 4,
          "hit_rate": 1.0,
          "mean_logprob_delta": -0.002801487222313881
        },
        "explicit_profile": {
          "n": 12,
          "hit_rate": 1.0,
          "mean_logprob_delta": -0.003876814773927132
        }
      }
    },
    "category_plus_fruit_cluster": {
      "n": 22,
      "hit_rate": 0.9545454545454546,
      "changed_rate_vs_baseline": 0.0,
      "hit_drop_rate_vs_baseline": 0.0,
      "mean_logprob_delta": 0.0013545550913973288,
      "first_rank_delta": 0.0,
      "outputs": [
        [
          "fruit",
          11
        ],
        [
          "tool",
          3
        ],
        [
          "vegetable",
          2
        ],
        [
          "citrus fruit",
          2
        ],
        [
          "object",
          1
        ],
        [
          "furniture",
          1
        ],
        [
          "vehicle",
          1
        ],
        [
          "red wine grape",
          1
        ]
      ],
      "by_prompt_type": {
        "commonsense": {
          "n": 6,
          "hit_rate": 0.8333333333333334,
          "mean_logprob_delta": 0.013218084971110025
        },
        "conflict_profile": {
          "n": 4,
          "hit_rate": 1.0,
          "mean_logprob_delta": -0.005188412964344025
        },
        "explicit_profile": {
          "n": 12,
          "hit_rate": 1.0,
          "mean_logprob_delta": -0.002396220496545235
        }
      }
    },
    "category_single": {
      "n": 22,
      "hit_rate": 0.9545454545454546,
      "changed_rate_vs_baseline": 0.0,
      "hit_drop_rate_vs_baseline": 0.0,
      "mean_logprob_delta": -0.0035063749687238173,
      "first_rank_delta": 0.0,
      "outputs": [
        [
          "fruit",
          11
        ],
        [
          "tool",
          3
        ],
        [
          "vegetable",
          2
        ],
        [
          "citrus fruit",
          2
        ],
        [
          "object",
          1
        ],
        [
          "furniture",
          1
        ],
        [
          "vehicle",
          1
        ],
        [
          "red wine grape",
          1
        ]
      ],
      "by_prompt_type": {
        "commonsense": {
          "n": 6,
          "hit_rate": 0.8333333333333334,
          "mean_logprob_delta": -0.012760241826375326
        },
        "conflict_profile": {
          "n": 4,
          "hit_rate": 1.0,
          "mean_logprob_delta": 0.000668136402964592
        },
        "explicit_profile": {
          "n": 12,
          "hit_rate": 1.0,
          "mean_logprob_delta": -0.0002709453304608663
        }
      }
    },
    "fruit_cluster": {
      "n": 22,
      "hit_rate": 0.9545454545454546,
      "changed_rate_vs_baseline": 0.0,
      "hit_drop_rate_vs_baseline": 0.0,
      "mean_logprob_delta": 0.007022819566455754,
      "first_rank_delta": 0.0,
      "outputs": [
        [
          "fruit",
          11
        ],
        [
          "tool",
          3
        ],
        [
          "vegetable",
          2
        ],
        [
          "citrus fruit",
          2
        ],
        [
          "object",
          1
        ],
        [
          "furniture",
          1
        ],
        [
          "vehicle",
          1
        ],
        [
          "red wine grape",
          1
        ]
      ],
      "by_prompt_type": {
        "commonsense": {
          "n": 6,
          "hit_rate": 0.8333333333333334,
          "mean_logprob_delta": 0.03253563245137533
        },
        "conflict_profile": {
          "n": 4,
          "hit_rate": 1.0,
          "mean_logprob_delta": -0.00310349278151989
        },
        "explicit_profile": {
          "n": 12,
          "hit_rate": 1.0,
          "mean_logprob_delta": -0.0023581494266788163
        }
      }
    }
  }
}
