[2026-05-25 12:58:32] Phase 278: Global Language Dynamics Mapping
[2026-05-25 12:58:32] Model: deepseek7b, Tokens: 82
[2026-05-25 12:58:34] Loading deepseek7b (bfloat16 + device_map=auto)...
[2026-05-25 12:58:34]   flash_attn not available, using eager
[2026-05-25 12:58:47] deepseek7b loaded: device=cuda:0, GPU=9.01GB, attn=eager
[2026-05-25 12:58:47] Model info: n_layers=28, d_model=3584, class=Qwen2ForCausalLM
[2026-05-25 12:58:47] ============================================================
[2026-05-25 12:58:47] Collecting trajectories: 82 tokens, 28 layers
[2026-05-25 12:59:04]   Traj progress: 15/82, elapsed=16.7s, ETA=74.6s, GPU=9.02GB
[2026-05-25 12:59:14]   Traj progress: 30/82, elapsed=27.1s, ETA=47.1s, GPU=9.02GB
[2026-05-25 12:59:25]   Traj progress: 45/82, elapsed=37.3s, ETA=30.6s, GPU=9.02GB
[2026-05-25 12:59:35]   Traj progress: 60/82, elapsed=47.3s, ETA=17.3s, GPU=9.02GB
[2026-05-25 12:59:45]   Traj progress: 75/82, elapsed=57.4s, ETA=5.4s, GPU=9.02GB
[2026-05-25 12:59:50]   Traj progress: 82/82, elapsed=62.6s, ETA=0.0s, GPU=9.02GB
[2026-05-25 12:59:50] Trajectories collected: 81/82 tokens
[2026-05-25 12:59:50] ============================================================
[2026-05-25 12:59:50] === Block A: Trajectory Bifurcation Tree ===
[2026-05-25 12:59:50]   Bifurcation broad (ARI>0.3): LNone
[2026-05-25 12:59:50]   Bifurcation fine (ARI>0.3): L10
[2026-05-25 12:59:50]   Peak broad ARI: L9 = 0.2473
[2026-05-25 12:59:50]   Peak fine ARI: L10 = 0.3734
[2026-05-25 12:59:50]     L0: ari_broad=0.016, ari_fine=0.004, sim_delta=0.0
[2026-05-25 12:59:50]     L7: ari_broad=0.161, ari_fine=0.163, sim_delta=0.14090025424957275
[2026-05-25 12:59:50]     L14: ari_broad=0.024, ari_fine=0.271, sim_delta=0.11507278680801392
[2026-05-25 12:59:50]     L21: ari_broad=0.025, ari_fine=0.013, sim_delta=0.06693196296691895
[2026-05-25 12:59:50]     L28: ari_broad=0.006, ari_fine=0.061, sim_delta=0.028217017650604248
[2026-05-25 12:59:50] ============================================================
[2026-05-25 12:59:50] === Block B: Context-Dependent Dynamics ===
[2026-05-25 12:59:50]   Context 'det_pres': The {X} is
[2026-05-25 12:59:57]     det_pres: 10/20, elapsed=6.5s
[2026-05-25 13:00:04]     det_pres: 20/20, elapsed=13.7s
[2026-05-25 13:00:04]   Context 'indef_past': A {X} was
[2026-05-25 13:00:10]     indef_past: 10/20, elapsed=20.1s
[2026-05-25 13:00:17]     indef_past: 20/20, elapsed=27.2s
[2026-05-25 13:00:17]   Context 'poss_modal': My {X} can
[2026-05-25 13:00:24]     poss_modal: 10/20, elapsed=33.8s
[2026-05-25 13:00:31]     poss_modal: 20/20, elapsed=40.7s
[2026-05-25 13:00:31]   Context 'bare': {X}
[2026-05-25 13:00:38]     bare: 10/20, elapsed=47.5s
[2026-05-25 13:00:44]     bare: 20/20, elapsed=54.3s
[2026-05-25 13:00:44]   Context sensitivity: early=0.5184, mid=0.4441, late=0.3005
[2026-05-25 13:00:44]   Peak sensitivity at L0: 0.8497
[2026-05-25 13:00:44]   Dimension sensitivities:
[2026-05-25 13:00:44]     abstractions: 0.4699
[2026-05-25 13:00:44]     actions_mental: 0.4007
[2026-05-25 13:00:44]     actions_physical: 0.4607
[2026-05-25 13:00:44]     entities_animal: 0.4024
[2026-05-25 13:00:44]     entities_place: 0.4131
[2026-05-25 13:00:44]     entities_tool: 0.3990
[2026-05-25 13:00:44]     logic: 0.4527
[2026-05-25 13:00:44]     negation_neg: 0.4758
[2026-05-25 13:00:44]     negation_pos: 0.4258
[2026-05-25 13:00:44]     reference: 0.3967
[2026-05-25 13:00:44]     tense: 0.4274
[2026-05-25 13:00:44] ============================================================
[2026-05-25 13:00:44] === Block C: Multi-Direction Spectrum ===
[2026-05-25 13:00:45]   Mean var_top1=0.4932, var_top3=0.5674, var_top5=0.6078
[2026-05-25 13:00:45]   Mean n_significant_dirs=14.5
[2026-05-25 13:00:45]   Max multi-dir layer: L9 (28 dirs)
[2026-05-25 13:00:45]     L0: var_top1=0.811, var_top3=0.836, var_top5=0.852, n_sig=3
[2026-05-25 13:00:45]     L7: var_top1=0.223, var_top3=0.330, var_top5=0.388, n_sig=27
[2026-05-25 13:00:45]     L14: var_top1=0.331, var_top3=0.409, var_top5=0.455, n_sig=20
[2026-05-25 13:00:45]     L21: var_top1=0.543, var_top3=0.618, var_top5=0.659, n_sig=11
[2026-05-25 13:00:45]     L27: var_top1=0.929, var_top3=0.940, var_top5=0.947, n_sig=1
[2026-05-25 13:00:45] ============================================================
[2026-05-25 13:00:45] === Block D: Attractor Basin Radius ===
[2026-05-25 13:00:45]   Tokens: 10, Layers: [0, 5, 14, 22, 26], Magnitudes: [0.01, 0.05, 0.1, 0.5, 1.0], Dirs: 3
[2026-05-25 13:00:45]   Processing 'dog'...
[2026-05-25 13:00:56]     'dog' L0: dev(0.01)=0.23801179439066464, dev(1.0)=0.2741630295630372, elapsed=10.5s, GPU=9.02GB
[2026-05-25 13:01:06]     'dog' L5: dev(0.01)=0.06938000746787043, dev(1.0)=0.225600823293102, elapsed=20.9s, GPU=9.02GB
[2026-05-25 13:01:16]     'dog' L14: dev(0.01)=0.21346199245931868, dev(1.0)=0.3968726817840502, elapsed=31.0s, GPU=9.02GB
[2026-05-25 13:01:26]     'dog' L22: dev(0.01)=0.27999180280661445, dev(1.0)=0.3915384654923596, elapsed=41.0s, GPU=9.02GB
[2026-05-25 13:01:36]     'dog' L26: dev(0.01)=0.22305298646620242, dev(1.0)=0.4828995116409779, elapsed=51.1s, GPU=9.02GB
[2026-05-25 13:01:36]   Processing 'city'...
[2026-05-25 13:01:47]     'city' L0: dev(0.01)=0.43517145862082823, dev(1.0)=0.5254110451640563, elapsed=61.4s, GPU=9.02GB
[2026-05-25 13:01:57]     'city' L5: dev(0.01)=0.38999384816695476, dev(1.0)=0.26822824975325676, elapsed=71.6s, GPU=9.02GB
[2026-05-25 13:02:07]     'city' L14: dev(0.01)=0.4324013138796965, dev(1.0)=0.4802641492160042, elapsed=81.8s, GPU=9.02GB
[2026-05-25 13:02:17]     'city' L22: dev(0.01)=0.4733147885153874, dev(1.0)=0.5444690889927964, elapsed=91.8s, GPU=9.02GB
[2026-05-25 13:02:27]     'city' L26: dev(0.01)=0.33989060120491077, dev(1.0)=0.5839720186497676, elapsed=101.8s, GPU=9.02GB
[2026-05-25 13:02:27]   Processing 'run'...
[2026-05-25 13:02:37]     'run' L0: dev(0.01)=0.34762094654383136, dev(1.0)=0.2755172749741699, elapsed=112.0s, GPU=9.02GB
[2026-05-25 13:02:48]     'run' L5: dev(0.01)=0.16196956322139536, dev(1.0)=0.4838656534982631, elapsed=122.3s, GPU=9.02GB
[2026-05-25 13:02:58]     'run' L14: dev(0.01)=0.1147490457801284, dev(1.0)=0.6666136252517898, elapsed=132.4s, GPU=9.02GB
[2026-05-25 13:03:08]     'run' L22: dev(0.01)=0.3317808517805914, dev(1.0)=0.5765070068979243, elapsed=142.3s, GPU=9.02GB
[2026-05-25 13:03:18]     'run' L26: dev(0.01)=0.6199012498210054, dev(1.0)=0.8169368055852421, elapsed=152.3s, GPU=9.02GB
[2026-05-25 13:03:18]   Processing 'think'...
[2026-05-25 13:03:28]     'think' L0: dev(0.01)=0.17470983950948415, dev(1.0)=0.11195311419282897, elapsed=162.5s, GPU=9.02GB
[2026-05-25 13:03:38]     'think' L5: dev(0.01)=0.19916114180176925, dev(1.0)=0.3243512823348456, elapsed=172.8s, GPU=9.02GB
[2026-05-25 13:03:48]     'think' L14: dev(0.01)=0.2466112179388967, dev(1.0)=0.2678857780839488, elapsed=182.9s, GPU=9.02GB
[2026-05-25 13:03:58]     'think' L22: dev(0.01)=0.2157479931592387, dev(1.0)=0.3498288422579195, elapsed=193.0s, GPU=9.02GB
[2026-05-25 13:04:08]     'think' L26: dev(0.01)=0.13347647767963408, dev(1.0)=0.5317150531593808, elapsed=203.0s, GPU=9.02GB
[2026-05-25 13:04:08]   Processing 'truth'...
[2026-05-25 13:04:19]     'truth' L0: dev(0.01)=0.8180951314007798, dev(1.0)=0.7987051878717518, elapsed=213.3s, GPU=9.02GB
[2026-05-25 13:04:29]     'truth' L5: dev(0.01)=0.4059057161256511, dev(1.0)=0.9080796466404554, elapsed=223.6s, GPU=9.02GB
[2026-05-25 13:04:39]     'truth' L14: dev(0.01)=1.0267835732343904, dev(1.0)=0.5918916851923492, elapsed=233.8s, GPU=9.02GB
[2026-05-25 13:04:49]     'truth' L22: dev(0.01)=0.7842396515360729, dev(1.0)=0.6208486306187329, elapsed=243.9s, GPU=9.02GB
[2026-05-25 13:04:59]     'truth' L26: dev(0.01)=0.6577205729087856, dev(1.0)=0.7700825904525492, elapsed=253.9s, GPU=9.02GB
[2026-05-25 13:04:59]   Processing 'time'...
[2026-05-25 13:05:09]     'time' L0: dev(0.01)=0.39814958111822124, dev(1.0)=0.2347455172382999, elapsed=264.0s, GPU=9.02GB
[2026-05-25 13:05:19]     'time' L5: dev(0.01)=0.5262336245909524, dev(1.0)=0.5879652203459457, elapsed=274.2s, GPU=9.02GB
[2026-05-25 13:05:30]     'time' L14: dev(0.01)=0.2929713736150643, dev(1.0)=1.0241417867612819, elapsed=284.5s, GPU=9.02GB
[2026-05-25 13:05:40]     'time' L22: dev(0.01)=0.8592113156775416, dev(1.0)=0.8257960395819982, elapsed=294.6s, GPU=9.02GB
[2026-05-25 13:05:50]     'time' L26: dev(0.01)=0.5615915375841304, dev(1.0)=0.7302927944959353, elapsed=304.7s, GPU=9.02GB
[2026-05-25 13:05:50]   Processing 'and'...
[2026-05-25 13:06:00]     'and' L0: dev(0.01)=0.5033858744268973, dev(1.0)=0.18889867436268068, elapsed=314.8s, GPU=9.02GB
[2026-05-25 13:06:10]     'and' L5: dev(0.01)=0.3716470237271735, dev(1.0)=0.8146235036357845, elapsed=325.0s, GPU=9.02GB
[2026-05-25 13:06:21]     'and' L14: dev(0.01)=0.17163253062979697, dev(1.0)=0.9303257240359887, elapsed=335.3s, GPU=9.02GB
[2026-05-25 13:06:31]     'and' L22: dev(0.01)=0.5701526781137229, dev(1.0)=0.6620133647445431, elapsed=345.4s, GPU=9.02GB
[2026-05-25 13:06:41]     'and' L26: dev(0.01)=0.24669032086372536, dev(1.0)=1.0860023347898273, elapsed=355.5s, GPU=9.02GB
[2026-05-25 13:06:41]   Processing 'he'...
[2026-05-25 13:06:51]     'he' L0: dev(0.01)=0.0864004841605479, dev(1.0)=0.185475344609964, elapsed=365.4s, GPU=9.02GB
[2026-05-25 13:07:01]     'he' L5: dev(0.01)=0.2304139055848776, dev(1.0)=0.3055328967137379, elapsed=375.7s, GPU=9.02GB
[2026-05-25 13:07:11]     'he' L14: dev(0.01)=0.23043609284925406, dev(1.0)=0.31110605011888703, elapsed=386.0s, GPU=9.02GB
[2026-05-25 13:07:21]     'he' L22: dev(0.01)=0.1905959397628284, dev(1.0)=0.4123597358558482, elapsed=396.1s, GPU=9.02GB
[2026-05-25 13:07:31]     'he' L26: dev(0.01)=0.24045018516888783, dev(1.0)=0.4489983992464804, elapsed=406.2s, GPU=9.02GB
[2026-05-25 13:07:31]   Processing 'good'...
[2026-05-25 13:07:42]     'good' L0: dev(0.01)=0.2580744545763197, dev(1.0)=0.17552653593656073, elapsed=416.3s, GPU=9.02GB
[2026-05-25 13:07:52]     'good' L5: dev(0.01)=0.1794588113941056, dev(1.0)=0.2593716884086969, elapsed=426.6s, GPU=9.02GB
[2026-05-25 13:08:02]     'good' L14: dev(0.01)=0.3150700570293972, dev(1.0)=0.365078805310532, elapsed=436.9s, GPU=9.02GB
[2026-05-25 13:08:12]     'good' L22: dev(0.01)=0.2613151824116915, dev(1.0)=0.35926608853800973, elapsed=447.0s, GPU=9.02GB
[2026-05-25 13:08:22]     'good' L26: dev(0.01)=0.43490185430508455, dev(1.0)=0.4718153081428984, elapsed=457.1s, GPU=9.02GB
[2026-05-25 13:08:22]   Processing 'bad'...
[2026-05-25 13:08:32]     'bad' L0: dev(0.01)=0.33122769417736303, dev(1.0)=0.1767834754718011, elapsed=467.1s, GPU=9.02GB
[2026-05-25 13:08:42]     'bad' L5: dev(0.01)=0.2735811085985649, dev(1.0)=0.3073463639112914, elapsed=477.2s, GPU=9.02GB
[2026-05-25 13:08:53]     'bad' L14: dev(0.01)=0.26190735125647824, dev(1.0)=0.4839616726343925, elapsed=487.4s, GPU=9.02GB
[2026-05-25 13:09:03]     'bad' L22: dev(0.01)=0.3121586618845416, dev(1.0)=0.31276519211189824, elapsed=497.6s, GPU=9.02GB
[2026-05-25 13:09:13]     'bad' L26: dev(0.01)=0.24948276044903514, dev(1.0)=0.5015050007566721, elapsed=507.6s, GPU=9.02GB
[2026-05-25 13:09:13]   Basin radius per layer:
[2026-05-25 13:09:13]     L0: mean=0.0068, range=[0.0000, 0.0540]
[2026-05-25 13:09:13]     L5: mean=0.0066, range=[0.0000, 0.0504]
[2026-05-25 13:09:13]     L14: mean=0.0328, range=[0.0000, 0.1783]
[2026-05-25 13:09:13]     L22: mean=0.0000, range=[0.0000, 0.0000]
[2026-05-25 13:09:13]     L26: mean=0.0000, range=[0.0000, 0.0000]
[2026-05-25 13:09:13] ============================================================
[2026-05-25 13:09:13] PHASE 278 OBJECTIVE RESULTS
[2026-05-25 13:09:13] ============================================================
[2026-05-25 13:09:13] Block A — Bifurcation:
[2026-05-25 13:09:13]   broad bifurcation layer: None
[2026-05-25 13:09:13]   fine bifurcation layer: 10
[2026-05-25 13:09:13]   peak broad ARI: L9 = 0.24734779363783072
[2026-05-25 13:09:13] Block B — Context:
[2026-05-25 13:09:13]   peak sensitivity layer: L0 = 0.8497
[2026-05-25 13:09:13] Block C — Multi-Direction:
[2026-05-25 13:09:13]   mean var_top1=0.4932
[2026-05-25 13:09:13]   mean var_top3=0.5674
[2026-05-25 13:09:13]   mean var_top5=0.6078
[2026-05-25 13:09:13]   mean n_significant_dirs=14.5
[2026-05-25 13:09:13] Block D — Basin Radius:
[2026-05-25 13:09:13]   L0: mean radius=0.0068
[2026-05-25 13:09:13]   L5: mean radius=0.0066
[2026-05-25 13:09:13]   L14: mean radius=0.0328
[2026-05-25 13:09:13]   L22: mean radius=0.0000
[2026-05-25 13:09:13]   L26: mean radius=0.0000
[2026-05-25 13:09:14] Model released. Phase 278 complete.
