[2026-05-25 12:40:56] Phase 278: Global Language Dynamics Mapping
[2026-05-25 12:40:56] Model: glm4, Tokens: 82
[2026-05-25 12:40:58] Loading glm4 (bfloat16 + device_map=auto)...
[2026-05-25 12:40:58]   flash_attn not available, using eager
[2026-05-25 12:41:09] glm4 loaded: device=cuda:0, GPU=8.99GB, attn=eager
[2026-05-25 12:41:09] Model info: n_layers=40, d_model=4096, class=GlmForCausalLM
[2026-05-25 12:41:09] ============================================================
[2026-05-25 12:41:09] Collecting trajectories: 82 tokens, 40 layers
[2026-05-25 12:41:35]   Traj progress: 15/82, elapsed=26.6s, ETA=118.6s, GPU=9.00GB
[2026-05-25 12:41:52]   Traj progress: 30/82, elapsed=43.1s, ETA=74.6s, GPU=9.00GB
[2026-05-25 12:42:08]   Traj progress: 45/82, elapsed=59.5s, ETA=48.9s, GPU=9.00GB
[2026-05-25 12:42:25]   Traj progress: 60/82, elapsed=76.3s, ETA=28.0s, GPU=9.00GB
[2026-05-25 12:42:42]   Traj progress: 75/82, elapsed=93.2s, ETA=8.7s, GPU=9.00GB
[2026-05-25 12:42:50]   Traj progress: 82/82, elapsed=101.2s, ETA=0.0s, GPU=9.00GB
[2026-05-25 12:42:50] Trajectories collected: 81/82 tokens
[2026-05-25 12:42:50] ============================================================
[2026-05-25 12:42:50] === Block A: Trajectory Bifurcation Tree ===
[2026-05-25 12:42:50]   Bifurcation broad (ARI>0.3): L13
[2026-05-25 12:42:50]   Bifurcation fine (ARI>0.3): LNone
[2026-05-25 12:42:50]   Peak broad ARI: L13 = 0.3423
[2026-05-25 12:42:50]   Peak fine ARI: L40 = 0.2224
[2026-05-25 12:42:50]     L0: ari_broad=0.016, ari_fine=0.004, sim_delta=-5.960464477539063e-08
[2026-05-25 12:42:50]     L10: ari_broad=0.023, ari_fine=0.207, sim_delta=0.18419387936592102
[2026-05-25 12:42:50]     L20: ari_broad=0.013, ari_fine=0.116, sim_delta=0.13024336099624634
[2026-05-25 12:42:50]     L30: ari_broad=0.013, ari_fine=0.023, sim_delta=0.09053462743759155
[2026-05-25 12:42:50]     L40: ari_broad=0.034, ari_fine=0.222, sim_delta=0.10191988945007324
[2026-05-25 12:42:50] ============================================================
[2026-05-25 12:42:50] === Block B: Context-Dependent Dynamics ===
[2026-05-25 12:42:50]   Context 'det_pres': The {X} is
[2026-05-25 12:43:01]     det_pres: 10/20, elapsed=11.2s
[2026-05-25 12:43:12]     det_pres: 20/20, elapsed=22.4s
[2026-05-25 12:43:12]   Context 'indef_past': A {X} was
[2026-05-25 12:43:24]     indef_past: 10/20, elapsed=33.7s
[2026-05-25 12:43:35]     indef_past: 20/20, elapsed=45.0s
[2026-05-25 12:43:35]   Context 'poss_modal': My {X} can
[2026-05-25 12:43:47]     poss_modal: 10/20, elapsed=56.5s
[2026-05-25 12:43:58]     poss_modal: 20/20, elapsed=67.9s
[2026-05-25 12:43:58]   Context 'bare': {X}
[2026-05-25 12:44:09]     bare: 10/20, elapsed=79.2s
[2026-05-25 12:44:21]     bare: 20/20, elapsed=90.5s
[2026-05-25 12:44:21]   Context sensitivity: early=0.5566, mid=0.4603, late=0.2580
[2026-05-25 12:44:21]   Peak sensitivity at L0: 0.8674
[2026-05-25 12:44:21]   Dimension sensitivities:
[2026-05-25 12:44:21]     abstractions: 0.4458
[2026-05-25 12:44:21]     actions_mental: 0.4249
[2026-05-25 12:44:21]     actions_physical: 0.4206
[2026-05-25 12:44:21]     entities_animal: 0.4226
[2026-05-25 12:44:21]     entities_place: 0.4203
[2026-05-25 12:44:21]     entities_tool: 0.4004
[2026-05-25 12:44:21]     logic: 0.4246
[2026-05-25 12:44:21]     negation_neg: 0.4984
[2026-05-25 12:44:21]     negation_pos: 0.4398
[2026-05-25 12:44:21]     reference: 0.4087
[2026-05-25 12:44:21]     tense: 0.4618
[2026-05-25 12:44:21] ============================================================
[2026-05-25 12:44:21] === Block C: Multi-Direction Spectrum ===
[2026-05-25 12:44:22]   Mean var_top1=0.4444, var_top3=0.5436, var_top5=0.5931
[2026-05-25 12:44:22]   Mean n_significant_dirs=15.7
[2026-05-25 12:44:22]   Max multi-dir layer: L10 (26 dirs)
[2026-05-25 12:44:22]     L0: var_top1=0.944, var_top3=0.969, var_top5=0.978, n_sig=2
[2026-05-25 12:44:22]     L10: var_top1=0.232, var_top3=0.352, var_top5=0.407, n_sig=26
[2026-05-25 12:44:22]     L20: var_top1=0.492, var_top3=0.603, var_top5=0.649, n_sig=13
[2026-05-25 12:44:22]     L30: var_top1=0.397, var_top3=0.484, var_top5=0.534, n_sig=17
[2026-05-25 12:44:22]     L39: var_top1=0.956, var_top3=0.974, var_top5=0.980, n_sig=2
[2026-05-25 12:44:22] ============================================================
[2026-05-25 12:44:22] === Block D: Attractor Basin Radius ===
[2026-05-25 12:44:22]   Tokens: 10, Layers: [0, 8, 20, 32, 38], Magnitudes: [0.01, 0.05, 0.1, 0.5, 1.0], Dirs: 3
[2026-05-25 12:44:22]   Processing 'dog'...
[2026-05-25 12:44:38]     'dog' L0: dev(0.01)=0.03467133202499068, dev(1.0)=0.027278254610792405, elapsed=16.5s, GPU=9.00GB
[2026-05-25 12:44:55]     'dog' L8: dev(0.01)=0.022319370364746436, dev(1.0)=0.13922665221638106, elapsed=33.4s, GPU=9.00GB
[2026-05-25 12:45:12]     'dog' L20: dev(0.01)=0.012511430168284345, dev(1.0)=0.21671582468279285, elapsed=49.9s, GPU=9.00GB
[2026-05-25 12:45:28]     'dog' L32: dev(0.01)=0.010148244760155843, dev(1.0)=0.6214652605546376, elapsed=66.4s, GPU=9.00GB
[2026-05-25 12:45:45]     'dog' L38: dev(0.01)=0.007957596852512584, dev(1.0)=0.6515982624069353, elapsed=83.5s, GPU=9.00GB
[2026-05-25 12:45:45]   Processing 'city'...
[2026-05-25 12:46:02]     'city' L0: dev(0.01)=0.027473433917564755, dev(1.0)=0.023194427897069606, elapsed=100.1s, GPU=9.00GB
[2026-05-25 12:46:19]     'city' L8: dev(0.01)=0.02296038642491107, dev(1.0)=0.141239705146566, elapsed=116.8s, GPU=9.00GB
[2026-05-25 12:46:36]     'city' L20: dev(0.01)=0.010785757313495589, dev(1.0)=0.19816297493997007, elapsed=133.7s, GPU=9.00GB
[2026-05-25 12:46:52]     'city' L32: dev(0.01)=0.009155494120570306, dev(1.0)=0.5728685026115407, elapsed=150.0s, GPU=9.00GB
[2026-05-25 12:47:08]     'city' L38: dev(0.01)=0.008322128337429527, dev(1.0)=0.6482013663237425, elapsed=166.6s, GPU=9.00GB
[2026-05-25 12:47:08]   Processing 'run'...
[2026-05-25 12:47:25]     'run' L0: dev(0.01)=0.03346100530791319, dev(1.0)=0.03762058653350222, elapsed=183.5s, GPU=9.00GB
[2026-05-25 12:47:42]     'run' L8: dev(0.01)=0.043670286270700145, dev(1.0)=0.19686154699514286, elapsed=199.8s, GPU=9.00GB
[2026-05-25 12:47:58]     'run' L20: dev(0.01)=0.010675611820549739, dev(1.0)=0.2690386572262024, elapsed=216.5s, GPU=9.00GB
[2026-05-25 12:48:15]     'run' L32: dev(0.01)=0.008327971854628295, dev(1.0)=0.5663704976146907, elapsed=233.5s, GPU=9.00GB
[2026-05-25 12:48:32]     'run' L38: dev(0.01)=0.007697219567321121, dev(1.0)=0.6335085248146953, elapsed=249.8s, GPU=9.00GB
[2026-05-25 12:48:32]   Processing 'think'...
[2026-05-25 12:48:49]     'think' L0: dev(0.01)=0.022604440635023718, dev(1.0)=0.046830166221509324, elapsed=266.7s, GPU=9.00GB
[2026-05-25 12:49:05]     'think' L8: dev(0.01)=0.02225450814923819, dev(1.0)=0.22187095298894774, elapsed=283.6s, GPU=9.00GB
[2026-05-25 12:49:22]     'think' L20: dev(0.01)=0.014700884813422908, dev(1.0)=0.33658669177130096, elapsed=300.0s, GPU=9.00GB
[2026-05-25 12:49:39]     'think' L32: dev(0.01)=0.011451858824813232, dev(1.0)=0.6386326814801176, elapsed=316.9s, GPU=9.00GB
[2026-05-25 12:49:56]     'think' L38: dev(0.01)=0.008670429227617111, dev(1.0)=0.6571672551860325, elapsed=333.7s, GPU=9.00GB
[2026-05-25 12:49:56]   Processing 'truth'...
[2026-05-25 12:50:12]     'truth' L0: dev(0.01)=0.013176403275827885, dev(1.0)=0.026084828175434456, elapsed=350.1s, GPU=9.00GB
[2026-05-25 12:50:29]     'truth' L8: dev(0.01)=0.014128383090564767, dev(1.0)=0.1914630062983143, elapsed=367.0s, GPU=9.00GB
[2026-05-25 12:50:46]     'truth' L20: dev(0.01)=0.01133773722230868, dev(1.0)=0.27688443658431117, elapsed=383.8s, GPU=9.00GB
[2026-05-25 12:51:02]     'truth' L32: dev(0.01)=0.010411877605086547, dev(1.0)=0.6073278254843792, elapsed=400.2s, GPU=9.00GB
[2026-05-25 12:51:19]     'truth' L38: dev(0.01)=0.009600553270703154, dev(1.0)=0.6760882746394924, elapsed=417.2s, GPU=9.00GB
[2026-05-25 12:51:19]   Processing 'time'...
[2026-05-25 12:51:36]     'time' L0: dev(0.01)=0.05394382598087291, dev(1.0)=0.04007210177255914, elapsed=433.8s, GPU=9.00GB
[2026-05-25 12:51:52]     'time' L8: dev(0.01)=0.015992174817557162, dev(1.0)=0.2193582295263305, elapsed=450.2s, GPU=9.00GB
[2026-05-25 12:52:09]     'time' L20: dev(0.01)=0.015761470792897966, dev(1.0)=0.31186525428849476, elapsed=467.0s, GPU=9.00GB
[2026-05-25 12:52:25]     'time' L32: dev(0.01)=0.013356667559973936, dev(1.0)=0.7059412045905945, elapsed=483.6s, GPU=9.00GB
[2026-05-25 12:52:42]     'time' L38: dev(0.01)=0.009941206075089751, dev(1.0)=0.7366430204513205, elapsed=499.8s, GPU=9.00GB
[2026-05-25 12:52:42]   Processing 'and'...
[2026-05-25 12:52:59]     'and' L0: dev(0.01)=0.05292410462276916, dev(1.0)=0.06993770317415557, elapsed=516.6s, GPU=9.00GB
[2026-05-25 12:53:15]     'and' L8: dev(0.01)=0.029766406410370955, dev(1.0)=0.2342458539562318, elapsed=533.2s, GPU=9.00GB
[2026-05-25 12:53:31]     'and' L20: dev(0.01)=0.014736725511914241, dev(1.0)=0.27700450768585916, elapsed=549.6s, GPU=9.00GB
[2026-05-25 12:53:48]     'and' L32: dev(0.01)=0.011692229346501746, dev(1.0)=0.6727488208450465, elapsed=566.6s, GPU=9.00GB
[2026-05-25 12:54:05]     'and' L38: dev(0.01)=0.009555225111493842, dev(1.0)=0.6726235864819489, elapsed=583.1s, GPU=9.00GB
[2026-05-25 12:54:05]   Processing 'he'...
[2026-05-25 12:54:21]     'he' L0: dev(0.01)=0.026297601635290317, dev(1.0)=0.06494327325916494, elapsed=599.5s, GPU=9.00GB
[2026-05-25 12:54:39]     'he' L8: dev(0.01)=0.022819620037097563, dev(1.0)=0.2730543277633525, elapsed=616.6s, GPU=9.00GB
[2026-05-25 12:54:55]     'he' L20: dev(0.01)=0.01509833601526237, dev(1.0)=0.34693643805526597, elapsed=633.2s, GPU=9.00GB
[2026-05-25 12:55:12]     'he' L32: dev(0.01)=0.011386912800200091, dev(1.0)=0.597896945375931, elapsed=649.7s, GPU=9.00GB
[2026-05-25 12:55:29]     'he' L38: dev(0.01)=0.009017024508185208, dev(1.0)=0.6466853778732451, elapsed=666.8s, GPU=9.00GB
[2026-05-25 12:55:29]   Processing 'good'...
[2026-05-25 12:55:45]     'good' L0: dev(0.01)=0.11058769113187505, dev(1.0)=0.0882277840004263, elapsed=683.3s, GPU=9.00GB
[2026-05-25 12:56:02]     'good' L8: dev(0.01)=0.05483009411266633, dev(1.0)=0.45891828012297164, elapsed=699.9s, GPU=9.00GB
[2026-05-25 12:56:19]     'good' L20: dev(0.01)=0.02371134999522107, dev(1.0)=0.3415341750029343, elapsed=716.7s, GPU=9.00GB
[2026-05-25 12:56:35]     'good' L32: dev(0.01)=0.012109202938305773, dev(1.0)=0.6875480723231636, elapsed=733.1s, GPU=9.00GB
[2026-05-25 12:56:52]     'good' L38: dev(0.01)=0.009403082380942217, dev(1.0)=0.6924581350672631, elapsed=749.6s, GPU=9.00GB
[2026-05-25 12:56:52]   Processing 'bad'...
[2026-05-25 12:57:08]     'bad' L0: dev(0.01)=0.032971819211765716, dev(1.0)=0.04435725272801687, elapsed=766.5s, GPU=9.00GB
[2026-05-25 12:57:25]     'bad' L8: dev(0.01)=0.02485925017874693, dev(1.0)=0.17422293658117372, elapsed=782.9s, GPU=9.00GB
[2026-05-25 12:57:41]     'bad' L20: dev(0.01)=0.01433290101808578, dev(1.0)=0.23181940860425873, elapsed=799.4s, GPU=9.00GB
[2026-05-25 12:57:58]     'bad' L32: dev(0.01)=0.008427012432206931, dev(1.0)=0.5617739817305872, elapsed=816.3s, GPU=9.00GB
[2026-05-25 12:58:15]     'bad' L38: dev(0.01)=0.009921093181568376, dev(1.0)=0.6195745655576979, elapsed=832.6s, GPU=9.00GB
[2026-05-25 12:58:15]   Basin radius per layer:
[2026-05-25 12:58:15]     L0: mean=0.9422, range=[0.4216, 1.0000]
[2026-05-25 12:58:15]     L8: mean=0.4378, range=[0.1121, 0.7497]
[2026-05-25 12:58:15]     L20: mean=0.3503, range=[0.2583, 0.4727]
[2026-05-25 12:58:15]     L32: mean=0.1408, range=[0.1207, 0.1584]
[2026-05-25 12:58:15]     L38: mean=0.1304, range=[0.1136, 0.1402]
[2026-05-25 12:58:15] ============================================================
[2026-05-25 12:58:15] PHASE 278 OBJECTIVE RESULTS
[2026-05-25 12:58:15] ============================================================
[2026-05-25 12:58:15] Block A — Bifurcation:
[2026-05-25 12:58:15]   broad bifurcation layer: 13
[2026-05-25 12:58:15]   fine bifurcation layer: None
[2026-05-25 12:58:15]   peak broad ARI: L13 = 0.3422828525716882
[2026-05-25 12:58:15] Block B — Context:
[2026-05-25 12:58:15]   peak sensitivity layer: L0 = 0.8674
[2026-05-25 12:58:15] Block C — Multi-Direction:
[2026-05-25 12:58:15]   mean var_top1=0.4444
[2026-05-25 12:58:15]   mean var_top3=0.5436
[2026-05-25 12:58:15]   mean var_top5=0.5931
[2026-05-25 12:58:15]   mean n_significant_dirs=15.7
[2026-05-25 12:58:15] Block D — Basin Radius:
[2026-05-25 12:58:15]   L0: mean radius=0.9422
[2026-05-25 12:58:15]   L8: mean radius=0.4378
[2026-05-25 12:58:15]   L20: mean radius=0.3503
[2026-05-25 12:58:15]   L32: mean radius=0.1408
[2026-05-25 12:58:15]   L38: mean radius=0.1304
[2026-05-25 12:58:16] Model released. Phase 278 complete.
