[14:15:19] glm4/smoke: pairs=2 seed_candidates=1 sources=['records_all']
[14:15:20] [load] glm4: bf16 device_map=auto attn=eager quantization=off
`torch_dtype` is deprecated! Use `dtype` instead!
Loading weights:   0%|          | 0/443 [00:00<?, ?it/s]Loading weights:   0%|          | 2/443 [00:00<00:49,  8.85it/s]Loading weights:   6%|▌         | 26/443 [00:00<00:04, 95.14it/s]Loading weights:  14%|█▎        | 60/443 [00:00<00:02, 178.01it/s]Loading weights:  21%|██        | 93/443 [00:00<00:01, 215.15it/s]Loading weights:  28%|██▊       | 122/443 [00:00<00:01, 237.10it/s]Loading weights:  36%|███▌      | 159/443 [00:00<00:01, 271.01it/s]Loading weights:  43%|████▎     | 192/443 [00:00<00:00, 283.80it/s]Loading weights:  50%|█████     | 223/443 [00:00<00:00, 286.21it/s]Loading weights:  58%|█████▊    | 258/443 [00:01<00:00, 295.41it/s]Loading weights:  65%|██████▌   | 290/443 [00:01<00:00, 299.23it/s]Loading weights:  73%|███████▎  | 324/443 [00:01<00:00, 305.33it/s]Loading weights:  80%|████████  | 355/443 [00:01<00:00, 300.21it/s]Loading weights:  88%|████████▊ | 390/443 [00:01<00:00, 311.44it/s]Loading weights:  95%|█████████▌| 423/443 [00:01<00:00, 313.07it/s]Loading weights: 100%|██████████| 443/443 [00:01<00:00, 267.67it/s]
[14:15:22] [load] glm4: loaded eager, device=cuda:0, gpu=18.80GB
[14:15:23] glm4: expanded_candidates=2 downstream_sites=['L36:attn_out', 'L36:mlp_out']
[14:15:23] glm4: control+carrier 1/2 pairs; rows=7
[14:15:24] glm4: control+carrier 2/2 pairs; rows=14
[model_utils] GPU memory released, allocated=18.81 GB
{
  "model": "glm4",
  "round": "smoke",
  "control_baseline": {
    "phase755_top_candidate": {
      "n_groups": 1,
      "mean_support_rate": 0.0,
      "mean_drop": 0.0625,
      "mean_guard_rate": 0.0,
      "mean_release": 0.03125,
      "role_counts": {
        "control_or_weak": 1
      }
    },
    "same_layer_control_head": {
      "n_groups": 1,
      "mean_support_rate": 0.0,
      "mean_drop": 0.0,
      "mean_guard_rate": 0.0,
      "mean_release": 0.03125,
      "role_counts": {
        "control_or_weak": 1
      }
    }
  },
  "top_writers": [
    {
      "site": "L35:attn_out",
      "head": 29,
      "subunit_id": "L35:attn_out:H29",
      "candidate_kind": "phase755_top_candidate",
      "source_group": "records_all",
      "n": 2,
      "domains": [
        "abstract",
        "fruit"
      ],
      "relations": [
        "category",
        "shape"
      ],
      "mean_attention_mass_to_source": 0.2526034116744995,
      "mean_source_target_logit_contribution": 0.004535512183792889,
      "mean_source_total_route_suppression_contribution": 0.009257186437025666,
      "mean_target_logit_drop_after_source_removal": 0.0625,
      "support_rate_drop_gt_0_20": 0.0,
      "mean_total_positive_route_release_after_source_removal": 0.03125,
      "route_guard_rate_release_gt_0_20": 0.0,
      "top1_loss_rate": 0.0,
      "removal_role_guess": "control_or_weak"
    },
    {
      "site": "L35:attn_out",
      "head": 10,
      "subunit_id": "L35:attn_out:H10",
      "candidate_kind": "same_layer_control_head",
      "source_group": "records_all",
      "n": 2,
      "domains": [
        "abstract",
        "fruit"
      ],
      "relations": [
        "category",
        "shape"
      ],
      "mean_attention_mass_to_source": 0.0022376278648152947,
      "mean_source_target_logit_contribution": -5.610482730844524e-05,
      "mean_source_total_route_suppression_contribution": 5.099667214381043e-05,
      "mean_target_logit_drop_after_source_removal": 0.0,
      "support_rate_drop_gt_0_20": 0.0,
      "mean_total_positive_route_release_after_source_removal": 0.03125,
      "route_guard_rate_release_gt_0_20": 0.0,
      "top1_loss_rate": 0.0,
      "removal_role_guess": "control_or_weak"
    }
  ],
  "top_carriers": [
    {
      "site": "L35:attn_out",
      "head": 29,
      "subunit_id": "L35:attn_out:H29",
      "candidate_kind": "phase755_top_candidate",
      "source_group": "records_all",
      "downstream_site": "L36:mlp_out",
      "n": 2,
      "domains": [
        "abstract",
        "fruit"
      ],
      "relations": [
        "category",
        "shape"
      ],
      "mean_downstream_component_delta_norm_after_removal": 0.1991008147597313,
      "mean_erase_target_logit_drop": 0.0625,
      "mean_restored_target_logit_drop": 0.0,
      "mean_target_logit_recovered_by_restore": 0.0625,
      "mean_target_recovery_fraction": 1.0,
      "mean_erase_route_release": 0.03125,
      "mean_restored_route_release": 0.0,
      "mean_route_release_reduced_by_restore": 0.03125,
      "effective_restore_rate": 0.0,
      "carrier_role_guess": "weak_or_unclear"
    },
    {
      "site": "L35:attn_out",
      "head": 10,
      "subunit_id": "L35:attn_out:H10",
      "candidate_kind": "same_layer_control_head",
      "source_group": "records_all",
      "downstream_site": "L36:attn_out",
      "n": 2,
      "domains": [
        "abstract",
        "fruit"
      ],
      "relations": [
        "category",
        "shape"
      ],
      "mean_downstream_component_delta_norm_after_removal": 0.06095591560006142,
      "mean_erase_target_logit_drop": 0.0,
      "mean_restored_target_logit_drop": 0.0,
      "mean_target_logit_recovered_by_restore": 0.0,
      "mean_target_recovery_fraction": null,
      "mean_erase_route_release": 0.03125,
      "mean_restored_route_release": 0.0,
      "mean_route_release_reduced_by_restore": 0.03125,
      "effective_restore_rate": 0.0,
      "carrier_role_guess": "weak_or_unclear"
    },
    {
      "site": "L35:attn_out",
      "head": 29,
      "subunit_id": "L35:attn_out:H29",
      "candidate_kind": "phase755_top_candidate",
      "source_group": "records_all",
      "downstream_site": "L36:attn_out",
      "n": 2,
      "domains": [
        "abstract",
        "fruit"
      ],
      "relations": [
        "category",
        "shape"
      ],
      "mean_downstream_component_delta_norm_after_removal": 0.0915689580142498,
      "mean_erase_target_logit_drop": 0.0625,
      "mean_restored_target_logit_drop": 0.0625,
      "mean_target_logit_recovered_by_restore": 0.0,
      "mean_target_recovery_fraction": 0.0,
      "mean_erase_route_release": 0.03125,
      "mean_restored_route_release": 0.03125,
      "mean_route_release_reduced_by_restore": 0.0,
      "effective_restore_rate": 0.0,
      "carrier_role_guess": "weak_or_unclear"
    },
    {
      "site": "L35:attn_out",
      "head": 10,
      "subunit_id": "L35:attn_out:H10",
      "candidate_kind": "same_layer_control_head",
      "source_group": "records_all",
      "downstream_site": "L36:mlp_out",
      "n": 2,
      "domains": [
        "abstract",
        "fruit"
      ],
      "relations": [
        "category",
        "shape"
      ],
      "mean_downstream_component_delta_norm_after_removal": 0.09641264751553535,
      "mean_erase_target_logit_drop": 0.0,
      "mean_restored_target_logit_drop": 0.03125,
      "mean_target_logit_recovered_by_restore": -0.03125,
      "mean_target_recovery_fraction": null,
      "mean_erase_route_release": 0.03125,
      "mean_restored_route_release": 0.09375,
      "mean_route_release_reduced_by_restore": -0.0625,
      "effective_restore_rate": 0.0,
      "carrier_role_guess": "weak_or_unclear"
    }
  ]
}
