[14:15:26] deepseek7b/smoke: pairs=2 seed_candidates=1 sources=['records_all']
[14:15:27] [load] deepseek7b: bf16 device_map=auto attn=eager quantization=off
`torch_dtype` is deprecated! Use `dtype` instead!
Loading weights:   0%|          | 0/339 [00:00<?, ?it/s]Loading weights:   2%|▏         | 6/339 [00:00<00:06, 53.03it/s]Loading weights:  12%|█▏        | 41/339 [00:00<00:01, 208.57it/s]Loading weights:  22%|██▏       | 76/339 [00:00<00:01, 258.31it/s]Loading weights:  30%|███       | 102/339 [00:00<00:00, 251.55it/s]Loading weights:  40%|████      | 136/339 [00:00<00:00, 270.40it/s]Loading weights:  50%|█████     | 170/339 [00:00<00:00, 273.46it/s]Loading weights:  58%|█████▊    | 198/339 [00:00<00:00, 261.33it/s]Loading weights:  69%|██████▊   | 233/339 [00:00<00:00, 276.50it/s]Loading weights:  78%|███████▊  | 265/339 [00:01<00:00, 281.10it/s]Loading weights:  87%|████████▋ | 294/339 [00:01<00:00, 269.73it/s]Loading weights:  96%|█████████▋| 327/339 [00:01<00:00, 263.29it/s]Loading weights: 100%|██████████| 339/339 [00:01<00:00, 267.93it/s]
[14:15:28] [load] deepseek7b: loaded eager, device=cuda:0, gpu=15.23GB
[14:15:29] deepseek7b: expanded_candidates=2 downstream_sites=['L23:attn_out', 'L23:mlp_out']
[14:15:30] deepseek7b: control+carrier 1/2 pairs; rows=7
[14:15:30] deepseek7b: control+carrier 2/2 pairs; rows=14
[model_utils] GPU memory released, allocated=15.24 GB
{
  "model": "deepseek7b",
  "round": "smoke",
  "control_baseline": {
    "phase755_top_candidate": {
      "n_groups": 1,
      "mean_support_rate": 1.0,
      "mean_drop": 0.3125,
      "mean_guard_rate": 0.0,
      "mean_release": 0.0,
      "role_counts": {
        "partial_writer_candidate": 1
      }
    },
    "same_layer_control_head": {
      "n_groups": 1,
      "mean_support_rate": 0.0,
      "mean_drop": -0.21875,
      "mean_guard_rate": 1.0,
      "mean_release": 0.75,
      "role_counts": {
        "route_guard_candidate": 1
      }
    }
  },
  "top_writers": [
    {
      "site": "L22:attn_out",
      "head": 24,
      "subunit_id": "L22:attn_out:H24",
      "candidate_kind": "phase755_top_candidate",
      "source_group": "records_all",
      "n": 2,
      "domains": [
        "abstract",
        "fruit"
      ],
      "relations": [
        "category",
        "shape"
      ],
      "mean_attention_mass_to_source": 0.4976820945739746,
      "mean_source_target_logit_contribution": 0.040297411382198334,
      "mean_source_total_route_suppression_contribution": 0.18282970413565636,
      "mean_target_logit_drop_after_source_removal": 0.3125,
      "support_rate_drop_gt_0_20": 1.0,
      "mean_total_positive_route_release_after_source_removal": 0.0,
      "route_guard_rate_release_gt_0_20": 0.0,
      "top1_loss_rate": 0.0,
      "removal_role_guess": "partial_writer_candidate"
    },
    {
      "site": "L22:attn_out",
      "head": 9,
      "subunit_id": "L22:attn_out:H9",
      "candidate_kind": "same_layer_control_head",
      "source_group": "records_all",
      "n": 2,
      "domains": [
        "abstract",
        "fruit"
      ],
      "relations": [
        "category",
        "shape"
      ],
      "mean_attention_mass_to_source": 0.11309480667114258,
      "mean_source_target_logit_contribution": -0.09946607425808907,
      "mean_source_total_route_suppression_contribution": 0.17465309239923954,
      "mean_target_logit_drop_after_source_removal": -0.21875,
      "support_rate_drop_gt_0_20": 0.0,
      "mean_total_positive_route_release_after_source_removal": 0.75,
      "route_guard_rate_release_gt_0_20": 1.0,
      "top1_loss_rate": 0.0,
      "removal_role_guess": "route_guard_candidate"
    }
  ],
  "top_carriers": [
    {
      "site": "L22:attn_out",
      "head": 24,
      "subunit_id": "L22:attn_out:H24",
      "candidate_kind": "phase755_top_candidate",
      "source_group": "records_all",
      "downstream_site": "L23:attn_out",
      "n": 2,
      "domains": [
        "abstract",
        "fruit"
      ],
      "relations": [
        "category",
        "shape"
      ],
      "mean_downstream_component_delta_norm_after_removal": 7.290952920913696,
      "mean_erase_target_logit_drop": 0.3125,
      "mean_restored_target_logit_drop": 0.15625,
      "mean_target_logit_recovered_by_restore": 0.15625,
      "mean_target_recovery_fraction": 0.5,
      "mean_erase_route_release": 0.0,
      "mean_restored_route_release": 0.15625,
      "mean_route_release_reduced_by_restore": -0.15625,
      "effective_restore_rate": 1.0,
      "carrier_role_guess": "downstream_target_carrier_candidate"
    },
    {
      "site": "L22:attn_out",
      "head": 9,
      "subunit_id": "L22:attn_out:H9",
      "candidate_kind": "same_layer_control_head",
      "source_group": "records_all",
      "downstream_site": "L23:mlp_out",
      "n": 2,
      "domains": [
        "abstract",
        "fruit"
      ],
      "relations": [
        "category",
        "shape"
      ],
      "mean_downstream_component_delta_norm_after_removal": 2.0857762694358826,
      "mean_erase_target_logit_drop": -0.21875,
      "mean_restored_target_logit_drop": -0.1875,
      "mean_target_logit_recovered_by_restore": -0.03125,
      "mean_target_recovery_fraction": null,
      "mean_erase_route_release": 0.75,
      "mean_restored_route_release": 0.5,
      "mean_route_release_reduced_by_restore": 0.25,
      "effective_restore_rate": 0.0,
      "carrier_role_guess": "weak_or_unclear"
    },
    {
      "site": "L22:attn_out",
      "head": 9,
      "subunit_id": "L22:attn_out:H9",
      "candidate_kind": "same_layer_control_head",
      "source_group": "records_all",
      "downstream_site": "L23:attn_out",
      "n": 2,
      "domains": [
        "abstract",
        "fruit"
      ],
      "relations": [
        "category",
        "shape"
      ],
      "mean_downstream_component_delta_norm_after_removal": 0.8743831813335419,
      "mean_erase_target_logit_drop": -0.21875,
      "mean_restored_target_logit_drop": -0.03125,
      "mean_target_logit_recovered_by_restore": -0.1875,
      "mean_target_recovery_fraction": null,
      "mean_erase_route_release": 0.75,
      "mean_restored_route_release": 0.28125,
      "mean_route_release_reduced_by_restore": 0.46875,
      "effective_restore_rate": 0.0,
      "carrier_role_guess": "anti_restore_or_off_path"
    },
    {
      "site": "L22:attn_out",
      "head": 24,
      "subunit_id": "L22:attn_out:H24",
      "candidate_kind": "phase755_top_candidate",
      "source_group": "records_all",
      "downstream_site": "L23:mlp_out",
      "n": 2,
      "domains": [
        "abstract",
        "fruit"
      ],
      "relations": [
        "category",
        "shape"
      ],
      "mean_downstream_component_delta_norm_after_removal": 9.261905908584595,
      "mean_erase_target_logit_drop": 0.3125,
      "mean_restored_target_logit_drop": 0.375,
      "mean_target_logit_recovered_by_restore": -0.0625,
      "mean_target_recovery_fraction": -0.25,
      "mean_erase_route_release": 0.0,
      "mean_restored_route_release": 0.03125,
      "mean_route_release_reduced_by_restore": -0.03125,
      "effective_restore_rate": 0.0,
      "carrier_role_guess": "anti_restore_or_off_path"
    }
  ]
}
