[10:17:23] deepseek7b/main: pairs=6 target=hidden_28 audits=2 combo_candidates=3
[10:17:24] [load] deepseek7b: bf16 device_map=auto attn=eager quantization=off
`torch_dtype` is deprecated! Use `dtype` instead!
Loading weights:   0%|          | 0/339 [00:00<?, ?it/s]Loading weights:   1%|          | 4/339 [00:00<00:08, 38.43it/s]Loading weights:  14%|█▎        | 46/339 [00:00<00:01, 255.10it/s]Loading weights:  23%|██▎       | 78/339 [00:00<00:00, 271.48it/s]Loading weights:  33%|███▎      | 111/339 [00:00<00:00, 285.63it/s]Loading weights:  42%|████▏     | 143/339 [00:00<00:00, 283.86it/s]Loading weights:  51%|█████▏    | 174/339 [00:00<00:00, 291.37it/s]Loading weights:  61%|██████    | 207/339 [00:00<00:00, 293.23it/s]Loading weights:  70%|██████▉   | 237/339 [00:00<00:00, 279.81it/s]Loading weights:  79%|███████▉  | 268/339 [00:00<00:00, 275.91it/s]Loading weights:  87%|████████▋ | 296/339 [00:01<00:00, 271.98it/s]Loading weights:  97%|█████████▋| 328/339 [00:01<00:00, 284.06it/s]Loading weights: 100%|██████████| 339/339 [00:01<00:00, 277.04it/s]
[10:17:25] [load] deepseek7b: loaded eager, device=cuda:0, gpu=15.23GB
[10:17:25] deepseek7b: scan_candidates=9 ['L22:attn_out', 'L22:mlp_out', 'L23:attn_out', 'L23:mlp_out', 'L24:attn_out', 'L24:mlp_out', 'L25:attn_out', 'L25:mlp_out', 'L26:mlp_out']
[10:17:28] deepseek7b: route suppressor matrix scan 2/6 pairs; rows=36
[10:17:31] deepseek7b: route suppressor matrix scan 4/6 pairs; rows=72
[10:17:34] deepseek7b: route suppressor matrix scan 6/6 pairs; rows=108
[model_utils] GPU memory released, allocated=15.24 GB
{
  "model": "deepseek7b",
  "round": "main",
  "top_component_summary": [
    {
      "candidate_component_id": "L23:attn_out",
      "candidate_layer": 23,
      "candidate_component": "attn_out",
      "candidate_already_in_threshold_combo": false,
      "n": 12,
      "mean_boost_target_logit": 1.6197916666666667,
      "mean_total_positive_route_suppression": 2.0572916666666665,
      "mean_route_suppression_coverage": 3.1666666666666665,
      "mean_margin_gain_donor_vs_routes": 1.9287326388888888,
      "mean_min_margin_gain_donor_vs_routes": 1.3125,
      "new_donor_top1_rate": 0.25,
      "mean_new_donor_rank": 4.5,
      "mean_readout_jsd_on_selected_vocab": 0.04038171852916687,
      "mean_donor_selected_prob_gain": 0.11548055854897636,
      "base_top_class_counts": {
        "echo_object_or_relation": 4,
        "format_or_schema": 5,
        "donor_answer": 1,
        "recipient_answer": 1,
        "other_vocab": 1
      },
      "new_top_class_counts": {
        "echo_object_or_relation": 3,
        "format_or_schema": 4,
        "donor_answer": 2,
        "other_semantic_value": 1,
        "recipient_answer": 1,
        "punctuation_or_stop": 1
      },
      "effect_guess_counts": {
        "global_suppressor_margin_candidate": 9,
        "mixed_boost_global_suppressor_closure_candidate": 2,
        "booster_maintenance_candidate": 1
      },
      "dominant_effect_guess": "global_suppressor_margin_candidate",
      "route_summary": {
        "echo_object_or_relation": {
          "mean_route_suppression": 0.2625,
          "mean_margin_gain": 1.88125,
          "positive_suppression_rate": 0.7,
          "n": 10
        },
        "format_or_schema": {
          "mean_route_suppression": 0.13541666666666666,
          "mean_margin_gain": 1.7552083333333333,
          "positive_suppression_rate": 0.75,
          "n": 12
        },
        "other_semantic_value": {
          "mean_route_suppression": -0.1875,
          "mean_margin_gain": 1.8958333333333333,
          "positive_suppression_rate": 0.3333333333333333,
          "n": 3
        },
        "other_vocab": {
          "mean_route_suppression": 0.1875,
          "mean_margin_gain": 1.8072916666666667,
          "positive_suppression_rate": 0.6666666666666666,
          "n": 12
        },
        "punctuation_or_stop": {
          "mean_route_suppression": 0.125,
          "mean_margin_gain": 1.7447916666666667,
          "positive_suppression_rate": 0.5833333333333334,
          "n": 12
        },
        "recipient_answer": {
          "mean_route_suppression": 1.6979166666666667,
          "mean_margin_gain": 3.375,
          "positive_suppression_rate": 1.0,
          "n": 6
        }
      }
    },
    {
      "candidate_component_id": "L22:attn_out",
      "candidate_layer": 22,
      "candidate_component": "attn_out",
      "candidate_already_in_threshold_combo": false,
      "n": 12,
      "mean_boost_target_logit": 1.2083333333333333,
      "mean_total_positive_route_suppression": 3.0052083333333335,
      "mean_route_suppression_coverage": 2.8333333333333335,
      "mean_margin_gain_donor_vs_routes": 1.7007812500000001,
      "mean_min_margin_gain_donor_vs_routes": 0.8541666666666666,
      "new_donor_top1_rate": 0.16666666666666666,
      "mean_new_donor_rank": 4.5,
      "mean_readout_jsd_on_selected_vocab": 0.07062747498751523,
      "mean_donor_selected_prob_gain": 0.09344379936616558,
      "base_top_class_counts": {
        "echo_object_or_relation": 4,
        "format_or_schema": 5,
        "donor_answer": 1,
        "recipient_answer": 1,
        "other_vocab": 1
      },
      "new_top_class_counts": {
        "echo_object_or_relation": 6,
        "format_or_schema": 2,
        "donor_answer": 2,
        "other_semantic_value": 1,
        "other_vocab": 1
      },
      "effect_guess_counts": {
        "small_or_no_effect": 1,
        "global_suppressor_margin_candidate": 9,
        "mixed_boost_global_suppressor_closure_candidate": 1,
        "booster_maintenance_candidate": 1
      },
      "dominant_effect_guess": "global_suppressor_margin_candidate",
      "route_summary": {
        "echo_object_or_relation": {
          "mean_route_suppression": 0.10625,
          "mean_margin_gain": 1.14375,
          "positive_suppression_rate": 0.5,
          "n": 10
        },
        "format_or_schema": {
          "mean_route_suppression": 0.22395833333333334,
          "mean_margin_gain": 1.4322916666666667,
          "positive_suppression_rate": 0.5833333333333334,
          "n": 12
        },
        "other_semantic_value": {
          "mean_route_suppression": 0.25,
          "mean_margin_gain": 2.1041666666666665,
          "positive_suppression_rate": 0.3333333333333333,
          "n": 3
        },
        "other_vocab": {
          "mean_route_suppression": 0.24479166666666666,
          "mean_margin_gain": 1.453125,
          "positive_suppression_rate": 0.5,
          "n": 12
        },
        "punctuation_or_stop": {
          "mean_route_suppression": 0.4010416666666667,
          "mean_margin_gain": 1.609375,
          "positive_suppression_rate": 0.8333333333333334,
          "n": 12
        },
        "recipient_answer": {
          "mean_route_suppression": 2.5625,
          "mean_margin_gain": 3.6041666666666665,
          "positive_suppression_rate": 0.8333333333333334,
          "n": 6
        }
      }
    },
    {
      "candidate_component_id": "L25:mlp_out",
      "candidate_layer": 25,
      "candidate_component": "mlp_out",
      "candidate_already_in_threshold_combo": false,
      "n": 12,
      "mean_boost_target_logit": 0.3541666666666667,
      "mean_total_positive_route_suppression": 2.1927083333333335,
      "mean_route_suppression_coverage": 3.3333333333333335,
      "mean_margin_gain_donor_vs_routes": 0.7217881944444445,
      "mean_min_margin_gain_donor_vs_routes": 0.22395833333333334,
      "new_donor_top1_rate": 0.16666666666666666,
      "mean_new_donor_rank": 10.25,
      "mean_readout_jsd_on_selected_vocab": 0.019687582634838007,
      "mean_donor_selected_prob_gain": 0.037113796308403835,
      "base_top_class_counts": {
        "echo_object_or_relation": 4,
        "format_or_schema": 5,
        "donor_answer": 1,
        "recipient_answer": 1,
        "other_vocab": 1
      },
      "new_top_class_counts": {
        "other_vocab": 1,
        "echo_object_or_relation": 4,
        "format_or_schema": 3,
        "donor_answer": 2,
        "other_semantic_value": 1,
        "recipient_answer": 1
      },
      "effect_guess_counts": {
        "global_suppressor_margin_candidate": 7,
        "route_specific_suppressor_candidate": 1,
        "mixed_boost_global_suppressor_closure_candidate": 1,
        "booster_maintenance_candidate": 1,
        "small_or_no_effect": 2
      },
      "dominant_effect_guess": "global_suppressor_margin_candidate",
      "route_summary": {
        "echo_object_or_relation": {
          "mean_route_suppression": 0.075,
          "mean_margin_gain": 0.475,
          "positive_suppression_rate": 0.6,
          "n": 10
        },
        "format_or_schema": {
          "mean_route_suppression": 0.11979166666666667,
          "mean_margin_gain": 0.4739583333333333,
          "positive_suppression_rate": 0.6666666666666666,
          "n": 12
        },
        "other_semantic_value": {
          "mean_route_suppression": 0.1875,
          "mean_margin_gain": 0.7083333333333334,
          "positive_suppression_rate": 0.6666666666666666,
          "n": 3
        },
        "other_vocab": {
          "mean_route_suppression": 0.359375,
          "mean_margin_gain": 0.7135416666666666,
          "positive_suppression_rate": 0.6666666666666666,
          "n": 12
        },
        "punctuation_or_stop": {
          "mean_route_suppression": 0.46875,
          "mean_margin_gain": 0.8229166666666666,
          "positive_suppression_rate": 0.8333333333333334,
          "n": 12
        },
        "recipient_answer": {
          "mean_route_suppression": 1.2708333333333333,
          "mean_margin_gain": 1.4270833333333333,
          "positive_suppression_rate": 1.0,
          "n": 6
        }
      }
    },
    {
      "candidate_component_id": "L26:mlp_out",
      "candidate_layer": 26,
      "candidate_component": "mlp_out",
      "candidate_already_in_threshold_combo": false,
      "n": 12,
      "mean_boost_target_logit": 0.5052083333333334,
      "mean_total_positive_route_suppression": 2.0989583333333335,
      "mean_route_suppression_coverage": 3.0833333333333335,
      "mean_margin_gain_donor_vs_routes": 0.7635416666666667,
      "mean_min_margin_gain_donor_vs_routes": 0.21875,
      "new_donor_top1_rate": 0.16666666666666666,
      "mean_new_donor_rank": 8.333333333333334,
      "mean_readout_jsd_on_selected_vocab": 0.026936029608885872,
      "mean_donor_selected_prob_gain": 0.02147096434297661,
      "base_top_class_counts": {
        "echo_object_or_relation": 4,
        "format_or_schema": 5,
        "donor_answer": 1,
        "recipient_answer": 1,
        "other_vocab": 1
      },
      "new_top_class_counts": {
        "echo_object_or_relation": 3,
        "format_or_schema": 5,
        "donor_answer": 2,
        "recipient_answer": 1,
        "other_semantic_value": 1
      },
      "effect_guess_counts": {
        "global_suppressor_margin_candidate": 7,
        "small_or_no_effect": 4,
        "booster_maintenance_candidate": 1
      },
      "dominant_effect_guess": "global_suppressor_margin_candidate",
      "route_summary": {
        "echo_object_or_relation": {
          "mean_route_suppression": 0.24375,
          "mean_margin_gain": 0.5375,
          "positive_suppression_rate": 0.6,
          "n": 10
        },
        "format_or_schema": {
          "mean_route_suppression": 0.109375,
          "mean_margin_gain": 0.6145833333333334,
          "positive_suppression_rate": 0.5833333333333334,
          "n": 12
        },
        "other_semantic_value": {
          "mean_route_suppression": -0.375,
          "mean_margin_gain": 0.9791666666666666,
          "positive_suppression_rate": 0.3333333333333333,
          "n": 3
        },
        "other_vocab": {
          "mean_route_suppression": 0.359375,
          "mean_margin_gain": 0.8645833333333334,
          "positive_suppression_rate": 0.8333333333333334,
          "n": 12
        },
        "punctuation_or_stop": {
          "mean_route_suppression": 0.2708333333333333,
          "mean_margin_gain": 0.7760416666666666,
          "positive_suppression_rate": 0.6666666666666666,
          "n": 12
        },
        "recipient_answer": {
          "mean_route_suppression": 0.78125,
          "mean_margin_gain": 1.4583333333333333,
          "positive_suppression_rate": 0.8333333333333334,
          "n": 6
        }
      }
    },
    {
      "candidate_component_id": "L24:attn_out",
      "candidate_layer": 24,
      "candidate_component": "attn_out",
      "candidate_already_in_threshold_combo": false,
      "n": 12,
      "mean_boost_target_logit": 0.9635416666666666,
      "mean_total_positive_route_suppression": 1.8385416666666667,
      "mean_route_suppression_coverage": 3.25,
      "mean_margin_gain_donor_vs_routes": 1.234201388888889,
      "mean_min_margin_gain_donor_vs_routes": 0.7083333333333334,
      "new_donor_top1_rate": 0.16666666666666666,
      "mean_new_donor_rank": 7.583333333333333,
      "mean_readout_jsd_on_selected_vocab": 0.026199293999766612,
      "mean_donor_selected_prob_gain": 0.08207980575389229,
      "base_top_class_counts": {
        "echo_object_or_relation": 4,
        "format_or_schema": 5,
        "donor_answer": 1,
        "recipient_answer": 1,
        "other_vocab": 1
      },
      "new_top_class_counts": {
        "echo_object_or_relation": 4,
        "format_or_schema": 3,
        "donor_answer": 2,
        "other_semantic_value": 1,
        "recipient_answer": 1,
        "other_vocab": 1
      },
      "effect_guess_counts": {
        "global_suppressor_margin_candidate": 9,
        "booster_candidate": 1,
        "mixed_boost_global_suppressor_closure_candidate": 1,
        "booster_maintenance_candidate": 1
      },
      "dominant_effect_guess": "global_suppressor_margin_candidate",
      "route_summary": {
        "echo_object_or_relation": {
          "mean_route_suppression": 0.15625,
          "mean_margin_gain": 1.10625,
          "positive_suppression_rate": 0.7,
          "n": 10
        },
        "format_or_schema": {
          "mean_route_suppression": 0.125,
          "mean_margin_gain": 1.0885416666666667,
          "positive_suppression_rate": 0.6666666666666666,
          "n": 12
        },
        "other_semantic_value": {
          "mean_route_suppression": -0.4791666666666667,
          "mean_margin_gain": 0.9583333333333334,
          "positive_suppression_rate": 0.3333333333333333,
          "n": 3
        },
        "other_vocab": {
          "mean_route_suppression": 0.13020833333333334,
          "mean_margin_gain": 1.09375,
          "positive_suppression_rate": 0.5833333333333334,
          "n": 12
        },
        "punctuation_or_stop": {
          "mean_route_suppression": 0.21354166666666666,
          "mean_margin_gain": 1.1770833333333333,
          "positive_suppression_rate": 0.8333333333333334,
          "n": 12
        },
        "recipient_answer": {
          "mean_route_suppression": 1.625,
          "mean_margin_gain": 2.7291666666666665,
          "positive_suppression_rate": 1.0,
          "n": 6
        }
      }
    },
    {
      "candidate_component_id": "L24:mlp_out",
      "candidate_layer": 24,
      "candidate_component": "mlp_out",
      "candidate_already_in_threshold_combo": false,
      "n": 12,
      "mean_boost_target_logit": 0.7708333333333334,
      "mean_total_positive_route_suppression": 1.734375,
      "mean_route_suppression_coverage": 3.0,
      "mean_margin_gain_donor_vs_routes": 1.0217881944444445,
      "mean_min_margin_gain_donor_vs_routes": 0.5,
      "new_donor_top1_rate": 0.16666666666666666,
      "mean_new_donor_rank": 7.833333333333333,
      "mean_readout_jsd_on_selected_vocab": 0.022893476247161513,
      "mean_donor_selected_prob_gain": 0.05443867773283273,
      "base_top_class_counts": {
        "echo_object_or_relation": 4,
        "format_or_schema": 5,
        "donor_answer": 1,
        "recipient_answer": 1,
        "other_vocab": 1
      },
      "new_top_class_counts": {
        "punctuation_or_stop": 2,
        "echo_object_or_relation": 3,
        "format_or_schema": 4,
        "donor_answer": 2,
        "recipient_answer": 1
      },
      "effect_guess_counts": {
        "global_suppressor_margin_candidate": 10,
        "mixed_boost_global_suppressor_closure_candidate": 1,
        "small_or_no_effect": 1
      },
      "dominant_effect_guess": "global_suppressor_margin_candidate",
      "route_summary": {
        "echo_object_or_relation": {
          "mean_route_suppression": -0.0125,
          "mean_margin_gain": 0.68125,
          "positive_suppression_rate": 0.5,
          "n": 10
        },
        "format_or_schema": {
          "mean_route_suppression": 0.041666666666666664,
          "mean_margin_gain": 0.8125,
          "positive_suppression_rate": 0.5,
          "n": 12
        },
        "other_semantic_value": {
          "mean_route_suppression": -0.08333333333333333,
          "mean_margin_gain": 1.1458333333333333,
          "positive_suppression_rate": 0.3333333333333333,
          "n": 3
        },
        "other_vocab": {
          "mean_route_suppression": 0.21875,
          "mean_margin_gain": 0.9895833333333334,
          "positive_suppression_rate": 0.8333333333333334,
          "n": 12
        },
        "punctuation_or_stop": {
          "mean_route_suppression": 0.3385416666666667,
          "mean_margin_gain": 1.109375,
          "positive_suppression_rate": 0.6666666666666666,
          "n": 12
        },
        "recipient_answer": {
          "mean_route_suppression": 0.90625,
          "mean_margin_gain": 1.8645833333333333,
          "positive_suppression_rate": 1.0,
          "n": 6
        }
      }
    },
    {
      "candidate_component_id": "L23:mlp_out",
      "candidate_layer": 23,
      "candidate_component": "mlp_out",
      "candidate_already_in_threshold_combo": false,
      "n": 12,
      "mean_boost_target_logit": 0.15625,
      "mean_total_positive_route_suppression": 1.515625,
      "mean_route_suppression_coverage": 3.0833333333333335,
      "mean_margin_gain_donor_vs_routes": 0.4067708333333333,
      "mean_min_margin_gain_donor_vs_routes": -0.005208333333333333,
      "new_donor_top1_rate": 0.08333333333333333,
      "mean_new_donor_rank": 9.833333333333334,
      "mean_readout_jsd_on_selected_vocab": 0.01476875742154802,
      "mean_donor_selected_prob_gain": 0.011444425666316723,
      "base_top_class_counts": {
        "echo_object_or_relation": 4,
        "format_or_schema": 5,
        "donor_answer": 1,
        "recipient_answer": 1,
        "other_vocab": 1
      },
      "new_top_class_counts": {
        "other_vocab": 2,
        "echo_object_or_relation": 3,
        "format_or_schema": 4,
        "donor_answer": 2,
        "recipient_answer": 1
      },
      "effect_guess_counts": {
        "small_or_no_effect": 4,
        "global_suppressor_margin_candidate": 7,
        "booster_maintenance_candidate": 1
      },
      "dominant_effect_guess": "global_suppressor_margin_candidate",
      "route_summary": {
        "echo_object_or_relation": {
          "mean_route_suppression": 0.1625,
          "mean_margin_gain": 0.2875,
          "positive_suppression_rate": 0.6,
          "n": 10
        },
        "format_or_schema": {
          "mean_route_suppression": 0.09375,
          "mean_margin_gain": 0.25,
          "positive_suppression_rate": 0.5,
          "n": 12
        },
        "other_semantic_value": {
          "mean_route_suppression": 0.10416666666666667,
          "mean_margin_gain": 0.3958333333333333,
          "positive_suppression_rate": 0.6666666666666666,
          "n": 3
        },
        "other_vocab": {
          "mean_route_suppression": 0.11458333333333333,
          "mean_margin_gain": 0.2708333333333333,
          "positive_suppression_rate": 0.5833333333333334,
          "n": 12
        },
        "punctuation_or_stop": {
          "mean_route_suppression": 0.5104166666666666,
          "mean_margin_gain": 0.6666666666666666,
          "positive_suppression_rate": 0.9166666666666666,
          "n": 12
        },
        "recipient_answer": {
          "mean_route_suppression": 0.4270833333333333,
          "mean_margin_gain": 0.4791666666666667,
          "positive_suppression_rate": 0.8333333333333334,
          "n": 6
        }
      }
    },
    {
      "candidate_component_id": "L25:attn_out",
      "candidate_layer": 25,
      "candidate_component": "attn_out",
      "candidate_already_in_threshold_combo": false,
      "n": 12,
      "mean_boost_target_logit": 0.3385416666666667,
      "mean_total_positive_route_suppression": 1.25,
      "mean_route_suppression_coverage": 2.8333333333333335,
      "mean_margin_gain_donor_vs_routes": 0.4565104166666667,
      "mean_min_margin_gain_donor_vs_routes": -0.21875,
      "new_donor_top1_rate": 0.08333333333333333,
      "mean_new_donor_rank": 7.083333333333333,
      "mean_readout_jsd_on_selected_vocab": 0.04059597056854997,
      "mean_donor_selected_prob_gain": -0.008310048734225953,
      "base_top_class_counts": {
        "echo_object_or_relation": 4,
        "format_or_schema": 5,
        "donor_answer": 1,
        "recipient_answer": 1,
        "other_vocab": 1
      },
      "new_top_class_counts": {
        "echo_object_or_relation": 5,
        "format_or_schema": 3,
        "punctuation_or_stop": 2,
        "donor_answer": 1,
        "recipient_answer": 1
      },
      "effect_guess_counts": {
        "small_or_no_effect": 1,
        "global_suppressor_margin_candidate": 6,
        "route_specific_suppressor_candidate": 1,
        "harmful_or_competitor_support": 3,
        "global_suppressor_maintenance_candidate": 1
      },
      "dominant_effect_guess": "global_suppressor_margin_candidate",
      "route_summary": {
        "echo_object_or_relation": {
          "mean_route_suppression": 0.0125,
          "mean_margin_gain": 0.15625,
          "positive_suppression_rate": 0.6,
          "n": 10
        },
        "format_or_schema": {
          "mean_route_suppression": 0.08333333333333333,
          "mean_margin_gain": 0.421875,
          "positive_suppression_rate": 0.3333333333333333,
          "n": 12
        },
        "other_semantic_value": {
          "mean_route_suppression": 0.4791666666666667,
          "mean_margin_gain": 0.8958333333333334,
          "positive_suppression_rate": 1.0,
          "n": 3
        },
        "other_vocab": {
          "mean_route_suppression": 0.21875,
          "mean_margin_gain": 0.5572916666666666,
          "positive_suppression_rate": 0.6666666666666666,
          "n": 12
        },
        "punctuation_or_stop": {
          "mean_route_suppression": 0.140625,
          "mean_margin_gain": 0.4791666666666667,
          "positive_suppression_rate": 0.8333333333333334,
          "n": 12
        },
        "recipient_answer": {
          "mean_route_suppression": -0.10416666666666667,
          "mean_margin_gain": 0.14583333333333334,
          "positive_suppression_rate": 0.5,
          "n": 6
        }
      }
    }
  ],
  "top_route_summary": [
    {
      "route_class": "recipient_answer",
      "candidate_component_id": "L23:attn_out",
      "n": 6,
      "mean_route_suppression": 1.6979166666666667,
      "positive_suppression_rate": 1.0,
      "mean_margin_gain_donor_vs_route": 3.375,
      "mean_boost_target_logit": 1.6770833333333333,
      "new_donor_top1_rate": 0.16666666666666666,
      "effect_guess_counts": {
        "global_suppressor_margin_candidate": 5,
        "mixed_boost_global_suppressor_closure_candidate": 1
      }
    },
    {
      "route_class": "recipient_answer",
      "candidate_component_id": "L24:attn_out",
      "n": 6,
      "mean_route_suppression": 1.625,
      "positive_suppression_rate": 1.0,
      "mean_margin_gain_donor_vs_route": 2.7291666666666665,
      "mean_boost_target_logit": 1.1041666666666667,
      "new_donor_top1_rate": 0.16666666666666666,
      "effect_guess_counts": {
        "global_suppressor_margin_candidate": 5,
        "mixed_boost_global_suppressor_closure_candidate": 1
      }
    },
    {
      "route_class": "recipient_answer",
      "candidate_component_id": "L25:mlp_out",
      "n": 6,
      "mean_route_suppression": 1.2708333333333333,
      "positive_suppression_rate": 1.0,
      "mean_margin_gain_donor_vs_route": 1.4270833333333333,
      "mean_boost_target_logit": 0.15625,
      "new_donor_top1_rate": 0.16666666666666666,
      "effect_guess_counts": {
        "global_suppressor_margin_candidate": 4,
        "mixed_boost_global_suppressor_closure_candidate": 1,
        "small_or_no_effect": 1
      }
    },
    {
      "route_class": "recipient_answer",
      "candidate_component_id": "L24:mlp_out",
      "n": 6,
      "mean_route_suppression": 0.90625,
      "positive_suppression_rate": 1.0,
      "mean_margin_gain_donor_vs_route": 1.8645833333333333,
      "mean_boost_target_logit": 0.9583333333333334,
      "new_donor_top1_rate": 0.16666666666666666,
      "effect_guess_counts": {
        "global_suppressor_margin_candidate": 5,
        "mixed_boost_global_suppressor_closure_candidate": 1
      }
    },
    {
      "route_class": "recipient_answer",
      "candidate_component_id": "L22:attn_out",
      "n": 6,
      "mean_route_suppression": 2.5625,
      "positive_suppression_rate": 0.8333333333333334,
      "mean_margin_gain_donor_vs_route": 3.6041666666666665,
      "mean_boost_target_logit": 1.0416666666666667,
      "new_donor_top1_rate": 0.16666666666666666,
      "effect_guess_counts": {
        "global_suppressor_margin_candidate": 5,
        "mixed_boost_global_suppressor_closure_candidate": 1
      }
    },
    {
      "route_class": "recipient_answer",
      "candidate_component_id": "L26:mlp_out",
      "n": 6,
      "mean_route_suppression": 0.78125,
      "positive_suppression_rate": 0.8333333333333334,
      "mean_margin_gain_donor_vs_route": 1.4583333333333333,
      "mean_boost_target_logit": 0.6770833333333334,
      "new_donor_top1_rate": 0.16666666666666666,
      "effect_guess_counts": {
        "small_or_no_effect": 2,
        "global_suppressor_margin_candidate": 4
      }
    },
    {
      "route_class": "recipient_answer",
      "candidate_component_id": "L23:mlp_out",
      "n": 6,
      "mean_route_suppression": 0.4270833333333333,
      "positive_suppression_rate": 0.8333333333333334,
      "mean_margin_gain_donor_vs_route": 0.4791666666666667,
      "mean_boost_target_logit": 0.052083333333333336,
      "new_donor_top1_rate": 0.0,
      "effect_guess_counts": {
        "global_suppressor_margin_candidate": 4,
        "small_or_no_effect": 2
      }
    },
    {
      "route_class": "recipient_answer",
      "candidate_component_id": "L25:attn_out",
      "n": 6,
      "mean_route_suppression": -0.10416666666666667,
      "positive_suppression_rate": 0.5,
      "mean_margin_gain_donor_vs_route": 0.14583333333333334,
      "mean_boost_target_logit": 0.25,
      "new_donor_top1_rate": 0.0,
      "effect_guess_counts": {
        "global_suppressor_margin_candidate": 3,
        "harmful_or_competitor_support": 3
      }
    },
    {
      "route_class": "recipient_answer",
      "candidate_component_id": "L22:mlp_out",
      "n": 6,
      "mean_route_suppression": -0.052083333333333336,
      "positive_suppression_rate": 0.3333333333333333,
      "mean_margin_gain_donor_vs_route": -0.13541666666666666,
      "mean_boost_target_logit": -0.08333333333333333,
      "new_donor_top1_rate": 0.0,
      "effect_guess_counts": {
        "booster_candidate": 1,
        "small_or_no_effect": 4,
        "global_suppressor_margin_candidate": 1
      }
    },
    {
      "route_class": "punctuation_or_stop",
      "candidate_component_id": "L23:mlp_out",
      "n": 12,
      "mean_route_suppression": 0.5104166666666666,
      "positive_suppression_rate": 0.9166666666666666,
      "mean_margin_gain_donor_vs_route": 0.6666666666666666,
      "mean_boost_target_logit": 0.15625,
      "new_donor_top1_rate": 0.08333333333333333,
      "effect_guess_counts": {
        "small_or_no_effect": 4,
        "global_suppressor_margin_candidate": 7,
        "booster_maintenance_candidate": 1
      }
    },
    {
      "route_class": "punctuation_or_stop",
      "candidate_component_id": "L25:mlp_out",
      "n": 12,
      "mean_route_suppression": 0.46875,
      "positive_suppression_rate": 0.8333333333333334,
      "mean_margin_gain_donor_vs_route": 0.8229166666666666,
      "mean_boost_target_logit": 0.3541666666666667,
      "new_donor_top1_rate": 0.16666666666666666,
      "effect_guess_counts": {
        "global_suppressor_margin_candidate": 7,
        "route_specific_suppressor_candidate": 1,
        "mixed_boost_global_suppressor_closure_candidate": 1,
        "booster_maintenance_candidate": 1,
        "small_or_no_effect": 2
      }
    },
    {
      "route_class": "punctuation_or_stop",
      "candidate_component_id": "L22:attn_out",
      "n": 12,
      "mean_route_suppression": 0.4010416666666667,
      "positive_suppression_rate": 0.8333333333333334,
      "mean_margin_gain_donor_vs_route": 1.609375,
      "mean_boost_target_logit": 1.2083333333333333,
      "new_donor_top1_rate": 0.16666666666666666,
      "effect_guess_counts": {
        "small_or_no_effect": 1,
        "global_suppressor_margin_candidate": 9,
        "mixed_boost_global_suppressor_closure_candidate": 1,
        "booster_maintenance_candidate": 1
      }
    }
  ]
}
