[10:17:08] glm4/main: pairs=6 target=hidden_40 audits=2 combo_candidates=3
[10:17:09] [load] glm4: bf16 device_map=auto attn=eager quantization=off
`torch_dtype` is deprecated! Use `dtype` instead!
Loading weights:   0%|          | 0/443 [00:00<?, ?it/s]Loading weights:   0%|          | 2/443 [00:00<00:22, 19.21it/s]Loading weights:   6%|▌         | 26/443 [00:00<00:03, 130.43it/s]Loading weights:  15%|█▍        | 66/443 [00:00<00:01, 242.25it/s]Loading weights:  21%|██        | 93/443 [00:00<00:01, 247.74it/s]Loading weights:  28%|██▊       | 125/443 [00:00<00:01, 260.84it/s]Loading weights:  35%|███▍      | 155/443 [00:00<00:01, 266.98it/s]Loading weights:  43%|████▎     | 192/443 [00:00<00:00, 297.71it/s]Loading weights:  51%|█████     | 225/443 [00:00<00:00, 301.25it/s]Loading weights:  58%|█████▊    | 258/443 [00:00<00:00, 307.34it/s]Loading weights:  65%|██████▌   | 289/443 [00:01<00:00, 302.59it/s]Loading weights:  73%|███████▎  | 324/443 [00:01<00:00, 310.98it/s]Loading weights:  81%|████████  | 357/443 [00:01<00:00, 306.77it/s]Loading weights:  88%|████████▊ | 390/443 [00:01<00:00, 308.23it/s]Loading weights:  95%|█████████▌| 421/443 [00:01<00:00, 300.47it/s]Loading weights: 100%|██████████| 443/443 [00:01<00:00, 286.88it/s]
[10:17:11] [load] glm4: loaded eager, device=cuda:0, gpu=18.80GB
[10:17:11] glm4: scan_candidates=9 ['L34:attn_out', 'L34:mlp_out', 'L35:attn_out', 'L35:mlp_out', 'L36:attn_out', 'L36:mlp_out', 'L37:attn_out', 'L38:attn_out', 'L39:attn_out']
[10:17:15] glm4: route suppressor matrix scan 2/6 pairs; rows=36
[10:17:18] glm4: route suppressor matrix scan 4/6 pairs; rows=72
[10:17:21] glm4: route suppressor matrix scan 6/6 pairs; rows=108
[model_utils] GPU memory released, allocated=18.81 GB
{
  "model": "glm4",
  "round": "main",
  "top_component_summary": [
    {
      "candidate_component_id": "L34:attn_out",
      "candidate_layer": 34,
      "candidate_component": "attn_out",
      "candidate_already_in_threshold_combo": false,
      "n": 12,
      "mean_boost_target_logit": 1.8958333333333333,
      "mean_total_positive_route_suppression": 0.5260416666666666,
      "mean_route_suppression_coverage": 2.1666666666666665,
      "mean_margin_gain_donor_vs_routes": 1.7111979166666667,
      "mean_min_margin_gain_donor_vs_routes": 0.5833333333333334,
      "new_donor_top1_rate": 0.8333333333333334,
      "mean_new_donor_rank": 1.1666666666666667,
      "mean_readout_jsd_on_selected_vocab": 0.06874814355285243,
      "mean_donor_selected_prob_gain": 0.17716188884029785,
      "base_top_class_counts": {
        "donor_answer": 6,
        "other_vocab": 2,
        "echo_object_or_relation": 4
      },
      "new_top_class_counts": {
        "donor_answer": 10,
        "echo_object_or_relation": 2
      },
      "effect_guess_counts": {
        "booster_maintenance_candidate": 1,
        "mixed_boost_global_suppressor_maintenance_candidate": 5,
        "booster_candidate": 2,
        "global_suppressor_margin_candidate": 2,
        "mixed_boost_global_suppressor_closure_candidate": 2
      },
      "dominant_effect_guess": "mixed_boost_global_suppressor_maintenance_candidate",
      "route_summary": {
        "echo_object_or_relation": {
          "mean_route_suppression": 0.184375,
          "mean_margin_gain": 2.015625,
          "positive_suppression_rate": 0.7,
          "n": 10
        },
        "format_or_schema": {
          "mean_route_suppression": -0.10416666666666667,
          "mean_margin_gain": 1.7916666666666667,
          "positive_suppression_rate": 0.25,
          "n": 12
        },
        "other_semantic_value": {
          "mean_route_suppression": -1.921875,
          "mean_margin_gain": 0.125,
          "positive_suppression_rate": 0.0,
          "n": 8
        },
        "other_vocab": {
          "mean_route_suppression": 0.06770833333333333,
          "mean_margin_gain": 1.9635416666666667,
          "positive_suppression_rate": 0.5833333333333334,
          "n": 12
        },
        "punctuation_or_stop": {
          "mean_route_suppression": 0.04296875,
          "mean_margin_gain": 2.10546875,
          "positive_suppression_rate": 0.375,
          "n": 8
        },
        "recipient_answer": {
          "mean_route_suppression": 0.13125,
          "mean_margin_gain": 1.85,
          "positive_suppression_rate": 0.6,
          "n": 10
        }
      }
    },
    {
      "candidate_component_id": "L35:attn_out",
      "candidate_layer": 35,
      "candidate_component": "attn_out",
      "candidate_already_in_threshold_combo": false,
      "n": 12,
      "mean_boost_target_logit": 0.5520833333333334,
      "mean_total_positive_route_suppression": 0.4973958333333333,
      "mean_route_suppression_coverage": 2.6666666666666665,
      "mean_margin_gain_donor_vs_routes": 0.5428819444444445,
      "mean_min_margin_gain_donor_vs_routes": 0.19270833333333334,
      "new_donor_top1_rate": 0.6666666666666666,
      "mean_new_donor_rank": 2.75,
      "mean_readout_jsd_on_selected_vocab": 0.008860206729176194,
      "mean_donor_selected_prob_gain": 0.05404061979303757,
      "base_top_class_counts": {
        "donor_answer": 6,
        "other_vocab": 2,
        "echo_object_or_relation": 4
      },
      "new_top_class_counts": {
        "donor_answer": 8,
        "echo_object_or_relation": 4
      },
      "effect_guess_counts": {
        "mixed_boost_global_suppressor_maintenance_candidate": 2,
        "booster_candidate": 2,
        "booster_maintenance_candidate": 2,
        "small_or_no_effect": 4,
        "global_suppressor_margin_candidate": 2
      },
      "dominant_effect_guess": "small_or_no_effect",
      "route_summary": {
        "echo_object_or_relation": {
          "mean_route_suppression": 0.09375,
          "mean_margin_gain": 0.725,
          "positive_suppression_rate": 0.7,
          "n": 10
        },
        "format_or_schema": {
          "mean_route_suppression": -0.041666666666666664,
          "mean_margin_gain": 0.5104166666666666,
          "positive_suppression_rate": 0.3333333333333333,
          "n": 12
        },
        "other_semantic_value": {
          "mean_route_suppression": -0.3984375,
          "mean_margin_gain": -0.0390625,
          "positive_suppression_rate": 0.25,
          "n": 8
        },
        "other_vocab": {
          "mean_route_suppression": 0.0625,
          "mean_margin_gain": 0.6145833333333334,
          "positive_suppression_rate": 0.5833333333333334,
          "n": 12
        },
        "punctuation_or_stop": {
          "mean_route_suppression": 0.0859375,
          "mean_margin_gain": 0.7109375,
          "positive_suppression_rate": 0.75,
          "n": 8
        },
        "recipient_answer": {
          "mean_route_suppression": 0.078125,
          "mean_margin_gain": 0.428125,
          "positive_suppression_rate": 0.6,
          "n": 10
        }
      }
    },
    {
      "candidate_component_id": "L37:attn_out",
      "candidate_layer": 37,
      "candidate_component": "attn_out",
      "candidate_already_in_threshold_combo": false,
      "n": 12,
      "mean_boost_target_logit": 0.359375,
      "mean_total_positive_route_suppression": 0.13541666666666666,
      "mean_route_suppression_coverage": 1.8333333333333333,
      "mean_margin_gain_donor_vs_routes": 0.325,
      "mean_min_margin_gain_donor_vs_routes": 0.044270833333333336,
      "new_donor_top1_rate": 0.6666666666666666,
      "mean_new_donor_rank": 2.25,
      "mean_readout_jsd_on_selected_vocab": 0.011552943896108074,
      "mean_donor_selected_prob_gain": 0.03156524780206382,
      "base_top_class_counts": {
        "donor_answer": 6,
        "other_vocab": 2,
        "echo_object_or_relation": 4
      },
      "new_top_class_counts": {
        "donor_answer": 8,
        "other_vocab": 2,
        "echo_object_or_relation": 2
      },
      "effect_guess_counts": {
        "global_suppressor_maintenance_candidate": 2,
        "small_or_no_effect": 8,
        "booster_candidate": 2
      },
      "dominant_effect_guess": "small_or_no_effect",
      "route_summary": {
        "echo_object_or_relation": {
          "mean_route_suppression": 0.021875,
          "mean_margin_gain": 0.446875,
          "positive_suppression_rate": 0.4,
          "n": 10
        },
        "format_or_schema": {
          "mean_route_suppression": 0.010416666666666666,
          "mean_margin_gain": 0.3697916666666667,
          "positive_suppression_rate": 0.4166666666666667,
          "n": 12
        },
        "other_semantic_value": {
          "mean_route_suppression": -0.4453125,
          "mean_margin_gain": 0.0625,
          "positive_suppression_rate": 0.125,
          "n": 8
        },
        "other_vocab": {
          "mean_route_suppression": 0.005208333333333333,
          "mean_margin_gain": 0.3645833333333333,
          "positive_suppression_rate": 0.4166666666666667,
          "n": 12
        },
        "punctuation_or_stop": {
          "mean_route_suppression": 0.0546875,
          "mean_margin_gain": 0.578125,
          "positive_suppression_rate": 0.625,
          "n": 8
        },
        "recipient_answer": {
          "mean_route_suppression": -0.00625,
          "mean_margin_gain": 0.4,
          "positive_suppression_rate": 0.2,
          "n": 10
        }
      }
    },
    {
      "candidate_component_id": "L36:attn_out",
      "candidate_layer": 36,
      "candidate_component": "attn_out",
      "candidate_already_in_threshold_combo": false,
      "n": 12,
      "mean_boost_target_logit": 0.2916666666666667,
      "mean_total_positive_route_suppression": 0.2421875,
      "mean_route_suppression_coverage": 2.0833333333333335,
      "mean_margin_gain_donor_vs_routes": 0.2798611111111111,
      "mean_min_margin_gain_donor_vs_routes": 0.07291666666666667,
      "new_donor_top1_rate": 0.5833333333333334,
      "mean_new_donor_rank": 2.8333333333333335,
      "mean_readout_jsd_on_selected_vocab": 0.002281854979466808,
      "mean_donor_selected_prob_gain": 0.024116862565279007,
      "base_top_class_counts": {
        "donor_answer": 6,
        "other_vocab": 2,
        "echo_object_or_relation": 4
      },
      "new_top_class_counts": {
        "donor_answer": 7,
        "other_vocab": 1,
        "echo_object_or_relation": 4
      },
      "effect_guess_counts": {
        "global_suppressor_maintenance_candidate": 1,
        "small_or_no_effect": 7,
        "mixed_boost_global_suppressor_closure_candidate": 1,
        "global_suppressor_margin_candidate": 1,
        "booster_candidate": 2
      },
      "dominant_effect_guess": "small_or_no_effect",
      "route_summary": {
        "echo_object_or_relation": {
          "mean_route_suppression": 0.003125,
          "mean_margin_gain": 0.328125,
          "positive_suppression_rate": 0.5,
          "n": 10
        },
        "format_or_schema": {
          "mean_route_suppression": -0.041666666666666664,
          "mean_margin_gain": 0.25,
          "positive_suppression_rate": 0.25,
          "n": 12
        },
        "other_semantic_value": {
          "mean_route_suppression": -0.21875,
          "mean_margin_gain": -0.0078125,
          "positive_suppression_rate": 0.0,
          "n": 8
        },
        "other_vocab": {
          "mean_route_suppression": 0.005208333333333333,
          "mean_margin_gain": 0.296875,
          "positive_suppression_rate": 0.3333333333333333,
          "n": 12
        },
        "punctuation_or_stop": {
          "mean_route_suppression": 0.1015625,
          "mean_margin_gain": 0.4609375,
          "positive_suppression_rate": 0.625,
          "n": 8
        },
        "recipient_answer": {
          "mean_route_suppression": 0.06875,
          "mean_margin_gain": 0.25,
          "positive_suppression_rate": 0.8,
          "n": 10
        }
      }
    },
    {
      "candidate_component_id": "L34:mlp_out",
      "candidate_layer": 34,
      "candidate_component": "mlp_out",
      "candidate_already_in_threshold_combo": false,
      "n": 12,
      "mean_boost_target_logit": -0.16145833333333334,
      "mean_total_positive_route_suppression": 0.8255208333333334,
      "mean_route_suppression_coverage": 2.6666666666666665,
      "mean_margin_gain_donor_vs_routes": -0.03480902777777777,
      "mean_min_margin_gain_donor_vs_routes": -0.3229166666666667,
      "new_donor_top1_rate": 0.5,
      "mean_new_donor_rank": 3.0,
      "mean_readout_jsd_on_selected_vocab": 0.005283974107276253,
      "mean_donor_selected_prob_gain": -0.00929028051905334,
      "base_top_class_counts": {
        "donor_answer": 6,
        "other_vocab": 2,
        "echo_object_or_relation": 4
      },
      "new_top_class_counts": {
        "donor_answer": 7,
        "other_vocab": 1,
        "echo_object_or_relation": 4
      },
      "effect_guess_counts": {
        "global_suppressor_maintenance_candidate": 4,
        "small_or_no_effect": 6,
        "global_suppressor_margin_candidate": 2
      },
      "dominant_effect_guess": "small_or_no_effect",
      "route_summary": {
        "echo_object_or_relation": {
          "mean_route_suppression": 0.0875,
          "mean_margin_gain": 0.075,
          "positive_suppression_rate": 0.5,
          "n": 10
        },
        "format_or_schema": {
          "mean_route_suppression": 0.026041666666666668,
          "mean_margin_gain": -0.13541666666666666,
          "positive_suppression_rate": 0.25,
          "n": 12
        },
        "other_semantic_value": {
          "mean_route_suppression": 0.2578125,
          "mean_margin_gain": 0.1796875,
          "positive_suppression_rate": 0.25,
          "n": 8
        },
        "other_vocab": {
          "mean_route_suppression": 0.06770833333333333,
          "mean_margin_gain": -0.09375,
          "positive_suppression_rate": 0.6666666666666666,
          "n": 12
        },
        "punctuation_or_stop": {
          "mean_route_suppression": 0.18359375,
          "mean_margin_gain": 0.12890625,
          "positive_suppression_rate": 0.75,
          "n": 8
        },
        "recipient_answer": {
          "mean_route_suppression": 0.171875,
          "mean_margin_gain": -0.021875,
          "positive_suppression_rate": 0.8,
          "n": 10
        }
      }
    },
    {
      "candidate_component_id": "L35:mlp_out",
      "candidate_layer": 35,
      "candidate_component": "mlp_out",
      "candidate_already_in_threshold_combo": false,
      "n": 12,
      "mean_boost_target_logit": 0.0,
      "mean_total_positive_route_suppression": 0.375,
      "mean_route_suppression_coverage": 1.9166666666666667,
      "mean_margin_gain_donor_vs_routes": -0.00876736111111111,
      "mean_min_margin_gain_donor_vs_routes": -0.2604166666666667,
      "new_donor_top1_rate": 0.5,
      "mean_new_donor_rank": 4.166666666666667,
      "mean_readout_jsd_on_selected_vocab": 0.003828232482465018,
      "mean_donor_selected_prob_gain": 0.0016532072331756353,
      "base_top_class_counts": {
        "donor_answer": 6,
        "other_vocab": 2,
        "echo_object_or_relation": 4
      },
      "new_top_class_counts": {
        "donor_answer": 6,
        "recipient_answer": 2,
        "echo_object_or_relation": 4
      },
      "effect_guess_counts": {
        "global_suppressor_maintenance_candidate": 2,
        "mixed_boost_global_suppressor_closure_candidate": 1,
        "route_specific_suppressor_candidate": 1,
        "harmful_or_competitor_support": 2,
        "booster_maintenance_candidate": 2,
        "small_or_no_effect": 4
      },
      "dominant_effect_guess": "small_or_no_effect",
      "route_summary": {
        "echo_object_or_relation": {
          "mean_route_suppression": 0.025,
          "mean_margin_gain": -0.0625,
          "positive_suppression_rate": 0.5,
          "n": 10
        },
        "format_or_schema": {
          "mean_route_suppression": -0.026041666666666668,
          "mean_margin_gain": -0.026041666666666668,
          "positive_suppression_rate": 0.16666666666666666,
          "n": 12
        },
        "other_semantic_value": {
          "mean_route_suppression": -0.1875,
          "mean_margin_gain": -0.0078125,
          "positive_suppression_rate": 0.25,
          "n": 8
        },
        "other_vocab": {
          "mean_route_suppression": 0.036458333333333336,
          "mean_margin_gain": 0.036458333333333336,
          "positive_suppression_rate": 0.3333333333333333,
          "n": 12
        },
        "punctuation_or_stop": {
          "mean_route_suppression": -0.03515625,
          "mean_margin_gain": -0.05859375,
          "positive_suppression_rate": 0.25,
          "n": 8
        },
        "recipient_answer": {
          "mean_route_suppression": 0.0875,
          "mean_margin_gain": 0.15,
          "positive_suppression_rate": 0.8,
          "n": 10
        }
      }
    },
    {
      "candidate_component_id": "L39:attn_out",
      "candidate_layer": 39,
      "candidate_component": "attn_out",
      "candidate_already_in_threshold_combo": false,
      "n": 12,
      "mean_boost_target_logit": 0.2604166666666667,
      "mean_total_positive_route_suppression": 0.22395833333333334,
      "mean_route_suppression_coverage": 1.0,
      "mean_margin_gain_donor_vs_routes": 0.14713541666666666,
      "mean_min_margin_gain_donor_vs_routes": 0.0,
      "new_donor_top1_rate": 0.5,
      "mean_new_donor_rank": 3.3333333333333335,
      "mean_readout_jsd_on_selected_vocab": 0.0010885994456436335,
      "mean_donor_selected_prob_gain": 0.015500841351846853,
      "base_top_class_counts": {
        "donor_answer": 6,
        "other_vocab": 2,
        "echo_object_or_relation": 4
      },
      "new_top_class_counts": {
        "donor_answer": 6,
        "other_vocab": 2,
        "echo_object_or_relation": 4
      },
      "effect_guess_counts": {
        "small_or_no_effect": 10,
        "booster_candidate": 2
      },
      "dominant_effect_guess": "small_or_no_effect",
      "route_summary": {
        "echo_object_or_relation": {
          "mean_route_suppression": -0.075,
          "mean_margin_gain": 0.175,
          "positive_suppression_rate": 0.2,
          "n": 10
        },
        "format_or_schema": {
          "mean_route_suppression": -0.10416666666666667,
          "mean_margin_gain": 0.15625,
          "positive_suppression_rate": 0.16666666666666666,
          "n": 12
        },
        "other_semantic_value": {
          "mean_route_suppression": -0.2890625,
          "mean_margin_gain": -0.0078125,
          "positive_suppression_rate": 0.25,
          "n": 8
        },
        "other_vocab": {
          "mean_route_suppression": -0.109375,
          "mean_margin_gain": 0.15104166666666666,
          "positive_suppression_rate": 0.16666666666666666,
          "n": 12
        },
        "punctuation_or_stop": {
          "mean_route_suppression": -0.05859375,
          "mean_margin_gain": 0.20703125,
          "positive_suppression_rate": 0.25,
          "n": 8
        },
        "recipient_answer": {
          "mean_route_suppression": -0.0375,
          "mean_margin_gain": 0.2375,
          "positive_suppression_rate": 0.2,
          "n": 10
        }
      }
    },
    {
      "candidate_component_id": "L38:attn_out",
      "candidate_layer": 38,
      "candidate_component": "attn_out",
      "candidate_already_in_threshold_combo": false,
      "n": 12,
      "mean_boost_target_logit": 0.19270833333333334,
      "mean_total_positive_route_suppression": 0.0078125,
      "mean_route_suppression_coverage": 0.08333333333333333,
      "mean_margin_gain_donor_vs_routes": 0.05494791666666667,
      "mean_min_margin_gain_donor_vs_routes": -0.08854166666666667,
      "new_donor_top1_rate": 0.4166666666666667,
      "mean_new_donor_rank": 3.6666666666666665,
      "mean_readout_jsd_on_selected_vocab": 0.0005161716614750803,
      "mean_donor_selected_prob_gain": 0.0037492926542957625,
      "base_top_class_counts": {
        "donor_answer": 6,
        "other_vocab": 2,
        "echo_object_or_relation": 4
      },
      "new_top_class_counts": {
        "donor_answer": 6,
        "other_vocab": 2,
        "echo_object_or_relation": 4
      },
      "effect_guess_counts": {
        "small_or_no_effect": 12
      },
      "dominant_effect_guess": "small_or_no_effect",
      "route_summary": {
        "echo_object_or_relation": {
          "mean_route_suppression": -0.08125,
          "mean_margin_gain": 0.10625,
          "positive_suppression_rate": 0.0,
          "n": 10
        },
        "format_or_schema": {
          "mean_route_suppression": -0.16666666666666666,
          "mean_margin_gain": 0.026041666666666668,
          "positive_suppression_rate": 0.0,
          "n": 12
        },
        "other_semantic_value": {
          "mean_route_suppression": -0.265625,
          "mean_margin_gain": -0.046875,
          "positive_suppression_rate": 0.0,
          "n": 8
        },
        "other_vocab": {
          "mean_route_suppression": -0.109375,
          "mean_margin_gain": 0.08333333333333333,
          "positive_suppression_rate": 0.0,
          "n": 12
        },
        "punctuation_or_stop": {
          "mean_route_suppression": -0.1484375,
          "mean_margin_gain": 0.0546875,
          "positive_suppression_rate": 0.0,
          "n": 8
        },
        "recipient_answer": {
          "mean_route_suppression": -0.06875,
          "mean_margin_gain": 0.1375,
          "positive_suppression_rate": 0.1,
          "n": 10
        }
      }
    }
  ],
  "top_route_summary": [
    {
      "route_class": "recipient_answer",
      "candidate_component_id": "L34:mlp_out",
      "n": 10,
      "mean_route_suppression": 0.171875,
      "positive_suppression_rate": 0.8,
      "mean_margin_gain_donor_vs_route": -0.021875,
      "mean_boost_target_logit": -0.19375,
      "new_donor_top1_rate": 0.6,
      "effect_guess_counts": {
        "global_suppressor_maintenance_candidate": 4,
        "small_or_no_effect": 4,
        "global_suppressor_margin_candidate": 2
      }
    },
    {
      "route_class": "recipient_answer",
      "candidate_component_id": "L35:mlp_out",
      "n": 10,
      "mean_route_suppression": 0.0875,
      "positive_suppression_rate": 0.8,
      "mean_margin_gain_donor_vs_route": 0.15,
      "mean_boost_target_logit": 0.0625,
      "new_donor_top1_rate": 0.6,
      "effect_guess_counts": {
        "global_suppressor_maintenance_candidate": 2,
        "mixed_boost_global_suppressor_closure_candidate": 1,
        "route_specific_suppressor_candidate": 1,
        "harmful_or_competitor_support": 2,
        "booster_maintenance_candidate": 2,
        "small_or_no_effect": 2
      }
    },
    {
      "route_class": "recipient_answer",
      "candidate_component_id": "L36:attn_out",
      "n": 10,
      "mean_route_suppression": 0.06875,
      "positive_suppression_rate": 0.8,
      "mean_margin_gain_donor_vs_route": 0.25,
      "mean_boost_target_logit": 0.18125,
      "new_donor_top1_rate": 0.7,
      "effect_guess_counts": {
        "global_suppressor_maintenance_candidate": 1,
        "small_or_no_effect": 7,
        "mixed_boost_global_suppressor_closure_candidate": 1,
        "global_suppressor_margin_candidate": 1
      }
    },
    {
      "route_class": "recipient_answer",
      "candidate_component_id": "L34:attn_out",
      "n": 10,
      "mean_route_suppression": 0.13125,
      "positive_suppression_rate": 0.6,
      "mean_margin_gain_donor_vs_route": 1.85,
      "mean_boost_target_logit": 1.71875,
      "new_donor_top1_rate": 1.0,
      "effect_guess_counts": {
        "booster_maintenance_candidate": 1,
        "mixed_boost_global_suppressor_maintenance_candidate": 5,
        "booster_candidate": 2,
        "mixed_boost_global_suppressor_closure_candidate": 2
      }
    },
    {
      "route_class": "recipient_answer",
      "candidate_component_id": "L35:attn_out",
      "n": 10,
      "mean_route_suppression": 0.078125,
      "positive_suppression_rate": 0.6,
      "mean_margin_gain_donor_vs_route": 0.428125,
      "mean_boost_target_logit": 0.35,
      "new_donor_top1_rate": 0.8,
      "effect_guess_counts": {
        "mixed_boost_global_suppressor_maintenance_candidate": 2,
        "booster_candidate": 2,
        "booster_maintenance_candidate": 2,
        "small_or_no_effect": 4
      }
    },
    {
      "route_class": "recipient_answer",
      "candidate_component_id": "L36:mlp_out",
      "n": 10,
      "mean_route_suppression": -0.6875,
      "positive_suppression_rate": 0.6,
      "mean_margin_gain_donor_vs_route": -1.125,
      "mean_boost_target_logit": -0.4375,
      "new_donor_top1_rate": 0.4,
      "effect_guess_counts": {
        "global_suppressor_maintenance_candidate": 6,
        "harmful_or_competitor_support": 2,
        "global_suppressor_margin_candidate": 1,
        "booster_candidate": 1
      }
    },
    {
      "route_class": "recipient_answer",
      "candidate_component_id": "L37:attn_out",
      "n": 10,
      "mean_route_suppression": -0.00625,
      "positive_suppression_rate": 0.2,
      "mean_margin_gain_donor_vs_route": 0.4,
      "mean_boost_target_logit": 0.40625,
      "new_donor_top1_rate": 0.8,
      "effect_guess_counts": {
        "global_suppressor_maintenance_candidate": 2,
        "small_or_no_effect": 6,
        "booster_candidate": 2
      }
    },
    {
      "route_class": "recipient_answer",
      "candidate_component_id": "L39:attn_out",
      "n": 10,
      "mean_route_suppression": -0.0375,
      "positive_suppression_rate": 0.2,
      "mean_margin_gain_donor_vs_route": 0.2375,
      "mean_boost_target_logit": 0.275,
      "new_donor_top1_rate": 0.6,
      "effect_guess_counts": {
        "small_or_no_effect": 8,
        "booster_candidate": 2
      }
    },
    {
      "route_class": "recipient_answer",
      "candidate_component_id": "L38:attn_out",
      "n": 10,
      "mean_route_suppression": -0.06875,
      "positive_suppression_rate": 0.1,
      "mean_margin_gain_donor_vs_route": 0.1375,
      "mean_boost_target_logit": 0.20625,
      "new_donor_top1_rate": 0.5,
      "effect_guess_counts": {
        "small_or_no_effect": 10
      }
    },
    {
      "route_class": "punctuation_or_stop",
      "candidate_component_id": "L34:mlp_out",
      "n": 8,
      "mean_route_suppression": 0.18359375,
      "positive_suppression_rate": 0.75,
      "mean_margin_gain_donor_vs_route": 0.12890625,
      "mean_boost_target_logit": -0.0546875,
      "new_donor_top1_rate": 0.25,
      "effect_guess_counts": {
        "global_suppressor_maintenance_candidate": 2,
        "small_or_no_effect": 4,
        "global_suppressor_margin_candidate": 2
      }
    },
    {
      "route_class": "punctuation_or_stop",
      "candidate_component_id": "L35:attn_out",
      "n": 8,
      "mean_route_suppression": 0.0859375,
      "positive_suppression_rate": 0.75,
      "mean_margin_gain_donor_vs_route": 0.7109375,
      "mean_boost_target_logit": 0.625,
      "new_donor_top1_rate": 0.5,
      "effect_guess_counts": {
        "mixed_boost_global_suppressor_maintenance_candidate": 2,
        "booster_candidate": 2,
        "global_suppressor_margin_candidate": 2,
        "small_or_no_effect": 2
      }
    },
    {
      "route_class": "punctuation_or_stop",
      "candidate_component_id": "L36:attn_out",
      "n": 8,
      "mean_route_suppression": 0.1015625,
      "positive_suppression_rate": 0.625,
      "mean_margin_gain_donor_vs_route": 0.4609375,
      "mean_boost_target_logit": 0.359375,
      "new_donor_top1_rate": 0.375,
      "effect_guess_counts": {
        "global_suppressor_maintenance_candidate": 1,
        "small_or_no_effect": 3,
        "mixed_boost_global_suppressor_closure_candidate": 1,
        "global_suppressor_margin_candidate": 1,
        "booster_candidate": 2
      }
    }
  ]
}
