[21:50:24] deepseek7b/main: focus=clean_fiber_high cases=5 variants=without_candidate_list,constrained_free_prompt,with_candidate_list sources=['instruction_core', 'format_cue', 'candidate_list', 'answer_prefix', 'object_tokens', 'relation_tokens', 'semantic_pair', 'task_frame_without_semantic']
[21:50:25] [load] deepseek7b: bf16 device_map=auto attn=eager quantization=off
`torch_dtype` is deprecated! Use `dtype` instead!
Loading weights:   0%|          | 0/339 [00:00<?, ?it/s]Loading weights:   1%|          | 2/339 [00:00<00:29, 11.57it/s]Loading weights:   7%|▋         | 24/339 [00:00<00:03, 100.64it/s]Loading weights:  17%|█▋        | 57/339 [00:00<00:01, 180.21it/s]Loading weights:  26%|██▋       | 89/339 [00:00<00:01, 225.97it/s]Loading weights:  35%|███▌      | 120/339 [00:00<00:00, 246.31it/s]Loading weights:  44%|████▍     | 150/339 [00:00<00:00, 259.68it/s]Loading weights:  55%|█████▍    | 185/339 [00:00<00:00, 276.27it/s]Loading weights:  63%|██████▎   | 214/339 [00:00<00:00, 272.96it/s]Loading weights:  71%|███████▏  | 242/339 [00:01<00:00, 259.35it/s]Loading weights:  83%|████████▎ | 280/339 [00:01<00:00, 284.23it/s]Loading weights:  91%|█████████ | 309/339 [00:01<00:00, 274.17it/s]Loading weights: 100%|██████████| 339/339 [00:01<00:00, 247.45it/s]
[21:50:27] [load] deepseek7b: loaded eager, device=cuda:0, gpu=15.23GB
[21:51:24] deepseek7b: semantic latent audit 1/5 cases; rows=25
[21:52:20] deepseek7b: semantic latent audit 2/5 cases; rows=50
[21:53:15] deepseek7b: semantic latent audit 3/5 cases; rows=75
[21:54:11] deepseek7b: semantic latent audit 4/5 cases; rows=100
[21:55:07] deepseek7b: semantic latent audit 5/5 cases; rows=125
[model_utils] GPU memory released, allocated=15.24 GB
{
  "model": "deepseek7b",
  "round": "main",
  "n_cases": 5,
  "by_prompt_observation": [
    {
      "prompt_variant": "without_candidate_list",
      "n": 5,
      "case_n": 5,
      "base_top1_rate": 0.0,
      "latent_pool_hit_rate": 0.8,
      "pool_target_top1_rate": 0.8,
      "mean_base_target_rank": 4177.0,
      "mean_pool_target_rank": 1.2,
      "mean_base_margin": 5.2431640625,
      "mean_pool_margin_target_vs_best_other": 3.4423828125
    },
    {
      "prompt_variant": "with_candidate_list",
      "n": 5,
      "case_n": 5,
      "base_top1_rate": 0.6,
      "latent_pool_hit_rate": 0.2,
      "pool_target_top1_rate": 0.8,
      "mean_base_target_rank": 2.2,
      "mean_pool_target_rank": 1.2,
      "mean_base_margin": 3.93125,
      "mean_pool_margin_target_vs_best_other": 2.875
    },
    {
      "prompt_variant": "constrained_free_prompt",
      "n": 5,
      "case_n": 5,
      "base_top1_rate": 0.0,
      "latent_pool_hit_rate": 0.8,
      "pool_target_top1_rate": 0.8,
      "mean_base_target_rank": 1420.0,
      "mean_pool_target_rank": 1.2,
      "mean_base_margin": 5.59375,
      "mean_pool_margin_target_vs_best_other": 3.50625
    }
  ],
  "by_prompt_effect": [
    {
      "prompt_variant": "without_candidate_list",
      "candidate_kind": "source_group_top_component",
      "n": 35,
      "case_n": 5,
      "mean_target_logit_drop": 0.03302525111607143,
      "mean_margin_drop_target_vs_contrast": 0.22218540736607142,
      "mean_target_rank_delta": -1152.2571428571428,
      "mean_pool_rank_delta": 0.08571428571428572,
      "mean_pool_margin_drop": 0.1473109654017857,
      "mean_attention_mass": 0.41366203938211715,
      "mean_direct_target_boost": 1.0807634981615202,
      "mean_direct_route_suppression": 2.6943075684564453,
      "top1_loss_rate": 0.0,
      "pool_top1_loss_rate": 0.0
    },
    {
      "prompt_variant": "with_candidate_list",
      "candidate_kind": "source_group_top_component",
      "n": 40,
      "case_n": 5,
      "mean_target_logit_drop": 0.1015625,
      "mean_margin_drop_target_vs_contrast": 0.1046875,
      "mean_target_rank_delta": 0.1,
      "mean_pool_rank_delta": 0.0,
      "mean_pool_margin_drop": 0.09375,
      "mean_attention_mass": 0.4051573991775513,
      "mean_direct_target_boost": 3.1358616946265103,
      "mean_direct_route_suppression": 1.0163337292149663,
      "top1_loss_rate": 0.0,
      "pool_top1_loss_rate": 0.0
    },
    {
      "prompt_variant": "constrained_free_prompt",
      "candidate_kind": "source_group_top_component",
      "n": 35,
      "case_n": 5,
      "mean_target_logit_drop": 0.07645089285714286,
      "mean_margin_drop_target_vs_contrast": 0.140625,
      "mean_target_rank_delta": -153.17142857142858,
      "mean_pool_rank_delta": 0.0,
      "mean_pool_margin_drop": 0.04877232142857143,
      "mean_attention_mass": 0.389702878679548,
      "mean_direct_target_boost": 1.1478992736765317,
      "mean_direct_route_suppression": 1.2120594214115823,
      "top1_loss_rate": 0.0,
      "pool_top1_loss_rate": 0.0
    }
  ]
}
