[17:00:52] glm4/smoke: semantic_tasks=6 sources=['target_record_line', 'target_value_tokens', 'object_tokens']
[17:00:53] [load] glm4: bf16 device_map=auto attn=eager quantization=off
`torch_dtype` is deprecated! Use `dtype` instead!
Loading weights:   0%|          | 0/443 [00:00<?, ?it/s]Loading weights:   0%|          | 2/443 [00:00<00:46,  9.39it/s]Loading weights:   5%|▍         | 21/443 [00:00<00:05, 80.57it/s]Loading weights:  14%|█▎        | 60/443 [00:00<00:02, 185.16it/s]Loading weights:  21%|██        | 93/443 [00:00<00:01, 200.35it/s]Loading weights:  31%|███       | 137/443 [00:00<00:01, 263.64it/s]Loading weights:  38%|███▊      | 170/443 [00:00<00:00, 279.43it/s]Loading weights:  45%|████▌     | 200/443 [00:00<00:00, 283.16it/s]Loading weights:  52%|█████▏    | 232/443 [00:00<00:00, 288.50it/s]Loading weights:  61%|██████    | 269/443 [00:01<00:00, 303.68it/s]Loading weights:  68%|██████▊   | 302/443 [00:01<00:00, 305.62it/s]Loading weights:  76%|███████▌  | 335/443 [00:01<00:00, 308.36it/s]Loading weights:  83%|████████▎ | 367/443 [00:01<00:00, 301.49it/s]Loading weights:  91%|█████████ | 401/443 [00:01<00:00, 309.06it/s]Loading weights:  98%|█████████▊| 434/443 [00:01<00:00, 305.36it/s]Loading weights: 100%|██████████| 443/443 [00:01<00:00, 268.82it/s]
[17:00:55] [load] glm4: loaded eager, device=cuda:0, gpu=18.80GB
[17:00:57] glm4: candidates=2 embedding_nn=0.0
[17:00:58] glm4: semantic fibers 2/6 tasks; rows=14
[17:00:59] glm4: semantic fibers 4/6 tasks; rows=28
[17:01:00] glm4: semantic fibers 6/6 tasks; rows=42
[model_utils] GPU memory released, allocated=18.81 GB
{
  "model": "glm4",
  "round": "smoke",
  "n_tasks": 6,
  "n_features": 768,
  "interface_status": "semantic_numeric_interface_not_established",
  "causal_centered": {
    "same_domain_mean": null,
    "different_domain_mean": -0.12087487856771764,
    "separation": 0.12087487856771764,
    "same_n": 0,
    "different_n": 15
  },
  "causal_centered_nn": 0.0,
  "embedding_nn": 0.0
}
