[17:01:02] deepseek7b/smoke: semantic_tasks=6 sources=['target_record_line', 'target_value_tokens', 'object_tokens']
[17:01:02] [load] deepseek7b: bf16 device_map=auto attn=eager quantization=off
`torch_dtype` is deprecated! Use `dtype` instead!
Loading weights:   0%|          | 0/339 [00:00<?, ?it/s]Loading weights:   3%|▎         | 11/339 [00:00<00:03, 100.84it/s]Loading weights:  15%|█▌        | 52/339 [00:00<00:01, 265.38it/s]Loading weights:  23%|██▎       | 79/339 [00:00<00:01, 250.10it/s]Loading weights:  32%|███▏      | 107/339 [00:00<00:00, 237.53it/s]Loading weights:  44%|████▍     | 149/339 [00:00<00:00, 293.17it/s]Loading weights:  53%|█████▎    | 180/339 [00:00<00:00, 287.89it/s]Loading weights:  62%|██████▏   | 210/339 [00:00<00:00, 277.27it/s]Loading weights:  71%|███████   | 239/339 [00:00<00:00, 261.27it/s]Loading weights:  82%|████████▏ | 277/339 [00:01<00:00, 294.04it/s]Loading weights:  91%|█████████ | 307/339 [00:01<00:00, 271.88it/s]Loading weights: 100%|██████████| 339/339 [00:01<00:00, 273.04it/s]
[17:01:04] [load] deepseek7b: loaded eager, device=cuda:0, gpu=15.23GB
[17:01:06] deepseek7b: candidates=2 embedding_nn=0.0
[17:01:07] deepseek7b: semantic fibers 2/6 tasks; rows=14
[17:01:07] deepseek7b: semantic fibers 4/6 tasks; rows=28
[17:01:08] deepseek7b: semantic fibers 6/6 tasks; rows=42
[model_utils] GPU memory released, allocated=15.24 GB
{
  "model": "deepseek7b",
  "round": "smoke",
  "n_tasks": 6,
  "n_features": 792,
  "interface_status": "semantic_numeric_interface_not_established",
  "causal_centered": {
    "same_domain_mean": null,
    "different_domain_mean": -0.1707351880964806,
    "separation": 0.1707351880964806,
    "same_n": 0,
    "different_n": 15
  },
  "causal_centered_nn": 0.0,
  "embedding_nn": 0.0
}
