`torch_dtype` is deprecated! Use `dtype` instead!
Loading weights:   0%|          | 0/443 [00:00<?, ?it/s]Loading weights:   0%|          | 2/443 [00:00<00:45,  9.59it/s]Loading weights:   6%|▌         | 27/443 [00:00<00:03, 105.73it/s]Loading weights:  12%|█▏        | 51/443 [00:00<00:02, 150.53it/s]Loading weights:  21%|██        | 93/443 [00:00<00:01, 232.77it/s]Loading weights:  28%|██▊       | 125/443 [00:00<00:01, 255.82it/s]Loading weights:  36%|███▌      | 159/443 [00:00<00:01, 275.08it/s]Loading weights:  44%|████▎     | 193/443 [00:00<00:00, 292.58it/s]Loading weights:  52%|█████▏    | 231/443 [00:00<00:00, 314.10it/s]Loading weights:  60%|█████▉    | 264/443 [00:01<00:00, 317.09it/s]Loading weights:  67%|██████▋   | 297/443 [00:01<00:00, 320.73it/s]Loading weights:  74%|███████▍  | 330/443 [00:01<00:00, 320.02it/s]Loading weights:  82%|████████▏ | 363/443 [00:01<00:00, 318.19it/s]Loading weights:  89%|████████▉ | 396/443 [00:01<00:00, 294.05it/s]Loading weights:  98%|█████████▊| 434/443 [00:01<00:00, 316.65it/s]Loading weights: 100%|██████████| 443/443 [00:01<00:00, 276.53it/s]
[13:53:47] Loaded glm4: class=GlmForCausalLM, GPU=18.80GB, attn=eager
[13:53:48] glm4: cached 5/5 paired cases
[13:53:57] glm4: patched 5/5 paired cases
[model_utils] GPU memory released, allocated=18.87 GB
{
  "layers": [
    38,
    39
  ],
  "model": "glm4",
  "n_paired_cases": 5,
  "n_rows": 200,
  "phase": 688,
  "summary": {
    "by_condition": {
      "cross_donor|same_family_diff_value_remove_donor_delta|L38_layer_input": {
        "baseline_terse_top1_rate": 1.0,
        "drop_rate": 0.2,
        "mean_patched_pmv": -3.0125,
        "mean_patched_rank": 1.4,
        "mean_pmv_increase_from_terse": 0.7375,
        "mean_rank_increase_from_terse": 0.4,
        "mean_short_pmv": -2.225,
        "mean_short_rank": 2.0,
        "mean_terse_pmv": -3.75,
        "mean_terse_rank": 1.0,
        "n": 5,
        "patched_best_other_route": {
          "continuation": 5
        },
        "patched_top1_rate": 0.8
      },
      "cross_donor|same_family_diff_value_remove_donor_delta|L38_layer_out": {
        "baseline_terse_top1_rate": 1.0,
        "drop_rate": 0.2,
        "mean_patched_pmv": -3.29375,
        "mean_patched_rank": 1.4,
        "mean_pmv_increase_from_terse": 0.45625,
        "mean_rank_increase_from_terse": 0.4,
        "mean_short_pmv": -2.225,
        "mean_short_rank": 2.0,
        "mean_terse_pmv": -3.75,
        "mean_terse_rank": 1.0,
        "n": 5,
        "patched_best_other_route": {
          "continuation": 5
        },
        "patched_top1_rate": 0.8
      },
      "cross_donor|same_family_diff_value_remove_donor_delta|L39_layer_input": {
        "baseline_terse_top1_rate": 1.0,
        "drop_rate": 0.2,
        "mean_patched_pmv": -3.29375,
        "mean_patched_rank": 1.4,
        "mean_pmv_increase_from_terse": 0.45625,
        "mean_rank_increase_from_terse": 0.4,
        "mean_short_pmv": -2.225,
        "mean_short_rank": 2.0,
        "mean_terse_pmv": -3.75,
        "mean_terse_rank": 1.0,
        "n": 5,
        "patched_best_other_route": {
          "continuation": 5
        },
        "patched_top1_rate": 0.8
      },
      "cross_donor|same_family_diff_value_remove_donor_delta|L39_layer_out": {
        "baseline_terse_top1_rate": 1.0,
        "drop_rate": 0.2,
        "mean_patched_pmv": -4.0875,
        "mean_patched_rank": 1.2,
        "mean_pmv_increase_from_terse": -0.3375,
        "mean_rank_increase_from_terse": 0.2,
        "mean_short_pmv": -2.225,
        "mean_short_rank": 2.0,
        "mean_terse_pmv": -3.75,
        "mean_terse_rank": 1.0,
        "n": 5,
        "patched_best_other_route": {
          "continuation": 4,
          "prose": 1
        },
        "patched_top1_rate": 0.8
      },
      "cross_donor|same_family_diff_value_short_replace|L38_layer_input": {
        "baseline_terse_top1_rate": 1.0,
        "drop_rate": 1.0,
        "mean_patched_pmv": 7.157421875,
        "mean_patched_rank": 1701.4,
        "mean_pmv_increase_from_terse": 10.907421875,
        "mean_rank_increase_from_terse": 1700.4,
        "mean_short_pmv": -2.225,
        "mean_short_rank": 2.0,
        "mean_terse_pmv": -3.75,
        "mean_terse_rank": 1.0,
        "n": 5,
        "patched_best_other_route": {
          "continuation": 5
        },
        "patched_top1_rate": 0.0
      },
      "cross_donor|same_family_diff_value_short_replace|L38_layer_out": {
        "baseline_terse_top1_rate": 1.0,
        "drop_rate": 1.0,
        "mean_patched_pmv": 7.249609375,
        "mean_patched_rank": 1829.0,
        "mean_pmv_increase_from_terse": 10.999609375,
        "mean_rank_increase_from_terse": 1828.0,
        "mean_short_pmv": -2.225,
        "mean_short_rank": 2.0,
        "mean_terse_pmv": -3.75,
        "mean_terse_rank": 1.0,
        "n": 5,
        "patched_best_other_route": {
          "continuation": 5
        },
        "patched_top1_rate": 0.0
      },
      "cross_donor|same_family_diff_value_short_replace|L39_layer_input": {
        "baseline_terse_top1_rate": 1.0,
        "drop_rate": 1.0,
        "mean_patched_pmv": 7.249609375,
        "mean_patched_rank": 1829.0,
        "mean_pmv_increase_from_terse": 10.999609375,
        "mean_rank_increase_from_terse": 1828.0,
        "mean_short_pmv": -2.225,
        "mean_short_rank": 2.0,
        "mean_terse_pmv": -3.75,
        "mean_terse_rank": 1.0,
        "n": 5,
        "patched_best_other_route": {
          "continuation": 5
        },
        "patched_top1_rate": 0.0
      },
      "cross_donor|same_family_diff_value_short_replace|L39_layer_out": {
        "baseline_terse_top1_rate": 1.0,
        "drop_rate": 1.0,
        "mean_patched_pmv": 7.2453125,
        "mean_patched_rank": 1798.2,
        "mean_pmv_increase_from_terse": 10.9953125,
        "mean_rank_increase_from_terse": 1797.2,
        "mean_short_pmv": -2.225,
        "mean_short_rank": 2.0,
        "mean_terse_pmv": -3.75,
        "mean_terse_rank": 1.0,
        "n": 5,
        "patched_best_other_route": {
          "continuation": 5
        },
        "patched_top1_rate": 0.0
      },
      "cross_donor|same_relation_diff_value_remove_donor_delta|L38_layer_input": {
        "baseline_terse_top1_rate": 1.0,
        "drop_rate": 0.2,
        "mean_patched_pmv": -3.64375,
        "mean_patched_rank": 1.4,
        "mean_pmv_increase_from_terse": 0.10625,
        "mean_rank_increase_from_terse": 0.4,
        "mean_short_pmv": -2.225,
        "mean_short_rank": 2.0,
        "mean_terse_pmv": -3.75,
        "mean_terse_rank": 1.0,
        "n": 5,
        "patched_best_other_route": {
          "continuation": 5
        },
        "patched_top1_rate": 0.8
      },
      "cross_donor|same_relation_diff_value_remove_donor_delta|L38_layer_out": {
        "baseline_terse_top1_rate": 1.0,
        "drop_rate": 0.4,
        "mean_patched_pmv": -3.99375,
        "mean_patched_rank": 1.6,
        "mean_pmv_increase_from_terse": -0.24375,
        "mean_rank_increase_from_terse": 0.6,
        "mean_short_pmv": -2.225,
        "mean_short_rank": 2.0,
        "mean_terse_pmv": -3.75,
        "mean_terse_rank": 1.0,
        "n": 5,
        "patched_best_other_route": {
          "continuation": 5
        },
        "patched_top1_rate": 0.6
      },
      "cross_donor|same_relation_diff_value_remove_donor_delta|L39_layer_input": {
        "baseline_terse_top1_rate": 1.0,
        "drop_rate": 0.4,
        "mean_patched_pmv": -3.99375,
        "mean_patched_rank": 1.6,
        "mean_pmv_increase_from_terse": -0.24375,
        "mean_rank_increase_from_terse": 0.6,
        "mean_short_pmv": -2.225,
        "mean_short_rank": 2.0,
        "mean_terse_pmv": -3.75,
        "mean_terse_rank": 1.0,
        "n": 5,
        "patched_best_other_route": {
          "continuation": 5
        },
        "patched_top1_rate": 0.6
      },
      "cross_donor|same_relation_diff_value_remove_donor_delta|L39_layer_out": {
        "baseline_terse_top1_rate": 1.0,
        "drop_rate": 0.2,
        "mean_patched_pmv": -4.8875,
        "mean_patched_rank": 1.2,
        "mean_pmv_increase_from_terse": -1.1375,
        "mean_rank_increase_from_terse": 0.2,
        "mean_short_pmv": -2.225,
        "mean_short_rank": 2.0,
        "mean_terse_pmv": -3.75,
        "mean_terse_rank": 1.0,
        "n": 5,
        "patched_best_other_route": {
          "continuation": 4,
          "prose": 1
        },
        "patched_top1_rate": 0.8
      },
      "cross_donor|same_relation_diff_value_short_replace|L38_layer_input": {
        "baseline_terse_top1_rate": 1.0,
        "drop_rate": 1.0,
        "mean_patched_pmv": 6.2828125,
        "mean_patched_rank": 1082.8,
        "mean_pmv_increase_from_terse": 10.0328125,
        "mean_rank_increase_from_terse": 1081.8,
        "mean_short_pmv": -2.225,
        "mean_short_rank": 2.0,
        "mean_terse_pmv": -3.75,
        "mean_terse_rank": 1.0,
        "n": 5,
        "patched_best_other_route": {
          "continuation": 5
        },
        "patched_top1_rate": 0.0
      },
      "cross_donor|same_relation_diff_value_short_replace|L38_layer_out": {
        "baseline_terse_top1_rate": 1.0,
        "drop_rate": 1.0,
        "mean_patched_pmv": 6.34140625,
        "mean_patched_rank": 1136.4,
        "mean_pmv_increase_from_terse": 10.09140625,
        "mean_rank_increase_from_terse": 1135.4,
        "mean_short_pmv": -2.225,
        "mean_short_rank": 2.0,
        "mean_terse_pmv": -3.75,
        "mean_terse_rank": 1.0,
        "n": 5,
        "patched_best_other_route": {
          "continuation": 5
        },
        "patched_top1_rate": 0.0
      },
      "cross_donor|same_relation_diff_value_short_replace|L39_layer_input": {
        "baseline_terse_top1_rate": 1.0,
        "drop_rate": 1.0,
        "mean_patched_pmv": 6.34140625,
        "mean_patched_rank": 1136.4,
        "mean_pmv_increase_from_terse": 10.09140625,
        "mean_rank_increase_from_terse": 1135.4,
        "mean_short_pmv": -2.225,
        "mean_short_rank": 2.0,
        "mean_terse_pmv": -3.75,
        "mean_terse_rank": 1.0,
        "n": 5,
        "patched_best_other_route": {
          "continuation": 5
        },
        "patched_top1_rate": 0.0
      },
      "cross_donor|same_relation_diff_value_short_replace|L39_layer_out": {
        "baseline_terse_top1_rate": 1.0,
        "drop_rate": 1.0,
        "mean_patched_pmv": 6.3625,
        "mean_patched_rank": 1205.4,
        "mean_pmv_increase_from_terse": 10.1125,
        "mean_rank_increase_from_terse": 1204.4,
        "mean_short_pmv": -2.225,
        "mean_short_rank": 2.0,
        "mean_terse_pmv": -3.75,
        "mean_terse_rank": 1.0,
        "n": 5,
        "patched_best_other_route": {
          "continuation": 5
        },
        "patched_top1_rate": 0.0
      },
      "same_case|random_same_norm_add|L38_attn_out": {
        "baseline_terse_top1_rate": 1.0,
        "drop_rate": 0.0,
        "mean_patched_pmv": -3.7625,
        "mean_patched_rank": 1.0,
        "mean_pmv_increase_from_terse": -0.0125,
        "mean_rank_increase_from_terse": 0.0,
        "mean_short_pmv": -2.225,
        "mean_short_rank": 2.0,
        "mean_terse_pmv": -3.75,
        "mean_terse_rank": 1.0,
        "n": 5,
        "patched_best_other_route": {
          "prose": 5
        },
        "patched_top1_rate": 1.0
      },
      "same_case|random_same_norm_add|L38_layer_input": {
        "baseline_terse_top1_rate": 1.0,
        "drop_rate": 0.2,
        "mean_patched_pmv": -2.275,
        "mean_patched_rank": 10.0,
        "mean_pmv_increase_from_terse": 1.475,
        "mean_rank_increase_from_terse": 9.0,
        "mean_short_pmv": -2.225,
        "mean_short_rank": 2.0,
        "mean_terse_pmv": -3.75,
        "mean_terse_rank": 1.0,
        "n": 5,
        "patched_best_other_route": {
          "continuation": 2,
          "prose": 3
        },
        "patched_top1_rate": 0.8
      },
      "same_case|random_same_norm_add|L38_layer_out": {
        "baseline_terse_top1_rate": 1.0,
        "drop_rate": 0.0,
        "mean_patched_pmv": -3.8,
        "mean_patched_rank": 1.0,
        "mean_pmv_increase_from_terse": -0.05,
        "mean_rank_increase_from_terse": 0.0,
        "mean_short_pmv": -2.225,
        "mean_short_rank": 2.0,
        "mean_terse_pmv": -3.75,
        "mean_terse_rank": 1.0,
        "n": 5,
        "patched_best_other_route": {
          "continuation": 1,
          "prose": 4
        },
        "patched_top1_rate": 1.0
      },
      "same_case|random_same_norm_add|L38_mlp_out": {
        "baseline_terse_top1_rate": 1.0,
        "drop_rate": 0.0,
        "mean_patched_pmv": -3.8125,
        "mean_patched_rank": 1.0,
        "mean_pmv_increase_from_terse": -0.0625,
        "mean_rank_increase_from_terse": 0.0,
        "mean_short_pmv": -2.225,
        "mean_short_rank": 2.0,
        "mean_terse_pmv": -3.75,
        "mean_terse_rank": 1.0,
        "n": 5,
        "patched_best_other_route": {
          "continuation": 1,
          "prose": 4
        },
        "patched_top1_rate": 1.0
      },
      "same_case|random_same_norm_add|L39_attn_out": {
        "baseline_terse_top1_rate": 1.0,
        "drop_rate": 0.0,
        "mean_patched_pmv": -3.7125,
        "mean_patched_rank": 1.0,
        "mean_pmv_increase_from_terse": 0.0375,
        "mean_rank_increase_from_terse": 0.0,
        "mean_short_pmv": -2.225,
        "mean_short_rank": 2.0,
        "mean_terse_pmv": -3.75,
        "mean_terse_rank": 1.0,
        "n": 5,
        "patched_best_other_route": {
          "prose": 5
        },
        "patched_top1_rate": 1.0
      },
      "same_case|random_same_norm_add|L39_layer_input": {
        "baseline_terse_top1_rate": 1.0,
        "drop_rate": 0.2,
        "mean_patched_pmv": -3.275,
        "mean_patched_rank": 1.2,
        "mean_pmv_increase_from_terse": 0.475,
        "mean_rank_increase_from_terse": 0.2,
        "mean_short_pmv": -2.225,
        "mean_short_rank": 2.0,
        "mean_terse_pmv": -3.75,
        "mean_terse_rank": 1.0,
        "n": 5,
        "patched_best_other_route": {
          "prose": 5
        },
        "patched_top1_rate": 0.8
      },
      "same_case|random_same_norm_add|L39_layer_out": {
        "baseline_terse_top1_rate": 1.0,
        "drop_rate": 0.0,
        "mean_patched_pmv": -3.1125,
        "mean_patched_rank": 1.0,
        "mean_pmv_increase_from_terse": 0.6375,
        "mean_rank_increase_from_terse": 0.0,
        "mean_short_pmv": -2.225,
        "mean_short_rank": 2.0,
        "mean_terse_pmv": -3.75,
        "mean_terse_rank": 1.0,
        "n": 5,
        "patched_best_other_route": {
          "prose": 5
        },
        "patched_top1_rate": 1.0
      },
      "same_case|random_same_norm_add|L39_mlp_out": {
        "baseline_terse_top1_rate": 1.0,
        "drop_rate": 0.0,
        "mean_patched_pmv": -3.3375,
        "mean_patched_rank": 1.0,
        "mean_pmv_increase_from_terse": 0.4125,
        "mean_rank_increase_from_terse": 0.0,
        "mean_short_pmv": -2.225,
        "mean_short_rank": 2.0,
        "mean_terse_pmv": -3.75,
        "mean_terse_rank": 1.0,
        "n": 5,
        "patched_best_other_route": {
          "prose": 5
        },
        "patched_top1_rate": 1.0
      },
      "same_case|same_case_remove_delta|L38_attn_out": {
        "baseline_terse_top1_rate": 1.0,
        "drop_rate": 0.0,
        "mean_patched_pmv": -3.775,
        "mean_patched_rank": 1.0,
        "mean_pmv_increase_from_terse": -0.025,
        "mean_rank_increase_from_terse": 0.0,
        "mean_short_pmv": -2.225,
        "mean_short_rank": 2.0,
        "mean_terse_pmv": -3.75,
        "mean_terse_rank": 1.0,
        "n": 5,
        "patched_best_other_route": {
          "prose": 5
        },
        "patched_top1_rate": 1.0
      },
      "same_case|same_case_remove_delta|L38_layer_input": {
        "baseline_terse_top1_rate": 1.0,
        "drop_rate": 1.0,
        "mean_patched_pmv": -2.2,
        "mean_patched_rank": 2.0,
        "mean_pmv_increase_from_terse": 1.55,
        "mean_rank_increase_from_terse": 1.0,
        "mean_short_pmv": -2.225,
        "mean_short_rank": 2.0,
        "mean_terse_pmv": -3.75,
        "mean_terse_rank": 1.0,
        "n": 5,
        "patched_best_other_route": {
          "continuation": 5
        },
        "patched_top1_rate": 0.0
      },
      "same_case|same_case_remove_delta|L38_layer_out": {
        "baseline_terse_top1_rate": 1.0,
        "drop_rate": 1.0,
        "mean_patched_pmv": -2.2125,
        "mean_patched_rank": 2.0,
        "mean_pmv_increase_from_terse": 1.5375,
        "mean_rank_increase_from_terse": 1.0,
        "mean_short_pmv": -2.225,
        "mean_short_rank": 2.0,
        "mean_terse_pmv": -3.75,
        "mean_terse_rank": 1.0,
        "n": 5,
        "patched_best_other_route": {
          "continuation": 5
        },
        "patched_top1_rate": 0.0
      },
      "same_case|same_case_remove_delta|L38_mlp_out": {
        "baseline_terse_top1_rate": 1.0,
        "drop_rate": 0.0,
        "mean_patched_pmv": -3.5125,
        "mean_patched_rank": 1.0,
        "mean_pmv_increase_from_terse": 0.2375,
        "mean_rank_increase_from_terse": 0.0,
        "mean_short_pmv": -2.225,
        "mean_short_rank": 2.0,
        "mean_terse_pmv": -3.75,
        "mean_terse_rank": 1.0,
        "n": 5,
        "patched_best_other_route": {
          "continuation": 4,
          "prose": 1
        },
        "patched_top1_rate": 1.0
      },
      "same_case|same_case_remove_delta|L39_attn_out": {
        "baseline_terse_top1_rate": 1.0,
        "drop_rate": 0.0,
        "mean_patched_pmv": -3.7,
        "mean_patched_rank": 1.0,
        "mean_pmv_increase_from_terse": 0.05,
        "mean_rank_increase_from_terse": 0.0,
        "mean_short_pmv": -2.225,
        "mean_short_rank": 2.0,
        "mean_terse_pmv": -3.75,
        "mean_terse_rank": 1.0,
        "n": 5,
        "patched_best_other_route": {
          "prose": 5
        },
        "patched_top1_rate": 1.0
      },
      "same_case|same_case_remove_delta|L39_layer_input": {
        "baseline_terse_top1_rate": 1.0,
        "drop_rate": 1.0,
        "mean_patched_pmv": -2.2125,
        "mean_patched_rank": 2.0,
        "mean_pmv_increase_from_terse": 1.5375,
        "mean_rank_increase_from_terse": 1.0,
        "mean_short_pmv": -2.225,
        "mean_short_rank": 2.0,
        "mean_terse_pmv": -3.75,
        "mean_terse_rank": 1.0,
        "n": 5,
        "patched_best_other_route": {
          "continuation": 5
        },
        "patched_top1_rate": 0.0
      },
      "same_case|same_case_remove_delta|L39_layer_out": {
        "baseline_terse_top1_rate": 1.0,
        "drop_rate": 1.0,
        "mean_patched_pmv": -2.225,
        "mean_patched_rank": 2.0,
        "mean_pmv_increase_from_terse": 1.525,
        "mean_rank_increase_from_terse": 1.0,
        "mean_short_pmv": -2.225,
        "mean_short_rank": 2.0,
        "mean_terse_pmv": -3.75,
        "mean_terse_rank": 1.0,
        "n": 5,
        "patched_best_other_route": {
          "continuation": 5
        },
        "patched_top1_rate": 0.0
      },
      "same_case|same_case_remove_delta|L39_mlp_out": {
        "baseline_terse_top1_rate": 1.0,
        "drop_rate": 0.0,
        "mean_patched_pmv": -4.0,
        "mean_patched_rank": 1.0,
        "mean_pmv_increase_from_terse": -0.25,
        "mean_rank_increase_from_terse": 0.0,
        "mean_short_pmv": -2.225,
        "mean_short_rank": 2.0,
        "mean_terse_pmv": -3.75,
        "mean_terse_rank": 1.0,
        "n": 5,
        "patched_best_other_route": {
          "prose": 5
        },
        "patched_top1_rate": 1.0
      },
      "same_case|same_case_replace_short|L38_attn_out": {
        "baseline_terse_top1_rate": 1.0,
        "drop_rate": 0.0,
        "mean_patched_pmv": -3.8,
        "mean_patched_rank": 1.0,
        "mean_pmv_increase_from_terse": -0.05,
        "mean_rank_increase_from_terse": 0.0,
        "mean_short_pmv": -2.225,
        "mean_short_rank": 2.0,
        "mean_terse_pmv": -3.75,
        "mean_terse_rank": 1.0,
        "n": 5,
        "patched_best_other_route": {
          "prose": 5
        },
        "patched_top1_rate": 1.0
      },
      "same_case|same_case_replace_short|L38_layer_input": {
        "baseline_terse_top1_rate": 1.0,
        "drop_rate": 1.0,
        "mean_patched_pmv": -2.2,
        "mean_patched_rank": 2.0,
        "mean_pmv_increase_from_terse": 1.55,
        "mean_rank_increase_from_terse": 1.0,
        "mean_short_pmv": -2.225,
        "mean_short_rank": 2.0,
        "mean_terse_pmv": -3.75,
        "mean_terse_rank": 1.0,
        "n": 5,
        "patched_best_other_route": {
          "continuation": 5
        },
        "patched_top1_rate": 0.0
      },
      "same_case|same_case_replace_short|L38_layer_out": {
        "baseline_terse_top1_rate": 1.0,
        "drop_rate": 1.0,
        "mean_patched_pmv": -2.2125,
        "mean_patched_rank": 2.0,
        "mean_pmv_increase_from_terse": 1.5375,
        "mean_rank_increase_from_terse": 1.0,
        "mean_short_pmv": -2.225,
        "mean_short_rank": 2.0,
        "mean_terse_pmv": -3.75,
        "mean_terse_rank": 1.0,
        "n": 5,
        "patched_best_other_route": {
          "continuation": 5
        },
        "patched_top1_rate": 0.0
      },
      "same_case|same_case_replace_short|L38_mlp_out": {
        "baseline_terse_top1_rate": 1.0,
        "drop_rate": 0.0,
        "mean_patched_pmv": -3.5125,
        "mean_patched_rank": 1.0,
        "mean_pmv_increase_from_terse": 0.2375,
        "mean_rank_increase_from_terse": 0.0,
        "mean_short_pmv": -2.225,
        "mean_short_rank": 2.0,
        "mean_terse_pmv": -3.75,
        "mean_terse_rank": 1.0,
        "n": 5,
        "patched_best_other_route": {
          "continuation": 4,
          "prose": 1
        },
        "patched_top1_rate": 1.0
      },
      "same_case|same_case_replace_short|L39_attn_out": {
        "baseline_terse_top1_rate": 1.0,
        "drop_rate": 0.0,
        "mean_patched_pmv": -3.7,
        "mean_patched_rank": 1.0,
        "mean_pmv_increase_from_terse": 0.05,
        "mean_rank_increase_from_terse": 0.0,
        "mean_short_pmv": -2.225,
        "mean_short_rank": 2.0,
        "mean_terse_pmv": -3.75,
        "mean_terse_rank": 1.0,
        "n": 5,
        "patched_best_other_route": {
          "prose": 5
        },
        "patched_top1_rate": 1.0
      },
      "same_case|same_case_replace_short|L39_layer_input": {
        "baseline_terse_top1_rate": 1.0,
        "drop_rate": 1.0,
        "mean_patched_pmv": -2.2125,
        "mean_patched_rank": 2.0,
        "mean_pmv_increase_from_terse": 1.5375,
        "mean_rank_increase_from_terse": 1.0,
        "mean_short_pmv": -2.225,
        "mean_short_rank": 2.0,
        "mean_terse_pmv": -3.75,
        "mean_terse_rank": 1.0,
        "n": 5,
        "patched_best_other_route": {
          "continuation": 5
        },
        "patched_top1_rate": 0.0
      },
      "same_case|same_case_replace_short|L39_layer_out": {
        "baseline_terse_top1_rate": 1.0,
        "drop_rate": 1.0,
        "mean_patched_pmv": -2.225,
        "mean_patched_rank": 2.0,
        "mean_pmv_increase_from_terse": 1.525,
        "mean_rank_increase_from_terse": 1.0,
        "mean_short_pmv": -2.225,
        "mean_short_rank": 2.0,
        "mean_terse_pmv": -3.75,
        "mean_terse_rank": 1.0,
        "n": 5,
        "patched_best_other_route": {
          "continuation": 5
        },
        "patched_top1_rate": 0.0
      },
      "same_case|same_case_replace_short|L39_mlp_out": {
        "baseline_terse_top1_rate": 1.0,
        "drop_rate": 0.0,
        "mean_patched_pmv": -4.0,
        "mean_patched_rank": 1.0,
        "mean_pmv_increase_from_terse": -0.25,
        "mean_rank_increase_from_terse": 0.0,
        "mean_short_pmv": -2.225,
        "mean_short_rank": 2.0,
        "mean_terse_pmv": -3.75,
        "mean_terse_rank": 1.0,
        "n": 5,
        "patched_best_other_route": {
          "prose": 5
        },
        "patched_top1_rate": 1.0
      }
    },
    "by_kind": {
      "cross_donor": {
        "baseline_terse_top1_rate": 1.0,
        "drop_rate": 0.625,
        "mean_patched_pmv": 1.5014892578125,
        "mean_patched_rank": 733.1125,
        "mean_pmv_increase_from_terse": 5.2514892578125,
        "mean_rank_increase_from_terse": 732.1125,
        "mean_short_pmv": -2.225,
        "mean_short_rank": 2.0,
        "mean_terse_pmv": -3.75,
        "mean_terse_rank": 1.0,
        "n": 80,
        "patched_best_other_route": {
          "continuation": 78,
          "prose": 2
        },
        "patched_top1_rate": 0.375
      },
      "same_case": {
        "baseline_terse_top1_rate": 1.0,
        "drop_rate": 0.35,
        "mean_patched_pmv": -3.1161458333333334,
        "mean_patched_rank": 1.7166666666666666,
        "mean_pmv_increase_from_terse": 0.6338541666666667,
        "mean_rank_increase_from_terse": 0.7166666666666667,
        "mean_short_pmv": -2.225,
        "mean_short_rank": 2.0,
        "mean_terse_pmv": -3.75,
        "mean_terse_rank": 1.0,
        "n": 120,
        "patched_best_other_route": {
          "continuation": 52,
          "prose": 68
        },
        "patched_top1_rate": 0.65
      }
    },
    "model": "glm4",
    "n_paired_cases": 5,
    "random_controls": {
      "same_case|random_same_norm_add|L38_attn_out": {
        "baseline_terse_top1_rate": 1.0,
        "drop_rate": 0.0,
        "mean_patched_pmv": -3.7625,
        "mean_patched_rank": 1.0,
        "mean_pmv_increase_from_terse": -0.0125,
        "mean_rank_increase_from_terse": 0.0,
        "mean_short_pmv": -2.225,
        "mean_short_rank": 2.0,
        "mean_terse_pmv": -3.75,
        "mean_terse_rank": 1.0,
        "n": 5,
        "patched_best_other_route": {
          "prose": 5
        },
        "patched_top1_rate": 1.0
      },
      "same_case|random_same_norm_add|L38_layer_input": {
        "baseline_terse_top1_rate": 1.0,
        "drop_rate": 0.2,
        "mean_patched_pmv": -2.275,
        "mean_patched_rank": 10.0,
        "mean_pmv_increase_from_terse": 1.475,
        "mean_rank_increase_from_terse": 9.0,
        "mean_short_pmv": -2.225,
        "mean_short_rank": 2.0,
        "mean_terse_pmv": -3.75,
        "mean_terse_rank": 1.0,
        "n": 5,
        "patched_best_other_route": {
          "continuation": 2,
          "prose": 3
        },
        "patched_top1_rate": 0.8
      },
      "same_case|random_same_norm_add|L38_layer_out": {
        "baseline_terse_top1_rate": 1.0,
        "drop_rate": 0.0,
        "mean_patched_pmv": -3.8,
        "mean_patched_rank": 1.0,
        "mean_pmv_increase_from_terse": -0.05,
        "mean_rank_increase_from_terse": 0.0,
        "mean_short_pmv": -2.225,
        "mean_short_rank": 2.0,
        "mean_terse_pmv": -3.75,
        "mean_terse_rank": 1.0,
        "n": 5,
        "patched_best_other_route": {
          "continuation": 1,
          "prose": 4
        },
        "patched_top1_rate": 1.0
      },
      "same_case|random_same_norm_add|L38_mlp_out": {
        "baseline_terse_top1_rate": 1.0,
        "drop_rate": 0.0,
        "mean_patched_pmv": -3.8125,
        "mean_patched_rank": 1.0,
        "mean_pmv_increase_from_terse": -0.0625,
        "mean_rank_increase_from_terse": 0.0,
        "mean_short_pmv": -2.225,
        "mean_short_rank": 2.0,
        "mean_terse_pmv": -3.75,
        "mean_terse_rank": 1.0,
        "n": 5,
        "patched_best_other_route": {
          "continuation": 1,
          "prose": 4
        },
        "patched_top1_rate": 1.0
      },
      "same_case|random_same_norm_add|L39_attn_out": {
        "baseline_terse_top1_rate": 1.0,
        "drop_rate": 0.0,
        "mean_patched_pmv": -3.7125,
        "mean_patched_rank": 1.0,
        "mean_pmv_increase_from_terse": 0.0375,
        "mean_rank_increase_from_terse": 0.0,
        "mean_short_pmv": -2.225,
        "mean_short_rank": 2.0,
        "mean_terse_pmv": -3.75,
        "mean_terse_rank": 1.0,
        "n": 5,
        "patched_best_other_route": {
          "prose": 5
        },
        "patched_top1_rate": 1.0
      },
      "same_case|random_same_norm_add|L39_layer_input": {
        "baseline_terse_top1_rate": 1.0,
        "drop_rate": 0.2,
        "mean_patched_pmv": -3.275,
        "mean_patched_rank": 1.2,
        "mean_pmv_increase_from_terse": 0.475,
        "mean_rank_increase_from_terse": 0.2,
        "mean_short_pmv": -2.225,
        "mean_short_rank": 2.0,
        "mean_terse_pmv": -3.75,
        "mean_terse_rank": 1.0,
        "n": 5,
        "patched_best_other_route": {
          "prose": 5
        },
        "patched_top1_rate": 0.8
      },
      "same_case|random_same_norm_add|L39_layer_out": {
        "baseline_terse_top1_rate": 1.0,
        "drop_rate": 0.0,
        "mean_patched_pmv": -3.1125,
        "mean_patched_rank": 1.0,
        "mean_pmv_increase_from_terse": 0.6375,
        "mean_rank_increase_from_terse": 0.0,
        "mean_short_pmv": -2.225,
        "mean_short_rank": 2.0,
        "mean_terse_pmv": -3.75,
        "mean_terse_rank": 1.0,
        "n": 5,
        "patched_best_other_route": {
          "prose": 5
        },
        "patched_top1_rate": 1.0
      },
      "same_case|random_same_norm_add|L39_mlp_out": {
        "baseline_terse_top1_rate": 1.0,
        "drop_rate": 0.0,
        "mean_patched_pmv": -3.3375,
        "mean_patched_rank": 1.0,
        "mean_pmv_increase_from_terse": 0.4125,
        "mean_rank_increase_from_terse": 0.0,
        "mean_short_pmv": -2.225,
        "mean_short_rank": 2.0,
        "mean_terse_pmv": -3.75,
        "mean_terse_rank": 1.0,
        "n": 5,
        "patched_best_other_route": {
          "prose": 5
        },
        "patched_top1_rate": 1.0
      }
    },
    "strongest_drop_conditions": [
      {
        "baseline_terse_top1_rate": 1.0,
        "condition": "cross_donor|same_family_diff_value_short_replace|L38_layer_out",
        "drop_rate": 1.0,
        "mean_patched_pmv": 7.249609375,
        "mean_patched_rank": 1829.0,
        "mean_pmv_increase_from_terse": 10.999609375,
        "mean_rank_increase_from_terse": 1828.0,
        "mean_short_pmv": -2.225,
        "mean_short_rank": 2.0,
        "mean_terse_pmv": -3.75,
        "mean_terse_rank": 1.0,
        "n": 5,
        "patched_best_other_route": {
          "continuation": 5
        },
        "patched_top1_rate": 0.0
      },
      {
        "baseline_terse_top1_rate": 1.0,
        "condition": "cross_donor|same_family_diff_value_short_replace|L39_layer_input",
        "drop_rate": 1.0,
        "mean_patched_pmv": 7.249609375,
        "mean_patched_rank": 1829.0,
        "mean_pmv_increase_from_terse": 10.999609375,
        "mean_rank_increase_from_terse": 1828.0,
        "mean_short_pmv": -2.225,
        "mean_short_rank": 2.0,
        "mean_terse_pmv": -3.75,
        "mean_terse_rank": 1.0,
        "n": 5,
        "patched_best_other_route": {
          "continuation": 5
        },
        "patched_top1_rate": 0.0
      },
      {
        "baseline_terse_top1_rate": 1.0,
        "condition": "cross_donor|same_family_diff_value_short_replace|L39_layer_out",
        "drop_rate": 1.0,
        "mean_patched_pmv": 7.2453125,
        "mean_patched_rank": 1798.2,
        "mean_pmv_increase_from_terse": 10.9953125,
        "mean_rank_increase_from_terse": 1797.2,
        "mean_short_pmv": -2.225,
        "mean_short_rank": 2.0,
        "mean_terse_pmv": -3.75,
        "mean_terse_rank": 1.0,
        "n": 5,
        "patched_best_other_route": {
          "continuation": 5
        },
        "patched_top1_rate": 0.0
      },
      {
        "baseline_terse_top1_rate": 1.0,
        "condition": "cross_donor|same_family_diff_value_short_replace|L38_layer_input",
        "drop_rate": 1.0,
        "mean_patched_pmv": 7.157421875,
        "mean_patched_rank": 1701.4,
        "mean_pmv_increase_from_terse": 10.907421875,
        "mean_rank_increase_from_terse": 1700.4,
        "mean_short_pmv": -2.225,
        "mean_short_rank": 2.0,
        "mean_terse_pmv": -3.75,
        "mean_terse_rank": 1.0,
        "n": 5,
        "patched_best_other_route": {
          "continuation": 5
        },
        "patched_top1_rate": 0.0
      },
      {
        "baseline_terse_top1_rate": 1.0,
        "condition": "cross_donor|same_relation_diff_value_short_replace|L39_layer_out",
        "drop_rate": 1.0,
        "mean_patched_pmv": 6.3625,
        "mean_patched_rank": 1205.4,
        "mean_pmv_increase_from_terse": 10.1125,
        "mean_rank_increase_from_terse": 1204.4,
        "mean_short_pmv": -2.225,
        "mean_short_rank": 2.0,
        "mean_terse_pmv": -3.75,
        "mean_terse_rank": 1.0,
        "n": 5,
        "patched_best_other_route": {
          "continuation": 5
        },
        "patched_top1_rate": 0.0
      },
      {
        "baseline_terse_top1_rate": 1.0,
        "condition": "cross_donor|same_relation_diff_value_short_replace|L38_layer_out",
        "drop_rate": 1.0,
        "mean_patched_pmv": 6.34140625,
        "mean_patched_rank": 1136.4,
        "mean_pmv_increase_from_terse": 10.09140625,
        "mean_rank_increase_from_terse": 1135.4,
        "mean_short_pmv": -2.225,
        "mean_short_rank": 2.0,
        "mean_terse_pmv": -3.75,
        "mean_terse_rank": 1.0,
        "n": 5,
        "patched_best_other_route": {
          "continuation": 5
        },
        "patched_top1_rate": 0.0
      },
      {
        "baseline_terse_top1_rate": 1.0,
        "condition": "cross_donor|same_relation_diff_value_short_replace|L39_layer_input",
        "drop_rate": 1.0,
        "mean_patched_pmv": 6.34140625,
        "mean_patched_rank": 1136.4,
        "mean_pmv_increase_from_terse": 10.09140625,
        "mean_rank_increase_from_terse": 1135.4,
        "mean_short_pmv": -2.225,
        "mean_short_rank": 2.0,
        "mean_terse_pmv": -3.75,
        "mean_terse_rank": 1.0,
        "n": 5,
        "patched_best_other_route": {
          "continuation": 5
        },
        "patched_top1_rate": 0.0
      },
      {
        "baseline_terse_top1_rate": 1.0,
        "condition": "cross_donor|same_relation_diff_value_short_replace|L38_layer_input",
        "drop_rate": 1.0,
        "mean_patched_pmv": 6.2828125,
        "mean_patched_rank": 1082.8,
        "mean_pmv_increase_from_terse": 10.0328125,
        "mean_rank_increase_from_terse": 1081.8,
        "mean_short_pmv": -2.225,
        "mean_short_rank": 2.0,
        "mean_terse_pmv": -3.75,
        "mean_terse_rank": 1.0,
        "n": 5,
        "patched_best_other_route": {
          "continuation": 5
        },
        "patched_top1_rate": 0.0
      },
      {
        "baseline_terse_top1_rate": 1.0,
        "condition": "same_case|same_case_replace_short|L38_layer_input",
        "drop_rate": 1.0,
        "mean_patched_pmv": -2.2,
        "mean_patched_rank": 2.0,
        "mean_pmv_increase_from_terse": 1.55,
        "mean_rank_increase_from_terse": 1.0,
        "mean_short_pmv": -2.225,
        "mean_short_rank": 2.0,
        "mean_terse_pmv": -3.75,
        "mean_terse_rank": 1.0,
        "n": 5,
        "patched_best_other_route": {
          "continuation": 5
        },
        "patched_top1_rate": 0.0
      },
      {
        "baseline_terse_top1_rate": 1.0,
        "condition": "same_case|same_case_remove_delta|L38_layer_input",
        "drop_rate": 1.0,
        "mean_patched_pmv": -2.2,
        "mean_patched_rank": 2.0,
        "mean_pmv_increase_from_terse": 1.55,
        "mean_rank_increase_from_terse": 1.0,
        "mean_short_pmv": -2.225,
        "mean_short_rank": 2.0,
        "mean_terse_pmv": -3.75,
        "mean_terse_rank": 1.0,
        "n": 5,
        "patched_best_other_route": {
          "continuation": 5
        },
        "patched_top1_rate": 0.0
      },
      {
        "baseline_terse_top1_rate": 1.0,
        "condition": "same_case|same_case_replace_short|L38_layer_out",
        "drop_rate": 1.0,
        "mean_patched_pmv": -2.2125,
        "mean_patched_rank": 2.0,
        "mean_pmv_increase_from_terse": 1.5375,
        "mean_rank_increase_from_terse": 1.0,
        "mean_short_pmv": -2.225,
        "mean_short_rank": 2.0,
        "mean_terse_pmv": -3.75,
        "mean_terse_rank": 1.0,
        "n": 5,
        "patched_best_other_route": {
          "continuation": 5
        },
        "patched_top1_rate": 0.0
      },
      {
        "baseline_terse_top1_rate": 1.0,
        "condition": "same_case|same_case_remove_delta|L38_layer_out",
        "drop_rate": 1.0,
        "mean_patched_pmv": -2.2125,
        "mean_patched_rank": 2.0,
        "mean_pmv_increase_from_terse": 1.5375,
        "mean_rank_increase_from_terse": 1.0,
        "mean_short_pmv": -2.225,
        "mean_short_rank": 2.0,
        "mean_terse_pmv": -3.75,
        "mean_terse_rank": 1.0,
        "n": 5,
        "patched_best_other_route": {
          "continuation": 5
        },
        "patched_top1_rate": 0.0
      },
      {
        "baseline_terse_top1_rate": 1.0,
        "condition": "same_case|same_case_replace_short|L39_layer_input",
        "drop_rate": 1.0,
        "mean_patched_pmv": -2.2125,
        "mean_patched_rank": 2.0,
        "mean_pmv_increase_from_terse": 1.5375,
        "mean_rank_increase_from_terse": 1.0,
        "mean_short_pmv": -2.225,
        "mean_short_rank": 2.0,
        "mean_terse_pmv": -3.75,
        "mean_terse_rank": 1.0,
        "n": 5,
        "patched_best_other_route": {
          "continuation": 5
        },
        "patched_top1_rate": 0.0
      },
      {
        "baseline_terse_top1_rate": 1.0,
        "condition": "same_case|same_case_remove_delta|L39_layer_input",
        "drop_rate": 1.0,
        "mean_patched_pmv": -2.2125,
        "mean_patched_rank": 2.0,
        "mean_pmv_increase_from_terse": 1.5375,
        "mean_rank_increase_from_terse": 1.0,
        "mean_short_pmv": -2.225,
        "mean_short_rank": 2.0,
        "mean_terse_pmv": -3.75,
        "mean_terse_rank": 1.0,
        "n": 5,
        "patched_best_other_route": {
          "continuation": 5
        },
        "patched_top1_rate": 0.0
      },
      {
        "baseline_terse_top1_rate": 1.0,
        "condition": "same_case|same_case_replace_short|L39_layer_out",
        "drop_rate": 1.0,
        "mean_patched_pmv": -2.225,
        "mean_patched_rank": 2.0,
        "mean_pmv_increase_from_terse": 1.525,
        "mean_rank_increase_from_terse": 1.0,
        "mean_short_pmv": -2.225,
        "mean_short_rank": 2.0,
        "mean_terse_pmv": -3.75,
        "mean_terse_rank": 1.0,
        "n": 5,
        "patched_best_other_route": {
          "continuation": 5
        },
        "patched_top1_rate": 0.0
      },
      {
        "baseline_terse_top1_rate": 1.0,
        "condition": "same_case|same_case_remove_delta|L39_layer_out",
        "drop_rate": 1.0,
        "mean_patched_pmv": -2.225,
        "mean_patched_rank": 2.0,
        "mean_pmv_increase_from_terse": 1.525,
        "mean_rank_increase_from_terse": 1.0,
        "mean_short_pmv": -2.225,
        "mean_short_rank": 2.0,
        "mean_terse_pmv": -3.75,
        "mean_terse_rank": 1.0,
        "n": 5,
        "patched_best_other_route": {
          "continuation": 5
        },
        "patched_top1_rate": 0.0
      },
      {
        "baseline_terse_top1_rate": 1.0,
        "condition": "cross_donor|same_relation_diff_value_remove_donor_delta|L38_layer_out",
        "drop_rate": 0.4,
        "mean_patched_pmv": -3.99375,
        "mean_patched_rank": 1.6,
        "mean_pmv_increase_from_terse": -0.24375,
        "mean_rank_increase_from_terse": 0.6,
        "mean_short_pmv": -2.225,
        "mean_short_rank": 2.0,
        "mean_terse_pmv": -3.75,
        "mean_terse_rank": 1.0,
        "n": 5,
        "patched_best_other_route": {
          "continuation": 5
        },
        "patched_top1_rate": 0.6
      },
      {
        "baseline_terse_top1_rate": 1.0,
        "condition": "cross_donor|same_relation_diff_value_remove_donor_delta|L39_layer_input",
        "drop_rate": 0.4,
        "mean_patched_pmv": -3.99375,
        "mean_patched_rank": 1.6,
        "mean_pmv_increase_from_terse": -0.24375,
        "mean_rank_increase_from_terse": 0.6,
        "mean_short_pmv": -2.225,
        "mean_short_rank": 2.0,
        "mean_terse_pmv": -3.75,
        "mean_terse_rank": 1.0,
        "n": 5,
        "patched_best_other_route": {
          "continuation": 5
        },
        "patched_top1_rate": 0.6
      },
      {
        "baseline_terse_top1_rate": 1.0,
        "condition": "same_case|random_same_norm_add|L38_layer_input",
        "drop_rate": 0.2,
        "mean_patched_pmv": -2.275,
        "mean_patched_rank": 10.0,
        "mean_pmv_increase_from_terse": 1.475,
        "mean_rank_increase_from_terse": 9.0,
        "mean_short_pmv": -2.225,
        "mean_short_rank": 2.0,
        "mean_terse_pmv": -3.75,
        "mean_terse_rank": 1.0,
        "n": 5,
        "patched_best_other_route": {
          "continuation": 2,
          "prose": 3
        },
        "patched_top1_rate": 0.8
      },
      {
        "baseline_terse_top1_rate": 1.0,
        "condition": "cross_donor|same_family_diff_value_remove_donor_delta|L38_layer_input",
        "drop_rate": 0.2,
        "mean_patched_pmv": -3.0125,
        "mean_patched_rank": 1.4,
        "mean_pmv_increase_from_terse": 0.7375,
        "mean_rank_increase_from_terse": 0.4,
        "mean_short_pmv": -2.225,
        "mean_short_rank": 2.0,
        "mean_terse_pmv": -3.75,
        "mean_terse_rank": 1.0,
        "n": 5,
        "patched_best_other_route": {
          "continuation": 5
        },
        "patched_top1_rate": 0.8
      },
      {
        "baseline_terse_top1_rate": 1.0,
        "condition": "cross_donor|same_family_diff_value_remove_donor_delta|L38_layer_out",
        "drop_rate": 0.2,
        "mean_patched_pmv": -3.29375,
        "mean_patched_rank": 1.4,
        "mean_pmv_increase_from_terse": 0.45625,
        "mean_rank_increase_from_terse": 0.4,
        "mean_short_pmv": -2.225,
        "mean_short_rank": 2.0,
        "mean_terse_pmv": -3.75,
        "mean_terse_rank": 1.0,
        "n": 5,
        "patched_best_other_route": {
          "continuation": 5
        },
        "patched_top1_rate": 0.8
      },
      {
        "baseline_terse_top1_rate": 1.0,
        "condition": "cross_donor|same_family_diff_value_remove_donor_delta|L39_layer_input",
        "drop_rate": 0.2,
        "mean_patched_pmv": -3.29375,
        "mean_patched_rank": 1.4,
        "mean_pmv_increase_from_terse": 0.45625,
        "mean_rank_increase_from_terse": 0.4,
        "mean_short_pmv": -2.225,
        "mean_short_rank": 2.0,
        "mean_terse_pmv": -3.75,
        "mean_terse_rank": 1.0,
        "n": 5,
        "patched_best_other_route": {
          "continuation": 5
        },
        "patched_top1_rate": 0.8
      },
      {
        "baseline_terse_top1_rate": 1.0,
        "condition": "cross_donor|same_relation_diff_value_remove_donor_delta|L38_layer_input",
        "drop_rate": 0.2,
        "mean_patched_pmv": -3.64375,
        "mean_patched_rank": 1.4,
        "mean_pmv_increase_from_terse": 0.10625,
        "mean_rank_increase_from_terse": 0.4,
        "mean_short_pmv": -2.225,
        "mean_short_rank": 2.0,
        "mean_terse_pmv": -3.75,
        "mean_terse_rank": 1.0,
        "n": 5,
        "patched_best_other_route": {
          "continuation": 5
        },
        "patched_top1_rate": 0.8
      },
      {
        "baseline_terse_top1_rate": 1.0,
        "condition": "same_case|random_same_norm_add|L39_layer_input",
        "drop_rate": 0.2,
        "mean_patched_pmv": -3.275,
        "mean_patched_rank": 1.2,
        "mean_pmv_increase_from_terse": 0.475,
        "mean_rank_increase_from_terse": 0.2,
        "mean_short_pmv": -2.225,
        "mean_short_rank": 2.0,
        "mean_terse_pmv": -3.75,
        "mean_terse_rank": 1.0,
        "n": 5,
        "patched_best_other_route": {
          "prose": 5
        },
        "patched_top1_rate": 0.8
      }
    ]
  },
  "timestamp": "2026-06-26 13:53:57",
  "title": "L26 Input Necessity and Degradation Audit"
}
