`torch_dtype` is deprecated! Use `dtype` instead!
Loading weights:   0%|          | 0/339 [00:00<?, ?it/s]Loading weights:   0%|          | 1/339 [00:00<00:54,  6.15it/s]Loading weights:   5%|▌         | 17/339 [00:00<00:04, 76.98it/s]Loading weights:  17%|█▋        | 57/339 [00:00<00:01, 160.34it/s]Loading weights:  33%|███▎      | 113/339 [00:00<00:00, 264.50it/s]Loading weights:  43%|████▎     | 145/339 [00:00<00:00, 264.46it/s]Loading weights:  55%|█████▍    | 185/339 [00:00<00:00, 299.61it/s]Loading weights:  64%|██████▍   | 217/339 [00:00<00:00, 296.70it/s]Loading weights:  73%|███████▎  | 248/339 [00:01<00:00, 284.96it/s]Loading weights:  83%|████████▎ | 280/339 [00:01<00:00, 286.46it/s]Loading weights:  91%|█████████ | 309/339 [00:01<00:00, 267.91it/s]Loading weights: 100%|██████████| 339/339 [00:01<00:00, 256.88it/s]
[13:54:07] Loaded deepseek7b: class=Qwen2ForCausalLM, GPU=15.23GB, attn=eager
[13:54:08] deepseek7b: cached 12/72 paired cases
[13:54:08] deepseek7b: cached 24/72 paired cases
[13:54:09] deepseek7b: cached 36/72 paired cases
[13:54:10] deepseek7b: cached 48/72 paired cases
[13:54:11] deepseek7b: cached 60/72 paired cases
[13:54:12] deepseek7b: cached 72/72 paired cases
[13:54:35] deepseek7b: patched 12/72 paired cases
[13:54:58] deepseek7b: patched 24/72 paired cases
[13:55:20] deepseek7b: patched 36/72 paired cases
[13:55:42] deepseek7b: patched 48/72 paired cases
[13:56:03] deepseek7b: patched 60/72 paired cases
[13:56:25] deepseek7b: patched 72/72 paired cases
[model_utils] GPU memory released, allocated=15.65 GB
{
  "layers": [
    26,
    27
  ],
  "model": "deepseek7b",
  "n_paired_cases": 72,
  "n_rows": 3520,
  "phase": 688,
  "summary": {
    "by_condition": {
      "cross_donor|same_family_diff_value_remove_donor_delta|L26_layer_input": {
        "baseline_terse_top1_rate": 1.0,
        "drop_rate": 0.8194444444444444,
        "mean_patched_pmv": 2.9769965277777777,
        "mean_patched_rank": 37.486111111111114,
        "mean_pmv_increase_from_terse": 4.86328125,
        "mean_rank_increase_from_terse": 36.486111111111114,
        "mean_short_pmv": 4.278645833333333,
        "mean_short_rank": 167.69444444444446,
        "mean_terse_pmv": -1.8862847222222223,
        "mean_terse_rank": 1.0,
        "n": 72,
        "patched_best_other_route": {
          "continuation": 2,
          "prose": 70
        },
        "patched_top1_rate": 0.18055555555555555
      },
      "cross_donor|same_family_diff_value_remove_donor_delta|L26_layer_out": {
        "baseline_terse_top1_rate": 1.0,
        "drop_rate": 0.7777777777777778,
        "mean_patched_pmv": 2.6124131944444446,
        "mean_patched_rank": 27.958333333333332,
        "mean_pmv_increase_from_terse": 4.498697916666667,
        "mean_rank_increase_from_terse": 26.958333333333332,
        "mean_short_pmv": 4.278645833333333,
        "mean_short_rank": 167.69444444444446,
        "mean_terse_pmv": -1.8862847222222223,
        "mean_terse_rank": 1.0,
        "n": 72,
        "patched_best_other_route": {
          "continuation": 5,
          "prose": 67
        },
        "patched_top1_rate": 0.2222222222222222
      },
      "cross_donor|same_family_diff_value_remove_donor_delta|L27_layer_input": {
        "baseline_terse_top1_rate": 1.0,
        "drop_rate": 0.7777777777777778,
        "mean_patched_pmv": 2.6124131944444446,
        "mean_patched_rank": 27.958333333333332,
        "mean_pmv_increase_from_terse": 4.498697916666667,
        "mean_rank_increase_from_terse": 26.958333333333332,
        "mean_short_pmv": 4.278645833333333,
        "mean_short_rank": 167.69444444444446,
        "mean_terse_pmv": -1.8862847222222223,
        "mean_terse_rank": 1.0,
        "n": 72,
        "patched_best_other_route": {
          "continuation": 5,
          "prose": 67
        },
        "patched_top1_rate": 0.2222222222222222
      },
      "cross_donor|same_family_diff_value_remove_donor_delta|L27_layer_out": {
        "baseline_terse_top1_rate": 1.0,
        "drop_rate": 0.6111111111111112,
        "mean_patched_pmv": 1.2335069444444444,
        "mean_patched_rank": 20.26388888888889,
        "mean_pmv_increase_from_terse": 3.1197916666666665,
        "mean_rank_increase_from_terse": 19.26388888888889,
        "mean_short_pmv": 4.278645833333333,
        "mean_short_rank": 167.69444444444446,
        "mean_terse_pmv": -1.8862847222222223,
        "mean_terse_rank": 1.0,
        "n": 72,
        "patched_best_other_route": {
          "continuation": 4,
          "prose": 68
        },
        "patched_top1_rate": 0.3888888888888889
      },
      "cross_donor|same_family_diff_value_short_replace|L26_layer_input": {
        "baseline_terse_top1_rate": 1.0,
        "drop_rate": 1.0,
        "mean_patched_pmv": 7.890842013888889,
        "mean_patched_rank": 380.6666666666667,
        "mean_pmv_increase_from_terse": 9.77712673611111,
        "mean_rank_increase_from_terse": 379.6666666666667,
        "mean_short_pmv": 4.278645833333333,
        "mean_short_rank": 167.69444444444446,
        "mean_terse_pmv": -1.8862847222222223,
        "mean_terse_rank": 1.0,
        "n": 72,
        "patched_best_other_route": {
          "prose": 72
        },
        "patched_top1_rate": 0.0
      },
      "cross_donor|same_family_diff_value_short_replace|L26_layer_out": {
        "baseline_terse_top1_rate": 1.0,
        "drop_rate": 1.0,
        "mean_patched_pmv": 7.669270833333333,
        "mean_patched_rank": 346.84722222222223,
        "mean_pmv_increase_from_terse": 9.555555555555555,
        "mean_rank_increase_from_terse": 345.84722222222223,
        "mean_short_pmv": 4.278645833333333,
        "mean_short_rank": 167.69444444444446,
        "mean_terse_pmv": -1.8862847222222223,
        "mean_terse_rank": 1.0,
        "n": 72,
        "patched_best_other_route": {
          "prose": 72
        },
        "patched_top1_rate": 0.0
      },
      "cross_donor|same_family_diff_value_short_replace|L27_layer_input": {
        "baseline_terse_top1_rate": 1.0,
        "drop_rate": 1.0,
        "mean_patched_pmv": 7.669270833333333,
        "mean_patched_rank": 346.84722222222223,
        "mean_pmv_increase_from_terse": 9.555555555555555,
        "mean_rank_increase_from_terse": 345.84722222222223,
        "mean_short_pmv": 4.278645833333333,
        "mean_short_rank": 167.69444444444446,
        "mean_terse_pmv": -1.8862847222222223,
        "mean_terse_rank": 1.0,
        "n": 72,
        "patched_best_other_route": {
          "prose": 72
        },
        "patched_top1_rate": 0.0
      },
      "cross_donor|same_family_diff_value_short_replace|L27_layer_out": {
        "baseline_terse_top1_rate": 1.0,
        "drop_rate": 1.0,
        "mean_patched_pmv": 7.012369791666667,
        "mean_patched_rank": 673.4027777777778,
        "mean_pmv_increase_from_terse": 8.89865451388889,
        "mean_rank_increase_from_terse": 672.4027777777778,
        "mean_short_pmv": 4.278645833333333,
        "mean_short_rank": 167.69444444444446,
        "mean_terse_pmv": -1.8862847222222223,
        "mean_terse_rank": 1.0,
        "n": 72,
        "patched_best_other_route": {
          "prose": 72
        },
        "patched_top1_rate": 0.0
      },
      "cross_donor|same_relation_diff_value_remove_donor_delta|L26_layer_input": {
        "baseline_terse_top1_rate": 1.0,
        "drop_rate": 0.5,
        "mean_patched_pmv": -0.3194444444444444,
        "mean_patched_rank": 4.027777777777778,
        "mean_pmv_increase_from_terse": 1.5668402777777777,
        "mean_rank_increase_from_terse": 3.0277777777777777,
        "mean_short_pmv": 4.278645833333333,
        "mean_short_rank": 167.69444444444446,
        "mean_terse_pmv": -1.8862847222222223,
        "mean_terse_rank": 1.0,
        "n": 72,
        "patched_best_other_route": {
          "continuation": 18,
          "prose": 54
        },
        "patched_top1_rate": 0.5
      },
      "cross_donor|same_relation_diff_value_remove_donor_delta|L26_layer_out": {
        "baseline_terse_top1_rate": 1.0,
        "drop_rate": 0.2777777777777778,
        "mean_patched_pmv": -1.5590277777777777,
        "mean_patched_rank": 1.8194444444444444,
        "mean_pmv_increase_from_terse": 0.3272569444444444,
        "mean_rank_increase_from_terse": 0.8194444444444444,
        "mean_short_pmv": 4.278645833333333,
        "mean_short_rank": 167.69444444444446,
        "mean_terse_pmv": -1.8862847222222223,
        "mean_terse_rank": 1.0,
        "n": 72,
        "patched_best_other_route": {
          "continuation": 12,
          "prose": 60
        },
        "patched_top1_rate": 0.7222222222222222
      },
      "cross_donor|same_relation_diff_value_remove_donor_delta|L27_layer_input": {
        "baseline_terse_top1_rate": 1.0,
        "drop_rate": 0.2777777777777778,
        "mean_patched_pmv": -1.5590277777777777,
        "mean_patched_rank": 1.8194444444444444,
        "mean_pmv_increase_from_terse": 0.3272569444444444,
        "mean_rank_increase_from_terse": 0.8194444444444444,
        "mean_short_pmv": 4.278645833333333,
        "mean_short_rank": 167.69444444444446,
        "mean_terse_pmv": -1.8862847222222223,
        "mean_terse_rank": 1.0,
        "n": 72,
        "patched_best_other_route": {
          "continuation": 12,
          "prose": 60
        },
        "patched_top1_rate": 0.7222222222222222
      },
      "cross_donor|same_relation_diff_value_remove_donor_delta|L27_layer_out": {
        "baseline_terse_top1_rate": 1.0,
        "drop_rate": 0.08333333333333333,
        "mean_patched_pmv": -3.4930555555555554,
        "mean_patched_rank": 1.1805555555555556,
        "mean_pmv_increase_from_terse": -1.6067708333333333,
        "mean_rank_increase_from_terse": 0.18055555555555555,
        "mean_short_pmv": 4.278645833333333,
        "mean_short_rank": 167.69444444444446,
        "mean_terse_pmv": -1.8862847222222223,
        "mean_terse_rank": 1.0,
        "n": 72,
        "patched_best_other_route": {
          "continuation": 3,
          "prose": 69
        },
        "patched_top1_rate": 0.9166666666666666
      },
      "cross_donor|same_relation_diff_value_short_replace|L26_layer_input": {
        "baseline_terse_top1_rate": 1.0,
        "drop_rate": 1.0,
        "mean_patched_pmv": 8.543402777777779,
        "mean_patched_rank": 729.6805555555555,
        "mean_pmv_increase_from_terse": 10.4296875,
        "mean_rank_increase_from_terse": 728.6805555555555,
        "mean_short_pmv": 4.278645833333333,
        "mean_short_rank": 167.69444444444446,
        "mean_terse_pmv": -1.8862847222222223,
        "mean_terse_rank": 1.0,
        "n": 72,
        "patched_best_other_route": {
          "prose": 72
        },
        "patched_top1_rate": 0.0
      },
      "cross_donor|same_relation_diff_value_short_replace|L26_layer_out": {
        "baseline_terse_top1_rate": 1.0,
        "drop_rate": 1.0,
        "mean_patched_pmv": 9.459852430555555,
        "mean_patched_rank": 932.3472222222222,
        "mean_pmv_increase_from_terse": 11.346137152777779,
        "mean_rank_increase_from_terse": 931.3472222222222,
        "mean_short_pmv": 4.278645833333333,
        "mean_short_rank": 167.69444444444446,
        "mean_terse_pmv": -1.8862847222222223,
        "mean_terse_rank": 1.0,
        "n": 72,
        "patched_best_other_route": {
          "prose": 72
        },
        "patched_top1_rate": 0.0
      },
      "cross_donor|same_relation_diff_value_short_replace|L27_layer_input": {
        "baseline_terse_top1_rate": 1.0,
        "drop_rate": 1.0,
        "mean_patched_pmv": 9.459852430555555,
        "mean_patched_rank": 932.3472222222222,
        "mean_pmv_increase_from_terse": 11.346137152777779,
        "mean_rank_increase_from_terse": 931.3472222222222,
        "mean_short_pmv": 4.278645833333333,
        "mean_short_rank": 167.69444444444446,
        "mean_terse_pmv": -1.8862847222222223,
        "mean_terse_rank": 1.0,
        "n": 72,
        "patched_best_other_route": {
          "prose": 72
        },
        "patched_top1_rate": 0.0
      },
      "cross_donor|same_relation_diff_value_short_replace|L27_layer_out": {
        "baseline_terse_top1_rate": 1.0,
        "drop_rate": 1.0,
        "mean_patched_pmv": 10.633897569444445,
        "mean_patched_rank": 1587.5416666666667,
        "mean_pmv_increase_from_terse": 12.520182291666666,
        "mean_rank_increase_from_terse": 1586.5416666666667,
        "mean_short_pmv": 4.278645833333333,
        "mean_short_rank": 167.69444444444446,
        "mean_terse_pmv": -1.8862847222222223,
        "mean_terse_rank": 1.0,
        "n": 72,
        "patched_best_other_route": {
          "prose": 72
        },
        "patched_top1_rate": 0.0
      },
      "cross_donor|same_value_remove_donor_delta|L26_layer_input": {
        "baseline_terse_top1_rate": 1.0,
        "drop_rate": 1.0,
        "mean_patched_pmv": 3.3828125,
        "mean_patched_rank": 22.625,
        "mean_pmv_increase_from_terse": 4.53125,
        "mean_rank_increase_from_terse": 21.625,
        "mean_short_pmv": 3.40625,
        "mean_short_rank": 24.625,
        "mean_terse_pmv": -1.1484375,
        "mean_terse_rank": 1.0,
        "n": 8,
        "patched_best_other_route": {
          "prose": 8
        },
        "patched_top1_rate": 0.0
      },
      "cross_donor|same_value_remove_donor_delta|L26_layer_out": {
        "baseline_terse_top1_rate": 1.0,
        "drop_rate": 1.0,
        "mean_patched_pmv": 3.3515625,
        "mean_patched_rank": 24.75,
        "mean_pmv_increase_from_terse": 4.5,
        "mean_rank_increase_from_terse": 23.75,
        "mean_short_pmv": 3.40625,
        "mean_short_rank": 24.625,
        "mean_terse_pmv": -1.1484375,
        "mean_terse_rank": 1.0,
        "n": 8,
        "patched_best_other_route": {
          "prose": 8
        },
        "patched_top1_rate": 0.0
      },
      "cross_donor|same_value_remove_donor_delta|L27_layer_input": {
        "baseline_terse_top1_rate": 1.0,
        "drop_rate": 1.0,
        "mean_patched_pmv": 3.3515625,
        "mean_patched_rank": 24.75,
        "mean_pmv_increase_from_terse": 4.5,
        "mean_rank_increase_from_terse": 23.75,
        "mean_short_pmv": 3.40625,
        "mean_short_rank": 24.625,
        "mean_terse_pmv": -1.1484375,
        "mean_terse_rank": 1.0,
        "n": 8,
        "patched_best_other_route": {
          "prose": 8
        },
        "patched_top1_rate": 0.0
      },
      "cross_donor|same_value_remove_donor_delta|L27_layer_out": {
        "baseline_terse_top1_rate": 1.0,
        "drop_rate": 1.0,
        "mean_patched_pmv": 3.3046875,
        "mean_patched_rank": 26.75,
        "mean_pmv_increase_from_terse": 4.453125,
        "mean_rank_increase_from_terse": 25.75,
        "mean_short_pmv": 3.40625,
        "mean_short_rank": 24.625,
        "mean_terse_pmv": -1.1484375,
        "mean_terse_rank": 1.0,
        "n": 8,
        "patched_best_other_route": {
          "prose": 8
        },
        "patched_top1_rate": 0.0
      },
      "cross_donor|same_value_short_replace|L26_layer_input": {
        "baseline_terse_top1_rate": 1.0,
        "drop_rate": 1.0,
        "mean_patched_pmv": 3.2578125,
        "mean_patched_rank": 18.25,
        "mean_pmv_increase_from_terse": 4.40625,
        "mean_rank_increase_from_terse": 17.25,
        "mean_short_pmv": 3.40625,
        "mean_short_rank": 24.625,
        "mean_terse_pmv": -1.1484375,
        "mean_terse_rank": 1.0,
        "n": 8,
        "patched_best_other_route": {
          "prose": 8
        },
        "patched_top1_rate": 0.0
      },
      "cross_donor|same_value_short_replace|L26_layer_out": {
        "baseline_terse_top1_rate": 1.0,
        "drop_rate": 1.0,
        "mean_patched_pmv": 3.40625,
        "mean_patched_rank": 19.5,
        "mean_pmv_increase_from_terse": 4.5546875,
        "mean_rank_increase_from_terse": 18.5,
        "mean_short_pmv": 3.40625,
        "mean_short_rank": 24.625,
        "mean_terse_pmv": -1.1484375,
        "mean_terse_rank": 1.0,
        "n": 8,
        "patched_best_other_route": {
          "prose": 8
        },
        "patched_top1_rate": 0.0
      },
      "cross_donor|same_value_short_replace|L27_layer_input": {
        "baseline_terse_top1_rate": 1.0,
        "drop_rate": 1.0,
        "mean_patched_pmv": 3.40625,
        "mean_patched_rank": 19.5,
        "mean_pmv_increase_from_terse": 4.5546875,
        "mean_rank_increase_from_terse": 18.5,
        "mean_short_pmv": 3.40625,
        "mean_short_rank": 24.625,
        "mean_terse_pmv": -1.1484375,
        "mean_terse_rank": 1.0,
        "n": 8,
        "patched_best_other_route": {
          "prose": 8
        },
        "patched_top1_rate": 0.0
      },
      "cross_donor|same_value_short_replace|L27_layer_out": {
        "baseline_terse_top1_rate": 1.0,
        "drop_rate": 1.0,
        "mean_patched_pmv": 3.40625,
        "mean_patched_rank": 24.625,
        "mean_pmv_increase_from_terse": 4.5546875,
        "mean_rank_increase_from_terse": 23.625,
        "mean_short_pmv": 3.40625,
        "mean_short_rank": 24.625,
        "mean_terse_pmv": -1.1484375,
        "mean_terse_rank": 1.0,
        "n": 8,
        "patched_best_other_route": {
          "prose": 8
        },
        "patched_top1_rate": 0.0
      },
      "cross_donor|unrelated_remove_donor_delta|L26_layer_input": {
        "baseline_terse_top1_rate": 1.0,
        "drop_rate": 0.3611111111111111,
        "mean_patched_pmv": -1.2274305555555556,
        "mean_patched_rank": 2.4166666666666665,
        "mean_pmv_increase_from_terse": 0.6588541666666666,
        "mean_rank_increase_from_terse": 1.4166666666666667,
        "mean_short_pmv": 4.278645833333333,
        "mean_short_rank": 167.69444444444446,
        "mean_terse_pmv": -1.8862847222222223,
        "mean_terse_rank": 1.0,
        "n": 72,
        "patched_best_other_route": {
          "continuation": 30,
          "prose": 42
        },
        "patched_top1_rate": 0.6388888888888888
      },
      "cross_donor|unrelated_remove_donor_delta|L26_layer_out": {
        "baseline_terse_top1_rate": 1.0,
        "drop_rate": 0.18055555555555555,
        "mean_patched_pmv": -2.1866319444444446,
        "mean_patched_rank": 1.7638888888888888,
        "mean_pmv_increase_from_terse": -0.3003472222222222,
        "mean_rank_increase_from_terse": 0.7638888888888888,
        "mean_short_pmv": 4.278645833333333,
        "mean_short_rank": 167.69444444444446,
        "mean_terse_pmv": -1.8862847222222223,
        "mean_terse_rank": 1.0,
        "n": 72,
        "patched_best_other_route": {
          "continuation": 22,
          "prose": 50
        },
        "patched_top1_rate": 0.8194444444444444
      },
      "cross_donor|unrelated_remove_donor_delta|L27_layer_input": {
        "baseline_terse_top1_rate": 1.0,
        "drop_rate": 0.18055555555555555,
        "mean_patched_pmv": -2.1866319444444446,
        "mean_patched_rank": 1.7638888888888888,
        "mean_pmv_increase_from_terse": -0.3003472222222222,
        "mean_rank_increase_from_terse": 0.7638888888888888,
        "mean_short_pmv": 4.278645833333333,
        "mean_short_rank": 167.69444444444446,
        "mean_terse_pmv": -1.8862847222222223,
        "mean_terse_rank": 1.0,
        "n": 72,
        "patched_best_other_route": {
          "continuation": 22,
          "prose": 50
        },
        "patched_top1_rate": 0.8194444444444444
      },
      "cross_donor|unrelated_remove_donor_delta|L27_layer_out": {
        "baseline_terse_top1_rate": 1.0,
        "drop_rate": 0.06944444444444445,
        "mean_patched_pmv": -4.270833333333333,
        "mean_patched_rank": 1.0972222222222223,
        "mean_pmv_increase_from_terse": -2.384548611111111,
        "mean_rank_increase_from_terse": 0.09722222222222222,
        "mean_short_pmv": 4.278645833333333,
        "mean_short_rank": 167.69444444444446,
        "mean_terse_pmv": -1.8862847222222223,
        "mean_terse_rank": 1.0,
        "n": 72,
        "patched_best_other_route": {
          "continuation": 12,
          "prose": 60
        },
        "patched_top1_rate": 0.9305555555555556
      },
      "cross_donor|unrelated_short_replace|L26_layer_input": {
        "baseline_terse_top1_rate": 1.0,
        "drop_rate": 1.0,
        "mean_patched_pmv": 10.26171875,
        "mean_patched_rank": 1165.0694444444443,
        "mean_pmv_increase_from_terse": 12.148003472222221,
        "mean_rank_increase_from_terse": 1164.0694444444443,
        "mean_short_pmv": 4.278645833333333,
        "mean_short_rank": 167.69444444444446,
        "mean_terse_pmv": -1.8862847222222223,
        "mean_terse_rank": 1.0,
        "n": 72,
        "patched_best_other_route": {
          "prose": 72
        },
        "patched_top1_rate": 0.0
      },
      "cross_donor|unrelated_short_replace|L26_layer_out": {
        "baseline_terse_top1_rate": 1.0,
        "drop_rate": 1.0,
        "mean_patched_pmv": 10.674696180555555,
        "mean_patched_rank": 1165.736111111111,
        "mean_pmv_increase_from_terse": 12.560980902777779,
        "mean_rank_increase_from_terse": 1164.736111111111,
        "mean_short_pmv": 4.278645833333333,
        "mean_short_rank": 167.69444444444446,
        "mean_terse_pmv": -1.8862847222222223,
        "mean_terse_rank": 1.0,
        "n": 72,
        "patched_best_other_route": {
          "prose": 72
        },
        "patched_top1_rate": 0.0
      },
      "cross_donor|unrelated_short_replace|L27_layer_input": {
        "baseline_terse_top1_rate": 1.0,
        "drop_rate": 1.0,
        "mean_patched_pmv": 10.674696180555555,
        "mean_patched_rank": 1165.736111111111,
        "mean_pmv_increase_from_terse": 12.560980902777779,
        "mean_rank_increase_from_terse": 1164.736111111111,
        "mean_short_pmv": 4.278645833333333,
        "mean_short_rank": 167.69444444444446,
        "mean_terse_pmv": -1.8862847222222223,
        "mean_terse_rank": 1.0,
        "n": 72,
        "patched_best_other_route": {
          "prose": 72
        },
        "patched_top1_rate": 0.0
      },
      "cross_donor|unrelated_short_replace|L27_layer_out": {
        "baseline_terse_top1_rate": 1.0,
        "drop_rate": 1.0,
        "mean_patched_pmv": 11.29079861111111,
        "mean_patched_rank": 1387.625,
        "mean_pmv_increase_from_terse": 13.177083333333334,
        "mean_rank_increase_from_terse": 1386.625,
        "mean_short_pmv": 4.278645833333333,
        "mean_short_rank": 167.69444444444446,
        "mean_terse_pmv": -1.8862847222222223,
        "mean_terse_rank": 1.0,
        "n": 72,
        "patched_best_other_route": {
          "prose": 72
        },
        "patched_top1_rate": 0.0
      },
      "same_case|random_same_norm_add|L26_attn_out": {
        "baseline_terse_top1_rate": 1.0,
        "drop_rate": 0.08333333333333333,
        "mean_patched_pmv": -1.859375,
        "mean_patched_rank": 1.0972222222222223,
        "mean_pmv_increase_from_terse": 0.026909722222222224,
        "mean_rank_increase_from_terse": 0.09722222222222222,
        "mean_short_pmv": 4.278645833333333,
        "mean_short_rank": 167.69444444444446,
        "mean_terse_pmv": -1.8862847222222223,
        "mean_terse_rank": 1.0,
        "n": 72,
        "patched_best_other_route": {
          "prose": 72
        },
        "patched_top1_rate": 0.9166666666666666
      },
      "same_case|random_same_norm_add|L26_layer_input": {
        "baseline_terse_top1_rate": 1.0,
        "drop_rate": 0.3055555555555556,
        "mean_patched_pmv": -1.2005208333333333,
        "mean_patched_rank": 1.9444444444444444,
        "mean_pmv_increase_from_terse": 0.6857638888888888,
        "mean_rank_increase_from_terse": 0.9444444444444444,
        "mean_short_pmv": 4.278645833333333,
        "mean_short_rank": 167.69444444444446,
        "mean_terse_pmv": -1.8862847222222223,
        "mean_terse_rank": 1.0,
        "n": 72,
        "patched_best_other_route": {
          "continuation": 2,
          "prose": 70
        },
        "patched_top1_rate": 0.6944444444444444
      },
      "same_case|random_same_norm_add|L26_layer_out": {
        "baseline_terse_top1_rate": 1.0,
        "drop_rate": 0.2361111111111111,
        "mean_patched_pmv": -1.5642361111111112,
        "mean_patched_rank": 1.5833333333333333,
        "mean_pmv_increase_from_terse": 0.3220486111111111,
        "mean_rank_increase_from_terse": 0.5833333333333334,
        "mean_short_pmv": 4.278645833333333,
        "mean_short_rank": 167.69444444444446,
        "mean_terse_pmv": -1.8862847222222223,
        "mean_terse_rank": 1.0,
        "n": 72,
        "patched_best_other_route": {
          "continuation": 2,
          "prose": 70
        },
        "patched_top1_rate": 0.7638888888888888
      },
      "same_case|random_same_norm_add|L26_mlp_out": {
        "baseline_terse_top1_rate": 1.0,
        "drop_rate": 0.09722222222222222,
        "mean_patched_pmv": -1.8949652777777777,
        "mean_patched_rank": 1.125,
        "mean_pmv_increase_from_terse": -0.008680555555555556,
        "mean_rank_increase_from_terse": 0.125,
        "mean_short_pmv": 4.278645833333333,
        "mean_short_rank": 167.69444444444446,
        "mean_terse_pmv": -1.8862847222222223,
        "mean_terse_rank": 1.0,
        "n": 72,
        "patched_best_other_route": {
          "prose": 72
        },
        "patched_top1_rate": 0.9027777777777778
      },
      "same_case|random_same_norm_add|L27_attn_out": {
        "baseline_terse_top1_rate": 1.0,
        "drop_rate": 0.013888888888888888,
        "mean_patched_pmv": -1.9453125,
        "mean_patched_rank": 1.0138888888888888,
        "mean_pmv_increase_from_terse": -0.059027777777777776,
        "mean_rank_increase_from_terse": 0.013888888888888888,
        "mean_short_pmv": 4.278645833333333,
        "mean_short_rank": 167.69444444444446,
        "mean_terse_pmv": -1.8862847222222223,
        "mean_terse_rank": 1.0,
        "n": 72,
        "patched_best_other_route": {
          "prose": 72
        },
        "patched_top1_rate": 0.9861111111111112
      },
      "same_case|random_same_norm_add|L27_layer_input": {
        "baseline_terse_top1_rate": 1.0,
        "drop_rate": 0.16666666666666666,
        "mean_patched_pmv": -1.7473958333333333,
        "mean_patched_rank": 1.2777777777777777,
        "mean_pmv_increase_from_terse": 0.1388888888888889,
        "mean_rank_increase_from_terse": 0.2777777777777778,
        "mean_short_pmv": 4.278645833333333,
        "mean_short_rank": 167.69444444444446,
        "mean_terse_pmv": -1.8862847222222223,
        "mean_terse_rank": 1.0,
        "n": 72,
        "patched_best_other_route": {
          "continuation": 2,
          "json": 1,
          "prose": 69
        },
        "patched_top1_rate": 0.8333333333333334
      },
      "same_case|random_same_norm_add|L27_layer_out": {
        "baseline_terse_top1_rate": 1.0,
        "drop_rate": 0.18055555555555555,
        "mean_patched_pmv": -2.1050347222222223,
        "mean_patched_rank": 1.2361111111111112,
        "mean_pmv_increase_from_terse": -0.21875,
        "mean_rank_increase_from_terse": 0.2361111111111111,
        "mean_short_pmv": 4.278645833333333,
        "mean_short_rank": 167.69444444444446,
        "mean_terse_pmv": -1.8862847222222223,
        "mean_terse_rank": 1.0,
        "n": 72,
        "patched_best_other_route": {
          "continuation": 8,
          "json": 3,
          "prose": 61
        },
        "patched_top1_rate": 0.8194444444444444
      },
      "same_case|random_same_norm_add|L27_mlp_out": {
        "baseline_terse_top1_rate": 1.0,
        "drop_rate": 0.06944444444444445,
        "mean_patched_pmv": -2.064236111111111,
        "mean_patched_rank": 1.0694444444444444,
        "mean_pmv_increase_from_terse": -0.1779513888888889,
        "mean_rank_increase_from_terse": 0.06944444444444445,
        "mean_short_pmv": 4.278645833333333,
        "mean_short_rank": 167.69444444444446,
        "mean_terse_pmv": -1.8862847222222223,
        "mean_terse_rank": 1.0,
        "n": 72,
        "patched_best_other_route": {
          "continuation": 3,
          "prose": 69
        },
        "patched_top1_rate": 0.9305555555555556
      },
      "same_case|same_case_remove_delta|L26_attn_out": {
        "baseline_terse_top1_rate": 1.0,
        "drop_rate": 0.4305555555555556,
        "mean_patched_pmv": -0.4322916666666667,
        "mean_patched_rank": 2.8055555555555554,
        "mean_pmv_increase_from_terse": 1.4539930555555556,
        "mean_rank_increase_from_terse": 1.8055555555555556,
        "mean_short_pmv": 4.278645833333333,
        "mean_short_rank": 167.69444444444446,
        "mean_terse_pmv": -1.8862847222222223,
        "mean_terse_rank": 1.0,
        "n": 72,
        "patched_best_other_route": {
          "prose": 72
        },
        "patched_top1_rate": 0.5694444444444444
      },
      "same_case|same_case_remove_delta|L26_layer_input": {
        "baseline_terse_top1_rate": 1.0,
        "drop_rate": 0.9583333333333334,
        "mean_patched_pmv": 4.346788194444445,
        "mean_patched_rank": 166.05555555555554,
        "mean_pmv_increase_from_terse": 6.233072916666667,
        "mean_rank_increase_from_terse": 165.05555555555554,
        "mean_short_pmv": 4.278645833333333,
        "mean_short_rank": 167.69444444444446,
        "mean_terse_pmv": -1.8862847222222223,
        "mean_terse_rank": 1.0,
        "n": 72,
        "patched_best_other_route": {
          "prose": 72
        },
        "patched_top1_rate": 0.041666666666666664
      },
      "same_case|same_case_remove_delta|L26_layer_out": {
        "baseline_terse_top1_rate": 1.0,
        "drop_rate": 1.0,
        "mean_patched_pmv": 4.311631944444445,
        "mean_patched_rank": 169.54166666666666,
        "mean_pmv_increase_from_terse": 6.197916666666667,
        "mean_rank_increase_from_terse": 168.54166666666666,
        "mean_short_pmv": 4.278645833333333,
        "mean_short_rank": 167.69444444444446,
        "mean_terse_pmv": -1.8862847222222223,
        "mean_terse_rank": 1.0,
        "n": 72,
        "patched_best_other_route": {
          "prose": 72
        },
        "patched_top1_rate": 0.0
      },
      "same_case|same_case_remove_delta|L26_mlp_out": {
        "baseline_terse_top1_rate": 1.0,
        "drop_rate": 0.041666666666666664,
        "mean_patched_pmv": -2.1927083333333335,
        "mean_patched_rank": 1.2361111111111112,
        "mean_pmv_increase_from_terse": -0.3064236111111111,
        "mean_rank_increase_from_terse": 0.2361111111111111,
        "mean_short_pmv": 4.278645833333333,
        "mean_short_rank": 167.69444444444446,
        "mean_terse_pmv": -1.8862847222222223,
        "mean_terse_rank": 1.0,
        "n": 72,
        "patched_best_other_route": {
          "prose": 72
        },
        "patched_top1_rate": 0.9583333333333334
      },
      "same_case|same_case_remove_delta|L27_attn_out": {
        "baseline_terse_top1_rate": 1.0,
        "drop_rate": 0.19444444444444445,
        "mean_patched_pmv": -1.3194444444444444,
        "mean_patched_rank": 1.5694444444444444,
        "mean_pmv_increase_from_terse": 0.5668402777777778,
        "mean_rank_increase_from_terse": 0.5694444444444444,
        "mean_short_pmv": 4.278645833333333,
        "mean_short_rank": 167.69444444444446,
        "mean_terse_pmv": -1.8862847222222223,
        "mean_terse_rank": 1.0,
        "n": 72,
        "patched_best_other_route": {
          "prose": 72
        },
        "patched_top1_rate": 0.8055555555555556
      },
      "same_case|same_case_remove_delta|L27_layer_input": {
        "baseline_terse_top1_rate": 1.0,
        "drop_rate": 1.0,
        "mean_patched_pmv": 4.311631944444445,
        "mean_patched_rank": 169.54166666666666,
        "mean_pmv_increase_from_terse": 6.197916666666667,
        "mean_rank_increase_from_terse": 168.54166666666666,
        "mean_short_pmv": 4.278645833333333,
        "mean_short_rank": 167.69444444444446,
        "mean_terse_pmv": -1.8862847222222223,
        "mean_terse_rank": 1.0,
        "n": 72,
        "patched_best_other_route": {
          "prose": 72
        },
        "patched_top1_rate": 0.0
      },
      "same_case|same_case_remove_delta|L27_layer_out": {
        "baseline_terse_top1_rate": 1.0,
        "drop_rate": 1.0,
        "mean_patched_pmv": 4.278645833333333,
        "mean_patched_rank": 168.08333333333334,
        "mean_pmv_increase_from_terse": 6.164930555555555,
        "mean_rank_increase_from_terse": 167.08333333333334,
        "mean_short_pmv": 4.278645833333333,
        "mean_short_rank": 167.69444444444446,
        "mean_terse_pmv": -1.8862847222222223,
        "mean_terse_rank": 1.0,
        "n": 72,
        "patched_best_other_route": {
          "prose": 72
        },
        "patched_top1_rate": 0.0
      },
      "same_case|same_case_remove_delta|L27_mlp_out": {
        "baseline_terse_top1_rate": 1.0,
        "drop_rate": 0.2361111111111111,
        "mean_patched_pmv": -2.1510416666666665,
        "mean_patched_rank": 1.5416666666666667,
        "mean_pmv_increase_from_terse": -0.2647569444444444,
        "mean_rank_increase_from_terse": 0.5416666666666666,
        "mean_short_pmv": 4.278645833333333,
        "mean_short_rank": 167.69444444444446,
        "mean_terse_pmv": -1.8862847222222223,
        "mean_terse_rank": 1.0,
        "n": 72,
        "patched_best_other_route": {
          "prose": 72
        },
        "patched_top1_rate": 0.7638888888888888
      },
      "same_case|same_case_replace_short|L26_attn_out": {
        "baseline_terse_top1_rate": 1.0,
        "drop_rate": 0.4305555555555556,
        "mean_patched_pmv": -0.4192708333333333,
        "mean_patched_rank": 2.8472222222222223,
        "mean_pmv_increase_from_terse": 1.4670138888888888,
        "mean_rank_increase_from_terse": 1.8472222222222223,
        "mean_short_pmv": 4.278645833333333,
        "mean_short_rank": 167.69444444444446,
        "mean_terse_pmv": -1.8862847222222223,
        "mean_terse_rank": 1.0,
        "n": 72,
        "patched_best_other_route": {
          "prose": 72
        },
        "patched_top1_rate": 0.5694444444444444
      },
      "same_case|same_case_replace_short|L26_layer_input": {
        "baseline_terse_top1_rate": 1.0,
        "drop_rate": 0.9583333333333334,
        "mean_patched_pmv": 4.346788194444445,
        "mean_patched_rank": 168.11111111111111,
        "mean_pmv_increase_from_terse": 6.233072916666667,
        "mean_rank_increase_from_terse": 167.11111111111111,
        "mean_short_pmv": 4.278645833333333,
        "mean_short_rank": 167.69444444444446,
        "mean_terse_pmv": -1.8862847222222223,
        "mean_terse_rank": 1.0,
        "n": 72,
        "patched_best_other_route": {
          "prose": 72
        },
        "patched_top1_rate": 0.041666666666666664
      },
      "same_case|same_case_replace_short|L26_layer_out": {
        "baseline_terse_top1_rate": 1.0,
        "drop_rate": 1.0,
        "mean_patched_pmv": 4.320746527777778,
        "mean_patched_rank": 168.125,
        "mean_pmv_increase_from_terse": 6.20703125,
        "mean_rank_increase_from_terse": 167.125,
        "mean_short_pmv": 4.278645833333333,
        "mean_short_rank": 167.69444444444446,
        "mean_terse_pmv": -1.8862847222222223,
        "mean_terse_rank": 1.0,
        "n": 72,
        "patched_best_other_route": {
          "prose": 72
        },
        "patched_top1_rate": 0.0
      },
      "same_case|same_case_replace_short|L26_mlp_out": {
        "baseline_terse_top1_rate": 1.0,
        "drop_rate": 0.041666666666666664,
        "mean_patched_pmv": -2.2005208333333335,
        "mean_patched_rank": 1.2361111111111112,
        "mean_pmv_increase_from_terse": -0.3142361111111111,
        "mean_rank_increase_from_terse": 0.2361111111111111,
        "mean_short_pmv": 4.278645833333333,
        "mean_short_rank": 167.69444444444446,
        "mean_terse_pmv": -1.8862847222222223,
        "mean_terse_rank": 1.0,
        "n": 72,
        "patched_best_other_route": {
          "prose": 72
        },
        "patched_top1_rate": 0.9583333333333334
      },
      "same_case|same_case_replace_short|L27_attn_out": {
        "baseline_terse_top1_rate": 1.0,
        "drop_rate": 0.19444444444444445,
        "mean_patched_pmv": -1.3220486111111112,
        "mean_patched_rank": 1.5694444444444444,
        "mean_pmv_increase_from_terse": 0.5642361111111112,
        "mean_rank_increase_from_terse": 0.5694444444444444,
        "mean_short_pmv": 4.278645833333333,
        "mean_short_rank": 167.69444444444446,
        "mean_terse_pmv": -1.8862847222222223,
        "mean_terse_rank": 1.0,
        "n": 72,
        "patched_best_other_route": {
          "prose": 72
        },
        "patched_top1_rate": 0.8055555555555556
      },
      "same_case|same_case_replace_short|L27_layer_input": {
        "baseline_terse_top1_rate": 1.0,
        "drop_rate": 1.0,
        "mean_patched_pmv": 4.320746527777778,
        "mean_patched_rank": 168.125,
        "mean_pmv_increase_from_terse": 6.20703125,
        "mean_rank_increase_from_terse": 167.125,
        "mean_short_pmv": 4.278645833333333,
        "mean_short_rank": 167.69444444444446,
        "mean_terse_pmv": -1.8862847222222223,
        "mean_terse_rank": 1.0,
        "n": 72,
        "patched_best_other_route": {
          "prose": 72
        },
        "patched_top1_rate": 0.0
      },
      "same_case|same_case_replace_short|L27_layer_out": {
        "baseline_terse_top1_rate": 1.0,
        "drop_rate": 1.0,
        "mean_patched_pmv": 4.278645833333333,
        "mean_patched_rank": 167.69444444444446,
        "mean_pmv_increase_from_terse": 6.164930555555555,
        "mean_rank_increase_from_terse": 166.69444444444446,
        "mean_short_pmv": 4.278645833333333,
        "mean_short_rank": 167.69444444444446,
        "mean_terse_pmv": -1.8862847222222223,
        "mean_terse_rank": 1.0,
        "n": 72,
        "patched_best_other_route": {
          "prose": 72
        },
        "patched_top1_rate": 0.0
      },
      "same_case|same_case_replace_short|L27_mlp_out": {
        "baseline_terse_top1_rate": 1.0,
        "drop_rate": 0.2361111111111111,
        "mean_patched_pmv": -2.1475694444444446,
        "mean_patched_rank": 1.5416666666666667,
        "mean_pmv_increase_from_terse": -0.2612847222222222,
        "mean_rank_increase_from_terse": 0.5416666666666666,
        "mean_short_pmv": 4.278645833333333,
        "mean_short_rank": 167.69444444444446,
        "mean_terse_pmv": -1.8862847222222223,
        "mean_terse_rank": 1.0,
        "n": 72,
        "patched_best_other_route": {
          "prose": 72
        },
        "patched_top1_rate": 0.7638888888888888
      }
    },
    "by_kind": {
      "cross_donor": {
        "baseline_terse_top1_rate": 1.0,
        "drop_rate": 0.7154017857142857,
        "mean_patched_pmv": 4.293448311941964,
        "mean_patched_rank": 440.49720982142856,
        "mean_pmv_increase_from_terse": 6.15338134765625,
        "mean_rank_increase_from_terse": 439.49720982142856,
        "mean_short_pmv": 4.247488839285714,
        "mean_short_rank": 162.58482142857142,
        "mean_terse_pmv": -1.8599330357142858,
        "mean_terse_rank": 1.0,
        "n": 1792,
        "patched_best_other_route": {
          "continuation": 147,
          "prose": 1645
        },
        "patched_top1_rate": 0.2845982142857143
      },
      "same_case": {
        "baseline_terse_top1_rate": 1.0,
        "drop_rate": 0.453125,
        "mean_patched_pmv": 0.3312355324074074,
        "mean_patched_rank": 57.082175925925924,
        "mean_pmv_increase_from_terse": 2.2175202546296298,
        "mean_rank_increase_from_terse": 56.082175925925924,
        "mean_short_pmv": 4.278645833333333,
        "mean_short_rank": 167.69444444444446,
        "mean_terse_pmv": -1.8862847222222223,
        "mean_terse_rank": 1.0,
        "n": 1728,
        "patched_best_other_route": {
          "continuation": 17,
          "json": 4,
          "prose": 1707
        },
        "patched_top1_rate": 0.546875
      }
    },
    "model": "deepseek7b",
    "n_paired_cases": 72,
    "random_controls": {
      "same_case|random_same_norm_add|L26_attn_out": {
        "baseline_terse_top1_rate": 1.0,
        "drop_rate": 0.08333333333333333,
        "mean_patched_pmv": -1.859375,
        "mean_patched_rank": 1.0972222222222223,
        "mean_pmv_increase_from_terse": 0.026909722222222224,
        "mean_rank_increase_from_terse": 0.09722222222222222,
        "mean_short_pmv": 4.278645833333333,
        "mean_short_rank": 167.69444444444446,
        "mean_terse_pmv": -1.8862847222222223,
        "mean_terse_rank": 1.0,
        "n": 72,
        "patched_best_other_route": {
          "prose": 72
        },
        "patched_top1_rate": 0.9166666666666666
      },
      "same_case|random_same_norm_add|L26_layer_input": {
        "baseline_terse_top1_rate": 1.0,
        "drop_rate": 0.3055555555555556,
        "mean_patched_pmv": -1.2005208333333333,
        "mean_patched_rank": 1.9444444444444444,
        "mean_pmv_increase_from_terse": 0.6857638888888888,
        "mean_rank_increase_from_terse": 0.9444444444444444,
        "mean_short_pmv": 4.278645833333333,
        "mean_short_rank": 167.69444444444446,
        "mean_terse_pmv": -1.8862847222222223,
        "mean_terse_rank": 1.0,
        "n": 72,
        "patched_best_other_route": {
          "continuation": 2,
          "prose": 70
        },
        "patched_top1_rate": 0.6944444444444444
      },
      "same_case|random_same_norm_add|L26_layer_out": {
        "baseline_terse_top1_rate": 1.0,
        "drop_rate": 0.2361111111111111,
        "mean_patched_pmv": -1.5642361111111112,
        "mean_patched_rank": 1.5833333333333333,
        "mean_pmv_increase_from_terse": 0.3220486111111111,
        "mean_rank_increase_from_terse": 0.5833333333333334,
        "mean_short_pmv": 4.278645833333333,
        "mean_short_rank": 167.69444444444446,
        "mean_terse_pmv": -1.8862847222222223,
        "mean_terse_rank": 1.0,
        "n": 72,
        "patched_best_other_route": {
          "continuation": 2,
          "prose": 70
        },
        "patched_top1_rate": 0.7638888888888888
      },
      "same_case|random_same_norm_add|L26_mlp_out": {
        "baseline_terse_top1_rate": 1.0,
        "drop_rate": 0.09722222222222222,
        "mean_patched_pmv": -1.8949652777777777,
        "mean_patched_rank": 1.125,
        "mean_pmv_increase_from_terse": -0.008680555555555556,
        "mean_rank_increase_from_terse": 0.125,
        "mean_short_pmv": 4.278645833333333,
        "mean_short_rank": 167.69444444444446,
        "mean_terse_pmv": -1.8862847222222223,
        "mean_terse_rank": 1.0,
        "n": 72,
        "patched_best_other_route": {
          "prose": 72
        },
        "patched_top1_rate": 0.9027777777777778
      },
      "same_case|random_same_norm_add|L27_attn_out": {
        "baseline_terse_top1_rate": 1.0,
        "drop_rate": 0.013888888888888888,
        "mean_patched_pmv": -1.9453125,
        "mean_patched_rank": 1.0138888888888888,
        "mean_pmv_increase_from_terse": -0.059027777777777776,
        "mean_rank_increase_from_terse": 0.013888888888888888,
        "mean_short_pmv": 4.278645833333333,
        "mean_short_rank": 167.69444444444446,
        "mean_terse_pmv": -1.8862847222222223,
        "mean_terse_rank": 1.0,
        "n": 72,
        "patched_best_other_route": {
          "prose": 72
        },
        "patched_top1_rate": 0.9861111111111112
      },
      "same_case|random_same_norm_add|L27_layer_input": {
        "baseline_terse_top1_rate": 1.0,
        "drop_rate": 0.16666666666666666,
        "mean_patched_pmv": -1.7473958333333333,
        "mean_patched_rank": 1.2777777777777777,
        "mean_pmv_increase_from_terse": 0.1388888888888889,
        "mean_rank_increase_from_terse": 0.2777777777777778,
        "mean_short_pmv": 4.278645833333333,
        "mean_short_rank": 167.69444444444446,
        "mean_terse_pmv": -1.8862847222222223,
        "mean_terse_rank": 1.0,
        "n": 72,
        "patched_best_other_route": {
          "continuation": 2,
          "json": 1,
          "prose": 69
        },
        "patched_top1_rate": 0.8333333333333334
      },
      "same_case|random_same_norm_add|L27_layer_out": {
        "baseline_terse_top1_rate": 1.0,
        "drop_rate": 0.18055555555555555,
        "mean_patched_pmv": -2.1050347222222223,
        "mean_patched_rank": 1.2361111111111112,
        "mean_pmv_increase_from_terse": -0.21875,
        "mean_rank_increase_from_terse": 0.2361111111111111,
        "mean_short_pmv": 4.278645833333333,
        "mean_short_rank": 167.69444444444446,
        "mean_terse_pmv": -1.8862847222222223,
        "mean_terse_rank": 1.0,
        "n": 72,
        "patched_best_other_route": {
          "continuation": 8,
          "json": 3,
          "prose": 61
        },
        "patched_top1_rate": 0.8194444444444444
      },
      "same_case|random_same_norm_add|L27_mlp_out": {
        "baseline_terse_top1_rate": 1.0,
        "drop_rate": 0.06944444444444445,
        "mean_patched_pmv": -2.064236111111111,
        "mean_patched_rank": 1.0694444444444444,
        "mean_pmv_increase_from_terse": -0.1779513888888889,
        "mean_rank_increase_from_terse": 0.06944444444444445,
        "mean_short_pmv": 4.278645833333333,
        "mean_short_rank": 167.69444444444446,
        "mean_terse_pmv": -1.8862847222222223,
        "mean_terse_rank": 1.0,
        "n": 72,
        "patched_best_other_route": {
          "continuation": 3,
          "prose": 69
        },
        "patched_top1_rate": 0.9305555555555556
      }
    },
    "strongest_drop_conditions": [
      {
        "baseline_terse_top1_rate": 1.0,
        "condition": "cross_donor|same_relation_diff_value_short_replace|L27_layer_out",
        "drop_rate": 1.0,
        "mean_patched_pmv": 10.633897569444445,
        "mean_patched_rank": 1587.5416666666667,
        "mean_pmv_increase_from_terse": 12.520182291666666,
        "mean_rank_increase_from_terse": 1586.5416666666667,
        "mean_short_pmv": 4.278645833333333,
        "mean_short_rank": 167.69444444444446,
        "mean_terse_pmv": -1.8862847222222223,
        "mean_terse_rank": 1.0,
        "n": 72,
        "patched_best_other_route": {
          "prose": 72
        },
        "patched_top1_rate": 0.0
      },
      {
        "baseline_terse_top1_rate": 1.0,
        "condition": "cross_donor|unrelated_short_replace|L27_layer_out",
        "drop_rate": 1.0,
        "mean_patched_pmv": 11.29079861111111,
        "mean_patched_rank": 1387.625,
        "mean_pmv_increase_from_terse": 13.177083333333334,
        "mean_rank_increase_from_terse": 1386.625,
        "mean_short_pmv": 4.278645833333333,
        "mean_short_rank": 167.69444444444446,
        "mean_terse_pmv": -1.8862847222222223,
        "mean_terse_rank": 1.0,
        "n": 72,
        "patched_best_other_route": {
          "prose": 72
        },
        "patched_top1_rate": 0.0
      },
      {
        "baseline_terse_top1_rate": 1.0,
        "condition": "cross_donor|unrelated_short_replace|L26_layer_out",
        "drop_rate": 1.0,
        "mean_patched_pmv": 10.674696180555555,
        "mean_patched_rank": 1165.736111111111,
        "mean_pmv_increase_from_terse": 12.560980902777779,
        "mean_rank_increase_from_terse": 1164.736111111111,
        "mean_short_pmv": 4.278645833333333,
        "mean_short_rank": 167.69444444444446,
        "mean_terse_pmv": -1.8862847222222223,
        "mean_terse_rank": 1.0,
        "n": 72,
        "patched_best_other_route": {
          "prose": 72
        },
        "patched_top1_rate": 0.0
      },
      {
        "baseline_terse_top1_rate": 1.0,
        "condition": "cross_donor|unrelated_short_replace|L27_layer_input",
        "drop_rate": 1.0,
        "mean_patched_pmv": 10.674696180555555,
        "mean_patched_rank": 1165.736111111111,
        "mean_pmv_increase_from_terse": 12.560980902777779,
        "mean_rank_increase_from_terse": 1164.736111111111,
        "mean_short_pmv": 4.278645833333333,
        "mean_short_rank": 167.69444444444446,
        "mean_terse_pmv": -1.8862847222222223,
        "mean_terse_rank": 1.0,
        "n": 72,
        "patched_best_other_route": {
          "prose": 72
        },
        "patched_top1_rate": 0.0
      },
      {
        "baseline_terse_top1_rate": 1.0,
        "condition": "cross_donor|unrelated_short_replace|L26_layer_input",
        "drop_rate": 1.0,
        "mean_patched_pmv": 10.26171875,
        "mean_patched_rank": 1165.0694444444443,
        "mean_pmv_increase_from_terse": 12.148003472222221,
        "mean_rank_increase_from_terse": 1164.0694444444443,
        "mean_short_pmv": 4.278645833333333,
        "mean_short_rank": 167.69444444444446,
        "mean_terse_pmv": -1.8862847222222223,
        "mean_terse_rank": 1.0,
        "n": 72,
        "patched_best_other_route": {
          "prose": 72
        },
        "patched_top1_rate": 0.0
      },
      {
        "baseline_terse_top1_rate": 1.0,
        "condition": "cross_donor|same_relation_diff_value_short_replace|L26_layer_out",
        "drop_rate": 1.0,
        "mean_patched_pmv": 9.459852430555555,
        "mean_patched_rank": 932.3472222222222,
        "mean_pmv_increase_from_terse": 11.346137152777779,
        "mean_rank_increase_from_terse": 931.3472222222222,
        "mean_short_pmv": 4.278645833333333,
        "mean_short_rank": 167.69444444444446,
        "mean_terse_pmv": -1.8862847222222223,
        "mean_terse_rank": 1.0,
        "n": 72,
        "patched_best_other_route": {
          "prose": 72
        },
        "patched_top1_rate": 0.0
      },
      {
        "baseline_terse_top1_rate": 1.0,
        "condition": "cross_donor|same_relation_diff_value_short_replace|L27_layer_input",
        "drop_rate": 1.0,
        "mean_patched_pmv": 9.459852430555555,
        "mean_patched_rank": 932.3472222222222,
        "mean_pmv_increase_from_terse": 11.346137152777779,
        "mean_rank_increase_from_terse": 931.3472222222222,
        "mean_short_pmv": 4.278645833333333,
        "mean_short_rank": 167.69444444444446,
        "mean_terse_pmv": -1.8862847222222223,
        "mean_terse_rank": 1.0,
        "n": 72,
        "patched_best_other_route": {
          "prose": 72
        },
        "patched_top1_rate": 0.0
      },
      {
        "baseline_terse_top1_rate": 1.0,
        "condition": "cross_donor|same_relation_diff_value_short_replace|L26_layer_input",
        "drop_rate": 1.0,
        "mean_patched_pmv": 8.543402777777779,
        "mean_patched_rank": 729.6805555555555,
        "mean_pmv_increase_from_terse": 10.4296875,
        "mean_rank_increase_from_terse": 728.6805555555555,
        "mean_short_pmv": 4.278645833333333,
        "mean_short_rank": 167.69444444444446,
        "mean_terse_pmv": -1.8862847222222223,
        "mean_terse_rank": 1.0,
        "n": 72,
        "patched_best_other_route": {
          "prose": 72
        },
        "patched_top1_rate": 0.0
      },
      {
        "baseline_terse_top1_rate": 1.0,
        "condition": "cross_donor|same_family_diff_value_short_replace|L27_layer_out",
        "drop_rate": 1.0,
        "mean_patched_pmv": 7.012369791666667,
        "mean_patched_rank": 673.4027777777778,
        "mean_pmv_increase_from_terse": 8.89865451388889,
        "mean_rank_increase_from_terse": 672.4027777777778,
        "mean_short_pmv": 4.278645833333333,
        "mean_short_rank": 167.69444444444446,
        "mean_terse_pmv": -1.8862847222222223,
        "mean_terse_rank": 1.0,
        "n": 72,
        "patched_best_other_route": {
          "prose": 72
        },
        "patched_top1_rate": 0.0
      },
      {
        "baseline_terse_top1_rate": 1.0,
        "condition": "cross_donor|same_family_diff_value_short_replace|L26_layer_input",
        "drop_rate": 1.0,
        "mean_patched_pmv": 7.890842013888889,
        "mean_patched_rank": 380.6666666666667,
        "mean_pmv_increase_from_terse": 9.77712673611111,
        "mean_rank_increase_from_terse": 379.6666666666667,
        "mean_short_pmv": 4.278645833333333,
        "mean_short_rank": 167.69444444444446,
        "mean_terse_pmv": -1.8862847222222223,
        "mean_terse_rank": 1.0,
        "n": 72,
        "patched_best_other_route": {
          "prose": 72
        },
        "patched_top1_rate": 0.0
      },
      {
        "baseline_terse_top1_rate": 1.0,
        "condition": "cross_donor|same_family_diff_value_short_replace|L26_layer_out",
        "drop_rate": 1.0,
        "mean_patched_pmv": 7.669270833333333,
        "mean_patched_rank": 346.84722222222223,
        "mean_pmv_increase_from_terse": 9.555555555555555,
        "mean_rank_increase_from_terse": 345.84722222222223,
        "mean_short_pmv": 4.278645833333333,
        "mean_short_rank": 167.69444444444446,
        "mean_terse_pmv": -1.8862847222222223,
        "mean_terse_rank": 1.0,
        "n": 72,
        "patched_best_other_route": {
          "prose": 72
        },
        "patched_top1_rate": 0.0
      },
      {
        "baseline_terse_top1_rate": 1.0,
        "condition": "cross_donor|same_family_diff_value_short_replace|L27_layer_input",
        "drop_rate": 1.0,
        "mean_patched_pmv": 7.669270833333333,
        "mean_patched_rank": 346.84722222222223,
        "mean_pmv_increase_from_terse": 9.555555555555555,
        "mean_rank_increase_from_terse": 345.84722222222223,
        "mean_short_pmv": 4.278645833333333,
        "mean_short_rank": 167.69444444444446,
        "mean_terse_pmv": -1.8862847222222223,
        "mean_terse_rank": 1.0,
        "n": 72,
        "patched_best_other_route": {
          "prose": 72
        },
        "patched_top1_rate": 0.0
      },
      {
        "baseline_terse_top1_rate": 1.0,
        "condition": "same_case|same_case_remove_delta|L26_layer_out",
        "drop_rate": 1.0,
        "mean_patched_pmv": 4.311631944444445,
        "mean_patched_rank": 169.54166666666666,
        "mean_pmv_increase_from_terse": 6.197916666666667,
        "mean_rank_increase_from_terse": 168.54166666666666,
        "mean_short_pmv": 4.278645833333333,
        "mean_short_rank": 167.69444444444446,
        "mean_terse_pmv": -1.8862847222222223,
        "mean_terse_rank": 1.0,
        "n": 72,
        "patched_best_other_route": {
          "prose": 72
        },
        "patched_top1_rate": 0.0
      },
      {
        "baseline_terse_top1_rate": 1.0,
        "condition": "same_case|same_case_remove_delta|L27_layer_input",
        "drop_rate": 1.0,
        "mean_patched_pmv": 4.311631944444445,
        "mean_patched_rank": 169.54166666666666,
        "mean_pmv_increase_from_terse": 6.197916666666667,
        "mean_rank_increase_from_terse": 168.54166666666666,
        "mean_short_pmv": 4.278645833333333,
        "mean_short_rank": 167.69444444444446,
        "mean_terse_pmv": -1.8862847222222223,
        "mean_terse_rank": 1.0,
        "n": 72,
        "patched_best_other_route": {
          "prose": 72
        },
        "patched_top1_rate": 0.0
      },
      {
        "baseline_terse_top1_rate": 1.0,
        "condition": "same_case|same_case_replace_short|L26_layer_out",
        "drop_rate": 1.0,
        "mean_patched_pmv": 4.320746527777778,
        "mean_patched_rank": 168.125,
        "mean_pmv_increase_from_terse": 6.20703125,
        "mean_rank_increase_from_terse": 167.125,
        "mean_short_pmv": 4.278645833333333,
        "mean_short_rank": 167.69444444444446,
        "mean_terse_pmv": -1.8862847222222223,
        "mean_terse_rank": 1.0,
        "n": 72,
        "patched_best_other_route": {
          "prose": 72
        },
        "patched_top1_rate": 0.0
      },
      {
        "baseline_terse_top1_rate": 1.0,
        "condition": "same_case|same_case_replace_short|L27_layer_input",
        "drop_rate": 1.0,
        "mean_patched_pmv": 4.320746527777778,
        "mean_patched_rank": 168.125,
        "mean_pmv_increase_from_terse": 6.20703125,
        "mean_rank_increase_from_terse": 167.125,
        "mean_short_pmv": 4.278645833333333,
        "mean_short_rank": 167.69444444444446,
        "mean_terse_pmv": -1.8862847222222223,
        "mean_terse_rank": 1.0,
        "n": 72,
        "patched_best_other_route": {
          "prose": 72
        },
        "patched_top1_rate": 0.0
      },
      {
        "baseline_terse_top1_rate": 1.0,
        "condition": "same_case|same_case_remove_delta|L27_layer_out",
        "drop_rate": 1.0,
        "mean_patched_pmv": 4.278645833333333,
        "mean_patched_rank": 168.08333333333334,
        "mean_pmv_increase_from_terse": 6.164930555555555,
        "mean_rank_increase_from_terse": 167.08333333333334,
        "mean_short_pmv": 4.278645833333333,
        "mean_short_rank": 167.69444444444446,
        "mean_terse_pmv": -1.8862847222222223,
        "mean_terse_rank": 1.0,
        "n": 72,
        "patched_best_other_route": {
          "prose": 72
        },
        "patched_top1_rate": 0.0
      },
      {
        "baseline_terse_top1_rate": 1.0,
        "condition": "same_case|same_case_replace_short|L27_layer_out",
        "drop_rate": 1.0,
        "mean_patched_pmv": 4.278645833333333,
        "mean_patched_rank": 167.69444444444446,
        "mean_pmv_increase_from_terse": 6.164930555555555,
        "mean_rank_increase_from_terse": 166.69444444444446,
        "mean_short_pmv": 4.278645833333333,
        "mean_short_rank": 167.69444444444446,
        "mean_terse_pmv": -1.8862847222222223,
        "mean_terse_rank": 1.0,
        "n": 72,
        "patched_best_other_route": {
          "prose": 72
        },
        "patched_top1_rate": 0.0
      },
      {
        "baseline_terse_top1_rate": 1.0,
        "condition": "cross_donor|same_value_remove_donor_delta|L27_layer_out",
        "drop_rate": 1.0,
        "mean_patched_pmv": 3.3046875,
        "mean_patched_rank": 26.75,
        "mean_pmv_increase_from_terse": 4.453125,
        "mean_rank_increase_from_terse": 25.75,
        "mean_short_pmv": 3.40625,
        "mean_short_rank": 24.625,
        "mean_terse_pmv": -1.1484375,
        "mean_terse_rank": 1.0,
        "n": 8,
        "patched_best_other_route": {
          "prose": 8
        },
        "patched_top1_rate": 0.0
      },
      {
        "baseline_terse_top1_rate": 1.0,
        "condition": "cross_donor|same_value_remove_donor_delta|L26_layer_out",
        "drop_rate": 1.0,
        "mean_patched_pmv": 3.3515625,
        "mean_patched_rank": 24.75,
        "mean_pmv_increase_from_terse": 4.5,
        "mean_rank_increase_from_terse": 23.75,
        "mean_short_pmv": 3.40625,
        "mean_short_rank": 24.625,
        "mean_terse_pmv": -1.1484375,
        "mean_terse_rank": 1.0,
        "n": 8,
        "patched_best_other_route": {
          "prose": 8
        },
        "patched_top1_rate": 0.0
      },
      {
        "baseline_terse_top1_rate": 1.0,
        "condition": "cross_donor|same_value_remove_donor_delta|L27_layer_input",
        "drop_rate": 1.0,
        "mean_patched_pmv": 3.3515625,
        "mean_patched_rank": 24.75,
        "mean_pmv_increase_from_terse": 4.5,
        "mean_rank_increase_from_terse": 23.75,
        "mean_short_pmv": 3.40625,
        "mean_short_rank": 24.625,
        "mean_terse_pmv": -1.1484375,
        "mean_terse_rank": 1.0,
        "n": 8,
        "patched_best_other_route": {
          "prose": 8
        },
        "patched_top1_rate": 0.0
      },
      {
        "baseline_terse_top1_rate": 1.0,
        "condition": "cross_donor|same_value_short_replace|L27_layer_out",
        "drop_rate": 1.0,
        "mean_patched_pmv": 3.40625,
        "mean_patched_rank": 24.625,
        "mean_pmv_increase_from_terse": 4.5546875,
        "mean_rank_increase_from_terse": 23.625,
        "mean_short_pmv": 3.40625,
        "mean_short_rank": 24.625,
        "mean_terse_pmv": -1.1484375,
        "mean_terse_rank": 1.0,
        "n": 8,
        "patched_best_other_route": {
          "prose": 8
        },
        "patched_top1_rate": 0.0
      },
      {
        "baseline_terse_top1_rate": 1.0,
        "condition": "cross_donor|same_value_remove_donor_delta|L26_layer_input",
        "drop_rate": 1.0,
        "mean_patched_pmv": 3.3828125,
        "mean_patched_rank": 22.625,
        "mean_pmv_increase_from_terse": 4.53125,
        "mean_rank_increase_from_terse": 21.625,
        "mean_short_pmv": 3.40625,
        "mean_short_rank": 24.625,
        "mean_terse_pmv": -1.1484375,
        "mean_terse_rank": 1.0,
        "n": 8,
        "patched_best_other_route": {
          "prose": 8
        },
        "patched_top1_rate": 0.0
      },
      {
        "baseline_terse_top1_rate": 1.0,
        "condition": "cross_donor|same_value_short_replace|L26_layer_out",
        "drop_rate": 1.0,
        "mean_patched_pmv": 3.40625,
        "mean_patched_rank": 19.5,
        "mean_pmv_increase_from_terse": 4.5546875,
        "mean_rank_increase_from_terse": 18.5,
        "mean_short_pmv": 3.40625,
        "mean_short_rank": 24.625,
        "mean_terse_pmv": -1.1484375,
        "mean_terse_rank": 1.0,
        "n": 8,
        "patched_best_other_route": {
          "prose": 8
        },
        "patched_top1_rate": 0.0
      }
    ]
  },
  "timestamp": "2026-06-26 13:56:26",
  "title": "L26 Input Necessity and Degradation Audit"
}
