[10:42:36] deepseek7b/main: natural necessity pairs=4 components=['L22:attn_out', 'L23:attn_out', 'L25:mlp_out'] audits=2
[10:42:37] [load] deepseek7b: bf16 device_map=auto attn=eager quantization=off
`torch_dtype` is deprecated! Use `dtype` instead!
Loading weights:   0%|          | 0/339 [00:00<?, ?it/s]Loading weights:   2%|▏         | 6/339 [00:00<00:05, 57.27it/s]Loading weights:  12%|█▏        | 41/339 [00:00<00:01, 218.44it/s]Loading weights:  19%|█▉        | 66/339 [00:00<00:01, 221.90it/s]Loading weights:  30%|██▉       | 101/339 [00:00<00:00, 263.93it/s]Loading weights:  40%|████      | 137/339 [00:00<00:00, 287.96it/s]Loading weights:  49%|████▉     | 166/339 [00:00<00:00, 287.02it/s]Loading weights:  58%|█████▊    | 197/339 [00:00<00:00, 282.96it/s]Loading weights:  67%|██████▋   | 226/339 [00:00<00:00, 278.69it/s]Loading weights:  76%|███████▌  | 257/339 [00:00<00:00, 268.94it/s]Loading weights:  86%|████████▌ | 292/339 [00:01<00:00, 282.94it/s]Loading weights:  95%|█████████▍| 321/339 [00:01<00:00, 274.66it/s]Loading weights: 100%|██████████| 339/339 [00:01<00:00, 270.38it/s]
[10:42:38] [load] deepseek7b: loaded eager, device=cuda:0, gpu=15.23GB
[10:42:47] deepseek7b: natural necessity scan 2/4 pairs; rows=88
[10:42:55] deepseek7b: natural necessity scan 4/4 pairs; rows=176
[model_utils] GPU memory released, allocated=15.24 GB
{
  "model": "deepseek7b",
  "round": "main",
  "top": [
    {
      "context_name": "natural_donor",
      "site": "L22:attn_out",
      "subunit_kind": "attn_head",
      "subunit_id": "L22:attn_out:H7",
      "n": 1,
      "base_target_top1_rate": 0.0,
      "after_target_top1_rate": 0.0,
      "top1_loss_rate": 0.0,
      "mean_target_logit_drop_after_erase": 0.0,
      "mean_contrast_logit_gain_after_erase": 0.015625,
      "mean_margin_drop_target_vs_contrast": 0.015625,
      "mean_total_positive_route_release_after_erase": 1.0,
      "mean_route_release_coverage": 4.0,
      "mean_margin_drop_target_vs_routes": 0.25,
      "mean_readout_jsd_on_selected_vocab": 0.0016484189950610908,
      "effect_guess_counts": {
        "route_guard_necessity_candidate": 1
      },
      "dominant_effect_guess": "route_guard_necessity_candidate",
      "route_summary": {
        "echo_object_or_relation": {
          "mean_route_release": 0.125,
          "positive_release_rate": 1.0,
          "n": 1
        },
        "format_or_schema": {
          "mean_route_release": 0.1875,
          "positive_release_rate": 1.0,
          "n": 1
        },
        "other_vocab": {
          "mean_route_release": 0.25,
          "positive_release_rate": 1.0,
          "n": 1
        },
        "punctuation_or_stop": {
          "mean_route_release": 0.4375,
          "positive_release_rate": 1.0,
          "n": 1
        }
      }
    },
    {
      "context_name": "natural_donor",
      "site": "L25:mlp_out",
      "subunit_kind": "mlp_channel",
      "subunit_id": "L25:mlp_out:C2570",
      "n": 4,
      "base_target_top1_rate": 0.75,
      "after_target_top1_rate": 1.0,
      "top1_loss_rate": 0.0,
      "mean_target_logit_drop_after_erase": -0.71875,
      "mean_contrast_logit_gain_after_erase": 0.05078125,
      "mean_margin_drop_target_vs_contrast": -0.66796875,
      "mean_total_positive_route_release_after_erase": 0.90625,
      "mean_route_release_coverage": 2.75,
      "mean_margin_drop_target_vs_routes": -0.53203125,
      "mean_readout_jsd_on_selected_vocab": 0.011556009940641099,
      "effect_guess_counts": {
        "erase_improves_or_inverse_effect": 3,
        "small_or_no_effect": 1
      },
      "dominant_effect_guess": "erase_improves_or_inverse_effect",
      "route_summary": {
        "echo_object_or_relation": {
          "mean_route_release": 0.0625,
          "positive_release_rate": 0.75,
          "n": 4
        },
        "format_or_schema": {
          "mean_route_release": 0.171875,
          "positive_release_rate": 0.5,
          "n": 4
        },
        "other_semantic_value": {
          "mean_route_release": 0.375,
          "positive_release_rate": 1.0,
          "n": 1
        },
        "other_vocab": {
          "mean_route_release": 0.15625,
          "positive_release_rate": 0.5,
          "n": 4
        },
        "punctuation_or_stop": {
          "mean_route_release": 0.265625,
          "positive_release_rate": 0.75,
          "n": 4
        }
      }
    },
    {
      "context_name": "natural_recipient",
      "site": "L25:mlp_out",
      "subunit_kind": "mlp_channel",
      "subunit_id": "L25:mlp_out:C2570",
      "n": 4,
      "base_target_top1_rate": 0.75,
      "after_target_top1_rate": 1.0,
      "top1_loss_rate": 0.0,
      "mean_target_logit_drop_after_erase": -0.71875,
      "mean_contrast_logit_gain_after_erase": 0.05078125,
      "mean_margin_drop_target_vs_contrast": -0.66796875,
      "mean_total_positive_route_release_after_erase": 0.90625,
      "mean_route_release_coverage": 2.75,
      "mean_margin_drop_target_vs_routes": -0.53203125,
      "mean_readout_jsd_on_selected_vocab": 0.011556009940641099,
      "effect_guess_counts": {
        "small_or_no_effect": 1,
        "erase_improves_or_inverse_effect": 3
      },
      "dominant_effect_guess": "erase_improves_or_inverse_effect",
      "route_summary": {
        "echo_object_or_relation": {
          "mean_route_release": 0.0625,
          "positive_release_rate": 0.75,
          "n": 4
        },
        "format_or_schema": {
          "mean_route_release": 0.171875,
          "positive_release_rate": 0.5,
          "n": 4
        },
        "other_semantic_value": {
          "mean_route_release": 0.375,
          "positive_release_rate": 1.0,
          "n": 1
        },
        "other_vocab": {
          "mean_route_release": 0.15625,
          "positive_release_rate": 0.5,
          "n": 4
        },
        "punctuation_or_stop": {
          "mean_route_release": 0.265625,
          "positive_release_rate": 0.75,
          "n": 4
        }
      }
    },
    {
      "context_name": "natural_donor",
      "site": "L23:attn_out",
      "subunit_kind": "attn_head",
      "subunit_id": "L23:attn_out:H14",
      "n": 1,
      "base_target_top1_rate": 0.0,
      "after_target_top1_rate": 0.0,
      "top1_loss_rate": 0.0,
      "mean_target_logit_drop_after_erase": -0.125,
      "mean_contrast_logit_gain_after_erase": 0.1875,
      "mean_margin_drop_target_vs_contrast": 0.0625,
      "mean_total_positive_route_release_after_erase": 0.75,
      "mean_route_release_coverage": 4.0,
      "mean_margin_drop_target_vs_routes": 0.0625,
      "mean_readout_jsd_on_selected_vocab": 0.0003947139636566433,
      "effect_guess_counts": {
        "small_or_no_effect": 1
      },
      "dominant_effect_guess": "small_or_no_effect",
      "route_summary": {
        "echo_object_or_relation": {
          "mean_route_release": 0.125,
          "positive_release_rate": 1.0,
          "n": 1
        },
        "format_or_schema": {
          "mean_route_release": 0.1875,
          "positive_release_rate": 1.0,
          "n": 1
        },
        "other_vocab": {
          "mean_route_release": 0.25,
          "positive_release_rate": 1.0,
          "n": 1
        },
        "punctuation_or_stop": {
          "mean_route_release": 0.1875,
          "positive_release_rate": 1.0,
          "n": 1
        }
      }
    },
    {
      "context_name": "natural_donor",
      "site": "L23:attn_out",
      "subunit_kind": "attn_headset",
      "subunit_id": "L23:attn_out:topH4",
      "n": 8,
      "base_target_top1_rate": 0.75,
      "after_target_top1_rate": 0.625,
      "top1_loss_rate": 0.125,
      "mean_target_logit_drop_after_erase": 0.3515625,
      "mean_contrast_logit_gain_after_erase": -0.22314453125,
      "mean_margin_drop_target_vs_contrast": 0.12841796875,
      "mean_total_positive_route_release_after_erase": 0.671875,
      "mean_route_release_coverage": 2.0,
      "mean_margin_drop_target_vs_routes": 0.38125,
      "mean_readout_jsd_on_selected_vocab": 0.008681558629092112,
      "effect_guess_counts": {
        "target_support_necessity_candidate": 3,
        "natural_suppressor_necessity_candidate": 2,
        "small_or_no_effect": 2,
        "route_guard_necessity_candidate": 1
      },
      "dominant_effect_guess": "target_support_necessity_candidate",
      "route_summary": {
        "echo_object_or_relation": {
          "mean_route_release": -0.0625,
          "positive_release_rate": 0.3333333333333333,
          "n": 6
        },
        "format_or_schema": {
          "mean_route_release": 0.046875,
          "positive_release_rate": 0.5,
          "n": 8
        },
        "other_semantic_value": {
          "mean_route_release": 0.0875,
          "positive_release_rate": 0.4,
          "n": 5
        },
        "other_vocab": {
          "mean_route_release": 0.1015625,
          "positive_release_rate": 0.625,
          "n": 8
        },
        "punctuation_or_stop": {
          "mean_route_release": -0.0546875,
          "positive_release_rate": 0.375,
          "n": 8
        }
      }
    },
    {
      "context_name": "natural_recipient",
      "site": "L22:attn_out",
      "subunit_kind": "attn_headset",
      "subunit_id": "L22:attn_out:topH4",
      "n": 8,
      "base_target_top1_rate": 0.75,
      "after_target_top1_rate": 0.625,
      "top1_loss_rate": 0.125,
      "mean_target_logit_drop_after_erase": 0.6953125,
      "mean_contrast_logit_gain_after_erase": 0.11669921875,
      "mean_margin_drop_target_vs_contrast": 0.81201171875,
      "mean_total_positive_route_release_after_erase": 0.6015625,
      "mean_route_release_coverage": 1.625,
      "mean_margin_drop_target_vs_routes": 0.613671875,
      "mean_readout_jsd_on_selected_vocab": 0.016397900138036513,
      "effect_guess_counts": {
        "route_guard_necessity_candidate": 1,
        "target_support_necessity_candidate": 4,
        "erase_improves_or_inverse_effect": 1,
        "natural_suppressor_necessity_candidate": 2
      },
      "dominant_effect_guess": "target_support_necessity_candidate",
      "route_summary": {
        "echo_object_or_relation": {
          "mean_route_release": -0.21875,
          "positive_release_rate": 0.3333333333333333,
          "n": 6
        },
        "format_or_schema": {
          "mean_route_release": -0.1171875,
          "positive_release_rate": 0.25,
          "n": 8
        },
        "other_semantic_value": {
          "mean_route_release": -0.3125,
          "positive_release_rate": 0.2,
          "n": 5
        },
        "other_vocab": {
          "mean_route_release": 0.03125,
          "positive_release_rate": 0.5,
          "n": 8
        },
        "punctuation_or_stop": {
          "mean_route_release": 0.125,
          "positive_release_rate": 0.5,
          "n": 8
        }
      }
    },
    {
      "context_name": "natural_recipient",
      "site": "L22:attn_out",
      "subunit_kind": "attn_head",
      "subunit_id": "L22:attn_out:H7",
      "n": 1,
      "base_target_top1_rate": 1.0,
      "after_target_top1_rate": 1.0,
      "top1_loss_rate": 0.0,
      "mean_target_logit_drop_after_erase": 0.125,
      "mean_contrast_logit_gain_after_erase": -0.0625,
      "mean_margin_drop_target_vs_contrast": 0.0625,
      "mean_total_positive_route_release_after_erase": 0.5625,
      "mean_route_release_coverage": 4.0,
      "mean_margin_drop_target_vs_routes": 0.265625,
      "mean_readout_jsd_on_selected_vocab": 0.002181564307403131,
      "effect_guess_counts": {
        "route_guard_necessity_candidate": 1
      },
      "dominant_effect_guess": "route_guard_necessity_candidate",
      "route_summary": {
        "echo_object_or_relation": {
          "mean_route_release": 0.0625,
          "positive_release_rate": 1.0,
          "n": 1
        },
        "format_or_schema": {
          "mean_route_release": 0.125,
          "positive_release_rate": 1.0,
          "n": 1
        },
        "other_vocab": {
          "mean_route_release": 0.125,
          "positive_release_rate": 1.0,
          "n": 1
        },
        "punctuation_or_stop": {
          "mean_route_release": 0.25,
          "positive_release_rate": 1.0,
          "n": 1
        }
      }
    },
    {
      "context_name": "natural_donor",
      "site": "L25:mlp_out",
      "subunit_kind": "mlp_channelset",
      "subunit_id": "L25:mlp_out:topC64",
      "n": 8,
      "base_target_top1_rate": 0.75,
      "after_target_top1_rate": 0.75,
      "top1_loss_rate": 0.0,
      "mean_target_logit_drop_after_erase": -0.1875,
      "mean_contrast_logit_gain_after_erase": 0.14111328125,
      "mean_margin_drop_target_vs_contrast": -0.04638671875,
      "mean_total_positive_route_release_after_erase": 0.5625,
      "mean_route_release_coverage": 2.25,
      "mean_margin_drop_target_vs_routes": -0.09140625000000001,
      "mean_readout_jsd_on_selected_vocab": 0.005422358655314422,
      "effect_guess_counts": {
        "erase_improves_or_inverse_effect": 2,
        "small_or_no_effect": 3,
        "target_support_necessity_candidate": 2,
        "route_guard_necessity_candidate": 1
      },
      "dominant_effect_guess": "small_or_no_effect",
      "route_summary": {
        "echo_object_or_relation": {
          "mean_route_release": 0.13541666666666666,
          "positive_release_rate": 0.5,
          "n": 6
        },
        "format_or_schema": {
          "mean_route_release": 0.015625,
          "positive_release_rate": 0.375,
          "n": 8
        },
        "other_semantic_value": {
          "mean_route_release": 0.0625,
          "positive_release_rate": 0.4,
          "n": 5
        },
        "other_vocab": {
          "mean_route_release": 0.09375,
          "positive_release_rate": 0.5,
          "n": 8
        },
        "punctuation_or_stop": {
          "mean_route_release": 0.1640625,
          "positive_release_rate": 0.75,
          "n": 8
        }
      }
    },
    {
      "context_name": "natural_recipient",
      "site": "L23:attn_out",
      "subunit_kind": "attn_headset",
      "subunit_id": "L23:attn_out:topH4",
      "n": 8,
      "base_target_top1_rate": 0.75,
      "after_target_top1_rate": 0.625,
      "top1_loss_rate": 0.125,
      "mean_target_logit_drop_after_erase": 0.671875,
      "mean_contrast_logit_gain_after_erase": 0.04345703125,
      "mean_margin_drop_target_vs_contrast": 0.71533203125,
      "mean_total_positive_route_release_after_erase": 0.546875,
      "mean_route_release_coverage": 1.875,
      "mean_margin_drop_target_vs_routes": 0.638671875,
      "mean_readout_jsd_on_selected_vocab": 0.016543988741122163,
      "effect_guess_counts": {
        "natural_suppressor_necessity_candidate": 2,
        "target_support_necessity_candidate": 5,
        "erase_improves_or_inverse_effect": 1
      },
      "dominant_effect_guess": "target_support_necessity_candidate",
      "route_summary": {
        "echo_object_or_relation": {
          "mean_route_release": -0.07291666666666667,
          "positive_release_rate": 0.3333333333333333,
          "n": 6
        },
        "format_or_schema": {
          "mean_route_release": 0.0234375,
          "positive_release_rate": 0.375,
          "n": 8
        },
        "other_semantic_value": {
          "mean_route_release": -0.4875,
          "positive_release_rate": 0.2,
          "n": 5
        },
        "other_vocab": {
          "mean_route_release": 0.171875,
          "positive_release_rate": 0.75,
          "n": 8
        },
        "punctuation_or_stop": {
          "mean_route_release": -0.0234375,
          "positive_release_rate": 0.375,
          "n": 8
        }
      }
    },
    {
      "context_name": "natural_recipient",
      "site": "L22:attn_out",
      "subunit_kind": "attn_headset",
      "subunit_id": "L22:attn_out:topH2",
      "n": 8,
      "base_target_top1_rate": 0.75,
      "after_target_top1_rate": 0.625,
      "top1_loss_rate": 0.125,
      "mean_target_logit_drop_after_erase": 0.3125,
      "mean_contrast_logit_gain_after_erase": 0.17333984375,
      "mean_margin_drop_target_vs_contrast": 0.48583984375,
      "mean_total_positive_route_release_after_erase": 0.546875,
      "mean_route_release_coverage": 1.875,
      "mean_margin_drop_target_vs_routes": 0.28984375,
      "mean_readout_jsd_on_selected_vocab": 0.007074468821875051,
      "effect_guess_counts": {
        "route_guard_necessity_candidate": 1,
        "target_support_necessity_candidate": 4,
        "erase_improves_or_inverse_effect": 1,
        "natural_suppressor_necessity_candidate": 2
      },
      "dominant_effect_guess": "target_support_necessity_candidate",
      "route_summary": {
        "echo_object_or_relation": {
          "mean_route_release": -0.09375,
          "positive_release_rate": 0.3333333333333333,
          "n": 6
        },
        "format_or_schema": {
          "mean_route_release": -0.140625,
          "positive_release_rate": 0.25,
          "n": 8
        },
        "other_semantic_value": {
          "mean_route_release": -0.075,
          "positive_release_rate": 0.2,
          "n": 5
        },
        "other_vocab": {
          "mean_route_release": 0.078125,
          "positive_release_rate": 0.625,
          "n": 8
        },
        "punctuation_or_stop": {
          "mean_route_release": 0.078125,
          "positive_release_rate": 0.625,
          "n": 8
        }
      }
    },
    {
      "context_name": "natural_donor",
      "site": "L23:attn_out",
      "subunit_kind": "attn_head",
      "subunit_id": "L23:attn_out:H6",
      "n": 1,
      "base_target_top1_rate": 1.0,
      "after_target_top1_rate": 1.0,
      "top1_loss_rate": 0.0,
      "mean_target_logit_drop_after_erase": 0.125,
      "mean_contrast_logit_gain_after_erase": -0.4375,
      "mean_margin_drop_target_vs_contrast": -0.3125,
      "mean_total_positive_route_release_after_erase": 0.5,
      "mean_route_release_coverage": 4.0,
      "mean_margin_drop_target_vs_routes": 0.1375,
      "mean_readout_jsd_on_selected_vocab": 0.00047192575265495333,
      "effect_guess_counts": {
        "small_or_no_effect": 1
      },
      "dominant_effect_guess": "small_or_no_effect",
      "route_summary": {
        "echo_object_or_relation": {
          "mean_route_release": -0.4375,
          "positive_release_rate": 0.0,
          "n": 1
        },
        "format_or_schema": {
          "mean_route_release": 0.125,
          "positive_release_rate": 1.0,
          "n": 1
        },
        "other_semantic_value": {
          "mean_route_release": 0.125,
          "positive_release_rate": 1.0,
          "n": 1
        },
        "other_vocab": {
          "mean_route_release": 0.125,
          "positive_release_rate": 1.0,
          "n": 1
        },
        "punctuation_or_stop": {
          "mean_route_release": 0.125,
          "positive_release_rate": 1.0,
          "n": 1
        }
      }
    },
    {
      "context_name": "natural_donor",
      "site": "L25:mlp_out",
      "subunit_kind": "mlp_channel",
      "subunit_id": "L25:mlp_out:C756",
      "n": 1,
      "base_target_top1_rate": 1.0,
      "after_target_top1_rate": 1.0,
      "top1_loss_rate": 0.0,
      "mean_target_logit_drop_after_erase": 0.0,
      "mean_contrast_logit_gain_after_erase": 0.21484375,
      "mean_margin_drop_target_vs_contrast": 0.21484375,
      "mean_total_positive_route_release_after_erase": 0.5,
      "mean_route_release_coverage": 4.0,
      "mean_margin_drop_target_vs_routes": 0.125,
      "mean_readout_jsd_on_selected_vocab": 0.000326287908386947,
      "effect_guess_counts": {
        "small_or_no_effect": 1
      },
      "dominant_effect_guess": "small_or_no_effect",
      "route_summary": {
        "format_or_schema": {
          "mean_route_release": 0.125,
          "positive_release_rate": 1.0,
          "n": 1
        },
        "other_semantic_value": {
          "mean_route_release": 0.0625,
          "positive_release_rate": 1.0,
          "n": 1
        },
        "other_vocab": {
          "mean_route_release": 0.125,
          "positive_release_rate": 1.0,
          "n": 1
        },
        "punctuation_or_stop": {
          "mean_route_release": 0.1875,
          "positive_release_rate": 1.0,
          "n": 1
        }
      }
    }
  ]
}
