[10:30:37] glm4/confirm: pairs=6 components=['L34:attn_out', 'L35:attn_out', 'L36:mlp_out'] audits=2
[10:30:38] [load] glm4: bf16 device_map=auto attn=eager quantization=off
`torch_dtype` is deprecated! Use `dtype` instead!
Loading weights:   0%|          | 0/443 [00:00<?, ?it/s]Loading weights:   0%|          | 2/443 [00:00<00:23, 18.44it/s]Loading weights:   5%|▌         | 24/443 [00:00<00:03, 131.15it/s]Loading weights:  13%|█▎        | 56/443 [00:00<00:01, 209.84it/s]Loading weights:  21%|██        | 92/443 [00:00<00:01, 259.49it/s]Loading weights:  27%|██▋       | 121/443 [00:00<00:01, 268.54it/s]Loading weights:  33%|███▎      | 148/443 [00:00<00:01, 267.76it/s]Loading weights:  41%|████      | 181/443 [00:00<00:00, 281.00it/s]Loading weights:  48%|████▊     | 214/443 [00:00<00:00, 285.62it/s]Loading weights:  56%|█████▌    | 247/443 [00:00<00:00, 288.43it/s]Loading weights:  63%|██████▎   | 279/443 [00:01<00:00, 296.40it/s]Loading weights:  70%|██████▉   | 309/443 [00:01<00:00, 291.74it/s]Loading weights:  78%|███████▊  | 346/443 [00:01<00:00, 307.76it/s]Loading weights:  85%|████████▌ | 378/443 [00:01<00:00, 303.75it/s]Loading weights:  92%|█████████▏| 409/443 [00:01<00:00, 301.04it/s]Loading weights: 100%|██████████| 443/443 [00:01<00:00, 283.32it/s]
[10:30:40] [load] glm4: loaded eager, device=cuda:0, gpu=18.80GB
[10:30:52] glm4: decomposition scan 2/6 pairs; rows=132
[10:31:02] glm4: decomposition scan 4/6 pairs; rows=264
[10:31:12] glm4: decomposition scan 6/6 pairs; rows=396
[model_utils] GPU memory released, allocated=18.81 GB
{
  "model": "glm4",
  "round": "confirm",
  "top_subunits": [
    {
      "component_id": "L36:mlp_out",
      "subunit_kind": "whole_component",
      "subunit_id": "L36:mlp_out",
      "n": 12,
      "mean_boost_target_logit": -0.34375,
      "mean_total_positive_route_suppression": 1.0859375,
      "mean_route_suppression_coverage": 3.25,
      "mean_margin_gain_donor_vs_routes": -0.3587673611111111,
      "new_donor_top1_rate": 0.3333333333333333,
      "mean_new_donor_rank": 2.9166666666666665,
      "mean_sub_delta_fraction": 1.0,
      "effect_guess_counts": {
        "global_suppressor_maintenance_candidate": 6,
        "harmful_or_competitor_support": 2,
        "small_or_no_effect": 2,
        "global_suppressor_margin_candidate": 1,
        "booster_candidate": 1
      },
      "dominant_effect_guess": "global_suppressor_maintenance_candidate",
      "route_summary": {
        "echo_object_or_relation": {
          "mean_route_suppression": 0.1625,
          "positive_suppression_rate": 0.6,
          "n": 10
        },
        "format_or_schema": {
          "mean_route_suppression": 0.07291666666666667,
          "positive_suppression_rate": 0.6666666666666666,
          "n": 12
        },
        "other_semantic_value": {
          "mean_route_suppression": -0.171875,
          "positive_suppression_rate": 0.5,
          "n": 8
        },
        "other_vocab": {
          "mean_route_suppression": 0.19270833333333334,
          "positive_suppression_rate": 0.75,
          "n": 12
        },
        "punctuation_or_stop": {
          "mean_route_suppression": 0.090625,
          "positive_suppression_rate": 0.6,
          "n": 10
        },
        "recipient_answer": {
          "mean_route_suppression": -0.6875,
          "positive_suppression_rate": 0.6,
          "n": 10
        }
      }
    },
    {
      "component_id": "L35:attn_out",
      "subunit_kind": "attn_headset",
      "subunit_id": "L35:attn_out:topH4",
      "n": 12,
      "mean_boost_target_logit": 0.09895833333333333,
      "mean_total_positive_route_suppression": 0.8411458333333334,
      "mean_route_suppression_coverage": 3.5833333333333335,
      "mean_margin_gain_donor_vs_routes": 0.23628472222222222,
      "new_donor_top1_rate": 0.3333333333333333,
      "mean_new_donor_rank": 3.3333333333333335,
      "mean_sub_delta_fraction": 0.6621543834566369,
      "effect_guess_counts": {
        "mixed_boost_global_suppressor_maintenance_candidate": 3,
        "small_or_no_effect": 6,
        "global_suppressor_maintenance_candidate": 3
      },
      "dominant_effect_guess": "small_or_no_effect",
      "route_summary": {
        "echo_object_or_relation": {
          "mean_route_suppression": 0.10625,
          "positive_suppression_rate": 0.9,
          "n": 10
        },
        "format_or_schema": {
          "mean_route_suppression": 0.010416666666666666,
          "positive_suppression_rate": 0.5,
          "n": 12
        },
        "other_semantic_value": {
          "mean_route_suppression": -0.0703125,
          "positive_suppression_rate": 0.625,
          "n": 8
        },
        "other_vocab": {
          "mean_route_suppression": 0.2994791666666667,
          "positive_suppression_rate": 0.75,
          "n": 12
        },
        "punctuation_or_stop": {
          "mean_route_suppression": 0.046875,
          "positive_suppression_rate": 0.5,
          "n": 10
        },
        "recipient_answer": {
          "mean_route_suppression": 0.346875,
          "positive_suppression_rate": 0.9,
          "n": 10
        }
      }
    },
    {
      "component_id": "L34:attn_out",
      "subunit_kind": "attn_headset",
      "subunit_id": "L34:attn_out:topH4",
      "n": 12,
      "mean_boost_target_logit": 0.7291666666666666,
      "mean_total_positive_route_suppression": 0.6588541666666666,
      "mean_route_suppression_coverage": 2.3333333333333335,
      "mean_margin_gain_donor_vs_routes": 0.6606770833333333,
      "new_donor_top1_rate": 0.6666666666666666,
      "mean_new_donor_rank": 2.9166666666666665,
      "mean_sub_delta_fraction": 0.6675224658850923,
      "effect_guess_counts": {
        "global_suppressor_maintenance_candidate": 2,
        "booster_candidate": 2,
        "mixed_boost_global_suppressor_maintenance_candidate": 4,
        "small_or_no_effect": 2,
        "global_suppressor_margin_candidate": 2
      },
      "dominant_effect_guess": "mixed_boost_global_suppressor_maintenance_candidate",
      "route_summary": {
        "echo_object_or_relation": {
          "mean_route_suppression": 0.159375,
          "positive_suppression_rate": 0.6,
          "n": 10
        },
        "format_or_schema": {
          "mean_route_suppression": 0.09895833333333333,
          "positive_suppression_rate": 0.3333333333333333,
          "n": 12
        },
        "other_semantic_value": {
          "mean_route_suppression": -1.28125,
          "positive_suppression_rate": 0.0,
          "n": 8
        },
        "other_vocab": {
          "mean_route_suppression": 0.078125,
          "positive_suppression_rate": 0.6666666666666666,
          "n": 12
        },
        "punctuation_or_stop": {
          "mean_route_suppression": 0.003125,
          "positive_suppression_rate": 0.3,
          "n": 10
        },
        "recipient_answer": {
          "mean_route_suppression": 0.1875,
          "positive_suppression_rate": 0.7,
          "n": 10
        }
      }
    },
    {
      "component_id": "L36:mlp_out",
      "subunit_kind": "mlp_channelset",
      "subunit_id": "L36:mlp_out:topC64",
      "n": 12,
      "mean_boost_target_logit": -0.026041666666666668,
      "mean_total_positive_route_suppression": 0.6536458333333334,
      "mean_route_suppression_coverage": 3.9166666666666665,
      "mean_margin_gain_donor_vs_routes": 0.08932291666666665,
      "new_donor_top1_rate": 0.3333333333333333,
      "mean_new_donor_rank": 3.0,
      "mean_sub_delta_fraction": 0.29881112746430144,
      "effect_guess_counts": {
        "global_suppressor_maintenance_candidate": 6,
        "small_or_no_effect": 3,
        "global_suppressor_margin_candidate": 3
      },
      "dominant_effect_guess": "global_suppressor_maintenance_candidate",
      "route_summary": {
        "echo_object_or_relation": {
          "mean_route_suppression": 0.165625,
          "positive_suppression_rate": 1.0,
          "n": 10
        },
        "format_or_schema": {
          "mean_route_suppression": 0.08333333333333333,
          "positive_suppression_rate": 0.6666666666666666,
          "n": 12
        },
        "other_semantic_value": {
          "mean_route_suppression": 0.125,
          "positive_suppression_rate": 0.75,
          "n": 8
        },
        "other_vocab": {
          "mean_route_suppression": 0.16666666666666666,
          "positive_suppression_rate": 1.0,
          "n": 12
        },
        "punctuation_or_stop": {
          "mean_route_suppression": 0.10625,
          "positive_suppression_rate": 0.7,
          "n": 10
        },
        "recipient_answer": {
          "mean_route_suppression": 0.0625,
          "positive_suppression_rate": 0.4,
          "n": 10
        }
      }
    },
    {
      "component_id": "L35:attn_out",
      "subunit_kind": "attn_headset",
      "subunit_id": "L35:attn_out:topH2",
      "n": 12,
      "mean_boost_target_logit": 0.13541666666666666,
      "mean_total_positive_route_suppression": 0.5651041666666666,
      "mean_route_suppression_coverage": 2.75,
      "mean_margin_gain_donor_vs_routes": 0.21059027777777775,
      "new_donor_top1_rate": 0.5,
      "mean_new_donor_rank": 3.5,
      "mean_sub_delta_fraction": 0.4986491032754052,
      "effect_guess_counts": {
        "mixed_boost_global_suppressor_maintenance_candidate": 5,
        "small_or_no_effect": 7
      },
      "dominant_effect_guess": "small_or_no_effect",
      "route_summary": {
        "echo_object_or_relation": {
          "mean_route_suppression": 0.05,
          "positive_suppression_rate": 0.6,
          "n": 10
        },
        "format_or_schema": {
          "mean_route_suppression": -0.020833333333333332,
          "positive_suppression_rate": 0.16666666666666666,
          "n": 12
        },
        "other_semantic_value": {
          "mean_route_suppression": -0.1953125,
          "positive_suppression_rate": 0.0,
          "n": 8
        },
        "other_vocab": {
          "mean_route_suppression": 0.203125,
          "positive_suppression_rate": 0.8333333333333334,
          "n": 12
        },
        "punctuation_or_stop": {
          "mean_route_suppression": 0.025,
          "positive_suppression_rate": 0.5,
          "n": 10
        },
        "recipient_answer": {
          "mean_route_suppression": 0.309375,
          "positive_suppression_rate": 1.0,
          "n": 10
        }
      }
    },
    {
      "component_id": "L35:attn_out",
      "subunit_kind": "whole_component",
      "subunit_id": "L35:attn_out",
      "n": 12,
      "mean_boost_target_logit": 0.5520833333333334,
      "mean_total_positive_route_suppression": 0.5286458333333334,
      "mean_route_suppression_coverage": 2.8333333333333335,
      "mean_margin_gain_donor_vs_routes": 0.5524305555555555,
      "new_donor_top1_rate": 0.6666666666666666,
      "mean_new_donor_rank": 2.75,
      "mean_sub_delta_fraction": 1.0,
      "effect_guess_counts": {
        "mixed_boost_global_suppressor_maintenance_candidate": 4,
        "booster_candidate": 2,
        "small_or_no_effect": 4,
        "global_suppressor_margin_candidate": 2
      },
      "dominant_effect_guess": "mixed_boost_global_suppressor_maintenance_candidate",
      "route_summary": {
        "echo_object_or_relation": {
          "mean_route_suppression": 0.09375,
          "positive_suppression_rate": 0.7,
          "n": 10
        },
        "format_or_schema": {
          "mean_route_suppression": -0.041666666666666664,
          "positive_suppression_rate": 0.3333333333333333,
          "n": 12
        },
        "other_semantic_value": {
          "mean_route_suppression": -0.3984375,
          "positive_suppression_rate": 0.25,
          "n": 8
        },
        "other_vocab": {
          "mean_route_suppression": 0.0625,
          "positive_suppression_rate": 0.5833333333333334,
          "n": 12
        },
        "punctuation_or_stop": {
          "mean_route_suppression": 0.10625,
          "positive_suppression_rate": 0.8,
          "n": 10
        },
        "recipient_answer": {
          "mean_route_suppression": 0.078125,
          "positive_suppression_rate": 0.6,
          "n": 10
        }
      }
    },
    {
      "component_id": "L34:attn_out",
      "subunit_kind": "whole_component",
      "subunit_id": "L34:attn_out",
      "n": 12,
      "mean_boost_target_logit": 1.8958333333333333,
      "mean_total_positive_route_suppression": 0.5260416666666666,
      "mean_route_suppression_coverage": 2.1666666666666665,
      "mean_margin_gain_donor_vs_routes": 1.7122395833333333,
      "new_donor_top1_rate": 0.8333333333333334,
      "mean_new_donor_rank": 1.1666666666666667,
      "mean_sub_delta_fraction": 1.0,
      "effect_guess_counts": {
        "booster_maintenance_candidate": 1,
        "mixed_boost_global_suppressor_maintenance_candidate": 5,
        "booster_candidate": 2,
        "global_suppressor_margin_candidate": 2,
        "mixed_boost_global_suppressor_closure_candidate": 2
      },
      "dominant_effect_guess": "mixed_boost_global_suppressor_maintenance_candidate",
      "route_summary": {
        "echo_object_or_relation": {
          "mean_route_suppression": 0.184375,
          "positive_suppression_rate": 0.7,
          "n": 10
        },
        "format_or_schema": {
          "mean_route_suppression": -0.10416666666666667,
          "positive_suppression_rate": 0.25,
          "n": 12
        },
        "other_semantic_value": {
          "mean_route_suppression": -1.921875,
          "positive_suppression_rate": 0.0,
          "n": 8
        },
        "other_vocab": {
          "mean_route_suppression": 0.06770833333333333,
          "positive_suppression_rate": 0.5833333333333334,
          "n": 12
        },
        "punctuation_or_stop": {
          "mean_route_suppression": 0.003125,
          "positive_suppression_rate": 0.3,
          "n": 10
        },
        "recipient_answer": {
          "mean_route_suppression": 0.13125,
          "positive_suppression_rate": 0.6,
          "n": 10
        }
      }
    },
    {
      "component_id": "L35:attn_out",
      "subunit_kind": "attn_head",
      "subunit_id": "L35:attn_out:H10",
      "n": 3,
      "mean_boost_target_logit": -0.0625,
      "mean_total_positive_route_suppression": 0.4791666666666667,
      "mean_route_suppression_coverage": 2.0,
      "mean_margin_gain_donor_vs_routes": -0.006944444444444445,
      "new_donor_top1_rate": 0.3333333333333333,
      "mean_new_donor_rank": 3.6666666666666665,
      "mean_sub_delta_fraction": 0.3745857629200772,
      "effect_guess_counts": {
        "global_suppressor_closure_candidate": 1,
        "small_or_no_effect": 2
      },
      "dominant_effect_guess": "small_or_no_effect",
      "route_summary": {
        "echo_object_or_relation": {
          "mean_route_suppression": 0.08333333333333333,
          "positive_suppression_rate": 0.6666666666666666,
          "n": 3
        },
        "format_or_schema": {
          "mean_route_suppression": 0.0,
          "positive_suppression_rate": 0.0,
          "n": 3
        },
        "other_semantic_value": {
          "mean_route_suppression": -0.125,
          "positive_suppression_rate": 0.0,
          "n": 3
        },
        "other_vocab": {
          "mean_route_suppression": 0.375,
          "positive_suppression_rate": 1.0,
          "n": 3
        },
        "punctuation_or_stop": {
          "mean_route_suppression": 0.020833333333333332,
          "positive_suppression_rate": 0.3333333333333333,
          "n": 3
        },
        "recipient_answer": {
          "mean_route_suppression": -0.020833333333333332,
          "positive_suppression_rate": 0.0,
          "n": 3
        }
      }
    },
    {
      "component_id": "L35:attn_out",
      "subunit_kind": "attn_head",
      "subunit_id": "L35:attn_out:H9",
      "n": 3,
      "mean_boost_target_logit": 0.0625,
      "mean_total_positive_route_suppression": 0.4583333333333333,
      "mean_route_suppression_coverage": 4.333333333333333,
      "mean_margin_gain_donor_vs_routes": 0.14305555555555555,
      "new_donor_top1_rate": 0.6666666666666666,
      "mean_new_donor_rank": 3.0,
      "mean_sub_delta_fraction": 0.27027826492881335,
      "effect_guess_counts": {
        "global_suppressor_maintenance_candidate": 1,
        "mixed_boost_global_suppressor_maintenance_candidate": 1,
        "small_or_no_effect": 1
      },
      "dominant_effect_guess": "global_suppressor_maintenance_candidate",
      "route_summary": {
        "echo_object_or_relation": {
          "mean_route_suppression": 0.07291666666666667,
          "positive_suppression_rate": 1.0,
          "n": 3
        },
        "format_or_schema": {
          "mean_route_suppression": 0.0,
          "positive_suppression_rate": 0.3333333333333333,
          "n": 3
        },
        "other_semantic_value": {
          "mean_route_suppression": 0.0625,
          "positive_suppression_rate": 1.0,
          "n": 1
        },
        "other_vocab": {
          "mean_route_suppression": 0.125,
          "positive_suppression_rate": 1.0,
          "n": 3
        },
        "punctuation_or_stop": {
          "mean_route_suppression": 0.07291666666666667,
          "positive_suppression_rate": 0.6666666666666666,
          "n": 3
        },
        "recipient_answer": {
          "mean_route_suppression": 0.14583333333333334,
          "positive_suppression_rate": 1.0,
          "n": 3
        }
      }
    },
    {
      "component_id": "L34:attn_out",
      "subunit_kind": "attn_headset",
      "subunit_id": "L34:attn_out:topH2",
      "n": 12,
      "mean_boost_target_logit": 0.6302083333333334,
      "mean_total_positive_route_suppression": 0.3828125,
      "mean_route_suppression_coverage": 2.0,
      "mean_margin_gain_donor_vs_routes": 0.5463541666666666,
      "new_donor_top1_rate": 0.6666666666666666,
      "mean_new_donor_rank": 3.3333333333333335,
      "mean_sub_delta_fraction": 0.5014534441820714,
      "effect_guess_counts": {
        "global_suppressor_maintenance_candidate": 2,
        "booster_candidate": 2,
        "mixed_boost_global_suppressor_maintenance_candidate": 3,
        "booster_maintenance_candidate": 1,
        "small_or_no_effect": 4
      },
      "dominant_effect_guess": "small_or_no_effect",
      "route_summary": {
        "echo_object_or_relation": {
          "mean_route_suppression": 0.1,
          "positive_suppression_rate": 0.6,
          "n": 10
        },
        "format_or_schema": {
          "mean_route_suppression": -0.052083333333333336,
          "positive_suppression_rate": 0.08333333333333333,
          "n": 12
        },
        "other_semantic_value": {
          "mean_route_suppression": -0.96875,
          "positive_suppression_rate": 0.0,
          "n": 8
        },
        "other_vocab": {
          "mean_route_suppression": 0.010416666666666666,
          "positive_suppression_rate": 0.5833333333333334,
          "n": 12
        },
        "punctuation_or_stop": {
          "mean_route_suppression": -0.015625,
          "positive_suppression_rate": 0.2,
          "n": 10
        },
        "recipient_answer": {
          "mean_route_suppression": 0.178125,
          "positive_suppression_rate": 0.8,
          "n": 10
        }
      }
    },
    {
      "component_id": "L35:attn_out",
      "subunit_kind": "attn_headset",
      "subunit_id": "L35:attn_out:topH1",
      "n": 12,
      "mean_boost_target_logit": 0.041666666666666664,
      "mean_total_positive_route_suppression": 0.3645833333333333,
      "mean_route_suppression_coverage": 2.1666666666666665,
      "mean_margin_gain_donor_vs_routes": 0.09913194444444445,
      "new_donor_top1_rate": 0.5833333333333334,
      "mean_new_donor_rank": 3.4166666666666665,
      "mean_sub_delta_fraction": 0.38648011288518086,
      "effect_guess_counts": {
        "mixed_boost_global_suppressor_maintenance_candidate": 2,
        "global_suppressor_closure_candidate": 1,
        "small_or_no_effect": 9
      },
      "dominant_effect_guess": "small_or_no_effect",
      "route_summary": {
        "echo_object_or_relation": {
          "mean_route_suppression": 0.046875,
          "positive_suppression_rate": 0.6,
          "n": 10
        },
        "format_or_schema": {
          "mean_route_suppression": 0.015625,
          "positive_suppression_rate": 0.25,
          "n": 12
        },
        "other_semantic_value": {
          "mean_route_suppression": -0.0703125,
          "positive_suppression_rate": 0.0,
          "n": 8
        },
        "other_vocab": {
          "mean_route_suppression": 0.125,
          "positive_suppression_rate": 0.5,
          "n": 12
        },
        "punctuation_or_stop": {
          "mean_route_suppression": 0.0375,
          "positive_suppression_rate": 0.5,
          "n": 10
        },
        "recipient_answer": {
          "mean_route_suppression": 0.15625,
          "positive_suppression_rate": 0.6,
          "n": 10
        }
      }
    },
    {
      "component_id": "L35:attn_out",
      "subunit_kind": "attn_head",
      "subunit_id": "L35:attn_out:H1",
      "n": 3,
      "mean_boost_target_logit": -0.1875,
      "mean_total_positive_route_suppression": 0.3541666666666667,
      "mean_route_suppression_coverage": 1.6666666666666667,
      "mean_margin_gain_donor_vs_routes": -0.15625,
      "new_donor_top1_rate": 1.0,
      "mean_new_donor_rank": 1.0,
      "mean_sub_delta_fraction": 0.18498128635293798,
      "effect_guess_counts": {
        "global_suppressor_maintenance_candidate": 2,
        "harmful_or_competitor_support": 1
      },
      "dominant_effect_guess": "global_suppressor_maintenance_candidate",
      "route_summary": {
        "echo_object_or_relation": {
          "mean_route_suppression": -0.03125,
          "positive_suppression_rate": 0.0,
          "n": 2
        },
        "format_or_schema": {
          "mean_route_suppression": 0.08333333333333333,
          "positive_suppression_rate": 0.6666666666666666,
          "n": 3
        },
        "other_semantic_value": {
          "mean_route_suppression": 0.1875,
          "positive_suppression_rate": 1.0,
          "n": 1
        },
        "other_vocab": {
          "mean_route_suppression": 0.16666666666666666,
          "positive_suppression_rate": 0.6666666666666666,
          "n": 3
        },
        "punctuation_or_stop": {
          "mean_route_suppression": -0.03125,
          "positive_suppression_rate": 0.0,
          "n": 2
        },
        "recipient_answer": {
          "mean_route_suppression": -0.10416666666666667,
          "positive_suppression_rate": 0.0,
          "n": 3
        }
      }
    }
  ]
}
