[00:08:30] glm4/smoke: selected cases=2 variants=without_candidate_list,lowercase_short_value,with_candidate_list
[00:08:30] [load] glm4: bf16 device_map=auto attn=flash_attention_2 quantization=off
`torch_dtype` is deprecated! Use `dtype` instead!
[00:08:30] [load] glm4: flash_attention_2 failed: FlashAttention2 has been toggled on, but it cannot be used due to the following error: the package for FlashAttention2 doesn't seem to be installed.
[00:08:30] [load] glm4: bf16 device_map=auto attn=sdpa quantization=off
Loading weights:   0%|          | 0/443 [00:00<?, ?it/s]Loading weights:   0%|          | 2/443 [00:00<00:56,  7.87it/s]Loading weights:   8%|▊         | 36/443 [00:00<00:03, 126.84it/s]Loading weights:  15%|█▌        | 67/443 [00:00<00:02, 182.97it/s]Loading weights:  21%|██▏       | 95/443 [00:00<00:01, 207.15it/s]Loading weights:  31%|███       | 137/443 [00:00<00:01, 266.32it/s]Loading weights:  38%|███▊      | 167/443 [00:00<00:01, 265.78it/s]Loading weights:  47%|████▋     | 207/443 [00:00<00:00, 302.35it/s]Loading weights:  54%|█████▍    | 239/443 [00:01<00:00, 302.36it/s]Loading weights:  61%|██████    | 271/443 [00:01<00:00, 304.66it/s]Loading weights:  68%|██████▊   | 303/443 [00:01<00:00, 304.43it/s]Loading weights:  76%|███████▌  | 335/443 [00:01<00:00, 303.83it/s]Loading weights:  83%|████████▎ | 368/443 [00:01<00:00, 305.58it/s]Loading weights:  90%|█████████ | 400/443 [00:01<00:00, 299.56it/s]Loading weights:  98%|█████████▊| 434/443 [00:01<00:00, 309.39it/s]Loading weights: 100%|██████████| 443/443 [00:01<00:00, 269.10it/s]
[00:08:32] [load] glm4: loaded sdpa, device=cuda:0, gpu=18.80GB
[00:08:34] glm4: component localization 1/2 cases; rows=273
[00:08:34] glm4: component localization 2/2 cases; rows=546
[model_utils] GPU memory released, allocated=18.81 GB
{
  "model": "glm4",
  "round": "smoke",
  "attn": "sdpa",
  "n_cases": 2,
  "by_prompt_observation": [
    {
      "prompt_variant": "without_candidate_list",
      "n": 2,
      "case_n": 2,
      "strict_open_rate": 0.0,
      "semantic_equiv_open_rate": 1.0,
      "pool_top1_rate": 1.0,
      "mean_margin_target_vs_case_variant": -1.46875,
      "mean_target_rank": 2.0,
      "top1_classes": {
        "case_variant_target_value": 2
      }
    },
    {
      "prompt_variant": "with_candidate_list",
      "n": 2,
      "case_n": 2,
      "strict_open_rate": 1.0,
      "semantic_equiv_open_rate": 1.0,
      "pool_top1_rate": 1.0,
      "mean_margin_target_vs_case_variant": 1.65625,
      "mean_target_rank": 1.0,
      "top1_classes": {
        "target_value": 2
      }
    },
    {
      "prompt_variant": "lowercase_short_value",
      "n": 2,
      "case_n": 2,
      "strict_open_rate": 1.0,
      "semantic_equiv_open_rate": 1.0,
      "pool_top1_rate": 1.0,
      "mean_margin_target_vs_case_variant": 0.5,
      "mean_target_rank": 1.0,
      "top1_classes": {
        "target_value": 2
      }
    }
  ],
  "top_delta_by_compare_kind_layer": [
    {
      "compare_variant": "with_candidate_list",
      "component_kind": "attn",
      "layer": 33,
      "n": 2,
      "case_n": 2,
      "strict_repair_rate": 1.0,
      "mean_delta_actual_margin": 3.125,
      "mean_delta_direct_target_vs_case_variant": 1.7410633098334074,
      "mean_delta_direct_target_vs_contrast": 0.15860887616872787,
      "positive_delta_rate": 1.0,
      "sign_align_rate": 1.0,
      "candidate_score": 1.7410633098334074
    },
    {
      "compare_variant": "with_candidate_list",
      "component_kind": "mlp",
      "layer": 38,
      "n": 2,
      "case_n": 2,
      "strict_repair_rate": 1.0,
      "mean_delta_actual_margin": 3.125,
      "mean_delta_direct_target_vs_case_variant": 1.207770362496376,
      "mean_delta_direct_target_vs_contrast": -0.12600398063659668,
      "positive_delta_rate": 1.0,
      "sign_align_rate": 1.0,
      "candidate_score": 1.207770362496376
    },
    {
      "compare_variant": "lowercase_short_value",
      "component_kind": "mlp",
      "layer": 38,
      "n": 2,
      "case_n": 2,
      "strict_repair_rate": 1.0,
      "mean_delta_actual_margin": 1.96875,
      "mean_delta_direct_target_vs_case_variant": 1.0893145650625229,
      "mean_delta_direct_target_vs_contrast": -0.07197916507720947,
      "positive_delta_rate": 1.0,
      "sign_align_rate": 1.0,
      "candidate_score": 1.0893145650625229
    },
    {
      "compare_variant": "lowercase_short_value",
      "component_kind": "mlp",
      "layer": 39,
      "n": 2,
      "case_n": 2,
      "strict_repair_rate": 1.0,
      "mean_delta_actual_margin": 1.96875,
      "mean_delta_direct_target_vs_case_variant": 0.7741848230361938,
      "mean_delta_direct_target_vs_contrast": -1.2358648777008057,
      "positive_delta_rate": 1.0,
      "sign_align_rate": 1.0,
      "candidate_score": 0.7741848230361938
    },
    {
      "compare_variant": "with_candidate_list",
      "component_kind": "attn",
      "layer": 29,
      "n": 2,
      "case_n": 2,
      "strict_repair_rate": 1.0,
      "mean_delta_actual_margin": 3.125,
      "mean_delta_direct_target_vs_case_variant": 0.5833703093230724,
      "mean_delta_direct_target_vs_contrast": 0.4672401249408722,
      "positive_delta_rate": 1.0,
      "sign_align_rate": 1.0,
      "candidate_score": 0.5833703093230724
    },
    {
      "compare_variant": "with_candidate_list",
      "component_kind": "attn",
      "layer": 35,
      "n": 2,
      "case_n": 2,
      "strict_repair_rate": 1.0,
      "mean_delta_actual_margin": 3.125,
      "mean_delta_direct_target_vs_case_variant": 0.26614896208047867,
      "mean_delta_direct_target_vs_contrast": 0.09404170513153076,
      "positive_delta_rate": 1.0,
      "sign_align_rate": 1.0,
      "candidate_score": 0.26614896208047867
    },
    {
      "compare_variant": "with_candidate_list",
      "component_kind": "mlp",
      "layer": 34,
      "n": 2,
      "case_n": 2,
      "strict_repair_rate": 1.0,
      "mean_delta_actual_margin": 3.125,
      "mean_delta_direct_target_vs_case_variant": 0.2483299169689417,
      "mean_delta_direct_target_vs_contrast": 0.07456526160240173,
      "positive_delta_rate": 1.0,
      "sign_align_rate": 1.0,
      "candidate_score": 0.2483299169689417
    },
    {
      "compare_variant": "with_candidate_list",
      "component_kind": "mlp",
      "layer": 37,
      "n": 2,
      "case_n": 2,
      "strict_repair_rate": 1.0,
      "mean_delta_actual_margin": 3.125,
      "mean_delta_direct_target_vs_case_variant": 0.2423236295580864,
      "mean_delta_direct_target_vs_contrast": -0.08020180463790894,
      "positive_delta_rate": 1.0,
      "sign_align_rate": 1.0,
      "candidate_score": 0.2423236295580864
    }
  ]
}
