`torch_dtype` is deprecated! Use `dtype` instead!
Loading weights:   0%|          | 0/443 [00:00<?, ?it/s]Loading weights:   0%|          | 2/443 [00:00<00:47,  9.22it/s]Loading weights:   6%|▌         | 27/443 [00:00<00:04, 102.08it/s]Loading weights:  13%|█▎        | 58/443 [00:00<00:02, 174.91it/s]Loading weights:  20%|██        | 90/443 [00:00<00:01, 217.48it/s]Loading weights:  28%|██▊       | 126/443 [00:00<00:01, 259.15it/s]Loading weights:  36%|███▌      | 159/443 [00:00<00:01, 277.89it/s]Loading weights:  43%|████▎     | 190/443 [00:00<00:00, 282.74it/s]Loading weights:  51%|█████     | 224/443 [00:00<00:00, 296.89it/s]Loading weights:  58%|█████▊    | 258/443 [00:01<00:00, 308.62it/s]Loading weights:  65%|██████▌   | 290/443 [00:01<00:00, 306.22it/s]Loading weights:  73%|███████▎  | 325/443 [00:01<00:00, 317.10it/s]Loading weights:  81%|████████▏ | 361/443 [00:01<00:00, 327.86it/s]Loading weights:  89%|████████▉ | 395/443 [00:01<00:00, 298.47it/s]Loading weights:  97%|█████████▋| 430/443 [00:01<00:00, 311.41it/s]Loading weights: 100%|██████████| 443/443 [00:01<00:00, 276.53it/s]
[15:55:12] Loaded glm4: class=GlmForCausalLM, GPU=18.80GB, attn=eager
[15:55:32] glm4: answer-last transfer patched 5/5 paired cases
[model_utils] GPU memory released, allocated=18.82 GB
{
  "model": "glm4",
  "n_paired_cases": 5,
  "phase": 697,
  "summary": {
    "best_degradation_conditions": [
      {
        "condition": "degradation|L39_carry_est_layerout",
        "mean_final_proj_effect": 3.4212876081466677,
        "mean_patched_rank": 2.2,
        "mean_pmv_effect": 1.5375,
        "mean_rank_effect": 1.2,
        "mean_short_rank": 2.0,
        "mean_terse_rank": 1.0,
        "n": 5,
        "patched_best_other_route": {
          "continuation": 5
        },
        "patched_top1_rate": 0.0,
        "success_change_rate": 1.0
      },
      {
        "condition": "degradation|L38_layer_out",
        "mean_final_proj_effect": 3.342928242683411,
        "mean_patched_rank": 2.0,
        "mean_pmv_effect": 1.5375,
        "mean_rank_effect": 1.0,
        "mean_short_rank": 2.0,
        "mean_terse_rank": 1.0,
        "n": 5,
        "patched_best_other_route": {
          "continuation": 5
        },
        "patched_top1_rate": 0.0,
        "success_change_rate": 1.0
      },
      {
        "condition": "degradation|L39_layer_input",
        "mean_final_proj_effect": 3.342928242683411,
        "mean_patched_rank": 2.0,
        "mean_pmv_effect": 1.5375,
        "mean_rank_effect": 1.0,
        "mean_short_rank": 2.0,
        "mean_terse_rank": 1.0,
        "n": 5,
        "patched_best_other_route": {
          "continuation": 5
        },
        "patched_top1_rate": 0.0,
        "success_change_rate": 1.0
      },
      {
        "condition": "degradation|input_window",
        "mean_final_proj_effect": 3.342928242683411,
        "mean_patched_rank": 2.0,
        "mean_pmv_effect": 1.5375,
        "mean_rank_effect": 1.0,
        "mean_short_rank": 2.0,
        "mean_terse_rank": 1.0,
        "n": 5,
        "patched_best_other_route": {
          "continuation": 5
        },
        "patched_top1_rate": 0.0,
        "success_change_rate": 1.0
      },
      {
        "condition": "degradation|L37_layer_out",
        "mean_final_proj_effect": 3.3174304723739625,
        "mean_patched_rank": 2.0,
        "mean_pmv_effect": 1.55,
        "mean_rank_effect": 1.0,
        "mean_short_rank": 2.0,
        "mean_terse_rank": 1.0,
        "n": 5,
        "patched_best_other_route": {
          "continuation": 5
        },
        "patched_top1_rate": 0.0,
        "success_change_rate": 1.0
      },
      {
        "condition": "degradation|L38_layer_input",
        "mean_final_proj_effect": 3.3174304723739625,
        "mean_patched_rank": 2.0,
        "mean_pmv_effect": 1.55,
        "mean_rank_effect": 1.0,
        "mean_short_rank": 2.0,
        "mean_terse_rank": 1.0,
        "n": 5,
        "patched_best_other_route": {
          "continuation": 5
        },
        "patched_top1_rate": 0.0,
        "success_change_rate": 1.0
      },
      {
        "condition": "degradation|L39_layer_out",
        "mean_final_proj_effect": 3.222440409660339,
        "mean_patched_rank": 2.0,
        "mean_pmv_effect": 1.525,
        "mean_rank_effect": 1.0,
        "mean_short_rank": 2.0,
        "mean_terse_rank": 1.0,
        "n": 5,
        "patched_best_other_route": {
          "continuation": 5
        },
        "patched_top1_rate": 0.0,
        "success_change_rate": 1.0
      },
      {
        "condition": "degradation|layer_window",
        "mean_final_proj_effect": 3.222440409660339,
        "mean_patched_rank": 2.0,
        "mean_pmv_effect": 1.525,
        "mean_rank_effect": 1.0,
        "mean_short_rank": 2.0,
        "mean_terse_rank": 1.0,
        "n": 5,
        "patched_best_other_route": {
          "continuation": 5
        },
        "patched_top1_rate": 0.0,
        "success_change_rate": 1.0
      },
      {
        "condition": "degradation|L35_carry_est_layerout",
        "mean_final_proj_effect": 3.494412839412689,
        "mean_patched_rank": 1.6,
        "mean_pmv_effect": 1.5875,
        "mean_rank_effect": 0.6,
        "mean_short_rank": 2.0,
        "mean_terse_rank": 1.0,
        "n": 5,
        "patched_best_other_route": {
          "continuation": 5
        },
        "patched_top1_rate": 0.4,
        "success_change_rate": 0.6
      },
      {
        "condition": "degradation|L34_layer_input",
        "mean_final_proj_effect": 3.2726086139678956,
        "mean_patched_rank": 1.6,
        "mean_pmv_effect": 1.475,
        "mean_rank_effect": 0.6,
        "mean_short_rank": 2.0,
        "mean_terse_rank": 1.0,
        "n": 5,
        "patched_best_other_route": {
          "continuation": 5
        },
        "patched_top1_rate": 0.4,
        "success_change_rate": 0.6
      },
      {
        "condition": "degradation|L35_layer_out",
        "mean_final_proj_effect": 3.226462721824646,
        "mean_patched_rank": 1.6,
        "mean_pmv_effect": 1.5125,
        "mean_rank_effect": 0.6,
        "mean_short_rank": 2.0,
        "mean_terse_rank": 1.0,
        "n": 5,
        "patched_best_other_route": {
          "continuation": 5
        },
        "patched_top1_rate": 0.4,
        "success_change_rate": 0.6
      },
      {
        "condition": "degradation|L36_layer_input",
        "mean_final_proj_effect": 3.226462721824646,
        "mean_patched_rank": 1.6,
        "mean_pmv_effect": 1.5125,
        "mean_rank_effect": 0.6,
        "mean_short_rank": 2.0,
        "mean_terse_rank": 1.0,
        "n": 5,
        "patched_best_other_route": {
          "continuation": 5
        },
        "patched_top1_rate": 0.4,
        "success_change_rate": 0.6
      },
      {
        "condition": "degradation|L34_layer_out",
        "mean_final_proj_effect": 3.2114325284957888,
        "mean_patched_rank": 1.6,
        "mean_pmv_effect": 1.525,
        "mean_rank_effect": 0.6,
        "mean_short_rank": 2.0,
        "mean_terse_rank": 1.0,
        "n": 5,
        "patched_best_other_route": {
          "continuation": 5
        },
        "patched_top1_rate": 0.4,
        "success_change_rate": 0.6
      },
      {
        "condition": "degradation|L35_layer_input",
        "mean_final_proj_effect": 3.2114325284957888,
        "mean_patched_rank": 1.6,
        "mean_pmv_effect": 1.525,
        "mean_rank_effect": 0.6,
        "mean_short_rank": 2.0,
        "mean_terse_rank": 1.0,
        "n": 5,
        "patched_best_other_route": {
          "continuation": 5
        },
        "patched_top1_rate": 0.4,
        "success_change_rate": 0.6
      },
      {
        "condition": "degradation|L37_carry_est_layerout",
        "mean_final_proj_effect": 3.445042443275452,
        "mean_patched_rank": 1.4,
        "mean_pmv_effect": 1.625,
        "mean_rank_effect": 0.4,
        "mean_short_rank": 2.0,
        "mean_terse_rank": 1.0,
        "n": 5,
        "patched_best_other_route": {
          "continuation": 5
        },
        "patched_top1_rate": 0.6,
        "success_change_rate": 0.4
      },
      {
        "condition": "degradation|L36_layer_out",
        "mean_final_proj_effect": 3.335723948478699,
        "mean_patched_rank": 1.4,
        "mean_pmv_effect": 1.525,
        "mean_rank_effect": 0.4,
        "mean_short_rank": 2.0,
        "mean_terse_rank": 1.0,
        "n": 5,
        "patched_best_other_route": {
          "continuation": 5
        },
        "patched_top1_rate": 0.6,
        "success_change_rate": 0.4
      },
      {
        "condition": "degradation|L37_layer_input",
        "mean_final_proj_effect": 3.335723948478699,
        "mean_patched_rank": 1.4,
        "mean_pmv_effect": 1.525,
        "mean_rank_effect": 0.4,
        "mean_short_rank": 2.0,
        "mean_terse_rank": 1.0,
        "n": 5,
        "patched_best_other_route": {
          "continuation": 5
        },
        "patched_top1_rate": 0.6,
        "success_change_rate": 0.4
      },
      {
        "condition": "degradation|L34_carry_est_layerout",
        "mean_final_proj_effect": 3.0992520093917846,
        "mean_patched_rank": 1.4,
        "mean_pmv_effect": 1.5625,
        "mean_rank_effect": 0.4,
        "mean_short_rank": 2.0,
        "mean_terse_rank": 1.0,
        "n": 5,
        "patched_best_other_route": {
          "continuation": 5
        },
        "patched_top1_rate": 0.6,
        "success_change_rate": 0.4
      },
      {
        "condition": "degradation|L36_carry_est_layerout",
        "mean_final_proj_effect": 2.989930272102356,
        "mean_patched_rank": 1.4,
        "mean_pmv_effect": 1.4375,
        "mean_rank_effect": 0.4,
        "mean_short_rank": 2.0,
        "mean_terse_rank": 1.0,
        "n": 5,
        "patched_best_other_route": {
          "continuation": 5
        },
        "patched_top1_rate": 0.6,
        "success_change_rate": 0.4
      },
      {
        "condition": "degradation|L38_carry_est_layerout",
        "mean_final_proj_effect": 1.6491257429122925,
        "mean_patched_rank": 1.2,
        "mean_pmv_effect": 1.0625,
        "mean_rank_effect": 0.2,
        "mean_short_rank": 2.0,
        "mean_terse_rank": 1.0,
        "n": 5,
        "patched_best_other_route": {
          "continuation": 5
        },
        "patched_top1_rate": 0.8,
        "success_change_rate": 0.2
      },
      {
        "condition": "degradation|L39_random_layer_same_norm",
        "mean_final_proj_effect": 1.3682770013809205,
        "mean_patched_rank": 1.2,
        "mean_pmv_effect": 0.5875,
        "mean_rank_effect": 0.2,
        "mean_short_rank": 2.0,
        "mean_terse_rank": 1.0,
        "n": 5,
        "patched_best_other_route": {
          "prose": 5
        },
        "patched_top1_rate": 0.8,
        "success_change_rate": 0.2
      },
      {
        "condition": "degradation|L38_mlp_out",
        "mean_final_proj_effect": 1.7852454900741577,
        "mean_patched_rank": 1.0,
        "mean_pmv_effect": 0.2375,
        "mean_rank_effect": 0.0,
        "mean_short_rank": 2.0,
        "mean_terse_rank": 1.0,
        "n": 5,
        "patched_best_other_route": {
          "continuation": 4,
          "prose": 1
        },
        "patched_top1_rate": 1.0,
        "success_change_rate": 0.0
      },
      {
        "condition": "degradation|attn_mlp_window",
        "mean_final_proj_effect": 1.2174959897994995,
        "mean_patched_rank": 1.0,
        "mean_pmv_effect": 0.425,
        "mean_rank_effect": 0.0,
        "mean_short_rank": 2.0,
        "mean_terse_rank": 1.0,
        "n": 5,
        "patched_best_other_route": {
          "continuation": 5
        },
        "patched_top1_rate": 1.0,
        "success_change_rate": 0.0
      },
      {
        "condition": "degradation|mlp_window",
        "mean_final_proj_effect": 0.9782785892486572,
        "mean_patched_rank": 1.0,
        "mean_pmv_effect": 0.275,
        "mean_rank_effect": 0.0,
        "mean_short_rank": 2.0,
        "mean_terse_rank": 1.0,
        "n": 5,
        "patched_best_other_route": {
          "continuation": 5
        },
        "patched_top1_rate": 1.0,
        "success_change_rate": 0.0
      },
      {
        "condition": "degradation|L36_random_layer_same_norm",
        "mean_final_proj_effect": 0.5907009840011597,
        "mean_patched_rank": 1.0,
        "mean_pmv_effect": 0.30625,
        "mean_rank_effect": 0.0,
        "mean_short_rank": 2.0,
        "mean_terse_rank": 1.0,
        "n": 5,
        "patched_best_other_route": {
          "prose": 5
        },
        "patched_top1_rate": 1.0,
        "success_change_rate": 0.0
      },
      {
        "condition": "degradation|attn_window",
        "mean_final_proj_effect": 0.3817467451095581,
        "mean_patched_rank": 1.0,
        "mean_pmv_effect": -0.1375,
        "mean_rank_effect": 0.0,
        "mean_short_rank": 2.0,
        "mean_terse_rank": 1.0,
        "n": 5,
        "patched_best_other_route": {
          "continuation": 1,
          "prose": 4
        },
        "patched_top1_rate": 1.0,
        "success_change_rate": 0.0
      },
      {
        "condition": "degradation|L38_attn_out",
        "mean_final_proj_effect": 0.2332235097885132,
        "mean_patched_rank": 1.0,
        "mean_pmv_effect": -0.05,
        "mean_rank_effect": 0.0,
        "mean_short_rank": 2.0,
        "mean_terse_rank": 1.0,
        "n": 5,
        "patched_best_other_route": {
          "prose": 5
        },
        "patched_top1_rate": 1.0,
        "success_change_rate": 0.0
      },
      {
        "condition": "degradation|L34_mlp_out",
        "mean_final_proj_effect": 0.16815483570098877,
        "mean_patched_rank": 1.0,
        "mean_pmv_effect": -0.125,
        "mean_rank_effect": 0.0,
        "mean_short_rank": 2.0,
        "mean_terse_rank": 1.0,
        "n": 5,
        "patched_best_other_route": {
          "continuation": 1,
          "prose": 4
        },
        "patched_top1_rate": 1.0,
        "success_change_rate": 0.0
      },
      {
        "condition": "degradation|L34_random_layer_same_norm",
        "mean_final_proj_effect": 0.1625594139099121,
        "mean_patched_rank": 1.0,
        "mean_pmv_effect": 0.06875,
        "mean_rank_effect": 0.0,
        "mean_short_rank": 2.0,
        "mean_terse_rank": 1.0,
        "n": 5,
        "patched_best_other_route": {
          "prose": 5
        },
        "patched_top1_rate": 1.0,
        "success_change_rate": 0.0
      },
      {
        "condition": "degradation|L36_mlp_out",
        "mean_final_proj_effect": 0.12196094989776611,
        "mean_patched_rank": 1.0,
        "mean_pmv_effect": 0.0,
        "mean_rank_effect": 0.0,
        "mean_short_rank": 2.0,
        "mean_terse_rank": 1.0,
        "n": 5,
        "patched_best_other_route": {
          "prose": 5
        },
        "patched_top1_rate": 1.0,
        "success_change_rate": 0.0
      },
      {
        "condition": "degradation|L36_attn_out",
        "mean_final_proj_effect": 0.09020919799804687,
        "mean_patched_rank": 1.0,
        "mean_pmv_effect": -0.025,
        "mean_rank_effect": 0.0,
        "mean_short_rank": 2.0,
        "mean_terse_rank": 1.0,
        "n": 5,
        "patched_best_other_route": {
          "continuation": 1,
          "prose": 4
        },
        "patched_top1_rate": 1.0,
        "success_change_rate": 0.0
      },
      {
        "condition": "degradation|L35_attn_out",
        "mean_final_proj_effect": 0.023114657402038573,
        "mean_patched_rank": 1.0,
        "mean_pmv_effect": -0.1375,
        "mean_rank_effect": 0.0,
        "mean_short_rank": 2.0,
        "mean_terse_rank": 1.0,
        "n": 5,
        "patched_best_other_route": {
          "prose": 5
        },
        "patched_top1_rate": 1.0,
        "success_change_rate": 0.0
      },
      {
        "condition": "degradation|L37_mlp_out",
        "mean_final_proj_effect": 0.0003919124603271484,
        "mean_patched_rank": 1.0,
        "mean_pmv_effect": -0.0375,
        "mean_rank_effect": 0.0,
        "mean_short_rank": 2.0,
        "mean_terse_rank": 1.0,
        "n": 5,
        "patched_best_other_route": {
          "prose": 5
        },
        "patched_top1_rate": 1.0,
        "success_change_rate": 0.0
      },
      {
        "condition": "degradation|L39_attn_out",
        "mean_final_proj_effect": -0.02232147455215454,
        "mean_patched_rank": 1.0,
        "mean_pmv_effect": 0.05,
        "mean_rank_effect": 0.0,
        "mean_short_rank": 2.0,
        "mean_terse_rank": 1.0,
        "n": 5,
        "patched_best_other_route": {
          "prose": 5
        },
        "patched_top1_rate": 1.0,
        "success_change_rate": 0.0
      },
      {
        "condition": "degradation|L37_attn_out",
        "mean_final_proj_effect": -0.0661576509475708,
        "mean_patched_rank": 1.0,
        "mean_pmv_effect": -0.0625,
        "mean_rank_effect": 0.0,
        "mean_short_rank": 2.0,
        "mean_terse_rank": 1.0,
        "n": 5,
        "patched_best_other_route": {
          "prose": 5
        },
        "patched_top1_rate": 1.0,
        "success_change_rate": 0.0
      },
      {
        "condition": "degradation|L38_random_layer_same_norm",
        "mean_final_proj_effect": -0.09765315055847168,
        "mean_patched_rank": 1.0,
        "mean_pmv_effect": 0.15,
        "mean_rank_effect": 0.0,
        "mean_short_rank": 2.0,
        "mean_terse_rank": 1.0,
        "n": 5,
        "patched_best_other_route": {
          "continuation": 1,
          "prose": 4
        },
        "patched_top1_rate": 1.0,
        "success_change_rate": 0.0
      },
      {
        "condition": "degradation|L37_random_layer_same_norm",
        "mean_final_proj_effect": -0.17667887210845948,
        "mean_patched_rank": 1.0,
        "mean_pmv_effect": 0.5375,
        "mean_rank_effect": 0.0,
        "mean_short_rank": 2.0,
        "mean_terse_rank": 1.0,
        "n": 5,
        "patched_best_other_route": {
          "prose": 5
        },
        "patched_top1_rate": 1.0,
        "success_change_rate": 0.0
      },
      {
        "condition": "degradation|L34_attn_out",
        "mean_final_proj_effect": -0.1808606505393982,
        "mean_patched_rank": 1.0,
        "mean_pmv_effect": -0.05,
        "mean_rank_effect": 0.0,
        "mean_short_rank": 2.0,
        "mean_terse_rank": 1.0,
        "n": 5,
        "patched_best_other_route": {
          "prose": 5
        },
        "patched_top1_rate": 1.0,
        "success_change_rate": 0.0
      },
      {
        "condition": "degradation|L39_mlp_out",
        "mean_final_proj_effect": -0.1842329502105713,
        "mean_patched_rank": 1.0,
        "mean_pmv_effect": -0.25,
        "mean_rank_effect": 0.0,
        "mean_short_rank": 2.0,
        "mean_terse_rank": 1.0,
        "n": 5,
        "patched_best_other_route": {
          "prose": 5
        },
        "patched_top1_rate": 1.0,
        "success_change_rate": 0.0
      },
      {
        "condition": "degradation|L35_mlp_out",
        "mean_final_proj_effect": -0.29209588170051576,
        "mean_patched_rank": 1.0,
        "mean_pmv_effect": -0.0625,
        "mean_rank_effect": 0.0,
        "mean_short_rank": 2.0,
        "mean_terse_rank": 1.0,
        "n": 5,
        "patched_best_other_route": {
          "prose": 5
        },
        "patched_top1_rate": 1.0,
        "success_change_rate": 0.0
      },
      {
        "condition": "degradation|L35_random_layer_same_norm",
        "mean_final_proj_effect": -1.6619113683700562,
        "mean_patched_rank": 1.0,
        "mean_pmv_effect": -0.3625,
        "mean_rank_effect": 0.0,
        "mean_short_rank": 2.0,
        "mean_terse_rank": 1.0,
        "n": 5,
        "patched_best_other_route": {
          "prose": 5
        },
        "patched_top1_rate": 1.0,
        "success_change_rate": 0.0
      }
    ],
    "best_restore_conditions": [
      {
        "condition": "restore|L39_carry_est_layerout",
        "mean_final_proj_effect": 3.4250101923942564,
        "mean_patched_rank": 1.0,
        "mean_pmv_effect": 1.7625,
        "mean_rank_effect": 1.0,
        "mean_short_rank": 2.0,
        "mean_terse_rank": 1.0,
        "n": 5,
        "patched_best_other_route": {
          "prose": 5
        },
        "patched_top1_rate": 1.0,
        "success_change_rate": 1.0
      },
      {
        "condition": "restore|L38_layer_out",
        "mean_final_proj_effect": 3.295952248573303,
        "mean_patched_rank": 1.0,
        "mean_pmv_effect": 1.5125,
        "mean_rank_effect": 1.0,
        "mean_short_rank": 2.0,
        "mean_terse_rank": 1.0,
        "n": 5,
        "patched_best_other_route": {
          "prose": 5
        },
        "patched_top1_rate": 1.0,
        "success_change_rate": 1.0
      },
      {
        "condition": "restore|L39_layer_input",
        "mean_final_proj_effect": 3.295952248573303,
        "mean_patched_rank": 1.0,
        "mean_pmv_effect": 1.5125,
        "mean_rank_effect": 1.0,
        "mean_short_rank": 2.0,
        "mean_terse_rank": 1.0,
        "n": 5,
        "patched_best_other_route": {
          "prose": 5
        },
        "patched_top1_rate": 1.0,
        "success_change_rate": 1.0
      },
      {
        "condition": "restore|input_window",
        "mean_final_proj_effect": 3.295952248573303,
        "mean_patched_rank": 1.0,
        "mean_pmv_effect": 1.5125,
        "mean_rank_effect": 1.0,
        "mean_short_rank": 2.0,
        "mean_terse_rank": 1.0,
        "n": 5,
        "patched_best_other_route": {
          "prose": 5
        },
        "patched_top1_rate": 1.0,
        "success_change_rate": 1.0
      },
      {
        "condition": "restore|L35_carry_est_layerout",
        "mean_final_proj_effect": 3.224015462398529,
        "mean_patched_rank": 1.0,
        "mean_pmv_effect": 1.6625,
        "mean_rank_effect": 1.0,
        "mean_short_rank": 2.0,
        "mean_terse_rank": 1.0,
        "n": 5,
        "patched_best_other_route": {
          "continuation": 1,
          "prose": 4
        },
        "patched_top1_rate": 1.0,
        "success_change_rate": 1.0
      },
      {
        "condition": "restore|L39_layer_out",
        "mean_final_proj_effect": 3.222440409660339,
        "mean_patched_rank": 1.0,
        "mean_pmv_effect": 1.525,
        "mean_rank_effect": 1.0,
        "mean_short_rank": 2.0,
        "mean_terse_rank": 1.0,
        "n": 5,
        "patched_best_other_route": {
          "prose": 5
        },
        "patched_top1_rate": 1.0,
        "success_change_rate": 1.0
      },
      {
        "condition": "restore|layer_window",
        "mean_final_proj_effect": 3.222440409660339,
        "mean_patched_rank": 1.0,
        "mean_pmv_effect": 1.525,
        "mean_rank_effect": 1.0,
        "mean_short_rank": 2.0,
        "mean_terse_rank": 1.0,
        "n": 5,
        "patched_best_other_route": {
          "prose": 5
        },
        "patched_top1_rate": 1.0,
        "success_change_rate": 1.0
      },
      {
        "condition": "restore|L37_carry_est_layerout",
        "mean_final_proj_effect": 3.205880844593048,
        "mean_patched_rank": 1.0,
        "mean_pmv_effect": 1.65,
        "mean_rank_effect": 1.0,
        "mean_short_rank": 2.0,
        "mean_terse_rank": 1.0,
        "n": 5,
        "patched_best_other_route": {
          "prose": 5
        },
        "patched_top1_rate": 1.0,
        "success_change_rate": 1.0
      },
      {
        "condition": "restore|L36_layer_out",
        "mean_final_proj_effect": 3.2021201491355895,
        "mean_patched_rank": 1.0,
        "mean_pmv_effect": 1.55,
        "mean_rank_effect": 1.0,
        "mean_short_rank": 2.0,
        "mean_terse_rank": 1.0,
        "n": 5,
        "patched_best_other_route": {
          "prose": 5
        },
        "patched_top1_rate": 1.0,
        "success_change_rate": 1.0
      },
      {
        "condition": "restore|L37_layer_input",
        "mean_final_proj_effect": 3.2021201491355895,
        "mean_patched_rank": 1.0,
        "mean_pmv_effect": 1.55,
        "mean_rank_effect": 1.0,
        "mean_short_rank": 2.0,
        "mean_terse_rank": 1.0,
        "n": 5,
        "patched_best_other_route": {
          "prose": 5
        },
        "patched_top1_rate": 1.0,
        "success_change_rate": 1.0
      },
      {
        "condition": "restore|L37_layer_out",
        "mean_final_proj_effect": 3.190234196186066,
        "mean_patched_rank": 1.0,
        "mean_pmv_effect": 1.5625,
        "mean_rank_effect": 1.0,
        "mean_short_rank": 2.0,
        "mean_terse_rank": 1.0,
        "n": 5,
        "patched_best_other_route": {
          "prose": 5
        },
        "patched_top1_rate": 1.0,
        "success_change_rate": 1.0
      },
      {
        "condition": "restore|L38_layer_input",
        "mean_final_proj_effect": 3.190234196186066,
        "mean_patched_rank": 1.0,
        "mean_pmv_effect": 1.5625,
        "mean_rank_effect": 1.0,
        "mean_short_rank": 2.0,
        "mean_terse_rank": 1.0,
        "n": 5,
        "patched_best_other_route": {
          "prose": 5
        },
        "patched_top1_rate": 1.0,
        "success_change_rate": 1.0
      },
      {
        "condition": "restore|L35_layer_out",
        "mean_final_proj_effect": 3.0628437042236327,
        "mean_patched_rank": 1.0,
        "mean_pmv_effect": 1.525,
        "mean_rank_effect": 1.0,
        "mean_short_rank": 2.0,
        "mean_terse_rank": 1.0,
        "n": 5,
        "patched_best_other_route": {
          "prose": 5
        },
        "patched_top1_rate": 1.0,
        "success_change_rate": 1.0
      },
      {
        "condition": "restore|L36_layer_input",
        "mean_final_proj_effect": 3.0628437042236327,
        "mean_patched_rank": 1.0,
        "mean_pmv_effect": 1.525,
        "mean_rank_effect": 1.0,
        "mean_short_rank": 2.0,
        "mean_terse_rank": 1.0,
        "n": 5,
        "patched_best_other_route": {
          "prose": 5
        },
        "patched_top1_rate": 1.0,
        "success_change_rate": 1.0
      },
      {
        "condition": "restore|L34_layer_input",
        "mean_final_proj_effect": 3.0372132539749144,
        "mean_patched_rank": 1.0,
        "mean_pmv_effect": 1.55,
        "mean_rank_effect": 1.0,
        "mean_short_rank": 2.0,
        "mean_terse_rank": 1.0,
        "n": 5,
        "patched_best_other_route": {
          "prose": 5
        },
        "patched_top1_rate": 1.0,
        "success_change_rate": 1.0
      },
      {
        "condition": "restore|L34_layer_out",
        "mean_final_proj_effect": 2.963887405395508,
        "mean_patched_rank": 1.0,
        "mean_pmv_effect": 1.55,
        "mean_rank_effect": 1.0,
        "mean_short_rank": 2.0,
        "mean_terse_rank": 1.0,
        "n": 5,
        "patched_best_other_route": {
          "continuation": 1,
          "prose": 4
        },
        "patched_top1_rate": 1.0,
        "success_change_rate": 1.0
      },
      {
        "condition": "restore|L35_layer_input",
        "mean_final_proj_effect": 2.963887405395508,
        "mean_patched_rank": 1.0,
        "mean_pmv_effect": 1.55,
        "mean_rank_effect": 1.0,
        "mean_short_rank": 2.0,
        "mean_terse_rank": 1.0,
        "n": 5,
        "patched_best_other_route": {
          "continuation": 1,
          "prose": 4
        },
        "patched_top1_rate": 1.0,
        "success_change_rate": 1.0
      },
      {
        "condition": "restore|L34_carry_est_layerout",
        "mean_final_proj_effect": 2.9434519529342653,
        "mean_patched_rank": 1.0,
        "mean_pmv_effect": 1.6625,
        "mean_rank_effect": 1.0,
        "mean_short_rank": 2.0,
        "mean_terse_rank": 1.0,
        "n": 5,
        "patched_best_other_route": {
          "continuation": 1,
          "prose": 4
        },
        "patched_top1_rate": 1.0,
        "success_change_rate": 1.0
      },
      {
        "condition": "restore|L36_carry_est_layerout",
        "mean_final_proj_effect": 2.8212488532066344,
        "mean_patched_rank": 1.0,
        "mean_pmv_effect": 1.5,
        "mean_rank_effect": 1.0,
        "mean_short_rank": 2.0,
        "mean_terse_rank": 1.0,
        "n": 5,
        "patched_best_other_route": {
          "continuation": 1,
          "prose": 4
        },
        "patched_top1_rate": 1.0,
        "success_change_rate": 1.0
      },
      {
        "condition": "restore|L38_mlp_out",
        "mean_final_proj_effect": 1.4884440660476685,
        "mean_patched_rank": 1.0,
        "mean_pmv_effect": 0.45,
        "mean_rank_effect": 1.0,
        "mean_short_rank": 2.0,
        "mean_terse_rank": 1.0,
        "n": 5,
        "patched_best_other_route": {
          "continuation": 5
        },
        "patched_top1_rate": 1.0,
        "success_change_rate": 1.0
      },
      {
        "condition": "restore|L38_carry_est_layerout",
        "mean_final_proj_effect": 1.3702446460723876,
        "mean_patched_rank": 1.0,
        "mean_pmv_effect": 1.3125,
        "mean_rank_effect": 1.0,
        "mean_short_rank": 2.0,
        "mean_terse_rank": 1.0,
        "n": 5,
        "patched_best_other_route": {
          "continuation": 4,
          "prose": 1
        },
        "patched_top1_rate": 1.0,
        "success_change_rate": 1.0
      },
      {
        "condition": "restore|attn_mlp_window",
        "mean_final_proj_effect": 1.203516387939453,
        "mean_patched_rank": 1.0,
        "mean_pmv_effect": 0.6,
        "mean_rank_effect": 1.0,
        "mean_short_rank": 2.0,
        "mean_terse_rank": 1.0,
        "n": 5,
        "patched_best_other_route": {
          "continuation": 2,
          "prose": 3
        },
        "patched_top1_rate": 1.0,
        "success_change_rate": 1.0
      },
      {
        "condition": "restore|mlp_window",
        "mean_final_proj_effect": 0.9653361916542054,
        "mean_patched_rank": 1.0,
        "mean_pmv_effect": 0.49375,
        "mean_rank_effect": 1.0,
        "mean_short_rank": 2.0,
        "mean_terse_rank": 1.0,
        "n": 5,
        "patched_best_other_route": {
          "continuation": 3,
          "prose": 2
        },
        "patched_top1_rate": 1.0,
        "success_change_rate": 1.0
      },
      {
        "condition": "restore|L37_attn_out",
        "mean_final_proj_effect": -0.05170021057128906,
        "mean_patched_rank": 1.4,
        "mean_pmv_effect": -0.0375,
        "mean_rank_effect": 0.6,
        "mean_short_rank": 2.0,
        "mean_terse_rank": 1.0,
        "n": 5,
        "patched_best_other_route": {
          "continuation": 5
        },
        "patched_top1_rate": 0.6,
        "success_change_rate": 0.6
      },
      {
        "condition": "restore|L39_random_layer_same_norm",
        "mean_final_proj_effect": -1.363538932800293,
        "mean_patched_rank": 1.4,
        "mean_pmv_effect": -0.65,
        "mean_rank_effect": 0.6,
        "mean_short_rank": 2.0,
        "mean_terse_rank": 1.0,
        "n": 5,
        "patched_best_other_route": {
          "continuation": 5
        },
        "patched_top1_rate": 0.6,
        "success_change_rate": 0.6
      },
      {
        "condition": "restore|L35_random_layer_same_norm",
        "mean_final_proj_effect": 1.6148077964782714,
        "mean_patched_rank": 1.6,
        "mean_pmv_effect": 0.30625,
        "mean_rank_effect": 0.4,
        "mean_short_rank": 2.0,
        "mean_terse_rank": 1.0,
        "n": 5,
        "patched_best_other_route": {
          "continuation": 5
        },
        "patched_top1_rate": 0.4,
        "success_change_rate": 0.4
      },
      {
        "condition": "restore|L36_mlp_out",
        "mean_final_proj_effect": 0.09986884593963623,
        "mean_patched_rank": 1.6,
        "mean_pmv_effect": -0.0125,
        "mean_rank_effect": 0.4,
        "mean_short_rank": 2.0,
        "mean_terse_rank": 1.0,
        "n": 5,
        "patched_best_other_route": {
          "continuation": 5
        },
        "patched_top1_rate": 0.4,
        "success_change_rate": 0.4
      },
      {
        "condition": "restore|L35_mlp_out",
        "mean_final_proj_effect": -0.25587005615234376,
        "mean_patched_rank": 1.6,
        "mean_pmv_effect": 0.0,
        "mean_rank_effect": 0.4,
        "mean_short_rank": 2.0,
        "mean_terse_rank": 1.0,
        "n": 5,
        "patched_best_other_route": {
          "continuation": 5
        },
        "patched_top1_rate": 0.4,
        "success_change_rate": 0.4
      },
      {
        "condition": "restore|L34_mlp_out",
        "mean_final_proj_effect": 0.151922607421875,
        "mean_patched_rank": 1.8,
        "mean_pmv_effect": -0.0625,
        "mean_rank_effect": 0.2,
        "mean_short_rank": 2.0,
        "mean_terse_rank": 1.0,
        "n": 5,
        "patched_best_other_route": {
          "continuation": 5
        },
        "patched_top1_rate": 0.2,
        "success_change_rate": 0.2
      },
      {
        "condition": "restore|L38_attn_out",
        "mean_final_proj_effect": -0.017517280578613282,
        "mean_patched_rank": 1.8,
        "mean_pmv_effect": 0.0125,
        "mean_rank_effect": 0.2,
        "mean_short_rank": 2.0,
        "mean_terse_rank": 1.0,
        "n": 5,
        "patched_best_other_route": {
          "continuation": 5
        },
        "patched_top1_rate": 0.2,
        "success_change_rate": 0.2
      },
      {
        "condition": "restore|L37_mlp_out",
        "mean_final_proj_effect": -0.11419343948364258,
        "mean_patched_rank": 1.8,
        "mean_pmv_effect": -0.05,
        "mean_rank_effect": 0.2,
        "mean_short_rank": 2.0,
        "mean_terse_rank": 1.0,
        "n": 5,
        "patched_best_other_route": {
          "continuation": 5
        },
        "patched_top1_rate": 0.2,
        "success_change_rate": 0.2
      },
      {
        "condition": "restore|L39_attn_out",
        "mean_final_proj_effect": -0.11835656166076661,
        "mean_patched_rank": 1.8,
        "mean_pmv_effect": 0.0125,
        "mean_rank_effect": 0.2,
        "mean_short_rank": 2.0,
        "mean_terse_rank": 1.0,
        "n": 5,
        "patched_best_other_route": {
          "continuation": 5
        },
        "patched_top1_rate": 0.2,
        "success_change_rate": 0.2
      },
      {
        "condition": "restore|L38_random_layer_same_norm",
        "mean_final_proj_effect": -0.22116684913635254,
        "mean_patched_rank": 1.8,
        "mean_pmv_effect": -0.26875,
        "mean_rank_effect": 0.2,
        "mean_short_rank": 2.0,
        "mean_terse_rank": 1.0,
        "n": 5,
        "patched_best_other_route": {
          "continuation": 5
        },
        "patched_top1_rate": 0.2,
        "success_change_rate": 0.2
      },
      {
        "condition": "restore|attn_window",
        "mean_final_proj_effect": -0.22609530091285707,
        "mean_patched_rank": 2.0,
        "mean_pmv_effect": -0.0625,
        "mean_rank_effect": 0.0,
        "mean_short_rank": 2.0,
        "mean_terse_rank": 1.0,
        "n": 5,
        "patched_best_other_route": {
          "continuation": 5
        },
        "patched_top1_rate": 0.2,
        "success_change_rate": 0.2
      },
      {
        "condition": "restore|L36_random_layer_same_norm",
        "mean_final_proj_effect": -0.89813232421875,
        "mean_patched_rank": 2.0,
        "mean_pmv_effect": -0.3875,
        "mean_rank_effect": 0.0,
        "mean_short_rank": 2.0,
        "mean_terse_rank": 1.0,
        "n": 5,
        "patched_best_other_route": {
          "continuation": 5
        },
        "patched_top1_rate": 0.2,
        "success_change_rate": 0.2
      },
      {
        "condition": "restore|L37_random_layer_same_norm",
        "mean_final_proj_effect": 0.49996004104614256,
        "mean_patched_rank": 2.2,
        "mean_pmv_effect": -0.7125,
        "mean_rank_effect": -0.2,
        "mean_short_rank": 2.0,
        "mean_terse_rank": 1.0,
        "n": 5,
        "patched_best_other_route": {
          "continuation": 5
        },
        "patched_top1_rate": 0.0,
        "success_change_rate": 0.0
      },
      {
        "condition": "restore|L36_attn_out",
        "mean_final_proj_effect": 0.07971198558807373,
        "mean_patched_rank": 2.0,
        "mean_pmv_effect": 0.0625,
        "mean_rank_effect": 0.0,
        "mean_short_rank": 2.0,
        "mean_terse_rank": 1.0,
        "n": 5,
        "patched_best_other_route": {
          "continuation": 5
        },
        "patched_top1_rate": 0.0,
        "success_change_rate": 0.0
      },
      {
        "condition": "restore|L34_random_layer_same_norm",
        "mean_final_proj_effect": -0.009362888336181641,
        "mean_patched_rank": 2.0,
        "mean_pmv_effect": -0.14375,
        "mean_rank_effect": 0.0,
        "mean_short_rank": 2.0,
        "mean_terse_rank": 1.0,
        "n": 5,
        "patched_best_other_route": {
          "continuation": 5
        },
        "patched_top1_rate": 0.0,
        "success_change_rate": 0.0
      },
      {
        "condition": "restore|L39_mlp_out",
        "mean_final_proj_effect": -0.18587160110473633,
        "mean_patched_rank": 2.2,
        "mean_pmv_effect": -0.00625,
        "mean_rank_effect": -0.2,
        "mean_short_rank": 2.0,
        "mean_terse_rank": 1.0,
        "n": 5,
        "patched_best_other_route": {
          "continuation": 5
        },
        "patched_top1_rate": 0.0,
        "success_change_rate": 0.0
      },
      {
        "condition": "restore|L34_attn_out",
        "mean_final_proj_effect": -0.20354549884796141,
        "mean_patched_rank": 2.0,
        "mean_pmv_effect": -0.0375,
        "mean_rank_effect": 0.0,
        "mean_short_rank": 2.0,
        "mean_terse_rank": 1.0,
        "n": 5,
        "patched_best_other_route": {
          "continuation": 5
        },
        "patched_top1_rate": 0.0,
        "success_change_rate": 0.0
      },
      {
        "condition": "restore|L35_attn_out",
        "mean_final_proj_effect": -0.21375577449798583,
        "mean_patched_rank": 2.0,
        "mean_pmv_effect": -0.1625,
        "mean_rank_effect": 0.0,
        "mean_short_rank": 2.0,
        "mean_terse_rank": 1.0,
        "n": 5,
        "patched_best_other_route": {
          "continuation": 5
        },
        "patched_top1_rate": 0.0,
        "success_change_rate": 0.0
      }
    ],
    "by_condition": {
      "degradation|L34_attn_out": {
        "mean_final_proj_effect": -0.1808606505393982,
        "mean_patched_rank": 1.0,
        "mean_pmv_effect": -0.05,
        "mean_rank_effect": 0.0,
        "mean_short_rank": 2.0,
        "mean_terse_rank": 1.0,
        "n": 5,
        "patched_best_other_route": {
          "prose": 5
        },
        "patched_top1_rate": 1.0,
        "success_change_rate": 0.0
      },
      "degradation|L34_carry_est_layerout": {
        "mean_final_proj_effect": 3.0992520093917846,
        "mean_patched_rank": 1.4,
        "mean_pmv_effect": 1.5625,
        "mean_rank_effect": 0.4,
        "mean_short_rank": 2.0,
        "mean_terse_rank": 1.0,
        "n": 5,
        "patched_best_other_route": {
          "continuation": 5
        },
        "patched_top1_rate": 0.6,
        "success_change_rate": 0.4
      },
      "degradation|L34_layer_input": {
        "mean_final_proj_effect": 3.2726086139678956,
        "mean_patched_rank": 1.6,
        "mean_pmv_effect": 1.475,
        "mean_rank_effect": 0.6,
        "mean_short_rank": 2.0,
        "mean_terse_rank": 1.0,
        "n": 5,
        "patched_best_other_route": {
          "continuation": 5
        },
        "patched_top1_rate": 0.4,
        "success_change_rate": 0.6
      },
      "degradation|L34_layer_out": {
        "mean_final_proj_effect": 3.2114325284957888,
        "mean_patched_rank": 1.6,
        "mean_pmv_effect": 1.525,
        "mean_rank_effect": 0.6,
        "mean_short_rank": 2.0,
        "mean_terse_rank": 1.0,
        "n": 5,
        "patched_best_other_route": {
          "continuation": 5
        },
        "patched_top1_rate": 0.4,
        "success_change_rate": 0.6
      },
      "degradation|L34_mlp_out": {
        "mean_final_proj_effect": 0.16815483570098877,
        "mean_patched_rank": 1.0,
        "mean_pmv_effect": -0.125,
        "mean_rank_effect": 0.0,
        "mean_short_rank": 2.0,
        "mean_terse_rank": 1.0,
        "n": 5,
        "patched_best_other_route": {
          "continuation": 1,
          "prose": 4
        },
        "patched_top1_rate": 1.0,
        "success_change_rate": 0.0
      },
      "degradation|L34_random_layer_same_norm": {
        "mean_final_proj_effect": 0.1625594139099121,
        "mean_patched_rank": 1.0,
        "mean_pmv_effect": 0.06875,
        "mean_rank_effect": 0.0,
        "mean_short_rank": 2.0,
        "mean_terse_rank": 1.0,
        "n": 5,
        "patched_best_other_route": {
          "prose": 5
        },
        "patched_top1_rate": 1.0,
        "success_change_rate": 0.0
      },
      "degradation|L35_attn_out": {
        "mean_final_proj_effect": 0.023114657402038573,
        "mean_patched_rank": 1.0,
        "mean_pmv_effect": -0.1375,
        "mean_rank_effect": 0.0,
        "mean_short_rank": 2.0,
        "mean_terse_rank": 1.0,
        "n": 5,
        "patched_best_other_route": {
          "prose": 5
        },
        "patched_top1_rate": 1.0,
        "success_change_rate": 0.0
      },
      "degradation|L35_carry_est_layerout": {
        "mean_final_proj_effect": 3.494412839412689,
        "mean_patched_rank": 1.6,
        "mean_pmv_effect": 1.5875,
        "mean_rank_effect": 0.6,
        "mean_short_rank": 2.0,
        "mean_terse_rank": 1.0,
        "n": 5,
        "patched_best_other_route": {
          "continuation": 5
        },
        "patched_top1_rate": 0.4,
        "success_change_rate": 0.6
      },
      "degradation|L35_layer_input": {
        "mean_final_proj_effect": 3.2114325284957888,
        "mean_patched_rank": 1.6,
        "mean_pmv_effect": 1.525,
        "mean_rank_effect": 0.6,
        "mean_short_rank": 2.0,
        "mean_terse_rank": 1.0,
        "n": 5,
        "patched_best_other_route": {
          "continuation": 5
        },
        "patched_top1_rate": 0.4,
        "success_change_rate": 0.6
      },
      "degradation|L35_layer_out": {
        "mean_final_proj_effect": 3.226462721824646,
        "mean_patched_rank": 1.6,
        "mean_pmv_effect": 1.5125,
        "mean_rank_effect": 0.6,
        "mean_short_rank": 2.0,
        "mean_terse_rank": 1.0,
        "n": 5,
        "patched_best_other_route": {
          "continuation": 5
        },
        "patched_top1_rate": 0.4,
        "success_change_rate": 0.6
      },
      "degradation|L35_mlp_out": {
        "mean_final_proj_effect": -0.29209588170051576,
        "mean_patched_rank": 1.0,
        "mean_pmv_effect": -0.0625,
        "mean_rank_effect": 0.0,
        "mean_short_rank": 2.0,
        "mean_terse_rank": 1.0,
        "n": 5,
        "patched_best_other_route": {
          "prose": 5
        },
        "patched_top1_rate": 1.0,
        "success_change_rate": 0.0
      },
      "degradation|L35_random_layer_same_norm": {
        "mean_final_proj_effect": -1.6619113683700562,
        "mean_patched_rank": 1.0,
        "mean_pmv_effect": -0.3625,
        "mean_rank_effect": 0.0,
        "mean_short_rank": 2.0,
        "mean_terse_rank": 1.0,
        "n": 5,
        "patched_best_other_route": {
          "prose": 5
        },
        "patched_top1_rate": 1.0,
        "success_change_rate": 0.0
      },
      "degradation|L36_attn_out": {
        "mean_final_proj_effect": 0.09020919799804687,
        "mean_patched_rank": 1.0,
        "mean_pmv_effect": -0.025,
        "mean_rank_effect": 0.0,
        "mean_short_rank": 2.0,
        "mean_terse_rank": 1.0,
        "n": 5,
        "patched_best_other_route": {
          "continuation": 1,
          "prose": 4
        },
        "patched_top1_rate": 1.0,
        "success_change_rate": 0.0
      },
      "degradation|L36_carry_est_layerout": {
        "mean_final_proj_effect": 2.989930272102356,
        "mean_patched_rank": 1.4,
        "mean_pmv_effect": 1.4375,
        "mean_rank_effect": 0.4,
        "mean_short_rank": 2.0,
        "mean_terse_rank": 1.0,
        "n": 5,
        "patched_best_other_route": {
          "continuation": 5
        },
        "patched_top1_rate": 0.6,
        "success_change_rate": 0.4
      },
      "degradation|L36_layer_input": {
        "mean_final_proj_effect": 3.226462721824646,
        "mean_patched_rank": 1.6,
        "mean_pmv_effect": 1.5125,
        "mean_rank_effect": 0.6,
        "mean_short_rank": 2.0,
        "mean_terse_rank": 1.0,
        "n": 5,
        "patched_best_other_route": {
          "continuation": 5
        },
        "patched_top1_rate": 0.4,
        "success_change_rate": 0.6
      },
      "degradation|L36_layer_out": {
        "mean_final_proj_effect": 3.335723948478699,
        "mean_patched_rank": 1.4,
        "mean_pmv_effect": 1.525,
        "mean_rank_effect": 0.4,
        "mean_short_rank": 2.0,
        "mean_terse_rank": 1.0,
        "n": 5,
        "patched_best_other_route": {
          "continuation": 5
        },
        "patched_top1_rate": 0.6,
        "success_change_rate": 0.4
      },
      "degradation|L36_mlp_out": {
        "mean_final_proj_effect": 0.12196094989776611,
        "mean_patched_rank": 1.0,
        "mean_pmv_effect": 0.0,
        "mean_rank_effect": 0.0,
        "mean_short_rank": 2.0,
        "mean_terse_rank": 1.0,
        "n": 5,
        "patched_best_other_route": {
          "prose": 5
        },
        "patched_top1_rate": 1.0,
        "success_change_rate": 0.0
      },
      "degradation|L36_random_layer_same_norm": {
        "mean_final_proj_effect": 0.5907009840011597,
        "mean_patched_rank": 1.0,
        "mean_pmv_effect": 0.30625,
        "mean_rank_effect": 0.0,
        "mean_short_rank": 2.0,
        "mean_terse_rank": 1.0,
        "n": 5,
        "patched_best_other_route": {
          "prose": 5
        },
        "patched_top1_rate": 1.0,
        "success_change_rate": 0.0
      },
      "degradation|L37_attn_out": {
        "mean_final_proj_effect": -0.0661576509475708,
        "mean_patched_rank": 1.0,
        "mean_pmv_effect": -0.0625,
        "mean_rank_effect": 0.0,
        "mean_short_rank": 2.0,
        "mean_terse_rank": 1.0,
        "n": 5,
        "patched_best_other_route": {
          "prose": 5
        },
        "patched_top1_rate": 1.0,
        "success_change_rate": 0.0
      },
      "degradation|L37_carry_est_layerout": {
        "mean_final_proj_effect": 3.445042443275452,
        "mean_patched_rank": 1.4,
        "mean_pmv_effect": 1.625,
        "mean_rank_effect": 0.4,
        "mean_short_rank": 2.0,
        "mean_terse_rank": 1.0,
        "n": 5,
        "patched_best_other_route": {
          "continuation": 5
        },
        "patched_top1_rate": 0.6,
        "success_change_rate": 0.4
      },
      "degradation|L37_layer_input": {
        "mean_final_proj_effect": 3.335723948478699,
        "mean_patched_rank": 1.4,
        "mean_pmv_effect": 1.525,
        "mean_rank_effect": 0.4,
        "mean_short_rank": 2.0,
        "mean_terse_rank": 1.0,
        "n": 5,
        "patched_best_other_route": {
          "continuation": 5
        },
        "patched_top1_rate": 0.6,
        "success_change_rate": 0.4
      },
      "degradation|L37_layer_out": {
        "mean_final_proj_effect": 3.3174304723739625,
        "mean_patched_rank": 2.0,
        "mean_pmv_effect": 1.55,
        "mean_rank_effect": 1.0,
        "mean_short_rank": 2.0,
        "mean_terse_rank": 1.0,
        "n": 5,
        "patched_best_other_route": {
          "continuation": 5
        },
        "patched_top1_rate": 0.0,
        "success_change_rate": 1.0
      },
      "degradation|L37_mlp_out": {
        "mean_final_proj_effect": 0.0003919124603271484,
        "mean_patched_rank": 1.0,
        "mean_pmv_effect": -0.0375,
        "mean_rank_effect": 0.0,
        "mean_short_rank": 2.0,
        "mean_terse_rank": 1.0,
        "n": 5,
        "patched_best_other_route": {
          "prose": 5
        },
        "patched_top1_rate": 1.0,
        "success_change_rate": 0.0
      },
      "degradation|L37_random_layer_same_norm": {
        "mean_final_proj_effect": -0.17667887210845948,
        "mean_patched_rank": 1.0,
        "mean_pmv_effect": 0.5375,
        "mean_rank_effect": 0.0,
        "mean_short_rank": 2.0,
        "mean_terse_rank": 1.0,
        "n": 5,
        "patched_best_other_route": {
          "prose": 5
        },
        "patched_top1_rate": 1.0,
        "success_change_rate": 0.0
      },
      "degradation|L38_attn_out": {
        "mean_final_proj_effect": 0.2332235097885132,
        "mean_patched_rank": 1.0,
        "mean_pmv_effect": -0.05,
        "mean_rank_effect": 0.0,
        "mean_short_rank": 2.0,
        "mean_terse_rank": 1.0,
        "n": 5,
        "patched_best_other_route": {
          "prose": 5
        },
        "patched_top1_rate": 1.0,
        "success_change_rate": 0.0
      },
      "degradation|L38_carry_est_layerout": {
        "mean_final_proj_effect": 1.6491257429122925,
        "mean_patched_rank": 1.2,
        "mean_pmv_effect": 1.0625,
        "mean_rank_effect": 0.2,
        "mean_short_rank": 2.0,
        "mean_terse_rank": 1.0,
        "n": 5,
        "patched_best_other_route": {
          "continuation": 5
        },
        "patched_top1_rate": 0.8,
        "success_change_rate": 0.2
      },
      "degradation|L38_layer_input": {
        "mean_final_proj_effect": 3.3174304723739625,
        "mean_patched_rank": 2.0,
        "mean_pmv_effect": 1.55,
        "mean_rank_effect": 1.0,
        "mean_short_rank": 2.0,
        "mean_terse_rank": 1.0,
        "n": 5,
        "patched_best_other_route": {
          "continuation": 5
        },
        "patched_top1_rate": 0.0,
        "success_change_rate": 1.0
      },
      "degradation|L38_layer_out": {
        "mean_final_proj_effect": 3.342928242683411,
        "mean_patched_rank": 2.0,
        "mean_pmv_effect": 1.5375,
        "mean_rank_effect": 1.0,
        "mean_short_rank": 2.0,
        "mean_terse_rank": 1.0,
        "n": 5,
        "patched_best_other_route": {
          "continuation": 5
        },
        "patched_top1_rate": 0.0,
        "success_change_rate": 1.0
      },
      "degradation|L38_mlp_out": {
        "mean_final_proj_effect": 1.7852454900741577,
        "mean_patched_rank": 1.0,
        "mean_pmv_effect": 0.2375,
        "mean_rank_effect": 0.0,
        "mean_short_rank": 2.0,
        "mean_terse_rank": 1.0,
        "n": 5,
        "patched_best_other_route": {
          "continuation": 4,
          "prose": 1
        },
        "patched_top1_rate": 1.0,
        "success_change_rate": 0.0
      },
      "degradation|L38_random_layer_same_norm": {
        "mean_final_proj_effect": -0.09765315055847168,
        "mean_patched_rank": 1.0,
        "mean_pmv_effect": 0.15,
        "mean_rank_effect": 0.0,
        "mean_short_rank": 2.0,
        "mean_terse_rank": 1.0,
        "n": 5,
        "patched_best_other_route": {
          "continuation": 1,
          "prose": 4
        },
        "patched_top1_rate": 1.0,
        "success_change_rate": 0.0
      },
      "degradation|L39_attn_out": {
        "mean_final_proj_effect": -0.02232147455215454,
        "mean_patched_rank": 1.0,
        "mean_pmv_effect": 0.05,
        "mean_rank_effect": 0.0,
        "mean_short_rank": 2.0,
        "mean_terse_rank": 1.0,
        "n": 5,
        "patched_best_other_route": {
          "prose": 5
        },
        "patched_top1_rate": 1.0,
        "success_change_rate": 0.0
      },
      "degradation|L39_carry_est_layerout": {
        "mean_final_proj_effect": 3.4212876081466677,
        "mean_patched_rank": 2.2,
        "mean_pmv_effect": 1.5375,
        "mean_rank_effect": 1.2,
        "mean_short_rank": 2.0,
        "mean_terse_rank": 1.0,
        "n": 5,
        "patched_best_other_route": {
          "continuation": 5
        },
        "patched_top1_rate": 0.0,
        "success_change_rate": 1.0
      },
      "degradation|L39_layer_input": {
        "mean_final_proj_effect": 3.342928242683411,
        "mean_patched_rank": 2.0,
        "mean_pmv_effect": 1.5375,
        "mean_rank_effect": 1.0,
        "mean_short_rank": 2.0,
        "mean_terse_rank": 1.0,
        "n": 5,
        "patched_best_other_route": {
          "continuation": 5
        },
        "patched_top1_rate": 0.0,
        "success_change_rate": 1.0
      },
      "degradation|L39_layer_out": {
        "mean_final_proj_effect": 3.222440409660339,
        "mean_patched_rank": 2.0,
        "mean_pmv_effect": 1.525,
        "mean_rank_effect": 1.0,
        "mean_short_rank": 2.0,
        "mean_terse_rank": 1.0,
        "n": 5,
        "patched_best_other_route": {
          "continuation": 5
        },
        "patched_top1_rate": 0.0,
        "success_change_rate": 1.0
      },
      "degradation|L39_mlp_out": {
        "mean_final_proj_effect": -0.1842329502105713,
        "mean_patched_rank": 1.0,
        "mean_pmv_effect": -0.25,
        "mean_rank_effect": 0.0,
        "mean_short_rank": 2.0,
        "mean_terse_rank": 1.0,
        "n": 5,
        "patched_best_other_route": {
          "prose": 5
        },
        "patched_top1_rate": 1.0,
        "success_change_rate": 0.0
      },
      "degradation|L39_random_layer_same_norm": {
        "mean_final_proj_effect": 1.3682770013809205,
        "mean_patched_rank": 1.2,
        "mean_pmv_effect": 0.5875,
        "mean_rank_effect": 0.2,
        "mean_short_rank": 2.0,
        "mean_terse_rank": 1.0,
        "n": 5,
        "patched_best_other_route": {
          "prose": 5
        },
        "patched_top1_rate": 0.8,
        "success_change_rate": 0.2
      },
      "degradation|attn_mlp_window": {
        "mean_final_proj_effect": 1.2174959897994995,
        "mean_patched_rank": 1.0,
        "mean_pmv_effect": 0.425,
        "mean_rank_effect": 0.0,
        "mean_short_rank": 2.0,
        "mean_terse_rank": 1.0,
        "n": 5,
        "patched_best_other_route": {
          "continuation": 5
        },
        "patched_top1_rate": 1.0,
        "success_change_rate": 0.0
      },
      "degradation|attn_window": {
        "mean_final_proj_effect": 0.3817467451095581,
        "mean_patched_rank": 1.0,
        "mean_pmv_effect": -0.1375,
        "mean_rank_effect": 0.0,
        "mean_short_rank": 2.0,
        "mean_terse_rank": 1.0,
        "n": 5,
        "patched_best_other_route": {
          "continuation": 1,
          "prose": 4
        },
        "patched_top1_rate": 1.0,
        "success_change_rate": 0.0
      },
      "degradation|input_window": {
        "mean_final_proj_effect": 3.342928242683411,
        "mean_patched_rank": 2.0,
        "mean_pmv_effect": 1.5375,
        "mean_rank_effect": 1.0,
        "mean_short_rank": 2.0,
        "mean_terse_rank": 1.0,
        "n": 5,
        "patched_best_other_route": {
          "continuation": 5
        },
        "patched_top1_rate": 0.0,
        "success_change_rate": 1.0
      },
      "degradation|layer_window": {
        "mean_final_proj_effect": 3.222440409660339,
        "mean_patched_rank": 2.0,
        "mean_pmv_effect": 1.525,
        "mean_rank_effect": 1.0,
        "mean_short_rank": 2.0,
        "mean_terse_rank": 1.0,
        "n": 5,
        "patched_best_other_route": {
          "continuation": 5
        },
        "patched_top1_rate": 0.0,
        "success_change_rate": 1.0
      },
      "degradation|mlp_window": {
        "mean_final_proj_effect": 0.9782785892486572,
        "mean_patched_rank": 1.0,
        "mean_pmv_effect": 0.275,
        "mean_rank_effect": 0.0,
        "mean_short_rank": 2.0,
        "mean_terse_rank": 1.0,
        "n": 5,
        "patched_best_other_route": {
          "continuation": 5
        },
        "patched_top1_rate": 1.0,
        "success_change_rate": 0.0
      },
      "restore|L34_attn_out": {
        "mean_final_proj_effect": -0.20354549884796141,
        "mean_patched_rank": 2.0,
        "mean_pmv_effect": -0.0375,
        "mean_rank_effect": 0.0,
        "mean_short_rank": 2.0,
        "mean_terse_rank": 1.0,
        "n": 5,
        "patched_best_other_route": {
          "continuation": 5
        },
        "patched_top1_rate": 0.0,
        "success_change_rate": 0.0
      },
      "restore|L34_carry_est_layerout": {
        "mean_final_proj_effect": 2.9434519529342653,
        "mean_patched_rank": 1.0,
        "mean_pmv_effect": 1.6625,
        "mean_rank_effect": 1.0,
        "mean_short_rank": 2.0,
        "mean_terse_rank": 1.0,
        "n": 5,
        "patched_best_other_route": {
          "continuation": 1,
          "prose": 4
        },
        "patched_top1_rate": 1.0,
        "success_change_rate": 1.0
      },
      "restore|L34_layer_input": {
        "mean_final_proj_effect": 3.0372132539749144,
        "mean_patched_rank": 1.0,
        "mean_pmv_effect": 1.55,
        "mean_rank_effect": 1.0,
        "mean_short_rank": 2.0,
        "mean_terse_rank": 1.0,
        "n": 5,
        "patched_best_other_route": {
          "prose": 5
        },
        "patched_top1_rate": 1.0,
        "success_change_rate": 1.0
      },
      "restore|L34_layer_out": {
        "mean_final_proj_effect": 2.963887405395508,
        "mean_patched_rank": 1.0,
        "mean_pmv_effect": 1.55,
        "mean_rank_effect": 1.0,
        "mean_short_rank": 2.0,
        "mean_terse_rank": 1.0,
        "n": 5,
        "patched_best_other_route": {
          "continuation": 1,
          "prose": 4
        },
        "patched_top1_rate": 1.0,
        "success_change_rate": 1.0
      },
      "restore|L34_mlp_out": {
        "mean_final_proj_effect": 0.151922607421875,
        "mean_patched_rank": 1.8,
        "mean_pmv_effect": -0.0625,
        "mean_rank_effect": 0.2,
        "mean_short_rank": 2.0,
        "mean_terse_rank": 1.0,
        "n": 5,
        "patched_best_other_route": {
          "continuation": 5
        },
        "patched_top1_rate": 0.2,
        "success_change_rate": 0.2
      },
      "restore|L34_random_layer_same_norm": {
        "mean_final_proj_effect": -0.009362888336181641,
        "mean_patched_rank": 2.0,
        "mean_pmv_effect": -0.14375,
        "mean_rank_effect": 0.0,
        "mean_short_rank": 2.0,
        "mean_terse_rank": 1.0,
        "n": 5,
        "patched_best_other_route": {
          "continuation": 5
        },
        "patched_top1_rate": 0.0,
        "success_change_rate": 0.0
      },
      "restore|L35_attn_out": {
        "mean_final_proj_effect": -0.21375577449798583,
        "mean_patched_rank": 2.0,
        "mean_pmv_effect": -0.1625,
        "mean_rank_effect": 0.0,
        "mean_short_rank": 2.0,
        "mean_terse_rank": 1.0,
        "n": 5,
        "patched_best_other_route": {
          "continuation": 5
        },
        "patched_top1_rate": 0.0,
        "success_change_rate": 0.0
      },
      "restore|L35_carry_est_layerout": {
        "mean_final_proj_effect": 3.224015462398529,
        "mean_patched_rank": 1.0,
        "mean_pmv_effect": 1.6625,
        "mean_rank_effect": 1.0,
        "mean_short_rank": 2.0,
        "mean_terse_rank": 1.0,
        "n": 5,
        "patched_best_other_route": {
          "continuation": 1,
          "prose": 4
        },
        "patched_top1_rate": 1.0,
        "success_change_rate": 1.0
      },
      "restore|L35_layer_input": {
        "mean_final_proj_effect": 2.963887405395508,
        "mean_patched_rank": 1.0,
        "mean_pmv_effect": 1.55,
        "mean_rank_effect": 1.0,
        "mean_short_rank": 2.0,
        "mean_terse_rank": 1.0,
        "n": 5,
        "patched_best_other_route": {
          "continuation": 1,
          "prose": 4
        },
        "patched_top1_rate": 1.0,
        "success_change_rate": 1.0
      },
      "restore|L35_layer_out": {
        "mean_final_proj_effect": 3.0628437042236327,
        "mean_patched_rank": 1.0,
        "mean_pmv_effect": 1.525,
        "mean_rank_effect": 1.0,
        "mean_short_rank": 2.0,
        "mean_terse_rank": 1.0,
        "n": 5,
        "patched_best_other_route": {
          "prose": 5
        },
        "patched_top1_rate": 1.0,
        "success_change_rate": 1.0
      },
      "restore|L35_mlp_out": {
        "mean_final_proj_effect": -0.25587005615234376,
        "mean_patched_rank": 1.6,
        "mean_pmv_effect": 0.0,
        "mean_rank_effect": 0.4,
        "mean_short_rank": 2.0,
        "mean_terse_rank": 1.0,
        "n": 5,
        "patched_best_other_route": {
          "continuation": 5
        },
        "patched_top1_rate": 0.4,
        "success_change_rate": 0.4
      },
      "restore|L35_random_layer_same_norm": {
        "mean_final_proj_effect": 1.6148077964782714,
        "mean_patched_rank": 1.6,
        "mean_pmv_effect": 0.30625,
        "mean_rank_effect": 0.4,
        "mean_short_rank": 2.0,
        "mean_terse_rank": 1.0,
        "n": 5,
        "patched_best_other_route": {
          "continuation": 5
        },
        "patched_top1_rate": 0.4,
        "success_change_rate": 0.4
      },
      "restore|L36_attn_out": {
        "mean_final_proj_effect": 0.07971198558807373,
        "mean_patched_rank": 2.0,
        "mean_pmv_effect": 0.0625,
        "mean_rank_effect": 0.0,
        "mean_short_rank": 2.0,
        "mean_terse_rank": 1.0,
        "n": 5,
        "patched_best_other_route": {
          "continuation": 5
        },
        "patched_top1_rate": 0.0,
        "success_change_rate": 0.0
      },
      "restore|L36_carry_est_layerout": {
        "mean_final_proj_effect": 2.8212488532066344,
        "mean_patched_rank": 1.0,
        "mean_pmv_effect": 1.5,
        "mean_rank_effect": 1.0,
        "mean_short_rank": 2.0,
        "mean_terse_rank": 1.0,
        "n": 5,
        "patched_best_other_route": {
          "continuation": 1,
          "prose": 4
        },
        "patched_top1_rate": 1.0,
        "success_change_rate": 1.0
      },
      "restore|L36_layer_input": {
        "mean_final_proj_effect": 3.0628437042236327,
        "mean_patched_rank": 1.0,
        "mean_pmv_effect": 1.525,
        "mean_rank_effect": 1.0,
        "mean_short_rank": 2.0,
        "mean_terse_rank": 1.0,
        "n": 5,
        "patched_best_other_route": {
          "prose": 5
        },
        "patched_top1_rate": 1.0,
        "success_change_rate": 1.0
      },
      "restore|L36_layer_out": {
        "mean_final_proj_effect": 3.2021201491355895,
        "mean_patched_rank": 1.0,
        "mean_pmv_effect": 1.55,
        "mean_rank_effect": 1.0,
        "mean_short_rank": 2.0,
        "mean_terse_rank": 1.0,
        "n": 5,
        "patched_best_other_route": {
          "prose": 5
        },
        "patched_top1_rate": 1.0,
        "success_change_rate": 1.0
      },
      "restore|L36_mlp_out": {
        "mean_final_proj_effect": 0.09986884593963623,
        "mean_patched_rank": 1.6,
        "mean_pmv_effect": -0.0125,
        "mean_rank_effect": 0.4,
        "mean_short_rank": 2.0,
        "mean_terse_rank": 1.0,
        "n": 5,
        "patched_best_other_route": {
          "continuation": 5
        },
        "patched_top1_rate": 0.4,
        "success_change_rate": 0.4
      },
      "restore|L36_random_layer_same_norm": {
        "mean_final_proj_effect": -0.89813232421875,
        "mean_patched_rank": 2.0,
        "mean_pmv_effect": -0.3875,
        "mean_rank_effect": 0.0,
        "mean_short_rank": 2.0,
        "mean_terse_rank": 1.0,
        "n": 5,
        "patched_best_other_route": {
          "continuation": 5
        },
        "patched_top1_rate": 0.2,
        "success_change_rate": 0.2
      },
      "restore|L37_attn_out": {
        "mean_final_proj_effect": -0.05170021057128906,
        "mean_patched_rank": 1.4,
        "mean_pmv_effect": -0.0375,
        "mean_rank_effect": 0.6,
        "mean_short_rank": 2.0,
        "mean_terse_rank": 1.0,
        "n": 5,
        "patched_best_other_route": {
          "continuation": 5
        },
        "patched_top1_rate": 0.6,
        "success_change_rate": 0.6
      },
      "restore|L37_carry_est_layerout": {
        "mean_final_proj_effect": 3.205880844593048,
        "mean_patched_rank": 1.0,
        "mean_pmv_effect": 1.65,
        "mean_rank_effect": 1.0,
        "mean_short_rank": 2.0,
        "mean_terse_rank": 1.0,
        "n": 5,
        "patched_best_other_route": {
          "prose": 5
        },
        "patched_top1_rate": 1.0,
        "success_change_rate": 1.0
      },
      "restore|L37_layer_input": {
        "mean_final_proj_effect": 3.2021201491355895,
        "mean_patched_rank": 1.0,
        "mean_pmv_effect": 1.55,
        "mean_rank_effect": 1.0,
        "mean_short_rank": 2.0,
        "mean_terse_rank": 1.0,
        "n": 5,
        "patched_best_other_route": {
          "prose": 5
        },
        "patched_top1_rate": 1.0,
        "success_change_rate": 1.0
      },
      "restore|L37_layer_out": {
        "mean_final_proj_effect": 3.190234196186066,
        "mean_patched_rank": 1.0,
        "mean_pmv_effect": 1.5625,
        "mean_rank_effect": 1.0,
        "mean_short_rank": 2.0,
        "mean_terse_rank": 1.0,
        "n": 5,
        "patched_best_other_route": {
          "prose": 5
        },
        "patched_top1_rate": 1.0,
        "success_change_rate": 1.0
      },
      "restore|L37_mlp_out": {
        "mean_final_proj_effect": -0.11419343948364258,
        "mean_patched_rank": 1.8,
        "mean_pmv_effect": -0.05,
        "mean_rank_effect": 0.2,
        "mean_short_rank": 2.0,
        "mean_terse_rank": 1.0,
        "n": 5,
        "patched_best_other_route": {
          "continuation": 5
        },
        "patched_top1_rate": 0.2,
        "success_change_rate": 0.2
      },
      "restore|L37_random_layer_same_norm": {
        "mean_final_proj_effect": 0.49996004104614256,
        "mean_patched_rank": 2.2,
        "mean_pmv_effect": -0.7125,
        "mean_rank_effect": -0.2,
        "mean_short_rank": 2.0,
        "mean_terse_rank": 1.0,
        "n": 5,
        "patched_best_other_route": {
          "continuation": 5
        },
        "patched_top1_rate": 0.0,
        "success_change_rate": 0.0
      },
      "restore|L38_attn_out": {
        "mean_final_proj_effect": -0.017517280578613282,
        "mean_patched_rank": 1.8,
        "mean_pmv_effect": 0.0125,
        "mean_rank_effect": 0.2,
        "mean_short_rank": 2.0,
        "mean_terse_rank": 1.0,
        "n": 5,
        "patched_best_other_route": {
          "continuation": 5
        },
        "patched_top1_rate": 0.2,
        "success_change_rate": 0.2
      },
      "restore|L38_carry_est_layerout": {
        "mean_final_proj_effect": 1.3702446460723876,
        "mean_patched_rank": 1.0,
        "mean_pmv_effect": 1.3125,
        "mean_rank_effect": 1.0,
        "mean_short_rank": 2.0,
        "mean_terse_rank": 1.0,
        "n": 5,
        "patched_best_other_route": {
          "continuation": 4,
          "prose": 1
        },
        "patched_top1_rate": 1.0,
        "success_change_rate": 1.0
      },
      "restore|L38_layer_input": {
        "mean_final_proj_effect": 3.190234196186066,
        "mean_patched_rank": 1.0,
        "mean_pmv_effect": 1.5625,
        "mean_rank_effect": 1.0,
        "mean_short_rank": 2.0,
        "mean_terse_rank": 1.0,
        "n": 5,
        "patched_best_other_route": {
          "prose": 5
        },
        "patched_top1_rate": 1.0,
        "success_change_rate": 1.0
      },
      "restore|L38_layer_out": {
        "mean_final_proj_effect": 3.295952248573303,
        "mean_patched_rank": 1.0,
        "mean_pmv_effect": 1.5125,
        "mean_rank_effect": 1.0,
        "mean_short_rank": 2.0,
        "mean_terse_rank": 1.0,
        "n": 5,
        "patched_best_other_route": {
          "prose": 5
        },
        "patched_top1_rate": 1.0,
        "success_change_rate": 1.0
      },
      "restore|L38_mlp_out": {
        "mean_final_proj_effect": 1.4884440660476685,
        "mean_patched_rank": 1.0,
        "mean_pmv_effect": 0.45,
        "mean_rank_effect": 1.0,
        "mean_short_rank": 2.0,
        "mean_terse_rank": 1.0,
        "n": 5,
        "patched_best_other_route": {
          "continuation": 5
        },
        "patched_top1_rate": 1.0,
        "success_change_rate": 1.0
      },
      "restore|L38_random_layer_same_norm": {
        "mean_final_proj_effect": -0.22116684913635254,
        "mean_patched_rank": 1.8,
        "mean_pmv_effect": -0.26875,
        "mean_rank_effect": 0.2,
        "mean_short_rank": 2.0,
        "mean_terse_rank": 1.0,
        "n": 5,
        "patched_best_other_route": {
          "continuation": 5
        },
        "patched_top1_rate": 0.2,
        "success_change_rate": 0.2
      },
      "restore|L39_attn_out": {
        "mean_final_proj_effect": -0.11835656166076661,
        "mean_patched_rank": 1.8,
        "mean_pmv_effect": 0.0125,
        "mean_rank_effect": 0.2,
        "mean_short_rank": 2.0,
        "mean_terse_rank": 1.0,
        "n": 5,
        "patched_best_other_route": {
          "continuation": 5
        },
        "patched_top1_rate": 0.2,
        "success_change_rate": 0.2
      },
      "restore|L39_carry_est_layerout": {
        "mean_final_proj_effect": 3.4250101923942564,
        "mean_patched_rank": 1.0,
        "mean_pmv_effect": 1.7625,
        "mean_rank_effect": 1.0,
        "mean_short_rank": 2.0,
        "mean_terse_rank": 1.0,
        "n": 5,
        "patched_best_other_route": {
          "prose": 5
        },
        "patched_top1_rate": 1.0,
        "success_change_rate": 1.0
      },
      "restore|L39_layer_input": {
        "mean_final_proj_effect": 3.295952248573303,
        "mean_patched_rank": 1.0,
        "mean_pmv_effect": 1.5125,
        "mean_rank_effect": 1.0,
        "mean_short_rank": 2.0,
        "mean_terse_rank": 1.0,
        "n": 5,
        "patched_best_other_route": {
          "prose": 5
        },
        "patched_top1_rate": 1.0,
        "success_change_rate": 1.0
      },
      "restore|L39_layer_out": {
        "mean_final_proj_effect": 3.222440409660339,
        "mean_patched_rank": 1.0,
        "mean_pmv_effect": 1.525,
        "mean_rank_effect": 1.0,
        "mean_short_rank": 2.0,
        "mean_terse_rank": 1.0,
        "n": 5,
        "patched_best_other_route": {
          "prose": 5
        },
        "patched_top1_rate": 1.0,
        "success_change_rate": 1.0
      },
      "restore|L39_mlp_out": {
        "mean_final_proj_effect": -0.18587160110473633,
        "mean_patched_rank": 2.2,
        "mean_pmv_effect": -0.00625,
        "mean_rank_effect": -0.2,
        "mean_short_rank": 2.0,
        "mean_terse_rank": 1.0,
        "n": 5,
        "patched_best_other_route": {
          "continuation": 5
        },
        "patched_top1_rate": 0.0,
        "success_change_rate": 0.0
      },
      "restore|L39_random_layer_same_norm": {
        "mean_final_proj_effect": -1.363538932800293,
        "mean_patched_rank": 1.4,
        "mean_pmv_effect": -0.65,
        "mean_rank_effect": 0.6,
        "mean_short_rank": 2.0,
        "mean_terse_rank": 1.0,
        "n": 5,
        "patched_best_other_route": {
          "continuation": 5
        },
        "patched_top1_rate": 0.6,
        "success_change_rate": 0.6
      },
      "restore|attn_mlp_window": {
        "mean_final_proj_effect": 1.203516387939453,
        "mean_patched_rank": 1.0,
        "mean_pmv_effect": 0.6,
        "mean_rank_effect": 1.0,
        "mean_short_rank": 2.0,
        "mean_terse_rank": 1.0,
        "n": 5,
        "patched_best_other_route": {
          "continuation": 2,
          "prose": 3
        },
        "patched_top1_rate": 1.0,
        "success_change_rate": 1.0
      },
      "restore|attn_window": {
        "mean_final_proj_effect": -0.22609530091285707,
        "mean_patched_rank": 2.0,
        "mean_pmv_effect": -0.0625,
        "mean_rank_effect": 0.0,
        "mean_short_rank": 2.0,
        "mean_terse_rank": 1.0,
        "n": 5,
        "patched_best_other_route": {
          "continuation": 5
        },
        "patched_top1_rate": 0.2,
        "success_change_rate": 0.2
      },
      "restore|input_window": {
        "mean_final_proj_effect": 3.295952248573303,
        "mean_patched_rank": 1.0,
        "mean_pmv_effect": 1.5125,
        "mean_rank_effect": 1.0,
        "mean_short_rank": 2.0,
        "mean_terse_rank": 1.0,
        "n": 5,
        "patched_best_other_route": {
          "prose": 5
        },
        "patched_top1_rate": 1.0,
        "success_change_rate": 1.0
      },
      "restore|layer_window": {
        "mean_final_proj_effect": 3.222440409660339,
        "mean_patched_rank": 1.0,
        "mean_pmv_effect": 1.525,
        "mean_rank_effect": 1.0,
        "mean_short_rank": 2.0,
        "mean_terse_rank": 1.0,
        "n": 5,
        "patched_best_other_route": {
          "prose": 5
        },
        "patched_top1_rate": 1.0,
        "success_change_rate": 1.0
      },
      "restore|mlp_window": {
        "mean_final_proj_effect": 0.9653361916542054,
        "mean_patched_rank": 1.0,
        "mean_pmv_effect": 0.49375,
        "mean_rank_effect": 1.0,
        "mean_short_rank": 2.0,
        "mean_terse_rank": 1.0,
        "n": 5,
        "patched_best_other_route": {
          "continuation": 3,
          "prose": 2
        },
        "patched_top1_rate": 1.0,
        "success_change_rate": 1.0
      }
    },
    "model": "glm4",
    "n_paired_cases": 5,
    "n_rows": 410
  },
  "timestamp": "2026-06-26 15:55:32",
  "title": "Answer-Last Route Transfer Path Decomposition",
  "transfer_layers": [
    34,
    35,
    36,
    37,
    38,
    39
  ]
}
