[14:52:54] glm4/smoke: pairs=2 seed_candidates=1 sources=['records_all']
[14:52:55] [load] glm4: bf16 device_map=auto attn=eager quantization=off
`torch_dtype` is deprecated! Use `dtype` instead!
Loading weights:   0%|          | 0/443 [00:00<?, ?it/s]Loading weights:   0%|          | 2/443 [00:00<00:24, 18.29it/s]Loading weights:   6%|▌         | 27/443 [00:00<00:02, 143.67it/s]Loading weights:  13%|█▎        | 59/443 [00:00<00:01, 207.84it/s]Loading weights:  21%|██        | 92/443 [00:00<00:01, 241.01it/s]Loading weights:  28%|██▊       | 126/443 [00:00<00:01, 265.08it/s]Loading weights:  36%|███▌      | 159/443 [00:00<00:01, 282.86it/s]Loading weights:  43%|████▎     | 192/443 [00:00<00:00, 283.40it/s]Loading weights:  50%|████▉     | 221/443 [00:00<00:00, 281.09it/s]Loading weights:  58%|█████▊    | 258/443 [00:00<00:00, 302.73it/s]Loading weights:  65%|██████▌   | 289/443 [00:01<00:00, 295.44it/s]Loading weights:  72%|███████▏  | 320/443 [00:01<00:00, 299.14it/s]Loading weights:  80%|███████▉  | 354/443 [00:01<00:00, 305.47it/s]Loading weights:  88%|████████▊ | 390/443 [00:01<00:00, 318.17it/s]Loading weights:  95%|█████████▌| 423/443 [00:01<00:00, 316.70it/s]Loading weights: 100%|██████████| 443/443 [00:01<00:00, 285.44it/s]
[14:52:57] [load] glm4: loaded eager, device=cuda:0, gpu=18.80GB
[14:52:58] glm4: expanded_candidates=2 combo_sites=['L36:attn_out', 'L36:mlp_out', 'L37:attn_out', 'L37:mlp_out', 'L38:attn_out', 'L38:mlp_out', 'L39:attn_out', 'L39:mlp_out']
[14:52:59] glm4: multisite carrier 1/2 pairs; rows=14
[14:53:00] glm4: multisite carrier 2/2 pairs; rows=28
[model_utils] GPU memory released, allocated=18.81 GB
{
  "model": "glm4",
  "round": "smoke",
  "combo_baseline": {
    "late_candidate_all": {
      "n_groups": 2,
      "mean_effective_restore_rate": 0.0,
      "mean_recovered": 0.03125,
      "mean_recovery_fraction": 1.0,
      "mean_release_reduced": 0.015625,
      "role_counts": {
        "weak_or_unclear": 2
      }
    },
    "primary_multisite_all": {
      "n_groups": 2,
      "mean_effective_restore_rate": 0.0,
      "mean_recovered": 0.0,
      "mean_recovery_fraction": 0.0,
      "mean_release_reduced": 0.0,
      "role_counts": {
        "weak_or_unclear": 2
      }
    },
    "primary_plus_late_all": {
      "n_groups": 2,
      "mean_effective_restore_rate": 0.0,
      "mean_recovered": 0.03125,
      "mean_recovery_fraction": 1.0,
      "mean_release_reduced": 0.03125,
      "role_counts": {
        "weak_or_unclear": 2
      }
    },
    "same_layer_late_candidate_pair": {
      "n_groups": 2,
      "mean_effective_restore_rate": 0.0,
      "mean_recovered": 0.03125,
      "mean_recovery_fraction": 1.0,
      "mean_release_reduced": 0.015625,
      "role_counts": {
        "weak_or_unclear": 2
      }
    },
    "same_layer_primary_pair": {
      "n_groups": 4,
      "mean_effective_restore_rate": 0.0,
      "mean_recovered": 0.015625,
      "mean_recovery_fraction": 1.0,
      "mean_release_reduced": 0.0078125,
      "role_counts": {
        "weak_or_unclear": 3,
        "anti_restore_or_off_path": 1
      }
    }
  },
  "top_writers": [
    {
      "site": "L35:attn_out",
      "head": 29,
      "subunit_id": "L35:attn_out:H29",
      "candidate_kind": "phase755_top_candidate",
      "source_group": "records_all",
      "n": 2,
      "domains": [
        "abstract",
        "fruit"
      ],
      "relations": [
        "category",
        "shape"
      ],
      "mean_attention_mass_to_source": 0.2526034116744995,
      "mean_source_target_logit_contribution": 0.004535512183792889,
      "mean_source_total_route_suppression_contribution": 0.009257186437025666,
      "mean_target_logit_drop_after_source_removal": 0.0625,
      "support_rate_drop_gt_0_20": 0.0,
      "mean_total_positive_route_release_after_source_removal": 0.03125,
      "route_guard_rate_release_gt_0_20": 0.0,
      "top1_loss_rate": 0.0,
      "removal_role_guess": "control_or_weak"
    },
    {
      "site": "L35:attn_out",
      "head": 10,
      "subunit_id": "L35:attn_out:H10",
      "candidate_kind": "same_layer_control_head",
      "source_group": "records_all",
      "n": 2,
      "domains": [
        "abstract",
        "fruit"
      ],
      "relations": [
        "category",
        "shape"
      ],
      "mean_attention_mass_to_source": 0.0022376278648152947,
      "mean_source_target_logit_contribution": -5.610482730844524e-05,
      "mean_source_total_route_suppression_contribution": 5.099667214381043e-05,
      "mean_target_logit_drop_after_source_removal": 0.0,
      "support_rate_drop_gt_0_20": 0.0,
      "mean_total_positive_route_release_after_source_removal": 0.03125,
      "route_guard_rate_release_gt_0_20": 0.0,
      "top1_loss_rate": 0.0,
      "removal_role_guess": "control_or_weak"
    }
  ],
  "top_multisite": [
    {
      "site": "L35:attn_out",
      "head": 29,
      "subunit_id": "L35:attn_out:H29",
      "candidate_kind": "phase755_top_candidate",
      "source_group": "records_all",
      "combo_name": "primary_plus_late_all",
      "combo_kind": "primary_plus_late_all",
      "combo_sites": [
        "L36:attn_out",
        "L36:mlp_out",
        "L37:attn_out",
        "L37:mlp_out",
        "L38:attn_out",
        "L38:mlp_out",
        "L39:attn_out",
        "L39:mlp_out"
      ],
      "combo_size": 8,
      "n": 2,
      "domains": [
        "abstract",
        "fruit"
      ],
      "relations": [
        "category",
        "shape"
      ],
      "mean_combo_delta_norm_after_removal": 0.4065171657130122,
      "mean_erase_target_logit_drop": 0.0625,
      "mean_restored_target_logit_drop": 0.0,
      "mean_target_logit_recovered_by_restore": 0.0625,
      "mean_target_recovery_fraction": 1.0,
      "mean_erase_route_release": 0.03125,
      "mean_restored_route_release": 0.0,
      "mean_route_release_reduced_by_restore": 0.03125,
      "effective_restore_rate": 0.0,
      "combo_role_guess": "weak_or_unclear"
    },
    {
      "site": "L35:attn_out",
      "head": 29,
      "subunit_id": "L35:attn_out:H29",
      "candidate_kind": "phase755_top_candidate",
      "source_group": "records_all",
      "combo_name": "L36:attn+mlp",
      "combo_kind": "same_layer_primary_pair",
      "combo_sites": [
        "L36:attn_out",
        "L36:mlp_out"
      ],
      "combo_size": 2,
      "n": 2,
      "domains": [
        "abstract",
        "fruit"
      ],
      "relations": [
        "category",
        "shape"
      ],
      "mean_combo_delta_norm_after_removal": 0.14533488638699055,
      "mean_erase_target_logit_drop": 0.0625,
      "mean_restored_target_logit_drop": 0.0,
      "mean_target_logit_recovered_by_restore": 0.0625,
      "mean_target_recovery_fraction": 1.0,
      "mean_erase_route_release": 0.03125,
      "mean_restored_route_release": 0.0,
      "mean_route_release_reduced_by_restore": 0.03125,
      "effective_restore_rate": 0.0,
      "combo_role_guess": "weak_or_unclear"
    },
    {
      "site": "L35:attn_out",
      "head": 29,
      "subunit_id": "L35:attn_out:H29",
      "candidate_kind": "phase755_top_candidate",
      "source_group": "records_all",
      "combo_name": "late_candidate_all",
      "combo_kind": "late_candidate_all",
      "combo_sites": [
        "L38:attn_out",
        "L38:mlp_out",
        "L39:attn_out",
        "L39:mlp_out"
      ],
      "combo_size": 4,
      "n": 2,
      "domains": [
        "abstract",
        "fruit"
      ],
      "relations": [
        "category",
        "shape"
      ],
      "mean_combo_delta_norm_after_removal": 0.5996278272941709,
      "mean_erase_target_logit_drop": 0.0625,
      "mean_restored_target_logit_drop": 0.0,
      "mean_target_logit_recovered_by_restore": 0.0625,
      "mean_target_recovery_fraction": 1.0,
      "mean_erase_route_release": 0.03125,
      "mean_restored_route_release": 0.03125,
      "mean_route_release_reduced_by_restore": 0.0,
      "effective_restore_rate": 0.0,
      "combo_role_guess": "weak_or_unclear"
    },
    {
      "site": "L35:attn_out",
      "head": 29,
      "subunit_id": "L35:attn_out:H29",
      "candidate_kind": "phase755_top_candidate",
      "source_group": "records_all",
      "combo_name": "L38:late_attn+mlp",
      "combo_kind": "same_layer_late_candidate_pair",
      "combo_sites": [
        "L38:attn_out",
        "L38:mlp_out"
      ],
      "combo_size": 2,
      "n": 2,
      "domains": [
        "abstract",
        "fruit"
      ],
      "relations": [
        "category",
        "shape"
      ],
      "mean_combo_delta_norm_after_removal": 0.5443441811949015,
      "mean_erase_target_logit_drop": 0.0625,
      "mean_restored_target_logit_drop": 0.0,
      "mean_target_logit_recovered_by_restore": 0.0625,
      "mean_target_recovery_fraction": 1.0,
      "mean_erase_route_release": 0.03125,
      "mean_restored_route_release": 0.03125,
      "mean_route_release_reduced_by_restore": 0.0,
      "effective_restore_rate": 0.0,
      "combo_role_guess": "weak_or_unclear"
    },
    {
      "site": "L35:attn_out",
      "head": 29,
      "subunit_id": "L35:attn_out:H29",
      "candidate_kind": "phase755_top_candidate",
      "source_group": "records_all",
      "combo_name": "L37:attn+mlp",
      "combo_kind": "same_layer_primary_pair",
      "combo_sites": [
        "L37:attn_out",
        "L37:mlp_out"
      ],
      "combo_size": 2,
      "n": 2,
      "domains": [
        "abstract",
        "fruit"
      ],
      "relations": [
        "category",
        "shape"
      ],
      "mean_combo_delta_norm_after_removal": 0.2814781218767166,
      "mean_erase_target_logit_drop": 0.0625,
      "mean_restored_target_logit_drop": 0.0,
      "mean_target_logit_recovered_by_restore": 0.0625,
      "mean_target_recovery_fraction": 1.0,
      "mean_erase_route_release": 0.03125,
      "mean_restored_route_release": 0.0625,
      "mean_route_release_reduced_by_restore": -0.03125,
      "effective_restore_rate": 0.0,
      "combo_role_guess": "weak_or_unclear"
    },
    {
      "site": "L35:attn_out",
      "head": 10,
      "subunit_id": "L35:attn_out:H10",
      "candidate_kind": "same_layer_control_head",
      "source_group": "records_all",
      "combo_name": "primary_all",
      "combo_kind": "primary_multisite_all",
      "combo_sites": [
        "L36:attn_out",
        "L36:mlp_out",
        "L37:attn_out",
        "L37:mlp_out"
      ],
      "combo_size": 4,
      "n": 2,
      "domains": [
        "abstract",
        "fruit"
      ],
      "relations": [
        "category",
        "shape"
      ],
      "mean_combo_delta_norm_after_removal": 0.11033549159765244,
      "mean_erase_target_logit_drop": 0.0,
      "mean_restored_target_logit_drop": 0.0,
      "mean_target_logit_recovered_by_restore": 0.0,
      "mean_target_recovery_fraction": null,
      "mean_erase_route_release": 0.03125,
      "mean_restored_route_release": 0.0,
      "mean_route_release_reduced_by_restore": 0.03125,
      "effective_restore_rate": 0.0,
      "combo_role_guess": "weak_or_unclear"
    },
    {
      "site": "L35:attn_out",
      "head": 10,
      "subunit_id": "L35:attn_out:H10",
      "candidate_kind": "same_layer_control_head",
      "source_group": "records_all",
      "combo_name": "late_candidate_all",
      "combo_kind": "late_candidate_all",
      "combo_sites": [
        "L38:attn_out",
        "L38:mlp_out",
        "L39:attn_out",
        "L39:mlp_out"
      ],
      "combo_size": 4,
      "n": 2,
      "domains": [
        "abstract",
        "fruit"
      ],
      "relations": [
        "category",
        "shape"
      ],
      "mean_combo_delta_norm_after_removal": 0.41478026006370783,
      "mean_erase_target_logit_drop": 0.0,
      "mean_restored_target_logit_drop": 0.0,
      "mean_target_logit_recovered_by_restore": 0.0,
      "mean_target_recovery_fraction": null,
      "mean_erase_route_release": 0.03125,
      "mean_restored_route_release": 0.0,
      "mean_route_release_reduced_by_restore": 0.03125,
      "effective_restore_rate": 0.0,
      "combo_role_guess": "weak_or_unclear"
    },
    {
      "site": "L35:attn_out",
      "head": 10,
      "subunit_id": "L35:attn_out:H10",
      "candidate_kind": "same_layer_control_head",
      "source_group": "records_all",
      "combo_name": "primary_plus_late_all",
      "combo_kind": "primary_plus_late_all",
      "combo_sites": [
        "L36:attn_out",
        "L36:mlp_out",
        "L37:attn_out",
        "L37:mlp_out",
        "L38:attn_out",
        "L38:mlp_out",
        "L39:attn_out",
        "L39:mlp_out"
      ],
      "combo_size": 8,
      "n": 2,
      "domains": [
        "abstract",
        "fruit"
      ],
      "relations": [
        "category",
        "shape"
      ],
      "mean_combo_delta_norm_after_removal": 0.26255787583068013,
      "mean_erase_target_logit_drop": 0.0,
      "mean_restored_target_logit_drop": 0.0,
      "mean_target_logit_recovered_by_restore": 0.0,
      "mean_target_recovery_fraction": null,
      "mean_erase_route_release": 0.03125,
      "mean_restored_route_release": 0.0,
      "mean_route_release_reduced_by_restore": 0.03125,
      "effective_restore_rate": 0.0,
      "combo_role_guess": "weak_or_unclear"
    },
    {
      "site": "L35:attn_out",
      "head": 10,
      "subunit_id": "L35:attn_out:H10",
      "candidate_kind": "same_layer_control_head",
      "source_group": "records_all",
      "combo_name": "L36:attn+mlp",
      "combo_kind": "same_layer_primary_pair",
      "combo_sites": [
        "L36:attn_out",
        "L36:mlp_out"
      ],
      "combo_size": 2,
      "n": 2,
      "domains": [
        "abstract",
        "fruit"
      ],
      "relations": [
        "category",
        "shape"
      ],
      "mean_combo_delta_norm_after_removal": 0.07868428155779839,
      "mean_erase_target_logit_drop": 0.0,
      "mean_restored_target_logit_drop": 0.0,
      "mean_target_logit_recovered_by_restore": 0.0,
      "mean_target_recovery_fraction": null,
      "mean_erase_route_release": 0.03125,
      "mean_restored_route_release": 0.0,
      "mean_route_release_reduced_by_restore": 0.03125,
      "effective_restore_rate": 0.0,
      "combo_role_guess": "weak_or_unclear"
    },
    {
      "site": "L35:attn_out",
      "head": 10,
      "subunit_id": "L35:attn_out:H10",
      "candidate_kind": "same_layer_control_head",
      "source_group": "records_all",
      "combo_name": "L38:late_attn+mlp",
      "combo_kind": "same_layer_late_candidate_pair",
      "combo_sites": [
        "L38:attn_out",
        "L38:mlp_out"
      ],
      "combo_size": 2,
      "n": 2,
      "domains": [
        "abstract",
        "fruit"
      ],
      "relations": [
        "category",
        "shape"
      ],
      "mean_combo_delta_norm_after_removal": 0.34966432489454746,
      "mean_erase_target_logit_drop": 0.0,
      "mean_restored_target_logit_drop": 0.0,
      "mean_target_logit_recovered_by_restore": 0.0,
      "mean_target_recovery_fraction": null,
      "mean_erase_route_release": 0.03125,
      "mean_restored_route_release": 0.0,
      "mean_route_release_reduced_by_restore": 0.03125,
      "effective_restore_rate": 0.0,
      "combo_role_guess": "weak_or_unclear"
    }
  ]
}
