[14:53:03] deepseek7b/smoke: pairs=2 seed_candidates=1 sources=['records_all']
[14:53:03] [load] deepseek7b: bf16 device_map=auto attn=eager quantization=off
`torch_dtype` is deprecated! Use `dtype` instead!
Loading weights:   0%|          | 0/339 [00:00<?, ?it/s]Loading weights:   5%|▌         | 18/339 [00:00<00:01, 169.05it/s]Loading weights:  13%|█▎        | 45/339 [00:00<00:01, 219.07it/s]Loading weights:  24%|██▎       | 80/339 [00:00<00:01, 247.68it/s]Loading weights:  32%|███▏      | 108/339 [00:00<00:00, 258.85it/s]Loading weights:  42%|████▏     | 141/339 [00:00<00:00, 264.25it/s]Loading weights:  55%|█████▍    | 185/339 [00:00<00:00, 292.84it/s]Loading weights:  65%|██████▍   | 220/339 [00:00<00:00, 305.06it/s]Loading weights:  74%|███████▍  | 251/339 [00:00<00:00, 293.39it/s]Loading weights:  83%|████████▎ | 281/339 [00:01<00:00, 276.38it/s]Loading weights:  91%|█████████ | 309/339 [00:01<00:00, 262.56it/s]Loading weights: 100%|██████████| 339/339 [00:01<00:00, 276.44it/s]
[14:53:05] [load] deepseek7b: loaded eager, device=cuda:0, gpu=15.23GB
[14:53:05] deepseek7b: expanded_candidates=2 combo_sites=['L23:attn_out', 'L23:mlp_out', 'L24:attn_out', 'L24:mlp_out', 'L25:attn_out', 'L25:mlp_out', 'L26:attn_out', 'L26:mlp_out', 'L27:attn_out', 'L27:mlp_out']
[14:53:07] deepseek7b: multisite carrier 1/2 pairs; rows=14
[14:53:08] deepseek7b: multisite carrier 2/2 pairs; rows=28
[model_utils] GPU memory released, allocated=15.24 GB
{
  "model": "deepseek7b",
  "round": "smoke",
  "combo_baseline": {
    "late_candidate_all": {
      "n_groups": 2,
      "mean_effective_restore_rate": 0.25,
      "mean_recovered": -0.046875,
      "mean_recovery_fraction": 0.3333333333333333,
      "mean_release_reduced": 0.3125,
      "role_counts": {
        "partial_late_rewrite_candidate": 1,
        "anti_restore_or_off_path": 1
      }
    },
    "primary_multisite_all": {
      "n_groups": 2,
      "mean_effective_restore_rate": 0.25,
      "mean_recovered": -0.015625,
      "mean_recovery_fraction": -0.16666666666666669,
      "mean_release_reduced": 0.0625,
      "role_counts": {
        "weak_or_unclear": 2
      }
    },
    "primary_plus_late_all": {
      "n_groups": 2,
      "mean_effective_restore_rate": 0.5,
      "mean_recovered": 0.078125,
      "mean_recovery_fraction": 1.0,
      "mean_release_reduced": 0.140625,
      "role_counts": {
        "primary_late_joint_target_candidate": 1,
        "anti_restore_or_off_path": 1
      }
    },
    "same_layer_primary_pair": {
      "n_groups": 4,
      "mean_effective_restore_rate": 0.125,
      "mean_recovered": -0.0390625,
      "mean_recovery_fraction": -0.125,
      "mean_release_reduced": 0.1640625,
      "role_counts": {
        "weak_or_unclear": 2,
        "anti_restore_or_off_path": 2
      }
    },
    "true_late_control": {
      "n_groups": 2,
      "mean_effective_restore_rate": 0.5,
      "mean_recovered": 0.015625,
      "mean_recovery_fraction": 0.5,
      "mean_release_reduced": 0.3125,
      "role_counts": {
        "true_late_control_suspicious": 1,
        "anti_restore_or_off_path": 1
      }
    }
  },
  "top_writers": [
    {
      "site": "L22:attn_out",
      "head": 24,
      "subunit_id": "L22:attn_out:H24",
      "candidate_kind": "phase755_top_candidate",
      "source_group": "records_all",
      "n": 2,
      "domains": [
        "abstract",
        "fruit"
      ],
      "relations": [
        "category",
        "shape"
      ],
      "mean_attention_mass_to_source": 0.4976820945739746,
      "mean_source_target_logit_contribution": 0.040297411382198334,
      "mean_source_total_route_suppression_contribution": 0.18282970413565636,
      "mean_target_logit_drop_after_source_removal": 0.3125,
      "support_rate_drop_gt_0_20": 1.0,
      "mean_total_positive_route_release_after_source_removal": 0.0,
      "route_guard_rate_release_gt_0_20": 0.0,
      "top1_loss_rate": 0.0,
      "removal_role_guess": "partial_writer_candidate"
    },
    {
      "site": "L22:attn_out",
      "head": 9,
      "subunit_id": "L22:attn_out:H9",
      "candidate_kind": "same_layer_control_head",
      "source_group": "records_all",
      "n": 2,
      "domains": [
        "abstract",
        "fruit"
      ],
      "relations": [
        "category",
        "shape"
      ],
      "mean_attention_mass_to_source": 0.11309480667114258,
      "mean_source_target_logit_contribution": -0.09946607425808907,
      "mean_source_total_route_suppression_contribution": 0.17465309239923954,
      "mean_target_logit_drop_after_source_removal": -0.21875,
      "support_rate_drop_gt_0_20": 0.0,
      "mean_total_positive_route_release_after_source_removal": 0.75,
      "route_guard_rate_release_gt_0_20": 1.0,
      "top1_loss_rate": 0.0,
      "removal_role_guess": "route_guard_candidate"
    }
  ],
  "top_multisite": [
    {
      "site": "L22:attn_out",
      "head": 24,
      "subunit_id": "L22:attn_out:H24",
      "candidate_kind": "phase755_top_candidate",
      "source_group": "records_all",
      "combo_name": "primary_plus_late_all",
      "combo_kind": "primary_plus_late_all",
      "combo_sites": [
        "L23:attn_out",
        "L23:mlp_out",
        "L24:attn_out",
        "L24:mlp_out",
        "L25:attn_out",
        "L25:mlp_out",
        "L26:attn_out",
        "L26:mlp_out"
      ],
      "combo_size": 8,
      "n": 2,
      "domains": [
        "abstract",
        "fruit"
      ],
      "relations": [
        "category",
        "shape"
      ],
      "mean_combo_delta_norm_after_removal": 9.259371235966682,
      "mean_erase_target_logit_drop": 0.3125,
      "mean_restored_target_logit_drop": 0.0,
      "mean_target_logit_recovered_by_restore": 0.3125,
      "mean_target_recovery_fraction": 1.0,
      "mean_erase_route_release": 0.0,
      "mean_restored_route_release": 0.34375,
      "mean_route_release_reduced_by_restore": -0.34375,
      "effective_restore_rate": 1.0,
      "combo_role_guess": "primary_late_joint_target_candidate"
    },
    {
      "site": "L22:attn_out",
      "head": 24,
      "subunit_id": "L22:attn_out:H24",
      "candidate_kind": "phase755_top_candidate",
      "source_group": "records_all",
      "combo_name": "late_control_same_count",
      "combo_kind": "true_late_control",
      "combo_sites": [
        "L27:attn_out",
        "L27:mlp_out"
      ],
      "combo_size": 2,
      "n": 2,
      "domains": [
        "abstract",
        "fruit"
      ],
      "relations": [
        "category",
        "shape"
      ],
      "mean_combo_delta_norm_after_removal": 23.245071172714233,
      "mean_erase_target_logit_drop": 0.3125,
      "mean_restored_target_logit_drop": 0.15625,
      "mean_target_logit_recovered_by_restore": 0.15625,
      "mean_target_recovery_fraction": 0.5,
      "mean_erase_route_release": 0.0,
      "mean_restored_route_release": 0.09375,
      "mean_route_release_reduced_by_restore": -0.09375,
      "effective_restore_rate": 1.0,
      "combo_role_guess": "true_late_control_suspicious"
    },
    {
      "site": "L22:attn_out",
      "head": 24,
      "subunit_id": "L22:attn_out:H24",
      "candidate_kind": "phase755_top_candidate",
      "source_group": "records_all",
      "combo_name": "late_candidate_all",
      "combo_kind": "late_candidate_all",
      "combo_sites": [
        "L25:attn_out",
        "L25:mlp_out",
        "L26:attn_out",
        "L26:mlp_out"
      ],
      "combo_size": 4,
      "n": 2,
      "domains": [
        "abstract",
        "fruit"
      ],
      "relations": [
        "category",
        "shape"
      ],
      "mean_combo_delta_norm_after_removal": 10.833452641963959,
      "mean_erase_target_logit_drop": 0.3125,
      "mean_restored_target_logit_drop": 0.21875,
      "mean_target_logit_recovered_by_restore": 0.09375,
      "mean_target_recovery_fraction": 0.3333333333333333,
      "mean_erase_route_release": 0.0,
      "mean_restored_route_release": 0.125,
      "mean_route_release_reduced_by_restore": -0.125,
      "effective_restore_rate": 0.5,
      "combo_role_guess": "partial_late_rewrite_candidate"
    },
    {
      "site": "L22:attn_out",
      "head": 24,
      "subunit_id": "L22:attn_out:H24",
      "candidate_kind": "phase755_top_candidate",
      "source_group": "records_all",
      "combo_name": "L23:attn+mlp",
      "combo_kind": "same_layer_primary_pair",
      "combo_sites": [
        "L23:attn_out",
        "L23:mlp_out"
      ],
      "combo_size": 2,
      "n": 2,
      "domains": [
        "abstract",
        "fruit"
      ],
      "relations": [
        "category",
        "shape"
      ],
      "mean_combo_delta_norm_after_removal": 8.276429414749146,
      "mean_erase_target_logit_drop": 0.3125,
      "mean_restored_target_logit_drop": 0.28125,
      "mean_target_logit_recovered_by_restore": 0.03125,
      "mean_target_recovery_fraction": 0.0,
      "mean_erase_route_release": 0.0,
      "mean_restored_route_release": 0.03125,
      "mean_route_release_reduced_by_restore": -0.03125,
      "effective_restore_rate": 0.5,
      "combo_role_guess": "weak_or_unclear"
    },
    {
      "site": "L22:attn_out",
      "head": 24,
      "subunit_id": "L22:attn_out:H24",
      "candidate_kind": "phase755_top_candidate",
      "source_group": "records_all",
      "combo_name": "primary_all",
      "combo_kind": "primary_multisite_all",
      "combo_sites": [
        "L23:attn_out",
        "L23:mlp_out",
        "L24:attn_out",
        "L24:mlp_out"
      ],
      "combo_size": 4,
      "n": 2,
      "domains": [
        "abstract",
        "fruit"
      ],
      "relations": [
        "category",
        "shape"
      ],
      "mean_combo_delta_norm_after_removal": 7.685289829969406,
      "mean_erase_target_logit_drop": 0.3125,
      "mean_restored_target_logit_drop": 0.3125,
      "mean_target_logit_recovered_by_restore": 0.0,
      "mean_target_recovery_fraction": -0.16666666666666669,
      "mean_erase_route_release": 0.0,
      "mean_restored_route_release": 0.09375,
      "mean_route_release_reduced_by_restore": -0.09375,
      "effective_restore_rate": 0.5,
      "combo_role_guess": "weak_or_unclear"
    },
    {
      "site": "L22:attn_out",
      "head": 9,
      "subunit_id": "L22:attn_out:H9",
      "candidate_kind": "same_layer_control_head",
      "source_group": "records_all",
      "combo_name": "primary_all",
      "combo_kind": "primary_multisite_all",
      "combo_sites": [
        "L23:attn_out",
        "L23:mlp_out",
        "L24:attn_out",
        "L24:mlp_out"
      ],
      "combo_size": 4,
      "n": 2,
      "domains": [
        "abstract",
        "fruit"
      ],
      "relations": [
        "category",
        "shape"
      ],
      "mean_combo_delta_norm_after_removal": 1.601927638053894,
      "mean_erase_target_logit_drop": -0.21875,
      "mean_restored_target_logit_drop": -0.1875,
      "mean_target_logit_recovered_by_restore": -0.03125,
      "mean_target_recovery_fraction": null,
      "mean_erase_route_release": 0.75,
      "mean_restored_route_release": 0.53125,
      "mean_route_release_reduced_by_restore": 0.21875,
      "effective_restore_rate": 0.0,
      "combo_role_guess": "weak_or_unclear"
    },
    {
      "site": "L22:attn_out",
      "head": 9,
      "subunit_id": "L22:attn_out:H9",
      "candidate_kind": "same_layer_control_head",
      "source_group": "records_all",
      "combo_name": "L24:attn+mlp",
      "combo_kind": "same_layer_primary_pair",
      "combo_sites": [
        "L24:attn_out",
        "L24:mlp_out"
      ],
      "combo_size": 2,
      "n": 2,
      "domains": [
        "abstract",
        "fruit"
      ],
      "relations": [
        "category",
        "shape"
      ],
      "mean_combo_delta_norm_after_removal": 1.7237755507230759,
      "mean_erase_target_logit_drop": -0.21875,
      "mean_restored_target_logit_drop": -0.1875,
      "mean_target_logit_recovered_by_restore": -0.03125,
      "mean_target_recovery_fraction": null,
      "mean_erase_route_release": 0.75,
      "mean_restored_route_release": 0.59375,
      "mean_route_release_reduced_by_restore": 0.15625,
      "effective_restore_rate": 0.0,
      "combo_role_guess": "weak_or_unclear"
    },
    {
      "site": "L22:attn_out",
      "head": 24,
      "subunit_id": "L22:attn_out:H24",
      "candidate_kind": "phase755_top_candidate",
      "source_group": "records_all",
      "combo_name": "L24:attn+mlp",
      "combo_kind": "same_layer_primary_pair",
      "combo_sites": [
        "L24:attn_out",
        "L24:mlp_out"
      ],
      "combo_size": 2,
      "n": 2,
      "domains": [
        "abstract",
        "fruit"
      ],
      "relations": [
        "category",
        "shape"
      ],
      "mean_combo_delta_norm_after_removal": 7.094150245189667,
      "mean_erase_target_logit_drop": 0.3125,
      "mean_restored_target_logit_drop": 0.375,
      "mean_target_logit_recovered_by_restore": -0.0625,
      "mean_target_recovery_fraction": -0.25,
      "mean_erase_route_release": 0.0,
      "mean_restored_route_release": 0.0,
      "mean_route_release_reduced_by_restore": 0.0,
      "effective_restore_rate": 0.0,
      "combo_role_guess": "anti_restore_or_off_path"
    },
    {
      "site": "L22:attn_out",
      "head": 9,
      "subunit_id": "L22:attn_out:H9",
      "candidate_kind": "same_layer_control_head",
      "source_group": "records_all",
      "combo_name": "L23:attn+mlp",
      "combo_kind": "same_layer_primary_pair",
      "combo_sites": [
        "L23:attn_out",
        "L23:mlp_out"
      ],
      "combo_size": 2,
      "n": 2,
      "domains": [
        "abstract",
        "fruit"
      ],
      "relations": [
        "category",
        "shape"
      ],
      "mean_combo_delta_norm_after_removal": 1.4800797253847122,
      "mean_erase_target_logit_drop": -0.21875,
      "mean_restored_target_logit_drop": -0.125,
      "mean_target_logit_recovered_by_restore": -0.09375,
      "mean_target_recovery_fraction": null,
      "mean_erase_route_release": 0.75,
      "mean_restored_route_release": 0.21875,
      "mean_route_release_reduced_by_restore": 0.53125,
      "effective_restore_rate": 0.0,
      "combo_role_guess": "anti_restore_or_off_path"
    },
    {
      "site": "L22:attn_out",
      "head": 9,
      "subunit_id": "L22:attn_out:H9",
      "candidate_kind": "same_layer_control_head",
      "source_group": "records_all",
      "combo_name": "late_control_same_count",
      "combo_kind": "true_late_control",
      "combo_sites": [
        "L27:attn_out",
        "L27:mlp_out"
      ],
      "combo_size": 2,
      "n": 2,
      "domains": [
        "abstract",
        "fruit"
      ],
      "relations": [
        "category",
        "shape"
      ],
      "mean_combo_delta_norm_after_removal": 35.34310293197632,
      "mean_erase_target_logit_drop": -0.21875,
      "mean_restored_target_logit_drop": -0.09375,
      "mean_target_logit_recovered_by_restore": -0.125,
      "mean_target_recovery_fraction": null,
      "mean_erase_route_release": 0.75,
      "mean_restored_route_release": 0.03125,
      "mean_route_release_reduced_by_restore": 0.71875,
      "effective_restore_rate": 0.0,
      "combo_role_guess": "anti_restore_or_off_path"
    }
  ]
}
