[10:16:07] glm4/smoke: pairs=1 target=hidden_40 audits=1 combo_candidates=1
[10:16:08] [load] glm4: bf16 device_map=auto attn=eager quantization=off
`torch_dtype` is deprecated! Use `dtype` instead!
Loading weights:   0%|          | 0/443 [00:00<?, ?it/s]Loading weights:   1%|          | 5/443 [00:00<00:10, 42.42it/s]Loading weights:   9%|▊         | 38/443 [00:00<00:02, 187.09it/s]Loading weights:  16%|█▌        | 71/443 [00:00<00:01, 242.53it/s]Loading weights:  23%|██▎       | 103/443 [00:00<00:01, 256.69it/s]Loading weights:  31%|███       | 137/443 [00:00<00:01, 278.46it/s]Loading weights:  37%|███▋      | 166/443 [00:00<00:00, 280.20it/s]Loading weights:  46%|████▌     | 203/443 [00:00<00:00, 297.32it/s]Loading weights:  53%|█████▎    | 236/443 [00:00<00:00, 300.00it/s]Loading weights:  60%|██████    | 267/443 [00:00<00:00, 291.49it/s]Loading weights:  68%|██████▊   | 303/443 [00:01<00:00, 306.63it/s]Loading weights:  76%|███████▌  | 335/443 [00:01<00:00, 309.88it/s]Loading weights:  83%|████████▎ | 368/443 [00:01<00:00, 306.19it/s]Loading weights:  91%|█████████ | 401/443 [00:01<00:00, 307.26it/s]Loading weights:  98%|█████████▊| 434/443 [00:01<00:00, 311.21it/s]Loading weights: 100%|██████████| 443/443 [00:01<00:00, 290.53it/s]
[10:16:10] [load] glm4: loaded eager, device=cuda:0, gpu=18.80GB
[10:16:10] glm4: scan_candidates=4 ['L34:attn_out', 'L34:mlp_out', 'L35:attn_out', 'L35:mlp_out']
[10:16:10] glm4: route suppressor matrix scan 1/1 pairs; rows=4
[model_utils] GPU memory released, allocated=18.81 GB
{
  "model": "glm4",
  "round": "smoke",
  "top_component_summary": [
    {
      "candidate_component_id": "L34:mlp_out",
      "candidate_layer": 34,
      "candidate_component": "mlp_out",
      "candidate_already_in_threshold_combo": false,
      "n": 1,
      "mean_boost_target_logit": -0.6875,
      "mean_total_positive_route_suppression": 1.25,
      "mean_route_suppression_coverage": 3.0,
      "mean_margin_gain_donor_vs_routes": -0.40625,
      "mean_min_margin_gain_donor_vs_routes": -0.8125,
      "new_donor_top1_rate": 1.0,
      "mean_new_donor_rank": 1.0,
      "mean_readout_jsd_on_selected_vocab": 0.007152510016495875,
      "mean_donor_selected_prob_gain": -0.09094208478927612,
      "base_top_class_counts": {
        "donor_answer": 1
      },
      "new_top_class_counts": {
        "donor_answer": 1
      },
      "effect_guess_counts": {
        "global_suppressor_closure_candidate": 1
      },
      "dominant_effect_guess": "global_suppressor_closure_candidate",
      "route_summary": {
        "echo_object_or_relation": {
          "mean_route_suppression": 0.5625,
          "mean_margin_gain": -0.125,
          "positive_suppression_rate": 1.0,
          "n": 1
        },
        "format_or_schema": {
          "mean_route_suppression": 0.5625,
          "mean_margin_gain": -0.125,
          "positive_suppression_rate": 1.0,
          "n": 1
        },
        "other_semantic_value": {
          "mean_route_suppression": -0.125,
          "mean_margin_gain": -0.8125,
          "positive_suppression_rate": 0.0,
          "n": 1
        },
        "recipient_answer": {
          "mean_route_suppression": 0.125,
          "mean_margin_gain": -0.5625,
          "positive_suppression_rate": 1.0,
          "n": 1
        }
      }
    },
    {
      "candidate_component_id": "L34:attn_out",
      "candidate_layer": 34,
      "candidate_component": "attn_out",
      "candidate_already_in_threshold_combo": false,
      "n": 1,
      "mean_boost_target_logit": 0.5,
      "mean_total_positive_route_suppression": 0.625,
      "mean_route_suppression_coverage": 3.0,
      "mean_margin_gain_donor_vs_routes": 0.5625,
      "mean_min_margin_gain_donor_vs_routes": 0.125,
      "new_donor_top1_rate": 1.0,
      "mean_new_donor_rank": 1.0,
      "mean_readout_jsd_on_selected_vocab": 0.006612150882631517,
      "mean_donor_selected_prob_gain": 0.0804290771484375,
      "base_top_class_counts": {
        "donor_answer": 1
      },
      "new_top_class_counts": {
        "donor_answer": 1
      },
      "effect_guess_counts": {
        "mixed_boost_global_suppressor_closure_candidate": 1
      },
      "dominant_effect_guess": "mixed_boost_global_suppressor_closure_candidate",
      "route_summary": {
        "echo_object_or_relation": {
          "mean_route_suppression": 0.5,
          "mean_margin_gain": 1.0,
          "positive_suppression_rate": 1.0,
          "n": 1
        },
        "format_or_schema": {
          "mean_route_suppression": -0.375,
          "mean_margin_gain": 0.125,
          "positive_suppression_rate": 0.0,
          "n": 1
        },
        "other_semantic_value": {
          "mean_route_suppression": 0.0625,
          "mean_margin_gain": 0.5625,
          "positive_suppression_rate": 1.0,
          "n": 1
        },
        "recipient_answer": {
          "mean_route_suppression": 0.0625,
          "mean_margin_gain": 0.5625,
          "positive_suppression_rate": 1.0,
          "n": 1
        }
      }
    },
    {
      "candidate_component_id": "L35:mlp_out",
      "candidate_layer": 35,
      "candidate_component": "mlp_out",
      "candidate_already_in_threshold_combo": false,
      "n": 1,
      "mean_boost_target_logit": -0.4375,
      "mean_total_positive_route_suppression": 0.5625,
      "mean_route_suppression_coverage": 1.0,
      "mean_margin_gain_donor_vs_routes": -0.3125,
      "mean_min_margin_gain_donor_vs_routes": -0.5,
      "new_donor_top1_rate": 1.0,
      "mean_new_donor_rank": 1.0,
      "mean_readout_jsd_on_selected_vocab": 0.004934045555722015,
      "mean_donor_selected_prob_gain": -0.0655408501625061,
      "base_top_class_counts": {
        "donor_answer": 1
      },
      "new_top_class_counts": {
        "donor_answer": 1
      },
      "effect_guess_counts": {
        "harmful_or_competitor_support": 1
      },
      "dominant_effect_guess": "harmful_or_competitor_support",
      "route_summary": {
        "echo_object_or_relation": {
          "mean_route_suppression": 0.0,
          "mean_margin_gain": -0.4375,
          "positive_suppression_rate": 0.0,
          "n": 1
        },
        "format_or_schema": {
          "mean_route_suppression": 0.5625,
          "mean_margin_gain": 0.125,
          "positive_suppression_rate": 1.0,
          "n": 1
        },
        "other_semantic_value": {
          "mean_route_suppression": -0.0625,
          "mean_margin_gain": -0.5,
          "positive_suppression_rate": 0.0,
          "n": 1
        },
        "recipient_answer": {
          "mean_route_suppression": 0.0,
          "mean_margin_gain": -0.4375,
          "positive_suppression_rate": 0.0,
          "n": 1
        }
      }
    },
    {
      "candidate_component_id": "L35:attn_out",
      "candidate_layer": 35,
      "candidate_component": "attn_out",
      "candidate_already_in_threshold_combo": false,
      "n": 1,
      "mean_boost_target_logit": 0.375,
      "mean_total_positive_route_suppression": 0.5,
      "mean_route_suppression_coverage": 2.0,
      "mean_margin_gain_donor_vs_routes": 0.359375,
      "mean_min_margin_gain_donor_vs_routes": 0.0,
      "new_donor_top1_rate": 1.0,
      "mean_new_donor_rank": 1.0,
      "mean_readout_jsd_on_selected_vocab": 0.006558878419979264,
      "mean_donor_selected_prob_gain": 0.06984913349151611,
      "base_top_class_counts": {
        "donor_answer": 1
      },
      "new_top_class_counts": {
        "donor_answer": 1
      },
      "effect_guess_counts": {
        "mixed_boost_global_suppressor_closure_candidate": 1
      },
      "dominant_effect_guess": "mixed_boost_global_suppressor_closure_candidate",
      "route_summary": {
        "echo_object_or_relation": {
          "mean_route_suppression": 0.125,
          "mean_margin_gain": 0.5,
          "positive_suppression_rate": 1.0,
          "n": 1
        },
        "format_or_schema": {
          "mean_route_suppression": -0.375,
          "mean_margin_gain": 0.0,
          "positive_suppression_rate": 0.0,
          "n": 1
        },
        "other_semantic_value": {
          "mean_route_suppression": -0.1875,
          "mean_margin_gain": 0.1875,
          "positive_suppression_rate": 0.0,
          "n": 1
        },
        "recipient_answer": {
          "mean_route_suppression": 0.375,
          "mean_margin_gain": 0.75,
          "positive_suppression_rate": 1.0,
          "n": 1
        }
      }
    }
  ],
  "top_route_summary": [
    {
      "route_class": "recipient_answer",
      "candidate_component_id": "L35:attn_out",
      "n": 1,
      "mean_route_suppression": 0.375,
      "positive_suppression_rate": 1.0,
      "mean_margin_gain_donor_vs_route": 0.75,
      "mean_boost_target_logit": 0.375,
      "new_donor_top1_rate": 1.0,
      "effect_guess_counts": {
        "mixed_boost_global_suppressor_closure_candidate": 1
      }
    },
    {
      "route_class": "recipient_answer",
      "candidate_component_id": "L34:mlp_out",
      "n": 1,
      "mean_route_suppression": 0.125,
      "positive_suppression_rate": 1.0,
      "mean_margin_gain_donor_vs_route": -0.5625,
      "mean_boost_target_logit": -0.6875,
      "new_donor_top1_rate": 1.0,
      "effect_guess_counts": {
        "global_suppressor_closure_candidate": 1
      }
    },
    {
      "route_class": "recipient_answer",
      "candidate_component_id": "L34:attn_out",
      "n": 1,
      "mean_route_suppression": 0.0625,
      "positive_suppression_rate": 1.0,
      "mean_margin_gain_donor_vs_route": 0.5625,
      "mean_boost_target_logit": 0.5,
      "new_donor_top1_rate": 1.0,
      "effect_guess_counts": {
        "mixed_boost_global_suppressor_closure_candidate": 1
      }
    },
    {
      "route_class": "recipient_answer",
      "candidate_component_id": "L35:mlp_out",
      "n": 1,
      "mean_route_suppression": 0.0,
      "positive_suppression_rate": 0.0,
      "mean_margin_gain_donor_vs_route": -0.4375,
      "mean_boost_target_logit": -0.4375,
      "new_donor_top1_rate": 1.0,
      "effect_guess_counts": {
        "harmful_or_competitor_support": 1
      }
    },
    {
      "route_class": "other_semantic_value",
      "candidate_component_id": "L34:attn_out",
      "n": 1,
      "mean_route_suppression": 0.0625,
      "positive_suppression_rate": 1.0,
      "mean_margin_gain_donor_vs_route": 0.5625,
      "mean_boost_target_logit": 0.5,
      "new_donor_top1_rate": 1.0,
      "effect_guess_counts": {
        "mixed_boost_global_suppressor_closure_candidate": 1
      }
    },
    {
      "route_class": "other_semantic_value",
      "candidate_component_id": "L35:mlp_out",
      "n": 1,
      "mean_route_suppression": -0.0625,
      "positive_suppression_rate": 0.0,
      "mean_margin_gain_donor_vs_route": -0.5,
      "mean_boost_target_logit": -0.4375,
      "new_donor_top1_rate": 1.0,
      "effect_guess_counts": {
        "harmful_or_competitor_support": 1
      }
    },
    {
      "route_class": "other_semantic_value",
      "candidate_component_id": "L34:mlp_out",
      "n": 1,
      "mean_route_suppression": -0.125,
      "positive_suppression_rate": 0.0,
      "mean_margin_gain_donor_vs_route": -0.8125,
      "mean_boost_target_logit": -0.6875,
      "new_donor_top1_rate": 1.0,
      "effect_guess_counts": {
        "global_suppressor_closure_candidate": 1
      }
    },
    {
      "route_class": "other_semantic_value",
      "candidate_component_id": "L35:attn_out",
      "n": 1,
      "mean_route_suppression": -0.1875,
      "positive_suppression_rate": 0.0,
      "mean_margin_gain_donor_vs_route": 0.1875,
      "mean_boost_target_logit": 0.375,
      "new_donor_top1_rate": 1.0,
      "effect_guess_counts": {
        "mixed_boost_global_suppressor_closure_candidate": 1
      }
    },
    {
      "route_class": "format_or_schema",
      "candidate_component_id": "L34:mlp_out",
      "n": 1,
      "mean_route_suppression": 0.5625,
      "positive_suppression_rate": 1.0,
      "mean_margin_gain_donor_vs_route": -0.125,
      "mean_boost_target_logit": -0.6875,
      "new_donor_top1_rate": 1.0,
      "effect_guess_counts": {
        "global_suppressor_closure_candidate": 1
      }
    },
    {
      "route_class": "format_or_schema",
      "candidate_component_id": "L35:mlp_out",
      "n": 1,
      "mean_route_suppression": 0.5625,
      "positive_suppression_rate": 1.0,
      "mean_margin_gain_donor_vs_route": 0.125,
      "mean_boost_target_logit": -0.4375,
      "new_donor_top1_rate": 1.0,
      "effect_guess_counts": {
        "harmful_or_competitor_support": 1
      }
    },
    {
      "route_class": "format_or_schema",
      "candidate_component_id": "L34:attn_out",
      "n": 1,
      "mean_route_suppression": -0.375,
      "positive_suppression_rate": 0.0,
      "mean_margin_gain_donor_vs_route": 0.125,
      "mean_boost_target_logit": 0.5,
      "new_donor_top1_rate": 1.0,
      "effect_guess_counts": {
        "mixed_boost_global_suppressor_closure_candidate": 1
      }
    },
    {
      "route_class": "format_or_schema",
      "candidate_component_id": "L35:attn_out",
      "n": 1,
      "mean_route_suppression": -0.375,
      "positive_suppression_rate": 0.0,
      "mean_margin_gain_donor_vs_route": 0.0,
      "mean_boost_target_logit": 0.375,
      "new_donor_top1_rate": 1.0,
      "effect_guess_counts": {
        "mixed_boost_global_suppressor_closure_candidate": 1
      }
    }
  ]
}
