[18:58:45] deepseek7b/smoke: cases=12 relations=['category', 'edible', 'grows_on_tree'] phase767_round=main max_new_tokens=6
[18:58:45] [load] deepseek7b: bf16 device_map=auto attn=flash_attention_2 quantization=off
`torch_dtype` is deprecated! Use `dtype` instead!
[18:58:45] [load] deepseek7b: attn=flash_attention_2 failed: ImportError: FlashAttention2 has been toggled on, but it cannot be used due to the following error: the package for FlashAttention2 doesn't seem to be installed.
[18:58:45] [load] deepseek7b: bf16 device_map=auto attn=sdpa quantization=off
Loading weights:   0%|          | 0/339 [00:00<?, ?it/s]Loading weights:   0%|          | 1/339 [00:00<00:56,  6.01it/s]Loading weights:   8%|▊         | 26/339 [00:00<00:02, 108.22it/s]Loading weights:  19%|█▉        | 64/339 [00:00<00:01, 208.78it/s]Loading weights:  27%|██▋       | 90/339 [00:00<00:01, 222.36it/s]Loading weights:  37%|███▋      | 124/339 [00:00<00:00, 259.96it/s]Loading weights:  45%|████▍     | 152/339 [00:00<00:00, 258.11it/s]Loading weights:  55%|█████▍    | 185/339 [00:00<00:00, 263.45it/s]Loading weights:  64%|██████▎   | 216/339 [00:00<00:00, 274.36it/s]Loading weights:  72%|███████▏  | 245/339 [00:01<00:00, 274.29it/s]Loading weights:  81%|████████  | 273/339 [00:01<00:00, 272.09it/s]Loading weights:  90%|████████▉ | 304/339 [00:01<00:00, 276.37it/s]Loading weights:  98%|█████████▊| 332/339 [00:01<00:00, 268.16it/s]Loading weights: 100%|██████████| 339/339 [00:01<00:00, 248.15it/s]
[18:58:47] [load] deepseek7b: loaded sdpa, device=cuda:0, gpu=15.23GB
The following generation flags are not valid and may be ignored: ['temperature', 'top_p']. Set `TRANSFORMERS_VERBOSITY=info` for more details.
The attention mask is not set and cannot be inferred from input because pad token is same as eos token. As a consequence, you may observe unexpected behavior. Please pass your input's `attention_mask` to obtain reliable results.
[18:58:49] deepseek7b: phrase closure 4/12 cases
[18:58:51] deepseek7b: phrase closure 8/12 cases
[18:58:53] deepseek7b: phrase closure 12/12 cases
[model_utils] GPU memory released, allocated=15.24 GB
{
  "model": "deepseek7b",
  "round": "smoke",
  "by_subset": {
    "all": {
      "n": 12,
      "semantic_top1_rate": 0.3333333333333333,
      "exact_top1_rate": 0.25,
      "phrase_top1_rate": 0.3333333333333333,
      "generation_match_rate": 0.08333333333333333,
      "mean_phrase_rank": 1.75,
      "mean_phrase_margin": -0.4114583556850751
    },
    "exact_clean": {
      "n": 3,
      "semantic_top1_rate": 1.0,
      "exact_top1_rate": 1.0,
      "phrase_top1_rate": 1.0,
      "generation_match_rate": 0.0,
      "mean_phrase_rank": 1.0,
      "mean_phrase_margin": 3.8124999403953552
    },
    "semantic_clean": {
      "n": 4,
      "semantic_top1_rate": 1.0,
      "exact_top1_rate": 0.75,
      "phrase_top1_rate": 1.0,
      "generation_match_rate": 0.25,
      "mean_phrase_rank": 1.0,
      "mean_phrase_margin": 3.0624999403953552
    },
    "semantic_only": {
      "n": 1,
      "semantic_top1_rate": 1.0,
      "exact_top1_rate": 0.0,
      "phrase_top1_rate": 1.0,
      "generation_match_rate": 1.0,
      "mean_phrase_rank": 1.0,
      "mean_phrase_margin": 0.8124999403953552
    },
    "semantic_fail": {
      "n": 8,
      "semantic_top1_rate": 0.0,
      "exact_top1_rate": 0.0,
      "phrase_top1_rate": 0.0,
      "generation_match_rate": 0.0,
      "mean_phrase_rank": 2.125,
      "mean_phrase_margin": -2.1484375037252903
    },
    "rank_le2": {
      "n": 5,
      "semantic_top1_rate": 0.8,
      "exact_top1_rate": 0.6,
      "phrase_top1_rate": 0.8,
      "generation_match_rate": 0.2,
      "mean_phrase_rank": 1.2,
      "mean_phrase_margin": 2.412499952316284
    }
  }
}
