[11:20:42] glm4/main: pairs=8 candidates=3 sources=['target_record_line', 'target_value_tokens', 'records_all', 'relation_tokens', 'object_tokens'] audits=1
[11:20:43] [load] glm4: bf16 device_map=auto attn=eager quantization=off
`torch_dtype` is deprecated! Use `dtype` instead!
Loading weights:   0%|          | 0/443 [00:00<?, ?it/s]Loading weights:   0%|          | 2/443 [00:00<00:24, 18.25it/s]Loading weights:   6%|▌         | 27/443 [00:00<00:02, 144.51it/s]Loading weights:  14%|█▎        | 60/443 [00:00<00:01, 214.28it/s]Loading weights:  21%|██        | 93/443 [00:00<00:01, 245.73it/s]Loading weights:  28%|██▊       | 126/443 [00:00<00:01, 265.10it/s]Loading weights:  35%|███▌      | 156/443 [00:00<00:01, 269.50it/s]Loading weights:  43%|████▎     | 192/443 [00:00<00:00, 291.99it/s]Loading weights:  51%|█████     | 225/443 [00:00<00:00, 293.06it/s]Loading weights:  58%|█████▊    | 258/443 [00:00<00:00, 298.45it/s]Loading weights:  66%|██████▌   | 291/443 [00:01<00:00, 307.39it/s]Loading weights:  73%|███████▎  | 323/443 [00:01<00:00, 300.07it/s]Loading weights:  81%|████████  | 357/443 [00:01<00:00, 311.10it/s]Loading weights:  88%|████████▊ | 390/443 [00:01<00:00, 311.47it/s]Loading weights:  95%|█████████▌| 423/443 [00:01<00:00, 315.89it/s]Loading weights: 100%|██████████| 443/443 [00:01<00:00, 287.09it/s]
[11:20:45] [load] glm4: loaded eager, device=cuda:0, gpu=18.80GB
[11:20:52] glm4: stability path chain 2/8 pairs; rows=60
[11:20:58] glm4: stability path chain 4/8 pairs; rows=120
[11:21:03] glm4: stability path chain 6/8 pairs; rows=180
[11:21:09] glm4: stability path chain 8/8 pairs; rows=240
[model_utils] GPU memory released, allocated=18.81 GB
{
  "model": "glm4",
  "round": "main",
  "top": [
    {
      "context_name": "natural_recipient",
      "site": "L34:attn_out",
      "head": 4,
      "subunit_id": "L34:attn_out:H4",
      "source_group": "records_all",
      "n": 8,
      "objects": [
        "apple",
        "banana",
        "carrot",
        "stone"
      ],
      "relations": [
        "category",
        "color",
        "grows_on_tree",
        "shape",
        "taste"
      ],
      "answers": [
        "purple",
        "square",
        "sweet",
        "tool",
        "yes"
      ],
      "mean_attention_mass_to_source": 0.6400248855352402,
      "mean_source_target_logit_contribution": 0.6439917265088297,
      "mean_source_total_route_suppression_contribution": 0.15318843140266836,
      "mean_target_logit_drop_after_source_removal": 0.1171875,
      "mean_total_positive_route_release_after_source_removal": 0.109375,
      "mean_route_release_coverage": 0.875,
      "mean_margin_drop_target_vs_routes": 0.10455729166666666,
      "top1_loss_rate": 0.0,
      "support_rate_drop_gt_0_20": 0.25,
      "route_guard_rate_release_gt_0_20": 0.125,
      "mean_final_hidden_delta_norm_after_removal": 6.147069901227951,
      "stability_guess": "weak_or_unstable",
      "relation_breakdown": {
        "shape": {
          "n": 2,
          "mean_target_drop": 0.25,
          "mean_route_release": 0.28125,
          "top1_loss_rate": 0.0,
          "support_rate": 0.5,
          "route_guard_rate": 0.5
        },
        "taste": {
          "n": 1,
          "mean_target_drop": 0.25,
          "mean_route_release": 0.125,
          "top1_loss_rate": 0.0,
          "support_rate": 1.0,
          "route_guard_rate": 0.0
        },
        "category": {
          "n": 2,
          "mean_target_drop": 0.0625,
          "mean_route_release": 0.09375,
          "top1_loss_rate": 0.0,
          "support_rate": 0.0,
          "route_guard_rate": 0.0
        },
        "grows_on_tree": {
          "n": 2,
          "mean_target_drop": 0.03125,
          "mean_route_release": 0.0,
          "top1_loss_rate": 0.0,
          "support_rate": 0.0,
          "route_guard_rate": 0.0
        },
        "color": {
          "n": 1,
          "mean_target_drop": 0.0,
          "mean_route_release": 0.0,
          "top1_loss_rate": 0.0,
          "support_rate": 0.0,
          "route_guard_rate": 0.0
        }
      },
      "answer_breakdown_top": {
        "square": {
          "n": 2,
          "mean_target_drop": 0.25,
          "mean_route_release": 0.28125,
          "top1_loss_rate": 0.0,
          "support_rate": 0.5,
          "route_guard_rate": 0.5
        },
        "sweet": {
          "n": 1,
          "mean_target_drop": 0.25,
          "mean_route_release": 0.125,
          "top1_loss_rate": 0.0,
          "support_rate": 1.0,
          "route_guard_rate": 0.0
        },
        "tool": {
          "n": 2,
          "mean_target_drop": 0.0625,
          "mean_route_release": 0.09375,
          "top1_loss_rate": 0.0,
          "support_rate": 0.0,
          "route_guard_rate": 0.0
        },
        "yes": {
          "n": 2,
          "mean_target_drop": 0.03125,
          "mean_route_release": 0.0,
          "top1_loss_rate": 0.0,
          "support_rate": 0.0,
          "route_guard_rate": 0.0
        },
        "purple": {
          "n": 1,
          "mean_target_drop": 0.0,
          "mean_route_release": 0.0,
          "top1_loss_rate": 0.0,
          "support_rate": 0.0,
          "route_guard_rate": 0.0
        }
      },
      "object_group_breakdown": {
        "apple": {
          "n": 2,
          "mean_target_drop": 0.1875,
          "mean_route_release": 0.28125,
          "top1_loss_rate": 0.0,
          "support_rate": 0.5,
          "route_guard_rate": 0.5
        },
        "other_fruit": {
          "n": 2,
          "mean_target_drop": 0.125,
          "mean_route_release": 0.09375,
          "top1_loss_rate": 0.0,
          "support_rate": 0.0,
          "route_guard_rate": 0.0
        },
        "nonfruit": {
          "n": 4,
          "mean_target_drop": 0.078125,
          "mean_route_release": 0.03125,
          "top1_loss_rate": 0.0,
          "support_rate": 0.25,
          "route_guard_rate": 0.0
        }
      }
    },
    {
      "context_name": "natural_recipient",
      "site": "L34:attn_out",
      "head": 4,
      "subunit_id": "L34:attn_out:H4",
      "source_group": "target_value_tokens",
      "n": 8,
      "objects": [
        "apple",
        "banana",
        "carrot",
        "stone"
      ],
      "relations": [
        "category",
        "color",
        "grows_on_tree",
        "shape",
        "taste"
      ],
      "answers": [
        "purple",
        "square",
        "sweet",
        "tool",
        "yes"
      ],
      "mean_attention_mass_to_source": 0.2878532409667969,
      "mean_source_target_logit_contribution": 0.6311938215440023,
      "mean_source_total_route_suppression_contribution": 0.07046452641225187,
      "mean_target_logit_drop_after_source_removal": 0.109375,
      "mean_total_positive_route_release_after_source_removal": 0.125,
      "mean_route_release_coverage": 1.0,
      "mean_margin_drop_target_vs_routes": 0.109375,
      "top1_loss_rate": 0.0,
      "support_rate_drop_gt_0_20": 0.25,
      "route_guard_rate_release_gt_0_20": 0.125,
      "mean_final_hidden_delta_norm_after_removal": 4.27840293943882,
      "stability_guess": "weak_or_unstable",
      "relation_breakdown": {
        "shape": {
          "n": 2,
          "mean_target_drop": 0.25,
          "mean_route_release": 0.3125,
          "top1_loss_rate": 0.0,
          "support_rate": 0.5,
          "route_guard_rate": 0.5
        },
        "taste": {
          "n": 1,
          "mean_target_drop": 0.25,
          "mean_route_release": 0.125,
          "top1_loss_rate": 0.0,
          "support_rate": 1.0,
          "route_guard_rate": 0.0
        },
        "category": {
          "n": 2,
          "mean_target_drop": 0.03125,
          "mean_route_release": 0.09375,
          "top1_loss_rate": 0.0,
          "support_rate": 0.0,
          "route_guard_rate": 0.0
        },
        "grows_on_tree": {
          "n": 2,
          "mean_target_drop": 0.03125,
          "mean_route_release": 0.0,
          "top1_loss_rate": 0.0,
          "support_rate": 0.0,
          "route_guard_rate": 0.0
        },
        "color": {
          "n": 1,
          "mean_target_drop": 0.0,
          "mean_route_release": 0.0625,
          "top1_loss_rate": 0.0,
          "support_rate": 0.0,
          "route_guard_rate": 0.0
        }
      },
      "answer_breakdown_top": {
        "square": {
          "n": 2,
          "mean_target_drop": 0.25,
          "mean_route_release": 0.3125,
          "top1_loss_rate": 0.0,
          "support_rate": 0.5,
          "route_guard_rate": 0.5
        },
        "sweet": {
          "n": 1,
          "mean_target_drop": 0.25,
          "mean_route_release": 0.125,
          "top1_loss_rate": 0.0,
          "support_rate": 1.0,
          "route_guard_rate": 0.0
        },
        "tool": {
          "n": 2,
          "mean_target_drop": 0.03125,
          "mean_route_release": 0.09375,
          "top1_loss_rate": 0.0,
          "support_rate": 0.0,
          "route_guard_rate": 0.0
        },
        "yes": {
          "n": 2,
          "mean_target_drop": 0.03125,
          "mean_route_release": 0.0,
          "top1_loss_rate": 0.0,
          "support_rate": 0.0,
          "route_guard_rate": 0.0
        },
        "purple": {
          "n": 1,
          "mean_target_drop": 0.0,
          "mean_route_release": 0.0625,
          "top1_loss_rate": 0.0,
          "support_rate": 0.0,
          "route_guard_rate": 0.0
        }
      },
      "object_group_breakdown": {
        "apple": {
          "n": 2,
          "mean_target_drop": 0.1875,
          "mean_route_release": 0.3125,
          "top1_loss_rate": 0.0,
          "support_rate": 0.5,
          "route_guard_rate": 0.5
        },
        "other_fruit": {
          "n": 2,
          "mean_target_drop": 0.09375,
          "mean_route_release": 0.09375,
          "top1_loss_rate": 0.0,
          "support_rate": 0.0,
          "route_guard_rate": 0.0
        },
        "nonfruit": {
          "n": 4,
          "mean_target_drop": 0.078125,
          "mean_route_release": 0.046875,
          "top1_loss_rate": 0.0,
          "support_rate": 0.25,
          "route_guard_rate": 0.0
        }
      }
    },
    {
      "context_name": "natural_recipient",
      "site": "L34:attn_out",
      "head": 4,
      "subunit_id": "L34:attn_out:H4",
      "source_group": "target_record_line",
      "n": 8,
      "objects": [
        "apple",
        "banana",
        "carrot",
        "stone"
      ],
      "relations": [
        "category",
        "color",
        "grows_on_tree",
        "shape",
        "taste"
      ],
      "answers": [
        "purple",
        "square",
        "sweet",
        "tool",
        "yes"
      ],
      "mean_attention_mass_to_source": 0.3504721224308014,
      "mean_source_target_logit_contribution": 0.6334465987456497,
      "mean_source_total_route_suppression_contribution": 0.07689003078121459,
      "mean_target_logit_drop_after_source_removal": 0.09375,
      "mean_total_positive_route_release_after_source_removal": 0.140625,
      "mean_route_release_coverage": 1.25,
      "mean_margin_drop_target_vs_routes": 0.102734375,
      "top1_loss_rate": 0.0,
      "support_rate_drop_gt_0_20": 0.25,
      "route_guard_rate_release_gt_0_20": 0.125,
      "mean_final_hidden_delta_norm_after_removal": 4.362305074930191,
      "stability_guess": "weak_or_unstable",
      "relation_breakdown": {
        "taste": {
          "n": 1,
          "mean_target_drop": 0.25,
          "mean_route_release": 0.125,
          "top1_loss_rate": 0.0,
          "support_rate": 1.0,
          "route_guard_rate": 0.0
        },
        "shape": {
          "n": 2,
          "mean_target_drop": 0.21875,
          "mean_route_release": 0.34375,
          "top1_loss_rate": 0.0,
          "support_rate": 0.5,
          "route_guard_rate": 0.5
        },
        "grows_on_tree": {
          "n": 2,
          "mean_target_drop": 0.03125,
          "mean_route_release": 0.03125,
          "top1_loss_rate": 0.0,
          "support_rate": 0.0,
          "route_guard_rate": 0.0
        },
        "category": {
          "n": 2,
          "mean_target_drop": 0.0,
          "mean_route_release": 0.09375,
          "top1_loss_rate": 0.0,
          "support_rate": 0.0,
          "route_guard_rate": 0.0
        },
        "color": {
          "n": 1,
          "mean_target_drop": 0.0,
          "mean_route_release": 0.0625,
          "top1_loss_rate": 0.0,
          "support_rate": 0.0,
          "route_guard_rate": 0.0
        }
      },
      "answer_breakdown_top": {
        "sweet": {
          "n": 1,
          "mean_target_drop": 0.25,
          "mean_route_release": 0.125,
          "top1_loss_rate": 0.0,
          "support_rate": 1.0,
          "route_guard_rate": 0.0
        },
        "square": {
          "n": 2,
          "mean_target_drop": 0.21875,
          "mean_route_release": 0.34375,
          "top1_loss_rate": 0.0,
          "support_rate": 0.5,
          "route_guard_rate": 0.5
        },
        "yes": {
          "n": 2,
          "mean_target_drop": 0.03125,
          "mean_route_release": 0.03125,
          "top1_loss_rate": 0.0,
          "support_rate": 0.0,
          "route_guard_rate": 0.0
        },
        "tool": {
          "n": 2,
          "mean_target_drop": 0.0,
          "mean_route_release": 0.09375,
          "top1_loss_rate": 0.0,
          "support_rate": 0.0,
          "route_guard_rate": 0.0
        },
        "purple": {
          "n": 1,
          "mean_target_drop": 0.0,
          "mean_route_release": 0.0625,
          "top1_loss_rate": 0.0,
          "support_rate": 0.0,
          "route_guard_rate": 0.0
        }
      },
      "object_group_breakdown": {
        "apple": {
          "n": 2,
          "mean_target_drop": 0.125,
          "mean_route_release": 0.34375,
          "top1_loss_rate": 0.0,
          "support_rate": 0.5,
          "route_guard_rate": 0.5
        },
        "other_fruit": {
          "n": 2,
          "mean_target_drop": 0.09375,
          "mean_route_release": 0.09375,
          "top1_loss_rate": 0.0,
          "support_rate": 0.0,
          "route_guard_rate": 0.0
        },
        "nonfruit": {
          "n": 4,
          "mean_target_drop": 0.078125,
          "mean_route_release": 0.0625,
          "top1_loss_rate": 0.0,
          "support_rate": 0.25,
          "route_guard_rate": 0.0
        }
      }
    },
    {
      "context_name": "natural_recipient",
      "site": "L34:attn_out",
      "head": 9,
      "subunit_id": "L34:attn_out:H9",
      "source_group": "records_all",
      "n": 8,
      "objects": [
        "apple",
        "banana",
        "carrot",
        "stone"
      ],
      "relations": [
        "category",
        "color",
        "grows_on_tree",
        "shape",
        "taste"
      ],
      "answers": [
        "purple",
        "square",
        "sweet",
        "tool",
        "yes"
      ],
      "mean_attention_mass_to_source": 0.46841826289892197,
      "mean_source_target_logit_contribution": 0.1633196104085073,
      "mean_source_total_route_suppression_contribution": 0.046629423450212926,
      "mean_target_logit_drop_after_source_removal": 0.09375,
      "mean_total_positive_route_release_after_source_removal": 0.0234375,
      "mean_route_release_coverage": 0.375,
      "mean_margin_drop_target_vs_routes": 0.0453125,
      "top1_loss_rate": 0.0,
      "support_rate_drop_gt_0_20": 0.125,
      "route_guard_rate_release_gt_0_20": 0.0,
      "mean_final_hidden_delta_norm_after_removal": 3.469964325428009,
      "stability_guess": "weak_or_unstable",
      "relation_breakdown": {
        "category": {
          "n": 2,
          "mean_target_drop": 0.1875,
          "mean_route_release": 0.0,
          "top1_loss_rate": 0.0,
          "support_rate": 0.5,
          "route_guard_rate": 0.0
        },
        "shape": {
          "n": 2,
          "mean_target_drop": 0.09375,
          "mean_route_release": 0.0625,
          "top1_loss_rate": 0.0,
          "support_rate": 0.0,
          "route_guard_rate": 0.0
        },
        "grows_on_tree": {
          "n": 2,
          "mean_target_drop": 0.0625,
          "mean_route_release": 0.0,
          "top1_loss_rate": 0.0,
          "support_rate": 0.0,
          "route_guard_rate": 0.0
        },
        "taste": {
          "n": 1,
          "mean_target_drop": 0.0625,
          "mean_route_release": 0.0,
          "top1_loss_rate": 0.0,
          "support_rate": 0.0,
          "route_guard_rate": 0.0
        },
        "color": {
          "n": 1,
          "mean_target_drop": 0.0,
          "mean_route_release": 0.0625,
          "top1_loss_rate": 0.0,
          "support_rate": 0.0,
          "route_guard_rate": 0.0
        }
      },
      "answer_breakdown_top": {
        "tool": {
          "n": 2,
          "mean_target_drop": 0.1875,
          "mean_route_release": 0.0,
          "top1_loss_rate": 0.0,
          "support_rate": 0.5,
          "route_guard_rate": 0.0
        },
        "square": {
          "n": 2,
          "mean_target_drop": 0.09375,
          "mean_route_release": 0.0625,
          "top1_loss_rate": 0.0,
          "support_rate": 0.0,
          "route_guard_rate": 0.0
        },
        "yes": {
          "n": 2,
          "mean_target_drop": 0.0625,
          "mean_route_release": 0.0,
          "top1_loss_rate": 0.0,
          "support_rate": 0.0,
          "route_guard_rate": 0.0
        },
        "sweet": {
          "n": 1,
          "mean_target_drop": 0.0625,
          "mean_route_release": 0.0,
          "top1_loss_rate": 0.0,
          "support_rate": 0.0,
          "route_guard_rate": 0.0
        },
        "purple": {
          "n": 1,
          "mean_target_drop": 0.0,
          "mean_route_release": 0.0625,
          "top1_loss_rate": 0.0,
          "support_rate": 0.0,
          "route_guard_rate": 0.0
        }
      },
      "object_group_breakdown": {
        "apple": {
          "n": 2,
          "mean_target_drop": 0.1875,
          "mean_route_release": 0.0,
          "top1_loss_rate": 0.0,
          "support_rate": 0.5,
          "route_guard_rate": 0.0
        },
        "other_fruit": {
          "n": 2,
          "mean_target_drop": 0.09375,
          "mean_route_release": 0.0625,
          "top1_loss_rate": 0.0,
          "support_rate": 0.0,
          "route_guard_rate": 0.0
        },
        "nonfruit": {
          "n": 4,
          "mean_target_drop": 0.046875,
          "mean_route_release": 0.015625,
          "top1_loss_rate": 0.0,
          "support_rate": 0.0,
          "route_guard_rate": 0.0
        }
      }
    },
    {
      "context_name": "natural_recipient",
      "site": "L35:attn_out",
      "head": 29,
      "subunit_id": "L35:attn_out:H29",
      "source_group": "target_value_tokens",
      "n": 8,
      "objects": [
        "apple",
        "banana",
        "carrot",
        "stone"
      ],
      "relations": [
        "category",
        "color",
        "grows_on_tree",
        "shape",
        "taste"
      ],
      "answers": [
        "purple",
        "square",
        "sweet",
        "tool",
        "yes"
      ],
      "mean_attention_mass_to_source": 0.08258676528930664,
      "mean_source_target_logit_contribution": 0.12025150936142381,
      "mean_source_total_route_suppression_contribution": 0.010897535974663697,
      "mean_target_logit_drop_after_source_removal": 0.078125,
      "mean_total_positive_route_release_after_source_removal": 0.0078125,
      "mean_route_release_coverage": 0.125,
      "mean_margin_drop_target_vs_routes": 0.06588541666666667,
      "top1_loss_rate": 0.0,
      "support_rate_drop_gt_0_20": 0.125,
      "route_guard_rate_release_gt_0_20": 0.0,
      "mean_final_hidden_delta_norm_after_removal": 1.5206812396645546,
      "stability_guess": "weak_or_unstable",
      "relation_breakdown": {
        "taste": {
          "n": 1,
          "mean_target_drop": 0.25,
          "mean_route_release": 0.0,
          "top1_loss_rate": 0.0,
          "support_rate": 1.0,
          "route_guard_rate": 0.0
        },
        "color": {
          "n": 1,
          "mean_target_drop": 0.125,
          "mean_route_release": 0.0625,
          "top1_loss_rate": 0.0,
          "support_rate": 0.0,
          "route_guard_rate": 0.0
        },
        "shape": {
          "n": 2,
          "mean_target_drop": 0.0625,
          "mean_route_release": 0.0,
          "top1_loss_rate": 0.0,
          "support_rate": 0.0,
          "route_guard_rate": 0.0
        },
        "grows_on_tree": {
          "n": 2,
          "mean_target_drop": 0.0625,
          "mean_route_release": 0.0,
          "top1_loss_rate": 0.0,
          "support_rate": 0.0,
          "route_guard_rate": 0.0
        },
        "category": {
          "n": 2,
          "mean_target_drop": 0.0,
          "mean_route_release": 0.0,
          "top1_loss_rate": 0.0,
          "support_rate": 0.0,
          "route_guard_rate": 0.0
        }
      },
      "answer_breakdown_top": {
        "sweet": {
          "n": 1,
          "mean_target_drop": 0.25,
          "mean_route_release": 0.0,
          "top1_loss_rate": 0.0,
          "support_rate": 1.0,
          "route_guard_rate": 0.0
        },
        "purple": {
          "n": 1,
          "mean_target_drop": 0.125,
          "mean_route_release": 0.0625,
          "top1_loss_rate": 0.0,
          "support_rate": 0.0,
          "route_guard_rate": 0.0
        },
        "square": {
          "n": 2,
          "mean_target_drop": 0.0625,
          "mean_route_release": 0.0,
          "top1_loss_rate": 0.0,
          "support_rate": 0.0,
          "route_guard_rate": 0.0
        },
        "yes": {
          "n": 2,
          "mean_target_drop": 0.0625,
          "mean_route_release": 0.0,
          "top1_loss_rate": 0.0,
          "support_rate": 0.0,
          "route_guard_rate": 0.0
        },
        "tool": {
          "n": 2,
          "mean_target_drop": 0.0,
          "mean_route_release": 0.0,
          "top1_loss_rate": 0.0,
          "support_rate": 0.0,
          "route_guard_rate": 0.0
        }
      },
      "object_group_breakdown": {
        "nonfruit": {
          "n": 4,
          "mean_target_drop": 0.125,
          "mean_route_release": 0.015625,
          "top1_loss_rate": 0.0,
          "support_rate": 0.25,
          "route_guard_rate": 0.0
        },
        "apple": {
          "n": 2,
          "mean_target_drop": 0.0625,
          "mean_route_release": 0.0,
          "top1_loss_rate": 0.0,
          "support_rate": 0.0,
          "route_guard_rate": 0.0
        },
        "other_fruit": {
          "n": 2,
          "mean_target_drop": 0.0,
          "mean_route_release": 0.0,
          "top1_loss_rate": 0.0,
          "support_rate": 0.0,
          "route_guard_rate": 0.0
        }
      }
    },
    {
      "context_name": "natural_recipient",
      "site": "L35:attn_out",
      "head": 29,
      "subunit_id": "L35:attn_out:H29",
      "source_group": "target_record_line",
      "n": 8,
      "objects": [
        "apple",
        "banana",
        "carrot",
        "stone"
      ],
      "relations": [
        "category",
        "color",
        "grows_on_tree",
        "shape",
        "taste"
      ],
      "answers": [
        "purple",
        "square",
        "sweet",
        "tool",
        "yes"
      ],
      "mean_attention_mass_to_source": 0.13189148902893066,
      "mean_source_target_logit_contribution": 0.1226899304856488,
      "mean_source_total_route_suppression_contribution": 0.011923088895855471,
      "mean_target_logit_drop_after_source_removal": 0.0625,
      "mean_total_positive_route_release_after_source_removal": 0.0234375,
      "mean_route_release_coverage": 0.375,
      "mean_margin_drop_target_vs_routes": 0.05533854166666667,
      "top1_loss_rate": 0.0,
      "support_rate_drop_gt_0_20": 0.125,
      "route_guard_rate_release_gt_0_20": 0.0,
      "mean_final_hidden_delta_norm_after_removal": 1.6013399511575699,
      "stability_guess": "weak_or_unstable",
      "relation_breakdown": {
        "taste": {
          "n": 1,
          "mean_target_drop": 0.25,
          "mean_route_release": 0.0,
          "top1_loss_rate": 0.0,
          "support_rate": 1.0,
          "route_guard_rate": 0.0
        },
        "color": {
          "n": 1,
          "mean_target_drop": 0.125,
          "mean_route_release": 0.0625,
          "top1_loss_rate": 0.0,
          "support_rate": 0.0,
          "route_guard_rate": 0.0
        },
        "grows_on_tree": {
          "n": 2,
          "mean_target_drop": 0.0625,
          "mean_route_release": 0.0,
          "top1_loss_rate": 0.0,
          "support_rate": 0.0,
          "route_guard_rate": 0.0
        },
        "category": {
          "n": 2,
          "mean_target_drop": 0.0,
          "mean_route_release": 0.0625,
          "top1_loss_rate": 0.0,
          "support_rate": 0.0,
          "route_guard_rate": 0.0
        },
        "shape": {
          "n": 2,
          "mean_target_drop": 0.0,
          "mean_route_release": 0.0,
          "top1_loss_rate": 0.0,
          "support_rate": 0.0,
          "route_guard_rate": 0.0
        }
      },
      "answer_breakdown_top": {
        "sweet": {
          "n": 1,
          "mean_target_drop": 0.25,
          "mean_route_release": 0.0,
          "top1_loss_rate": 0.0,
          "support_rate": 1.0,
          "route_guard_rate": 0.0
        },
        "purple": {
          "n": 1,
          "mean_target_drop": 0.125,
          "mean_route_release": 0.0625,
          "top1_loss_rate": 0.0,
          "support_rate": 0.0,
          "route_guard_rate": 0.0
        },
        "yes": {
          "n": 2,
          "mean_target_drop": 0.0625,
          "mean_route_release": 0.0,
          "top1_loss_rate": 0.0,
          "support_rate": 0.0,
          "route_guard_rate": 0.0
        },
        "tool": {
          "n": 2,
          "mean_target_drop": 0.0,
          "mean_route_release": 0.0625,
          "top1_loss_rate": 0.0,
          "support_rate": 0.0,
          "route_guard_rate": 0.0
        },
        "square": {
          "n": 2,
          "mean_target_drop": 0.0,
          "mean_route_release": 0.0,
          "top1_loss_rate": 0.0,
          "support_rate": 0.0,
          "route_guard_rate": 0.0
        }
      },
      "object_group_breakdown": {
        "nonfruit": {
          "n": 4,
          "mean_target_drop": 0.125,
          "mean_route_release": 0.015625,
          "top1_loss_rate": 0.0,
          "support_rate": 0.25,
          "route_guard_rate": 0.0
        },
        "apple": {
          "n": 2,
          "mean_target_drop": 0.0,
          "mean_route_release": 0.03125,
          "top1_loss_rate": 0.0,
          "support_rate": 0.0,
          "route_guard_rate": 0.0
        },
        "other_fruit": {
          "n": 2,
          "mean_target_drop": 0.0,
          "mean_route_release": 0.03125,
          "top1_loss_rate": 0.0,
          "support_rate": 0.0,
          "route_guard_rate": 0.0
        }
      }
    },
    {
      "context_name": "natural_recipient",
      "site": "L35:attn_out",
      "head": 29,
      "subunit_id": "L35:attn_out:H29",
      "source_group": "records_all",
      "n": 8,
      "objects": [
        "apple",
        "banana",
        "carrot",
        "stone"
      ],
      "relations": [
        "category",
        "color",
        "grows_on_tree",
        "shape",
        "taste"
      ],
      "answers": [
        "purple",
        "square",
        "sweet",
        "tool",
        "yes"
      ],
      "mean_attention_mass_to_source": 0.4556080773472786,
      "mean_source_target_logit_contribution": 0.12399188210838474,
      "mean_source_total_route_suppression_contribution": 0.037516131764277816,
      "mean_target_logit_drop_after_source_removal": 0.0546875,
      "mean_total_positive_route_release_after_source_removal": 0.0078125,
      "mean_route_release_coverage": 0.125,
      "mean_margin_drop_target_vs_routes": 0.036848958333333334,
      "top1_loss_rate": 0.0,
      "support_rate_drop_gt_0_20": 0.125,
      "route_guard_rate_release_gt_0_20": 0.0,
      "mean_final_hidden_delta_norm_after_removal": 2.7200091183185577,
      "stability_guess": "weak_or_unstable",
      "relation_breakdown": {
        "taste": {
          "n": 1,
          "mean_target_drop": 0.25,
          "mean_route_release": 0.0,
          "top1_loss_rate": 0.0,
          "support_rate": 1.0,
          "route_guard_rate": 0.0
        },
        "color": {
          "n": 1,
          "mean_target_drop": 0.125,
          "mean_route_release": 0.0,
          "top1_loss_rate": 0.0,
          "support_rate": 0.0,
          "route_guard_rate": 0.0
        },
        "grows_on_tree": {
          "n": 2,
          "mean_target_drop": 0.03125,
          "mean_route_release": 0.0,
          "top1_loss_rate": 0.0,
          "support_rate": 0.0,
          "route_guard_rate": 0.0
        },
        "category": {
          "n": 2,
          "mean_target_drop": 0.0,
          "mean_route_release": 0.0,
          "top1_loss_rate": 0.0,
          "support_rate": 0.0,
          "route_guard_rate": 0.0
        },
        "shape": {
          "n": 2,
          "mean_target_drop": 0.0,
          "mean_route_release": 0.03125,
          "top1_loss_rate": 0.0,
          "support_rate": 0.0,
          "route_guard_rate": 0.0
        }
      },
      "answer_breakdown_top": {
        "sweet": {
          "n": 1,
          "mean_target_drop": 0.25,
          "mean_route_release": 0.0,
          "top1_loss_rate": 0.0,
          "support_rate": 1.0,
          "route_guard_rate": 0.0
        },
        "purple": {
          "n": 1,
          "mean_target_drop": 0.125,
          "mean_route_release": 0.0,
          "top1_loss_rate": 0.0,
          "support_rate": 0.0,
          "route_guard_rate": 0.0
        },
        "yes": {
          "n": 2,
          "mean_target_drop": 0.03125,
          "mean_route_release": 0.0,
          "top1_loss_rate": 0.0,
          "support_rate": 0.0,
          "route_guard_rate": 0.0
        },
        "tool": {
          "n": 2,
          "mean_target_drop": 0.0,
          "mean_route_release": 0.0,
          "top1_loss_rate": 0.0,
          "support_rate": 0.0,
          "route_guard_rate": 0.0
        },
        "square": {
          "n": 2,
          "mean_target_drop": 0.0,
          "mean_route_release": 0.03125,
          "top1_loss_rate": 0.0,
          "support_rate": 0.0,
          "route_guard_rate": 0.0
        }
      },
      "object_group_breakdown": {
        "nonfruit": {
          "n": 4,
          "mean_target_drop": 0.109375,
          "mean_route_release": 0.0,
          "top1_loss_rate": 0.0,
          "support_rate": 0.25,
          "route_guard_rate": 0.0
        },
        "apple": {
          "n": 2,
          "mean_target_drop": 0.0,
          "mean_route_release": 0.03125,
          "top1_loss_rate": 0.0,
          "support_rate": 0.0,
          "route_guard_rate": 0.0
        },
        "other_fruit": {
          "n": 2,
          "mean_target_drop": 0.0,
          "mean_route_release": 0.0,
          "top1_loss_rate": 0.0,
          "support_rate": 0.0,
          "route_guard_rate": 0.0
        }
      }
    },
    {
      "context_name": "natural_recipient",
      "site": "L34:attn_out",
      "head": 9,
      "subunit_id": "L34:attn_out:H9",
      "source_group": "target_record_line",
      "n": 8,
      "objects": [
        "apple",
        "banana",
        "carrot",
        "stone"
      ],
      "relations": [
        "category",
        "color",
        "grows_on_tree",
        "shape",
        "taste"
      ],
      "answers": [
        "purple",
        "square",
        "sweet",
        "tool",
        "yes"
      ],
      "mean_attention_mass_to_source": 0.16480344533920288,
      "mean_source_target_logit_contribution": 0.15110300169908442,
      "mean_source_total_route_suppression_contribution": 0.030512210330925882,
      "mean_target_logit_drop_after_source_removal": 0.078125,
      "mean_total_positive_route_release_after_source_removal": 0.0078125,
      "mean_route_release_coverage": 0.125,
      "mean_margin_drop_target_vs_routes": 0.06302083333333333,
      "top1_loss_rate": 0.0,
      "support_rate_drop_gt_0_20": 0.0,
      "route_guard_rate_release_gt_0_20": 0.0,
      "mean_final_hidden_delta_norm_after_removal": 1.8979528099298477,
      "stability_guess": "weak_or_unstable",
      "relation_breakdown": {
        "category": {
          "n": 2,
          "mean_target_drop": 0.15625,
          "mean_route_release": 0.0,
          "top1_loss_rate": 0.0,
          "support_rate": 0.0,
          "route_guard_rate": 0.0
        },
        "shape": {
          "n": 2,
          "mean_target_drop": 0.09375,
          "mean_route_release": 0.0,
          "top1_loss_rate": 0.0,
          "support_rate": 0.0,
          "route_guard_rate": 0.0
        },
        "grows_on_tree": {
          "n": 2,
          "mean_target_drop": 0.0625,
          "mean_route_release": 0.0,
          "top1_loss_rate": 0.0,
          "support_rate": 0.0,
          "route_guard_rate": 0.0
        },
        "color": {
          "n": 1,
          "mean_target_drop": 0.0,
          "mean_route_release": 0.0,
          "top1_loss_rate": 0.0,
          "support_rate": 0.0,
          "route_guard_rate": 0.0
        },
        "taste": {
          "n": 1,
          "mean_target_drop": 0.0,
          "mean_route_release": 0.0625,
          "top1_loss_rate": 0.0,
          "support_rate": 0.0,
          "route_guard_rate": 0.0
        }
      },
      "answer_breakdown_top": {
        "tool": {
          "n": 2,
          "mean_target_drop": 0.15625,
          "mean_route_release": 0.0,
          "top1_loss_rate": 0.0,
          "support_rate": 0.0,
          "route_guard_rate": 0.0
        },
        "square": {
          "n": 2,
          "mean_target_drop": 0.09375,
          "mean_route_release": 0.0,
          "top1_loss_rate": 0.0,
          "support_rate": 0.0,
          "route_guard_rate": 0.0
        },
        "yes": {
          "n": 2,
          "mean_target_drop": 0.0625,
          "mean_route_release": 0.0,
          "top1_loss_rate": 0.0,
          "support_rate": 0.0,
          "route_guard_rate": 0.0
        },
        "purple": {
          "n": 1,
          "mean_target_drop": 0.0,
          "mean_route_release": 0.0,
          "top1_loss_rate": 0.0,
          "support_rate": 0.0,
          "route_guard_rate": 0.0
        },
        "sweet": {
          "n": 1,
          "mean_target_drop": 0.0,
          "mean_route_release": 0.0625,
          "top1_loss_rate": 0.0,
          "support_rate": 0.0,
          "route_guard_rate": 0.0
        }
      },
      "object_group_breakdown": {
        "apple": {
          "n": 2,
          "mean_target_drop": 0.15625,
          "mean_route_release": 0.0,
          "top1_loss_rate": 0.0,
          "support_rate": 0.0,
          "route_guard_rate": 0.0
        },
        "other_fruit": {
          "n": 2,
          "mean_target_drop": 0.09375,
          "mean_route_release": 0.0,
          "top1_loss_rate": 0.0,
          "support_rate": 0.0,
          "route_guard_rate": 0.0
        },
        "nonfruit": {
          "n": 4,
          "mean_target_drop": 0.03125,
          "mean_route_release": 0.015625,
          "top1_loss_rate": 0.0,
          "support_rate": 0.0,
          "route_guard_rate": 0.0
        }
      }
    },
    {
      "context_name": "natural_recipient",
      "site": "L34:attn_out",
      "head": 9,
      "subunit_id": "L34:attn_out:H9",
      "source_group": "target_value_tokens",
      "n": 8,
      "objects": [
        "apple",
        "banana",
        "carrot",
        "stone"
      ],
      "relations": [
        "category",
        "color",
        "grows_on_tree",
        "shape",
        "taste"
      ],
      "answers": [
        "purple",
        "square",
        "sweet",
        "tool",
        "yes"
      ],
      "mean_attention_mass_to_source": 0.056096434593200684,
      "mean_source_target_logit_contribution": 0.1468631506273823,
      "mean_source_total_route_suppression_contribution": 0.021867350557954524,
      "mean_target_logit_drop_after_source_removal": 0.0390625,
      "mean_total_positive_route_release_after_source_removal": 0.0390625,
      "mean_route_release_coverage": 0.625,
      "mean_margin_drop_target_vs_routes": 0.03697916666666667,
      "top1_loss_rate": 0.0,
      "support_rate_drop_gt_0_20": 0.0,
      "route_guard_rate_release_gt_0_20": 0.0,
      "mean_final_hidden_delta_norm_after_removal": 1.6230416223406792,
      "stability_guess": "weak_or_unstable",
      "relation_breakdown": {
        "category": {
          "n": 2,
          "mean_target_drop": 0.15625,
          "mean_route_release": 0.0,
          "top1_loss_rate": 0.0,
          "support_rate": 0.0,
          "route_guard_rate": 0.0
        },
        "grows_on_tree": {
          "n": 2,
          "mean_target_drop": 0.03125,
          "mean_route_release": 0.0,
          "top1_loss_rate": 0.0,
          "support_rate": 0.0,
          "route_guard_rate": 0.0
        },
        "shape": {
          "n": 2,
          "mean_target_drop": 0.0,
          "mean_route_release": 0.0,
          "top1_loss_rate": 0.0,
          "support_rate": 0.0,
          "route_guard_rate": 0.0
        },
        "color": {
          "n": 1,
          "mean_target_drop": 0.0,
          "mean_route_release": 0.125,
          "top1_loss_rate": 0.0,
          "support_rate": 0.0,
          "route_guard_rate": 0.0
        },
        "taste": {
          "n": 1,
          "mean_target_drop": -0.0625,
          "mean_route_release": 0.1875,
          "top1_loss_rate": 0.0,
          "support_rate": 0.0,
          "route_guard_rate": 0.0
        }
      },
      "answer_breakdown_top": {
        "tool": {
          "n": 2,
          "mean_target_drop": 0.15625,
          "mean_route_release": 0.0,
          "top1_loss_rate": 0.0,
          "support_rate": 0.0,
          "route_guard_rate": 0.0
        },
        "yes": {
          "n": 2,
          "mean_target_drop": 0.03125,
          "mean_route_release": 0.0,
          "top1_loss_rate": 0.0,
          "support_rate": 0.0,
          "route_guard_rate": 0.0
        },
        "square": {
          "n": 2,
          "mean_target_drop": 0.0,
          "mean_route_release": 0.0,
          "top1_loss_rate": 0.0,
          "support_rate": 0.0,
          "route_guard_rate": 0.0
        },
        "purple": {
          "n": 1,
          "mean_target_drop": 0.0,
          "mean_route_release": 0.125,
          "top1_loss_rate": 0.0,
          "support_rate": 0.0,
          "route_guard_rate": 0.0
        },
        "sweet": {
          "n": 1,
          "mean_target_drop": -0.0625,
          "mean_route_release": 0.1875,
          "top1_loss_rate": 0.0,
          "support_rate": 0.0,
          "route_guard_rate": 0.0
        }
      },
      "object_group_breakdown": {
        "apple": {
          "n": 2,
          "mean_target_drop": 0.09375,
          "mean_route_release": 0.0,
          "top1_loss_rate": 0.0,
          "support_rate": 0.0,
          "route_guard_rate": 0.0
        },
        "other_fruit": {
          "n": 2,
          "mean_target_drop": 0.0625,
          "mean_route_release": 0.0,
          "top1_loss_rate": 0.0,
          "support_rate": 0.0,
          "route_guard_rate": 0.0
        },
        "nonfruit": {
          "n": 4,
          "mean_target_drop": 0.0,
          "mean_route_release": 0.078125,
          "top1_loss_rate": 0.0,
          "support_rate": 0.0,
          "route_guard_rate": 0.0
        }
      }
    },
    {
      "context_name": "natural_donor",
      "site": "L35:attn_out",
      "head": 29,
      "subunit_id": "L35:attn_out:H29",
      "source_group": "records_all",
      "n": 8,
      "objects": [
        "apple",
        "banana",
        "carrot",
        "stone"
      ],
      "relations": [
        "category",
        "color",
        "grows_on_tree",
        "shape",
        "taste"
      ],
      "answers": [
        "fruit",
        "long",
        "no",
        "none",
        "orange",
        "round"
      ],
      "mean_attention_mass_to_source": 0.28700027614831924,
      "mean_source_target_logit_contribution": -0.00764523891848512,
      "mean_source_total_route_suppression_contribution": 0.022833641902252566,
      "mean_target_logit_drop_after_source_removal": 0.0390625,
      "mean_total_positive_route_release_after_source_removal": 0.0234375,
      "mean_route_release_coverage": 0.375,
      "mean_margin_drop_target_vs_routes": 0.01640625,
      "top1_loss_rate": 0.0,
      "support_rate_drop_gt_0_20": 0.0,
      "route_guard_rate_release_gt_0_20": 0.0,
      "mean_final_hidden_delta_norm_after_removal": 1.6598396003246307,
      "stability_guess": "weak_or_unstable",
      "relation_breakdown": {
        "category": {
          "n": 2,
          "mean_target_drop": 0.125,
          "mean_route_release": 0.0,
          "top1_loss_rate": 0.0,
          "support_rate": 0.0,
          "route_guard_rate": 0.0
        },
        "taste": {
          "n": 1,
          "mean_target_drop": 0.0625,
          "mean_route_release": 0.0,
          "top1_loss_rate": 0.0,
          "support_rate": 0.0,
          "route_guard_rate": 0.0
        },
        "shape": {
          "n": 2,
          "mean_target_drop": 0.0,
          "mean_route_release": 0.09375,
          "top1_loss_rate": 0.0,
          "support_rate": 0.0,
          "route_guard_rate": 0.0
        },
        "color": {
          "n": 1,
          "mean_target_drop": 0.0,
          "mean_route_release": 0.0,
          "top1_loss_rate": 0.0,
          "support_rate": 0.0,
          "route_guard_rate": 0.0
        },
        "grows_on_tree": {
          "n": 2,
          "mean_target_drop": 0.0,
          "mean_route_release": 0.0,
          "top1_loss_rate": 0.0,
          "support_rate": 0.0,
          "route_guard_rate": 0.0
        }
      },
      "answer_breakdown_top": {
        "fruit": {
          "n": 2,
          "mean_target_drop": 0.125,
          "mean_route_release": 0.0,
          "top1_loss_rate": 0.0,
          "support_rate": 0.0,
          "route_guard_rate": 0.0
        },
        "none": {
          "n": 1,
          "mean_target_drop": 0.0625,
          "mean_route_release": 0.0,
          "top1_loss_rate": 0.0,
          "support_rate": 0.0,
          "route_guard_rate": 0.0
        },
        "round": {
          "n": 1,
          "mean_target_drop": 0.0,
          "mean_route_release": 0.1875,
          "top1_loss_rate": 0.0,
          "support_rate": 0.0,
          "route_guard_rate": 0.0
        },
        "long": {
          "n": 1,
          "mean_target_drop": 0.0,
          "mean_route_release": 0.0,
          "top1_loss_rate": 0.0,
          "support_rate": 0.0,
          "route_guard_rate": 0.0
        },
        "orange": {
          "n": 1,
          "mean_target_drop": 0.0,
          "mean_route_release": 0.0,
          "top1_loss_rate": 0.0,
          "support_rate": 0.0,
          "route_guard_rate": 0.0
        },
        "no": {
          "n": 2,
          "mean_target_drop": 0.0,
          "mean_route_release": 0.0,
          "top1_loss_rate": 0.0,
          "support_rate": 0.0,
          "route_guard_rate": 0.0
        }
      },
      "object_group_breakdown": {
        "apple": {
          "n": 2,
          "mean_target_drop": 0.0625,
          "mean_route_release": 0.09375,
          "top1_loss_rate": 0.0,
          "support_rate": 0.0,
          "route_guard_rate": 0.0
        },
        "other_fruit": {
          "n": 2,
          "mean_target_drop": 0.0625,
          "mean_route_release": 0.0,
          "top1_loss_rate": 0.0,
          "support_rate": 0.0,
          "route_guard_rate": 0.0
        },
        "nonfruit": {
          "n": 4,
          "mean_target_drop": 0.015625,
          "mean_route_release": 0.0,
          "top1_loss_rate": 0.0,
          "support_rate": 0.0,
          "route_guard_rate": 0.0
        }
      }
    }
  ]
}
