[11:21:12] deepseek7b/main: pairs=8 candidates=4 sources=['target_record_line', 'target_value_tokens', 'records_all', 'relation_tokens', 'object_tokens'] audits=1
[11:21:12] [load] deepseek7b: bf16 device_map=auto attn=eager quantization=off
`torch_dtype` is deprecated! Use `dtype` instead!
Loading weights:   0%|          | 0/339 [00:00<?, ?it/s]Loading weights:   5%|▌         | 17/339 [00:00<00:02, 152.33it/s]Loading weights:  12%|█▏        | 42/339 [00:00<00:01, 206.95it/s]Loading weights:  23%|██▎       | 77/339 [00:00<00:00, 263.14it/s]Loading weights:  31%|███       | 104/339 [00:00<00:00, 245.42it/s]Loading weights:  44%|████▎     | 148/339 [00:00<00:00, 301.41it/s]Loading weights:  53%|█████▎    | 179/339 [00:00<00:00, 284.60it/s]Loading weights:  61%|██████▏   | 208/339 [00:00<00:00, 280.24it/s]Loading weights:  70%|██████▉   | 237/339 [00:00<00:00, 268.74it/s]Loading weights:  78%|███████▊  | 266/339 [00:00<00:00, 273.99it/s]Loading weights:  87%|████████▋ | 294/339 [00:01<00:00, 263.29it/s]Loading weights:  97%|█████████▋| 328/339 [00:01<00:00, 279.62it/s]Loading weights: 100%|██████████| 339/339 [00:01<00:00, 271.24it/s]
[11:21:14] [load] deepseek7b: loaded eager, device=cuda:0, gpu=15.23GB
[11:21:21] deepseek7b: stability path chain 2/8 pairs; rows=80
[11:21:28] deepseek7b: stability path chain 4/8 pairs; rows=160
[11:21:35] deepseek7b: stability path chain 6/8 pairs; rows=240
[11:21:41] deepseek7b: stability path chain 8/8 pairs; rows=320
[model_utils] GPU memory released, allocated=15.24 GB
{
  "model": "deepseek7b",
  "round": "main",
  "top": [
    {
      "context_name": "natural_recipient",
      "site": "L22:attn_out",
      "head": 24,
      "subunit_id": "L22:attn_out:H24",
      "source_group": "records_all",
      "n": 8,
      "objects": [
        "apple",
        "banana",
        "carrot",
        "stone"
      ],
      "relations": [
        "category",
        "color",
        "grows_on_tree",
        "shape",
        "taste"
      ],
      "answers": [
        "purple",
        "square",
        "sweet",
        "tool",
        "yes"
      ],
      "mean_attention_mass_to_source": 0.6287123188376427,
      "mean_source_target_logit_contribution": 0.1891038827598095,
      "mean_source_total_route_suppression_contribution": 0.15630520042032003,
      "mean_target_logit_drop_after_source_removal": 0.6953125,
      "mean_total_positive_route_release_after_source_removal": 0.109375,
      "mean_route_release_coverage": 0.625,
      "mean_margin_drop_target_vs_routes": 0.44361979166666665,
      "top1_loss_rate": 0.0,
      "support_rate_drop_gt_0_20": 0.875,
      "route_guard_rate_release_gt_0_20": 0.125,
      "mean_final_hidden_delta_norm_after_removal": 10.238995611667633,
      "stability_guess": "stable_target_writer",
      "relation_breakdown": {
        "shape": {
          "n": 2,
          "mean_target_drop": 1.0625,
          "mean_route_release": 0.0,
          "top1_loss_rate": 0.0,
          "support_rate": 1.0,
          "route_guard_rate": 0.0
        },
        "taste": {
          "n": 1,
          "mean_target_drop": 0.875,
          "mean_route_release": 0.0,
          "top1_loss_rate": 0.0,
          "support_rate": 1.0,
          "route_guard_rate": 0.0
        },
        "category": {
          "n": 2,
          "mean_target_drop": 0.75,
          "mean_route_release": 0.40625,
          "top1_loss_rate": 0.0,
          "support_rate": 1.0,
          "route_guard_rate": 0.5
        },
        "color": {
          "n": 1,
          "mean_target_drop": 0.5625,
          "mean_route_release": 0.0625,
          "top1_loss_rate": 0.0,
          "support_rate": 1.0,
          "route_guard_rate": 0.0
        },
        "grows_on_tree": {
          "n": 2,
          "mean_target_drop": 0.25,
          "mean_route_release": 0.0,
          "top1_loss_rate": 0.0,
          "support_rate": 0.5,
          "route_guard_rate": 0.0
        }
      },
      "answer_breakdown_top": {
        "square": {
          "n": 2,
          "mean_target_drop": 1.0625,
          "mean_route_release": 0.0,
          "top1_loss_rate": 0.0,
          "support_rate": 1.0,
          "route_guard_rate": 0.0
        },
        "sweet": {
          "n": 1,
          "mean_target_drop": 0.875,
          "mean_route_release": 0.0,
          "top1_loss_rate": 0.0,
          "support_rate": 1.0,
          "route_guard_rate": 0.0
        },
        "tool": {
          "n": 2,
          "mean_target_drop": 0.75,
          "mean_route_release": 0.40625,
          "top1_loss_rate": 0.0,
          "support_rate": 1.0,
          "route_guard_rate": 0.5
        },
        "purple": {
          "n": 1,
          "mean_target_drop": 0.5625,
          "mean_route_release": 0.0625,
          "top1_loss_rate": 0.0,
          "support_rate": 1.0,
          "route_guard_rate": 0.0
        },
        "yes": {
          "n": 2,
          "mean_target_drop": 0.25,
          "mean_route_release": 0.0,
          "top1_loss_rate": 0.0,
          "support_rate": 0.5,
          "route_guard_rate": 0.0
        }
      },
      "object_group_breakdown": {
        "other_fruit": {
          "n": 2,
          "mean_target_drop": 0.9375,
          "mean_route_release": 0.0,
          "top1_loss_rate": 0.0,
          "support_rate": 1.0,
          "route_guard_rate": 0.0
        },
        "apple": {
          "n": 2,
          "mean_target_drop": 0.875,
          "mean_route_release": 0.40625,
          "top1_loss_rate": 0.0,
          "support_rate": 1.0,
          "route_guard_rate": 0.5
        },
        "nonfruit": {
          "n": 4,
          "mean_target_drop": 0.484375,
          "mean_route_release": 0.015625,
          "top1_loss_rate": 0.0,
          "support_rate": 0.75,
          "route_guard_rate": 0.0
        }
      }
    },
    {
      "context_name": "natural_donor",
      "site": "L22:attn_out",
      "head": 24,
      "subunit_id": "L22:attn_out:H24",
      "source_group": "records_all",
      "n": 8,
      "objects": [
        "apple",
        "banana",
        "carrot",
        "stone"
      ],
      "relations": [
        "category",
        "color",
        "grows_on_tree",
        "shape",
        "taste"
      ],
      "answers": [
        "fruit",
        "long",
        "no",
        "none",
        "orange",
        "round"
      ],
      "mean_attention_mass_to_source": 0.6358347609639168,
      "mean_source_target_logit_contribution": 0.1726976865902543,
      "mean_source_total_route_suppression_contribution": 0.14379885839298368,
      "mean_target_logit_drop_after_source_removal": 0.5546875,
      "mean_total_positive_route_release_after_source_removal": 0.03125,
      "mean_route_release_coverage": 0.375,
      "mean_margin_drop_target_vs_routes": 0.396875,
      "top1_loss_rate": 0.0,
      "support_rate_drop_gt_0_20": 0.875,
      "route_guard_rate_release_gt_0_20": 0.0,
      "mean_final_hidden_delta_norm_after_removal": 9.732811450958252,
      "stability_guess": "stable_target_writer",
      "relation_breakdown": {
        "shape": {
          "n": 2,
          "mean_target_drop": 1.03125,
          "mean_route_release": 0.0,
          "top1_loss_rate": 0.0,
          "support_rate": 1.0,
          "route_guard_rate": 0.0
        },
        "taste": {
          "n": 1,
          "mean_target_drop": 1.0,
          "mean_route_release": 0.0625,
          "top1_loss_rate": 0.0,
          "support_rate": 1.0,
          "route_guard_rate": 0.0
        },
        "color": {
          "n": 1,
          "mean_target_drop": 0.5,
          "mean_route_release": 0.0,
          "top1_loss_rate": 0.0,
          "support_rate": 1.0,
          "route_guard_rate": 0.0
        },
        "category": {
          "n": 2,
          "mean_target_drop": 0.3125,
          "mean_route_release": 0.0,
          "top1_loss_rate": 0.0,
          "support_rate": 1.0,
          "route_guard_rate": 0.0
        },
        "grows_on_tree": {
          "n": 2,
          "mean_target_drop": 0.125,
          "mean_route_release": 0.09375,
          "top1_loss_rate": 0.0,
          "support_rate": 0.5,
          "route_guard_rate": 0.0
        }
      },
      "answer_breakdown_top": {
        "long": {
          "n": 1,
          "mean_target_drop": 1.4375,
          "mean_route_release": 0.0,
          "top1_loss_rate": 0.0,
          "support_rate": 1.0,
          "route_guard_rate": 0.0
        },
        "none": {
          "n": 1,
          "mean_target_drop": 1.0,
          "mean_route_release": 0.0625,
          "top1_loss_rate": 0.0,
          "support_rate": 1.0,
          "route_guard_rate": 0.0
        },
        "round": {
          "n": 1,
          "mean_target_drop": 0.625,
          "mean_route_release": 0.0,
          "top1_loss_rate": 0.0,
          "support_rate": 1.0,
          "route_guard_rate": 0.0
        },
        "orange": {
          "n": 1,
          "mean_target_drop": 0.5,
          "mean_route_release": 0.0,
          "top1_loss_rate": 0.0,
          "support_rate": 1.0,
          "route_guard_rate": 0.0
        },
        "fruit": {
          "n": 2,
          "mean_target_drop": 0.3125,
          "mean_route_release": 0.0,
          "top1_loss_rate": 0.0,
          "support_rate": 1.0,
          "route_guard_rate": 0.0
        },
        "no": {
          "n": 2,
          "mean_target_drop": 0.125,
          "mean_route_release": 0.09375,
          "top1_loss_rate": 0.0,
          "support_rate": 0.5,
          "route_guard_rate": 0.0
        }
      },
      "object_group_breakdown": {
        "other_fruit": {
          "n": 2,
          "mean_target_drop": 0.90625,
          "mean_route_release": 0.0,
          "top1_loss_rate": 0.0,
          "support_rate": 1.0,
          "route_guard_rate": 0.0
        },
        "apple": {
          "n": 2,
          "mean_target_drop": 0.4375,
          "mean_route_release": 0.0,
          "top1_loss_rate": 0.0,
          "support_rate": 1.0,
          "route_guard_rate": 0.0
        },
        "nonfruit": {
          "n": 4,
          "mean_target_drop": 0.4375,
          "mean_route_release": 0.0625,
          "top1_loss_rate": 0.0,
          "support_rate": 0.75,
          "route_guard_rate": 0.0
        }
      }
    },
    {
      "context_name": "natural_recipient",
      "site": "L22:attn_out",
      "head": 1,
      "subunit_id": "L22:attn_out:H1",
      "source_group": "records_all",
      "n": 8,
      "objects": [
        "apple",
        "banana",
        "carrot",
        "stone"
      ],
      "relations": [
        "category",
        "color",
        "grows_on_tree",
        "shape",
        "taste"
      ],
      "answers": [
        "purple",
        "square",
        "sweet",
        "tool",
        "yes"
      ],
      "mean_attention_mass_to_source": 0.66407660394907,
      "mean_source_target_logit_contribution": 0.9195803049951792,
      "mean_source_total_route_suppression_contribution": 0.5435071182437241,
      "mean_target_logit_drop_after_source_removal": 0.421875,
      "mean_total_positive_route_release_after_source_removal": 0.265625,
      "mean_route_release_coverage": 1.375,
      "mean_margin_drop_target_vs_routes": 0.38828125,
      "top1_loss_rate": 0.0,
      "support_rate_drop_gt_0_20": 0.875,
      "route_guard_rate_release_gt_0_20": 0.375,
      "mean_final_hidden_delta_norm_after_removal": 12.667049646377563,
      "stability_guess": "stable_mixed_writer_guard",
      "relation_breakdown": {
        "color": {
          "n": 1,
          "mean_target_drop": 0.5625,
          "mean_route_release": 0.5,
          "top1_loss_rate": 0.0,
          "support_rate": 1.0,
          "route_guard_rate": 1.0
        },
        "taste": {
          "n": 1,
          "mean_target_drop": 0.5625,
          "mean_route_release": 0.0625,
          "top1_loss_rate": 0.0,
          "support_rate": 1.0,
          "route_guard_rate": 0.0
        },
        "category": {
          "n": 2,
          "mean_target_drop": 0.5,
          "mean_route_release": 0.71875,
          "top1_loss_rate": 0.0,
          "support_rate": 1.0,
          "route_guard_rate": 1.0
        },
        "shape": {
          "n": 2,
          "mean_target_drop": 0.4375,
          "mean_route_release": 0.0,
          "top1_loss_rate": 0.0,
          "support_rate": 1.0,
          "route_guard_rate": 0.0
        },
        "grows_on_tree": {
          "n": 2,
          "mean_target_drop": 0.1875,
          "mean_route_release": 0.0625,
          "top1_loss_rate": 0.0,
          "support_rate": 0.5,
          "route_guard_rate": 0.0
        }
      },
      "answer_breakdown_top": {
        "purple": {
          "n": 1,
          "mean_target_drop": 0.5625,
          "mean_route_release": 0.5,
          "top1_loss_rate": 0.0,
          "support_rate": 1.0,
          "route_guard_rate": 1.0
        },
        "sweet": {
          "n": 1,
          "mean_target_drop": 0.5625,
          "mean_route_release": 0.0625,
          "top1_loss_rate": 0.0,
          "support_rate": 1.0,
          "route_guard_rate": 0.0
        },
        "tool": {
          "n": 2,
          "mean_target_drop": 0.5,
          "mean_route_release": 0.71875,
          "top1_loss_rate": 0.0,
          "support_rate": 1.0,
          "route_guard_rate": 1.0
        },
        "square": {
          "n": 2,
          "mean_target_drop": 0.4375,
          "mean_route_release": 0.0,
          "top1_loss_rate": 0.0,
          "support_rate": 1.0,
          "route_guard_rate": 0.0
        },
        "yes": {
          "n": 2,
          "mean_target_drop": 0.1875,
          "mean_route_release": 0.0625,
          "top1_loss_rate": 0.0,
          "support_rate": 0.5,
          "route_guard_rate": 0.0
        }
      },
      "object_group_breakdown": {
        "apple": {
          "n": 2,
          "mean_target_drop": 0.5,
          "mean_route_release": 0.40625,
          "top1_loss_rate": 0.0,
          "support_rate": 1.0,
          "route_guard_rate": 0.5
        },
        "other_fruit": {
          "n": 2,
          "mean_target_drop": 0.4375,
          "mean_route_release": 0.3125,
          "top1_loss_rate": 0.0,
          "support_rate": 1.0,
          "route_guard_rate": 0.5
        },
        "nonfruit": {
          "n": 4,
          "mean_target_drop": 0.375,
          "mean_route_release": 0.171875,
          "top1_loss_rate": 0.0,
          "support_rate": 0.75,
          "route_guard_rate": 0.25
        }
      }
    },
    {
      "context_name": "natural_donor",
      "site": "L22:attn_out",
      "head": 1,
      "subunit_id": "L22:attn_out:H1",
      "source_group": "records_all",
      "n": 8,
      "objects": [
        "apple",
        "banana",
        "carrot",
        "stone"
      ],
      "relations": [
        "category",
        "color",
        "grows_on_tree",
        "shape",
        "taste"
      ],
      "answers": [
        "fruit",
        "long",
        "no",
        "none",
        "orange",
        "round"
      ],
      "mean_attention_mass_to_source": 0.5385440401732922,
      "mean_source_target_logit_contribution": 0.8100704248063266,
      "mean_source_total_route_suppression_contribution": 0.2597637671860866,
      "mean_target_logit_drop_after_source_removal": 0.578125,
      "mean_total_positive_route_release_after_source_removal": 0.03125,
      "mean_route_release_coverage": 0.25,
      "mean_margin_drop_target_vs_routes": 0.416015625,
      "top1_loss_rate": 0.0,
      "support_rate_drop_gt_0_20": 0.75,
      "route_guard_rate_release_gt_0_20": 0.0,
      "mean_final_hidden_delta_norm_after_removal": 8.53774544596672,
      "stability_guess": "stable_target_writer",
      "relation_breakdown": {
        "taste": {
          "n": 1,
          "mean_target_drop": 1.125,
          "mean_route_release": 0.0,
          "top1_loss_rate": 0.0,
          "support_rate": 1.0,
          "route_guard_rate": 0.0
        },
        "shape": {
          "n": 2,
          "mean_target_drop": 0.875,
          "mean_route_release": 0.0625,
          "top1_loss_rate": 0.0,
          "support_rate": 1.0,
          "route_guard_rate": 0.0
        },
        "color": {
          "n": 1,
          "mean_target_drop": 0.75,
          "mean_route_release": 0.0,
          "top1_loss_rate": 0.0,
          "support_rate": 1.0,
          "route_guard_rate": 0.0
        },
        "category": {
          "n": 2,
          "mean_target_drop": 0.375,
          "mean_route_release": 0.0625,
          "top1_loss_rate": 0.0,
          "support_rate": 1.0,
          "route_guard_rate": 0.0
        },
        "grows_on_tree": {
          "n": 2,
          "mean_target_drop": 0.125,
          "mean_route_release": 0.0,
          "top1_loss_rate": 0.0,
          "support_rate": 0.0,
          "route_guard_rate": 0.0
        }
      },
      "answer_breakdown_top": {
        "long": {
          "n": 1,
          "mean_target_drop": 1.25,
          "mean_route_release": 0.0,
          "top1_loss_rate": 0.0,
          "support_rate": 1.0,
          "route_guard_rate": 0.0
        },
        "none": {
          "n": 1,
          "mean_target_drop": 1.125,
          "mean_route_release": 0.0,
          "top1_loss_rate": 0.0,
          "support_rate": 1.0,
          "route_guard_rate": 0.0
        },
        "orange": {
          "n": 1,
          "mean_target_drop": 0.75,
          "mean_route_release": 0.0,
          "top1_loss_rate": 0.0,
          "support_rate": 1.0,
          "route_guard_rate": 0.0
        },
        "round": {
          "n": 1,
          "mean_target_drop": 0.5,
          "mean_route_release": 0.125,
          "top1_loss_rate": 0.0,
          "support_rate": 1.0,
          "route_guard_rate": 0.0
        },
        "fruit": {
          "n": 2,
          "mean_target_drop": 0.375,
          "mean_route_release": 0.0625,
          "top1_loss_rate": 0.0,
          "support_rate": 1.0,
          "route_guard_rate": 0.0
        },
        "no": {
          "n": 2,
          "mean_target_drop": 0.125,
          "mean_route_release": 0.0,
          "top1_loss_rate": 0.0,
          "support_rate": 0.0,
          "route_guard_rate": 0.0
        }
      },
      "object_group_breakdown": {
        "other_fruit": {
          "n": 2,
          "mean_target_drop": 0.875,
          "mean_route_release": 0.0,
          "top1_loss_rate": 0.0,
          "support_rate": 1.0,
          "route_guard_rate": 0.0
        },
        "nonfruit": {
          "n": 4,
          "mean_target_drop": 0.53125,
          "mean_route_release": 0.0,
          "top1_loss_rate": 0.0,
          "support_rate": 0.5,
          "route_guard_rate": 0.0
        },
        "apple": {
          "n": 2,
          "mean_target_drop": 0.375,
          "mean_route_release": 0.125,
          "top1_loss_rate": 0.0,
          "support_rate": 1.0,
          "route_guard_rate": 0.0
        }
      }
    },
    {
      "context_name": "natural_recipient",
      "site": "L22:attn_out",
      "head": 24,
      "subunit_id": "L22:attn_out:H24",
      "source_group": "target_record_line",
      "n": 8,
      "objects": [
        "apple",
        "banana",
        "carrot",
        "stone"
      ],
      "relations": [
        "category",
        "color",
        "grows_on_tree",
        "shape",
        "taste"
      ],
      "answers": [
        "purple",
        "square",
        "sweet",
        "tool",
        "yes"
      ],
      "mean_attention_mass_to_source": 0.44477230310440063,
      "mean_source_target_logit_contribution": 0.15964819880900905,
      "mean_source_total_route_suppression_contribution": 0.21223007619846612,
      "mean_target_logit_drop_after_source_removal": 0.546875,
      "mean_total_positive_route_release_after_source_removal": 0.21875,
      "mean_route_release_coverage": 0.875,
      "mean_margin_drop_target_vs_routes": 0.366015625,
      "top1_loss_rate": 0.0,
      "support_rate_drop_gt_0_20": 0.75,
      "route_guard_rate_release_gt_0_20": 0.125,
      "mean_final_hidden_delta_norm_after_removal": 9.057608187198639,
      "stability_guess": "stable_mixed_writer_guard",
      "relation_breakdown": {
        "shape": {
          "n": 2,
          "mean_target_drop": 0.875,
          "mean_route_release": 0.0,
          "top1_loss_rate": 0.0,
          "support_rate": 1.0,
          "route_guard_rate": 0.0
        },
        "taste": {
          "n": 1,
          "mean_target_drop": 0.875,
          "mean_route_release": 0.0,
          "top1_loss_rate": 0.0,
          "support_rate": 1.0,
          "route_guard_rate": 0.0
        },
        "category": {
          "n": 2,
          "mean_target_drop": 0.625,
          "mean_route_release": 0.75,
          "top1_loss_rate": 0.0,
          "support_rate": 1.0,
          "route_guard_rate": 0.5
        },
        "color": {
          "n": 1,
          "mean_target_drop": 0.375,
          "mean_route_release": 0.0625,
          "top1_loss_rate": 0.0,
          "support_rate": 1.0,
          "route_guard_rate": 0.0
        },
        "grows_on_tree": {
          "n": 2,
          "mean_target_drop": 0.0625,
          "mean_route_release": 0.09375,
          "top1_loss_rate": 0.0,
          "support_rate": 0.0,
          "route_guard_rate": 0.0
        }
      },
      "answer_breakdown_top": {
        "square": {
          "n": 2,
          "mean_target_drop": 0.875,
          "mean_route_release": 0.0,
          "top1_loss_rate": 0.0,
          "support_rate": 1.0,
          "route_guard_rate": 0.0
        },
        "sweet": {
          "n": 1,
          "mean_target_drop": 0.875,
          "mean_route_release": 0.0,
          "top1_loss_rate": 0.0,
          "support_rate": 1.0,
          "route_guard_rate": 0.0
        },
        "tool": {
          "n": 2,
          "mean_target_drop": 0.625,
          "mean_route_release": 0.75,
          "top1_loss_rate": 0.0,
          "support_rate": 1.0,
          "route_guard_rate": 0.5
        },
        "purple": {
          "n": 1,
          "mean_target_drop": 0.375,
          "mean_route_release": 0.0625,
          "top1_loss_rate": 0.0,
          "support_rate": 1.0,
          "route_guard_rate": 0.0
        },
        "yes": {
          "n": 2,
          "mean_target_drop": 0.0625,
          "mean_route_release": 0.09375,
          "top1_loss_rate": 0.0,
          "support_rate": 0.0,
          "route_guard_rate": 0.0
        }
      },
      "object_group_breakdown": {
        "other_fruit": {
          "n": 2,
          "mean_target_drop": 1.0,
          "mean_route_release": 0.0,
          "top1_loss_rate": 0.0,
          "support_rate": 1.0,
          "route_guard_rate": 0.0
        },
        "apple": {
          "n": 2,
          "mean_target_drop": 0.5,
          "mean_route_release": 0.75,
          "top1_loss_rate": 0.0,
          "support_rate": 1.0,
          "route_guard_rate": 0.5
        },
        "nonfruit": {
          "n": 4,
          "mean_target_drop": 0.34375,
          "mean_route_release": 0.0625,
          "top1_loss_rate": 0.0,
          "support_rate": 0.5,
          "route_guard_rate": 0.0
        }
      }
    },
    {
      "context_name": "natural_recipient",
      "site": "L22:attn_out",
      "head": 1,
      "subunit_id": "L22:attn_out:H1",
      "source_group": "target_record_line",
      "n": 8,
      "objects": [
        "apple",
        "banana",
        "carrot",
        "stone"
      ],
      "relations": [
        "category",
        "color",
        "grows_on_tree",
        "shape",
        "taste"
      ],
      "answers": [
        "purple",
        "square",
        "sweet",
        "tool",
        "yes"
      ],
      "mean_attention_mass_to_source": 0.2436104416847229,
      "mean_source_target_logit_contribution": 0.938820744631812,
      "mean_source_total_route_suppression_contribution": 0.20773035718593746,
      "mean_target_logit_drop_after_source_removal": 0.4140625,
      "mean_total_positive_route_release_after_source_removal": 0.0390625,
      "mean_route_release_coverage": 0.375,
      "mean_margin_drop_target_vs_routes": 0.3109375,
      "top1_loss_rate": 0.0,
      "support_rate_drop_gt_0_20": 0.75,
      "route_guard_rate_release_gt_0_20": 0.0,
      "mean_final_hidden_delta_norm_after_removal": 6.296950355172157,
      "stability_guess": "stable_target_writer",
      "relation_breakdown": {
        "category": {
          "n": 2,
          "mean_target_drop": 0.75,
          "mean_route_release": 0.0625,
          "top1_loss_rate": 0.0,
          "support_rate": 1.0,
          "route_guard_rate": 0.0
        },
        "taste": {
          "n": 1,
          "mean_target_drop": 0.625,
          "mean_route_release": 0.0,
          "top1_loss_rate": 0.0,
          "support_rate": 1.0,
          "route_guard_rate": 0.0
        },
        "color": {
          "n": 1,
          "mean_target_drop": 0.5,
          "mean_route_release": 0.0,
          "top1_loss_rate": 0.0,
          "support_rate": 1.0,
          "route_guard_rate": 0.0
        },
        "shape": {
          "n": 2,
          "mean_target_drop": 0.375,
          "mean_route_release": 0.0,
          "top1_loss_rate": 0.0,
          "support_rate": 1.0,
          "route_guard_rate": 0.0
        },
        "grows_on_tree": {
          "n": 2,
          "mean_target_drop": -0.03125,
          "mean_route_release": 0.09375,
          "top1_loss_rate": 0.0,
          "support_rate": 0.0,
          "route_guard_rate": 0.0
        }
      },
      "answer_breakdown_top": {
        "tool": {
          "n": 2,
          "mean_target_drop": 0.75,
          "mean_route_release": 0.0625,
          "top1_loss_rate": 0.0,
          "support_rate": 1.0,
          "route_guard_rate": 0.0
        },
        "sweet": {
          "n": 1,
          "mean_target_drop": 0.625,
          "mean_route_release": 0.0,
          "top1_loss_rate": 0.0,
          "support_rate": 1.0,
          "route_guard_rate": 0.0
        },
        "purple": {
          "n": 1,
          "mean_target_drop": 0.5,
          "mean_route_release": 0.0,
          "top1_loss_rate": 0.0,
          "support_rate": 1.0,
          "route_guard_rate": 0.0
        },
        "square": {
          "n": 2,
          "mean_target_drop": 0.375,
          "mean_route_release": 0.0,
          "top1_loss_rate": 0.0,
          "support_rate": 1.0,
          "route_guard_rate": 0.0
        },
        "yes": {
          "n": 2,
          "mean_target_drop": -0.03125,
          "mean_route_release": 0.09375,
          "top1_loss_rate": 0.0,
          "support_rate": 0.0,
          "route_guard_rate": 0.0
        }
      },
      "object_group_breakdown": {
        "other_fruit": {
          "n": 2,
          "mean_target_drop": 0.625,
          "mean_route_release": 0.0625,
          "top1_loss_rate": 0.0,
          "support_rate": 1.0,
          "route_guard_rate": 0.0
        },
        "apple": {
          "n": 2,
          "mean_target_drop": 0.5,
          "mean_route_release": 0.0,
          "top1_loss_rate": 0.0,
          "support_rate": 1.0,
          "route_guard_rate": 0.0
        },
        "nonfruit": {
          "n": 4,
          "mean_target_drop": 0.265625,
          "mean_route_release": 0.046875,
          "top1_loss_rate": 0.0,
          "support_rate": 0.5,
          "route_guard_rate": 0.0
        }
      }
    },
    {
      "context_name": "natural_recipient",
      "site": "L22:attn_out",
      "head": 1,
      "subunit_id": "L22:attn_out:H1",
      "source_group": "target_value_tokens",
      "n": 8,
      "objects": [
        "apple",
        "banana",
        "carrot",
        "stone"
      ],
      "relations": [
        "category",
        "color",
        "grows_on_tree",
        "shape",
        "taste"
      ],
      "answers": [
        "purple",
        "square",
        "sweet",
        "tool",
        "yes"
      ],
      "mean_attention_mass_to_source": 0.21570587158203125,
      "mean_source_target_logit_contribution": 0.946379590430297,
      "mean_source_total_route_suppression_contribution": 0.2053190937731415,
      "mean_target_logit_drop_after_source_removal": 0.3671875,
      "mean_total_positive_route_release_after_source_removal": 0.1796875,
      "mean_route_release_coverage": 1.25,
      "mean_margin_drop_target_vs_routes": 0.324609375,
      "top1_loss_rate": 0.0,
      "support_rate_drop_gt_0_20": 0.75,
      "route_guard_rate_release_gt_0_20": 0.25,
      "mean_final_hidden_delta_norm_after_removal": 5.90760862827301,
      "stability_guess": "stable_mixed_writer_guard",
      "relation_breakdown": {
        "category": {
          "n": 2,
          "mean_target_drop": 0.625,
          "mean_route_release": 0.5625,
          "top1_loss_rate": 0.0,
          "support_rate": 1.0,
          "route_guard_rate": 1.0
        },
        "taste": {
          "n": 1,
          "mean_target_drop": 0.5,
          "mean_route_release": 0.125,
          "top1_loss_rate": 0.0,
          "support_rate": 1.0,
          "route_guard_rate": 0.0
        },
        "color": {
          "n": 1,
          "mean_target_drop": 0.4375,
          "mean_route_release": 0.1875,
          "top1_loss_rate": 0.0,
          "support_rate": 1.0,
          "route_guard_rate": 0.0
        },
        "shape": {
          "n": 2,
          "mean_target_drop": 0.25,
          "mean_route_release": 0.0,
          "top1_loss_rate": 0.0,
          "support_rate": 1.0,
          "route_guard_rate": 0.0
        },
        "grows_on_tree": {
          "n": 2,
          "mean_target_drop": 0.125,
          "mean_route_release": 0.0,
          "top1_loss_rate": 0.0,
          "support_rate": 0.0,
          "route_guard_rate": 0.0
        }
      },
      "answer_breakdown_top": {
        "tool": {
          "n": 2,
          "mean_target_drop": 0.625,
          "mean_route_release": 0.5625,
          "top1_loss_rate": 0.0,
          "support_rate": 1.0,
          "route_guard_rate": 1.0
        },
        "sweet": {
          "n": 1,
          "mean_target_drop": 0.5,
          "mean_route_release": 0.125,
          "top1_loss_rate": 0.0,
          "support_rate": 1.0,
          "route_guard_rate": 0.0
        },
        "purple": {
          "n": 1,
          "mean_target_drop": 0.4375,
          "mean_route_release": 0.1875,
          "top1_loss_rate": 0.0,
          "support_rate": 1.0,
          "route_guard_rate": 0.0
        },
        "square": {
          "n": 2,
          "mean_target_drop": 0.25,
          "mean_route_release": 0.0,
          "top1_loss_rate": 0.0,
          "support_rate": 1.0,
          "route_guard_rate": 0.0
        },
        "yes": {
          "n": 2,
          "mean_target_drop": 0.125,
          "mean_route_release": 0.0,
          "top1_loss_rate": 0.0,
          "support_rate": 0.0,
          "route_guard_rate": 0.0
        }
      },
      "object_group_breakdown": {
        "other_fruit": {
          "n": 2,
          "mean_target_drop": 0.5,
          "mean_route_release": 0.125,
          "top1_loss_rate": 0.0,
          "support_rate": 1.0,
          "route_guard_rate": 0.5
        },
        "apple": {
          "n": 2,
          "mean_target_drop": 0.375,
          "mean_route_release": 0.4375,
          "top1_loss_rate": 0.0,
          "support_rate": 1.0,
          "route_guard_rate": 0.5
        },
        "nonfruit": {
          "n": 4,
          "mean_target_drop": 0.296875,
          "mean_route_release": 0.078125,
          "top1_loss_rate": 0.0,
          "support_rate": 0.5,
          "route_guard_rate": 0.0
        }
      }
    },
    {
      "context_name": "natural_donor",
      "site": "L22:attn_out",
      "head": 24,
      "subunit_id": "L22:attn_out:H24",
      "source_group": "target_record_line",
      "n": 8,
      "objects": [
        "apple",
        "banana",
        "carrot",
        "stone"
      ],
      "relations": [
        "category",
        "color",
        "grows_on_tree",
        "shape",
        "taste"
      ],
      "answers": [
        "fruit",
        "long",
        "no",
        "none",
        "orange",
        "round"
      ],
      "mean_attention_mass_to_source": 0.4959467947483063,
      "mean_source_target_logit_contribution": 0.16082150861620903,
      "mean_source_total_route_suppression_contribution": 0.14678600267507136,
      "mean_target_logit_drop_after_source_removal": 0.5,
      "mean_total_positive_route_release_after_source_removal": 0.015625,
      "mean_route_release_coverage": 0.125,
      "mean_margin_drop_target_vs_routes": 0.39309895833333336,
      "top1_loss_rate": 0.0,
      "support_rate_drop_gt_0_20": 0.625,
      "route_guard_rate_release_gt_0_20": 0.0,
      "mean_final_hidden_delta_norm_after_removal": 8.190764605998993,
      "stability_guess": "stable_target_writer",
      "relation_breakdown": {
        "taste": {
          "n": 1,
          "mean_target_drop": 1.25,
          "mean_route_release": 0.0,
          "top1_loss_rate": 0.0,
          "support_rate": 1.0,
          "route_guard_rate": 0.0
        },
        "shape": {
          "n": 2,
          "mean_target_drop": 0.96875,
          "mean_route_release": 0.0,
          "top1_loss_rate": 0.0,
          "support_rate": 1.0,
          "route_guard_rate": 0.0
        },
        "category": {
          "n": 2,
          "mean_target_drop": 0.3125,
          "mean_route_release": 0.0,
          "top1_loss_rate": 0.0,
          "support_rate": 1.0,
          "route_guard_rate": 0.0
        },
        "color": {
          "n": 1,
          "mean_target_drop": 0.125,
          "mean_route_release": 0.0,
          "top1_loss_rate": 0.0,
          "support_rate": 0.0,
          "route_guard_rate": 0.0
        },
        "grows_on_tree": {
          "n": 2,
          "mean_target_drop": 0.03125,
          "mean_route_release": 0.0625,
          "top1_loss_rate": 0.0,
          "support_rate": 0.0,
          "route_guard_rate": 0.0
        }
      },
      "answer_breakdown_top": {
        "long": {
          "n": 1,
          "mean_target_drop": 1.3125,
          "mean_route_release": 0.0,
          "top1_loss_rate": 0.0,
          "support_rate": 1.0,
          "route_guard_rate": 0.0
        },
        "none": {
          "n": 1,
          "mean_target_drop": 1.25,
          "mean_route_release": 0.0,
          "top1_loss_rate": 0.0,
          "support_rate": 1.0,
          "route_guard_rate": 0.0
        },
        "round": {
          "n": 1,
          "mean_target_drop": 0.625,
          "mean_route_release": 0.0,
          "top1_loss_rate": 0.0,
          "support_rate": 1.0,
          "route_guard_rate": 0.0
        },
        "fruit": {
          "n": 2,
          "mean_target_drop": 0.3125,
          "mean_route_release": 0.0,
          "top1_loss_rate": 0.0,
          "support_rate": 1.0,
          "route_guard_rate": 0.0
        },
        "orange": {
          "n": 1,
          "mean_target_drop": 0.125,
          "mean_route_release": 0.0,
          "top1_loss_rate": 0.0,
          "support_rate": 0.0,
          "route_guard_rate": 0.0
        },
        "no": {
          "n": 2,
          "mean_target_drop": 0.03125,
          "mean_route_release": 0.0625,
          "top1_loss_rate": 0.0,
          "support_rate": 0.0,
          "route_guard_rate": 0.0
        }
      },
      "object_group_breakdown": {
        "other_fruit": {
          "n": 2,
          "mean_target_drop": 0.84375,
          "mean_route_release": 0.0,
          "top1_loss_rate": 0.0,
          "support_rate": 1.0,
          "route_guard_rate": 0.0
        },
        "apple": {
          "n": 2,
          "mean_target_drop": 0.4375,
          "mean_route_release": 0.0,
          "top1_loss_rate": 0.0,
          "support_rate": 1.0,
          "route_guard_rate": 0.0
        },
        "nonfruit": {
          "n": 4,
          "mean_target_drop": 0.359375,
          "mean_route_release": 0.03125,
          "top1_loss_rate": 0.0,
          "support_rate": 0.25,
          "route_guard_rate": 0.0
        }
      }
    },
    {
      "context_name": "natural_donor",
      "site": "L22:attn_out",
      "head": 24,
      "subunit_id": "L22:attn_out:H24",
      "source_group": "target_value_tokens",
      "n": 8,
      "objects": [
        "apple",
        "banana",
        "carrot",
        "stone"
      ],
      "relations": [
        "category",
        "color",
        "grows_on_tree",
        "shape",
        "taste"
      ],
      "answers": [
        "fruit",
        "long",
        "no",
        "none",
        "orange",
        "round"
      ],
      "mean_attention_mass_to_source": 0.2765350341796875,
      "mean_source_target_logit_contribution": 0.144795986241661,
      "mean_source_total_route_suppression_contribution": 0.12300575780682266,
      "mean_target_logit_drop_after_source_removal": 0.34375,
      "mean_total_positive_route_release_after_source_removal": 0.125,
      "mean_route_release_coverage": 1.0,
      "mean_margin_drop_target_vs_routes": 0.24440104166666668,
      "top1_loss_rate": 0.0,
      "support_rate_drop_gt_0_20": 0.625,
      "route_guard_rate_release_gt_0_20": 0.25,
      "mean_final_hidden_delta_norm_after_removal": 6.7883840054273605,
      "stability_guess": "relation_conditioned_writer",
      "relation_breakdown": {
        "taste": {
          "n": 1,
          "mean_target_drop": 1.0,
          "mean_route_release": 0.0,
          "top1_loss_rate": 0.0,
          "support_rate": 1.0,
          "route_guard_rate": 0.0
        },
        "shape": {
          "n": 2,
          "mean_target_drop": 0.5,
          "mean_route_release": 0.3125,
          "top1_loss_rate": 0.0,
          "support_rate": 1.0,
          "route_guard_rate": 0.5
        },
        "category": {
          "n": 2,
          "mean_target_drop": 0.25,
          "mean_route_release": 0.0625,
          "top1_loss_rate": 0.0,
          "support_rate": 0.5,
          "route_guard_rate": 0.0
        },
        "color": {
          "n": 1,
          "mean_target_drop": 0.25,
          "mean_route_release": 0.0,
          "top1_loss_rate": 0.0,
          "support_rate": 1.0,
          "route_guard_rate": 0.0
        },
        "grows_on_tree": {
          "n": 2,
          "mean_target_drop": 0.0,
          "mean_route_release": 0.125,
          "top1_loss_rate": 0.0,
          "support_rate": 0.0,
          "route_guard_rate": 0.5
        }
      },
      "answer_breakdown_top": {
        "none": {
          "n": 1,
          "mean_target_drop": 1.0,
          "mean_route_release": 0.0,
          "top1_loss_rate": 0.0,
          "support_rate": 1.0,
          "route_guard_rate": 0.0
        },
        "round": {
          "n": 1,
          "mean_target_drop": 0.5,
          "mean_route_release": 0.0,
          "top1_loss_rate": 0.0,
          "support_rate": 1.0,
          "route_guard_rate": 0.0
        },
        "long": {
          "n": 1,
          "mean_target_drop": 0.5,
          "mean_route_release": 0.625,
          "top1_loss_rate": 0.0,
          "support_rate": 1.0,
          "route_guard_rate": 1.0
        },
        "fruit": {
          "n": 2,
          "mean_target_drop": 0.25,
          "mean_route_release": 0.0625,
          "top1_loss_rate": 0.0,
          "support_rate": 0.5,
          "route_guard_rate": 0.0
        },
        "orange": {
          "n": 1,
          "mean_target_drop": 0.25,
          "mean_route_release": 0.0,
          "top1_loss_rate": 0.0,
          "support_rate": 1.0,
          "route_guard_rate": 0.0
        },
        "no": {
          "n": 2,
          "mean_target_drop": 0.0,
          "mean_route_release": 0.125,
          "top1_loss_rate": 0.0,
          "support_rate": 0.0,
          "route_guard_rate": 0.5
        }
      },
      "object_group_breakdown": {
        "apple": {
          "n": 2,
          "mean_target_drop": 0.4375,
          "mean_route_release": 0.0,
          "top1_loss_rate": 0.0,
          "support_rate": 1.0,
          "route_guard_rate": 0.0
        },
        "other_fruit": {
          "n": 2,
          "mean_target_drop": 0.3125,
          "mean_route_release": 0.375,
          "top1_loss_rate": 0.0,
          "support_rate": 0.5,
          "route_guard_rate": 0.5
        },
        "nonfruit": {
          "n": 4,
          "mean_target_drop": 0.3125,
          "mean_route_release": 0.0625,
          "top1_loss_rate": 0.0,
          "support_rate": 0.5,
          "route_guard_rate": 0.25
        }
      }
    },
    {
      "context_name": "natural_donor",
      "site": "L22:attn_out",
      "head": 1,
      "subunit_id": "L22:attn_out:H1",
      "source_group": "target_record_line",
      "n": 8,
      "objects": [
        "apple",
        "banana",
        "carrot",
        "stone"
      ],
      "relations": [
        "category",
        "color",
        "grows_on_tree",
        "shape",
        "taste"
      ],
      "answers": [
        "fruit",
        "long",
        "no",
        "none",
        "orange",
        "round"
      ],
      "mean_attention_mass_to_source": 0.23136746883392334,
      "mean_source_target_logit_contribution": 0.834028682205826,
      "mean_source_total_route_suppression_contribution": 0.13186528108781204,
      "mean_target_logit_drop_after_source_removal": 0.4140625,
      "mean_total_positive_route_release_after_source_removal": 0.078125,
      "mean_route_release_coverage": 0.75,
      "mean_margin_drop_target_vs_routes": 0.30078125,
      "top1_loss_rate": 0.0,
      "support_rate_drop_gt_0_20": 0.5,
      "route_guard_rate_release_gt_0_20": 0.125,
      "mean_final_hidden_delta_norm_after_removal": 5.552738219499588,
      "stability_guess": "stable_target_writer",
      "relation_breakdown": {
        "taste": {
          "n": 1,
          "mean_target_drop": 1.0,
          "mean_route_release": 0.0,
          "top1_loss_rate": 0.0,
          "support_rate": 1.0,
          "route_guard_rate": 0.0
        },
        "color": {
          "n": 1,
          "mean_target_drop": 0.625,
          "mean_route_release": 0.1875,
          "top1_loss_rate": 0.0,
          "support_rate": 1.0,
          "route_guard_rate": 0.0
        },
        "shape": {
          "n": 2,
          "mean_target_drop": 0.5625,
          "mean_route_release": 0.125,
          "top1_loss_rate": 0.0,
          "support_rate": 0.5,
          "route_guard_rate": 0.5
        },
        "category": {
          "n": 2,
          "mean_target_drop": 0.25,
          "mean_route_release": 0.09375,
          "top1_loss_rate": 0.0,
          "support_rate": 0.5,
          "route_guard_rate": 0.0
        },
        "grows_on_tree": {
          "n": 2,
          "mean_target_drop": 0.03125,
          "mean_route_release": 0.0,
          "top1_loss_rate": 0.0,
          "support_rate": 0.0,
          "route_guard_rate": 0.0
        }
      },
      "answer_breakdown_top": {
        "long": {
          "n": 1,
          "mean_target_drop": 1.0,
          "mean_route_release": 0.0,
          "top1_loss_rate": 0.0,
          "support_rate": 1.0,
          "route_guard_rate": 0.0
        },
        "none": {
          "n": 1,
          "mean_target_drop": 1.0,
          "mean_route_release": 0.0,
          "top1_loss_rate": 0.0,
          "support_rate": 1.0,
          "route_guard_rate": 0.0
        },
        "orange": {
          "n": 1,
          "mean_target_drop": 0.625,
          "mean_route_release": 0.1875,
          "top1_loss_rate": 0.0,
          "support_rate": 1.0,
          "route_guard_rate": 0.0
        },
        "fruit": {
          "n": 2,
          "mean_target_drop": 0.25,
          "mean_route_release": 0.09375,
          "top1_loss_rate": 0.0,
          "support_rate": 0.5,
          "route_guard_rate": 0.0
        },
        "round": {
          "n": 1,
          "mean_target_drop": 0.125,
          "mean_route_release": 0.25,
          "top1_loss_rate": 0.0,
          "support_rate": 0.0,
          "route_guard_rate": 1.0
        },
        "no": {
          "n": 2,
          "mean_target_drop": 0.03125,
          "mean_route_release": 0.0,
          "top1_loss_rate": 0.0,
          "support_rate": 0.0,
          "route_guard_rate": 0.0
        }
      },
      "object_group_breakdown": {
        "other_fruit": {
          "n": 2,
          "mean_target_drop": 0.6875,
          "mean_route_release": 0.0,
          "top1_loss_rate": 0.0,
          "support_rate": 1.0,
          "route_guard_rate": 0.0
        },
        "nonfruit": {
          "n": 4,
          "mean_target_drop": 0.421875,
          "mean_route_release": 0.046875,
          "top1_loss_rate": 0.0,
          "support_rate": 0.5,
          "route_guard_rate": 0.0
        },
        "apple": {
          "n": 2,
          "mean_target_drop": 0.125,
          "mean_route_release": 0.21875,
          "top1_loss_rate": 0.0,
          "support_rate": 0.0,
          "route_guard_rate": 0.5
        }
      }
    }
  ]
}
