[22:02:20] deepseek7b/confirm: focus=clean_fiber_high cases=3 variants=without_candidate_list,constrained_free_prompt,with_candidate_list sources=['instruction_core', 'format_cue', 'candidate_list', 'answer_prefix', 'object_tokens', 'relation_tokens', 'semantic_pair', 'task_frame_without_semantic']
[22:02:21] [load] deepseek7b: bf16 device_map=auto attn=eager quantization=off
`torch_dtype` is deprecated! Use `dtype` instead!
Loading weights:   0%|          | 0/339 [00:00<?, ?it/s]Loading weights:   1%|          | 2/339 [00:00<00:36,  9.21it/s]Loading weights:  12%|█▏        | 40/339 [00:00<00:01, 155.65it/s]Loading weights:  19%|█▉        | 66/339 [00:00<00:01, 190.61it/s]Loading weights:  29%|██▉       | 100/339 [00:00<00:01, 230.71it/s]Loading weights:  39%|███▉      | 132/339 [00:00<00:00, 257.78it/s]Loading weights:  47%|████▋     | 161/339 [00:00<00:00, 264.21it/s]Loading weights:  56%|█████▌    | 190/339 [00:00<00:00, 245.87it/s]Loading weights:  65%|██████▍   | 219/339 [00:00<00:00, 255.50it/s]Loading weights:  73%|███████▎  | 246/339 [00:01<00:00, 241.99it/s]Loading weights:  86%|████████▌ | 292/339 [00:01<00:00, 270.92it/s]Loading weights:  95%|█████████▌| 323/339 [00:01<00:00, 266.64it/s]Loading weights: 100%|██████████| 339/339 [00:01<00:00, 245.15it/s]
[22:02:23] [load] deepseek7b: loaded eager, device=cuda:0, gpu=15.23GB
[22:03:20] deepseek7b: semantic latent audit 1/3 cases; rows=47
[22:04:17] deepseek7b: semantic latent audit 2/3 cases; rows=94
[22:05:14] deepseek7b: semantic latent audit 3/3 cases; rows=141
[model_utils] GPU memory released, allocated=15.24 GB
{
  "model": "deepseek7b",
  "round": "confirm",
  "n_cases": 3,
  "by_prompt_observation": [
    {
      "prompt_variant": "without_candidate_list",
      "n": 3,
      "case_n": 3,
      "base_top1_rate": 0.0,
      "latent_pool_hit_rate": 0.6666666666666666,
      "pool_target_top1_rate": 0.6666666666666666,
      "mean_base_target_rank": 6958.666666666667,
      "mean_pool_target_rank": 1.3333333333333333,
      "mean_base_margin": 3.9469401041666665,
      "mean_pool_margin_target_vs_best_other": 2.3935546875
    },
    {
      "prompt_variant": "with_candidate_list",
      "n": 3,
      "case_n": 3,
      "base_top1_rate": 0.3333333333333333,
      "latent_pool_hit_rate": 0.3333333333333333,
      "pool_target_top1_rate": 0.6666666666666666,
      "mean_base_target_rank": 3.0,
      "mean_pool_target_rank": 1.3333333333333333,
      "mean_base_margin": 4.552083333333333,
      "mean_pool_margin_target_vs_best_other": 2.7916666666666665
    },
    {
      "prompt_variant": "constrained_free_prompt",
      "n": 3,
      "case_n": 3,
      "base_top1_rate": 0.0,
      "latent_pool_hit_rate": 0.6666666666666666,
      "pool_target_top1_rate": 0.6666666666666666,
      "mean_base_target_rank": 2363.0,
      "mean_pool_target_rank": 1.3333333333333333,
      "mean_base_margin": 4.255208333333333,
      "mean_pool_margin_target_vs_best_other": 2.2395833333333335
    }
  ],
  "by_prompt_effect": [
    {
      "prompt_variant": "without_candidate_list",
      "candidate_kind": "source_group_top_component",
      "n": 21,
      "case_n": 3,
      "mean_target_logit_drop": 0.0907563709077381,
      "mean_margin_drop_target_vs_contrast": 0.2851155598958333,
      "mean_target_rank_delta": -1920.4285714285713,
      "mean_pool_rank_delta": 0.14285714285714285,
      "mean_pool_margin_drop": 0.24254208519345238,
      "mean_attention_mass": 0.43601840024902705,
      "mean_direct_target_boost": 0.9081913325048628,
      "mean_direct_route_suppression": 4.179416082444645,
      "top1_loss_rate": 0.0,
      "pool_top1_loss_rate": 0.0
    },
    {
      "prompt_variant": "without_candidate_list",
      "candidate_kind": "same_layer_control_head",
      "n": 21,
      "case_n": 3,
      "mean_target_logit_drop": 0.05747767857142857,
      "mean_margin_drop_target_vs_contrast": 0.018275669642857144,
      "mean_target_rank_delta": -2402.3809523809523,
      "mean_pool_rank_delta": 0.0,
      "mean_pool_margin_drop": 0.10286458333333333,
      "mean_attention_mass": 0.13306683461580956,
      "mean_direct_target_boost": 0.05782124225604656,
      "mean_direct_route_suppression": 0.2974712877947273,
      "top1_loss_rate": 0.0,
      "pool_top1_loss_rate": 0.0
    },
    {
      "prompt_variant": "with_candidate_list",
      "candidate_kind": "source_group_top_component",
      "n": 24,
      "case_n": 3,
      "mean_target_logit_drop": 0.109375,
      "mean_margin_drop_target_vs_contrast": 0.049479166666666664,
      "mean_target_rank_delta": 0.16666666666666666,
      "mean_pool_rank_delta": 0.0,
      "mean_pool_margin_drop": 0.03125,
      "mean_attention_mass": 0.43200687567392987,
      "mean_direct_target_boost": 3.282841614137093,
      "mean_direct_route_suppression": 1.3137299127411097,
      "top1_loss_rate": 0.0,
      "pool_top1_loss_rate": 0.0
    },
    {
      "prompt_variant": "with_candidate_list",
      "candidate_kind": "same_layer_control_head",
      "n": 24,
      "case_n": 3,
      "mean_target_logit_drop": 0.041666666666666664,
      "mean_margin_drop_target_vs_contrast": 0.016927083333333332,
      "mean_target_rank_delta": 0.0,
      "mean_pool_rank_delta": 0.0,
      "mean_pool_margin_drop": 0.013020833333333334,
      "mean_attention_mass": 0.1149351690740635,
      "mean_direct_target_boost": -0.05124430085124251,
      "mean_direct_route_suppression": 0.33958568980086196,
      "top1_loss_rate": 0.0,
      "pool_top1_loss_rate": 0.0
    },
    {
      "prompt_variant": "constrained_free_prompt",
      "candidate_kind": "source_group_top_component",
      "n": 21,
      "case_n": 3,
      "mean_target_logit_drop": 0.10063244047619048,
      "mean_margin_drop_target_vs_contrast": 0.17057291666666666,
      "mean_target_rank_delta": -254.95238095238096,
      "mean_pool_rank_delta": 0.0,
      "mean_pool_margin_drop": 0.11997767857142858,
      "mean_attention_mass": 0.3887764158703032,
      "mean_direct_target_boost": 0.9939391063082785,
      "mean_direct_route_suppression": 1.728358703000205,
      "top1_loss_rate": 0.0,
      "pool_top1_loss_rate": 0.0
    },
    {
      "prompt_variant": "constrained_free_prompt",
      "candidate_kind": "same_layer_control_head",
      "n": 21,
      "case_n": 3,
      "mean_target_logit_drop": -0.0011160714285714285,
      "mean_margin_drop_target_vs_contrast": -0.006324404761904762,
      "mean_target_rank_delta": -24.19047619047619,
      "mean_pool_rank_delta": 0.0,
      "mean_pool_margin_drop": -0.0011160714285714285,
      "mean_attention_mass": 0.10765440473776489,
      "mean_direct_target_boost": 0.03646903623866224,
      "mean_direct_route_suppression": 0.2448384845447307,
      "top1_loss_rate": 0.0,
      "pool_top1_loss_rate": 0.0
    }
  ]
}
