[16:09:42] deepseek7b/confirm: pairs=48 sources=['records_all', 'target_record_line']
[16:09:42] [load] deepseek7b: bf16 device_map=auto attn=eager quantization=off
`torch_dtype` is deprecated! Use `dtype` instead!
Loading weights:   0%|          | 0/339 [00:00<?, ?it/s]Loading weights:   2%|▏         | 6/339 [00:00<00:05, 59.09it/s]Loading weights:   9%|▉         | 30/339 [00:00<00:01, 161.60it/s]Loading weights:  19%|█▉        | 65/339 [00:00<00:01, 243.91it/s]Loading weights:  27%|██▋       | 92/339 [00:00<00:01, 244.51it/s]Loading weights:  37%|███▋      | 125/339 [00:00<00:00, 263.78it/s]Loading weights:  47%|████▋     | 161/339 [00:00<00:00, 285.77it/s]Loading weights:  56%|█████▌    | 190/339 [00:00<00:00, 282.29it/s]Loading weights:  65%|██████▍   | 220/339 [00:00<00:00, 280.94it/s]Loading weights:  73%|███████▎  | 249/339 [00:00<00:00, 276.07it/s]Loading weights:  82%|████████▏ | 277/339 [00:01<00:00, 258.97it/s]Loading weights:  90%|█████████ | 306/339 [00:01<00:00, 266.42it/s]Loading weights: 100%|██████████| 339/339 [00:01<00:00, 265.06it/s]
[16:09:44] [load] deepseek7b: loaded eager, device=cuda:0, gpu=15.23GB
[16:09:44] deepseek7b: candidates=4 combo_sites=['L23:attn_out', 'L23:mlp_out', 'L24:attn_out', 'L24:mlp_out', 'L25:attn_out', 'L25:mlp_out', 'L26:attn_out', 'L26:mlp_out', 'L27:attn_out', 'L27:mlp_out']
[16:10:06] deepseek7b: route matrix 8/48 pairs; rows=6552
[16:10:28] deepseek7b: route matrix 16/48 pairs; rows=13184
[16:10:49] deepseek7b: route matrix 24/48 pairs; rows=19816
[16:11:11] deepseek7b: route matrix 32/48 pairs; rows=26528
[16:11:32] deepseek7b: route matrix 40/48 pairs; rows=33160
[16:11:54] deepseek7b: route matrix 48/48 pairs; rows=39872
[model_utils] GPU memory released, allocated=15.24 GB
{
  "model": "deepseek7b",
  "round": "confirm",
  "n_rows": 39872,
  "top_route_cells": [
    {
      "site": "L22:attn_out",
      "head": 9,
      "subunit_id": "L22:attn_out:H9",
      "source_group": "target_record_line",
      "combo_kind": "late_candidate_all",
      "combo_name": "late_candidate_all",
      "combo_sites": [
        "L25:attn_out",
        "L25:mlp_out",
        "L26:attn_out",
        "L26:mlp_out"
      ],
      "route_group": "top_class:other_semantic_value",
      "n": 14,
      "domains": [
        "abstract",
        "animal",
        "fruit",
        "object",
        "plant"
      ],
      "relations": [
        "category",
        "color",
        "shape",
        "taste"
      ],
      "target_success_rate": 0.21428571428571427,
      "route_success_rate": 0.42857142857142855,
      "route_only_success_rate": 0.42857142857142855,
      "joint_success_rate": 0.0,
      "mean_erase_target_logit_drop": -0.004464285714285714,
      "mean_target_recovered": -0.04017857142857143,
      "mean_target_recovery_fraction": 0.16666666666666666,
      "mean_erase_route_release": 0.03571428571428571,
      "mean_restored_route_release": -0.013392857142857142,
      "mean_route_reduced": 0.049107142857142856,
      "mean_margin_drop_reduced": 0.008928571428571428,
      "role_guess": "weak_or_unclear",
      "erase_route_token_counts": {
        " None": 7,
        " Sweet": 2,
        " Abstract": 2,
        " Red": 1,
        " Round": 1,
        " Gray": 1
      },
      "restored_route_token_counts": {
        " None": 7,
        " Sweet": 2,
        " Abstract": 2,
        " Red": 1,
        " Round": 1,
        " Gray": 1
      }
    },
    {
      "site": "L22:attn_out",
      "head": 9,
      "subunit_id": "L22:attn_out:H9",
      "source_group": "target_record_line",
      "combo_kind": "primary_plus_late_all",
      "combo_name": "primary_plus_late_all",
      "combo_sites": [
        "L23:attn_out",
        "L23:mlp_out",
        "L24:attn_out",
        "L24:mlp_out",
        "L25:attn_out",
        "L25:mlp_out",
        "L26:attn_out",
        "L26:mlp_out"
      ],
      "route_group": "top_class:other_semantic_value",
      "n": 14,
      "domains": [
        "abstract",
        "animal",
        "fruit",
        "object",
        "plant"
      ],
      "relations": [
        "category",
        "color",
        "shape",
        "taste"
      ],
      "target_success_rate": 0.21428571428571427,
      "route_success_rate": 0.42857142857142855,
      "route_only_success_rate": 0.42857142857142855,
      "joint_success_rate": 0.0,
      "mean_erase_target_logit_drop": -0.004464285714285714,
      "mean_target_recovered": 0.004464285714285714,
      "mean_target_recovery_fraction": 1.0,
      "mean_erase_route_release": 0.03571428571428571,
      "mean_restored_route_release": 0.017857142857142856,
      "mean_route_reduced": 0.017857142857142856,
      "mean_margin_drop_reduced": 0.022321428571428572,
      "role_guess": "weak_or_unclear",
      "erase_route_token_counts": {
        " None": 7,
        " Sweet": 2,
        " Abstract": 2,
        " Red": 1,
        " Round": 1,
        " Gray": 1
      },
      "restored_route_token_counts": {
        " None": 7,
        " Sweet": 2,
        " Abstract": 2,
        " Red": 1,
        " Round": 1,
        " Gray": 1
      }
    },
    {
      "site": "L22:attn_out",
      "head": 9,
      "subunit_id": "L22:attn_out:H9",
      "source_group": "target_record_line",
      "combo_kind": "true_late_control",
      "combo_name": "late_control_same_count",
      "combo_sites": [
        "L27:attn_out",
        "L27:mlp_out"
      ],
      "route_group": "top_class:other_semantic_value",
      "n": 14,
      "domains": [
        "abstract",
        "animal",
        "fruit",
        "object",
        "plant"
      ],
      "relations": [
        "category",
        "color",
        "shape",
        "taste"
      ],
      "target_success_rate": 0.21428571428571427,
      "route_success_rate": 0.42857142857142855,
      "route_only_success_rate": 0.42857142857142855,
      "joint_success_rate": 0.0,
      "mean_erase_target_logit_drop": -0.004464285714285714,
      "mean_target_recovered": 0.0,
      "mean_target_recovery_fraction": 1.25,
      "mean_erase_route_release": 0.03571428571428571,
      "mean_restored_route_release": 0.022321428571428572,
      "mean_route_reduced": 0.013392857142857142,
      "mean_margin_drop_reduced": 0.013392857142857142,
      "role_guess": "weak_or_unclear",
      "erase_route_token_counts": {
        " None": 7,
        " Sweet": 2,
        " Abstract": 2,
        " Red": 1,
        " Round": 1,
        " Gray": 1
      },
      "restored_route_token_counts": {
        " None": 7,
        " Sweet": 2,
        " Abstract": 2,
        " Red": 1,
        " Round": 1,
        " Gray": 1
      }
    },
    {
      "site": "L22:attn_out",
      "head": 9,
      "subunit_id": "L22:attn_out:H9",
      "source_group": "target_record_line",
      "combo_kind": "single_primary_site",
      "combo_name": "L23:attn_out",
      "combo_sites": [
        "L23:attn_out"
      ],
      "route_group": "top_class:other_semantic_value",
      "n": 14,
      "domains": [
        "abstract",
        "animal",
        "fruit",
        "object",
        "plant"
      ],
      "relations": [
        "category",
        "color",
        "shape",
        "taste"
      ],
      "target_success_rate": 0.14285714285714285,
      "route_success_rate": 0.35714285714285715,
      "route_only_success_rate": 0.35714285714285715,
      "joint_success_rate": 0.0,
      "mean_erase_target_logit_drop": -0.004464285714285714,
      "mean_target_recovered": -0.0625,
      "mean_target_recovery_fraction": -0.20833333333333334,
      "mean_erase_route_release": 0.03571428571428571,
      "mean_restored_route_release": -0.013392857142857142,
      "mean_route_reduced": 0.049107142857142856,
      "mean_margin_drop_reduced": -0.013392857142857142,
      "role_guess": "weak_or_unclear",
      "erase_route_token_counts": {
        " None": 7,
        " Sweet": 2,
        " Abstract": 2,
        " Red": 1,
        " Round": 1,
        " Gray": 1
      },
      "restored_route_token_counts": {
        " None": 7,
        " Sweet": 2,
        " Abstract": 2,
        " Red": 1,
        " Round": 1,
        " Gray": 1
      }
    },
    {
      "site": "L22:attn_out",
      "head": 9,
      "subunit_id": "L22:attn_out:H9",
      "source_group": "target_record_line",
      "combo_kind": "same_layer_primary_pair",
      "combo_name": "L23:attn+mlp",
      "combo_sites": [
        "L23:attn_out",
        "L23:mlp_out"
      ],
      "route_group": "top_class:other_semantic_value",
      "n": 14,
      "domains": [
        "abstract",
        "animal",
        "fruit",
        "object",
        "plant"
      ],
      "relations": [
        "category",
        "color",
        "shape",
        "taste"
      ],
      "target_success_rate": 0.14285714285714285,
      "route_success_rate": 0.35714285714285715,
      "route_only_success_rate": 0.35714285714285715,
      "joint_success_rate": 0.0,
      "mean_erase_target_logit_drop": -0.004464285714285714,
      "mean_target_recovered": -0.013392857142857142,
      "mean_target_recovery_fraction": 0.5416666666666666,
      "mean_erase_route_release": 0.03571428571428571,
      "mean_restored_route_release": 0.017857142857142856,
      "mean_route_reduced": 0.017857142857142856,
      "mean_margin_drop_reduced": 0.004464285714285714,
      "role_guess": "weak_or_unclear",
      "erase_route_token_counts": {
        " None": 7,
        " Sweet": 2,
        " Abstract": 2,
        " Red": 1,
        " Round": 1,
        " Gray": 1
      },
      "restored_route_token_counts": {
        " None": 7,
        " Sweet": 2,
        " Abstract": 2,
        " Red": 1,
        " Round": 1,
        " Gray": 1
      }
    },
    {
      "site": "L22:attn_out",
      "head": 9,
      "subunit_id": "L22:attn_out:H9",
      "source_group": "target_record_line",
      "combo_kind": "same_layer_late_candidate_pair",
      "combo_name": "L26:late_attn+mlp",
      "combo_sites": [
        "L26:attn_out",
        "L26:mlp_out"
      ],
      "route_group": "top_class:other_semantic_value",
      "n": 14,
      "domains": [
        "abstract",
        "animal",
        "fruit",
        "object",
        "plant"
      ],
      "relations": [
        "category",
        "color",
        "shape",
        "taste"
      ],
      "target_success_rate": 0.21428571428571427,
      "route_success_rate": 0.35714285714285715,
      "route_only_success_rate": 0.35714285714285715,
      "joint_success_rate": 0.0,
      "mean_erase_target_logit_drop": -0.004464285714285714,
      "mean_target_recovered": -0.004464285714285714,
      "mean_target_recovery_fraction": 1.25,
      "mean_erase_route_release": 0.03571428571428571,
      "mean_restored_route_release": 0.03125,
      "mean_route_reduced": 0.004464285714285714,
      "mean_margin_drop_reduced": 0.0,
      "role_guess": "weak_or_unclear",
      "erase_route_token_counts": {
        " None": 7,
        " Sweet": 2,
        " Abstract": 2,
        " Red": 1,
        " Round": 1,
        " Gray": 1
      },
      "restored_route_token_counts": {
        " None": 7,
        " Sweet": 2,
        " Abstract": 2,
        " Red": 1,
        " Round": 1,
        " Gray": 1
      }
    },
    {
      "site": "L22:attn_out",
      "head": 9,
      "subunit_id": "L22:attn_out:H9",
      "source_group": "target_record_line",
      "combo_kind": "same_layer_primary_pair",
      "combo_name": "L24:attn+mlp",
      "combo_sites": [
        "L24:attn_out",
        "L24:mlp_out"
      ],
      "route_group": "top_class:other_semantic_value",
      "n": 14,
      "domains": [
        "abstract",
        "animal",
        "fruit",
        "object",
        "plant"
      ],
      "relations": [
        "category",
        "color",
        "shape",
        "taste"
      ],
      "target_success_rate": 0.14285714285714285,
      "route_success_rate": 0.35714285714285715,
      "route_only_success_rate": 0.35714285714285715,
      "joint_success_rate": 0.0,
      "mean_erase_target_logit_drop": -0.004464285714285714,
      "mean_target_recovered": 0.004464285714285714,
      "mean_target_recovery_fraction": 0.29166666666666663,
      "mean_erase_route_release": 0.03571428571428571,
      "mean_restored_route_release": 0.05357142857142857,
      "mean_route_reduced": -0.017857142857142856,
      "mean_margin_drop_reduced": -0.013392857142857142,
      "role_guess": "weak_or_unclear",
      "erase_route_token_counts": {
        " None": 7,
        " Sweet": 2,
        " Abstract": 2,
        " Red": 1,
        " Round": 1,
        " Gray": 1
      },
      "restored_route_token_counts": {
        " None": 7,
        " Sweet": 2,
        " Abstract": 2,
        " Red": 1,
        " Round": 1,
        " Gray": 1
      }
    },
    {
      "site": "L22:attn_out",
      "head": 1,
      "subunit_id": "L22:attn_out:H1",
      "source_group": "target_record_line",
      "combo_kind": "primary_multisite_all",
      "combo_name": "primary_all",
      "combo_sites": [
        "L23:attn_out",
        "L23:mlp_out",
        "L24:attn_out",
        "L24:mlp_out"
      ],
      "route_group": "top_class:recipient_answer",
      "n": 9,
      "domains": [
        "animal",
        "object",
        "plant"
      ],
      "relations": [
        "edible",
        "grows_on_tree"
      ],
      "target_success_rate": 0.0,
      "route_success_rate": 0.3333333333333333,
      "route_only_success_rate": 0.3333333333333333,
      "joint_success_rate": 0.0,
      "mean_erase_target_logit_drop": 0.020833333333333332,
      "mean_target_recovered": -0.04861111111111111,
      "mean_target_recovery_fraction": -0.16666666666666666,
      "mean_erase_route_release": 0.05555555555555555,
      "mean_restored_route_release": -0.020833333333333332,
      "mean_route_reduced": 0.0763888888888889,
      "mean_margin_drop_reduced": 0.027777777777777776,
      "role_guess": "route_only_suppressor_candidate",
      "erase_route_token_counts": {
        " yes": 9
      },
      "restored_route_token_counts": {
        " yes": 9
      }
    },
    {
      "site": "L22:attn_out",
      "head": 1,
      "subunit_id": "L22:attn_out:H1",
      "source_group": "target_record_line",
      "combo_kind": "same_layer_primary_pair",
      "combo_name": "L24:attn+mlp",
      "combo_sites": [
        "L24:attn_out",
        "L24:mlp_out"
      ],
      "route_group": "top_class:recipient_answer",
      "n": 9,
      "domains": [
        "animal",
        "object",
        "plant"
      ],
      "relations": [
        "edible",
        "grows_on_tree"
      ],
      "target_success_rate": 0.0,
      "route_success_rate": 0.3333333333333333,
      "route_only_success_rate": 0.3333333333333333,
      "joint_success_rate": 0.0,
      "mean_erase_target_logit_drop": 0.020833333333333332,
      "mean_target_recovered": -0.0763888888888889,
      "mean_target_recovery_fraction": -0.3333333333333333,
      "mean_erase_route_release": 0.05555555555555555,
      "mean_restored_route_release": -0.020833333333333332,
      "mean_route_reduced": 0.0763888888888889,
      "mean_margin_drop_reduced": 0.0,
      "role_guess": "route_only_suppressor_candidate",
      "erase_route_token_counts": {
        " yes": 9
      },
      "restored_route_token_counts": {
        " yes": 9
      }
    },
    {
      "site": "L22:attn_out",
      "head": 1,
      "subunit_id": "L22:attn_out:H1",
      "source_group": "target_record_line",
      "combo_kind": "same_layer_late_candidate_pair",
      "combo_name": "L25:late_attn+mlp",
      "combo_sites": [
        "L25:attn_out",
        "L25:mlp_out"
      ],
      "route_group": "top_class:recipient_answer",
      "n": 9,
      "domains": [
        "animal",
        "object",
        "plant"
      ],
      "relations": [
        "edible",
        "grows_on_tree"
      ],
      "target_success_rate": 0.1111111111111111,
      "route_success_rate": 0.3333333333333333,
      "route_only_success_rate": 0.3333333333333333,
      "joint_success_rate": 0.0,
      "mean_erase_target_logit_drop": 0.020833333333333332,
      "mean_target_recovered": -0.027777777777777776,
      "mean_target_recovery_fraction": 0.16666666666666666,
      "mean_erase_route_release": 0.05555555555555555,
      "mean_restored_route_release": 0.0,
      "mean_route_reduced": 0.05555555555555555,
      "mean_margin_drop_reduced": 0.027777777777777776,
      "role_guess": "route_only_suppressor_candidate",
      "erase_route_token_counts": {
        " yes": 9
      },
      "restored_route_token_counts": {
        " yes": 9
      }
    }
  ]
}
