[16:06:49] glm4/confirm: pairs=48 sources=['records_all', 'target_record_line']
[16:06:50] [load] glm4: bf16 device_map=auto attn=eager quantization=off
`torch_dtype` is deprecated! Use `dtype` instead!
Loading weights:   0%|          | 0/443 [00:00<?, ?it/s]Loading weights:   0%|          | 1/443 [00:00<00:53,  8.30it/s]Loading weights:   6%|▌         | 27/443 [00:00<00:02, 140.73it/s]Loading weights:  14%|█▎        | 60/443 [00:00<00:01, 211.46it/s]Loading weights:  21%|██        | 93/443 [00:00<00:01, 244.68it/s]Loading weights:  28%|██▊       | 125/443 [00:00<00:01, 263.85it/s]Loading weights:  36%|███▌      | 159/443 [00:00<00:01, 278.04it/s]Loading weights:  43%|████▎     | 192/443 [00:00<00:00, 288.94it/s]Loading weights:  50%|█████     | 222/443 [00:00<00:00, 285.91it/s]Loading weights:  58%|█████▊    | 257/443 [00:00<00:00, 294.55it/s]Loading weights:  66%|██████▌   | 291/443 [00:01<00:00, 307.66it/s]Loading weights:  73%|███████▎  | 324/443 [00:01<00:00, 307.15it/s]Loading weights:  80%|████████  | 355/443 [00:01<00:00, 299.14it/s]Loading weights:  89%|████████▉ | 394/443 [00:01<00:00, 323.16it/s]Loading weights:  96%|█████████▋| 427/443 [00:01<00:00, 319.36it/s]Loading weights: 100%|██████████| 443/443 [00:01<00:00, 284.91it/s]
[16:06:52] [load] glm4: loaded eager, device=cuda:0, gpu=18.80GB
[16:06:53] glm4: candidates=4 combo_sites=['L36:attn_out', 'L36:mlp_out', 'L37:attn_out', 'L37:mlp_out', 'L38:attn_out', 'L38:mlp_out', 'L39:attn_out', 'L39:mlp_out']
[16:07:20] glm4: route matrix 8/48 pairs; rows=6392
[16:07:48] glm4: route matrix 16/48 pairs; rows=12944
[16:08:16] glm4: route matrix 24/48 pairs; rows=19176
[16:08:44] glm4: route matrix 32/48 pairs; rows=25648
[16:09:11] glm4: route matrix 40/48 pairs; rows=32360
[16:09:39] glm4: route matrix 48/48 pairs; rows=39392
[model_utils] GPU memory released, allocated=18.81 GB
{
  "model": "glm4",
  "round": "confirm",
  "n_rows": 39392,
  "top_route_cells": [
    {
      "site": "L34:attn_out",
      "head": 4,
      "subunit_id": "L34:attn_out:H4",
      "source_group": "records_all",
      "combo_kind": "same_layer_late_candidate_pair",
      "combo_name": "L39:late_attn+mlp",
      "combo_sites": [
        "L39:attn_out",
        "L39:mlp_out"
      ],
      "route_group": "top_class:other_semantic_value",
      "n": 33,
      "domains": [
        "abstract",
        "animal",
        "fruit",
        "object",
        "plant",
        "tool"
      ],
      "relations": [
        "category",
        "color",
        "grows_on_tree",
        "shape",
        "taste"
      ],
      "target_success_rate": 0.0,
      "route_success_rate": 0.09090909090909091,
      "route_only_success_rate": 0.09090909090909091,
      "joint_success_rate": 0.0,
      "mean_erase_target_logit_drop": -0.013257575757575758,
      "mean_target_recovered": -0.14204545454545456,
      "mean_target_recovery_fraction": 0.20476190476190476,
      "mean_erase_route_release": 0.017045454545454544,
      "mean_restored_route_release": -0.12121212121212122,
      "mean_route_reduced": 0.13825757575757575,
      "mean_margin_drop_reduced": -0.003787878787878788,
      "role_guess": "weak_or_unclear",
      "erase_route_token_counts": {
        " None": 8,
        " Red": 2,
        " Sweet": 2,
        " Animal": 2,
        " Plant": 2,
        " Gray": 2,
        " Tool": 2,
        " Silver": 2
      },
      "restored_route_token_counts": {
        " None": 8,
        " Red": 2,
        " Sweet": 2,
        " Animal": 2,
        " Plant": 2,
        " Gray": 2,
        " Tool": 2,
        " Silver": 2
      }
    },
    {
      "site": "L34:attn_out",
      "head": 4,
      "subunit_id": "L34:attn_out:H4",
      "source_group": "records_all",
      "combo_kind": "primary_plus_late_all",
      "combo_name": "primary_plus_late_all",
      "combo_sites": [
        "L36:attn_out",
        "L36:mlp_out",
        "L37:attn_out",
        "L37:mlp_out",
        "L38:attn_out",
        "L38:mlp_out",
        "L39:attn_out",
        "L39:mlp_out"
      ],
      "route_group": "top_class:other_semantic_value",
      "n": 33,
      "domains": [
        "abstract",
        "animal",
        "fruit",
        "object",
        "plant",
        "tool"
      ],
      "relations": [
        "category",
        "color",
        "grows_on_tree",
        "shape",
        "taste"
      ],
      "target_success_rate": 0.0,
      "route_success_rate": 0.09090909090909091,
      "route_only_success_rate": 0.09090909090909091,
      "joint_success_rate": 0.0,
      "mean_erase_target_logit_drop": -0.013257575757575758,
      "mean_target_recovered": -0.12121212121212122,
      "mean_target_recovery_fraction": 0.4095238095238095,
      "mean_erase_route_release": 0.017045454545454544,
      "mean_restored_route_release": -0.10984848484848485,
      "mean_route_reduced": 0.1268939393939394,
      "mean_margin_drop_reduced": 0.005681818181818182,
      "role_guess": "weak_or_unclear",
      "erase_route_token_counts": {
        " None": 8,
        " Red": 2,
        " Sweet": 2,
        " Animal": 2,
        " Plant": 2,
        " Gray": 2,
        " Tool": 2,
        " Silver": 2
      },
      "restored_route_token_counts": {
        " None": 8,
        " Red": 2,
        " Sweet": 2,
        " Animal": 2,
        " Plant": 2,
        " Gray": 2,
        " Tool": 2,
        " Silver": 2
      }
    },
    {
      "site": "L34:attn_out",
      "head": 4,
      "subunit_id": "L34:attn_out:H4",
      "source_group": "records_all",
      "combo_kind": "late_candidate_all",
      "combo_name": "late_candidate_all",
      "combo_sites": [
        "L38:attn_out",
        "L38:mlp_out",
        "L39:attn_out",
        "L39:mlp_out"
      ],
      "route_group": "top_class:other_semantic_value",
      "n": 33,
      "domains": [
        "abstract",
        "animal",
        "fruit",
        "object",
        "plant",
        "tool"
      ],
      "relations": [
        "category",
        "color",
        "grows_on_tree",
        "shape",
        "taste"
      ],
      "target_success_rate": 0.030303030303030304,
      "route_success_rate": 0.09090909090909091,
      "route_only_success_rate": 0.09090909090909091,
      "joint_success_rate": 0.0,
      "mean_erase_target_logit_drop": -0.013257575757575758,
      "mean_target_recovered": -0.0928030303030303,
      "mean_target_recovery_fraction": 0.719047619047619,
      "mean_erase_route_release": 0.017045454545454544,
      "mean_restored_route_release": -0.07954545454545454,
      "mean_route_reduced": 0.09659090909090909,
      "mean_margin_drop_reduced": 0.003787878787878788,
      "role_guess": "weak_or_unclear",
      "erase_route_token_counts": {
        " None": 8,
        " Red": 2,
        " Sweet": 2,
        " Animal": 2,
        " Plant": 2,
        " Gray": 2,
        " Tool": 2,
        " Silver": 2
      },
      "restored_route_token_counts": {
        " None": 8,
        " Red": 2,
        " Sweet": 2,
        " Animal": 2,
        " Plant": 2,
        " Gray": 2,
        " Tool": 2,
        " Silver": 2
      }
    },
    {
      "site": "L34:attn_out",
      "head": 4,
      "subunit_id": "L34:attn_out:H4",
      "source_group": "records_all",
      "combo_kind": "same_layer_late_candidate_pair",
      "combo_name": "L38:late_attn+mlp",
      "combo_sites": [
        "L38:attn_out",
        "L38:mlp_out"
      ],
      "route_group": "top_class:other_semantic_value",
      "n": 33,
      "domains": [
        "abstract",
        "animal",
        "fruit",
        "object",
        "plant",
        "tool"
      ],
      "relations": [
        "category",
        "color",
        "grows_on_tree",
        "shape",
        "taste"
      ],
      "target_success_rate": 0.030303030303030304,
      "route_success_rate": 0.09090909090909091,
      "route_only_success_rate": 0.09090909090909091,
      "joint_success_rate": 0.0,
      "mean_erase_target_logit_drop": -0.013257575757575758,
      "mean_target_recovered": -0.011363636363636364,
      "mean_target_recovery_fraction": 0.4333333333333333,
      "mean_erase_route_release": 0.017045454545454544,
      "mean_restored_route_release": 0.00946969696969697,
      "mean_route_reduced": 0.007575757575757576,
      "mean_margin_drop_reduced": -0.003787878787878788,
      "role_guess": "weak_or_unclear",
      "erase_route_token_counts": {
        " None": 8,
        " Red": 2,
        " Sweet": 2,
        " Animal": 2,
        " Plant": 2,
        " Gray": 2,
        " Tool": 2,
        " Silver": 2
      },
      "restored_route_token_counts": {
        " None": 8,
        " Red": 2,
        " Sweet": 2,
        " Animal": 2,
        " Plant": 2,
        " Gray": 2,
        " Tool": 2,
        " Silver": 2
      }
    },
    {
      "site": "L34:attn_out",
      "head": 4,
      "subunit_id": "L34:attn_out:H4",
      "source_group": "records_all",
      "combo_kind": "same_layer_late_candidate_pair",
      "combo_name": "L39:late_attn+mlp",
      "combo_sites": [
        "L39:attn_out",
        "L39:mlp_out"
      ],
      "route_group": "top_class:punctuation_or_stop",
      "n": 28,
      "domains": [
        "abstract",
        "animal",
        "fruit",
        "object",
        "plant",
        "tool"
      ],
      "relations": [
        "category",
        "color",
        "grows_on_tree",
        "shape",
        "taste"
      ],
      "target_success_rate": 0.0,
      "route_success_rate": 0.07142857142857142,
      "route_only_success_rate": 0.07142857142857142,
      "joint_success_rate": 0.0,
      "mean_erase_target_logit_drop": -0.029017857142857144,
      "mean_target_recovered": -0.16964285714285715,
      "mean_target_recovery_fraction": 0.20833333333333334,
      "mean_erase_route_release": 0.017857142857142856,
      "mean_restored_route_release": 0.004464285714285714,
      "mean_route_reduced": 0.013392857142857142,
      "mean_margin_drop_reduced": -0.15625,
      "role_guess": "weak_or_unclear",
      "erase_route_token_counts": {
        " [": 16,
        " #": 5,
        " \"": 4,
        " **": 3
      },
      "restored_route_token_counts": {
        " [": 16,
        " #": 5,
        " \"": 4,
        " **": 3
      }
    },
    {
      "site": "L34:attn_out",
      "head": 4,
      "subunit_id": "L34:attn_out:H4",
      "source_group": "records_all",
      "combo_kind": "single_primary_site",
      "combo_name": "L36:mlp_out",
      "combo_sites": [
        "L36:mlp_out"
      ],
      "route_group": "top_class:punctuation_or_stop",
      "n": 28,
      "domains": [
        "abstract",
        "animal",
        "fruit",
        "object",
        "plant",
        "tool"
      ],
      "relations": [
        "category",
        "color",
        "grows_on_tree",
        "shape",
        "taste"
      ],
      "target_success_rate": 0.0,
      "route_success_rate": 0.07142857142857142,
      "route_only_success_rate": 0.07142857142857142,
      "joint_success_rate": 0.0,
      "mean_erase_target_logit_drop": -0.029017857142857144,
      "mean_target_recovered": -0.026785714285714284,
      "mean_target_recovery_fraction": 0.041666666666666685,
      "mean_erase_route_release": 0.017857142857142856,
      "mean_restored_route_release": 0.004464285714285714,
      "mean_route_reduced": 0.013392857142857142,
      "mean_margin_drop_reduced": -0.013392857142857142,
      "role_guess": "weak_or_unclear",
      "erase_route_token_counts": {
        " [": 16,
        " #": 5,
        " \"": 4,
        " **": 3
      },
      "restored_route_token_counts": {
        " [": 16,
        " #": 5,
        " \"": 4,
        " **": 3
      }
    },
    {
      "site": "L34:attn_out",
      "head": 4,
      "subunit_id": "L34:attn_out:H4",
      "source_group": "records_all",
      "combo_kind": "same_layer_primary_pair",
      "combo_name": "L37:attn+mlp",
      "combo_sites": [
        "L37:attn_out",
        "L37:mlp_out"
      ],
      "route_group": "top_class:punctuation_or_stop",
      "n": 28,
      "domains": [
        "abstract",
        "animal",
        "fruit",
        "object",
        "plant",
        "tool"
      ],
      "relations": [
        "category",
        "color",
        "grows_on_tree",
        "shape",
        "taste"
      ],
      "target_success_rate": 0.0,
      "route_success_rate": 0.07142857142857142,
      "route_only_success_rate": 0.07142857142857142,
      "joint_success_rate": 0.0,
      "mean_erase_target_logit_drop": -0.029017857142857144,
      "mean_target_recovered": -0.004464285714285714,
      "mean_target_recovery_fraction": 0.5416666666666666,
      "mean_erase_route_release": 0.017857142857142856,
      "mean_restored_route_release": 0.006696428571428571,
      "mean_route_reduced": 0.011160714285714286,
      "mean_margin_drop_reduced": 0.006696428571428571,
      "role_guess": "weak_or_unclear",
      "erase_route_token_counts": {
        " [": 16,
        " #": 5,
        " \"": 4,
        " **": 3
      },
      "restored_route_token_counts": {
        " [": 16,
        " #": 5,
        " \"": 4,
        " **": 3
      }
    },
    {
      "site": "L34:attn_out",
      "head": 4,
      "subunit_id": "L34:attn_out:H4",
      "source_group": "records_all",
      "combo_kind": "same_layer_late_candidate_pair",
      "combo_name": "L38:late_attn+mlp",
      "combo_sites": [
        "L38:attn_out",
        "L38:mlp_out"
      ],
      "route_group": "top_class:punctuation_or_stop",
      "n": 28,
      "domains": [
        "abstract",
        "animal",
        "fruit",
        "object",
        "plant",
        "tool"
      ],
      "relations": [
        "category",
        "color",
        "grows_on_tree",
        "shape",
        "taste"
      ],
      "target_success_rate": 0.03571428571428571,
      "route_success_rate": 0.07142857142857142,
      "route_only_success_rate": 0.07142857142857142,
      "joint_success_rate": 0.0,
      "mean_erase_target_logit_drop": -0.029017857142857144,
      "mean_target_recovered": -0.013392857142857142,
      "mean_target_recovery_fraction": 0.5833333333333334,
      "mean_erase_route_release": 0.017857142857142856,
      "mean_restored_route_release": 0.013392857142857142,
      "mean_route_reduced": 0.004464285714285714,
      "mean_margin_drop_reduced": -0.008928571428571428,
      "role_guess": "weak_or_unclear",
      "erase_route_token_counts": {
        " [": 16,
        " #": 5,
        " \"": 4,
        " **": 3
      },
      "restored_route_token_counts": {
        " [": 16,
        " #": 5,
        " \"": 4,
        " **": 3
      }
    },
    {
      "site": "L34:attn_out",
      "head": 4,
      "subunit_id": "L34:attn_out:H4",
      "source_group": "records_all",
      "combo_kind": "same_layer_late_candidate_pair",
      "combo_name": "L39:late_attn+mlp",
      "combo_sites": [
        "L39:attn_out",
        "L39:mlp_out"
      ],
      "route_group": "top_non_target",
      "n": 48,
      "domains": [
        "abstract",
        "animal",
        "fruit",
        "object",
        "plant",
        "tool"
      ],
      "relations": [
        "category",
        "color",
        "edible",
        "grows_on_tree",
        "shape",
        "taste"
      ],
      "target_success_rate": 0.0,
      "route_success_rate": 0.0625,
      "route_only_success_rate": 0.0625,
      "joint_success_rate": 0.0,
      "mean_erase_target_logit_drop": -0.015625,
      "mean_target_recovered": -0.10286458333333333,
      "mean_target_recovery_fraction": 0.20476190476190476,
      "mean_erase_route_release": 0.015625,
      "mean_restored_route_release": -0.0859375,
      "mean_route_reduced": 0.1015625,
      "mean_margin_drop_reduced": -0.0013020833333333333,
      "role_guess": "weak_or_unclear",
      "erase_route_token_counts": {
        " None": 8,
        " No": 6,
        " Yes": 4,
        " yes": 4,
        " Fruit": 2,
        " Red": 2,
        " Sweet": 2,
        " Animal": 2
      },
      "restored_route_token_counts": {
        " None": 8,
        " No": 6,
        " Yes": 4,
        " yes": 4,
        " Fruit": 2,
        " Red": 2,
        " Sweet": 2,
        " Animal": 2
      }
    },
    {
      "site": "L34:attn_out",
      "head": 4,
      "subunit_id": "L34:attn_out:H4",
      "source_group": "records_all",
      "combo_kind": "primary_plus_late_all",
      "combo_name": "primary_plus_late_all",
      "combo_sites": [
        "L36:attn_out",
        "L36:mlp_out",
        "L37:attn_out",
        "L37:mlp_out",
        "L38:attn_out",
        "L38:mlp_out",
        "L39:attn_out",
        "L39:mlp_out"
      ],
      "route_group": "top_non_target",
      "n": 48,
      "domains": [
        "abstract",
        "animal",
        "fruit",
        "object",
        "plant",
        "tool"
      ],
      "relations": [
        "category",
        "color",
        "edible",
        "grows_on_tree",
        "shape",
        "taste"
      ],
      "target_success_rate": 0.0,
      "route_success_rate": 0.0625,
      "route_only_success_rate": 0.0625,
      "joint_success_rate": 0.0,
      "mean_erase_target_logit_drop": -0.015625,
      "mean_target_recovered": -0.09114583333333333,
      "mean_target_recovery_fraction": 0.4095238095238095,
      "mean_erase_route_release": 0.015625,
      "mean_restored_route_release": -0.07682291666666667,
      "mean_route_reduced": 0.09244791666666667,
      "mean_margin_drop_reduced": 0.0013020833333333333,
      "role_guess": "weak_or_unclear",
      "erase_route_token_counts": {
        " None": 8,
        " No": 6,
        " Yes": 4,
        " yes": 4,
        " Fruit": 2,
        " Red": 2,
        " Sweet": 2,
        " Animal": 2
      },
      "restored_route_token_counts": {
        " None": 8,
        " No": 6,
        " Yes": 4,
        " yes": 4,
        " Fruit": 2,
        " Red": 2,
        " Sweet": 2,
        " Animal": 2
      }
    }
  ]
}
