[20:34:33] [load] deepseek7b: bf16 device_map=auto attn=flash_attention_2 quantization=off
`torch_dtype` is deprecated! Use `dtype` instead!
[20:34:33] [load] deepseek7b: attn=flash_attention_2 failed: ImportError: FlashAttention2 has been toggled on, but it cannot be used due to the following error: the package for FlashAttention2 doesn't seem to be installed.
[20:34:33] [load] deepseek7b: bf16 device_map=auto attn=sdpa quantization=off
Loading weights:   0%|          | 0/339 [00:00<?, ?it/s]Loading weights:   1%|          | 2/339 [00:00<00:28, 11.98it/s]Loading weights:   8%|▊         | 28/339 [00:00<00:02, 116.44it/s]Loading weights:  19%|█▉        | 64/339 [00:00<00:01, 206.49it/s]Loading weights:  27%|██▋       | 90/339 [00:00<00:01, 220.37it/s]Loading weights:  36%|███▌      | 121/339 [00:00<00:00, 240.29it/s]Loading weights:  46%|████▋     | 157/339 [00:00<00:00, 250.34it/s]Loading weights:  57%|█████▋    | 192/339 [00:00<00:00, 275.42it/s]Loading weights:  65%|██████▌   | 221/339 [00:00<00:00, 271.23it/s]Loading weights:  75%|███████▍  | 253/339 [00:01<00:00, 285.02it/s]Loading weights:  83%|████████▎ | 282/339 [00:01<00:00, 260.74it/s]Loading weights:  93%|█████████▎| 316/339 [00:01<00:00, 276.12it/s]Loading weights: 100%|██████████| 339/339 [00:01<00:00, 246.69it/s]
[20:34:34] [load] deepseek7b: loaded attn=sdpa, device=cuda:0, gpu=15.23GB
[20:34:34] deepseek7b/confirm: scan_cases=66, pairs=18
[20:34:35] scan 6/66 cases; current_sites=112
[20:34:35] scan 12/66 cases; current_sites=112
[20:34:35] scan 18/66 cases; current_sites=112
[20:34:35] scan 24/66 cases; current_sites=112
[20:34:35] scan 30/66 cases; current_sites=112
[20:34:36] scan 36/66 cases; current_sites=112
[20:34:36] scan 42/66 cases; current_sites=112
[20:34:36] scan 48/66 cases; current_sites=112
[20:34:36] scan 54/66 cases; current_sites=112
[20:34:36] scan 60/66 cases; current_sites=112
[20:34:36] scan 66/66 cases; current_sites=112
[20:34:36] deepseek7b/confirm: candidate_sites=['L22_layer_input', 'L27_layer_input', 'L21_attn_out', 'L27_attn_out', 'L25_mlp_out', 'L27_mlp_out', 'hidden_24', 'hidden_28', 'hidden_27']
[20:35:01] transfer 6/18 pairs; rows=108
[20:35:25] transfer 12/18 pairs; rows=216
[20:35:50] transfer 18/18 pairs; rows=324
[model_utils] GPU memory released, allocated=15.24 GB
{
  "model": "deepseek7b",
  "round": "confirm",
  "attn": "sdpa",
  "formation": {
    "layer_input": {
      "max_site": "L27_layer_input",
      "max_layer": 27,
      "max_effect_norm": 527.1318969726562,
      "earliest_35pct_site": "L22_layer_input",
      "earliest_35pct_layer": 22,
      "earliest_35pct_effect_norm": 199.77320861816406
    },
    "attn_out": {
      "max_site": "L27_attn_out",
      "max_layer": 27,
      "max_effect_norm": 148.03697204589844,
      "earliest_35pct_site": "L21_attn_out",
      "earliest_35pct_layer": 21,
      "earliest_35pct_effect_norm": 52.259037017822266
    },
    "mlp_out": {
      "max_site": "L27_mlp_out",
      "max_layer": 27,
      "max_effect_norm": 474.7440185546875,
      "earliest_35pct_site": "L25_mlp_out",
      "earliest_35pct_layer": 25,
      "earliest_35pct_effect_norm": 175.8887176513672
    },
    "layer_out": {
      "max_site": "hidden_28",
      "max_layer": 27,
      "max_effect_norm": 765.95458984375,
      "earliest_35pct_site": "hidden_24",
      "earliest_35pct_layer": 23,
      "earliest_35pct_effect_norm": 295.297607421875
    }
  },
  "top_transfer": [
    [
      "commonsense<-explicit|L22_layer_input",
      {
        "site_kind": "layer_input",
        "layer": 22,
        "n": 18,
        "mean_patched_delta_vs_recipient": -1.1773967411783006,
        "changed_rate": 0.7222222222222222,
        "recipient_hit_rate": 0.2222222222222222,
        "patched_hit_rate": 0.1111111111111111,
        "hit_gain": 0.0,
        "hit_loss": 0.1111111111111111
      }
    ],
    [
      "explicit<-commonsense|L22_layer_input",
      {
        "site_kind": "layer_input",
        "layer": 22,
        "n": 18,
        "mean_patched_delta_vs_recipient": -4.456857471002473,
        "changed_rate": 0.9444444444444444,
        "recipient_hit_rate": 0.7222222222222222,
        "patched_hit_rate": 0.1111111111111111,
        "hit_gain": 0.0,
        "hit_loss": 0.6111111111111112
      }
    ],
    [
      "commonsense<-explicit|L27_layer_input",
      {
        "site_kind": "layer_input",
        "layer": 27,
        "n": 18,
        "mean_patched_delta_vs_recipient": 4.921156730916765,
        "changed_rate": 0.7777777777777778,
        "recipient_hit_rate": 0.2222222222222222,
        "patched_hit_rate": 0.4444444444444444,
        "hit_gain": 0.3888888888888889,
        "hit_loss": 0.16666666666666666
      }
    ],
    [
      "explicit<-commonsense|L27_layer_input",
      {
        "site_kind": "layer_input",
        "layer": 27,
        "n": 18,
        "mean_patched_delta_vs_recipient": -5.5637572093142404,
        "changed_rate": 0.8888888888888888,
        "recipient_hit_rate": 0.7222222222222222,
        "patched_hit_rate": 0.2222222222222222,
        "hit_gain": 0.1111111111111111,
        "hit_loss": 0.6111111111111112
      }
    ]
  ]
}
