May 30 17:38:11 rankrank-4090D kernel: sched: RT throttling activated
May 30 17:38:29 rankrank-4090D oray_rundaemon[6241]: chmod: cannot access '/dev/shm/unlogin_mouseevent': No such file or directory
May 30 17:38:29 rankrank-4090D oray_rundaemon[6243]: chmod: cannot access '/dev/shm/sem.unlogin_mouseevent_sem': No such file or directory
May 30 17:38:45 rankrank-4090D gnome-shell[2877]: Window manager warning: Overwriting existing binding of keysym 32 with keysym 32 (keycode b).
May 30 17:38:45 rankrank-4090D gnome-shell[2877]: Window manager warning: Overwriting existing binding of keysym 35 with keysym 35 (keycode e).
May 30 17:38:45 rankrank-4090D gnome-shell[2877]: Window manager warning: Overwriting existing binding of keysym 36 with keysym 36 (keycode f).
May 30 17:38:45 rankrank-4090D gnome-shell[2877]: Window manager warning: Overwriting existing binding of keysym 34 with keysym 34 (keycode d).
May 30 17:38:45 rankrank-4090D gnome-shell[2877]: Window manager warning: Overwriting existing binding of keysym 33 with keysym 33 (keycode c).
May 30 17:38:45 rankrank-4090D gnome-shell[2877]: Window manager warning: Overwriting existing binding of keysym 31 with keysym 31 (keycode a).
May 30 17:38:45 rankrank-4090D gnome-shell[2877]: Window manager warning: Overwriting existing binding of keysym 36 with keysym 36 (keycode f).
May 30 17:38:45 rankrank-4090D gnome-shell[2877]: Window manager warning: Overwriting existing binding of keysym 31 with keysym 31 (keycode a).
May 30 17:38:45 rankrank-4090D gnome-shell[2877]: Window manager warning: Overwriting existing binding of keysym 38 with keysym 38 (keycode 11).
May 30 17:38:45 rankrank-4090D gnome-shell[2877]: Window manager warning: Overwriting existing binding of keysym 39 with keysym 39 (keycode 12).
May 30 17:38:45 rankrank-4090D gnome-shell[2877]: Window manager warning: Overwriting existing binding of keysym 37 with keysym 37 (keycode 10).
May 30 17:38:45 rankrank-4090D gnome-shell[2877]: Window manager warning: Overwriting existing binding of keysym 34 with keysym 34 (keycode d).
May 30 17:38:45 rankrank-4090D gnome-shell[2877]: Window manager warning: Overwriting existing binding of keysym 39 with keysym 39 (keycode 12).
May 30 17:38:45 rankrank-4090D gnome-shell[2877]: Window manager warning: Overwriting existing binding of keysym 35 with keysym 35 (keycode e).
May 30 17:38:45 rankrank-4090D gnome-shell[2877]: Window manager warning: Overwriting existing binding of keysym 37 with keysym 37 (keycode 10).
May 30 17:38:45 rankrank-4090D gnome-shell[2877]: Window manager warning: Overwriting existing binding of keysym 32 with keysym 32 (keycode b).
May 30 17:38:45 rankrank-4090D gnome-shell[2877]: Window manager warning: Overwriting existing binding of keysym 38 with keysym 38 (keycode 11).
May 30 17:38:45 rankrank-4090D gnome-shell[2877]: Window manager warning: Overwriting existing binding of keysym 33 with keysym 33 (keycode c).
May 30 17:39:06 rankrank-4090D systemd-logind[1655]: Power key pressed short.
May 30 17:39:07 rankrank-4090D dbus-daemon[1632]: [system] Activating via systemd: service name='org.freedesktop.timedate1' unit='dbus-org.freedesktop.timedate1.service' requested by ':1.46' (uid=0 pid=1646 comm="/snap/snapd/current/usr/lib/snapd/snapd" label="unconfined")
