`torch_dtype` is deprecated! Use `dtype` instead!
Loading weights:   0%|          | 0/443 [00:00<?, ?it/s]Loading weights:   0%|          | 2/443 [00:00<00:25, 17.60it/s]Loading weights:   6%|▌         | 25/443 [00:00<00:03, 132.51it/s]Loading weights:  13%|█▎        | 59/443 [00:00<00:01, 213.55it/s]Loading weights:  20%|██        | 89/443 [00:00<00:01, 238.79it/s]Loading weights:  28%|██▊       | 124/443 [00:00<00:01, 271.75it/s]Loading weights:  36%|███▌      | 160/443 [00:00<00:00, 296.47it/s]Loading weights:  43%|████▎     | 192/443 [00:00<00:00, 298.52it/s]Loading weights:  50%|█████     | 222/443 [00:00<00:00, 291.63it/s]Loading weights:  58%|█████▊    | 258/443 [00:00<00:00, 309.88it/s]Loading weights:  65%|██████▌   | 290/443 [00:01<00:00, 307.83it/s]Loading weights:  72%|███████▏  | 321/443 [00:01<00:00, 304.42it/s]Loading weights:  81%|████████  | 357/443 [00:01<00:00, 314.98it/s]Loading weights:  88%|████████▊ | 389/443 [00:01<00:00, 311.64it/s]Loading weights:  95%|█████████▌| 423/443 [00:01<00:00, 310.41it/s]Loading weights: 100%|██████████| 443/443 [00:01<00:00, 289.79it/s]
[11:59:38] Loaded glm4: class=GlmForCausalLM, GPU=18.80GB, attn=eager
[11:59:40] glm4: 24/342 cases
[11:59:41] glm4: 48/342 cases
[11:59:43] glm4: 72/342 cases
[11:59:44] glm4: 96/342 cases
[11:59:46] glm4: 120/342 cases
[11:59:48] glm4: 144/342 cases
[11:59:49] glm4: 168/342 cases
[11:59:51] glm4: 192/342 cases
[11:59:52] glm4: 216/342 cases
[11:59:54] glm4: 240/342 cases
[11:59:55] glm4: 264/342 cases
[11:59:57] glm4: 288/342 cases
[11:59:58] glm4: 312/342 cases
[12:00:00] glm4: 336/342 cases
[12:00:00] glm4: 342/342 cases
[model_utils] GPU memory released, allocated=18.81 GB
{
  "family_limits": {
    "different_value_same_format": 48,
    "factor_isolation": 54,
    "same_format_random_value": 72,
    "same_prefix_different_continuation": 24,
    "same_value_different_format": 144
  },
  "model": "glm4",
  "n_cases": 342,
  "phase": 682,
  "summary": {
    "baseline": {
      "different_value_same_format": {
        "expected_top1_rate": 0.6666666666666666,
        "failure_best_other_route": {
          "continuation": 16
        },
        "failure_rate": 0.3333333333333333,
        "mean_expected_rank": 1.5208333333333333,
        "mean_final_route_margin": 0.7578125,
        "n": 48,
        "target_route": {
          "value": 48
        }
      },
      "factor_isolation": {
        "expected_top1_rate": 0.7962962962962963,
        "failure_best_other_route": {
          "continuation": 3,
          "prose": 8
        },
        "failure_rate": 0.2037037037037037,
        "mean_expected_rank": 1.2037037037037037,
        "mean_final_route_margin": 2.5231481481481484,
        "n": 54,
        "target_route": {
          "json": 18,
          "value": 18,
          "yesno": 18
        }
      },
      "overall": {
        "expected_top1_rate": 0.8918128654970761,
        "failure_best_other_route": {
          "continuation": 27,
          "prose": 8,
          "value": 2
        },
        "failure_rate": 0.10818713450292397,
        "mean_expected_rank": 1.1403508771929824,
        "mean_final_route_margin": 3.356907894736842,
        "n": 342,
        "target_route": {
          "json": 42,
          "label": 24,
          "list": 24,
          "prose": 48,
          "value": 186,
          "yesno": 18
        }
      },
      "same_format_random_value": {
        "expected_top1_rate": 1.0,
        "failure_best_other_route": {},
        "failure_rate": 0.0,
        "mean_expected_rank": 1.0,
        "mean_final_route_margin": 4.128472222222222,
        "n": 72,
        "target_route": {
          "value": 72
        }
      },
      "same_prefix_different_continuation": {
        "expected_top1_rate": 1.0,
        "failure_best_other_route": {},
        "failure_rate": 0.0,
        "mean_expected_rank": 1.0,
        "mean_final_route_margin": 5.5703125,
        "n": 24,
        "target_route": {
          "value": 24
        }
      },
      "same_value_different_format": {
        "expected_top1_rate": 0.9305555555555556,
        "failure_best_other_route": {
          "continuation": 8,
          "value": 2
        },
        "failure_rate": 0.06944444444444445,
        "mean_expected_rank": 1.0833333333333333,
        "mean_final_route_margin": 3.78125,
        "n": 144,
        "target_route": {
          "json": 24,
          "label": 24,
          "list": 24,
          "prose": 48,
          "value": 24
        }
      }
    },
    "by_family": {
      "different_value_same_format": {
        "near_readout_reference": [
          {
            "failure_capture_rate": 1.0,
            "failure_precision": 1.0,
            "failures": 16,
            "feature": "final_route_margin",
            "gate": "REF_final_route_margin_lt_0",
            "gate_score": 1.0,
            "kind": "near_readout_reference",
            "n": 48,
            "op": "<",
            "predicted_count": 16,
            "predicted_rate": 0.3333333333333333,
            "success_false_positive_rate": 0.0,
            "successes": 32,
            "threshold": 0.0
          },
          {
            "failure_capture_rate": 1.0,
            "failure_precision": 1.0,
            "failures": 16,
            "feature": "final_route_rank",
            "gate": "REF_final_route_rank_gt_1",
            "gate_score": 1.0,
            "kind": "near_readout_reference",
            "n": 48,
            "op": ">",
            "predicted_count": 16,
            "predicted_rate": 0.3333333333333333,
            "success_false_positive_rate": 0.0,
            "successes": 32,
            "threshold": 1
          },
          {
            "failure_capture_rate": 1.0,
            "failure_precision": 0.5714285714285714,
            "failures": 16,
            "feature": "final_route_margin",
            "gate": "REF_final_route_margin_lt_1.188",
            "gate_score": 0.625,
            "kind": "near_readout_reference",
            "n": 48,
            "op": "<",
            "predicted_count": 28,
            "predicted_rate": 0.5833333333333334,
            "success_false_positive_rate": 0.375,
            "successes": 32,
            "threshold": 1.1875
          },
          {
            "failure_capture_rate": 1.0,
            "failure_precision": 0.34782608695652173,
            "failures": 16,
            "feature": "final_route_margin",
            "gate": "REF_final_route_margin_lt_3.438",
            "gate_score": 0.0625,
            "kind": "near_readout_reference",
            "n": 48,
            "op": "<",
            "predicted_count": 46,
            "predicted_rate": 0.9583333333333334,
            "success_false_positive_rate": 0.9375,
            "successes": 32,
            "threshold": 3.4375
          },
          {
            "failure_capture_rate": 1.0,
            "failure_precision": 0.3333333333333333,
            "failures": 16,
            "feature": "final_route_margin",
            "gate": "REF_final_route_margin_lt_5.812",
            "gate_score": 0.0,
            "kind": "near_readout_reference",
            "n": 48,
            "op": "<",
            "predicted_count": 48,
            "predicted_rate": 1.0,
            "success_false_positive_rate": 1.0,
            "successes": 32,
            "threshold": 5.8125
          },
          {
            "failure_capture_rate": 1.0,
            "failure_precision": 0.3333333333333333,
            "failures": 16,
            "feature": "final_route_margin",
            "gate": "REF_final_route_margin_lt_8.688",
            "gate_score": 0.0,
            "kind": "near_readout_reference",
            "n": 48,
            "op": "<",
            "predicted_count": 48,
            "predicted_rate": 1.0,
            "success_false_positive_rate": 1.0,
            "successes": 32,
            "threshold": 8.6875
          }
        ],
        "protocol": [
          {
            "failure_capture_rate": 0.5625,
            "failure_precision": 0.47368421052631576,
            "failures": 16,
            "feature": "protocol_max_margin",
            "gate": "protocol_max_margin_lt_0",
            "gate_score": 0.25,
            "kind": "protocol_layers",
            "n": 48,
            "op": "<",
            "predicted_count": 19,
            "predicted_rate": 0.3958333333333333,
            "success_false_positive_rate": 0.3125,
            "successes": 32,
            "threshold": 0.0
          },
          {
            "failure_capture_rate": 0.8125,
            "failure_precision": 0.40625,
            "failures": 16,
            "feature": "protocol_last_margin",
            "gate": "protocol_last_margin_lt_0.1992",
            "gate_score": 0.21875,
            "kind": "protocol_layers",
            "n": 48,
            "op": "<",
            "predicted_count": 32,
            "predicted_rate": 0.6666666666666666,
            "success_false_positive_rate": 0.59375,
            "successes": 32,
            "threshold": 0.19921875
          },
          {
            "failure_capture_rate": 0.5625,
            "failure_precision": 0.45,
            "failures": 16,
            "feature": "protocol_max_margin",
            "gate": "protocol_max_margin_lt_0.02441",
            "gate_score": 0.21875,
            "kind": "protocol_layers",
            "n": 48,
            "op": "<",
            "predicted_count": 20,
            "predicted_rate": 0.4166666666666667,
            "success_false_positive_rate": 0.34375,
            "successes": 32,
            "threshold": 0.0244140625
          },
          {
            "failure_capture_rate": 0.5625,
            "failure_precision": 0.45,
            "failures": 16,
            "feature": "protocol_last_margin",
            "gate": "protocol_last_margin_lt_0",
            "gate_score": 0.21875,
            "kind": "protocol_layers",
            "n": 48,
            "op": "<",
            "predicted_count": 20,
            "predicted_rate": 0.4166666666666667,
            "success_false_positive_rate": 0.34375,
            "successes": 32,
            "threshold": 0.0
          },
          {
            "failure_capture_rate": 0.8125,
            "failure_precision": 0.3939393939393939,
            "failures": 16,
            "feature": "protocol_max_margin",
            "gate": "protocol_max_margin_lt_0.2188",
            "gate_score": 0.1875,
            "kind": "protocol_layers",
            "n": 48,
            "op": "<",
            "predicted_count": 33,
            "predicted_rate": 0.6875,
            "success_false_positive_rate": 0.625,
            "successes": 32,
            "threshold": 0.21875
          },
          {
            "failure_capture_rate": 1.0,
            "failure_precision": 0.37209302325581395,
            "failures": 16,
            "feature": "protocol_late_shift",
            "gate": "protocol_late_shift_lt_16.94",
            "gate_score": 0.15625,
            "kind": "protocol_to_final_norm",
            "n": 48,
            "op": "<",
            "predicted_count": 43,
            "predicted_rate": 0.8958333333333334,
            "success_false_positive_rate": 0.84375,
            "successes": 32,
            "threshold": 16.94140625
          },
          {
            "failure_capture_rate": 1.0,
            "failure_precision": 0.36363636363636365,
            "failures": 16,
            "feature": "protocol_final_norm_input_margin",
            "gate": "protocol_final_norm_input_margin_lt_17.38",
            "gate_score": 0.125,
            "kind": "pre_final_norm_route",
            "n": 48,
            "op": "<",
            "predicted_count": 44,
            "predicted_rate": 0.9166666666666666,
            "success_false_positive_rate": 0.875,
            "successes": 32,
            "threshold": 17.375
          },
          {
            "failure_capture_rate": 1.0,
            "failure_precision": 0.35555555555555557,
            "failures": 16,
            "feature": "protocol_min_margin",
            "gate": "protocol_min_margin_lt_-0.004883",
            "gate_score": 0.09375,
            "kind": "protocol_layers",
            "n": 48,
            "op": "<",
            "predicted_count": 45,
            "predicted_rate": 0.9375,
            "success_false_positive_rate": 0.90625,
            "successes": 32,
            "threshold": -0.0048828125
          },
          {
            "failure_capture_rate": 1.0,
            "failure_precision": 0.35555555555555557,
            "failures": 16,
            "feature": "protocol_min_margin",
            "gate": "protocol_min_margin_lt_0",
            "gate_score": 0.09375,
            "kind": "protocol_layers",
            "n": 48,
            "op": "<",
            "predicted_count": 45,
            "predicted_rate": 0.9375,
            "success_false_positive_rate": 0.90625,
            "successes": 32,
            "threshold": 0.0
          },
          {
            "failure_capture_rate": 1.0,
            "failure_precision": 0.35555555555555557,
            "failures": 16,
            "feature": "protocol_negative_count",
            "gate": "protocol_negative_count_gt_0",
            "gate_score": 0.09375,
            "kind": "protocol_layers",
            "n": 48,
            "op": ">",
            "predicted_count": 45,
            "predicted_rate": 0.9375,
            "success_false_positive_rate": 0.90625,
            "successes": 32,
            "threshold": 0.0
          }
        ]
      },
      "factor_isolation": {
        "near_readout_reference": [
          {
            "failure_capture_rate": 0.9090909090909091,
            "failure_precision": 0.2564102564102564,
            "failures": 11,
            "feature": "final_route_margin",
            "gate": "REF_final_route_margin_lt_3.438",
            "gate_score": 0.2346723044397463,
            "kind": "near_readout_reference",
            "n": 54,
            "op": "<",
            "predicted_count": 39,
            "predicted_rate": 0.7222222222222222,
            "success_false_positive_rate": 0.6744186046511628,
            "successes": 43,
            "threshold": 3.4375
          },
          {
            "failure_capture_rate": 0.18181818181818182,
            "failure_precision": 1.0,
            "failures": 11,
            "feature": "final_route_margin",
            "gate": "REF_final_route_margin_lt_0",
            "gate_score": 0.18181818181818182,
            "kind": "near_readout_reference",
            "n": 54,
            "op": "<",
            "predicted_count": 2,
            "predicted_rate": 0.037037037037037035,
            "success_false_positive_rate": 0.0,
            "successes": 43,
            "threshold": 0.0
          },
          {
            "failure_capture_rate": 0.18181818181818182,
            "failure_precision": 1.0,
            "failures": 11,
            "feature": "final_route_rank",
            "gate": "REF_final_route_rank_gt_1",
            "gate_score": 0.18181818181818182,
            "kind": "near_readout_reference",
            "n": 54,
            "op": ">",
            "predicted_count": 2,
            "predicted_rate": 0.037037037037037035,
            "success_false_positive_rate": 0.0,
            "successes": 43,
            "threshold": 1
          },
          {
            "failure_capture_rate": 0.2727272727272727,
            "failure_precision": 0.3,
            "failures": 11,
            "feature": "final_route_margin",
            "gate": "REF_final_route_margin_lt_1.188",
            "gate_score": 0.10993657505285409,
            "kind": "near_readout_reference",
            "n": 54,
            "op": "<",
            "predicted_count": 10,
            "predicted_rate": 0.18518518518518517,
            "success_false_positive_rate": 0.16279069767441862,
            "successes": 43,
            "threshold": 1.1875
          },
          {
            "failure_capture_rate": 1.0,
            "failure_precision": 0.2037037037037037,
            "failures": 11,
            "feature": "final_route_margin",
            "gate": "REF_final_route_margin_lt_5.812",
            "gate_score": 0.0,
            "kind": "near_readout_reference",
            "n": 54,
            "op": "<",
            "predicted_count": 54,
            "predicted_rate": 1.0,
            "success_false_positive_rate": 1.0,
            "successes": 43,
            "threshold": 5.8125
          },
          {
            "failure_capture_rate": 1.0,
            "failure_precision": 0.2037037037037037,
            "failures": 11,
            "feature": "final_route_margin",
            "gate": "REF_final_route_margin_lt_8.688",
            "gate_score": 0.0,
            "kind": "near_readout_reference",
            "n": 54,
            "op": "<",
            "predicted_count": 54,
            "predicted_rate": 1.0,
            "success_false_positive_rate": 1.0,
            "successes": 43,
            "threshold": 8.6875
          }
        ],
        "protocol": [
          {
            "failure_capture_rate": 0.9090909090909091,
            "failure_precision": 0.38461538461538464,
            "failures": 11,
            "feature": "protocol_max_margin",
            "gate": "protocol_max_margin_gt_0.02441",
            "gate_score": 0.5369978858350951,
            "kind": "protocol_layers",
            "n": 54,
            "op": ">",
            "predicted_count": 26,
            "predicted_rate": 0.48148148148148145,
            "success_false_positive_rate": 0.37209302325581395,
            "successes": 43,
            "threshold": 0.0244140625
          },
          {
            "failure_capture_rate": 0.7272727272727273,
            "failure_precision": 0.4444444444444444,
            "failures": 11,
            "feature": "protocol_negative_count",
            "gate": "protocol_negative_count_lt_4",
            "gate_score": 0.4947145877378436,
            "kind": "protocol_layers",
            "n": 54,
            "op": "<",
            "predicted_count": 18,
            "predicted_rate": 0.3333333333333333,
            "success_false_positive_rate": 0.23255813953488372,
            "successes": 43,
            "threshold": 4.0
          },
          {
            "failure_capture_rate": 0.7272727272727273,
            "failure_precision": 0.4444444444444444,
            "failures": 11,
            "feature": "protocol_negative_count",
            "gate": "protocol_negative_count_lt_6",
            "gate_score": 0.4947145877378436,
            "kind": "protocol_layers",
            "n": 54,
            "op": "<",
            "predicted_count": 18,
            "predicted_rate": 0.3333333333333333,
            "success_false_positive_rate": 0.23255813953488372,
            "successes": 43,
            "threshold": 6.0
          },
          {
            "failure_capture_rate": 0.8181818181818182,
            "failure_precision": 0.391304347826087,
            "failures": 11,
            "feature": "protocol_max_margin",
            "gate": "protocol_max_margin_gt_0.2188",
            "gate_score": 0.492600422832981,
            "kind": "protocol_layers",
            "n": 54,
            "op": ">",
            "predicted_count": 23,
            "predicted_rate": 0.42592592592592593,
            "success_false_positive_rate": 0.32558139534883723,
            "successes": 43,
            "threshold": 0.21875
          },
          {
            "failure_capture_rate": 0.8181818181818182,
            "failure_precision": 0.391304347826087,
            "failures": 11,
            "feature": "protocol_last_margin",
            "gate": "protocol_last_margin_gt_0.1992",
            "gate_score": 0.492600422832981,
            "kind": "protocol_layers",
            "n": 54,
            "op": ">",
            "predicted_count": 23,
            "predicted_rate": 0.42592592592592593,
            "success_false_positive_rate": 0.32558139534883723,
            "successes": 43,
            "threshold": 0.19921875
          },
          {
            "failure_capture_rate": 0.9090909090909091,
            "failure_precision": 0.35714285714285715,
            "failures": 11,
            "feature": "protocol_max_margin",
            "gate": "protocol_max_margin_gt_0",
            "gate_score": 0.49048625792811834,
            "kind": "protocol_layers",
            "n": 54,
            "op": ">",
            "predicted_count": 28,
            "predicted_rate": 0.5185185185185185,
            "success_false_positive_rate": 0.4186046511627907,
            "successes": 43,
            "threshold": 0.0
          },
          {
            "failure_capture_rate": 0.9090909090909091,
            "failure_precision": 0.35714285714285715,
            "failures": 11,
            "feature": "protocol_last_margin",
            "gate": "protocol_last_margin_gt_0",
            "gate_score": 0.49048625792811834,
            "kind": "protocol_layers",
            "n": 54,
            "op": ">",
            "predicted_count": 28,
            "predicted_rate": 0.5185185185185185,
            "success_false_positive_rate": 0.4186046511627907,
            "successes": 43,
            "threshold": 0.0
          },
          {
            "failure_capture_rate": 0.9090909090909091,
            "failure_precision": 0.35714285714285715,
            "failures": 11,
            "feature": "protocol_negative_count",
            "gate": "protocol_negative_count_lt_8",
            "gate_score": 0.49048625792811834,
            "kind": "protocol_layers",
            "n": 54,
            "op": "<",
            "predicted_count": 28,
            "predicted_rate": 0.5185185185185185,
            "success_false_positive_rate": 0.4186046511627907,
            "successes": 43,
            "threshold": 8.0
          },
          {
            "failure_capture_rate": 0.7272727272727273,
            "failure_precision": 0.42105263157894735,
            "failures": 11,
            "feature": "protocol_min_margin",
            "gate": "protocol_min_margin_gt_-0.1768",
            "gate_score": 0.4714587737843552,
            "kind": "protocol_layers",
            "n": 54,
            "op": ">",
            "predicted_count": 19,
            "predicted_rate": 0.35185185185185186,
            "success_false_positive_rate": 0.2558139534883721,
            "successes": 43,
            "threshold": -0.1767578125
          },
          {
            "failure_capture_rate": 1.0,
            "failure_precision": 0.3235294117647059,
            "failures": 11,
            "feature": "protocol_max_margin",
            "gate": "protocol_max_margin_gt_-0.135",
            "gate_score": 0.4651162790697675,
            "kind": "protocol_layers",
            "n": 54,
            "op": ">",
            "predicted_count": 34,
            "predicted_rate": 0.6296296296296297,
            "success_false_positive_rate": 0.5348837209302325,
            "successes": 43,
            "threshold": -0.135009765625
          }
        ]
      },
      "same_format_random_value": {
        "near_readout_reference": [
          {
            "failure_capture_rate": 0.0,
            "failure_precision": 0.0,
            "failures": 0,
            "feature": "final_route_margin",
            "gate": "REF_final_route_margin_lt_-2.5",
            "gate_score": 0.0,
            "kind": "near_readout_reference",
            "n": 72,
            "op": "<",
            "predicted_count": 0,
            "predicted_rate": 0.0,
            "success_false_positive_rate": 0.0,
            "successes": 72,
            "threshold": -2.5
          },
          {
            "failure_capture_rate": 0.0,
            "failure_precision": 0.0,
            "failures": 0,
            "feature": "final_route_margin",
            "gate": "REF_final_route_margin_lt_0",
            "gate_score": 0.0,
            "kind": "near_readout_reference",
            "n": 72,
            "op": "<",
            "predicted_count": 0,
            "predicted_rate": 0.0,
            "success_false_positive_rate": 0.0,
            "successes": 72,
            "threshold": 0.0
          },
          {
            "failure_capture_rate": 0.0,
            "failure_precision": 0.0,
            "failures": 0,
            "feature": "final_route_rank",
            "gate": "REF_final_route_rank_gt_1",
            "gate_score": 0.0,
            "kind": "near_readout_reference",
            "n": 72,
            "op": ">",
            "predicted_count": 0,
            "predicted_rate": 0.0,
            "success_false_positive_rate": 0.0,
            "successes": 72,
            "threshold": 1
          },
          {
            "failure_capture_rate": 0.0,
            "failure_precision": 0.0,
            "failures": 0,
            "feature": "final_route_margin",
            "gate": "REF_final_route_margin_lt_1.188",
            "gate_score": -0.027777777777777776,
            "kind": "near_readout_reference",
            "n": 72,
            "op": "<",
            "predicted_count": 2,
            "predicted_rate": 0.027777777777777776,
            "success_false_positive_rate": 0.027777777777777776,
            "successes": 72,
            "threshold": 1.1875
          },
          {
            "failure_capture_rate": 0.0,
            "failure_precision": 0.0,
            "failures": 0,
            "feature": "final_route_margin",
            "gate": "REF_final_route_margin_lt_3.438",
            "gate_score": -0.3472222222222222,
            "kind": "near_readout_reference",
            "n": 72,
            "op": "<",
            "predicted_count": 25,
            "predicted_rate": 0.3472222222222222,
            "success_false_positive_rate": 0.3472222222222222,
            "successes": 72,
            "threshold": 3.4375
          },
          {
            "failure_capture_rate": 0.0,
            "failure_precision": 0.0,
            "failures": 0,
            "feature": "final_route_margin",
            "gate": "REF_final_route_margin_lt_5.812",
            "gate_score": -0.8194444444444444,
            "kind": "near_readout_reference",
            "n": 72,
            "op": "<",
            "predicted_count": 59,
            "predicted_rate": 0.8194444444444444,
            "success_false_positive_rate": 0.8194444444444444,
            "successes": 72,
            "threshold": 5.8125
          }
        ],
        "protocol": [
          {
            "failure_capture_rate": 0.0,
            "failure_precision": 0.0,
            "failures": 0,
            "feature": "protocol_min_margin",
            "gate": "protocol_min_margin_lt_-3.555",
            "gate_score": 0.0,
            "kind": "protocol_layers",
            "n": 72,
            "op": "<",
            "predicted_count": 0,
            "predicted_rate": 0.0,
            "success_false_positive_rate": 0.0,
            "successes": 72,
            "threshold": -3.5546875
          },
          {
            "failure_capture_rate": 0.0,
            "failure_precision": 0.0,
            "failures": 0,
            "feature": "protocol_min_margin",
            "gate": "protocol_min_margin_lt_-0.6282",
            "gate_score": 0.0,
            "kind": "protocol_layers",
            "n": 72,
            "op": "<",
            "predicted_count": 0,
            "predicted_rate": 0.0,
            "success_false_positive_rate": 0.0,
            "successes": 72,
            "threshold": -0.628173828125
          },
          {
            "failure_capture_rate": 0.0,
            "failure_precision": 0.0,
            "failures": 0,
            "feature": "protocol_min_margin",
            "gate": "protocol_min_margin_gt_-0.004883",
            "gate_score": 0.0,
            "kind": "protocol_layers",
            "n": 72,
            "op": ">",
            "predicted_count": 0,
            "predicted_rate": 0.0,
            "success_false_positive_rate": 0.0,
            "successes": 72,
            "threshold": -0.0048828125
          },
          {
            "failure_capture_rate": 0.0,
            "failure_precision": 0.0,
            "failures": 0,
            "feature": "protocol_min_margin",
            "gate": "protocol_min_margin_gt_0",
            "gate_score": 0.0,
            "kind": "protocol_layers",
            "n": 72,
            "op": ">",
            "predicted_count": 0,
            "predicted_rate": 0.0,
            "success_false_positive_rate": 0.0,
            "successes": 72,
            "threshold": 0.0
          },
          {
            "failure_capture_rate": 0.0,
            "failure_precision": 0.0,
            "failures": 0,
            "feature": "protocol_min_margin",
            "gate": "protocol_min_margin_gt_0.03906",
            "gate_score": 0.0,
            "kind": "protocol_layers",
            "n": 72,
            "op": ">",
            "predicted_count": 0,
            "predicted_rate": 0.0,
            "success_false_positive_rate": 0.0,
            "successes": 72,
            "threshold": 0.0390625
          },
          {
            "failure_capture_rate": 0.0,
            "failure_precision": 0.0,
            "failures": 0,
            "feature": "protocol_max_margin",
            "gate": "protocol_max_margin_lt_-0.7129",
            "gate_score": 0.0,
            "kind": "protocol_layers",
            "n": 72,
            "op": "<",
            "predicted_count": 0,
            "predicted_rate": 0.0,
            "success_false_positive_rate": 0.0,
            "successes": 72,
            "threshold": -0.712890625
          },
          {
            "failure_capture_rate": 0.0,
            "failure_precision": 0.0,
            "failures": 0,
            "feature": "protocol_max_margin",
            "gate": "protocol_max_margin_lt_-0.135",
            "gate_score": 0.0,
            "kind": "protocol_layers",
            "n": 72,
            "op": "<",
            "predicted_count": 0,
            "predicted_rate": 0.0,
            "success_false_positive_rate": 0.0,
            "successes": 72,
            "threshold": -0.135009765625
          },
          {
            "failure_capture_rate": 0.0,
            "failure_precision": 0.0,
            "failures": 0,
            "feature": "protocol_max_margin",
            "gate": "protocol_max_margin_gt_1.625",
            "gate_score": 0.0,
            "kind": "protocol_layers",
            "n": 72,
            "op": ">",
            "predicted_count": 0,
            "predicted_rate": 0.0,
            "success_false_positive_rate": 0.0,
            "successes": 72,
            "threshold": 1.625
          },
          {
            "failure_capture_rate": 0.0,
            "failure_precision": 0.0,
            "failures": 0,
            "feature": "protocol_last_margin",
            "gate": "protocol_last_margin_lt_-3.555",
            "gate_score": 0.0,
            "kind": "protocol_layers",
            "n": 72,
            "op": "<",
            "predicted_count": 0,
            "predicted_rate": 0.0,
            "success_false_positive_rate": 0.0,
            "successes": 72,
            "threshold": -3.5546875
          },
          {
            "failure_capture_rate": 0.0,
            "failure_precision": 0.0,
            "failures": 0,
            "feature": "protocol_last_margin",
            "gate": "protocol_last_margin_lt_-0.6777",
            "gate_score": 0.0,
            "kind": "protocol_layers",
            "n": 72,
            "op": "<",
            "predicted_count": 0,
            "predicted_rate": 0.0,
            "success_false_positive_rate": 0.0,
            "successes": 72,
            "threshold": -0.677734375
          }
        ]
      },
      "same_prefix_different_continuation": {
        "near_readout_reference": [
          {
            "failure_capture_rate": 0.0,
            "failure_precision": 0.0,
            "failures": 0,
            "feature": "final_route_margin",
            "gate": "REF_final_route_margin_lt_-2.5",
            "gate_score": 0.0,
            "kind": "near_readout_reference",
            "n": 24,
            "op": "<",
            "predicted_count": 0,
            "predicted_rate": 0.0,
            "success_false_positive_rate": 0.0,
            "successes": 24,
            "threshold": -2.5
          },
          {
            "failure_capture_rate": 0.0,
            "failure_precision": 0.0,
            "failures": 0,
            "feature": "final_route_margin",
            "gate": "REF_final_route_margin_lt_0",
            "gate_score": 0.0,
            "kind": "near_readout_reference",
            "n": 24,
            "op": "<",
            "predicted_count": 0,
            "predicted_rate": 0.0,
            "success_false_positive_rate": 0.0,
            "successes": 24,
            "threshold": 0.0
          },
          {
            "failure_capture_rate": 0.0,
            "failure_precision": 0.0,
            "failures": 0,
            "feature": "final_route_margin",
            "gate": "REF_final_route_margin_lt_1.188",
            "gate_score": 0.0,
            "kind": "near_readout_reference",
            "n": 24,
            "op": "<",
            "predicted_count": 0,
            "predicted_rate": 0.0,
            "success_false_positive_rate": 0.0,
            "successes": 24,
            "threshold": 1.1875
          },
          {
            "failure_capture_rate": 0.0,
            "failure_precision": 0.0,
            "failures": 0,
            "feature": "final_route_margin",
            "gate": "REF_final_route_margin_lt_3.438",
            "gate_score": 0.0,
            "kind": "near_readout_reference",
            "n": 24,
            "op": "<",
            "predicted_count": 0,
            "predicted_rate": 0.0,
            "success_false_positive_rate": 0.0,
            "successes": 24,
            "threshold": 3.4375
          },
          {
            "failure_capture_rate": 0.0,
            "failure_precision": 0.0,
            "failures": 0,
            "feature": "final_route_rank",
            "gate": "REF_final_route_rank_gt_1",
            "gate_score": 0.0,
            "kind": "near_readout_reference",
            "n": 24,
            "op": ">",
            "predicted_count": 0,
            "predicted_rate": 0.0,
            "success_false_positive_rate": 0.0,
            "successes": 24,
            "threshold": 1
          },
          {
            "failure_capture_rate": 0.0,
            "failure_precision": 0.0,
            "failures": 0,
            "feature": "final_route_margin",
            "gate": "REF_final_route_margin_lt_5.812",
            "gate_score": -0.625,
            "kind": "near_readout_reference",
            "n": 24,
            "op": "<",
            "predicted_count": 15,
            "predicted_rate": 0.625,
            "success_false_positive_rate": 0.625,
            "successes": 24,
            "threshold": 5.8125
          }
        ],
        "protocol": [
          {
            "failure_capture_rate": 0.0,
            "failure_precision": 0.0,
            "failures": 0,
            "feature": "protocol_min_margin",
            "gate": "protocol_min_margin_lt_-3.555",
            "gate_score": 0.0,
            "kind": "protocol_layers",
            "n": 24,
            "op": "<",
            "predicted_count": 0,
            "predicted_rate": 0.0,
            "success_false_positive_rate": 0.0,
            "successes": 24,
            "threshold": -3.5546875
          },
          {
            "failure_capture_rate": 0.0,
            "failure_precision": 0.0,
            "failures": 0,
            "feature": "protocol_min_margin",
            "gate": "protocol_min_margin_gt_-0.004883",
            "gate_score": 0.0,
            "kind": "protocol_layers",
            "n": 24,
            "op": ">",
            "predicted_count": 0,
            "predicted_rate": 0.0,
            "success_false_positive_rate": 0.0,
            "successes": 24,
            "threshold": -0.0048828125
          },
          {
            "failure_capture_rate": 0.0,
            "failure_precision": 0.0,
            "failures": 0,
            "feature": "protocol_min_margin",
            "gate": "protocol_min_margin_gt_0",
            "gate_score": 0.0,
            "kind": "protocol_layers",
            "n": 24,
            "op": ">",
            "predicted_count": 0,
            "predicted_rate": 0.0,
            "success_false_positive_rate": 0.0,
            "successes": 24,
            "threshold": 0.0
          },
          {
            "failure_capture_rate": 0.0,
            "failure_precision": 0.0,
            "failures": 0,
            "feature": "protocol_min_margin",
            "gate": "protocol_min_margin_gt_0.03906",
            "gate_score": 0.0,
            "kind": "protocol_layers",
            "n": 24,
            "op": ">",
            "predicted_count": 0,
            "predicted_rate": 0.0,
            "success_false_positive_rate": 0.0,
            "successes": 24,
            "threshold": 0.0390625
          },
          {
            "failure_capture_rate": 0.0,
            "failure_precision": 0.0,
            "failures": 0,
            "feature": "protocol_max_margin",
            "gate": "protocol_max_margin_lt_-0.7129",
            "gate_score": 0.0,
            "kind": "protocol_layers",
            "n": 24,
            "op": "<",
            "predicted_count": 0,
            "predicted_rate": 0.0,
            "success_false_positive_rate": 0.0,
            "successes": 24,
            "threshold": -0.712890625
          },
          {
            "failure_capture_rate": 0.0,
            "failure_precision": 0.0,
            "failures": 0,
            "feature": "protocol_max_margin",
            "gate": "protocol_max_margin_gt_1.625",
            "gate_score": 0.0,
            "kind": "protocol_layers",
            "n": 24,
            "op": ">",
            "predicted_count": 0,
            "predicted_rate": 0.0,
            "success_false_positive_rate": 0.0,
            "successes": 24,
            "threshold": 1.625
          },
          {
            "failure_capture_rate": 0.0,
            "failure_precision": 0.0,
            "failures": 0,
            "feature": "protocol_last_margin",
            "gate": "protocol_last_margin_lt_-3.555",
            "gate_score": 0.0,
            "kind": "protocol_layers",
            "n": 24,
            "op": "<",
            "predicted_count": 0,
            "predicted_rate": 0.0,
            "success_false_positive_rate": 0.0,
            "successes": 24,
            "threshold": -3.5546875
          },
          {
            "failure_capture_rate": 0.0,
            "failure_precision": 0.0,
            "failures": 0,
            "feature": "protocol_last_margin",
            "gate": "protocol_last_margin_gt_1.625",
            "gate_score": 0.0,
            "kind": "protocol_layers",
            "n": 24,
            "op": ">",
            "predicted_count": 0,
            "predicted_rate": 0.0,
            "success_false_positive_rate": 0.0,
            "successes": 24,
            "threshold": 1.625
          },
          {
            "failure_capture_rate": 0.0,
            "failure_precision": 0.0,
            "failures": 0,
            "feature": "protocol_negative_count",
            "gate": "protocol_negative_count_lt_0",
            "gate_score": 0.0,
            "kind": "protocol_layers",
            "n": 24,
            "op": "<",
            "predicted_count": 0,
            "predicted_rate": 0.0,
            "success_false_positive_rate": 0.0,
            "successes": 24,
            "threshold": 0.0
          },
          {
            "failure_capture_rate": 0.0,
            "failure_precision": 0.0,
            "failures": 0,
            "feature": "protocol_negative_count",
            "gate": "protocol_negative_count_lt_0.5",
            "gate_score": 0.0,
            "kind": "protocol_layers",
            "n": 24,
            "op": "<",
            "predicted_count": 0,
            "predicted_rate": 0.0,
            "success_false_positive_rate": 0.0,
            "successes": 24,
            "threshold": 0.5
          }
        ]
      },
      "same_value_different_format": {
        "near_readout_reference": [
          {
            "failure_capture_rate": 1.0,
            "failure_precision": 1.0,
            "failures": 10,
            "feature": "final_route_margin",
            "gate": "REF_final_route_margin_lt_0",
            "gate_score": 1.0,
            "kind": "near_readout_reference",
            "n": 144,
            "op": "<",
            "predicted_count": 10,
            "predicted_rate": 0.06944444444444445,
            "success_false_positive_rate": 0.0,
            "successes": 134,
            "threshold": 0.0
          },
          {
            "failure_capture_rate": 1.0,
            "failure_precision": 1.0,
            "failures": 10,
            "feature": "final_route_rank",
            "gate": "REF_final_route_rank_gt_1",
            "gate_score": 1.0,
            "kind": "near_readout_reference",
            "n": 144,
            "op": ">",
            "predicted_count": 10,
            "predicted_rate": 0.06944444444444445,
            "success_false_positive_rate": 0.0,
            "successes": 134,
            "threshold": 1
          },
          {
            "failure_capture_rate": 1.0,
            "failure_precision": 0.4166666666666667,
            "failures": 10,
            "feature": "final_route_margin",
            "gate": "REF_final_route_margin_lt_1.188",
            "gate_score": 0.8955223880597015,
            "kind": "near_readout_reference",
            "n": 144,
            "op": "<",
            "predicted_count": 24,
            "predicted_rate": 0.16666666666666666,
            "success_false_positive_rate": 0.1044776119402985,
            "successes": 134,
            "threshold": 1.1875
          },
          {
            "failure_capture_rate": 1.0,
            "failure_precision": 0.14084507042253522,
            "failures": 10,
            "feature": "final_route_margin",
            "gate": "REF_final_route_margin_lt_3.438",
            "gate_score": 0.5447761194029851,
            "kind": "near_readout_reference",
            "n": 144,
            "op": "<",
            "predicted_count": 71,
            "predicted_rate": 0.4930555555555556,
            "success_false_positive_rate": 0.4552238805970149,
            "successes": 134,
            "threshold": 3.4375
          },
          {
            "failure_capture_rate": 1.0,
            "failure_precision": 0.09259259259259259,
            "failures": 10,
            "feature": "final_route_margin",
            "gate": "REF_final_route_margin_lt_5.812",
            "gate_score": 0.26865671641791045,
            "kind": "near_readout_reference",
            "n": 144,
            "op": "<",
            "predicted_count": 108,
            "predicted_rate": 0.75,
            "success_false_positive_rate": 0.7313432835820896,
            "successes": 134,
            "threshold": 5.8125
          },
          {
            "failure_capture_rate": 1.0,
            "failure_precision": 0.06993006993006994,
            "failures": 10,
            "feature": "final_route_margin",
            "gate": "REF_final_route_margin_lt_8.688",
            "gate_score": 0.007462686567164201,
            "kind": "near_readout_reference",
            "n": 144,
            "op": "<",
            "predicted_count": 143,
            "predicted_rate": 0.9930555555555556,
            "success_false_positive_rate": 0.9925373134328358,
            "successes": 134,
            "threshold": 8.6875
          }
        ],
        "protocol": [
          {
            "failure_capture_rate": 0.8,
            "failure_precision": 0.16,
            "failures": 10,
            "feature": "protocol_final_norm_input_margin",
            "gate": "protocol_final_norm_input_margin_gt_-0.0625",
            "gate_score": 0.4865671641791045,
            "kind": "pre_final_norm_route",
            "n": 144,
            "op": ">",
            "predicted_count": 50,
            "predicted_rate": 0.3472222222222222,
            "success_false_positive_rate": 0.31343283582089554,
            "successes": 134,
            "threshold": -0.0625
          },
          {
            "failure_capture_rate": 0.8,
            "failure_precision": 0.16,
            "failures": 10,
            "feature": "protocol_final_norm_input_margin",
            "gate": "protocol_final_norm_input_margin_gt_0",
            "gate_score": 0.4865671641791045,
            "kind": "pre_final_norm_route",
            "n": 144,
            "op": ">",
            "predicted_count": 50,
            "predicted_rate": 0.3472222222222222,
            "success_false_positive_rate": 0.31343283582089554,
            "successes": 134,
            "threshold": 0.0
          },
          {
            "failure_capture_rate": 0.8,
            "failure_precision": 0.16,
            "failures": 10,
            "feature": "protocol_final_norm_input_rank",
            "gate": "protocol_final_norm_input_rank_lt_2",
            "gate_score": 0.4865671641791045,
            "kind": "pre_final_norm_route",
            "n": 144,
            "op": "<",
            "predicted_count": 50,
            "predicted_rate": 0.3472222222222222,
            "success_false_positive_rate": 0.31343283582089554,
            "successes": 134,
            "threshold": 2.0
          },
          {
            "failure_capture_rate": 0.8,
            "failure_precision": 0.15384615384615385,
            "failures": 10,
            "feature": "protocol_late_shift",
            "gate": "protocol_late_shift_gt_-0.07227",
            "gate_score": 0.47164179104477616,
            "kind": "protocol_to_final_norm",
            "n": 144,
            "op": ">",
            "predicted_count": 52,
            "predicted_rate": 0.3611111111111111,
            "success_false_positive_rate": 0.3283582089552239,
            "successes": 134,
            "threshold": -0.072265625
          },
          {
            "failure_capture_rate": 0.8,
            "failure_precision": 0.15384615384615385,
            "failures": 10,
            "feature": "protocol_late_shift",
            "gate": "protocol_late_shift_gt_0",
            "gate_score": 0.47164179104477616,
            "kind": "protocol_to_final_norm",
            "n": 144,
            "op": ">",
            "predicted_count": 52,
            "predicted_rate": 0.3611111111111111,
            "success_false_positive_rate": 0.3283582089552239,
            "successes": 134,
            "threshold": 0.0
          },
          {
            "failure_capture_rate": 0.7,
            "failure_precision": 0.175,
            "failures": 10,
            "feature": "protocol_min_margin",
            "gate": "protocol_min_margin_gt_-0.3383",
            "gate_score": 0.45373134328358206,
            "kind": "protocol_layers",
            "n": 144,
            "op": ">",
            "predicted_count": 40,
            "predicted_rate": 0.2777777777777778,
            "success_false_positive_rate": 0.2462686567164179,
            "successes": 134,
            "threshold": -0.3382568359375
          },
          {
            "failure_capture_rate": 0.7,
            "failure_precision": 0.15555555555555556,
            "failures": 10,
            "feature": "protocol_last_margin",
            "gate": "protocol_last_margin_gt_-0.1836",
            "gate_score": 0.41641791044776116,
            "kind": "protocol_layers",
            "n": 144,
            "op": ">",
            "predicted_count": 45,
            "predicted_rate": 0.3125,
            "success_false_positive_rate": 0.2835820895522388,
            "successes": 134,
            "threshold": -0.18359375
          },
          {
            "failure_capture_rate": 0.5,
            "failure_precision": 0.23809523809523808,
            "failures": 10,
            "feature": "protocol_min_margin",
            "gate": "protocol_min_margin_gt_-0.1768",
            "gate_score": 0.3805970149253731,
            "kind": "protocol_layers",
            "n": 144,
            "op": ">",
            "predicted_count": 21,
            "predicted_rate": 0.14583333333333334,
            "success_false_positive_rate": 0.11940298507462686,
            "successes": 134,
            "threshold": -0.1767578125
          },
          {
            "failure_capture_rate": 0.5,
            "failure_precision": 0.20833333333333334,
            "failures": 10,
            "feature": "protocol_last_margin",
            "gate": "protocol_last_margin_gt_0",
            "gate_score": 0.35820895522388063,
            "kind": "protocol_layers",
            "n": 144,
            "op": ">",
            "predicted_count": 24,
            "predicted_rate": 0.16666666666666666,
            "success_false_positive_rate": 0.1417910447761194,
            "successes": 134,
            "threshold": 0.0
          },
          {
            "failure_capture_rate": 0.8,
            "failure_precision": 0.11267605633802817,
            "failures": 10,
            "feature": "protocol_late_shift",
            "gate": "protocol_late_shift_gt_-5.176",
            "gate_score": 0.32985074626865674,
            "kind": "protocol_to_final_norm",
            "n": 144,
            "op": ">",
            "predicted_count": 71,
            "predicted_rate": 0.4930555555555556,
            "success_false_positive_rate": 0.4701492537313433,
            "successes": 134,
            "threshold": -5.17578125
          }
        ]
      }
    },
    "holdout": {
      "different_value_same_format": {
        "n_test": 24,
        "n_train": 24,
        "near_readout_reference": {
          "gate": "REF_final_route_margin_lt_0",
          "kind": "near_readout_reference",
          "test": {
            "failure_capture_rate": 1.0,
            "failure_precision": 1.0,
            "failures": 6,
            "feature": "final_route_margin",
            "gate": "REF_final_route_margin_lt_0",
            "gate_score": 1.0,
            "kind": "near_readout_reference",
            "n": 24,
            "op": "<",
            "predicted_count": 6,
            "predicted_rate": 0.25,
            "success_false_positive_rate": 0.0,
            "successes": 18,
            "threshold": 0.0
          },
          "train": {
            "failure_capture_rate": 1.0,
            "failure_precision": 1.0,
            "failures": 10,
            "feature": "final_route_margin",
            "gate": "REF_final_route_margin_lt_0",
            "gate_score": 1.0,
            "kind": "near_readout_reference",
            "n": 24,
            "op": "<",
            "predicted_count": 10,
            "predicted_rate": 0.4166666666666667,
            "success_false_positive_rate": 0.0,
            "successes": 14,
            "threshold": 0.0
          }
        },
        "protocol": {
          "gate": "protocol_max_margin_lt_0",
          "kind": "protocol_layers",
          "test": {
            "failure_capture_rate": 0.3333333333333333,
            "failure_precision": 0.25,
            "failures": 6,
            "feature": "protocol_max_margin",
            "gate": "protocol_max_margin_lt_0",
            "gate_score": 0.0,
            "kind": "protocol_layers",
            "n": 24,
            "op": "<",
            "predicted_count": 8,
            "predicted_rate": 0.3333333333333333,
            "success_false_positive_rate": 0.3333333333333333,
            "successes": 18,
            "threshold": 0.0
          },
          "train": {
            "failure_capture_rate": 0.7,
            "failure_precision": 0.6363636363636364,
            "failures": 10,
            "feature": "protocol_max_margin",
            "gate": "protocol_max_margin_lt_0",
            "gate_score": 0.41428571428571426,
            "kind": "protocol_layers",
            "n": 24,
            "op": "<",
            "predicted_count": 11,
            "predicted_rate": 0.4583333333333333,
            "success_false_positive_rate": 0.2857142857142857,
            "successes": 14,
            "threshold": 0.0
          }
        },
        "test_failures": 6,
        "train_failures": 10
      },
      "factor_isolation": {
        "n_test": 27,
        "n_train": 27,
        "near_readout_reference": {
          "gate": "REF_final_route_margin_lt_0",
          "kind": "near_readout_reference",
          "test": {
            "failure_capture_rate": 0.16666666666666666,
            "failure_precision": 1.0,
            "failures": 6,
            "feature": "final_route_margin",
            "gate": "REF_final_route_margin_lt_0",
            "gate_score": 0.16666666666666666,
            "kind": "near_readout_reference",
            "n": 27,
            "op": "<",
            "predicted_count": 1,
            "predicted_rate": 0.037037037037037035,
            "success_false_positive_rate": 0.0,
            "successes": 21,
            "threshold": 0.0
          },
          "train": {
            "failure_capture_rate": 0.2,
            "failure_precision": 1.0,
            "failures": 5,
            "feature": "final_route_margin",
            "gate": "REF_final_route_margin_lt_0",
            "gate_score": 0.2,
            "kind": "near_readout_reference",
            "n": 27,
            "op": "<",
            "predicted_count": 1,
            "predicted_rate": 0.037037037037037035,
            "success_false_positive_rate": 0.0,
            "successes": 22,
            "threshold": 0.0
          }
        },
        "protocol": {
          "gate": "protocol_min_margin_gt_-0.06738",
          "kind": "protocol_layers",
          "test": {
            "failure_capture_rate": 0.6666666666666666,
            "failure_precision": 0.5714285714285714,
            "failures": 6,
            "feature": "protocol_min_margin",
            "gate": "protocol_min_margin_gt_-0.06738",
            "gate_score": 0.5238095238095237,
            "kind": "protocol_layers",
            "n": 27,
            "op": ">",
            "predicted_count": 7,
            "predicted_rate": 0.25925925925925924,
            "success_false_positive_rate": 0.14285714285714285,
            "successes": 21,
            "threshold": -0.0673828125
          },
          "train": {
            "failure_capture_rate": 0.8,
            "failure_precision": 0.5714285714285714,
            "failures": 5,
            "feature": "protocol_min_margin",
            "gate": "protocol_min_margin_gt_-0.06738",
            "gate_score": 0.6636363636363637,
            "kind": "protocol_layers",
            "n": 27,
            "op": ">",
            "predicted_count": 7,
            "predicted_rate": 0.25925925925925924,
            "success_false_positive_rate": 0.13636363636363635,
            "successes": 22,
            "threshold": -0.0673828125
          }
        },
        "test_failures": 6,
        "train_failures": 5
      },
      "overall": {
        "n_test": 171,
        "n_train": 171,
        "near_readout_reference": {
          "gate": "REF_final_route_margin_lt_0",
          "kind": "near_readout_reference",
          "test": {
            "failure_capture_rate": 0.6428571428571429,
            "failure_precision": 1.0,
            "failures": 14,
            "feature": "final_route_margin",
            "gate": "REF_final_route_margin_lt_0",
            "gate_score": 0.6428571428571429,
            "kind": "near_readout_reference",
            "n": 171,
            "op": "<",
            "predicted_count": 9,
            "predicted_rate": 0.05263157894736842,
            "success_false_positive_rate": 0.0,
            "successes": 157,
            "threshold": 0.0
          },
          "train": {
            "failure_capture_rate": 0.8260869565217391,
            "failure_precision": 1.0,
            "failures": 23,
            "feature": "final_route_margin",
            "gate": "REF_final_route_margin_lt_0",
            "gate_score": 0.8260869565217391,
            "kind": "near_readout_reference",
            "n": 171,
            "op": "<",
            "predicted_count": 19,
            "predicted_rate": 0.1111111111111111,
            "success_false_positive_rate": 0.0,
            "successes": 148,
            "threshold": 0.0
          }
        },
        "protocol": {
          "gate": "protocol_min_margin_gt_-0.1787",
          "kind": "protocol_layers",
          "test": {
            "failure_capture_rate": 0.5,
            "failure_precision": 0.12962962962962962,
            "failures": 14,
            "feature": "protocol_min_margin",
            "gate": "protocol_min_margin_gt_-0.1787",
            "gate_score": 0.20063694267515925,
            "kind": "protocol_layers",
            "n": 171,
            "op": ">",
            "predicted_count": 54,
            "predicted_rate": 0.3157894736842105,
            "success_false_positive_rate": 0.29936305732484075,
            "successes": 157,
            "threshold": -0.1787109375
          },
          "train": {
            "failure_capture_rate": 0.5217391304347826,
            "failure_precision": 0.2608695652173913,
            "failures": 23,
            "feature": "protocol_min_margin",
            "gate": "protocol_min_margin_gt_-0.1787",
            "gate_score": 0.2920094007050529,
            "kind": "protocol_layers",
            "n": 171,
            "op": ">",
            "predicted_count": 46,
            "predicted_rate": 0.26900584795321636,
            "success_false_positive_rate": 0.22972972972972974,
            "successes": 148,
            "threshold": -0.1787109375
          }
        },
        "test_failures": 14,
        "train_failures": 23
      },
      "same_value_different_format": {
        "n_test": 72,
        "n_train": 72,
        "near_readout_reference": {
          "gate": "REF_final_route_margin_lt_-0.03125",
          "kind": "near_readout_reference",
          "test": {
            "failure_capture_rate": 1.0,
            "failure_precision": 1.0,
            "failures": 2,
            "feature": "final_route_margin",
            "gate": "REF_final_route_margin_lt_-0.03125",
            "gate_score": 1.0,
            "kind": "near_readout_reference",
            "n": 72,
            "op": "<",
            "predicted_count": 2,
            "predicted_rate": 0.027777777777777776,
            "success_false_positive_rate": 0.0,
            "successes": 70,
            "threshold": -0.03125
          },
          "train": {
            "failure_capture_rate": 1.0,
            "failure_precision": 1.0,
            "failures": 8,
            "feature": "final_route_margin",
            "gate": "REF_final_route_margin_lt_-0.03125",
            "gate_score": 1.0,
            "kind": "near_readout_reference",
            "n": 72,
            "op": "<",
            "predicted_count": 8,
            "predicted_rate": 0.1111111111111111,
            "success_false_positive_rate": 0.0,
            "successes": 64,
            "threshold": -0.03125
          }
        },
        "protocol": {
          "gate": "protocol_final_norm_input_margin_gt_-0.125",
          "kind": "pre_final_norm_route",
          "test": {
            "failure_capture_rate": 0.0,
            "failure_precision": 0.0,
            "failures": 2,
            "feature": "protocol_final_norm_input_margin",
            "gate": "protocol_final_norm_input_margin_gt_-0.125",
            "gate_score": -0.11428571428571428,
            "kind": "pre_final_norm_route",
            "n": 72,
            "op": ">",
            "predicted_count": 8,
            "predicted_rate": 0.1111111111111111,
            "success_false_positive_rate": 0.11428571428571428,
            "successes": 70,
            "threshold": -0.125
          },
          "train": {
            "failure_capture_rate": 1.0,
            "failure_precision": 0.19047619047619047,
            "failures": 8,
            "feature": "protocol_final_norm_input_margin",
            "gate": "protocol_final_norm_input_margin_gt_-0.125",
            "gate_score": 0.46875,
            "kind": "pre_final_norm_route",
            "n": 72,
            "op": ">",
            "predicted_count": 42,
            "predicted_rate": 0.5833333333333334,
            "success_false_positive_rate": 0.53125,
            "successes": 64,
            "threshold": -0.125
          }
        },
        "test_failures": 2,
        "train_failures": 8
      }
    },
    "model": "glm4",
    "top_near_readout_reference_gates": [
      {
        "failure_capture_rate": 0.7567567567567568,
        "failure_precision": 1.0,
        "failures": 37,
        "feature": "final_route_margin",
        "gate": "REF_final_route_margin_lt_0",
        "gate_score": 0.7567567567567568,
        "kind": "near_readout_reference",
        "n": 342,
        "op": "<",
        "predicted_count": 28,
        "predicted_rate": 0.08187134502923976,
        "success_false_positive_rate": 0.0,
        "successes": 305,
        "threshold": 0.0
      },
      {
        "failure_capture_rate": 0.7567567567567568,
        "failure_precision": 1.0,
        "failures": 37,
        "feature": "final_route_rank",
        "gate": "REF_final_route_rank_gt_1",
        "gate_score": 0.7567567567567568,
        "kind": "near_readout_reference",
        "n": 342,
        "op": ">",
        "predicted_count": 28,
        "predicted_rate": 0.08187134502923976,
        "success_false_positive_rate": 0.0,
        "successes": 305,
        "threshold": 1
      },
      {
        "failure_capture_rate": 0.7837837837837838,
        "failure_precision": 0.453125,
        "failures": 37,
        "feature": "final_route_margin",
        "gate": "REF_final_route_margin_lt_1.188",
        "gate_score": 0.669029685423128,
        "kind": "near_readout_reference",
        "n": 342,
        "op": "<",
        "predicted_count": 64,
        "predicted_rate": 0.1871345029239766,
        "success_false_positive_rate": 0.11475409836065574,
        "successes": 305,
        "threshold": 1.1875
      },
      {
        "failure_capture_rate": 0.972972972972973,
        "failure_precision": 0.19889502762430938,
        "failures": 37,
        "feature": "final_route_margin",
        "gate": "REF_final_route_margin_lt_3.438",
        "gate_score": 0.4975631369073993,
        "kind": "near_readout_reference",
        "n": 342,
        "op": "<",
        "predicted_count": 181,
        "predicted_rate": 0.5292397660818714,
        "success_false_positive_rate": 0.47540983606557374,
        "successes": 305,
        "threshold": 3.4375
      },
      {
        "failure_capture_rate": 1.0,
        "failure_precision": 0.13028169014084506,
        "failures": 37,
        "feature": "final_route_margin",
        "gate": "REF_final_route_margin_lt_5.812",
        "gate_score": 0.19016393442622948,
        "kind": "near_readout_reference",
        "n": 342,
        "op": "<",
        "predicted_count": 284,
        "predicted_rate": 0.8304093567251462,
        "success_false_positive_rate": 0.8098360655737705,
        "successes": 305,
        "threshold": 5.8125
      },
      {
        "failure_capture_rate": 1.0,
        "failure_precision": 0.10850439882697947,
        "failures": 37,
        "feature": "final_route_margin",
        "gate": "REF_final_route_margin_lt_8.688",
        "gate_score": 0.003278688524590123,
        "kind": "near_readout_reference",
        "n": 342,
        "op": "<",
        "predicted_count": 341,
        "predicted_rate": 0.9970760233918129,
        "success_false_positive_rate": 0.9967213114754099,
        "successes": 305,
        "threshold": 8.6875
      },
      {
        "failure_capture_rate": 0.0,
        "failure_precision": 0.0,
        "failures": 37,
        "feature": "final_route_margin",
        "gate": "REF_final_route_margin_lt_-2.5",
        "gate_score": 0.0,
        "kind": "near_readout_reference",
        "n": 342,
        "op": "<",
        "predicted_count": 0,
        "predicted_rate": 0.0,
        "success_false_positive_rate": 0.0,
        "successes": 305,
        "threshold": -2.5
      }
    ],
    "top_protocol_gates": [
      {
        "failure_capture_rate": 1.0,
        "failure_precision": 0.1434108527131783,
        "failures": 37,
        "feature": "protocol_late_shift",
        "gate": "protocol_late_shift_lt_16.94",
        "gate_score": 0.2754098360655738,
        "kind": "protocol_to_final_norm",
        "n": 342,
        "op": "<",
        "predicted_count": 258,
        "predicted_rate": 0.7543859649122807,
        "success_false_positive_rate": 0.7245901639344262,
        "successes": 305,
        "threshold": 16.94140625
      },
      {
        "failure_capture_rate": 1.0,
        "failure_precision": 0.1417624521072797,
        "failures": 37,
        "feature": "protocol_final_norm_input_margin",
        "gate": "protocol_final_norm_input_margin_lt_17.38",
        "gate_score": 0.2655737704918033,
        "kind": "pre_final_norm_route",
        "n": 342,
        "op": "<",
        "predicted_count": 261,
        "predicted_rate": 0.7631578947368421,
        "success_false_positive_rate": 0.7344262295081967,
        "successes": 305,
        "threshold": 17.375
      },
      {
        "failure_capture_rate": 0.5135135135135135,
        "failure_precision": 0.19791666666666666,
        "failures": 37,
        "feature": "protocol_min_margin",
        "gate": "protocol_min_margin_gt_-0.1768",
        "gate_score": 0.26105449712007084,
        "kind": "protocol_layers",
        "n": 342,
        "op": ">",
        "predicted_count": 96,
        "predicted_rate": 0.2807017543859649,
        "success_false_positive_rate": 0.25245901639344265,
        "successes": 305,
        "threshold": -0.1767578125
      },
      {
        "failure_capture_rate": 0.7837837837837838,
        "failure_precision": 0.14948453608247422,
        "failures": 37,
        "feature": "protocol_min_margin",
        "gate": "protocol_min_margin_gt_-0.3383",
        "gate_score": 0.24280017722640668,
        "kind": "protocol_layers",
        "n": 342,
        "op": ">",
        "predicted_count": 194,
        "predicted_rate": 0.5672514619883041,
        "success_false_positive_rate": 0.5409836065573771,
        "successes": 305,
        "threshold": -0.3382568359375
      },
      {
        "failure_capture_rate": 0.7837837837837838,
        "failure_precision": 0.14795918367346939,
        "failures": 37,
        "feature": "protocol_last_margin",
        "gate": "protocol_last_margin_gt_-0.1836",
        "gate_score": 0.23624280017722643,
        "kind": "protocol_layers",
        "n": 342,
        "op": ">",
        "predicted_count": 196,
        "predicted_rate": 0.5730994152046783,
        "success_false_positive_rate": 0.5475409836065573,
        "successes": 305,
        "threshold": -0.18359375
      },
      {
        "failure_capture_rate": 0.9459459459459459,
        "failure_precision": 0.13565891472868216,
        "failures": 37,
        "feature": "protocol_late_shift",
        "gate": "protocol_late_shift_gt_-5.176",
        "gate_score": 0.21479840496233937,
        "kind": "protocol_to_final_norm",
        "n": 342,
        "op": ">",
        "predicted_count": 258,
        "predicted_rate": 0.7543859649122807,
        "success_false_positive_rate": 0.7311475409836066,
        "successes": 305,
        "threshold": -5.17578125
      },
      {
        "failure_capture_rate": 0.2972972972972973,
        "failure_precision": 0.2682926829268293,
        "failures": 37,
        "feature": "protocol_negative_count",
        "gate": "protocol_negative_count_lt_4",
        "gate_score": 0.1989366415595924,
        "kind": "protocol_layers",
        "n": 342,
        "op": "<",
        "predicted_count": 41,
        "predicted_rate": 0.11988304093567251,
        "success_false_positive_rate": 0.09836065573770492,
        "successes": 305,
        "threshold": 4.0
      },
      {
        "failure_capture_rate": 0.5945945945945946,
        "failure_precision": 0.15384615384615385,
        "failures": 37,
        "feature": "protocol_last_margin",
        "gate": "protocol_last_margin_gt_0",
        "gate_score": 0.19787328311918478,
        "kind": "protocol_layers",
        "n": 342,
        "op": ">",
        "predicted_count": 143,
        "predicted_rate": 0.41812865497076024,
        "success_false_positive_rate": 0.39672131147540984,
        "successes": 305,
        "threshold": 0.0
      },
      {
        "failure_capture_rate": 0.40540540540540543,
        "failure_precision": 0.18292682926829268,
        "failures": 37,
        "feature": "protocol_negative_count",
        "gate": "protocol_negative_count_lt_6",
        "gate_score": 0.18573327425786446,
        "kind": "protocol_layers",
        "n": 342,
        "op": "<",
        "predicted_count": 82,
        "predicted_rate": 0.23976608187134502,
        "success_false_positive_rate": 0.21967213114754097,
        "successes": 305,
        "threshold": 6.0
      },
      {
        "failure_capture_rate": 0.40540540540540543,
        "failure_precision": 0.18072289156626506,
        "failures": 37,
        "feature": "protocol_last_margin",
        "gate": "protocol_last_margin_gt_0.1992",
        "gate_score": 0.18245458573327428,
        "kind": "protocol_layers",
        "n": 342,
        "op": ">",
        "predicted_count": 83,
        "predicted_rate": 0.24269005847953215,
        "success_false_positive_rate": 0.22295081967213115,
        "successes": 305,
        "threshold": 0.19921875
      },
      {
        "failure_capture_rate": 0.9459459459459459,
        "failure_precision": 0.12962962962962962,
        "failures": 37,
        "feature": "protocol_min_margin",
        "gate": "protocol_min_margin_gt_-0.6282",
        "gate_score": 0.17545414266725745,
        "kind": "protocol_layers",
        "n": 342,
        "op": ">",
        "predicted_count": 270,
        "predicted_rate": 0.7894736842105263,
        "success_false_positive_rate": 0.7704918032786885,
        "successes": 305,
        "threshold": -0.628173828125
      },
      {
        "failure_capture_rate": 0.9459459459459459,
        "failure_precision": 0.1282051282051282,
        "failures": 37,
        "feature": "protocol_max_margin",
        "gate": "protocol_max_margin_gt_-0.135",
        "gate_score": 0.16561807709348697,
        "kind": "protocol_layers",
        "n": 342,
        "op": ">",
        "predicted_count": 273,
        "predicted_rate": 0.7982456140350878,
        "success_false_positive_rate": 0.780327868852459,
        "successes": 305,
        "threshold": -0.135009765625
      },
      {
        "failure_capture_rate": 0.9459459459459459,
        "failure_precision": 0.12727272727272726,
        "failures": 37,
        "feature": "protocol_last_margin",
        "gate": "protocol_last_margin_gt_-0.6777",
        "gate_score": 0.1590607000443066,
        "kind": "protocol_layers",
        "n": 342,
        "op": ">",
        "predicted_count": 275,
        "predicted_rate": 0.804093567251462,
        "success_false_positive_rate": 0.7868852459016393,
        "successes": 305,
        "threshold": -0.677734375
      },
      {
        "failure_capture_rate": 0.9459459459459459,
        "failure_precision": 0.12727272727272726,
        "failures": 37,
        "feature": "protocol_final_norm_input_margin",
        "gate": "protocol_final_norm_input_margin_gt_-6.438",
        "gate_score": 0.1590607000443066,
        "kind": "pre_final_norm_route",
        "n": 342,
        "op": ">",
        "predicted_count": 275,
        "predicted_rate": 0.804093567251462,
        "success_false_positive_rate": 0.7868852459016393,
        "successes": 305,
        "threshold": -6.4375
      },
      {
        "failure_capture_rate": 0.3783783783783784,
        "failure_precision": 0.17073170731707318,
        "failures": 37,
        "feature": "protocol_max_margin",
        "gate": "protocol_max_margin_gt_0.2188",
        "gate_score": 0.15542755870624725,
        "kind": "protocol_layers",
        "n": 342,
        "op": ">",
        "predicted_count": 82,
        "predicted_rate": 0.23976608187134502,
        "success_false_positive_rate": 0.22295081967213115,
        "successes": 305,
        "threshold": 0.21875
      },
      {
        "failure_capture_rate": 0.7027027027027027,
        "failure_precision": 0.12935323383084577,
        "failures": 37,
        "feature": "protocol_final_norm_input_margin",
        "gate": "protocol_final_norm_input_margin_gt_0",
        "gate_score": 0.12893221089942408,
        "kind": "pre_final_norm_route",
        "n": 342,
        "op": ">",
        "predicted_count": 201,
        "predicted_rate": 0.5877192982456141,
        "success_false_positive_rate": 0.5737704918032787,
        "successes": 305,
        "threshold": 0.0
      },
      {
        "failure_capture_rate": 0.7027027027027027,
        "failure_precision": 0.12935323383084577,
        "failures": 37,
        "feature": "protocol_final_norm_input_rank",
        "gate": "protocol_final_norm_input_rank_lt_2",
        "gate_score": 0.12893221089942408,
        "kind": "pre_final_norm_route",
        "n": 342,
        "op": "<",
        "predicted_count": 201,
        "predicted_rate": 0.5877192982456141,
        "success_false_positive_rate": 0.5737704918032787,
        "successes": 305,
        "threshold": 2.0
      },
      {
        "failure_capture_rate": 0.7027027027027027,
        "failure_precision": 0.12871287128712872,
        "failures": 37,
        "feature": "protocol_final_norm_input_margin",
        "gate": "protocol_final_norm_input_margin_gt_-0.0625",
        "gate_score": 0.12565352237483385,
        "kind": "pre_final_norm_route",
        "n": 342,
        "op": ">",
        "predicted_count": 202,
        "predicted_rate": 0.5906432748538012,
        "success_false_positive_rate": 0.5770491803278689,
        "successes": 305,
        "threshold": -0.0625
      },
      {
        "failure_capture_rate": 0.9459459459459459,
        "failure_precision": 0.12195121951219512,
        "failures": 37,
        "feature": "protocol_final_norm_input_rank",
        "gate": "protocol_final_norm_input_rank_lt_4",
        "gate_score": 0.11971643774922458,
        "kind": "pre_final_norm_route",
        "n": 342,
        "op": "<",
        "predicted_count": 287,
        "predicted_rate": 0.8391812865497076,
        "success_false_positive_rate": 0.8262295081967214,
        "successes": 305,
        "threshold": 4.0
      },
      {
        "failure_capture_rate": 0.7027027027027027,
        "failure_precision": 0.12745098039215685,
        "failures": 37,
        "feature": "protocol_late_shift",
        "gate": "protocol_late_shift_gt_-0.07227",
        "gate_score": 0.1190961453256536,
        "kind": "protocol_to_final_norm",
        "n": 342,
        "op": ">",
        "predicted_count": 204,
        "predicted_rate": 0.5964912280701754,
        "success_false_positive_rate": 0.5836065573770491,
        "successes": 305,
        "threshold": -0.072265625
      },
      {
        "failure_capture_rate": 0.7027027027027027,
        "failure_precision": 0.12745098039215685,
        "failures": 37,
        "feature": "protocol_late_shift",
        "gate": "protocol_late_shift_gt_0",
        "gate_score": 0.1190961453256536,
        "kind": "protocol_to_final_norm",
        "n": 342,
        "op": ">",
        "predicted_count": 204,
        "predicted_rate": 0.5964912280701754,
        "success_false_positive_rate": 0.5836065573770491,
        "successes": 305,
        "threshold": 0.0
      },
      {
        "failure_capture_rate": 0.1891891891891892,
        "failure_precision": 0.2413793103448276,
        "failures": 37,
        "feature": "protocol_first_negative_frac",
        "gate": "protocol_first_negative_frac_gt_0.4359",
        "gate_score": 0.11705804164820559,
        "kind": "protocol_layers",
        "n": 342,
        "op": ">",
        "predicted_count": 29,
        "predicted_rate": 0.0847953216374269,
        "success_false_positive_rate": 0.07213114754098361,
        "successes": 305,
        "threshold": 0.4358974358974359
      },
      {
        "failure_capture_rate": 0.6216216216216216,
        "failure_precision": 0.12921348314606743,
        "failures": 37,
        "feature": "protocol_max_margin",
        "gate": "protocol_max_margin_gt_0.02441",
        "gate_score": 0.11342490031014618,
        "kind": "protocol_layers",
        "n": 342,
        "op": ">",
        "predicted_count": 178,
        "predicted_rate": 0.52046783625731,
        "success_false_positive_rate": 0.5081967213114754,
        "successes": 305,
        "threshold": 0.0244140625
      },
      {
        "failure_capture_rate": 0.13513513513513514,
        "failure_precision": 0.3333333333333333,
        "failures": 37,
        "feature": "protocol_negative_count",
        "gate": "protocol_negative_count_lt_2",
        "gate_score": 0.1023482498892335,
        "kind": "protocol_layers",
        "n": 342,
        "op": "<",
        "predicted_count": 15,
        "predicted_rate": 0.043859649122807015,
        "success_false_positive_rate": 0.03278688524590164,
        "successes": 305,
        "threshold": 2.0
      },
      {
        "failure_capture_rate": 0.6216216216216216,
        "failure_precision": 0.12105263157894737,
        "failures": 37,
        "feature": "protocol_max_margin",
        "gate": "protocol_max_margin_gt_0",
        "gate_score": 0.07408063801506426,
        "kind": "protocol_layers",
        "n": 342,
        "op": ">",
        "predicted_count": 190,
        "predicted_rate": 0.5555555555555556,
        "success_false_positive_rate": 0.5475409836065573,
        "successes": 305,
        "threshold": 0.0
      }
    ]
  },
  "timestamp": "2026-06-26 12:00:01",
  "title": "Protocol-Level Failure Monitor Localization"
}
