`torch_dtype` is deprecated! Use `dtype` instead!
Loading weights:   0%|          | 0/339 [00:00<?, ?it/s]Loading weights:   1%|▏         | 5/339 [00:00<00:06, 49.46it/s]Loading weights:  12%|█▏        | 39/339 [00:00<00:01, 189.78it/s]Loading weights:  19%|█▉        | 64/339 [00:00<00:01, 208.40it/s]Loading weights:  32%|███▏      | 110/339 [00:00<00:00, 277.32it/s]Loading weights:  41%|████      | 138/339 [00:00<00:00, 261.06it/s]Loading weights:  54%|█████▍    | 184/339 [00:00<00:00, 316.45it/s]Loading weights:  64%|██████▎   | 216/339 [00:00<00:00, 298.34it/s]Loading weights:  73%|███████▎  | 247/339 [00:00<00:00, 288.82it/s]Loading weights:  82%|████████▏ | 277/339 [00:01<00:00, 258.92it/s]Loading weights:  93%|█████████▎| 316/339 [00:01<00:00, 288.56it/s]Loading weights: 100%|██████████| 339/339 [00:01<00:00, 272.57it/s]
[12:00:11] Loaded deepseek7b: class=Qwen2ForCausalLM, GPU=15.23GB, attn=eager
[12:00:12] deepseek7b: 24/342 cases
[12:00:14] deepseek7b: 48/342 cases
[12:00:15] deepseek7b: 72/342 cases
[12:00:17] deepseek7b: 96/342 cases
[12:00:18] deepseek7b: 120/342 cases
[12:00:19] deepseek7b: 144/342 cases
[12:00:21] deepseek7b: 168/342 cases
[12:00:22] deepseek7b: 192/342 cases
[12:00:24] deepseek7b: 216/342 cases
[12:00:25] deepseek7b: 240/342 cases
[12:00:26] deepseek7b: 264/342 cases
[12:00:28] deepseek7b: 288/342 cases
[12:00:29] deepseek7b: 312/342 cases
[12:00:31] deepseek7b: 336/342 cases
[12:00:31] deepseek7b: 342/342 cases
[model_utils] GPU memory released, allocated=15.24 GB
{
  "family_limits": {
    "different_value_same_format": 48,
    "factor_isolation": 54,
    "same_format_random_value": 72,
    "same_prefix_different_continuation": 24,
    "same_value_different_format": 144
  },
  "model": "deepseek7b",
  "n_cases": 342,
  "phase": 682,
  "summary": {
    "baseline": {
      "different_value_same_format": {
        "expected_top1_rate": 0.041666666666666664,
        "failure_best_other_route": {
          "prose": 46
        },
        "failure_rate": 0.9583333333333334,
        "mean_expected_rank": 122.79166666666667,
        "mean_final_route_margin": -3.7376302083333335,
        "n": 48,
        "target_route": {
          "value": 48
        }
      },
      "factor_isolation": {
        "expected_top1_rate": 0.5370370370370371,
        "failure_best_other_route": {
          "prose": 25
        },
        "failure_rate": 0.46296296296296297,
        "mean_expected_rank": 8.407407407407407,
        "mean_final_route_margin": 0.9456018518518519,
        "n": 54,
        "target_route": {
          "json": 18,
          "value": 18,
          "yesno": 18
        }
      },
      "overall": {
        "expected_top1_rate": 0.39473684210526316,
        "failure_best_other_route": {
          "json": 5,
          "prose": 202
        },
        "failure_rate": 0.6052631578947368,
        "mean_expected_rank": 134.8918128654971,
        "mean_final_route_margin": -1.4448099415204678,
        "n": 342,
        "target_route": {
          "json": 42,
          "label": 24,
          "list": 24,
          "prose": 48,
          "value": 186,
          "yesno": 18
        }
      },
      "same_format_random_value": {
        "expected_top1_rate": 0.125,
        "failure_best_other_route": {
          "prose": 63
        },
        "failure_rate": 0.875,
        "mean_expected_rank": 469.7916666666667,
        "mean_final_route_margin": -6.107421875,
        "n": 72,
        "target_route": {
          "value": 72
        }
      },
      "same_prefix_different_continuation": {
        "expected_top1_rate": 0.041666666666666664,
        "failure_best_other_route": {
          "prose": 23
        },
        "failure_rate": 0.9583333333333334,
        "mean_expected_rank": 10.083333333333334,
        "mean_final_route_margin": -2.265625,
        "n": 24,
        "target_route": {
          "value": 24
        }
      },
      "same_value_different_format": {
        "expected_top1_rate": 0.6527777777777778,
        "failure_best_other_route": {
          "json": 5,
          "prose": 45
        },
        "failure_rate": 0.3472222222222222,
        "mean_expected_rank": 39.708333333333336,
        "mean_final_route_margin": 0.8911675347222222,
        "n": 144,
        "target_route": {
          "json": 24,
          "label": 24,
          "list": 24,
          "prose": 48,
          "value": 24
        }
      }
    },
    "by_family": {
      "different_value_same_format": {
        "near_readout_reference": [
          {
            "failure_capture_rate": 0.9565217391304348,
            "failure_precision": 1.0,
            "failures": 46,
            "feature": "final_route_margin",
            "gate": "REF_final_route_margin_lt_-0.0625",
            "gate_score": 0.9565217391304348,
            "kind": "near_readout_reference",
            "n": 48,
            "op": "<",
            "predicted_count": 44,
            "predicted_rate": 0.9166666666666666,
            "success_false_positive_rate": 0.0,
            "successes": 2,
            "threshold": -0.0625
          },
          {
            "failure_capture_rate": 0.9565217391304348,
            "failure_precision": 1.0,
            "failures": 46,
            "feature": "final_route_margin",
            "gate": "REF_final_route_margin_lt_0",
            "gate_score": 0.9565217391304348,
            "kind": "near_readout_reference",
            "n": 48,
            "op": "<",
            "predicted_count": 44,
            "predicted_rate": 0.9166666666666666,
            "success_false_positive_rate": 0.0,
            "successes": 2,
            "threshold": 0.0
          },
          {
            "failure_capture_rate": 0.9565217391304348,
            "failure_precision": 1.0,
            "failures": 46,
            "feature": "final_route_rank",
            "gate": "REF_final_route_rank_gt_1",
            "gate_score": 0.9565217391304348,
            "kind": "near_readout_reference",
            "n": 48,
            "op": ">",
            "predicted_count": 44,
            "predicted_rate": 0.9166666666666666,
            "success_false_positive_rate": 0.0,
            "successes": 2,
            "threshold": 1
          },
          {
            "failure_capture_rate": 0.6086956521739131,
            "failure_precision": 1.0,
            "failures": 46,
            "feature": "final_route_margin",
            "gate": "REF_final_route_margin_lt_-2.25",
            "gate_score": 0.6086956521739131,
            "kind": "near_readout_reference",
            "n": 48,
            "op": "<",
            "predicted_count": 28,
            "predicted_rate": 0.5833333333333334,
            "success_false_positive_rate": 0.0,
            "successes": 2,
            "threshold": -2.25
          },
          {
            "failure_capture_rate": 0.2391304347826087,
            "failure_precision": 1.0,
            "failures": 46,
            "feature": "final_route_margin",
            "gate": "REF_final_route_margin_lt_-6.438",
            "gate_score": 0.2391304347826087,
            "kind": "near_readout_reference",
            "n": 48,
            "op": "<",
            "predicted_count": 11,
            "predicted_rate": 0.22916666666666666,
            "success_false_positive_rate": 0.0,
            "successes": 2,
            "threshold": -6.4375
          },
          {
            "failure_capture_rate": 1.0,
            "failure_precision": 0.9583333333333334,
            "failures": 46,
            "feature": "final_route_margin",
            "gate": "REF_final_route_margin_lt_2.25",
            "gate_score": 0.0,
            "kind": "near_readout_reference",
            "n": 48,
            "op": "<",
            "predicted_count": 48,
            "predicted_rate": 1.0,
            "success_false_positive_rate": 1.0,
            "successes": 2,
            "threshold": 2.25
          }
        ],
        "protocol": [
          {
            "failure_capture_rate": 0.7608695652173914,
            "failure_precision": 1.0,
            "failures": 46,
            "feature": "protocol_final_norm_input_margin",
            "gate": "protocol_final_norm_input_margin_lt_56.5",
            "gate_score": 0.7608695652173914,
            "kind": "pre_final_norm_route",
            "n": 48,
            "op": "<",
            "predicted_count": 35,
            "predicted_rate": 0.7291666666666666,
            "success_false_positive_rate": 0.0,
            "successes": 2,
            "threshold": 56.5
          },
          {
            "failure_capture_rate": 0.7608695652173914,
            "failure_precision": 1.0,
            "failures": 46,
            "feature": "protocol_late_shift",
            "gate": "protocol_late_shift_lt_47.25",
            "gate_score": 0.7608695652173914,
            "kind": "protocol_to_final_norm",
            "n": 48,
            "op": "<",
            "predicted_count": 35,
            "predicted_rate": 0.7291666666666666,
            "success_false_positive_rate": 0.0,
            "successes": 2,
            "threshold": 47.25
          },
          {
            "failure_capture_rate": 1.0,
            "failure_precision": 0.9787234042553191,
            "failures": 46,
            "feature": "protocol_max_margin",
            "gate": "protocol_max_margin_lt_30.62",
            "gate_score": 0.5,
            "kind": "protocol_layers",
            "n": 48,
            "op": "<",
            "predicted_count": 47,
            "predicted_rate": 0.9791666666666666,
            "success_false_positive_rate": 0.5,
            "successes": 2,
            "threshold": 30.625
          },
          {
            "failure_capture_rate": 1.0,
            "failure_precision": 0.9787234042553191,
            "failures": 46,
            "feature": "protocol_last_margin",
            "gate": "protocol_last_margin_lt_30.62",
            "gate_score": 0.5,
            "kind": "protocol_layers",
            "n": 48,
            "op": "<",
            "predicted_count": 47,
            "predicted_rate": 0.9791666666666666,
            "success_false_positive_rate": 0.5,
            "successes": 2,
            "threshold": 30.625
          },
          {
            "failure_capture_rate": 0.9130434782608695,
            "failure_precision": 0.9767441860465116,
            "failures": 46,
            "feature": "protocol_min_margin",
            "gate": "protocol_min_margin_lt_0",
            "gate_score": 0.4130434782608695,
            "kind": "protocol_layers",
            "n": 48,
            "op": "<",
            "predicted_count": 43,
            "predicted_rate": 0.8958333333333334,
            "success_false_positive_rate": 0.5,
            "successes": 2,
            "threshold": 0.0
          },
          {
            "failure_capture_rate": 0.9130434782608695,
            "failure_precision": 0.9767441860465116,
            "failures": 46,
            "feature": "protocol_min_margin",
            "gate": "protocol_min_margin_lt_0.03125",
            "gate_score": 0.4130434782608695,
            "kind": "protocol_layers",
            "n": 48,
            "op": "<",
            "predicted_count": 43,
            "predicted_rate": 0.8958333333333334,
            "success_false_positive_rate": 0.5,
            "successes": 2,
            "threshold": 0.03125
          },
          {
            "failure_capture_rate": 0.9130434782608695,
            "failure_precision": 0.9767441860465116,
            "failures": 46,
            "feature": "protocol_negative_count",
            "gate": "protocol_negative_count_gt_0",
            "gate_score": 0.4130434782608695,
            "kind": "protocol_layers",
            "n": 48,
            "op": ">",
            "predicted_count": 43,
            "predicted_rate": 0.8958333333333334,
            "success_false_positive_rate": 0.5,
            "successes": 2,
            "threshold": 0.0
          },
          {
            "failure_capture_rate": 0.9130434782608695,
            "failure_precision": 0.9767441860465116,
            "failures": 46,
            "feature": "protocol_negative_count",
            "gate": "protocol_negative_count_gt_0.5",
            "gate_score": 0.4130434782608695,
            "kind": "protocol_layers",
            "n": 48,
            "op": ">",
            "predicted_count": 43,
            "predicted_rate": 0.8958333333333334,
            "success_false_positive_rate": 0.5,
            "successes": 2,
            "threshold": 0.5
          },
          {
            "failure_capture_rate": 0.9130434782608695,
            "failure_precision": 0.9767441860465116,
            "failures": 46,
            "feature": "protocol_first_negative_frac",
            "gate": "protocol_first_negative_frac_lt_0.5556",
            "gate_score": 0.4130434782608695,
            "kind": "protocol_layers",
            "n": 48,
            "op": "<",
            "predicted_count": 43,
            "predicted_rate": 0.8958333333333334,
            "success_false_positive_rate": 0.5,
            "successes": 2,
            "threshold": 0.5555555555555556
          },
          {
            "failure_capture_rate": 0.9130434782608695,
            "failure_precision": 0.9767441860465116,
            "failures": 46,
            "feature": "protocol_first_negative_frac",
            "gate": "protocol_first_negative_frac_lt_0.5926",
            "gate_score": 0.4130434782608695,
            "kind": "protocol_layers",
            "n": 48,
            "op": "<",
            "predicted_count": 43,
            "predicted_rate": 0.8958333333333334,
            "success_false_positive_rate": 0.5,
            "successes": 2,
            "threshold": 0.5925925925925926
          }
        ]
      },
      "factor_isolation": {
        "near_readout_reference": [
          {
            "failure_capture_rate": 0.68,
            "failure_precision": 1.0,
            "failures": 25,
            "feature": "final_route_margin",
            "gate": "REF_final_route_margin_lt_-0.0625",
            "gate_score": 0.68,
            "kind": "near_readout_reference",
            "n": 54,
            "op": "<",
            "predicted_count": 17,
            "predicted_rate": 0.3148148148148148,
            "success_false_positive_rate": 0.0,
            "successes": 29,
            "threshold": -0.0625
          },
          {
            "failure_capture_rate": 0.68,
            "failure_precision": 1.0,
            "failures": 25,
            "feature": "final_route_margin",
            "gate": "REF_final_route_margin_lt_0",
            "gate_score": 0.68,
            "kind": "near_readout_reference",
            "n": 54,
            "op": "<",
            "predicted_count": 17,
            "predicted_rate": 0.3148148148148148,
            "success_false_positive_rate": 0.0,
            "successes": 29,
            "threshold": 0.0
          },
          {
            "failure_capture_rate": 0.68,
            "failure_precision": 1.0,
            "failures": 25,
            "feature": "final_route_rank",
            "gate": "REF_final_route_rank_gt_1",
            "gate_score": 0.68,
            "kind": "near_readout_reference",
            "n": 54,
            "op": ">",
            "predicted_count": 17,
            "predicted_rate": 0.3148148148148148,
            "success_false_positive_rate": 0.0,
            "successes": 29,
            "threshold": 1
          },
          {
            "failure_capture_rate": 0.72,
            "failure_precision": 0.75,
            "failures": 25,
            "feature": "final_route_margin",
            "gate": "REF_final_route_margin_lt_2.25",
            "gate_score": 0.5131034482758621,
            "kind": "near_readout_reference",
            "n": 54,
            "op": "<",
            "predicted_count": 24,
            "predicted_rate": 0.4444444444444444,
            "success_false_positive_rate": 0.20689655172413793,
            "successes": 29,
            "threshold": 2.25
          },
          {
            "failure_capture_rate": 0.36,
            "failure_precision": 1.0,
            "failures": 25,
            "feature": "final_route_margin",
            "gate": "REF_final_route_margin_lt_-2.25",
            "gate_score": 0.36,
            "kind": "near_readout_reference",
            "n": 54,
            "op": "<",
            "predicted_count": 9,
            "predicted_rate": 0.16666666666666666,
            "success_false_positive_rate": 0.0,
            "successes": 29,
            "threshold": -2.25
          },
          {
            "failure_capture_rate": 0.04,
            "failure_precision": 1.0,
            "failures": 25,
            "feature": "final_route_margin",
            "gate": "REF_final_route_margin_lt_-6.438",
            "gate_score": 0.04,
            "kind": "near_readout_reference",
            "n": 54,
            "op": "<",
            "predicted_count": 1,
            "predicted_rate": 0.018518518518518517,
            "success_false_positive_rate": 0.0,
            "successes": 29,
            "threshold": -6.4375
          }
        ],
        "protocol": [
          {
            "failure_capture_rate": 0.88,
            "failure_precision": 0.6875,
            "failures": 25,
            "feature": "protocol_late_shift",
            "gate": "protocol_late_shift_gt_-0.09375",
            "gate_score": 0.5351724137931034,
            "kind": "protocol_to_final_norm",
            "n": 54,
            "op": ">",
            "predicted_count": 32,
            "predicted_rate": 0.5925925925925926,
            "success_false_positive_rate": 0.3448275862068966,
            "successes": 29,
            "threshold": -0.09375
          },
          {
            "failure_capture_rate": 0.88,
            "failure_precision": 0.6875,
            "failures": 25,
            "feature": "protocol_late_shift",
            "gate": "protocol_late_shift_gt_0",
            "gate_score": 0.5351724137931034,
            "kind": "protocol_to_final_norm",
            "n": 54,
            "op": ">",
            "predicted_count": 32,
            "predicted_rate": 0.5925925925925926,
            "success_false_positive_rate": 0.3448275862068966,
            "successes": 29,
            "threshold": 0.0
          },
          {
            "failure_capture_rate": 1.0,
            "failure_precision": 0.6410256410256411,
            "failures": 25,
            "feature": "protocol_max_margin",
            "gate": "protocol_max_margin_gt_-8.109",
            "gate_score": 0.5172413793103448,
            "kind": "protocol_layers",
            "n": 54,
            "op": ">",
            "predicted_count": 39,
            "predicted_rate": 0.7222222222222222,
            "success_false_positive_rate": 0.4827586206896552,
            "successes": 29,
            "threshold": -8.109375
          },
          {
            "failure_capture_rate": 1.0,
            "failure_precision": 0.6410256410256411,
            "failures": 25,
            "feature": "protocol_late_shift",
            "gate": "protocol_late_shift_gt_-25.25",
            "gate_score": 0.5172413793103448,
            "kind": "protocol_to_final_norm",
            "n": 54,
            "op": ">",
            "predicted_count": 39,
            "predicted_rate": 0.7222222222222222,
            "success_false_positive_rate": 0.4827586206896552,
            "successes": 29,
            "threshold": -25.25
          },
          {
            "failure_capture_rate": 0.92,
            "failure_precision": 0.6571428571428571,
            "failures": 25,
            "feature": "protocol_final_norm_input_rank",
            "gate": "protocol_final_norm_input_rank_lt_4",
            "gate_score": 0.5062068965517241,
            "kind": "pre_final_norm_route",
            "n": 54,
            "op": "<",
            "predicted_count": 35,
            "predicted_rate": 0.6481481481481481,
            "success_false_positive_rate": 0.41379310344827586,
            "successes": 29,
            "threshold": 4.0
          },
          {
            "failure_capture_rate": 0.84,
            "failure_precision": 0.65625,
            "failures": 25,
            "feature": "protocol_min_margin",
            "gate": "protocol_min_margin_gt_-9.75",
            "gate_score": 0.4606896551724138,
            "kind": "protocol_layers",
            "n": 54,
            "op": ">",
            "predicted_count": 32,
            "predicted_rate": 0.5925925925925926,
            "success_false_positive_rate": 0.3793103448275862,
            "successes": 29,
            "threshold": -9.75
          },
          {
            "failure_capture_rate": 1.0,
            "failure_precision": 0.6097560975609756,
            "failures": 25,
            "feature": "protocol_final_norm_input_margin",
            "gate": "protocol_final_norm_input_margin_gt_-43.5",
            "gate_score": 0.4482758620689655,
            "kind": "pre_final_norm_route",
            "n": 54,
            "op": ">",
            "predicted_count": 41,
            "predicted_rate": 0.7592592592592593,
            "success_false_positive_rate": 0.5517241379310345,
            "successes": 29,
            "threshold": -43.5
          },
          {
            "failure_capture_rate": 0.8,
            "failure_precision": 0.6451612903225806,
            "failures": 25,
            "feature": "protocol_final_norm_input_margin",
            "gate": "protocol_final_norm_input_margin_gt_-0.5",
            "gate_score": 0.42068965517241386,
            "kind": "pre_final_norm_route",
            "n": 54,
            "op": ">",
            "predicted_count": 31,
            "predicted_rate": 0.5740740740740741,
            "success_false_positive_rate": 0.3793103448275862,
            "successes": 29,
            "threshold": -0.5
          },
          {
            "failure_capture_rate": 0.8,
            "failure_precision": 0.6451612903225806,
            "failures": 25,
            "feature": "protocol_final_norm_input_rank",
            "gate": "protocol_final_norm_input_rank_lt_2",
            "gate_score": 0.42068965517241386,
            "kind": "pre_final_norm_route",
            "n": 54,
            "op": "<",
            "predicted_count": 31,
            "predicted_rate": 0.5740740740740741,
            "success_false_positive_rate": 0.3793103448275862,
            "successes": 29,
            "threshold": 2.0
          },
          {
            "failure_capture_rate": 0.52,
            "failure_precision": 0.8125,
            "failures": 25,
            "feature": "protocol_late_shift",
            "gate": "protocol_late_shift_gt_16.12",
            "gate_score": 0.41655172413793107,
            "kind": "protocol_to_final_norm",
            "n": 54,
            "op": ">",
            "predicted_count": 16,
            "predicted_rate": 0.2962962962962963,
            "success_false_positive_rate": 0.10344827586206896,
            "successes": 29,
            "threshold": 16.125
          }
        ]
      },
      "same_format_random_value": {
        "near_readout_reference": [
          {
            "failure_capture_rate": 1.0,
            "failure_precision": 1.0,
            "failures": 63,
            "feature": "final_route_margin",
            "gate": "REF_final_route_margin_lt_-0.0625",
            "gate_score": 1.0,
            "kind": "near_readout_reference",
            "n": 72,
            "op": "<",
            "predicted_count": 63,
            "predicted_rate": 0.875,
            "success_false_positive_rate": 0.0,
            "successes": 9,
            "threshold": -0.0625
          },
          {
            "failure_capture_rate": 1.0,
            "failure_precision": 1.0,
            "failures": 63,
            "feature": "final_route_margin",
            "gate": "REF_final_route_margin_lt_0",
            "gate_score": 1.0,
            "kind": "near_readout_reference",
            "n": 72,
            "op": "<",
            "predicted_count": 63,
            "predicted_rate": 0.875,
            "success_false_positive_rate": 0.0,
            "successes": 9,
            "threshold": 0.0
          },
          {
            "failure_capture_rate": 1.0,
            "failure_precision": 1.0,
            "failures": 63,
            "feature": "final_route_rank",
            "gate": "REF_final_route_rank_gt_1",
            "gate_score": 1.0,
            "kind": "near_readout_reference",
            "n": 72,
            "op": ">",
            "predicted_count": 63,
            "predicted_rate": 0.875,
            "success_false_positive_rate": 0.0,
            "successes": 9,
            "threshold": 1
          },
          {
            "failure_capture_rate": 0.9206349206349206,
            "failure_precision": 1.0,
            "failures": 63,
            "feature": "final_route_margin",
            "gate": "REF_final_route_margin_lt_-2.25",
            "gate_score": 0.9206349206349206,
            "kind": "near_readout_reference",
            "n": 72,
            "op": "<",
            "predicted_count": 58,
            "predicted_rate": 0.8055555555555556,
            "success_false_positive_rate": 0.0,
            "successes": 9,
            "threshold": -2.25
          },
          {
            "failure_capture_rate": 0.6031746031746031,
            "failure_precision": 1.0,
            "failures": 63,
            "feature": "final_route_margin",
            "gate": "REF_final_route_margin_lt_-6.438",
            "gate_score": 0.6031746031746031,
            "kind": "near_readout_reference",
            "n": 72,
            "op": "<",
            "predicted_count": 38,
            "predicted_rate": 0.5277777777777778,
            "success_false_positive_rate": 0.0,
            "successes": 9,
            "threshold": -6.4375
          },
          {
            "failure_capture_rate": 1.0,
            "failure_precision": 0.9,
            "failures": 63,
            "feature": "final_route_margin",
            "gate": "REF_final_route_margin_lt_2.25",
            "gate_score": 0.2222222222222222,
            "kind": "near_readout_reference",
            "n": 72,
            "op": "<",
            "predicted_count": 70,
            "predicted_rate": 0.9722222222222222,
            "success_false_positive_rate": 0.7777777777777778,
            "successes": 9,
            "threshold": 2.25
          }
        ],
        "protocol": [
          {
            "failure_capture_rate": 0.31746031746031744,
            "failure_precision": 1.0,
            "failures": 63,
            "feature": "protocol_late_shift",
            "gate": "protocol_late_shift_lt_47.25",
            "gate_score": 0.31746031746031744,
            "kind": "protocol_to_final_norm",
            "n": 72,
            "op": "<",
            "predicted_count": 20,
            "predicted_rate": 0.2777777777777778,
            "success_false_positive_rate": 0.0,
            "successes": 9,
            "threshold": 47.25
          },
          {
            "failure_capture_rate": 0.20634920634920634,
            "failure_precision": 1.0,
            "failures": 63,
            "feature": "protocol_final_norm_input_margin",
            "gate": "protocol_final_norm_input_margin_lt_56.5",
            "gate_score": 0.20634920634920634,
            "kind": "pre_final_norm_route",
            "n": 72,
            "op": "<",
            "predicted_count": 13,
            "predicted_rate": 0.18055555555555555,
            "success_false_positive_rate": 0.0,
            "successes": 9,
            "threshold": 56.5
          },
          {
            "failure_capture_rate": 1.0,
            "failure_precision": 0.8873239436619719,
            "failures": 63,
            "feature": "protocol_final_norm_input_margin",
            "gate": "protocol_final_norm_input_margin_lt_123",
            "gate_score": 0.11111111111111116,
            "kind": "pre_final_norm_route",
            "n": 72,
            "op": "<",
            "predicted_count": 71,
            "predicted_rate": 0.9861111111111112,
            "success_false_positive_rate": 0.8888888888888888,
            "successes": 9,
            "threshold": 123.0
          },
          {
            "failure_capture_rate": 1.0,
            "failure_precision": 0.8873239436619719,
            "failures": 63,
            "feature": "protocol_late_shift",
            "gate": "protocol_late_shift_lt_107",
            "gate_score": 0.11111111111111116,
            "kind": "protocol_to_final_norm",
            "n": 72,
            "op": "<",
            "predicted_count": 71,
            "predicted_rate": 0.9861111111111112,
            "success_false_positive_rate": 0.8888888888888888,
            "successes": 9,
            "threshold": 107.0
          },
          {
            "failure_capture_rate": 0.031746031746031744,
            "failure_precision": 1.0,
            "failures": 63,
            "feature": "protocol_late_shift",
            "gate": "protocol_late_shift_lt_16.12",
            "gate_score": 0.031746031746031744,
            "kind": "protocol_to_final_norm",
            "n": 72,
            "op": "<",
            "predicted_count": 2,
            "predicted_rate": 0.027777777777777776,
            "success_false_positive_rate": 0.0,
            "successes": 9,
            "threshold": 16.125
          },
          {
            "failure_capture_rate": 1.0,
            "failure_precision": 0.875,
            "failures": 63,
            "feature": "protocol_min_margin",
            "gate": "protocol_min_margin_gt_-77.25",
            "gate_score": 0.0,
            "kind": "protocol_layers",
            "n": 72,
            "op": ">",
            "predicted_count": 72,
            "predicted_rate": 1.0,
            "success_false_positive_rate": 1.0,
            "successes": 9,
            "threshold": -77.25
          },
          {
            "failure_capture_rate": 1.0,
            "failure_precision": 0.875,
            "failures": 63,
            "feature": "protocol_min_margin",
            "gate": "protocol_min_margin_gt_-21.5",
            "gate_score": 0.0,
            "kind": "protocol_layers",
            "n": 72,
            "op": ">",
            "predicted_count": 72,
            "predicted_rate": 1.0,
            "success_false_positive_rate": 1.0,
            "successes": 9,
            "threshold": -21.5
          },
          {
            "failure_capture_rate": 1.0,
            "failure_precision": 0.875,
            "failures": 63,
            "feature": "protocol_min_margin",
            "gate": "protocol_min_margin_gt_-9.75",
            "gate_score": 0.0,
            "kind": "protocol_layers",
            "n": 72,
            "op": ">",
            "predicted_count": 72,
            "predicted_rate": 1.0,
            "success_false_positive_rate": 1.0,
            "successes": 9,
            "threshold": -9.75
          },
          {
            "failure_capture_rate": 1.0,
            "failure_precision": 0.875,
            "failures": 63,
            "feature": "protocol_min_margin",
            "gate": "protocol_min_margin_gt_-1.875",
            "gate_score": 0.0,
            "kind": "protocol_layers",
            "n": 72,
            "op": ">",
            "predicted_count": 72,
            "predicted_rate": 1.0,
            "success_false_positive_rate": 1.0,
            "successes": 9,
            "threshold": -1.875
          },
          {
            "failure_capture_rate": 1.0,
            "failure_precision": 0.875,
            "failures": 63,
            "feature": "protocol_min_margin",
            "gate": "protocol_min_margin_gt_0",
            "gate_score": 0.0,
            "kind": "protocol_layers",
            "n": 72,
            "op": ">",
            "predicted_count": 72,
            "predicted_rate": 1.0,
            "success_false_positive_rate": 1.0,
            "successes": 9,
            "threshold": 0.0
          }
        ]
      },
      "same_prefix_different_continuation": {
        "near_readout_reference": [
          {
            "failure_capture_rate": 1.0,
            "failure_precision": 1.0,
            "failures": 23,
            "feature": "final_route_margin",
            "gate": "REF_final_route_margin_lt_-0.0625",
            "gate_score": 1.0,
            "kind": "near_readout_reference",
            "n": 24,
            "op": "<",
            "predicted_count": 23,
            "predicted_rate": 0.9583333333333334,
            "success_false_positive_rate": 0.0,
            "successes": 1,
            "threshold": -0.0625
          },
          {
            "failure_capture_rate": 1.0,
            "failure_precision": 1.0,
            "failures": 23,
            "feature": "final_route_margin",
            "gate": "REF_final_route_margin_lt_0",
            "gate_score": 1.0,
            "kind": "near_readout_reference",
            "n": 24,
            "op": "<",
            "predicted_count": 23,
            "predicted_rate": 0.9583333333333334,
            "success_false_positive_rate": 0.0,
            "successes": 1,
            "threshold": 0.0
          },
          {
            "failure_capture_rate": 1.0,
            "failure_precision": 1.0,
            "failures": 23,
            "feature": "final_route_rank",
            "gate": "REF_final_route_rank_gt_1",
            "gate_score": 1.0,
            "kind": "near_readout_reference",
            "n": 24,
            "op": ">",
            "predicted_count": 23,
            "predicted_rate": 0.9583333333333334,
            "success_false_positive_rate": 0.0,
            "successes": 1,
            "threshold": 1
          },
          {
            "failure_capture_rate": 0.4782608695652174,
            "failure_precision": 1.0,
            "failures": 23,
            "feature": "final_route_margin",
            "gate": "REF_final_route_margin_lt_-2.25",
            "gate_score": 0.4782608695652174,
            "kind": "near_readout_reference",
            "n": 24,
            "op": "<",
            "predicted_count": 11,
            "predicted_rate": 0.4583333333333333,
            "success_false_positive_rate": 0.0,
            "successes": 1,
            "threshold": -2.25
          },
          {
            "failure_capture_rate": 1.0,
            "failure_precision": 0.9583333333333334,
            "failures": 23,
            "feature": "final_route_margin",
            "gate": "REF_final_route_margin_lt_2.25",
            "gate_score": 0.0,
            "kind": "near_readout_reference",
            "n": 24,
            "op": "<",
            "predicted_count": 24,
            "predicted_rate": 1.0,
            "success_false_positive_rate": 1.0,
            "successes": 1,
            "threshold": 2.25
          },
          {
            "failure_capture_rate": 1.0,
            "failure_precision": 0.9583333333333334,
            "failures": 23,
            "feature": "final_route_margin",
            "gate": "REF_final_route_margin_lt_7.125",
            "gate_score": 0.0,
            "kind": "near_readout_reference",
            "n": 24,
            "op": "<",
            "predicted_count": 24,
            "predicted_rate": 1.0,
            "success_false_positive_rate": 1.0,
            "successes": 1,
            "threshold": 7.125
          }
        ],
        "protocol": [
          {
            "failure_capture_rate": 0.9130434782608695,
            "failure_precision": 1.0,
            "failures": 23,
            "feature": "protocol_min_margin",
            "gate": "protocol_min_margin_lt_0",
            "gate_score": 0.9130434782608695,
            "kind": "protocol_layers",
            "n": 24,
            "op": "<",
            "predicted_count": 21,
            "predicted_rate": 0.875,
            "success_false_positive_rate": 0.0,
            "successes": 1,
            "threshold": 0.0
          },
          {
            "failure_capture_rate": 0.9130434782608695,
            "failure_precision": 1.0,
            "failures": 23,
            "feature": "protocol_min_margin",
            "gate": "protocol_min_margin_lt_0.03125",
            "gate_score": 0.9130434782608695,
            "kind": "protocol_layers",
            "n": 24,
            "op": "<",
            "predicted_count": 21,
            "predicted_rate": 0.875,
            "success_false_positive_rate": 0.0,
            "successes": 1,
            "threshold": 0.03125
          },
          {
            "failure_capture_rate": 0.9130434782608695,
            "failure_precision": 1.0,
            "failures": 23,
            "feature": "protocol_negative_count",
            "gate": "protocol_negative_count_gt_0",
            "gate_score": 0.9130434782608695,
            "kind": "protocol_layers",
            "n": 24,
            "op": ">",
            "predicted_count": 21,
            "predicted_rate": 0.875,
            "success_false_positive_rate": 0.0,
            "successes": 1,
            "threshold": 0.0
          },
          {
            "failure_capture_rate": 0.9130434782608695,
            "failure_precision": 1.0,
            "failures": 23,
            "feature": "protocol_negative_count",
            "gate": "protocol_negative_count_gt_0.5",
            "gate_score": 0.9130434782608695,
            "kind": "protocol_layers",
            "n": 24,
            "op": ">",
            "predicted_count": 21,
            "predicted_rate": 0.875,
            "success_false_positive_rate": 0.0,
            "successes": 1,
            "threshold": 0.5
          },
          {
            "failure_capture_rate": 0.9130434782608695,
            "failure_precision": 1.0,
            "failures": 23,
            "feature": "protocol_first_negative_frac",
            "gate": "protocol_first_negative_frac_lt_0.5556",
            "gate_score": 0.9130434782608695,
            "kind": "protocol_layers",
            "n": 24,
            "op": "<",
            "predicted_count": 21,
            "predicted_rate": 0.875,
            "success_false_positive_rate": 0.0,
            "successes": 1,
            "threshold": 0.5555555555555556
          },
          {
            "failure_capture_rate": 0.9130434782608695,
            "failure_precision": 1.0,
            "failures": 23,
            "feature": "protocol_first_negative_frac",
            "gate": "protocol_first_negative_frac_lt_0.5926",
            "gate_score": 0.9130434782608695,
            "kind": "protocol_layers",
            "n": 24,
            "op": "<",
            "predicted_count": 21,
            "predicted_rate": 0.875,
            "success_false_positive_rate": 0.0,
            "successes": 1,
            "threshold": 0.5925925925925926
          },
          {
            "failure_capture_rate": 0.9130434782608695,
            "failure_precision": 1.0,
            "failures": 23,
            "feature": "protocol_first_negative_frac",
            "gate": "protocol_first_negative_frac_lt_2",
            "gate_score": 0.9130434782608695,
            "kind": "protocol_layers",
            "n": 24,
            "op": "<",
            "predicted_count": 21,
            "predicted_rate": 0.875,
            "success_false_positive_rate": 0.0,
            "successes": 1,
            "threshold": 2.0
          },
          {
            "failure_capture_rate": 0.782608695652174,
            "failure_precision": 1.0,
            "failures": 23,
            "feature": "protocol_min_margin",
            "gate": "protocol_min_margin_lt_-1.875",
            "gate_score": 0.782608695652174,
            "kind": "protocol_layers",
            "n": 24,
            "op": "<",
            "predicted_count": 18,
            "predicted_rate": 0.75,
            "success_false_positive_rate": 0.0,
            "successes": 1,
            "threshold": -1.875
          },
          {
            "failure_capture_rate": 0.6956521739130435,
            "failure_precision": 1.0,
            "failures": 23,
            "feature": "protocol_negative_count",
            "gate": "protocol_negative_count_gt_2",
            "gate_score": 0.6956521739130435,
            "kind": "protocol_layers",
            "n": 24,
            "op": ">",
            "predicted_count": 16,
            "predicted_rate": 0.6666666666666666,
            "success_false_positive_rate": 0.0,
            "successes": 1,
            "threshold": 2.0
          },
          {
            "failure_capture_rate": 0.6956521739130435,
            "failure_precision": 1.0,
            "failures": 23,
            "feature": "protocol_negative_count",
            "gate": "protocol_negative_count_gt_5",
            "gate_score": 0.6956521739130435,
            "kind": "protocol_layers",
            "n": 24,
            "op": ">",
            "predicted_count": 16,
            "predicted_rate": 0.6666666666666666,
            "success_false_positive_rate": 0.0,
            "successes": 1,
            "threshold": 5.0
          }
        ]
      },
      "same_value_different_format": {
        "near_readout_reference": [
          {
            "failure_capture_rate": 0.94,
            "failure_precision": 1.0,
            "failures": 50,
            "feature": "final_route_margin",
            "gate": "REF_final_route_margin_lt_-0.0625",
            "gate_score": 0.94,
            "kind": "near_readout_reference",
            "n": 144,
            "op": "<",
            "predicted_count": 47,
            "predicted_rate": 0.3263888888888889,
            "success_false_positive_rate": 0.0,
            "successes": 94,
            "threshold": -0.0625
          },
          {
            "failure_capture_rate": 0.94,
            "failure_precision": 1.0,
            "failures": 50,
            "feature": "final_route_margin",
            "gate": "REF_final_route_margin_lt_0",
            "gate_score": 0.94,
            "kind": "near_readout_reference",
            "n": 144,
            "op": "<",
            "predicted_count": 47,
            "predicted_rate": 0.3263888888888889,
            "success_false_positive_rate": 0.0,
            "successes": 94,
            "threshold": 0.0
          },
          {
            "failure_capture_rate": 0.94,
            "failure_precision": 1.0,
            "failures": 50,
            "feature": "final_route_rank",
            "gate": "REF_final_route_rank_gt_1",
            "gate_score": 0.94,
            "kind": "near_readout_reference",
            "n": 144,
            "op": ">",
            "predicted_count": 47,
            "predicted_rate": 0.3263888888888889,
            "success_false_positive_rate": 0.0,
            "successes": 94,
            "threshold": 1
          },
          {
            "failure_capture_rate": 1.0,
            "failure_precision": 0.704225352112676,
            "failures": 50,
            "feature": "final_route_margin",
            "gate": "REF_final_route_margin_lt_2.25",
            "gate_score": 0.7765957446808511,
            "kind": "near_readout_reference",
            "n": 144,
            "op": "<",
            "predicted_count": 71,
            "predicted_rate": 0.4930555555555556,
            "success_false_positive_rate": 0.22340425531914893,
            "successes": 94,
            "threshold": 2.25
          },
          {
            "failure_capture_rate": 0.76,
            "failure_precision": 1.0,
            "failures": 50,
            "feature": "final_route_margin",
            "gate": "REF_final_route_margin_lt_-2.25",
            "gate_score": 0.76,
            "kind": "near_readout_reference",
            "n": 144,
            "op": "<",
            "predicted_count": 38,
            "predicted_rate": 0.2638888888888889,
            "success_false_positive_rate": 0.0,
            "successes": 94,
            "threshold": -2.25
          },
          {
            "failure_capture_rate": 0.14,
            "failure_precision": 1.0,
            "failures": 50,
            "feature": "final_route_margin",
            "gate": "REF_final_route_margin_lt_-6.438",
            "gate_score": 0.14,
            "kind": "near_readout_reference",
            "n": 144,
            "op": "<",
            "predicted_count": 7,
            "predicted_rate": 0.04861111111111111,
            "success_false_positive_rate": 0.0,
            "successes": 94,
            "threshold": -6.4375
          }
        ],
        "protocol": [
          {
            "failure_capture_rate": 0.54,
            "failure_precision": 0.8709677419354839,
            "failures": 50,
            "feature": "protocol_final_norm_input_rank",
            "gate": "protocol_final_norm_input_rank_gt_4",
            "gate_score": 0.4974468085106383,
            "kind": "pre_final_norm_route",
            "n": 144,
            "op": ">",
            "predicted_count": 31,
            "predicted_rate": 0.2152777777777778,
            "success_false_positive_rate": 0.0425531914893617,
            "successes": 94,
            "threshold": 4.0
          },
          {
            "failure_capture_rate": 0.48,
            "failure_precision": 1.0,
            "failures": 50,
            "feature": "protocol_final_norm_input_rank",
            "gate": "protocol_final_norm_input_rank_gt_5",
            "gate_score": 0.48,
            "kind": "pre_final_norm_route",
            "n": 144,
            "op": ">",
            "predicted_count": 24,
            "predicted_rate": 0.16666666666666666,
            "success_false_positive_rate": 0.0,
            "successes": 94,
            "threshold": 5.0
          },
          {
            "failure_capture_rate": 0.58,
            "failure_precision": 0.6590909090909091,
            "failures": 50,
            "feature": "protocol_max_margin",
            "gate": "protocol_max_margin_lt_-8.109",
            "gate_score": 0.42042553191489357,
            "kind": "protocol_layers",
            "n": 144,
            "op": "<",
            "predicted_count": 44,
            "predicted_rate": 0.3055555555555556,
            "success_false_positive_rate": 0.1595744680851064,
            "successes": 94,
            "threshold": -8.109375
          },
          {
            "failure_capture_rate": 0.58,
            "failure_precision": 0.5918367346938775,
            "failures": 50,
            "feature": "protocol_min_margin",
            "gate": "protocol_min_margin_lt_-21.5",
            "gate_score": 0.3672340425531915,
            "kind": "protocol_layers",
            "n": 144,
            "op": "<",
            "predicted_count": 49,
            "predicted_rate": 0.3402777777777778,
            "success_false_positive_rate": 0.2127659574468085,
            "successes": 94,
            "threshold": -21.5
          },
          {
            "failure_capture_rate": 0.56,
            "failure_precision": 0.5714285714285714,
            "failures": 50,
            "feature": "protocol_last_margin",
            "gate": "protocol_last_margin_lt_-17.69",
            "gate_score": 0.3365957446808511,
            "kind": "protocol_layers",
            "n": 144,
            "op": "<",
            "predicted_count": 49,
            "predicted_rate": 0.3402777777777778,
            "success_false_positive_rate": 0.22340425531914893,
            "successes": 94,
            "threshold": -17.6875
          },
          {
            "failure_capture_rate": 0.54,
            "failure_precision": 0.5625,
            "failures": 50,
            "feature": "protocol_final_norm_input_margin",
            "gate": "protocol_final_norm_input_margin_lt_-43.5",
            "gate_score": 0.3165957446808511,
            "kind": "pre_final_norm_route",
            "n": 144,
            "op": "<",
            "predicted_count": 48,
            "predicted_rate": 0.3333333333333333,
            "success_false_positive_rate": 0.22340425531914893,
            "successes": 94,
            "threshold": -43.5
          },
          {
            "failure_capture_rate": 0.56,
            "failure_precision": 0.5490196078431373,
            "failures": 50,
            "feature": "protocol_final_norm_input_rank",
            "gate": "protocol_final_norm_input_rank_gt_2",
            "gate_score": 0.3153191489361703,
            "kind": "pre_final_norm_route",
            "n": 144,
            "op": ">",
            "predicted_count": 51,
            "predicted_rate": 0.3541666666666667,
            "success_false_positive_rate": 0.24468085106382978,
            "successes": 94,
            "threshold": 2.0
          },
          {
            "failure_capture_rate": 0.54,
            "failure_precision": 0.46551724137931033,
            "failures": 50,
            "feature": "protocol_late_shift",
            "gate": "protocol_late_shift_lt_-25.25",
            "gate_score": 0.21021276595744687,
            "kind": "protocol_to_final_norm",
            "n": 144,
            "op": "<",
            "predicted_count": 58,
            "predicted_rate": 0.4027777777777778,
            "success_false_positive_rate": 0.32978723404255317,
            "successes": 94,
            "threshold": -25.25
          },
          {
            "failure_capture_rate": 0.18,
            "failure_precision": 1.0,
            "failures": 50,
            "feature": "protocol_max_margin",
            "gate": "protocol_max_margin_gt_10.62",
            "gate_score": 0.18,
            "kind": "protocol_layers",
            "n": 144,
            "op": ">",
            "predicted_count": 9,
            "predicted_rate": 0.0625,
            "success_false_positive_rate": 0.0,
            "successes": 94,
            "threshold": 10.625
          },
          {
            "failure_capture_rate": 0.16,
            "failure_precision": 1.0,
            "failures": 50,
            "feature": "protocol_min_margin",
            "gate": "protocol_min_margin_gt_-1.875",
            "gate_score": 0.16,
            "kind": "protocol_layers",
            "n": 144,
            "op": ">",
            "predicted_count": 8,
            "predicted_rate": 0.05555555555555555,
            "success_false_positive_rate": 0.0,
            "successes": 94,
            "threshold": -1.875
          }
        ]
      }
    },
    "holdout": {
      "factor_isolation": {
        "n_test": 27,
        "n_train": 27,
        "near_readout_reference": {
          "gate": "REF_final_route_margin_lt_0",
          "kind": "near_readout_reference",
          "test": {
            "failure_capture_rate": 0.6153846153846154,
            "failure_precision": 1.0,
            "failures": 13,
            "feature": "final_route_margin",
            "gate": "REF_final_route_margin_lt_0",
            "gate_score": 0.6153846153846154,
            "kind": "near_readout_reference",
            "n": 27,
            "op": "<",
            "predicted_count": 8,
            "predicted_rate": 0.2962962962962963,
            "success_false_positive_rate": 0.0,
            "successes": 14,
            "threshold": 0.0
          },
          "train": {
            "failure_capture_rate": 0.75,
            "failure_precision": 1.0,
            "failures": 12,
            "feature": "final_route_margin",
            "gate": "REF_final_route_margin_lt_0",
            "gate_score": 0.75,
            "kind": "near_readout_reference",
            "n": 27,
            "op": "<",
            "predicted_count": 9,
            "predicted_rate": 0.3333333333333333,
            "success_false_positive_rate": 0.0,
            "successes": 15,
            "threshold": 0.0
          }
        },
        "protocol": {
          "gate": "protocol_late_shift_gt_-0.6875",
          "kind": "protocol_to_final_norm",
          "test": {
            "failure_capture_rate": 0.9230769230769231,
            "failure_precision": 0.7058823529411765,
            "failures": 13,
            "feature": "protocol_late_shift",
            "gate": "protocol_late_shift_gt_-0.6875",
            "gate_score": 0.5659340659340659,
            "kind": "protocol_to_final_norm",
            "n": 27,
            "op": ">",
            "predicted_count": 17,
            "predicted_rate": 0.6296296296296297,
            "success_false_positive_rate": 0.35714285714285715,
            "successes": 14,
            "threshold": -0.6875
          },
          "train": {
            "failure_capture_rate": 0.9166666666666666,
            "failure_precision": 0.6875,
            "failures": 12,
            "feature": "protocol_late_shift",
            "gate": "protocol_late_shift_gt_-0.6875",
            "gate_score": 0.5833333333333333,
            "kind": "protocol_to_final_norm",
            "n": 27,
            "op": ">",
            "predicted_count": 16,
            "predicted_rate": 0.5925925925925926,
            "success_false_positive_rate": 0.3333333333333333,
            "successes": 15,
            "threshold": -0.6875
          }
        },
        "test_failures": 13,
        "train_failures": 12
      },
      "overall": {
        "n_test": 171,
        "n_train": 171,
        "near_readout_reference": {
          "gate": "REF_final_route_margin_lt_0",
          "kind": "near_readout_reference",
          "test": {
            "failure_capture_rate": 0.93,
            "failure_precision": 1.0,
            "failures": 100,
            "feature": "final_route_margin",
            "gate": "REF_final_route_margin_lt_0",
            "gate_score": 0.93,
            "kind": "near_readout_reference",
            "n": 171,
            "op": "<",
            "predicted_count": 93,
            "predicted_rate": 0.543859649122807,
            "success_false_positive_rate": 0.0,
            "successes": 71,
            "threshold": 0.0
          },
          "train": {
            "failure_capture_rate": 0.9439252336448598,
            "failure_precision": 1.0,
            "failures": 107,
            "feature": "final_route_margin",
            "gate": "REF_final_route_margin_lt_0",
            "gate_score": 0.9439252336448598,
            "kind": "near_readout_reference",
            "n": 171,
            "op": "<",
            "predicted_count": 101,
            "predicted_rate": 0.5906432748538012,
            "success_false_positive_rate": 0.0,
            "successes": 64,
            "threshold": 0.0
          }
        },
        "protocol": {
          "gate": "protocol_min_margin_gt_-8.531",
          "kind": "protocol_layers",
          "test": {
            "failure_capture_rate": 0.64,
            "failure_precision": 0.5925925925925926,
            "failures": 100,
            "feature": "protocol_min_margin",
            "gate": "protocol_min_margin_gt_-8.531",
            "gate_score": 0.020281690140845132,
            "kind": "protocol_layers",
            "n": 171,
            "op": ">",
            "predicted_count": 108,
            "predicted_rate": 0.631578947368421,
            "success_false_positive_rate": 0.6197183098591549,
            "successes": 71,
            "threshold": -8.53125
          },
          "train": {
            "failure_capture_rate": 0.822429906542056,
            "failure_precision": 0.9072164948453608,
            "failures": 107,
            "feature": "protocol_min_margin",
            "gate": "protocol_min_margin_gt_-8.531",
            "gate_score": 0.681804906542056,
            "kind": "protocol_layers",
            "n": 171,
            "op": ">",
            "predicted_count": 97,
            "predicted_rate": 0.5672514619883041,
            "success_false_positive_rate": 0.140625,
            "successes": 64,
            "threshold": -8.53125
          }
        },
        "test_failures": 100,
        "train_failures": 107
      },
      "same_value_different_format": {
        "n_test": 72,
        "n_train": 72,
        "near_readout_reference": {
          "gate": "REF_final_route_margin_lt_0",
          "kind": "near_readout_reference",
          "test": {
            "failure_capture_rate": 1.0,
            "failure_precision": 1.0,
            "failures": 24,
            "feature": "final_route_margin",
            "gate": "REF_final_route_margin_lt_0",
            "gate_score": 1.0,
            "kind": "near_readout_reference",
            "n": 72,
            "op": "<",
            "predicted_count": 24,
            "predicted_rate": 0.3333333333333333,
            "success_false_positive_rate": 0.0,
            "successes": 48,
            "threshold": 0.0
          },
          "train": {
            "failure_capture_rate": 0.8846153846153846,
            "failure_precision": 1.0,
            "failures": 26,
            "feature": "final_route_margin",
            "gate": "REF_final_route_margin_lt_0",
            "gate_score": 0.8846153846153846,
            "kind": "near_readout_reference",
            "n": 72,
            "op": "<",
            "predicted_count": 23,
            "predicted_rate": 0.3194444444444444,
            "success_false_positive_rate": 0.0,
            "successes": 46,
            "threshold": 0.0
          }
        },
        "protocol": {
          "gate": "protocol_min_margin_gt_-6.188",
          "kind": "protocol_layers",
          "test": {
            "failure_capture_rate": 0.0,
            "failure_precision": 0.0,
            "failures": 24,
            "feature": "protocol_min_margin",
            "gate": "protocol_min_margin_gt_-6.188",
            "gate_score": -0.5208333333333334,
            "kind": "protocol_layers",
            "n": 72,
            "op": ">",
            "predicted_count": 25,
            "predicted_rate": 0.3472222222222222,
            "success_false_positive_rate": 0.5208333333333334,
            "successes": 48,
            "threshold": -6.1875
          },
          "train": {
            "failure_capture_rate": 0.6538461538461539,
            "failure_precision": 0.9444444444444444,
            "failures": 26,
            "feature": "protocol_min_margin",
            "gate": "protocol_min_margin_gt_-6.188",
            "gate_score": 0.6321070234113713,
            "kind": "protocol_layers",
            "n": 72,
            "op": ">",
            "predicted_count": 18,
            "predicted_rate": 0.25,
            "success_false_positive_rate": 0.021739130434782608,
            "successes": 46,
            "threshold": -6.1875
          }
        },
        "test_failures": 24,
        "train_failures": 26
      }
    },
    "model": "deepseek7b",
    "top_near_readout_reference_gates": [
      {
        "failure_capture_rate": 0.9371980676328503,
        "failure_precision": 1.0,
        "failures": 207,
        "feature": "final_route_margin",
        "gate": "REF_final_route_margin_lt_-0.0625",
        "gate_score": 0.9371980676328503,
        "kind": "near_readout_reference",
        "n": 342,
        "op": "<",
        "predicted_count": 194,
        "predicted_rate": 0.5672514619883041,
        "success_false_positive_rate": 0.0,
        "successes": 135,
        "threshold": -0.0625
      },
      {
        "failure_capture_rate": 0.9371980676328503,
        "failure_precision": 1.0,
        "failures": 207,
        "feature": "final_route_margin",
        "gate": "REF_final_route_margin_lt_0",
        "gate_score": 0.9371980676328503,
        "kind": "near_readout_reference",
        "n": 342,
        "op": "<",
        "predicted_count": 194,
        "predicted_rate": 0.5672514619883041,
        "success_false_positive_rate": 0.0,
        "successes": 135,
        "threshold": 0.0
      },
      {
        "failure_capture_rate": 0.9371980676328503,
        "failure_precision": 1.0,
        "failures": 207,
        "feature": "final_route_rank",
        "gate": "REF_final_route_rank_gt_1",
        "gate_score": 0.9371980676328503,
        "kind": "near_readout_reference",
        "n": 342,
        "op": ">",
        "predicted_count": 194,
        "predicted_rate": 0.5672514619883041,
        "success_false_positive_rate": 0.0,
        "successes": 135,
        "threshold": 1
      },
      {
        "failure_capture_rate": 0.6956521739130435,
        "failure_precision": 1.0,
        "failures": 207,
        "feature": "final_route_margin",
        "gate": "REF_final_route_margin_lt_-2.25",
        "gate_score": 0.6956521739130435,
        "kind": "near_readout_reference",
        "n": 342,
        "op": "<",
        "predicted_count": 144,
        "predicted_rate": 0.42105263157894735,
        "success_false_positive_rate": 0.0,
        "successes": 135,
        "threshold": -2.25
      },
      {
        "failure_capture_rate": 0.966183574879227,
        "failure_precision": 0.8438818565400844,
        "failures": 207,
        "feature": "final_route_margin",
        "gate": "REF_final_route_margin_lt_2.25",
        "gate_score": 0.692109500805153,
        "kind": "near_readout_reference",
        "n": 342,
        "op": "<",
        "predicted_count": 237,
        "predicted_rate": 0.6929824561403509,
        "success_false_positive_rate": 0.2740740740740741,
        "successes": 135,
        "threshold": 2.25
      },
      {
        "failure_capture_rate": 0.2753623188405797,
        "failure_precision": 1.0,
        "failures": 207,
        "feature": "final_route_margin",
        "gate": "REF_final_route_margin_lt_-6.438",
        "gate_score": 0.2753623188405797,
        "kind": "near_readout_reference",
        "n": 342,
        "op": "<",
        "predicted_count": 57,
        "predicted_rate": 0.16666666666666666,
        "success_false_positive_rate": 0.0,
        "successes": 135,
        "threshold": -6.4375
      },
      {
        "failure_capture_rate": 1.0,
        "failure_precision": 0.6070381231671554,
        "failures": 207,
        "feature": "final_route_margin",
        "gate": "REF_final_route_margin_lt_7.125",
        "gate_score": 0.007407407407407418,
        "kind": "near_readout_reference",
        "n": 342,
        "op": "<",
        "predicted_count": 341,
        "predicted_rate": 0.9970760233918129,
        "success_false_positive_rate": 0.9925925925925926,
        "successes": 135,
        "threshold": 7.125
      },
      {
        "failure_capture_rate": 0.0,
        "failure_precision": 0.0,
        "failures": 207,
        "feature": "final_route_margin",
        "gate": "REF_final_route_margin_lt_-11.27",
        "gate_score": 0.0,
        "kind": "near_readout_reference",
        "n": 342,
        "op": "<",
        "predicted_count": 0,
        "predicted_rate": 0.0,
        "success_false_positive_rate": 0.0,
        "successes": 135,
        "threshold": -11.265625
      }
    ],
    "top_protocol_gates": [
      {
        "failure_capture_rate": 0.7198067632850241,
        "failure_precision": 0.772020725388601,
        "failures": 207,
        "feature": "protocol_final_norm_input_margin",
        "gate": "protocol_final_norm_input_margin_gt_12.5",
        "gate_score": 0.3938808373590982,
        "kind": "pre_final_norm_route",
        "n": 342,
        "op": ">",
        "predicted_count": 193,
        "predicted_rate": 0.564327485380117,
        "success_false_positive_rate": 0.32592592592592595,
        "successes": 135,
        "threshold": 12.5
      },
      {
        "failure_capture_rate": 0.6135265700483091,
        "failure_precision": 0.7987421383647799,
        "failures": 207,
        "feature": "protocol_negative_count",
        "gate": "protocol_negative_count_lt_8",
        "gate_score": 0.3764895330112721,
        "kind": "protocol_layers",
        "n": 342,
        "op": "<",
        "predicted_count": 159,
        "predicted_rate": 0.4649122807017544,
        "success_false_positive_rate": 0.23703703703703705,
        "successes": 135,
        "threshold": 8.0
      },
      {
        "failure_capture_rate": 0.714975845410628,
        "failure_precision": 0.7589743589743589,
        "failures": 207,
        "feature": "protocol_last_margin",
        "gate": "protocol_last_margin_gt_-3.375",
        "gate_score": 0.3668276972624798,
        "kind": "protocol_layers",
        "n": 342,
        "op": ">",
        "predicted_count": 195,
        "predicted_rate": 0.5701754385964912,
        "success_false_positive_rate": 0.34814814814814815,
        "successes": 135,
        "threshold": -3.375
      },
      {
        "failure_capture_rate": 0.6666666666666666,
        "failure_precision": 0.770949720670391,
        "failures": 207,
        "feature": "protocol_last_margin",
        "gate": "protocol_last_margin_gt_0",
        "gate_score": 0.36296296296296293,
        "kind": "protocol_layers",
        "n": 342,
        "op": ">",
        "predicted_count": 179,
        "predicted_rate": 0.5233918128654971,
        "success_false_positive_rate": 0.3037037037037037,
        "successes": 135,
        "threshold": 0.0
      },
      {
        "failure_capture_rate": 0.6811594202898551,
        "failure_precision": 0.7663043478260869,
        "failures": 207,
        "feature": "protocol_max_margin",
        "gate": "protocol_max_margin_gt_0",
        "gate_score": 0.36264090177133657,
        "kind": "protocol_layers",
        "n": 342,
        "op": ">",
        "predicted_count": 184,
        "predicted_rate": 0.5380116959064327,
        "success_false_positive_rate": 0.31851851851851853,
        "successes": 135,
        "threshold": 0.0
      },
      {
        "failure_capture_rate": 0.6473429951690821,
        "failure_precision": 0.7745664739884393,
        "failures": 207,
        "feature": "protocol_late_shift",
        "gate": "protocol_late_shift_gt_16.12",
        "gate_score": 0.35845410628019325,
        "kind": "protocol_to_final_norm",
        "n": 342,
        "op": ">",
        "predicted_count": 173,
        "predicted_rate": 0.5058479532163743,
        "success_false_positive_rate": 0.28888888888888886,
        "successes": 135,
        "threshold": 16.125
      },
      {
        "failure_capture_rate": 0.6666666666666666,
        "failure_precision": 0.7666666666666667,
        "failures": 207,
        "feature": "protocol_last_margin",
        "gate": "protocol_last_margin_gt_-0.0625",
        "gate_score": 0.3555555555555555,
        "kind": "protocol_layers",
        "n": 342,
        "op": ">",
        "predicted_count": 180,
        "predicted_rate": 0.5263157894736842,
        "success_false_positive_rate": 0.3111111111111111,
        "successes": 135,
        "threshold": -0.0625
      },
      {
        "failure_capture_rate": 0.6811594202898551,
        "failure_precision": 0.7621621621621621,
        "failures": 207,
        "feature": "protocol_max_margin",
        "gate": "protocol_max_margin_gt_-0.03125",
        "gate_score": 0.35523349436392915,
        "kind": "protocol_layers",
        "n": 342,
        "op": ">",
        "predicted_count": 185,
        "predicted_rate": 0.5409356725146199,
        "success_false_positive_rate": 0.32592592592592595,
        "successes": 135,
        "threshold": -0.03125
      },
      {
        "failure_capture_rate": 0.6811594202898551,
        "failure_precision": 0.7621621621621621,
        "failures": 207,
        "feature": "protocol_negative_count",
        "gate": "protocol_negative_count_lt_10",
        "gate_score": 0.35523349436392915,
        "kind": "protocol_layers",
        "n": 342,
        "op": "<",
        "predicted_count": 185,
        "predicted_rate": 0.5409356725146199,
        "success_false_positive_rate": 0.32592592592592595,
        "successes": 135,
        "threshold": 10.0
      },
      {
        "failure_capture_rate": 0.748792270531401,
        "failure_precision": 0.7416267942583732,
        "failures": 207,
        "feature": "protocol_min_margin",
        "gate": "protocol_min_margin_gt_-9.75",
        "gate_score": 0.34879227053140094,
        "kind": "protocol_layers",
        "n": 342,
        "op": ">",
        "predicted_count": 209,
        "predicted_rate": 0.6111111111111112,
        "success_false_positive_rate": 0.4,
        "successes": 135,
        "threshold": -9.75
      },
      {
        "failure_capture_rate": 0.7922705314009661,
        "failure_precision": 0.7321428571428571,
        "failures": 207,
        "feature": "protocol_late_shift",
        "gate": "protocol_late_shift_gt_-0.09375",
        "gate_score": 0.34782608695652173,
        "kind": "protocol_to_final_norm",
        "n": 342,
        "op": ">",
        "predicted_count": 224,
        "predicted_rate": 0.6549707602339181,
        "success_false_positive_rate": 0.4444444444444444,
        "successes": 135,
        "threshold": -0.09375
      },
      {
        "failure_capture_rate": 0.7922705314009661,
        "failure_precision": 0.7321428571428571,
        "failures": 207,
        "feature": "protocol_late_shift",
        "gate": "protocol_late_shift_gt_0",
        "gate_score": 0.34782608695652173,
        "kind": "protocol_to_final_norm",
        "n": 342,
        "op": ">",
        "predicted_count": 224,
        "predicted_rate": 0.6549707602339181,
        "success_false_positive_rate": 0.4444444444444444,
        "successes": 135,
        "threshold": 0.0
      },
      {
        "failure_capture_rate": 0.7681159420289855,
        "failure_precision": 0.7361111111111112,
        "failures": 207,
        "feature": "protocol_final_norm_input_margin",
        "gate": "protocol_final_norm_input_margin_gt_-0.5",
        "gate_score": 0.34589371980676326,
        "kind": "pre_final_norm_route",
        "n": 342,
        "op": ">",
        "predicted_count": 216,
        "predicted_rate": 0.631578947368421,
        "success_false_positive_rate": 0.4222222222222222,
        "successes": 135,
        "threshold": -0.5
      },
      {
        "failure_capture_rate": 0.7681159420289855,
        "failure_precision": 0.7361111111111112,
        "failures": 207,
        "feature": "protocol_final_norm_input_rank",
        "gate": "protocol_final_norm_input_rank_lt_2",
        "gate_score": 0.34589371980676326,
        "kind": "pre_final_norm_route",
        "n": 342,
        "op": "<",
        "predicted_count": 216,
        "predicted_rate": 0.631578947368421,
        "success_false_positive_rate": 0.4222222222222222,
        "successes": 135,
        "threshold": 2.0
      },
      {
        "failure_capture_rate": 0.4927536231884058,
        "failure_precision": 0.8360655737704918,
        "failures": 207,
        "feature": "protocol_max_margin",
        "gate": "protocol_max_margin_gt_10.62",
        "gate_score": 0.3446054750402577,
        "kind": "protocol_layers",
        "n": 342,
        "op": ">",
        "predicted_count": 122,
        "predicted_rate": 0.3567251461988304,
        "success_false_positive_rate": 0.14814814814814814,
        "successes": 135,
        "threshold": 10.625
      },
      {
        "failure_capture_rate": 0.4830917874396135,
        "failure_precision": 0.8403361344537815,
        "failures": 207,
        "feature": "protocol_last_margin",
        "gate": "protocol_last_margin_gt_10.88",
        "gate_score": 0.34235104669887273,
        "kind": "protocol_layers",
        "n": 342,
        "op": ">",
        "predicted_count": 119,
        "predicted_rate": 0.347953216374269,
        "success_false_positive_rate": 0.14074074074074075,
        "successes": 135,
        "threshold": 10.875
      },
      {
        "failure_capture_rate": 0.7584541062801933,
        "failure_precision": 0.7336448598130841,
        "failures": 207,
        "feature": "protocol_final_norm_input_margin",
        "gate": "protocol_final_norm_input_margin_gt_0",
        "gate_score": 0.33623188405797105,
        "kind": "pre_final_norm_route",
        "n": 342,
        "op": ">",
        "predicted_count": 214,
        "predicted_rate": 0.6257309941520468,
        "success_false_positive_rate": 0.4222222222222222,
        "successes": 135,
        "threshold": 0.0
      },
      {
        "failure_capture_rate": 0.4830917874396135,
        "failure_precision": 0.8264462809917356,
        "failures": 207,
        "feature": "protocol_negative_count",
        "gate": "protocol_negative_count_lt_5",
        "gate_score": 0.32753623188405795,
        "kind": "protocol_layers",
        "n": 342,
        "op": "<",
        "predicted_count": 121,
        "predicted_rate": 0.3538011695906433,
        "success_false_positive_rate": 0.15555555555555556,
        "successes": 135,
        "threshold": 5.0
      },
      {
        "failure_capture_rate": 0.47342995169082125,
        "failure_precision": 0.8235294117647058,
        "failures": 207,
        "feature": "protocol_min_margin",
        "gate": "protocol_min_margin_gt_-1.875",
        "gate_score": 0.3178743961352657,
        "kind": "protocol_layers",
        "n": 342,
        "op": ">",
        "predicted_count": 119,
        "predicted_rate": 0.347953216374269,
        "success_false_positive_rate": 0.15555555555555556,
        "successes": 135,
        "threshold": -1.875
      },
      {
        "failure_capture_rate": 0.714975845410628,
        "failure_precision": 0.7254901960784313,
        "failures": 207,
        "feature": "protocol_max_margin",
        "gate": "protocol_max_margin_gt_-1.188",
        "gate_score": 0.30016103059581317,
        "kind": "protocol_layers",
        "n": 342,
        "op": ">",
        "predicted_count": 204,
        "predicted_rate": 0.5964912280701754,
        "success_false_positive_rate": 0.4148148148148148,
        "successes": 135,
        "threshold": -1.1875
      },
      {
        "failure_capture_rate": 0.4444444444444444,
        "failure_precision": 0.8141592920353983,
        "failures": 207,
        "feature": "protocol_first_negative_frac",
        "gate": "protocol_first_negative_frac_gt_0.4444",
        "gate_score": 0.28888888888888886,
        "kind": "protocol_layers",
        "n": 342,
        "op": ">",
        "predicted_count": 113,
        "predicted_rate": 0.3304093567251462,
        "success_false_positive_rate": 0.15555555555555556,
        "successes": 135,
        "threshold": 0.4444444444444444
      },
      {
        "failure_capture_rate": 0.42028985507246375,
        "failure_precision": 0.8055555555555556,
        "failures": 207,
        "feature": "protocol_negative_count",
        "gate": "protocol_negative_count_lt_2",
        "gate_score": 0.2647342995169082,
        "kind": "protocol_layers",
        "n": 342,
        "op": "<",
        "predicted_count": 108,
        "predicted_rate": 0.3157894736842105,
        "success_false_positive_rate": 0.15555555555555556,
        "successes": 135,
        "threshold": 2.0
      },
      {
        "failure_capture_rate": 0.37681159420289856,
        "failure_precision": 0.8041237113402062,
        "failures": 207,
        "feature": "protocol_min_margin",
        "gate": "protocol_min_margin_gt_0",
        "gate_score": 0.2360708534621578,
        "kind": "protocol_layers",
        "n": 342,
        "op": ">",
        "predicted_count": 97,
        "predicted_rate": 0.28362573099415206,
        "success_false_positive_rate": 0.14074074074074075,
        "successes": 135,
        "threshold": 0.0
      },
      {
        "failure_capture_rate": 0.37681159420289856,
        "failure_precision": 0.8041237113402062,
        "failures": 207,
        "feature": "protocol_min_margin",
        "gate": "protocol_min_margin_gt_0.03125",
        "gate_score": 0.2360708534621578,
        "kind": "protocol_layers",
        "n": 342,
        "op": ">",
        "predicted_count": 97,
        "predicted_rate": 0.28362573099415206,
        "success_false_positive_rate": 0.14074074074074075,
        "successes": 135,
        "threshold": 0.03125
      },
      {
        "failure_capture_rate": 0.37681159420289856,
        "failure_precision": 0.8041237113402062,
        "failures": 207,
        "feature": "protocol_negative_count",
        "gate": "protocol_negative_count_lt_0.5",
        "gate_score": 0.2360708534621578,
        "kind": "protocol_layers",
        "n": 342,
        "op": "<",
        "predicted_count": 97,
        "predicted_rate": 0.28362573099415206,
        "success_false_positive_rate": 0.14074074074074075,
        "successes": 135,
        "threshold": 0.5
      }
    ]
  },
  "timestamp": "2026-06-26 12:00:31",
  "title": "Protocol-Level Failure Monitor Localization"
}
