`torch_dtype` is deprecated! Use `dtype` instead!
Loading weights:   0%|          | 0/339 [00:00<?, ?it/s]Loading weights:   1%|          | 2/339 [00:00<00:27, 12.08it/s]Loading weights:   9%|▊         | 29/339 [00:00<00:02, 119.54it/s]Loading weights:  18%|█▊        | 62/339 [00:00<00:01, 190.73it/s]Loading weights:  29%|██▉       | 100/339 [00:00<00:00, 247.65it/s]Loading weights:  37%|███▋      | 127/339 [00:00<00:00, 249.53it/s]Loading weights:  47%|████▋     | 160/339 [00:00<00:00, 266.29it/s]Loading weights:  58%|█████▊    | 196/339 [00:00<00:00, 284.70it/s]Loading weights:  67%|██████▋   | 226/339 [00:00<00:00, 271.59it/s]Loading weights:  75%|███████▍  | 254/339 [00:01<00:00, 249.82it/s]Loading weights:  83%|████████▎ | 282/339 [00:01<00:00, 255.14it/s]Loading weights:  93%|█████████▎| 315/339 [00:01<00:00, 275.45it/s]Loading weights: 100%|██████████| 339/339 [00:01<00:00, 249.91it/s]
[08:44:54] Loaded deepseek7b: class=Qwen2ForCausalLM, GPU=15.23GB, attn=eager
[08:44:58] deepseek7b: captured/source-scored 12/72 paired cases
[08:45:01] deepseek7b: captured/source-scored 24/72 paired cases
[08:45:05] deepseek7b: captured/source-scored 36/72 paired cases
[08:45:08] deepseek7b: captured/source-scored 48/72 paired cases
[08:45:11] deepseek7b: captured/source-scored 60/72 paired cases
[08:45:14] deepseek7b: captured/source-scored 72/72 paired cases
[08:45:52] deepseek7b: patch-site generated 12/80 donor pairs
[08:46:29] deepseek7b: patch-site generated 24/80 donor pairs
[08:47:06] deepseek7b: patch-site generated 36/80 donor pairs
[08:47:44] deepseek7b: patch-site generated 48/80 donor pairs
[08:48:21] deepseek7b: patch-site generated 60/80 donor pairs
[08:48:59] deepseek7b: patch-site generated 72/80 donor pairs
[08:49:24] deepseek7b: patch-site generated 80/80 donor pairs
[model_utils] GPU memory released, allocated=15.24 GB
{
  "max_new_tokens": 8,
  "model": "deepseek7b",
  "patch_sites": [
    "pre_o_input",
    "post_o_output",
    "post_layer_output"
  ],
  "phase": 710,
  "phase698_top_heads": [
    {
      "head": 15,
      "head_key": "L26H15",
      "layer": 26,
      "mean_delta_norm": 29.248977922730976,
      "mean_direct_effect": 4.4925542091433375
    },
    {
      "head": 19,
      "head_key": "L26H19",
      "layer": 26,
      "mean_delta_norm": 19.06778096159299,
      "mean_direct_effect": 4.2177774300022675
    },
    {
      "head": 11,
      "head_key": "L23H11",
      "layer": 23,
      "mean_delta_norm": 23.177777217494118,
      "mean_direct_effect": 2.973575750986735
    },
    {
      "head": 2,
      "head_key": "L27H2",
      "layer": 27,
      "mean_delta_norm": 11.188924981488121,
      "mean_direct_effect": 2.539202939434391
    },
    {
      "head": 19,
      "head_key": "L23H19",
      "layer": 23,
      "mean_delta_norm": 10.124662246969011,
      "mean_direct_effect": 1.4362748730927706
    },
    {
      "head": 0,
      "head_key": "L26H0",
      "layer": 26,
      "mean_delta_norm": 7.609525624248716,
      "mean_direct_effect": 1.2225809053828318
    },
    {
      "head": 3,
      "head_key": "L27H3",
      "layer": 27,
      "mean_delta_norm": 7.116602563195759,
      "mean_direct_effect": 0.9806504672807124
    },
    {
      "head": 14,
      "head_key": "L26H14",
      "layer": 26,
      "mean_delta_norm": 12.313356475697624,
      "mean_direct_effect": 0.8729744055825803
    },
    {
      "head": 24,
      "head_key": "L26H24",
      "layer": 26,
      "mean_delta_norm": 9.492230375607809,
      "mean_direct_effect": 0.7749587056330509
    },
    {
      "head": 17,
      "head_key": "L27H17",
      "layer": 27,
      "mean_delta_norm": 14.5741415851646,
      "mean_direct_effect": 0.7687556908155481
    },
    {
      "head": 19,
      "head_key": "L27H19",
      "layer": 27,
      "mean_delta_norm": 10.1534104347229,
      "mean_direct_effect": 0.7633171753647426
    },
    {
      "head": 18,
      "head_key": "L23H18",
      "layer": 23,
      "mean_delta_norm": 5.078802863756816,
      "mean_direct_effect": 0.7377331018603096
    },
    {
      "head": 25,
      "head_key": "L26H25",
      "layer": 26,
      "mean_delta_norm": 12.18548615773519,
      "mean_direct_effect": 0.7189168700327476
    },
    {
      "head": 24,
      "head_key": "L27H24",
      "layer": 27,
      "mean_delta_norm": 7.849318673213323,
      "mean_direct_effect": 0.7153872634387679
    },
    {
      "head": 3,
      "head_key": "L26H3",
      "layer": 26,
      "mean_delta_norm": 5.540479630231857,
      "mean_direct_effect": 0.6898659559535898
    },
    {
      "head": 17,
      "head_key": "L26H17",
      "layer": 26,
      "mean_delta_norm": 9.831613653235966,
      "mean_direct_effect": 0.6339309266250994
    },
    {
      "head": 26,
      "head_key": "L26H26",
      "layer": 26,
      "mean_delta_norm": 8.242560856872135,
      "mean_direct_effect": 0.6307287169620395
    },
    {
      "head": 23,
      "head_key": "L26H23",
      "layer": 26,
      "mean_delta_norm": 7.551541325118807,
      "mean_direct_effect": 0.433489599575599
    },
    {
      "head": 27,
      "head_key": "L24H27",
      "layer": 24,
      "mean_delta_norm": 7.981577588452233,
      "mean_direct_effect": 0.42334129847586155
    },
    {
      "head": 9,
      "head_key": "L25H9",
      "layer": 25,
      "mean_delta_norm": 5.910101824336582,
      "mean_direct_effect": 0.38926081583162564
    },
    {
      "head": 6,
      "head_key": "L26H6",
      "layer": 26,
      "mean_delta_norm": 5.517323878076342,
      "mean_direct_effect": 0.3613440594635904
    },
    {
      "head": 21,
      "head_key": "L24H21",
      "layer": 24,
      "mean_delta_norm": 6.268677466445499,
      "mean_direct_effect": 0.359568784556662
    },
    {
      "head": 5,
      "head_key": "L23H5",
      "layer": 23,
      "mean_delta_norm": 5.941143479612139,
      "mean_direct_effect": 0.3467910471889708
    },
    {
      "head": 12,
      "head_key": "L25H12",
      "layer": 25,
      "mean_delta_norm": 5.101514693763521,
      "mean_direct_effect": 0.31159046111214495
    },
    {
      "head": 16,
      "head_key": "L24H16",
      "layer": 24,
      "mean_delta_norm": 4.94353688094351,
      "mean_direct_effect": 0.27811968559399247
    },
    {
      "head": 1,
      "head_key": "L26H1",
      "layer": 26,
      "mean_delta_norm": 5.3902922504478035,
      "mean_direct_effect": 0.23483875717243385
    },
    {
      "head": 14,
      "head_key": "L25H14",
      "layer": 25,
      "mean_delta_norm": 8.33845697508918,
      "mean_direct_effect": 0.23077295855101612
    },
    {
      "head": 1,
      "head_key": "L27H1",
      "layer": 27,
      "mean_delta_norm": 8.816206577751371,
      "mean_direct_effect": 0.23056770811995697
    },
    {
      "head": 5,
      "head_key": "L27H5",
      "layer": 27,
      "mean_delta_norm": 6.022420446077983,
      "mean_direct_effect": 0.21602384596028262
    },
    {
      "head": 6,
      "head_key": "L23H6",
      "layer": 23,
      "mean_delta_norm": 3.7144250952535205,
      "mean_direct_effect": 0.211940202034182
    },
    {
      "head": 23,
      "head_key": "L24H23",
      "layer": 24,
      "mean_delta_norm": 4.0265012019210396,
      "mean_direct_effect": 0.19667107531697386
    },
    {
      "head": 11,
      "head_key": "L26H11",
      "layer": 26,
      "mean_delta_norm": 5.570882015758091,
      "mean_direct_effect": 0.18218871063759756
    }
  ],
  "source_combo": [
    "target_value",
    "answer_line",
    "self_last"
  ],
  "summary": {
    "best_restore_conditions": [
      {
        "category_counts": {
          "other": 11,
          "prose_target": 27,
          "target_value": 34
        },
        "condition": "post_layer_output|unrelated|restore|source_top_channel_512",
        "donor_or_donor_prose_rate": 0.0,
        "donor_value_rate": 0.0,
        "n": 72,
        "other_rate": 0.1527777777777778,
        "prose_donor_rate": 0.0,
        "prose_target_rate": 0.375,
        "target_or_target_prose_rate": 0.8472222222222222,
        "target_value_rate": 0.4722222222222222
      },
      {
        "category_counts": {
          "other": 13,
          "prose_target": 33,
          "target_value": 26
        },
        "condition": "post_o_output|unrelated|restore|source_top_channel_512",
        "donor_or_donor_prose_rate": 0.0,
        "donor_value_rate": 0.0,
        "n": 72,
        "other_rate": 0.18055555555555555,
        "prose_donor_rate": 0.0,
        "prose_target_rate": 0.4583333333333333,
        "target_or_target_prose_rate": 0.8194444444444444,
        "target_value_rate": 0.3611111111111111
      },
      {
        "category_counts": {
          "other": 13,
          "prose_target": 34,
          "target_value": 25
        },
        "condition": "pre_o_input|unrelated|restore|source_top_channel_512",
        "donor_or_donor_prose_rate": 0.0,
        "donor_value_rate": 0.0,
        "n": 72,
        "other_rate": 0.18055555555555555,
        "prose_donor_rate": 0.0,
        "prose_target_rate": 0.4722222222222222,
        "target_or_target_prose_rate": 0.8194444444444444,
        "target_value_rate": 0.3472222222222222
      },
      {
        "category_counts": {
          "other": 16,
          "prose_target": 54,
          "target_value": 2
        },
        "condition": "post_o_output|unrelated|restore|source_random_channel_512",
        "donor_or_donor_prose_rate": 0.0,
        "donor_value_rate": 0.0,
        "n": 72,
        "other_rate": 0.2222222222222222,
        "prose_donor_rate": 0.0,
        "prose_target_rate": 0.75,
        "target_or_target_prose_rate": 0.7777777777777778,
        "target_value_rate": 0.027777777777777776
      },
      {
        "category_counts": {
          "other": 16,
          "prose_target": 55,
          "target_value": 1
        },
        "condition": "pre_o_input|unrelated|restore|source_random_channel_512",
        "donor_or_donor_prose_rate": 0.0,
        "donor_value_rate": 0.0,
        "n": 72,
        "other_rate": 0.2222222222222222,
        "prose_donor_rate": 0.0,
        "prose_target_rate": 0.7638888888888888,
        "target_or_target_prose_rate": 0.7777777777777777,
        "target_value_rate": 0.013888888888888888
      },
      {
        "category_counts": {
          "other": 18,
          "prose_target": 53,
          "target_value": 1
        },
        "condition": "post_layer_output|unrelated|restore|source_random_channel_512",
        "donor_or_donor_prose_rate": 0.0,
        "donor_value_rate": 0.0,
        "n": 72,
        "other_rate": 0.25,
        "prose_donor_rate": 0.0,
        "prose_target_rate": 0.7361111111111112,
        "target_or_target_prose_rate": 0.75,
        "target_value_rate": 0.013888888888888888
      },
      {
        "category_counts": {
          "other": 1,
          "prose_target": 7
        },
        "condition": "pre_o_input|same_value|restore|source_top_channel_512",
        "donor_or_donor_prose_rate": 0.0,
        "donor_value_rate": 0.0,
        "n": 8,
        "other_rate": 0.125,
        "prose_donor_rate": 0.0,
        "prose_target_rate": 0.875,
        "target_or_target_prose_rate": 0.875,
        "target_value_rate": 0.0
      },
      {
        "category_counts": {
          "other": 1,
          "prose_target": 7
        },
        "condition": "post_o_output|same_value|restore|source_top_channel_512",
        "donor_or_donor_prose_rate": 0.0,
        "donor_value_rate": 0.0,
        "n": 8,
        "other_rate": 0.125,
        "prose_donor_rate": 0.0,
        "prose_target_rate": 0.875,
        "target_or_target_prose_rate": 0.875,
        "target_value_rate": 0.0
      },
      {
        "category_counts": {
          "other": 1,
          "prose_target": 7
        },
        "condition": "post_layer_output|same_value|restore|source_top_channel_512",
        "donor_or_donor_prose_rate": 0.0,
        "donor_value_rate": 0.0,
        "n": 8,
        "other_rate": 0.125,
        "prose_donor_rate": 0.0,
        "prose_target_rate": 0.875,
        "target_or_target_prose_rate": 0.875,
        "target_value_rate": 0.0
      },
      {
        "category_counts": {
          "other": 1,
          "prose_target": 7
        },
        "condition": "pre_o_input|same_value|restore|source_random_channel_512",
        "donor_or_donor_prose_rate": 0.0,
        "donor_value_rate": 0.0,
        "n": 8,
        "other_rate": 0.125,
        "prose_donor_rate": 0.0,
        "prose_target_rate": 0.875,
        "target_or_target_prose_rate": 0.875,
        "target_value_rate": 0.0
      },
      {
        "category_counts": {
          "other": 1,
          "prose_target": 7
        },
        "condition": "post_o_output|same_value|restore|source_random_channel_512",
        "donor_or_donor_prose_rate": 0.0,
        "donor_value_rate": 0.0,
        "n": 8,
        "other_rate": 0.125,
        "prose_donor_rate": 0.0,
        "prose_target_rate": 0.875,
        "target_or_target_prose_rate": 0.875,
        "target_value_rate": 0.0
      },
      {
        "category_counts": {
          "other": 1,
          "prose_target": 7
        },
        "condition": "post_layer_output|same_value|restore|source_random_channel_512",
        "donor_or_donor_prose_rate": 0.0,
        "donor_value_rate": 0.0,
        "n": 8,
        "other_rate": 0.125,
        "prose_donor_rate": 0.0,
        "prose_target_rate": 0.875,
        "target_or_target_prose_rate": 0.875,
        "target_value_rate": 0.0
      }
    ],
    "by_condition": {
      "post_layer_output|same_value|degradation|source_random_channel_512": {
        "category_counts": {
          "prose_target": 2,
          "target_value": 6
        },
        "donor_or_donor_prose_rate": 0.0,
        "donor_value_rate": 0.0,
        "n": 8,
        "other_rate": 0.0,
        "prose_donor_rate": 0.0,
        "prose_target_rate": 0.25,
        "target_or_target_prose_rate": 1.0,
        "target_value_rate": 0.75
      },
      "post_layer_output|same_value|degradation|source_top_channel_512": {
        "category_counts": {
          "prose_target": 3,
          "target_value": 5
        },
        "donor_or_donor_prose_rate": 0.0,
        "donor_value_rate": 0.0,
        "n": 8,
        "other_rate": 0.0,
        "prose_donor_rate": 0.0,
        "prose_target_rate": 0.375,
        "target_or_target_prose_rate": 1.0,
        "target_value_rate": 0.625
      },
      "post_layer_output|same_value|restore|source_random_channel_512": {
        "category_counts": {
          "other": 1,
          "prose_target": 7
        },
        "donor_or_donor_prose_rate": 0.0,
        "donor_value_rate": 0.0,
        "n": 8,
        "other_rate": 0.125,
        "prose_donor_rate": 0.0,
        "prose_target_rate": 0.875,
        "target_or_target_prose_rate": 0.875,
        "target_value_rate": 0.0
      },
      "post_layer_output|same_value|restore|source_top_channel_512": {
        "category_counts": {
          "other": 1,
          "prose_target": 7
        },
        "donor_or_donor_prose_rate": 0.0,
        "donor_value_rate": 0.0,
        "n": 8,
        "other_rate": 0.125,
        "prose_donor_rate": 0.0,
        "prose_target_rate": 0.875,
        "target_or_target_prose_rate": 0.875,
        "target_value_rate": 0.0
      },
      "post_layer_output|unrelated|degradation|source_random_channel_512": {
        "category_counts": {
          "other": 14,
          "prose_target": 12,
          "target_value": 46
        },
        "donor_or_donor_prose_rate": 0.0,
        "donor_value_rate": 0.0,
        "n": 72,
        "other_rate": 0.19444444444444445,
        "prose_donor_rate": 0.0,
        "prose_target_rate": 0.16666666666666666,
        "target_or_target_prose_rate": 0.8055555555555555,
        "target_value_rate": 0.6388888888888888
      },
      "post_layer_output|unrelated|degradation|source_top_channel_512": {
        "category_counts": {
          "other": 25,
          "prose_target": 27,
          "target_value": 20
        },
        "donor_or_donor_prose_rate": 0.0,
        "donor_value_rate": 0.0,
        "n": 72,
        "other_rate": 0.3472222222222222,
        "prose_donor_rate": 0.0,
        "prose_target_rate": 0.375,
        "target_or_target_prose_rate": 0.6527777777777778,
        "target_value_rate": 0.2777777777777778
      },
      "post_layer_output|unrelated|restore|source_random_channel_512": {
        "category_counts": {
          "other": 18,
          "prose_target": 53,
          "target_value": 1
        },
        "donor_or_donor_prose_rate": 0.0,
        "donor_value_rate": 0.0,
        "n": 72,
        "other_rate": 0.25,
        "prose_donor_rate": 0.0,
        "prose_target_rate": 0.7361111111111112,
        "target_or_target_prose_rate": 0.75,
        "target_value_rate": 0.013888888888888888
      },
      "post_layer_output|unrelated|restore|source_top_channel_512": {
        "category_counts": {
          "other": 11,
          "prose_target": 27,
          "target_value": 34
        },
        "donor_or_donor_prose_rate": 0.0,
        "donor_value_rate": 0.0,
        "n": 72,
        "other_rate": 0.1527777777777778,
        "prose_donor_rate": 0.0,
        "prose_target_rate": 0.375,
        "target_or_target_prose_rate": 0.8472222222222222,
        "target_value_rate": 0.4722222222222222
      },
      "post_o_output|same_value|degradation|source_random_channel_512": {
        "category_counts": {
          "prose_target": 1,
          "target_value": 7
        },
        "donor_or_donor_prose_rate": 0.0,
        "donor_value_rate": 0.0,
        "n": 8,
        "other_rate": 0.0,
        "prose_donor_rate": 0.0,
        "prose_target_rate": 0.125,
        "target_or_target_prose_rate": 1.0,
        "target_value_rate": 0.875
      },
      "post_o_output|same_value|degradation|source_top_channel_512": {
        "category_counts": {
          "prose_target": 2,
          "target_value": 6
        },
        "donor_or_donor_prose_rate": 0.0,
        "donor_value_rate": 0.0,
        "n": 8,
        "other_rate": 0.0,
        "prose_donor_rate": 0.0,
        "prose_target_rate": 0.25,
        "target_or_target_prose_rate": 1.0,
        "target_value_rate": 0.75
      },
      "post_o_output|same_value|restore|source_random_channel_512": {
        "category_counts": {
          "other": 1,
          "prose_target": 7
        },
        "donor_or_donor_prose_rate": 0.0,
        "donor_value_rate": 0.0,
        "n": 8,
        "other_rate": 0.125,
        "prose_donor_rate": 0.0,
        "prose_target_rate": 0.875,
        "target_or_target_prose_rate": 0.875,
        "target_value_rate": 0.0
      },
      "post_o_output|same_value|restore|source_top_channel_512": {
        "category_counts": {
          "other": 1,
          "prose_target": 7
        },
        "donor_or_donor_prose_rate": 0.0,
        "donor_value_rate": 0.0,
        "n": 8,
        "other_rate": 0.125,
        "prose_donor_rate": 0.0,
        "prose_target_rate": 0.875,
        "target_or_target_prose_rate": 0.875,
        "target_value_rate": 0.0
      },
      "post_o_output|unrelated|degradation|source_random_channel_512": {
        "category_counts": {
          "other": 7,
          "prose_target": 9,
          "target_value": 56
        },
        "donor_or_donor_prose_rate": 0.0,
        "donor_value_rate": 0.0,
        "n": 72,
        "other_rate": 0.09722222222222222,
        "prose_donor_rate": 0.0,
        "prose_target_rate": 0.125,
        "target_or_target_prose_rate": 0.9027777777777778,
        "target_value_rate": 0.7777777777777778
      },
      "post_o_output|unrelated|degradation|source_top_channel_512": {
        "category_counts": {
          "other": 27,
          "prose_target": 21,
          "target_value": 24
        },
        "donor_or_donor_prose_rate": 0.0,
        "donor_value_rate": 0.0,
        "n": 72,
        "other_rate": 0.375,
        "prose_donor_rate": 0.0,
        "prose_target_rate": 0.2916666666666667,
        "target_or_target_prose_rate": 0.625,
        "target_value_rate": 0.3333333333333333
      },
      "post_o_output|unrelated|restore|source_random_channel_512": {
        "category_counts": {
          "other": 16,
          "prose_target": 54,
          "target_value": 2
        },
        "donor_or_donor_prose_rate": 0.0,
        "donor_value_rate": 0.0,
        "n": 72,
        "other_rate": 0.2222222222222222,
        "prose_donor_rate": 0.0,
        "prose_target_rate": 0.75,
        "target_or_target_prose_rate": 0.7777777777777778,
        "target_value_rate": 0.027777777777777776
      },
      "post_o_output|unrelated|restore|source_top_channel_512": {
        "category_counts": {
          "other": 13,
          "prose_target": 33,
          "target_value": 26
        },
        "donor_or_donor_prose_rate": 0.0,
        "donor_value_rate": 0.0,
        "n": 72,
        "other_rate": 0.18055555555555555,
        "prose_donor_rate": 0.0,
        "prose_target_rate": 0.4583333333333333,
        "target_or_target_prose_rate": 0.8194444444444444,
        "target_value_rate": 0.3611111111111111
      },
      "pre_o_input|same_value|degradation|source_random_channel_512": {
        "category_counts": {
          "prose_target": 1,
          "target_value": 7
        },
        "donor_or_donor_prose_rate": 0.0,
        "donor_value_rate": 0.0,
        "n": 8,
        "other_rate": 0.0,
        "prose_donor_rate": 0.0,
        "prose_target_rate": 0.125,
        "target_or_target_prose_rate": 1.0,
        "target_value_rate": 0.875
      },
      "pre_o_input|same_value|degradation|source_top_channel_512": {
        "category_counts": {
          "prose_target": 2,
          "target_value": 6
        },
        "donor_or_donor_prose_rate": 0.0,
        "donor_value_rate": 0.0,
        "n": 8,
        "other_rate": 0.0,
        "prose_donor_rate": 0.0,
        "prose_target_rate": 0.25,
        "target_or_target_prose_rate": 1.0,
        "target_value_rate": 0.75
      },
      "pre_o_input|same_value|restore|source_random_channel_512": {
        "category_counts": {
          "other": 1,
          "prose_target": 7
        },
        "donor_or_donor_prose_rate": 0.0,
        "donor_value_rate": 0.0,
        "n": 8,
        "other_rate": 0.125,
        "prose_donor_rate": 0.0,
        "prose_target_rate": 0.875,
        "target_or_target_prose_rate": 0.875,
        "target_value_rate": 0.0
      },
      "pre_o_input|same_value|restore|source_top_channel_512": {
        "category_counts": {
          "other": 1,
          "prose_target": 7
        },
        "donor_or_donor_prose_rate": 0.0,
        "donor_value_rate": 0.0,
        "n": 8,
        "other_rate": 0.125,
        "prose_donor_rate": 0.0,
        "prose_target_rate": 0.875,
        "target_or_target_prose_rate": 0.875,
        "target_value_rate": 0.0
      },
      "pre_o_input|unrelated|degradation|source_random_channel_512": {
        "category_counts": {
          "other": 9,
          "prose_target": 9,
          "target_value": 54
        },
        "donor_or_donor_prose_rate": 0.0,
        "donor_value_rate": 0.0,
        "n": 72,
        "other_rate": 0.125,
        "prose_donor_rate": 0.0,
        "prose_target_rate": 0.125,
        "target_or_target_prose_rate": 0.875,
        "target_value_rate": 0.75
      },
      "pre_o_input|unrelated|degradation|source_top_channel_512": {
        "category_counts": {
          "other": 27,
          "prose_target": 22,
          "target_value": 23
        },
        "donor_or_donor_prose_rate": 0.0,
        "donor_value_rate": 0.0,
        "n": 72,
        "other_rate": 0.375,
        "prose_donor_rate": 0.0,
        "prose_target_rate": 0.3055555555555556,
        "target_or_target_prose_rate": 0.625,
        "target_value_rate": 0.3194444444444444
      },
      "pre_o_input|unrelated|restore|source_random_channel_512": {
        "category_counts": {
          "other": 16,
          "prose_target": 55,
          "target_value": 1
        },
        "donor_or_donor_prose_rate": 0.0,
        "donor_value_rate": 0.0,
        "n": 72,
        "other_rate": 0.2222222222222222,
        "prose_donor_rate": 0.0,
        "prose_target_rate": 0.7638888888888888,
        "target_or_target_prose_rate": 0.7777777777777777,
        "target_value_rate": 0.013888888888888888
      },
      "pre_o_input|unrelated|restore|source_top_channel_512": {
        "category_counts": {
          "other": 13,
          "prose_target": 34,
          "target_value": 25
        },
        "donor_or_donor_prose_rate": 0.0,
        "donor_value_rate": 0.0,
        "n": 72,
        "other_rate": 0.18055555555555555,
        "prose_donor_rate": 0.0,
        "prose_target_rate": 0.4722222222222222,
        "target_or_target_prose_rate": 0.8194444444444444,
        "target_value_rate": 0.3472222222222222
      }
    },
    "model": "deepseek7b",
    "n_donor_pairs": 80,
    "n_paired_cases": 72,
    "n_rows": 960
  },
  "timestamp": "2026-06-27 08:49:24",
  "title": "Natural Write-In Factor Split Audit",
  "top_heads": 32
}
