[18:53:42] Phase 970 Task5+Task2: deepseek7b
[model_utils] Loading deepseek7b... (8bit=False)
[model_utils] deepseek7b loaded, device=cuda:0, class=Qwen2ForCausalLM, GPU=15.28GB
[18:54:16]   Qwen2ForCausalLM, 28L, 28H, d_head=128
[18:54:16]   Task 5: DS7B adaptive+dynamic + completion detector (30 prompts)...
[18:54:21]     10/30 clean_so_far=4/10 (4s)
[18:54:26]     20/30 clean_so_far=4/20 (10s)
[18:54:30]     30/30 clean_so_far=7/30 (14s)
[18:54:30]     DS7B adaptive+dynamic: clean=7/30=0.233  eos=0.767
[18:54:30]     Task 5 done (14s)
[18:54:30]   Task 2: Completion detector comparison (20 prompts × 3 variants)...
[18:54:36]     5/20 (6s)
[18:54:40]     10/20 (10s)
[18:54:47]     15/20 (17s)
[18:54:56]     20/20 (25s)
[18:54:56]     boundary            : clean=4/20=0.200  eos=0.800  mean_tok=15.8
[18:54:56]     length_aware        : clean=4/20=0.200  eos=0.800  mean_tok=15.9
[18:54:56]     confidence_aware    : clean=4/20=0.200  eos=0.800  mean_tok=16.0
[18:54:56]     BEST variant: boundary (clean=0.200)
[18:54:56]     Task 2 done (25s)
[18:54:56] 
DS7B total: 39s
[model_utils] GPU memory released, allocated=15.29 GB
[18:54:56] DONE
