[18:33:16] Phase 970 Task3+4: glm4
[model_utils] Loading glm4... (8bit=False)
[model_utils] glm4 loaded, device=cuda:0, class=GlmForCausalLM, GPU=18.84GB
[18:33:44]   GlmForCausalLM, 40L, 32H, d_head=128
[18:33:44]   Task 3: b reduction curve (r∈{1,2,3,5}, 20 prompts)...
[18:35:17]     5/20 (93s)
[18:36:51]     10/20 (187s)
[18:38:25]     15/20 (281s)
[18:40:08]     20/20 (384s)
[18:40:08]     r=1 (mean_b=15.1): clean=15/20=0.750  eos=0.900
[18:40:08]     r=2 (mean_b=7.3): clean=0/20=0.000  eos=0.000
[18:40:08]     r=3 (mean_b=4.8): clean=0/20=0.000  eos=0.000
[18:40:08]     r=5 (mean_b=2.7): clean=0/20=0.000  eos=0.000
[18:40:08]     自然组件贡献上限估计: r=5时clean=0.000
[18:40:08]     Task 3 done (384s)
[18:40:08]   Task 4: Natural component search (6 layers × all heads, 5 prompts)...
[18:40:08]     Searching layers 34-39 (6L × 32H)
[18:40:39]     1/5 prompts (32s)
[18:41:11]     2/5 prompts (64s)
[18:41:43]     3/5 prompts (95s)
[18:42:15]     4/5 prompts (127s)
[18:42:47]     5/5 prompts (159s)
[18:42:47]     Found 28 safe head candidates (Δgap<-0.05, |Δtop1|<0.3)
[18:42:47]       L39_H21: Δgap=-0.3648  Δtop1=-0.0750  ΔEOS=0.2898
[18:42:47]       L38_H5: Δgap=-0.3516  Δtop1=-0.0250  ΔEOS=0.3266
[18:42:47]       L34_H26: Δgap=-0.1609  Δtop1=-0.0375  ΔEOS=0.1234
[18:42:47]       L39_H23: Δgap=-0.1469  Δtop1=-0.0500  ΔEOS=0.0969
[18:42:47]       L38_H0: Δgap=-0.1328  Δtop1=0.0125  ΔEOS=0.1453
[18:42:47]       L39_H24: Δgap=-0.1187  Δtop1=-0.0500  ΔEOS=0.0688
[18:42:47]       L34_H17: Δgap=-0.0758  Δtop1=-0.0500  ΔEOS=0.0258
[18:42:47]       L37_H5: Δgap=-0.0734  Δtop1=-0.0375  ΔEOS=0.0359
[18:42:47]       L38_H3: Δgap=-0.0734  Δtop1=-0.0250  ΔEOS=0.0484
[18:42:47]       L39_H11: Δgap=-0.0734  Δtop1=-0.0750  ΔEOS=-0.0016
[18:42:47]       L35_H1: Δgap=-0.0719  Δtop1=0.0000  ΔEOS=0.0719
[18:42:47]       L39_H0: Δgap=-0.0711  Δtop1=-0.0500  ΔEOS=0.0211
[18:42:47]       L39_H28: Δgap=-0.0711  Δtop1=-0.0875  ΔEOS=-0.0164
[18:42:47]       L39_H14: Δgap=-0.0703  Δtop1=-0.0500  ΔEOS=0.0203
[18:42:47]       L37_H26: Δgap=-0.0664  Δtop1=-0.0375  ΔEOS=0.0289
[18:42:47]     Testing gap reduction: existing=4 vs new=8 vs combined=9
[18:42:52]       existing   (4 heads): mean_gap_reduction=0.548
