[16:01:21] deepseek7b/smoke: pairs=2 sources=['records_all']
[16:01:21] [load] deepseek7b: bf16 device_map=auto attn=eager quantization=off
`torch_dtype` is deprecated! Use `dtype` instead!
Loading weights:   0%|          | 0/339 [00:00<?, ?it/s]Loading weights:   5%|▍         | 16/339 [00:00<00:02, 137.84it/s]Loading weights:  13%|█▎        | 43/339 [00:00<00:01, 195.98it/s]Loading weights:  25%|██▌       | 85/339 [00:00<00:00, 256.82it/s]Loading weights:  37%|███▋      | 125/339 [00:00<00:00, 300.53it/s]Loading weights:  46%|████▌     | 156/339 [00:00<00:00, 282.84it/s]Loading weights:  57%|█████▋    | 192/339 [00:00<00:00, 304.24it/s]Loading weights:  66%|██████▌   | 223/339 [00:00<00:00, 278.59it/s]Loading weights:  75%|███████▌  | 255/339 [00:00<00:00, 286.58it/s]Loading weights:  84%|████████▍ | 285/339 [00:01<00:00, 244.49it/s]Loading weights:  94%|█████████▍| 320/339 [00:01<00:00, 267.99it/s]Loading weights: 100%|██████████| 339/339 [00:01<00:00, 275.06it/s]
[16:01:23] [load] deepseek7b: loaded eager, device=cuda:0, gpu=15.23GB
[16:01:24] deepseek7b: candidates=2 combo_sites=['L23:attn_out', 'L23:mlp_out', 'L24:attn_out', 'L24:mlp_out', 'L25:attn_out', 'L25:mlp_out', 'L26:attn_out', 'L26:mlp_out', 'L27:attn_out', 'L27:mlp_out']
[16:01:24] deepseek7b: route matrix 1/2 pairs; rows=75
[16:01:25] deepseek7b: route matrix 2/2 pairs; rows=150
[model_utils] GPU memory released, allocated=15.24 GB
{
  "model": "deepseek7b",
  "round": "smoke",
  "n_rows": 150,
  "top_route_cells": [
    {
      "site": "L22:attn_out",
      "head": 9,
      "subunit_id": "L22:attn_out:H9",
      "source_group": "records_all",
      "combo_kind": "late_candidate_all",
      "combo_name": "late_candidate_all",
      "combo_sites": [
        "L25:attn_out",
        "L25:mlp_out",
        "L26:attn_out",
        "L26:mlp_out"
      ],
      "route_group": "top_class:punctuation_or_stop",
      "n": 1,
      "domains": [
        "abstract"
      ],
      "relations": [
        "shape"
      ],
      "target_success_rate": 0.0,
      "route_success_rate": 1.0,
      "route_only_success_rate": 1.0,
      "joint_success_rate": 0.0,
      "mean_erase_target_logit_drop": -0.3125,
      "mean_target_recovered": -0.25,
      "mean_target_recovery_fraction": null,
      "mean_erase_route_release": 0.3125,
      "mean_restored_route_release": 0.0,
      "mean_route_reduced": 0.3125,
      "mean_margin_drop_reduced": 0.0625,
      "role_guess": "route_only_suppressor_candidate",
      "erase_route_token_counts": {
        " ?\n\n": 1
      },
      "restored_route_token_counts": {
        " ?\n\n": 1
      }
    },
    {
      "site": "L22:attn_out",
      "head": 9,
      "subunit_id": "L22:attn_out:H9",
      "source_group": "records_all",
      "combo_kind": "true_late_control",
      "combo_name": "late_control_same_count",
      "combo_sites": [
        "L27:attn_out",
        "L27:mlp_out"
      ],
      "route_group": "top_class:punctuation_or_stop",
      "n": 1,
      "domains": [
        "abstract"
      ],
      "relations": [
        "shape"
      ],
      "target_success_rate": 0.0,
      "route_success_rate": 1.0,
      "route_only_success_rate": 1.0,
      "joint_success_rate": 0.0,
      "mean_erase_target_logit_drop": -0.3125,
      "mean_target_recovered": -0.25,
      "mean_target_recovery_fraction": null,
      "mean_erase_route_release": 0.3125,
      "mean_restored_route_release": 0.0,
      "mean_route_reduced": 0.3125,
      "mean_margin_drop_reduced": 0.0625,
      "role_guess": "route_only_suppressor_candidate",
      "erase_route_token_counts": {
        " ?\n\n": 1
      },
      "restored_route_token_counts": {
        " ?\n\n": 1
      }
    },
    {
      "site": "L22:attn_out",
      "head": 9,
      "subunit_id": "L22:attn_out:H9",
      "source_group": "records_all",
      "combo_kind": "true_late_control",
      "combo_name": "late_control_same_count",
      "combo_sites": [
        "L27:attn_out",
        "L27:mlp_out"
      ],
      "route_group": "top_class:other_vocab",
      "n": 2,
      "domains": [
        "abstract",
        "fruit"
      ],
      "relations": [
        "category",
        "shape"
      ],
      "target_success_rate": 0.0,
      "route_success_rate": 1.0,
      "route_only_success_rate": 1.0,
      "joint_success_rate": 0.0,
      "mean_erase_target_logit_drop": -0.21875,
      "mean_target_recovered": -0.125,
      "mean_target_recovery_fraction": null,
      "mean_erase_route_release": 0.25,
      "mean_restored_route_release": -0.03125,
      "mean_route_reduced": 0.28125,
      "mean_margin_drop_reduced": 0.15625,
      "role_guess": "route_only_suppressor_candidate",
      "erase_route_token_counts": {
        " __": 2
      },
      "restored_route_token_counts": {
        " __": 2
      }
    },
    {
      "site": "L22:attn_out",
      "head": 9,
      "subunit_id": "L22:attn_out:H9",
      "source_group": "records_all",
      "combo_kind": "late_candidate_all",
      "combo_name": "late_candidate_all",
      "combo_sites": [
        "L25:attn_out",
        "L25:mlp_out",
        "L26:attn_out",
        "L26:mlp_out"
      ],
      "route_group": "top_class:format_or_schema",
      "n": 1,
      "domains": [
        "fruit"
      ],
      "relations": [
        "category"
      ],
      "target_success_rate": 0.0,
      "route_success_rate": 1.0,
      "route_only_success_rate": 1.0,
      "joint_success_rate": 0.0,
      "mean_erase_target_logit_drop": -0.125,
      "mean_target_recovered": -0.125,
      "mean_target_recovery_fraction": null,
      "mean_erase_route_release": 0.1875,
      "mean_restored_route_release": -0.0625,
      "mean_route_reduced": 0.25,
      "mean_margin_drop_reduced": 0.125,
      "role_guess": "route_only_suppressor_candidate",
      "erase_route_token_counts": {
        " The": 1
      },
      "restored_route_token_counts": {
        " The": 1
      }
    },
    {
      "site": "L22:attn_out",
      "head": 9,
      "subunit_id": "L22:attn_out:H9",
      "source_group": "records_all",
      "combo_kind": "late_candidate_all",
      "combo_name": "late_candidate_all",
      "combo_sites": [
        "L25:attn_out",
        "L25:mlp_out",
        "L26:attn_out",
        "L26:mlp_out"
      ],
      "route_group": "top_class:other_vocab",
      "n": 2,
      "domains": [
        "abstract",
        "fruit"
      ],
      "relations": [
        "category",
        "shape"
      ],
      "target_success_rate": 0.0,
      "route_success_rate": 1.0,
      "route_only_success_rate": 1.0,
      "joint_success_rate": 0.0,
      "mean_erase_target_logit_drop": -0.21875,
      "mean_target_recovered": -0.1875,
      "mean_target_recovery_fraction": null,
      "mean_erase_route_release": 0.25,
      "mean_restored_route_release": 0.0,
      "mean_route_reduced": 0.25,
      "mean_margin_drop_reduced": 0.0625,
      "role_guess": "route_only_suppressor_candidate",
      "erase_route_token_counts": {
        " __": 2
      },
      "restored_route_token_counts": {
        " __": 2
      }
    },
    {
      "site": "L22:attn_out",
      "head": 9,
      "subunit_id": "L22:attn_out:H9",
      "source_group": "records_all",
      "combo_kind": "primary_plus_late_all",
      "combo_name": "primary_plus_late_all",
      "combo_sites": [
        "L23:attn_out",
        "L23:mlp_out",
        "L24:attn_out",
        "L24:mlp_out",
        "L25:attn_out",
        "L25:mlp_out",
        "L26:attn_out",
        "L26:mlp_out"
      ],
      "route_group": "top_class:punctuation_or_stop",
      "n": 1,
      "domains": [
        "abstract"
      ],
      "relations": [
        "shape"
      ],
      "target_success_rate": 0.0,
      "route_success_rate": 1.0,
      "route_only_success_rate": 1.0,
      "joint_success_rate": 0.0,
      "mean_erase_target_logit_drop": -0.3125,
      "mean_target_recovered": -0.1875,
      "mean_target_recovery_fraction": null,
      "mean_erase_route_release": 0.3125,
      "mean_restored_route_release": 0.0625,
      "mean_route_reduced": 0.25,
      "mean_margin_drop_reduced": 0.0625,
      "role_guess": "route_only_suppressor_candidate",
      "erase_route_token_counts": {
        " ?\n\n": 1
      },
      "restored_route_token_counts": {
        " ?\n\n": 1
      }
    },
    {
      "site": "L22:attn_out",
      "head": 9,
      "subunit_id": "L22:attn_out:H9",
      "source_group": "records_all",
      "combo_kind": "late_candidate_all",
      "combo_name": "late_candidate_all",
      "combo_sites": [
        "L25:attn_out",
        "L25:mlp_out",
        "L26:attn_out",
        "L26:mlp_out"
      ],
      "route_group": "format_schema",
      "n": 2,
      "domains": [
        "abstract",
        "fruit"
      ],
      "relations": [
        "category",
        "shape"
      ],
      "target_success_rate": 0.0,
      "route_success_rate": 1.0,
      "route_only_success_rate": 1.0,
      "joint_success_rate": 0.0,
      "mean_erase_target_logit_drop": -0.21875,
      "mean_target_recovered": -0.1875,
      "mean_target_recovery_fraction": null,
      "mean_erase_route_release": 0.21875,
      "mean_restored_route_release": 0.0,
      "mean_route_reduced": 0.21875,
      "mean_margin_drop_reduced": 0.03125,
      "role_guess": "route_only_suppressor_candidate",
      "erase_route_token_counts": {
        " ": 1,
        " \n": 1
      },
      "restored_route_token_counts": {
        " \n": 2
      }
    },
    {
      "site": "L22:attn_out",
      "head": 9,
      "subunit_id": "L22:attn_out:H9",
      "source_group": "records_all",
      "combo_kind": "late_candidate_all",
      "combo_name": "late_candidate_all",
      "combo_sites": [
        "L25:attn_out",
        "L25:mlp_out",
        "L26:attn_out",
        "L26:mlp_out"
      ],
      "route_group": "generic_answer",
      "n": 2,
      "domains": [
        "abstract",
        "fruit"
      ],
      "relations": [
        "category",
        "shape"
      ],
      "target_success_rate": 0.0,
      "route_success_rate": 1.0,
      "route_only_success_rate": 1.0,
      "joint_success_rate": 0.0,
      "mean_erase_target_logit_drop": -0.21875,
      "mean_target_recovered": -0.1875,
      "mean_target_recovery_fraction": null,
      "mean_erase_route_release": 0.25,
      "mean_restored_route_release": 0.03125,
      "mean_route_reduced": 0.21875,
      "mean_margin_drop_reduced": 0.03125,
      "role_guess": "route_only_suppressor_candidate",
      "erase_route_token_counts": {
        " yes": 1,
        " no": 1
      },
      "restored_route_token_counts": {
        " yes": 1,
        " no": 1
      }
    },
    {
      "site": "L22:attn_out",
      "head": 9,
      "subunit_id": "L22:attn_out:H9",
      "source_group": "records_all",
      "combo_kind": "late_candidate_all",
      "combo_name": "late_candidate_all",
      "combo_sites": [
        "L25:attn_out",
        "L25:mlp_out",
        "L26:attn_out",
        "L26:mlp_out"
      ],
      "route_group": "other_record_value",
      "n": 2,
      "domains": [
        "abstract",
        "fruit"
      ],
      "relations": [
        "category",
        "shape"
      ],
      "target_success_rate": 0.0,
      "route_success_rate": 1.0,
      "route_only_success_rate": 1.0,
      "joint_success_rate": 0.0,
      "mean_erase_target_logit_drop": -0.21875,
      "mean_target_recovered": -0.1875,
      "mean_target_recovery_fraction": null,
      "mean_erase_route_release": 0.25,
      "mean_restored_route_release": 0.03125,
      "mean_route_reduced": 0.21875,
      "mean_margin_drop_reduced": 0.03125,
      "role_guess": "route_only_suppressor_candidate",
      "erase_route_token_counts": {
        " yes": 1,
        " no": 1
      },
      "restored_route_token_counts": {
        " yes": 1,
        " no": 1
      }
    },
    {
      "site": "L22:attn_out",
      "head": 9,
      "subunit_id": "L22:attn_out:H9",
      "source_group": "records_all",
      "combo_kind": "late_candidate_all",
      "combo_name": "late_candidate_all",
      "combo_sites": [
        "L25:attn_out",
        "L25:mlp_out",
        "L26:attn_out",
        "L26:mlp_out"
      ],
      "route_group": "top_non_target",
      "n": 2,
      "domains": [
        "abstract",
        "fruit"
      ],
      "relations": [
        "category",
        "shape"
      ],
      "target_success_rate": 0.0,
      "route_success_rate": 1.0,
      "route_only_success_rate": 1.0,
      "joint_success_rate": 0.0,
      "mean_erase_target_logit_drop": -0.21875,
      "mean_target_recovered": -0.1875,
      "mean_target_recovery_fraction": null,
      "mean_erase_route_release": 0.21875,
      "mean_restored_route_release": 0.0,
      "mean_route_reduced": 0.21875,
      "mean_margin_drop_reduced": 0.03125,
      "role_guess": "route_only_suppressor_candidate",
      "erase_route_token_counts": {
        " category": 1,
        " ?\n\n": 1
      },
      "restored_route_token_counts": {
        " category": 1,
        " ?\n\n": 1
      }
    }
  ]
}
