[14:32:41] deepseek7b/smoke: pairs=2 seed_candidates=1 sources=['records_all']
[14:32:41] [load] deepseek7b: bf16 device_map=auto attn=eager quantization=off
`torch_dtype` is deprecated! Use `dtype` instead!
Loading weights:   0%|          | 0/339 [00:00<?, ?it/s]Loading weights:   2%|▏         | 6/339 [00:00<00:06, 52.39it/s]Loading weights:  11%|█         | 36/339 [00:00<00:01, 173.95it/s]Loading weights:  18%|█▊        | 60/339 [00:00<00:01, 184.74it/s]Loading weights:  31%|███       | 104/339 [00:00<00:00, 255.84it/s]Loading weights:  44%|████▎     | 148/339 [00:00<00:00, 305.26it/s]Loading weights:  53%|█████▎    | 179/339 [00:00<00:00, 266.26it/s]Loading weights:  63%|██████▎   | 213/339 [00:00<00:00, 285.88it/s]Loading weights:  72%|███████▏  | 245/339 [00:00<00:00, 291.71it/s]Loading weights:  81%|████████  | 275/339 [00:01<00:00, 283.38it/s]Loading weights:  90%|████████▉ | 304/339 [00:01<00:00, 283.37it/s]Loading weights:  98%|█████████▊| 333/339 [00:01<00:00, 273.34it/s]Loading weights: 100%|██████████| 339/339 [00:01<00:00, 266.43it/s]
[14:32:43] [load] deepseek7b: loaded eager, device=cuda:0, gpu=15.23GB
[14:32:44] deepseek7b: expanded_candidates=2 combo_sites=['L23:attn_out', 'L23:mlp_out', 'L24:attn_out', 'L24:mlp_out']
[14:32:45] deepseek7b: multisite carrier 1/2 pairs; rows=10
[14:32:46] deepseek7b: multisite carrier 2/2 pairs; rows=20
[model_utils] GPU memory released, allocated=15.24 GB
{
  "model": "deepseek7b",
  "round": "smoke",
  "combo_baseline": {
    "single_primary_site": {
      "n_groups": 8,
      "mean_effective_restore_rate": 0.125,
      "mean_recovered": -0.03515625,
      "mean_recovery_fraction": 0.020833333333333332,
      "mean_release_reduced": 0.1640625,
      "role_counts": {
        "multisite_target_carrier_candidate": 1,
        "weak_or_unclear": 3,
        "anti_restore_or_off_path": 4
      }
    }
  },
  "top_writers": [
    {
      "site": "L22:attn_out",
      "head": 24,
      "subunit_id": "L22:attn_out:H24",
      "candidate_kind": "phase755_top_candidate",
      "source_group": "records_all",
      "n": 2,
      "domains": [
        "abstract",
        "fruit"
      ],
      "relations": [
        "category",
        "shape"
      ],
      "mean_attention_mass_to_source": 0.4976820945739746,
      "mean_source_target_logit_contribution": 0.040297411382198334,
      "mean_source_total_route_suppression_contribution": 0.18282970413565636,
      "mean_target_logit_drop_after_source_removal": 0.3125,
      "support_rate_drop_gt_0_20": 1.0,
      "mean_total_positive_route_release_after_source_removal": 0.0,
      "route_guard_rate_release_gt_0_20": 0.0,
      "top1_loss_rate": 0.0,
      "removal_role_guess": "partial_writer_candidate"
    },
    {
      "site": "L22:attn_out",
      "head": 9,
      "subunit_id": "L22:attn_out:H9",
      "candidate_kind": "same_layer_control_head",
      "source_group": "records_all",
      "n": 2,
      "domains": [
        "abstract",
        "fruit"
      ],
      "relations": [
        "category",
        "shape"
      ],
      "mean_attention_mass_to_source": 0.11309480667114258,
      "mean_source_target_logit_contribution": -0.09946607425808907,
      "mean_source_total_route_suppression_contribution": 0.17465309239923954,
      "mean_target_logit_drop_after_source_removal": -0.21875,
      "support_rate_drop_gt_0_20": 0.0,
      "mean_total_positive_route_release_after_source_removal": 0.75,
      "route_guard_rate_release_gt_0_20": 1.0,
      "top1_loss_rate": 0.0,
      "removal_role_guess": "route_guard_candidate"
    }
  ],
  "top_multisite": [
    {
      "site": "L22:attn_out",
      "head": 24,
      "subunit_id": "L22:attn_out:H24",
      "candidate_kind": "phase755_top_candidate",
      "source_group": "records_all",
      "combo_name": "L23:attn_out",
      "combo_kind": "single_primary_site",
      "combo_sites": [
        "L23:attn_out"
      ],
      "combo_size": 1,
      "n": 2,
      "domains": [
        "abstract",
        "fruit"
      ],
      "relations": [
        "category",
        "shape"
      ],
      "mean_combo_delta_norm_after_removal": 7.290952920913696,
      "mean_erase_target_logit_drop": 0.3125,
      "mean_restored_target_logit_drop": 0.15625,
      "mean_target_logit_recovered_by_restore": 0.15625,
      "mean_target_recovery_fraction": 0.5,
      "mean_erase_route_release": 0.0,
      "mean_restored_route_release": 0.15625,
      "mean_route_release_reduced_by_restore": -0.15625,
      "effective_restore_rate": 1.0,
      "combo_role_guess": "multisite_target_carrier_candidate"
    },
    {
      "site": "L22:attn_out",
      "head": 24,
      "subunit_id": "L22:attn_out:H24",
      "candidate_kind": "phase755_top_candidate",
      "source_group": "records_all",
      "combo_name": "L24:mlp_out",
      "combo_kind": "single_primary_site",
      "combo_sites": [
        "L24:mlp_out"
      ],
      "combo_size": 1,
      "n": 2,
      "domains": [
        "abstract",
        "fruit"
      ],
      "relations": [
        "category",
        "shape"
      ],
      "mean_combo_delta_norm_after_removal": 10.373159885406494,
      "mean_erase_target_logit_drop": 0.3125,
      "mean_restored_target_logit_drop": 0.28125,
      "mean_target_logit_recovered_by_restore": 0.03125,
      "mean_target_recovery_fraction": 0.08333333333333333,
      "mean_erase_route_release": 0.0,
      "mean_restored_route_release": 0.03125,
      "mean_route_release_reduced_by_restore": -0.03125,
      "effective_restore_rate": 0.0,
      "combo_role_guess": "weak_or_unclear"
    },
    {
      "site": "L22:attn_out",
      "head": 9,
      "subunit_id": "L22:attn_out:H9",
      "candidate_kind": "same_layer_control_head",
      "source_group": "records_all",
      "combo_name": "L24:mlp_out",
      "combo_kind": "single_primary_site",
      "combo_sites": [
        "L24:mlp_out"
      ],
      "combo_size": 1,
      "n": 2,
      "domains": [
        "abstract",
        "fruit"
      ],
      "relations": [
        "category",
        "shape"
      ],
      "mean_combo_delta_norm_after_removal": 2.5799437761306763,
      "mean_erase_target_logit_drop": -0.21875,
      "mean_restored_target_logit_drop": -0.1875,
      "mean_target_logit_recovered_by_restore": -0.03125,
      "mean_target_recovery_fraction": null,
      "mean_erase_route_release": 0.75,
      "mean_restored_route_release": 0.46875,
      "mean_route_release_reduced_by_restore": 0.28125,
      "effective_restore_rate": 0.0,
      "combo_role_guess": "weak_or_unclear"
    },
    {
      "site": "L22:attn_out",
      "head": 9,
      "subunit_id": "L22:attn_out:H9",
      "candidate_kind": "same_layer_control_head",
      "source_group": "records_all",
      "combo_name": "L23:mlp_out",
      "combo_kind": "single_primary_site",
      "combo_sites": [
        "L23:mlp_out"
      ],
      "combo_size": 1,
      "n": 2,
      "domains": [
        "abstract",
        "fruit"
      ],
      "relations": [
        "category",
        "shape"
      ],
      "mean_combo_delta_norm_after_removal": 2.0857762694358826,
      "mean_erase_target_logit_drop": -0.21875,
      "mean_restored_target_logit_drop": -0.1875,
      "mean_target_logit_recovered_by_restore": -0.03125,
      "mean_target_recovery_fraction": null,
      "mean_erase_route_release": 0.75,
      "mean_restored_route_release": 0.5,
      "mean_route_release_reduced_by_restore": 0.25,
      "effective_restore_rate": 0.0,
      "combo_role_guess": "weak_or_unclear"
    },
    {
      "site": "L22:attn_out",
      "head": 24,
      "subunit_id": "L22:attn_out:H24",
      "candidate_kind": "phase755_top_candidate",
      "source_group": "records_all",
      "combo_name": "L23:mlp_out",
      "combo_kind": "single_primary_site",
      "combo_sites": [
        "L23:mlp_out"
      ],
      "combo_size": 1,
      "n": 2,
      "domains": [
        "abstract",
        "fruit"
      ],
      "relations": [
        "category",
        "shape"
      ],
      "mean_combo_delta_norm_after_removal": 9.261905908584595,
      "mean_erase_target_logit_drop": 0.3125,
      "mean_restored_target_logit_drop": 0.375,
      "mean_target_logit_recovered_by_restore": -0.0625,
      "mean_target_recovery_fraction": -0.25,
      "mean_erase_route_release": 0.0,
      "mean_restored_route_release": 0.03125,
      "mean_route_release_reduced_by_restore": -0.03125,
      "effective_restore_rate": 0.0,
      "combo_role_guess": "anti_restore_or_off_path"
    },
    {
      "site": "L22:attn_out",
      "head": 24,
      "subunit_id": "L22:attn_out:H24",
      "candidate_kind": "phase755_top_candidate",
      "source_group": "records_all",
      "combo_name": "L24:attn_out",
      "combo_kind": "single_primary_site",
      "combo_sites": [
        "L24:attn_out"
      ],
      "combo_size": 1,
      "n": 2,
      "domains": [
        "abstract",
        "fruit"
      ],
      "relations": [
        "category",
        "shape"
      ],
      "mean_combo_delta_norm_after_removal": 3.8151406049728394,
      "mean_erase_target_logit_drop": 0.3125,
      "mean_restored_target_logit_drop": 0.375,
      "mean_target_logit_recovered_by_restore": -0.0625,
      "mean_target_recovery_fraction": -0.25,
      "mean_erase_route_release": 0.0,
      "mean_restored_route_release": 0.03125,
      "mean_route_release_reduced_by_restore": -0.03125,
      "effective_restore_rate": 0.0,
      "combo_role_guess": "anti_restore_or_off_path"
    },
    {
      "site": "L22:attn_out",
      "head": 9,
      "subunit_id": "L22:attn_out:H9",
      "candidate_kind": "same_layer_control_head",
      "source_group": "records_all",
      "combo_name": "L24:attn_out",
      "combo_kind": "single_primary_site",
      "combo_sites": [
        "L24:attn_out"
      ],
      "combo_size": 1,
      "n": 2,
      "domains": [
        "abstract",
        "fruit"
      ],
      "relations": [
        "category",
        "shape"
      ],
      "mean_combo_delta_norm_after_removal": 0.8676073253154755,
      "mean_erase_target_logit_drop": -0.21875,
      "mean_restored_target_logit_drop": -0.125,
      "mean_target_logit_recovered_by_restore": -0.09375,
      "mean_target_recovery_fraction": null,
      "mean_erase_route_release": 0.75,
      "mean_restored_route_release": 0.1875,
      "mean_route_release_reduced_by_restore": 0.5625,
      "effective_restore_rate": 0.0,
      "combo_role_guess": "anti_restore_or_off_path"
    },
    {
      "site": "L22:attn_out",
      "head": 9,
      "subunit_id": "L22:attn_out:H9",
      "candidate_kind": "same_layer_control_head",
      "source_group": "records_all",
      "combo_name": "L23:attn_out",
      "combo_kind": "single_primary_site",
      "combo_sites": [
        "L23:attn_out"
      ],
      "combo_size": 1,
      "n": 2,
      "domains": [
        "abstract",
        "fruit"
      ],
      "relations": [
        "category",
        "shape"
      ],
      "mean_combo_delta_norm_after_removal": 0.8743831813335419,
      "mean_erase_target_logit_drop": -0.21875,
      "mean_restored_target_logit_drop": -0.03125,
      "mean_target_logit_recovered_by_restore": -0.1875,
      "mean_target_recovery_fraction": null,
      "mean_erase_route_release": 0.75,
      "mean_restored_route_release": 0.28125,
      "mean_route_release_reduced_by_restore": 0.46875,
      "effective_restore_rate": 0.0,
      "combo_role_guess": "anti_restore_or_off_path"
    }
  ]
}
