[14:32:34] glm4/smoke: pairs=2 seed_candidates=1 sources=['records_all']
[14:32:34] [load] glm4: bf16 device_map=auto attn=eager quantization=off
`torch_dtype` is deprecated! Use `dtype` instead!
Loading weights:   0%|          | 0/443 [00:00<?, ?it/s]Loading weights:   1%|          | 5/443 [00:00<00:10, 41.49it/s]Loading weights:   7%|▋         | 31/443 [00:00<00:02, 153.31it/s]Loading weights:  16%|█▌        | 71/443 [00:00<00:01, 246.25it/s]Loading weights:  23%|██▎       | 104/443 [00:00<00:01, 264.26it/s]Loading weights:  31%|███       | 136/443 [00:00<00:01, 274.84it/s]Loading weights:  38%|███▊      | 169/443 [00:00<00:00, 290.91it/s]Loading weights:  46%|████▌     | 203/443 [00:00<00:00, 301.57it/s]Loading weights:  53%|█████▎    | 236/443 [00:00<00:00, 301.11it/s]Loading weights:  60%|██████    | 267/443 [00:00<00:00, 295.58it/s]Loading weights:  68%|██████▊   | 301/443 [00:01<00:00, 300.52it/s]Loading weights:  75%|███████▌  | 334/443 [00:01<00:00, 306.85it/s]Loading weights:  83%|████████▎ | 368/443 [00:01<00:00, 308.76it/s]Loading weights:  91%|█████████ | 401/443 [00:01<00:00, 310.07it/s]Loading weights:  98%|█████████▊| 433/443 [00:01<00:00, 309.38it/s]Loading weights: 100%|██████████| 443/443 [00:01<00:00, 290.68it/s]
[14:32:36] [load] glm4: loaded eager, device=cuda:0, gpu=18.80GB
[14:32:37] glm4: expanded_candidates=2 combo_sites=['L36:attn_out', 'L36:mlp_out', 'L37:attn_out', 'L37:mlp_out']
[14:32:38] glm4: multisite carrier 1/2 pairs; rows=10
[14:32:39] glm4: multisite carrier 2/2 pairs; rows=20
[model_utils] GPU memory released, allocated=18.81 GB
{
  "model": "glm4",
  "round": "smoke",
  "combo_baseline": {
    "single_primary_site": {
      "n_groups": 8,
      "mean_effective_restore_rate": 0.0,
      "mean_recovered": 0.00390625,
      "mean_recovery_fraction": 0.25,
      "mean_release_reduced": 0.0078125,
      "role_counts": {
        "weak_or_unclear": 8
      }
    }
  },
  "top_writers": [
    {
      "site": "L35:attn_out",
      "head": 29,
      "subunit_id": "L35:attn_out:H29",
      "candidate_kind": "phase755_top_candidate",
      "source_group": "records_all",
      "n": 2,
      "domains": [
        "abstract",
        "fruit"
      ],
      "relations": [
        "category",
        "shape"
      ],
      "mean_attention_mass_to_source": 0.2526034116744995,
      "mean_source_target_logit_contribution": 0.004535512183792889,
      "mean_source_total_route_suppression_contribution": 0.009257186437025666,
      "mean_target_logit_drop_after_source_removal": 0.0625,
      "support_rate_drop_gt_0_20": 0.0,
      "mean_total_positive_route_release_after_source_removal": 0.03125,
      "route_guard_rate_release_gt_0_20": 0.0,
      "top1_loss_rate": 0.0,
      "removal_role_guess": "control_or_weak"
    },
    {
      "site": "L35:attn_out",
      "head": 10,
      "subunit_id": "L35:attn_out:H10",
      "candidate_kind": "same_layer_control_head",
      "source_group": "records_all",
      "n": 2,
      "domains": [
        "abstract",
        "fruit"
      ],
      "relations": [
        "category",
        "shape"
      ],
      "mean_attention_mass_to_source": 0.0022376278648152947,
      "mean_source_target_logit_contribution": -5.610482730844524e-05,
      "mean_source_total_route_suppression_contribution": 5.099667214381043e-05,
      "mean_target_logit_drop_after_source_removal": 0.0,
      "support_rate_drop_gt_0_20": 0.0,
      "mean_total_positive_route_release_after_source_removal": 0.03125,
      "route_guard_rate_release_gt_0_20": 0.0,
      "top1_loss_rate": 0.0,
      "removal_role_guess": "control_or_weak"
    }
  ],
  "top_multisite": [
    {
      "site": "L35:attn_out",
      "head": 29,
      "subunit_id": "L35:attn_out:H29",
      "candidate_kind": "phase755_top_candidate",
      "source_group": "records_all",
      "combo_name": "L36:mlp_out",
      "combo_kind": "single_primary_site",
      "combo_sites": [
        "L36:mlp_out"
      ],
      "combo_size": 1,
      "n": 2,
      "domains": [
        "abstract",
        "fruit"
      ],
      "relations": [
        "category",
        "shape"
      ],
      "mean_combo_delta_norm_after_removal": 0.1991008147597313,
      "mean_erase_target_logit_drop": 0.0625,
      "mean_restored_target_logit_drop": 0.0,
      "mean_target_logit_recovered_by_restore": 0.0625,
      "mean_target_recovery_fraction": 1.0,
      "mean_erase_route_release": 0.03125,
      "mean_restored_route_release": 0.0,
      "mean_route_release_reduced_by_restore": 0.03125,
      "effective_restore_rate": 0.0,
      "combo_role_guess": "weak_or_unclear"
    },
    {
      "site": "L35:attn_out",
      "head": 29,
      "subunit_id": "L35:attn_out:H29",
      "candidate_kind": "phase755_top_candidate",
      "source_group": "records_all",
      "combo_name": "L37:attn_out",
      "combo_kind": "single_primary_site",
      "combo_sites": [
        "L37:attn_out"
      ],
      "combo_size": 1,
      "n": 2,
      "domains": [
        "abstract",
        "fruit"
      ],
      "relations": [
        "category",
        "shape"
      ],
      "mean_combo_delta_norm_after_removal": 0.21617336571216583,
      "mean_erase_target_logit_drop": 0.0625,
      "mean_restored_target_logit_drop": 0.0625,
      "mean_target_logit_recovered_by_restore": 0.0,
      "mean_target_recovery_fraction": 0.0,
      "mean_erase_route_release": 0.03125,
      "mean_restored_route_release": 0.0,
      "mean_route_release_reduced_by_restore": 0.03125,
      "effective_restore_rate": 0.0,
      "combo_role_guess": "weak_or_unclear"
    },
    {
      "site": "L35:attn_out",
      "head": 10,
      "subunit_id": "L35:attn_out:H10",
      "candidate_kind": "same_layer_control_head",
      "source_group": "records_all",
      "combo_name": "L36:attn_out",
      "combo_kind": "single_primary_site",
      "combo_sites": [
        "L36:attn_out"
      ],
      "combo_size": 1,
      "n": 2,
      "domains": [
        "abstract",
        "fruit"
      ],
      "relations": [
        "category",
        "shape"
      ],
      "mean_combo_delta_norm_after_removal": 0.06095591560006142,
      "mean_erase_target_logit_drop": 0.0,
      "mean_restored_target_logit_drop": 0.0,
      "mean_target_logit_recovered_by_restore": 0.0,
      "mean_target_recovery_fraction": null,
      "mean_erase_route_release": 0.03125,
      "mean_restored_route_release": 0.0,
      "mean_route_release_reduced_by_restore": 0.03125,
      "effective_restore_rate": 0.0,
      "combo_role_guess": "weak_or_unclear"
    },
    {
      "site": "L35:attn_out",
      "head": 10,
      "subunit_id": "L35:attn_out:H10",
      "candidate_kind": "same_layer_control_head",
      "source_group": "records_all",
      "combo_name": "L37:attn_out",
      "combo_kind": "single_primary_site",
      "combo_sites": [
        "L37:attn_out"
      ],
      "combo_size": 1,
      "n": 2,
      "domains": [
        "abstract",
        "fruit"
      ],
      "relations": [
        "category",
        "shape"
      ],
      "mean_combo_delta_norm_after_removal": 0.14701208472251892,
      "mean_erase_target_logit_drop": 0.0,
      "mean_restored_target_logit_drop": 0.0,
      "mean_target_logit_recovered_by_restore": 0.0,
      "mean_target_recovery_fraction": null,
      "mean_erase_route_release": 0.03125,
      "mean_restored_route_release": 0.0,
      "mean_route_release_reduced_by_restore": 0.03125,
      "effective_restore_rate": 0.0,
      "combo_role_guess": "weak_or_unclear"
    },
    {
      "site": "L35:attn_out",
      "head": 29,
      "subunit_id": "L35:attn_out:H29",
      "candidate_kind": "phase755_top_candidate",
      "source_group": "records_all",
      "combo_name": "L36:attn_out",
      "combo_kind": "single_primary_site",
      "combo_sites": [
        "L36:attn_out"
      ],
      "combo_size": 1,
      "n": 2,
      "domains": [
        "abstract",
        "fruit"
      ],
      "relations": [
        "category",
        "shape"
      ],
      "mean_combo_delta_norm_after_removal": 0.0915689580142498,
      "mean_erase_target_logit_drop": 0.0625,
      "mean_restored_target_logit_drop": 0.0625,
      "mean_target_logit_recovered_by_restore": 0.0,
      "mean_target_recovery_fraction": 0.0,
      "mean_erase_route_release": 0.03125,
      "mean_restored_route_release": 0.03125,
      "mean_route_release_reduced_by_restore": 0.0,
      "effective_restore_rate": 0.0,
      "combo_role_guess": "weak_or_unclear"
    },
    {
      "site": "L35:attn_out",
      "head": 29,
      "subunit_id": "L35:attn_out:H29",
      "candidate_kind": "phase755_top_candidate",
      "source_group": "records_all",
      "combo_name": "L37:mlp_out",
      "combo_kind": "single_primary_site",
      "combo_sites": [
        "L37:mlp_out"
      ],
      "combo_size": 1,
      "n": 2,
      "domains": [
        "abstract",
        "fruit"
      ],
      "relations": [
        "category",
        "shape"
      ],
      "mean_combo_delta_norm_after_removal": 0.3467828780412674,
      "mean_erase_target_logit_drop": 0.0625,
      "mean_restored_target_logit_drop": 0.0625,
      "mean_target_logit_recovered_by_restore": 0.0,
      "mean_target_recovery_fraction": 0.0,
      "mean_erase_route_release": 0.03125,
      "mean_restored_route_release": 0.03125,
      "mean_route_release_reduced_by_restore": 0.0,
      "effective_restore_rate": 0.0,
      "combo_role_guess": "weak_or_unclear"
    },
    {
      "site": "L35:attn_out",
      "head": 10,
      "subunit_id": "L35:attn_out:H10",
      "candidate_kind": "same_layer_control_head",
      "source_group": "records_all",
      "combo_name": "L37:mlp_out",
      "combo_kind": "single_primary_site",
      "combo_sites": [
        "L37:mlp_out"
      ],
      "combo_size": 1,
      "n": 2,
      "domains": [
        "abstract",
        "fruit"
      ],
      "relations": [
        "category",
        "shape"
      ],
      "mean_combo_delta_norm_after_removal": 0.13696131855249405,
      "mean_erase_target_logit_drop": 0.0,
      "mean_restored_target_logit_drop": 0.0,
      "mean_target_logit_recovered_by_restore": 0.0,
      "mean_target_recovery_fraction": null,
      "mean_erase_route_release": 0.03125,
      "mean_restored_route_release": 0.03125,
      "mean_route_release_reduced_by_restore": 0.0,
      "effective_restore_rate": 0.0,
      "combo_role_guess": "weak_or_unclear"
    },
    {
      "site": "L35:attn_out",
      "head": 10,
      "subunit_id": "L35:attn_out:H10",
      "candidate_kind": "same_layer_control_head",
      "source_group": "records_all",
      "combo_name": "L36:mlp_out",
      "combo_kind": "single_primary_site",
      "combo_sites": [
        "L36:mlp_out"
      ],
      "combo_size": 1,
      "n": 2,
      "domains": [
        "abstract",
        "fruit"
      ],
      "relations": [
        "category",
        "shape"
      ],
      "mean_combo_delta_norm_after_removal": 0.09641264751553535,
      "mean_erase_target_logit_drop": 0.0,
      "mean_restored_target_logit_drop": 0.03125,
      "mean_target_logit_recovered_by_restore": -0.03125,
      "mean_target_recovery_fraction": null,
      "mean_erase_route_release": 0.03125,
      "mean_restored_route_release": 0.09375,
      "mean_route_release_reduced_by_restore": -0.0625,
      "effective_restore_rate": 0.0,
      "combo_role_guess": "weak_or_unclear"
    }
  ]
}
