[07:08:31] deepseek7b/main: pairs=6 target=hidden_28 audits=1
[07:08:32] [load] deepseek7b: bf16 device_map=auto attn=eager quantization=off
`torch_dtype` is deprecated! Use `dtype` instead!
Loading weights:   0%|          | 0/339 [00:00<?, ?it/s]Loading weights:   5%|▍         | 16/339 [00:00<00:02, 133.96it/s]Loading weights:  15%|█▍        | 50/339 [00:00<00:01, 217.29it/s]Loading weights:  24%|██▎       | 80/339 [00:00<00:01, 236.18it/s]Loading weights:  35%|███▌      | 119/339 [00:00<00:00, 271.90it/s]Loading weights:  47%|████▋     | 159/339 [00:00<00:00, 279.46it/s]Loading weights:  58%|█████▊    | 197/339 [00:00<00:00, 304.54it/s]Loading weights:  67%|██████▋   | 228/339 [00:00<00:00, 301.75it/s]Loading weights:  76%|███████▋  | 259/339 [00:00<00:00, 255.79it/s]Loading weights:  90%|████████▉ | 304/339 [00:01<00:00, 297.37it/s]Loading weights:  99%|█████████▉| 335/339 [00:01<00:00, 292.52it/s]Loading weights: 100%|██████████| 339/339 [00:01<00:00, 279.04it/s]
[07:08:33] [load] deepseek7b: loaded eager, device=cuda:0, gpu=15.23GB
[07:08:35] deepseek7b: natural source backtrace 2/6 pairs; cases=2 components=20
[07:08:37] deepseek7b: natural source backtrace 4/6 pairs; cases=4 components=40
[07:08:39] deepseek7b: natural source backtrace 6/6 pairs; cases=6 components=60
[model_utils] GPU memory released, allocated=15.24 GB
{
  "model": "deepseek7b",
  "round": "main",
  "target_site": "hidden_28",
  "case_summary": [
    {
      "intervention_key": "source_plus_all_mlp|L22H24<-all_pre_answer|L27:mlp[2872:2932]+L22:mlp[957:1017] conflict<-explicit",
      "intervention_label": "source_plus_all_mlp|L22H24<-all_pre_answer|L27:mlp[2872:2932]+L22:mlp[957:1017]",
      "direction": "conflict<-explicit",
      "intervention_mode": "source_plus_all_mlp",
      "source_component_id": "L22H24",
      "source_group": "all_pre_answer",
      "mlp_components": [
        "L27:mlp[2872:2932]",
        "L22:mlp[957:1017]"
      ],
      "n": 6,
      "patched_top_counts": {
        " tool": 1,
        " bitter": 1,
        " blue": 1,
        " The": 1,
        " stone": 1,
        " sweet": 1
      },
      "mean_threshold_used": 10.576551930136825,
      "mean_alpha_star_vocab_top": 5.513155589736029,
      "mean_patched_margin_donor_vs_vocab_top": -7.536458333333333,
      "mean_donor_final_delta_proj": 12.324749628702799,
      "mean_patched_final_delta_proj": 0.11265863354007404,
      "mean_donor_final_fraction_of_threshold": 1.2392773040941776,
      "mean_patched_final_fraction_of_threshold": 0.012438644518831471,
      "mean_donor_final_input_delta_proj": 95.41945203145345,
      "mean_patched_final_input_delta_proj": 0.8433072169621786,
      "mean_source_contribution_delta_norm": 8.183632532755533,
      "mean_mlp_delta_norm_total": 70.27460932731628
    }
  ],
  "top_component_sources": [
    {
      "component_id": "L26:attn_out",
      "layer": 26,
      "component": "attn_out",
      "n": 6,
      "mean_patched_delta_proj": 0.42214762419462204,
      "mean_donor_delta_proj": 29.176939090092976,
      "mean_patched_fraction_of_threshold": 0.05975048531799579,
      "mean_donor_fraction_of_threshold": 3.073443661019129,
      "patched_positive_rate": 0.6666666666666666,
      "donor_positive_rate": 1.0,
      "role_guess": "patched_threshold_alignment_candidate"
    },
    {
      "component_id": "L27:attn_out",
      "layer": 27,
      "component": "attn_out",
      "n": 6,
      "mean_patched_delta_proj": 0.1112486186126868,
      "mean_donor_delta_proj": 24.6281255086263,
      "mean_patched_fraction_of_threshold": 0.019781348680720134,
      "mean_donor_fraction_of_threshold": 2.4287111471217275,
      "patched_positive_rate": 0.6666666666666666,
      "donor_positive_rate": 1.0,
      "role_guess": "patched_threshold_alignment_candidate"
    },
    {
      "component_id": "L25:mlp_out",
      "layer": 25,
      "component": "mlp_out",
      "n": 6,
      "mean_patched_delta_proj": 0.0716237798333168,
      "mean_donor_delta_proj": 2.7283562223116555,
      "mean_patched_fraction_of_threshold": 0.0036930366364672797,
      "mean_donor_fraction_of_threshold": 0.30135173306334856,
      "patched_positive_rate": 0.6666666666666666,
      "donor_positive_rate": 0.8333333333333334,
      "role_guess": "patched_threshold_alignment_candidate"
    },
    {
      "component_id": "L24:attn_out",
      "layer": 24,
      "component": "attn_out",
      "n": 6,
      "mean_patched_delta_proj": 0.06190398894250393,
      "mean_donor_delta_proj": 3.5838051239649453,
      "mean_patched_fraction_of_threshold": 0.007782506287098835,
      "mean_donor_fraction_of_threshold": 0.38309477309479223,
      "patched_positive_rate": 0.5,
      "donor_positive_rate": 1.0,
      "role_guess": "patched_threshold_alignment_candidate"
    },
    {
      "component_id": "L23:mlp_out",
      "layer": 23,
      "component": "mlp_out",
      "n": 6,
      "mean_patched_delta_proj": 0.03981489439805349,
      "mean_donor_delta_proj": 1.1907247255245845,
      "mean_patched_fraction_of_threshold": 0.0043352915269120815,
      "mean_donor_fraction_of_threshold": 0.12221104510165402,
      "patched_positive_rate": 0.6666666666666666,
      "donor_positive_rate": 0.8333333333333334,
      "role_guess": "patched_threshold_alignment_candidate"
    },
    {
      "component_id": "L24:mlp_out",
      "layer": 24,
      "component": "mlp_out",
      "n": 6,
      "mean_patched_delta_proj": 0.0068967342376708984,
      "mean_donor_delta_proj": 4.260972996552785,
      "mean_patched_fraction_of_threshold": 0.0033522486957639924,
      "mean_donor_fraction_of_threshold": 0.47370112508798173,
      "patched_positive_rate": 0.6666666666666666,
      "donor_positive_rate": 0.8333333333333334,
      "role_guess": "patched_threshold_alignment_candidate"
    },
    {
      "component_id": "L27:mlp_out",
      "layer": 27,
      "component": "mlp_out",
      "n": 6,
      "mean_patched_delta_proj": -0.0626514454682668,
      "mean_donor_delta_proj": -0.5475061337153116,
      "mean_patched_fraction_of_threshold": -0.008344329260449085,
      "mean_donor_fraction_of_threshold": 0.03516709096748651,
      "patched_positive_rate": 0.3333333333333333,
      "donor_positive_rate": 0.6666666666666666,
      "role_guess": "opposes_or_irrelevant"
    },
    {
      "component_id": "L23:attn_out",
      "layer": 23,
      "component": "attn_out",
      "n": 6,
      "mean_patched_delta_proj": -0.0722885758926471,
      "mean_donor_delta_proj": 6.2240780393282575,
      "mean_patched_fraction_of_threshold": -0.004023912835589773,
      "mean_donor_fraction_of_threshold": 0.6512316693213103,
      "patched_positive_rate": 0.5,
      "donor_positive_rate": 0.8333333333333334,
      "role_guess": "donor_context_only_candidate"
    }
  ]
}
