`torch_dtype` is deprecated! Use `dtype` instead!
Loading weights:   0%|          | 0/339 [00:00<?, ?it/s]Loading weights:   0%|          | 1/339 [00:00<00:57,  5.90it/s]Loading weights:   9%|▊         | 29/339 [00:00<00:02, 126.44it/s]Loading weights:  18%|█▊        | 60/339 [00:00<00:01, 197.31it/s]Loading weights:  24%|██▍       | 83/339 [00:00<00:01, 206.93it/s]Loading weights:  33%|███▎      | 113/339 [00:00<00:01, 216.11it/s]Loading weights:  47%|████▋     | 160/339 [00:00<00:00, 292.42it/s]Loading weights:  56%|█████▋    | 191/339 [00:00<00:00, 281.81it/s]Loading weights:  65%|██████▌   | 221/339 [00:00<00:00, 272.55it/s]Loading weights:  76%|███████▌  | 257/339 [00:01<00:00, 286.15it/s]Loading weights:  85%|████████▍ | 287/339 [00:01<00:00, 284.40it/s]Loading weights:  93%|█████████▎| 316/339 [00:01<00:00, 266.41it/s]Loading weights: 100%|██████████| 339/339 [00:01<00:00, 252.55it/s]
[12:32:06] Loaded deepseek7b: class=Qwen2ForCausalLM, GPU=15.23GB, attn=eager
[12:32:08] deepseek7b: 24/72 paired cases
[12:32:10] deepseek7b: 48/72 paired cases
[12:32:12] deepseek7b: 72/72 paired cases
[model_utils] GPU memory released, allocated=15.32 GB
{
  "model": "deepseek7b",
  "n_paired_cases": 72,
  "n_projection_rows": 6048,
  "phase": 685,
  "summary": {
    "by_component": {
      "attn_out": {
        "mean_delta": 0.8983098685802404,
        "mean_pmv_delta": 6.164930555555555,
        "mean_rank_delta": 166.69444444444446,
        "mean_short_proj": 1.2991104781071448,
        "mean_terse_proj": 2.197420346687385,
        "n": 2016,
        "positive_delta_rate": 0.4677579365079365
      },
      "layer_out": {
        "mean_delta": 2.221308233002053,
        "mean_pmv_delta": 6.164930555555555,
        "mean_rank_delta": 166.69444444444446,
        "mean_short_proj": 6.325877254507283,
        "mean_terse_proj": 8.547185487509335,
        "n": 2016,
        "positive_delta_rate": 0.2698412698412698
      },
      "mlp_out": {
        "mean_delta": 0.3415290817954681,
        "mean_pmv_delta": 6.164930555555555,
        "mean_rank_delta": 166.69444444444446,
        "mean_short_proj": -0.3835282759585728,
        "mean_terse_proj": -0.04199919416310473,
        "n": 2016,
        "positive_delta_rate": 0.5114087301587301
      }
    },
    "mean_final_rank_delta": 166.69444444444446,
    "mean_short_rank": 167.69444444444446,
    "mean_terse_rank": 1.0,
    "model": "deepseek7b",
    "n_paired_cases": 72,
    "top_negative_sites": [
      {
        "component": "layer_out",
        "layer": 21,
        "mean_delta": -1.7132305221425161,
        "mean_pmv_delta": 6.164930555555555,
        "mean_rank_delta": 166.69444444444446,
        "mean_short_proj": 7.425462575422393,
        "mean_terse_proj": 5.712232053279877,
        "n": 72,
        "positive_delta_rate": 0.125
      },
      {
        "component": "layer_out",
        "layer": 17,
        "mean_delta": -1.6252560570008225,
        "mean_pmv_delta": 6.164930555555555,
        "mean_rank_delta": 166.69444444444446,
        "mean_short_proj": 4.996847931709555,
        "mean_terse_proj": 3.371591874708732,
        "n": 72,
        "positive_delta_rate": 0.06944444444444445
      },
      {
        "component": "layer_out",
        "layer": 18,
        "mean_delta": -1.541829374929269,
        "mean_pmv_delta": 6.164930555555555,
        "mean_rank_delta": 166.69444444444446,
        "mean_short_proj": 6.66580780595541,
        "mean_terse_proj": 5.123978431026141,
        "n": 72,
        "positive_delta_rate": 0.1388888888888889
      },
      {
        "component": "layer_out",
        "layer": 16,
        "mean_delta": -1.5316361900832918,
        "mean_pmv_delta": 6.164930555555555,
        "mean_rank_delta": 166.69444444444446,
        "mean_short_proj": 3.81347317662504,
        "mean_terse_proj": 2.281836986541748,
        "n": 72,
        "positive_delta_rate": 0.041666666666666664
      },
      {
        "component": "mlp_out",
        "layer": 21,
        "mean_delta": -1.4904182226293616,
        "mean_pmv_delta": 6.164930555555555,
        "mean_rank_delta": 166.69444444444446,
        "mean_short_proj": 2.524487374143468,
        "mean_terse_proj": 1.0340691515141063,
        "n": 72,
        "positive_delta_rate": 0.027777777777777776
      },
      {
        "component": "layer_out",
        "layer": 12,
        "mean_delta": -1.4551131288624473,
        "mean_pmv_delta": 6.164930555555555,
        "mean_rank_delta": 166.69444444444446,
        "mean_short_proj": 0.8813629113137722,
        "mean_terse_proj": -0.5737502175486751,
        "n": 72,
        "positive_delta_rate": 0.0
      },
      {
        "component": "layer_out",
        "layer": 15,
        "mean_delta": -1.4054151781731181,
        "mean_pmv_delta": 6.164930555555555,
        "mean_rank_delta": 166.69444444444446,
        "mean_short_proj": 4.431966000133091,
        "mean_terse_proj": 3.0265508219599724,
        "n": 72,
        "positive_delta_rate": 0.027777777777777776
      },
      {
        "component": "layer_out",
        "layer": 14,
        "mean_delta": -1.0090282062689464,
        "mean_pmv_delta": 6.164930555555555,
        "mean_rank_delta": 166.69444444444446,
        "mean_short_proj": 2.5782695582343473,
        "mean_terse_proj": 1.569241351965401,
        "n": 72,
        "positive_delta_rate": 0.06944444444444445
      },
      {
        "component": "layer_out",
        "layer": 7,
        "mean_delta": -0.8908387451536126,
        "mean_pmv_delta": 6.164930555555555,
        "mean_rank_delta": 166.69444444444446,
        "mean_short_proj": 0.34153692486385506,
        "mean_terse_proj": -0.5493018202897575,
        "n": 72,
        "positive_delta_rate": 0.0
      },
      {
        "component": "mlp_out",
        "layer": 23,
        "mean_delta": -0.7859872455398241,
        "mean_pmv_delta": 6.164930555555555,
        "mean_rank_delta": 166.69444444444446,
        "mean_short_proj": 3.6501519286798105,
        "mean_terse_proj": 2.8641646831399865,
        "n": 72,
        "positive_delta_rate": 0.3194444444444444
      },
      {
        "component": "layer_out",
        "layer": 8,
        "mean_delta": -0.7716629023974141,
        "mean_pmv_delta": 6.164930555555555,
        "mean_rank_delta": 166.69444444444446,
        "mean_short_proj": 0.1809004916706019,
        "mean_terse_proj": -0.5907624107268121,
        "n": 72,
        "positive_delta_rate": 0.0
      },
      {
        "component": "layer_out",
        "layer": 10,
        "mean_delta": -0.761924193551143,
        "mean_pmv_delta": 6.164930555555555,
        "mean_rank_delta": 166.69444444444446,
        "mean_short_proj": -0.22291337077816328,
        "mean_terse_proj": -0.9848375643293062,
        "n": 72,
        "positive_delta_rate": 0.0
      }
    ],
    "top_positive_sites": [
      {
        "component": "layer_out",
        "layer": 27,
        "mean_delta": 34.71832647588518,
        "mean_pmv_delta": 6.164930555555555,
        "mean_rank_delta": 166.69444444444446,
        "mean_short_proj": 25.64414970080058,
        "mean_terse_proj": 60.36247617668576,
        "n": 72,
        "positive_delta_rate": 0.9583333333333334
      },
      {
        "component": "layer_out",
        "layer": 26,
        "mean_delta": 24.36242918504609,
        "mean_pmv_delta": 6.164930555555555,
        "mean_rank_delta": 166.69444444444446,
        "mean_short_proj": 37.82504251599312,
        "mean_terse_proj": 62.18747170103921,
        "n": 72,
        "positive_delta_rate": 0.9444444444444444
      },
      {
        "component": "attn_out",
        "layer": 26,
        "mean_delta": 12.837984732041756,
        "mean_pmv_delta": 6.164930555555555,
        "mean_rank_delta": 166.69444444444446,
        "mean_short_proj": 10.974961207558712,
        "mean_terse_proj": 23.812945939600468,
        "n": 72,
        "positive_delta_rate": 1.0
      },
      {
        "component": "layer_out",
        "layer": 24,
        "mean_delta": 7.91291950808631,
        "mean_pmv_delta": 6.164930555555555,
        "mean_rank_delta": 166.69444444444446,
        "mean_short_proj": 15.702943887975481,
        "mean_terse_proj": 23.61586339606179,
        "n": 72,
        "positive_delta_rate": 0.9444444444444444
      },
      {
        "component": "layer_out",
        "layer": 25,
        "mean_delta": 7.284605006376903,
        "mean_pmv_delta": 6.164930555555555,
        "mean_rank_delta": 166.69444444444446,
        "mean_short_proj": 24.17328431871202,
        "mean_terse_proj": 31.457889325088924,
        "n": 72,
        "positive_delta_rate": 0.9027777777777778
      },
      {
        "component": "attn_out",
        "layer": 23,
        "mean_delta": 6.248541787266731,
        "mean_pmv_delta": 6.164930555555555,
        "mean_rank_delta": 166.69444444444446,
        "mean_short_proj": 3.887546948260731,
        "mean_terse_proj": 10.136088735527462,
        "n": 72,
        "positive_delta_rate": 1.0
      },
      {
        "component": "layer_out",
        "layer": 23,
        "mean_delta": 5.5108961098723945,
        "mean_pmv_delta": 6.164930555555555,
        "mean_rank_delta": 166.69444444444446,
        "mean_short_proj": 15.866713106632233,
        "mean_terse_proj": 21.377609216504627,
        "n": 72,
        "positive_delta_rate": 0.9305555555555556
      },
      {
        "component": "mlp_out",
        "layer": 27,
        "mean_delta": 5.460936321152581,
        "mean_pmv_delta": 6.164930555555555,
        "mean_rank_delta": 166.69444444444446,
        "mean_short_proj": -37.867957539028595,
        "mean_terse_proj": -32.40702121787601,
        "n": 72,
        "positive_delta_rate": 0.5833333333333334
      },
      {
        "component": "attn_out",
        "layer": 27,
        "mean_delta": 4.898551679319805,
        "mean_pmv_delta": 6.164930555555555,
        "mean_rank_delta": 166.69444444444446,
        "mean_short_proj": 25.680293411016464,
        "mean_terse_proj": 30.57884509033627,
        "n": 72,
        "positive_delta_rate": 0.8194444444444444
      },
      {
        "component": "mlp_out",
        "layer": 26,
        "mean_delta": 4.240224240554704,
        "mean_pmv_delta": 6.164930555555555,
        "mean_rank_delta": 166.69444444444446,
        "mean_short_proj": 2.6682696772946253,
        "mean_terse_proj": 6.908493917849329,
        "n": 72,
        "positive_delta_rate": 0.7638888888888888
      },
      {
        "component": "mlp_out",
        "layer": 24,
        "mean_delta": 1.8901659233702555,
        "mean_pmv_delta": 6.164930555555555,
        "mean_rank_delta": 166.69444444444446,
        "mean_short_proj": 0.1193363144993782,
        "mean_terse_proj": 2.0095022378696337,
        "n": 72,
        "positive_delta_rate": 0.9444444444444444
      },
      {
        "component": "attn_out",
        "layer": 22,
        "mean_delta": 1.8485750470103488,
        "mean_pmv_delta": 6.164930555555555,
        "mean_rank_delta": 166.69444444444446,
        "mean_short_proj": 0.1793180045982202,
        "mean_terse_proj": 2.027893051608569,
        "n": 72,
        "positive_delta_rate": 0.9722222222222222
      },
      {
        "component": "mlp_out",
        "layer": 9,
        "mean_delta": 0.7225446690701776,
        "mean_pmv_delta": 6.164930555555555,
        "mean_rank_delta": 166.69444444444446,
        "mean_short_proj": -0.02086244833966096,
        "mean_terse_proj": 0.7016822207305167,
        "n": 72,
        "positive_delta_rate": 0.9861111111111112
      },
      {
        "component": "attn_out",
        "layer": 13,
        "mean_delta": 0.5837713742835654,
        "mean_pmv_delta": 6.164930555555555,
        "mean_rank_delta": 166.69444444444446,
        "mean_short_proj": -1.4005046089490254,
        "mean_terse_proj": -0.8167332346654601,
        "n": 72,
        "positive_delta_rate": 0.8888888888888888
      },
      {
        "component": "mlp_out",
        "layer": 19,
        "mean_delta": 0.5779476476212343,
        "mean_pmv_delta": 6.164930555555555,
        "mean_rank_delta": 166.69444444444446,
        "mean_short_proj": -0.5687044912742244,
        "mean_terse_proj": 0.009243156347009871,
        "n": 72,
        "positive_delta_rate": 0.8888888888888888
      },
      {
        "component": "attn_out",
        "layer": 19,
        "mean_delta": 0.5623735737883382,
        "mean_pmv_delta": 6.164930555555555,
        "mean_rank_delta": 166.69444444444446,
        "mean_short_proj": -1.2575328060322337,
        "mean_terse_proj": -0.6951592322438955,
        "n": 72,
        "positive_delta_rate": 0.9444444444444444
      },
      {
        "component": "attn_out",
        "layer": 24,
        "mean_delta": 0.524335405892796,
        "mean_pmv_delta": 6.164930555555555,
        "mean_rank_delta": 166.69444444444446,
        "mean_short_proj": -0.2819953051706155,
        "mean_terse_proj": 0.24234010072218048,
        "n": 72,
        "positive_delta_rate": 0.6111111111111112
      },
      {
        "component": "attn_out",
        "layer": 20,
        "mean_delta": 0.42683416201422614,
        "mean_pmv_delta": 6.164930555555555,
        "mean_rank_delta": 166.69444444444446,
        "mean_short_proj": -0.660938055978881,
        "mean_terse_proj": -0.23410389396465486,
        "n": 72,
        "positive_delta_rate": 0.8333333333333334
      },
      {
        "component": "mlp_out",
        "layer": 8,
        "mean_delta": 0.3889774933664335,
        "mean_pmv_delta": 6.164930555555555,
        "mean_rank_delta": 166.69444444444446,
        "mean_short_proj": -0.13357521531482539,
        "mean_terse_proj": 0.25540227805160814,
        "n": 72,
        "positive_delta_rate": 0.9444444444444444
      },
      {
        "component": "attn_out",
        "layer": 21,
        "mean_delta": 0.36306172526544994,
        "mean_pmv_delta": 6.164930555555555,
        "mean_rank_delta": 166.69444444444446,
        "mean_short_proj": -0.10954423579904768,
        "mean_terse_proj": 0.2535174894664023,
        "n": 72,
        "positive_delta_rate": 0.8611111111111112
      }
    ]
  },
  "timestamp": "2026-06-26 12:32:12",
  "title": "Natural Value-Readout Writer Localization"
}
