`torch_dtype` is deprecated! Use `dtype` instead!
Loading weights:   0%|          | 0/443 [00:00<?, ?it/s]Loading weights:   0%|          | 2/443 [00:00<00:46,  9.48it/s]Loading weights:   5%|▌         | 23/443 [00:00<00:04, 89.15it/s]Loading weights:  14%|█▎        | 60/443 [00:00<00:02, 179.67it/s]Loading weights:  21%|██        | 93/443 [00:00<00:01, 223.68it/s]Loading weights:  28%|██▊       | 126/443 [00:00<00:01, 248.99it/s]Loading weights:  36%|███▌      | 159/443 [00:00<00:01, 268.65it/s]Loading weights:  43%|████▎     | 191/443 [00:00<00:00, 278.20it/s]Loading weights:  51%|█████     | 225/443 [00:00<00:00, 291.71it/s]Loading weights:  58%|█████▊    | 258/443 [00:01<00:00, 298.29it/s]Loading weights:  66%|██████▌   | 291/443 [00:01<00:00, 305.58it/s]Loading weights:  73%|███████▎  | 322/443 [00:01<00:00, 265.44it/s]Loading weights:  84%|████████▍ | 373/443 [00:01<00:00, 307.77it/s]Loading weights:  93%|█████████▎| 411/443 [00:01<00:00, 318.27it/s]Loading weights: 100%|██████████| 443/443 [00:01<00:00, 269.69it/s]
[12:31:55] Loaded glm4: class=GlmForCausalLM, GPU=18.80GB, attn=eager
[12:31:56] glm4: 5/5 paired cases
[model_utils] GPU memory released, allocated=18.92 GB
{
  "model": "glm4",
  "n_paired_cases": 5,
  "n_projection_rows": 600,
  "phase": 685,
  "summary": {
    "by_component": {
      "attn_out": {
        "mean_delta": 0.0424960080528399,
        "mean_pmv_delta": 1.525,
        "mean_rank_delta": 1.0,
        "mean_short_proj": 0.01951112322800327,
        "mean_terse_proj": 0.06200713128084317,
        "n": 200,
        "positive_delta_rate": 0.525
      },
      "layer_out": {
        "mean_delta": 0.5007758127176203,
        "mean_pmv_delta": 1.525,
        "mean_rank_delta": 1.0,
        "mean_short_proj": 0.1629081270977622,
        "mean_terse_proj": 0.6636839398153824,
        "n": 200,
        "positive_delta_rate": 0.47
      },
      "mlp_out": {
        "mean_delta": 0.03871061813086271,
        "mean_pmv_delta": 1.525,
        "mean_rank_delta": 1.0,
        "mean_short_proj": -0.10128874316462316,
        "mean_terse_proj": -0.06257812503376044,
        "n": 200,
        "positive_delta_rate": 0.54
      }
    },
    "mean_final_rank_delta": 1.0,
    "mean_short_rank": 2.0,
    "mean_terse_rank": 1.0,
    "model": "glm4",
    "n_paired_cases": 5,
    "top_negative_sites": [
      {
        "component": "mlp_out",
        "layer": 37,
        "mean_delta": -0.4157186269760132,
        "mean_pmv_delta": 1.525,
        "mean_rank_delta": 1.0,
        "mean_short_proj": -0.983403992652893,
        "mean_terse_proj": -1.3991226196289062,
        "n": 5,
        "positive_delta_rate": 0.0
      },
      {
        "component": "layer_out",
        "layer": 25,
        "mean_delta": -0.22746866643428804,
        "mean_pmv_delta": 1.525,
        "mean_rank_delta": 1.0,
        "mean_short_proj": -0.022490295767784118,
        "mean_terse_proj": -0.24995896220207214,
        "n": 5,
        "positive_delta_rate": 0.0
      },
      {
        "component": "mlp_out",
        "layer": 36,
        "mean_delta": -0.21719983518123626,
        "mean_pmv_delta": 1.525,
        "mean_rank_delta": 1.0,
        "mean_short_proj": -0.3303958043456078,
        "mean_terse_proj": -0.547595639526844,
        "n": 5,
        "positive_delta_rate": 0.2
      },
      {
        "component": "layer_out",
        "layer": 24,
        "mean_delta": -0.21409250758588314,
        "mean_pmv_delta": 1.525,
        "mean_rank_delta": 1.0,
        "mean_short_proj": 0.01921796165406704,
        "mean_terse_proj": -0.1948745459318161,
        "n": 5,
        "positive_delta_rate": 0.0
      },
      {
        "component": "mlp_out",
        "layer": 39,
        "mean_delta": -0.17909516096115113,
        "mean_pmv_delta": 1.525,
        "mean_rank_delta": 1.0,
        "mean_short_proj": 0.3976043939590454,
        "mean_terse_proj": 0.2185092329978943,
        "n": 5,
        "positive_delta_rate": 0.4
      },
      {
        "component": "mlp_out",
        "layer": 35,
        "mean_delta": -0.16539673805236815,
        "mean_pmv_delta": 1.525,
        "mean_rank_delta": 1.0,
        "mean_short_proj": -0.5720439374446868,
        "mean_terse_proj": -0.737440675497055,
        "n": 5,
        "positive_delta_rate": 0.2
      },
      {
        "component": "layer_out",
        "layer": 22,
        "mean_delta": -0.14937861934304236,
        "mean_pmv_delta": 1.525,
        "mean_rank_delta": 1.0,
        "mean_short_proj": 0.1316848300397396,
        "mean_terse_proj": -0.017693789303302766,
        "n": 5,
        "positive_delta_rate": 0.0
      },
      {
        "component": "mlp_out",
        "layer": 24,
        "mean_delta": -0.1168842926621437,
        "mean_pmv_delta": 1.525,
        "mean_rank_delta": 1.0,
        "mean_short_proj": -0.06943981647491455,
        "mean_terse_proj": -0.18632410913705827,
        "n": 5,
        "positive_delta_rate": 0.0
      },
      {
        "component": "layer_out",
        "layer": 23,
        "mean_delta": -0.11070259362459182,
        "mean_pmv_delta": 1.525,
        "mean_rank_delta": 1.0,
        "mean_short_proj": 0.021613748371601106,
        "mean_terse_proj": -0.08908884525299073,
        "n": 5,
        "positive_delta_rate": 0.0
      },
      {
        "component": "layer_out",
        "layer": 21,
        "mean_delta": -0.10865287780761719,
        "mean_pmv_delta": 1.525,
        "mean_rank_delta": 1.0,
        "mean_short_proj": 0.23517832458019255,
        "mean_terse_proj": 0.12652544677257538,
        "n": 5,
        "positive_delta_rate": 0.0
      },
      {
        "component": "attn_out",
        "layer": 37,
        "mean_delta": -0.058134615421295166,
        "mean_pmv_delta": 1.525,
        "mean_rank_delta": 1.0,
        "mean_short_proj": -0.4973800629377365,
        "mean_terse_proj": -0.5555146783590317,
        "n": 5,
        "positive_delta_rate": 0.0
      },
      {
        "component": "mlp_out",
        "layer": 21,
        "mean_delta": -0.05703223235905171,
        "mean_pmv_delta": 1.525,
        "mean_rank_delta": 1.0,
        "mean_short_proj": 0.0962180145084858,
        "mean_terse_proj": 0.03918578214943409,
        "n": 5,
        "positive_delta_rate": 0.2
      }
    ],
    "top_positive_sites": [
      {
        "component": "layer_out",
        "layer": 38,
        "mean_delta": 3.443301272392273,
        "mean_pmv_delta": 1.525,
        "mean_rank_delta": 1.0,
        "mean_short_proj": -2.780573844909668,
        "mean_terse_proj": 0.6627274274826049,
        "n": 5,
        "positive_delta_rate": 1.0
      },
      {
        "component": "layer_out",
        "layer": 39,
        "mean_delta": 3.222440409660339,
        "mean_pmv_delta": 1.525,
        "mean_rank_delta": 1.0,
        "mean_short_proj": -3.2711148262023926,
        "mean_terse_proj": -0.04867441654205322,
        "n": 5,
        "positive_delta_rate": 1.0
      },
      {
        "component": "layer_out",
        "layer": 34,
        "mean_delta": 2.229476350545883,
        "mean_pmv_delta": 1.525,
        "mean_rank_delta": 1.0,
        "mean_short_proj": 2.640262705087662,
        "mean_terse_proj": 4.869739055633545,
        "n": 5,
        "positive_delta_rate": 1.0
      },
      {
        "component": "layer_out",
        "layer": 35,
        "mean_delta": 2.1658536553382874,
        "mean_pmv_delta": 1.525,
        "mean_rank_delta": 1.0,
        "mean_short_proj": 1.6852742791175843,
        "mean_terse_proj": 3.8511279344558718,
        "n": 5,
        "positive_delta_rate": 1.0
      },
      {
        "component": "layer_out",
        "layer": 36,
        "mean_delta": 2.0577632188796997,
        "mean_pmv_delta": 1.525,
        "mean_rank_delta": 1.0,
        "mean_short_proj": 1.2697212934494018,
        "mean_terse_proj": 3.3274845123291015,
        "n": 5,
        "positive_delta_rate": 1.0
      },
      {
        "component": "layer_out",
        "layer": 33,
        "mean_delta": 2.004281610250473,
        "mean_pmv_delta": 1.525,
        "mean_rank_delta": 1.0,
        "mean_short_proj": 2.3862424433231353,
        "mean_terse_proj": 4.390524053573609,
        "n": 5,
        "positive_delta_rate": 1.0
      },
      {
        "component": "mlp_out",
        "layer": 38,
        "mean_delta": 1.7692449927330016,
        "mean_pmv_delta": 1.525,
        "mean_rank_delta": 1.0,
        "mean_short_proj": -1.5118052124977113,
        "mean_terse_proj": 0.2574397802352905,
        "n": 5,
        "positive_delta_rate": 0.8
      },
      {
        "component": "layer_out",
        "layer": 32,
        "mean_delta": 1.7528640985488892,
        "mean_pmv_delta": 1.525,
        "mean_rank_delta": 1.0,
        "mean_short_proj": 2.2119679927825926,
        "mean_terse_proj": 3.964832091331482,
        "n": 5,
        "positive_delta_rate": 1.0
      },
      {
        "component": "layer_out",
        "layer": 37,
        "mean_delta": 1.5801043033599853,
        "mean_pmv_delta": 1.525,
        "mean_rank_delta": 1.0,
        "mean_short_proj": -0.20842561721801758,
        "mean_terse_proj": 1.3716786861419679,
        "n": 5,
        "positive_delta_rate": 1.0
      },
      {
        "component": "layer_out",
        "layer": 31,
        "mean_delta": 1.058086410164833,
        "mean_pmv_delta": 1.525,
        "mean_rank_delta": 1.0,
        "mean_short_proj": 0.838563796877861,
        "mean_terse_proj": 1.896650207042694,
        "n": 5,
        "positive_delta_rate": 1.0
      },
      {
        "component": "layer_out",
        "layer": 30,
        "mean_delta": 0.7545008838176728,
        "mean_pmv_delta": 1.525,
        "mean_rank_delta": 1.0,
        "mean_short_proj": 0.09989665150642395,
        "mean_terse_proj": 0.8543975353240967,
        "n": 5,
        "positive_delta_rate": 1.0
      },
      {
        "component": "layer_out",
        "layer": 29,
        "mean_delta": 0.5735637187957764,
        "mean_pmv_delta": 1.525,
        "mean_rank_delta": 1.0,
        "mean_short_proj": 0.2418283700942993,
        "mean_terse_proj": 0.8153920888900756,
        "n": 5,
        "positive_delta_rate": 1.0
      },
      {
        "component": "attn_out",
        "layer": 32,
        "mean_delta": 0.4079171657562256,
        "mean_pmv_delta": 1.525,
        "mean_rank_delta": 1.0,
        "mean_short_proj": 1.3378003358840942,
        "mean_terse_proj": 1.74571750164032,
        "n": 5,
        "positive_delta_rate": 1.0
      },
      {
        "component": "mlp_out",
        "layer": 32,
        "mean_delta": 0.289716100692749,
        "mean_pmv_delta": 1.525,
        "mean_rank_delta": 1.0,
        "mean_short_proj": 0.033940887451171874,
        "mean_terse_proj": 0.3236569881439209,
        "n": 5,
        "positive_delta_rate": 1.0
      },
      {
        "component": "attn_out",
        "layer": 29,
        "mean_delta": 0.25038885325193405,
        "mean_pmv_delta": 1.525,
        "mean_rank_delta": 1.0,
        "mean_short_proj": 0.16240947991609572,
        "mean_terse_proj": 0.4127983331680298,
        "n": 5,
        "positive_delta_rate": 0.8
      },
      {
        "component": "attn_out",
        "layer": 33,
        "mean_delta": 0.2300746202468872,
        "mean_pmv_delta": 1.525,
        "mean_rank_delta": 1.0,
        "mean_short_proj": 0.39315245151519773,
        "mean_terse_proj": 0.6232270717620849,
        "n": 5,
        "positive_delta_rate": 0.8
      },
      {
        "component": "layer_out",
        "layer": 28,
        "mean_delta": 0.20145280361175538,
        "mean_pmv_delta": 1.525,
        "mean_rank_delta": 1.0,
        "mean_short_proj": 0.21609227061271669,
        "mean_terse_proj": 0.41754507422447207,
        "n": 5,
        "positive_delta_rate": 0.8
      },
      {
        "component": "attn_out",
        "layer": 31,
        "mean_delta": 0.18425475358963012,
        "mean_pmv_delta": 1.525,
        "mean_rank_delta": 1.0,
        "mean_short_proj": 0.6857897520065308,
        "mean_terse_proj": 0.8700445055961609,
        "n": 5,
        "positive_delta_rate": 1.0
      },
      {
        "component": "attn_out",
        "layer": 26,
        "mean_delta": 0.16406205072999,
        "mean_pmv_delta": 1.525,
        "mean_rank_delta": 1.0,
        "mean_short_proj": 0.27707903608679774,
        "mean_terse_proj": 0.4411410868167877,
        "n": 5,
        "positive_delta_rate": 1.0
      },
      {
        "component": "attn_out",
        "layer": 34,
        "mean_delta": 0.15542106255888938,
        "mean_pmv_delta": 1.525,
        "mean_rank_delta": 1.0,
        "mean_short_proj": 0.8313384115695953,
        "mean_terse_proj": 0.9867594741284847,
        "n": 5,
        "positive_delta_rate": 1.0
      }
    ]
  },
  "timestamp": "2026-06-26 12:31:56",
  "title": "Natural Value-Readout Writer Localization"
}
