2026-05-30T06:50:55+08:00 rankrank-4090D kernel: audit: type=1326 audit(1780095055.460:5553): auid=1000 uid=1000 gid=1000 ses=1 subj=snap.notepad-plus-plus.notepad-plus-plus pid=7540 comm="wineserver" exe="/snap/notepad-plus-plus/412/wine-platform/wine-devel/bin/wineserver" sig=0 arch=c000003e syscall=203 compat=0 ip=0x773ebaabde3b code=0x50000
2026-05-30T06:51:02+08:00 rankrank-4090D kernel: audit: type=1326 audit(1780095062.478:5554): auid=1000 uid=1000 gid=1000 ses=1 subj=snap.notepad-plus-plus.notepad-plus-plus pid=7540 comm="wineserver" exe="/snap/notepad-plus-plus/412/wine-platform/wine-devel/bin/wineserver" sig=0 arch=c000003e syscall=203 compat=0 ip=0x773ebaabde3b code=0x50000
2026-05-30T06:51:09+08:00 rankrank-4090D kernel: audit: type=1326 audit(1780095069.497:5555): auid=1000 uid=1000 gid=1000 ses=1 subj=snap.notepad-plus-plus.notepad-plus-plus pid=7540 comm="wineserver" exe="/snap/notepad-plus-plus/412/wine-platform/wine-devel/bin/wineserver" sig=0 arch=c000003e syscall=203 compat=0 ip=0x773ebaabde3b code=0x50000
2026-05-30T06:51:16+08:00 rankrank-4090D kernel: audit: type=1326 audit(1780095076.512:5556): auid=1000 uid=1000 gid=1000 ses=1 subj=snap.notepad-plus-plus.notepad-plus-plus pid=7540 comm="wineserver" exe="/snap/notepad-plus-plus/412/wine-platform/wine-devel/bin/wineserver" sig=0 arch=c000003e syscall=203 compat=0 ip=0x773ebaabde3b code=0x50000
2026-05-30T06:51:23+08:00 rankrank-4090D kernel: audit: type=1326 audit(1780095083.530:5557): auid=1000 uid=1000 gid=1000 ses=1 subj=snap.notepad-plus-plus.notepad-plus-plus pid=7540 comm="wineserver" exe="/snap/notepad-plus-plus/412/wine-platform/wine-devel/bin/wineserver" sig=0 arch=c000003e syscall=203 compat=0 ip=0x773ebaabde3b code=0x50000
2026-05-30T06:51:30+08:00 rankrank-4090D kernel: audit: type=1326 audit(1780095090.539:5558): auid=1000 uid=1000 gid=1000 ses=1 subj=snap.notepad-plus-plus.notepad-plus-plus pid=7540 comm="wineserver" exe="/snap/notepad-plus-plus/412/wine-platform/wine-devel/bin/wineserver" sig=0 arch=c000003e syscall=203 compat=0 ip=0x773ebaabde3b code=0x50000
2026-05-30T06:51:37+08:00 rankrank-4090D kernel: audit: type=1326 audit(1780095097.556:5559): auid=1000 uid=1000 gid=1000 ses=1 subj=snap.notepad-plus-plus.notepad-plus-plus pid=7540 comm="wineserver" exe="/snap/notepad-plus-plus/412/wine-platform/wine-devel/bin/wineserver" sig=0 arch=c000003e syscall=203 compat=0 ip=0x773ebaabde3b code=0x50000
2026-05-30T06:51:44+08:00 rankrank-4090D kernel: audit: type=1326 audit(1780095104.576:5560): auid=1000 uid=1000 gid=1000 ses=1 subj=snap.notepad-plus-plus.notepad-plus-plus pid=7540 comm="wineserver" exe="/snap/notepad-plus-plus/412/wine-platform/wine-devel/bin/wineserver" sig=0 arch=c000003e syscall=203 compat=0 ip=0x773ebaabde3b code=0x50000
2026-05-30T06:51:51+08:00 rankrank-4090D kernel: audit: type=1326 audit(1780095111.586:5561): auid=1000 uid=1000 gid=1000 ses=1 subj=snap.notepad-plus-plus.notepad-plus-plus pid=7540 comm="wineserver" exe="/snap/notepad-plus-plus/412/wine-platform/wine-devel/bin/wineserver" sig=0 arch=c000003e syscall=203 compat=0 ip=0x773ebaabde3b code=0x50000
2026-05-30T06:51:58+08:00 rankrank-4090D kernel: audit: type=1326 audit(1780095118.596:5562): auid=1000 uid=1000 gid=1000 ses=1 subj=snap.notepad-plus-plus.notepad-plus-plus pid=7540 comm="wineserver" exe="/snap/notepad-plus-plus/412/wine-platform/wine-devel/bin/wineserver" sig=0 arch=c000003e syscall=203 compat=0 ip=0x773ebaabde3b code=0x50000
2026-05-30T06:52:05+08:00 rankrank-4090D kernel: audit: type=1326 audit(1780095125.616:5563): auid=1000 uid=1000 gid=1000 ses=1 subj=snap.notepad-plus-plus.notepad-plus-plus pid=7540 comm="wineserver" exe="/snap/notepad-plus-plus/412/wine-platform/wine-devel/bin/wineserver" sig=0 arch=c000003e syscall=203 compat=0 ip=0x773ebaabde3b code=0x50000
2026-05-30T06:52:12+08:00 rankrank-4090D kernel: audit: type=1326 audit(1780095132.626:5564): auid=1000 uid=1000 gid=1000 ses=1 subj=snap.notepad-plus-plus.notepad-plus-plus pid=7540 comm="wineserver" exe="/snap/notepad-plus-plus/412/wine-platform/wine-devel/bin/wineserver" sig=0 arch=c000003e syscall=203 compat=0 ip=0x773ebaabde3b code=0x50000
2026-05-30T06:52:19+08:00 rankrank-4090D kernel: audit: type=1326 audit(1780095139.649:5565): auid=1000 uid=1000 gid=1000 ses=1 subj=snap.notepad-plus-plus.notepad-plus-plus pid=7540 comm="wineserver" exe="/snap/notepad-plus-plus/412/wine-platform/wine-devel/bin/wineserver" sig=0 arch=c000003e syscall=203 compat=0 ip=0x773ebaabde3b code=0x50000
2026-05-30T06:52:26+08:00 rankrank-4090D kernel: audit: type=1326 audit(1780095146.676:5566): auid=1000 uid=1000 gid=1000 ses=1 subj=snap.notepad-plus-plus.notepad-plus-plus pid=7540 comm="wineserver" exe="/snap/notepad-plus-plus/412/wine-platform/wine-devel/bin/wineserver" sig=0 arch=c000003e syscall=203 compat=0 ip=0x773ebaabde3b code=0x50000
2026-05-30T06:52:33+08:00 rankrank-4090D kernel: audit: type=1326 audit(1780095153.694:5567): auid=1000 uid=1000 gid=1000 ses=1 subj=snap.notepad-plus-plus.notepad-plus-plus pid=7540 comm="wineserver" exe="/snap/notepad-plus-plus/412/wine-platform/wine-devel/bin/wineserver" sig=0 arch=c000003e syscall=203 compat=0 ip=0x773ebaabde3b code=0x50000
2026-05-30T06:52:40+08:00 rankrank-4090D kernel: audit: type=1326 audit(1780095160.713:5568): auid=1000 uid=1000 gid=1000 ses=1 subj=snap.notepad-plus-plus.notepad-plus-plus pid=7540 comm="wineserver" exe="/snap/notepad-plus-plus/412/wine-platform/wine-devel/bin/wineserver" sig=0 arch=c000003e syscall=203 compat=0 ip=0x773ebaabde3b code=0x50000
2026-05-30T06:52:47+08:00 rankrank-4090D kernel: audit: type=1326 audit(1780095167.735:5569): auid=1000 uid=1000 gid=1000 ses=1 subj=snap.notepad-plus-plus.notepad-plus-plus pid=7540 comm="wineserver" exe="/snap/notepad-plus-plus/412/wine-platform/wine-devel/bin/wineserver" sig=0 arch=c000003e syscall=203 compat=0 ip=0x773ebaabde3b code=0x50000
2026-05-30T06:52:54+08:00 rankrank-4090D kernel: audit: type=1326 audit(1780095174.753:5570): auid=1000 uid=1000 gid=1000 ses=1 subj=snap.notepad-plus-plus.notepad-plus-plus pid=7540 comm="wineserver" exe="/snap/notepad-plus-plus/412/wine-platform/wine-devel/bin/wineserver" sig=0 arch=c000003e syscall=203 compat=0 ip=0x773ebaabde3b code=0x50000
2026-05-30T06:53:01+08:00 rankrank-4090D kernel: audit: type=1326 audit(1780095181.777:5571): auid=1000 uid=1000 gid=1000 ses=1 subj=snap.notepad-plus-plus.notepad-plus-plus pid=7540 comm="wineserver" exe="/snap/notepad-plus-plus/412/wine-platform/wine-devel/bin/wineserver" sig=0 arch=c000003e syscall=203 compat=0 ip=0x773ebaabde3b code=0x50000
2026-05-30T06:53:08+08:00 rankrank-4090D kernel: audit: type=1326 audit(1780095188.797:5572): auid=1000 uid=1000 gid=1000 ses=1 subj=snap.notepad-plus-plus.notepad-plus-plus pid=7540 comm="wineserver" exe="/snap/notepad-plus-plus/412/wine-platform/wine-devel/bin/wineserver" sig=0 arch=c000003e syscall=203 compat=0 ip=0x773ebaabde3b code=0x50000
2026-05-30T06:53:15+08:00 rankrank-4090D kernel: audit: type=1326 audit(1780095195.816:5573): auid=1000 uid=1000 gid=1000 ses=1 subj=snap.notepad-plus-plus.notepad-plus-plus pid=7540 comm="wineserver" exe="/snap/notepad-plus-plus/412/wine-platform/wine-devel/bin/wineserver" sig=0 arch=c000003e syscall=203 compat=0 ip=0x773ebaabde3b code=0x50000
2026-05-30T06:53:17+08:00 rankrank-4090D kernel: NVRM: GPU at PCI:0000:01:00: GPU-299fe279-1c52-2255-d4ba-07d7bd2861d9
2026-05-30T06:53:17+08:00 rankrank-4090D kernel: NVRM: Xid (PCI:0000:01:00): 62, 023f0f30 00000000 00000000 00000000 00000000 00000000 00000000 00000000
2026-05-30T06:53:17+08:00 rankrank-4090D kernel: NVRM: Xid (PCI:0000:01:00): 45, pid=26482, name=python, channel 0x00000021
2026-05-30T06:53:46+08:00 rankrank-4090D kernel: NVRM: Xid (PCI:0000:01:00): 45, pid=26482, name=python, channel 0x00000022
2026-05-30T06:53:46+08:00 rankrank-4090D kernel: NVRM: Xid (PCI:0000:01:00): 45, pid=26482, name=python, channel 0x00000023
2026-05-30T06:53:46+08:00 rankrank-4090D kernel: NVRM: Xid (PCI:0000:01:00): 45, pid=26482, name=python, channel 0x00000024
2026-05-30T06:53:46+08:00 rankrank-4090D kernel: NVRM: Xid (PCI:0000:01:00): 45, pid=26482, name=python, channel 0x00000031
2026-05-30T06:53:46+08:00 rankrank-4090D kernel: NVRM: Xid (PCI:0000:01:00): 45, pid=26482, name=python, channel 0x00000032
2026-05-30T06:53:46+08:00 rankrank-4090D kernel: NVRM: Xid (PCI:0000:01:00): 45, pid=26482, name=python, channel 0x00000033
2026-05-30T06:53:46+08:00 rankrank-4090D kernel: NVRM: Xid (PCI:0000:01:00): 45, pid=26482, name=python, channel 0x00000034
2026-05-30T06:53:46+08:00 rankrank-4090D kernel: NVRM: Xid (PCI:0000:01:00): 154, GPU recovery action changed from 0x0 (None) to 0x1 (GPU Reset Required)
2026-05-30T06:53:56+08:00 rankrank-4090D kernel: NVRM: Xid (PCI:0000:01:00): 158, pid=10466, name=code, - timeout error waiting for NV_UFLUSH_FB_FLUSH = 0x2 cnt=13298966
2026-05-30T06:54:06+08:00 rankrank-4090D kernel: NVRM: Xid (PCI:0000:01:00): 158, pid=10466, name=code, - timeout error waiting for NV_UFLUSH_FB_FLUSH = 0x3 cnt=13374464
2026-05-30T06:54:06+08:00 rankrank-4090D kernel: NVRM: Xid (PCI:0000:01:00): 8, pid=26482, name=python, channel 0x00000021
2026-05-30T06:54:16+08:00 rankrank-4090D kernel: NVRM: Xid (PCI:0000:01:00): 158, pid=10466, name=code, - timeout error waiting for NV_UFLUSH_FB_FLUSH = 0x3 cnt=13373121
2026-05-30T06:54:26+08:00 rankrank-4090D kernel: NVRM: Xid (PCI:0000:01:00): 158, pid=10466, name=code, - timeout error waiting for NV_UFLUSH_FB_FLUSH = 0x3 cnt=13336088
2026-05-30T06:54:36+08:00 rankrank-4090D kernel: NVRM: Xid (PCI:0000:01:00): 158, pid=10466, name=code, - timeout error waiting for NV_UFLUSH_FB_FLUSH = 0x3 cnt=13340084
2026-05-30T06:55:01+08:00 rankrank-4090D kernel: watchdog: BUG: soft lockup - CPU#2 stuck for 26s! [code:10575]
2026-05-30T06:55:01+08:00 rankrank-4090D kernel: Modules linked in: tcp_diag inet_diag rfcomm snd_seq_dummy snd_hrtimer cmac algif_hash algif_skcipher af_alg qrtr bnep sch_fq_codel binfmt_misc nls_iso8859_1 intel_uncore_frequency intel_uncore_frequency_common intel_pmc_core x86_pkg_temp_thermal nvidia_uvm(POE) nvidia_drm(POE) nvidia_modeset(POE) btusb btrtl btintel nvidia(POE) btbcm btmtk intel_powerclamp coretemp snd_sof_pci_intel_mtl snd_sof_intel_hda_common soundwire_intel snd_sof_intel_hda_mlink soundwire_cadence snd_sof_intel_hda snd_sof_pci snd_sof_xtensa_dsp snd_sof snd_sof_utils snd_soc_hdac_hda snd_hda_ext_core snd_soc_acpi_intel_match snd_soc_acpi soundwire_generic_allocation soundwire_bus snd_hda_codec_realtek snd_soc_core kvm_intel snd_hda_codec_generic snd_compress ac97_bus snd_hda_codec_hdmi snd_pcm_dmaengine kvm snd_hda_intel snd_intel_dspcfg snd_intel_sdw_acpi snd_hda_codec irqbypass snd_hda_core crct10dif_pclmul polyval_clmulni polyval_generic snd_hwdep ghash_clmulni_intel sha256_ssse3 sha1_ssse3 snd_pcm iwlmvm cmdlinepart aesni_intel
2026-05-30T06:55:01+08:00 rankrank-4090D kernel:  spi_nor pmt_telemetry crypto_simd intel_rapl_msr mtd mei_gsc_proxy pmt_class snd_seq_midi cryptd snd_seq_midi_event mac80211 processor_thermal_device_pci snd_rawmidi processor_thermal_device snd_seq processor_thermal_wt_hint libarc4 snd_seq_device processor_thermal_rfim snd_timer processor_thermal_rapl iwlwifi intel_rapl_common wmi_bmof bluetooth intel_cstate i2c_i801 snd mei_me processor_thermal_wt_req ecdh_generic spi_intel_pci processor_thermal_power_floor spi_intel ecc mei i2c_smbus soundcore processor_thermal_mbox int3403_thermal cfg80211 intel_vpu input_leds intel_vsec int340x_thermal_zone joydev acpi_tad int3400_thermal acpi_thermal_rel acpi_pad mac_hid msr parport_pc ppdev lp parport efi_pstore nfnetlink dmi_sysfs ip_tables x_tables autofs4 hid_generic usbhid hid nvme 8250_dw r8169 ahci nvme_core crc32_pclmul video nvme_auth intel_lpss_pci realtek intel_lpss xhci_pci libahci xhci_pci_renesas thunderbolt idma64 wmi pinctrl_meteorpoint
2026-05-30T06:55:01+08:00 rankrank-4090D kernel: CPU: 2 PID: 10575 Comm: code Tainted: P           OE      6.8.0-117-generic #117-Ubuntu
2026-05-30T06:55:01+08:00 rankrank-4090D kernel: Hardware name: LENOVO 90YM0005CP/3784, BIOS O67KT17A 10/14/2024
2026-05-30T06:55:01+08:00 rankrank-4090D kernel: RIP: 0010:_nv046180rm+0x3d/0x80 [nvidia]
2026-05-30T06:55:01+08:00 rankrank-4090D kernel: Code: de 48 8d 55 0f c6 45 0f 00 e8 ff 43 45 ff 80 7d 0f 00 41 89 c4 75 13 89 d8 49 3b 45 10 73 1e 49 8b 45 00 c1 eb 02 44 8b 24 98 <5b> 44 89 e0 41 5c 41 5d 48 83 c5 10 c3 66 0f 1f 44 00 00 be 00 00
2026-05-30T06:55:01+08:00 rankrank-4090D kernel: RSP: 0018:ffffd01e047cf660 EFLAGS: 00000202
2026-05-30T06:55:01+08:00 rankrank-4090D kernel: RAX: ffffd01e21000000 RBX: 000000000004032f RCX: 0000000000100cbc
2026-05-30T06:55:01+08:00 rankrank-4090D kernel: RDX: ffff8acf2c0d5a8f RSI: ffff8ac5c83cc008 RDI: ffff8ac600a78008
2026-05-30T06:55:01+08:00 rankrank-4090D kernel: RBP: ffff8acf2c0d5a80 R08: 0000000000000020 R09: 0000000000000000
2026-05-30T06:55:01+08:00 rankrank-4090D kernel: R10: 0000000000100cbc R11: 0000000000000000 R12: 0000000080010001
2026-05-30T06:55:01+08:00 rankrank-4090D kernel: R13: ffff8ac600a78df8 R14: 0000000000000000 R15: 0000000000000000
2026-05-30T06:55:01+08:00 rankrank-4090D kernel: FS:  0000000000000000(0000) GS:ffff8ad4ff700000(0000) knlGS:0000000000000000
2026-05-30T06:55:01+08:00 rankrank-4090D kernel: CS:  0010 DS: 0000 ES: 0000 CR0: 0000000080050033
2026-05-30T06:55:01+08:00 rankrank-4090D kernel: CR2: 000008dc02d500e0 CR3: 0000000902a3c006 CR4: 0000000000f70ef0
2026-05-30T06:55:01+08:00 rankrank-4090D kernel: PKRU: 55555554
2026-05-30T06:55:01+08:00 rankrank-4090D kernel: Call Trace:
2026-05-30T06:55:01+08:00 rankrank-4090D kernel:  <TASK>
2026-05-30T06:55:01+08:00 rankrank-4090D kernel:  ? _nv015583rm+0x10f/0x170 [nvidia]
2026-05-30T06:55:01+08:00 rankrank-4090D kernel:  ? _nv037764rm+0x88/0xd0 [nvidia]
2026-05-30T06:55:01+08:00 rankrank-4090D kernel:  ? _nv037931rm+0x214/0x3e0 [nvidia]
2026-05-30T06:55:01+08:00 rankrank-4090D kernel:  ? _nv032297rm+0xe3/0x1a0 [nvidia]
2026-05-30T06:55:01+08:00 rankrank-4090D kernel:  ? _nv013296rm+0x4fa/0x5d0 [nvidia]
2026-05-30T06:55:01+08:00 rankrank-4090D kernel:  ? _nv038131rm+0xb0/0x130 [nvidia]
2026-05-30T06:55:01+08:00 rankrank-4090D kernel:  ? os_acquire_spinlock+0x12/0x30 [nvidia]
2026-05-30T06:55:01+08:00 rankrank-4090D kernel:  ? _nv038214rm+0x75/0xc0 [nvidia]
2026-05-30T06:55:01+08:00 rankrank-4090D kernel:  ? _nv038215rm+0x79/0x140 [nvidia]
2026-05-30T06:55:01+08:00 rankrank-4090D kernel:  ? _nv038206rm+0x13e/0x340 [nvidia]
2026-05-30T06:55:01+08:00 rankrank-4090D kernel:  ? _nv031518rm+0xed/0x270 [nvidia]
2026-05-30T06:55:01+08:00 rankrank-4090D kernel:  ? _nv052448rm+0x7a/0x1c0 [nvidia]
2026-05-30T06:55:01+08:00 rankrank-4090D kernel:  ? _nv018805rm+0x11a/0x140 [nvidia]
2026-05-30T06:55:01+08:00 rankrank-4090D kernel:  ? _nv004632rm+0xd/0x20 [nvidia]
2026-05-30T06:55:01+08:00 rankrank-4090D kernel:  ? _nv006564rm+0x27/0xc0 [nvidia]
2026-05-30T06:55:01+08:00 rankrank-4090D kernel:  ? _nv018987rm+0x627/0x730 [nvidia]
2026-05-30T06:55:01+08:00 rankrank-4090D kernel:  ? _nv050552rm+0xc5/0xf0 [nvidia]
2026-05-30T06:55:01+08:00 rankrank-4090D kernel:  ? _nv052211rm+0xc1/0x190 [nvidia]
2026-05-30T06:55:01+08:00 rankrank-4090D kernel:  ? _nv052209rm+0x3a6/0x730 [nvidia]
2026-05-30T06:55:01+08:00 rankrank-4090D kernel:  ? _nv052205rm+0xa4/0x190 [nvidia]
2026-05-30T06:55:01+08:00 rankrank-4090D kernel:  ? rm_cleanup_file_private+0x1f3/0x220 [nvidia]
2026-05-30T06:55:01+08:00 rankrank-4090D kernel:  ? nvidia_close+0x163/0x2f0 [nvidia]
2026-05-30T06:55:01+08:00 rankrank-4090D kernel:  ? __fput+0xa0/0x2e0
2026-05-30T06:55:01+08:00 rankrank-4090D kernel:  ? ____fput+0xe/0x20
2026-05-30T06:55:01+08:00 rankrank-4090D kernel:  ? task_work_run+0x5e/0xa0
2026-05-30T06:55:01+08:00 rankrank-4090D kernel:  ? do_exit+0x2be/0x530
2026-05-30T06:55:01+08:00 rankrank-4090D kernel:  ? __futex_wait+0x161/0x1d0
2026-05-30T06:55:01+08:00 rankrank-4090D kernel:  ? do_group_exit+0x35/0x90
2026-05-30T06:55:01+08:00 rankrank-4090D kernel:  ? get_signal+0x96e/0x9b0
2026-05-30T06:55:01+08:00 rankrank-4090D kernel:  ? hrtimer_try_to_cancel.part.0+0x55/0x100
2026-05-30T06:55:01+08:00 rankrank-4090D kernel:  ? arch_do_signal_or_restart+0x42/0x210
2026-05-30T06:55:01+08:00 rankrank-4090D kernel:  ? syscall_exit_to_user_mode+0x15f/0x1e0
2026-05-30T06:55:01+08:00 rankrank-4090D kernel:  ? do_syscall_64+0x8c/0x180
2026-05-30T06:55:01+08:00 rankrank-4090D kernel:  ? hrtimer_cancel+0x15/0x50
2026-05-30T06:55:01+08:00 rankrank-4090D kernel:  ? futex_wait+0x89/0x120
2026-05-30T06:55:01+08:00 rankrank-4090D kernel:  ? __pfx_hrtimer_wakeup+0x10/0x10
2026-05-30T06:55:01+08:00 rankrank-4090D kernel:  ? do_futex+0x105/0x260
2026-05-30T06:55:01+08:00 rankrank-4090D kernel:  ? __x64_sys_futex+0x12a/0x200
2026-05-30T06:55:01+08:00 rankrank-4090D kernel:  ? arch_exit_to_user_mode_prepare.isra.0+0x95/0xe0
2026-05-30T06:55:01+08:00 rankrank-4090D kernel:  ? syscall_exit_to_user_mode+0x43/0x1e0
2026-05-30T06:55:01+08:00 rankrank-4090D kernel:  ? do_syscall_64+0x8c/0x180
2026-05-30T06:55:01+08:00 rankrank-4090D kernel:  ? do_syscall_64+0x8c/0x180
2026-05-30T06:55:01+08:00 rankrank-4090D kernel:  ? do_syscall_64+0x8c/0x180
2026-05-30T06:55:01+08:00 rankrank-4090D kernel:  ? do_syscall_64+0x8c/0x180
2026-05-30T06:55:01+08:00 rankrank-4090D kernel:  ? entry_SYSCALL_64_after_hwframe+0x78/0x80
2026-05-30T06:55:01+08:00 rankrank-4090D kernel:  </TASK>
