=== before 2026-05-27 19:59:56 CST ===
--- uname ---
Linux rankrank-4090D 6.8.0-117-generic #117-Ubuntu SMP PREEMPT_DYNAMIC Tue May  5 19:26:24 UTC 2026 x86_64 x86_64 x86_64 GNU/Linux
--- nvidia version ---
NVRM version: NVIDIA UNIX x86_64 Kernel Module  595.71.05  Fri Apr 24 06:36:12 UTC 2026
GCC version:  gcc version 13.3.0 (Ubuntu 13.3.0-6ubuntu2~24.04.1) 
--- nvidia params ---
EnableGpuFirmware: 0
EnableGpuFirmwareLogs: 2
RegistryDwords: ""
RegistryDwordsPerDevice: ""
RmMsg: ""
--- nvidia-smi ---
Wed May 27 19:59:56 2026       
+-----------------------------------------------------------------------------------------+
| NVIDIA-SMI 595.71.05              Driver Version: 595.71.05      CUDA Version: 13.2     |
+-----------------------------------------+------------------------+----------------------+
| GPU  Name                 Persistence-M | Bus-Id          Disp.A | Volatile Uncorr. ECC |
| Fan  Temp   Perf          Pwr:Usage/Cap |           Memory-Usage | GPU-Util  Compute M. |
|                                         |                        |               MIG M. |
|=========================================+========================+======================|
|   0  NVIDIA GeForce RTX 4090 D      Off |   00000000:01:00.0  On |                  Off |
| 31%   35C    P5             21W /  425W |     573MiB /  24564MiB |      4%      Default |
|                                         |                        |                  N/A |
+-----------------------------------------+------------------------+----------------------+

+-----------------------------------------------------------------------------------------+
| Processes:                                                                              |
|  GPU   GI   CI              PID   Type   Process name                        GPU Memory |
|        ID   ID                                                               Usage      |
|=========================================================================================|
|    0   N/A  N/A            1790      G   /usr/lib/xorg/Xorg                      325MiB |
|    0   N/A  N/A            2498      G   /usr/bin/gnome-shell                     30MiB |
|    0   N/A  N/A            2703      G   .../sunloginclient --cmd=autorun         19MiB |
|    0   N/A  N/A            2962      G   ...me/58.0.3029.81 Safari/537.36          6MiB |
|    0   N/A  N/A            3005      G   ...C30B21A253B8443909433F85A88FF          6MiB |
|    0   N/A  N/A            3081      G   ...exec/xdg-desktop-portal-gnome          8MiB |
|    0   N/A  N/A            3661      G   .../8387/usr/lib/firefox/firefox         30MiB |
|    0   N/A  N/A           27485      G   /proc/self/exe                           55MiB |
+-----------------------------------------------------------------------------------------+
--- compute apps ---
--- python stack ---
python 3.11.15 (main, Mar 11 2026, 17:20:07) [GCC 14.3.0]
torch 2.5.1+cu121 runtime 12.1 available True
gpu NVIDIA GeForce RTX 4090 D
transformers 4.52.4
accelerate 1.8.1
--- relevant processes ---
=== after 2026-05-27 20:00:01 CST ===
--- uname ---
Linux rankrank-4090D 6.8.0-117-generic #117-Ubuntu SMP PREEMPT_DYNAMIC Tue May  5 19:26:24 UTC 2026 x86_64 x86_64 x86_64 GNU/Linux
--- nvidia version ---
NVRM version: NVIDIA UNIX x86_64 Kernel Module  595.71.05  Fri Apr 24 06:36:12 UTC 2026
GCC version:  gcc version 13.3.0 (Ubuntu 13.3.0-6ubuntu2~24.04.1) 
--- nvidia params ---
EnableGpuFirmware: 0
EnableGpuFirmwareLogs: 2
RegistryDwords: ""
RegistryDwordsPerDevice: ""
RmMsg: ""
--- nvidia-smi ---
Wed May 27 20:00:01 2026       
+-----------------------------------------------------------------------------------------+
| NVIDIA-SMI 595.71.05              Driver Version: 595.71.05      CUDA Version: 13.2     |
+-----------------------------------------+------------------------+----------------------+
| GPU  Name                 Persistence-M | Bus-Id          Disp.A | Volatile Uncorr. ECC |
| Fan  Temp   Perf          Pwr:Usage/Cap |           Memory-Usage | GPU-Util  Compute M. |
|                                         |                        |               MIG M. |
|=========================================+========================+======================|
|   0  NVIDIA GeForce RTX 4090 D      Off |   00000000:01:00.0  On |                  Off |
| 31%   39C    P2            109W /  425W |     570MiB /  24564MiB |     41%      Default |
|                                         |                        |                  N/A |
+-----------------------------------------+------------------------+----------------------+

+-----------------------------------------------------------------------------------------+
| Processes:                                                                              |
|  GPU   GI   CI              PID   Type   Process name                        GPU Memory |
|        ID   ID                                                               Usage      |
|=========================================================================================|
|    0   N/A  N/A            1790      G   /usr/lib/xorg/Xorg                      325MiB |
|    0   N/A  N/A            2498      G   /usr/bin/gnome-shell                     30MiB |
|    0   N/A  N/A            2703      G   .../sunloginclient --cmd=autorun         19MiB |
|    0   N/A  N/A            2962      G   ...me/58.0.3029.81 Safari/537.36          6MiB |
|    0   N/A  N/A            3005      G   ...C30B21A253B8443909433F85A88FF          6MiB |
|    0   N/A  N/A            3081      G   ...exec/xdg-desktop-portal-gnome          8MiB |
|    0   N/A  N/A            3661      G   .../8387/usr/lib/firefox/firefox         30MiB |
|    0   N/A  N/A           27485      G   /proc/self/exe                           51MiB |
+-----------------------------------------------------------------------------------------+
--- compute apps ---
--- python stack ---
python 3.11.15 (main, Mar 11 2026, 17:20:07) [GCC 14.3.0]
torch 2.5.1+cu121 runtime 12.1 available True
gpu NVIDIA GeForce RTX 4090 D
transformers 4.52.4
accelerate 1.8.1
--- relevant processes ---
