`torch_dtype` is deprecated! Use `dtype` instead!
Loading weights:   0%|          | 0/339 [00:00<?, ?it/s]Loading weights:   1%|          | 2/339 [00:00<00:28, 11.64it/s]Loading weights:   9%|▊         | 29/339 [00:00<00:02, 125.49it/s]Loading weights:  19%|█▊        | 63/339 [00:00<00:01, 185.66it/s]Loading weights:  29%|██▉       | 100/339 [00:00<00:01, 231.29it/s]Loading weights:  40%|████      | 136/339 [00:00<00:00, 267.79it/s]Loading weights:  51%|█████     | 172/339 [00:00<00:00, 287.45it/s]Loading weights:  60%|█████▉    | 202/339 [00:00<00:00, 282.19it/s]Loading weights:  68%|██████▊   | 232/339 [00:00<00:00, 268.72it/s]Loading weights:  79%|███████▉  | 268/339 [00:01<00:00, 290.10it/s]Loading weights:  88%|████████▊ | 298/339 [00:01<00:00, 252.07it/s]Loading weights: 100%|██████████| 339/339 [00:01<00:00, 255.11it/s]
[18:42:45] Loaded deepseek7b: class=Qwen2ForCausalLM, GPU=15.23GB, attn=eager
[18:42:49] deepseek7b: captured/source-scored 12/72 paired cases
[18:42:53] deepseek7b: captured/source-scored 24/72 paired cases
[18:42:56] deepseek7b: captured/source-scored 36/72 paired cases
[18:42:59] deepseek7b: captured/source-scored 48/72 paired cases
[18:43:03] deepseek7b: captured/source-scored 60/72 paired cases
[18:43:06] deepseek7b: captured/source-scored 72/72 paired cases
[18:43:21] deepseek7b: cross-case donor patched 12/38 donor pairs
[18:43:35] deepseek7b: cross-case donor patched 24/38 donor pairs
[18:43:50] deepseek7b: cross-case donor patched 36/38 donor pairs
[18:43:52] deepseek7b: cross-case donor patched 38/38 donor pairs
[model_utils] GPU memory released, allocated=15.24 GB
{
  "channel_counts": [
    32,
    64,
    128,
    256,
    512
  ],
  "model": "deepseek7b",
  "n_paired_cases": 72,
  "phase": 706,
  "phase698_top_heads": [
    {
      "head": 15,
      "head_key": "L26H15",
      "layer": 26,
      "mean_delta_norm": 29.248977922730976,
      "mean_direct_effect": 4.4925542091433375
    },
    {
      "head": 19,
      "head_key": "L26H19",
      "layer": 26,
      "mean_delta_norm": 19.06778096159299,
      "mean_direct_effect": 4.2177774300022675
    },
    {
      "head": 11,
      "head_key": "L23H11",
      "layer": 23,
      "mean_delta_norm": 23.177777217494118,
      "mean_direct_effect": 2.973575750986735
    },
    {
      "head": 2,
      "head_key": "L27H2",
      "layer": 27,
      "mean_delta_norm": 11.188924981488121,
      "mean_direct_effect": 2.539202939434391
    },
    {
      "head": 19,
      "head_key": "L23H19",
      "layer": 23,
      "mean_delta_norm": 10.124662246969011,
      "mean_direct_effect": 1.4362748730927706
    },
    {
      "head": 0,
      "head_key": "L26H0",
      "layer": 26,
      "mean_delta_norm": 7.609525624248716,
      "mean_direct_effect": 1.2225809053828318
    },
    {
      "head": 3,
      "head_key": "L27H3",
      "layer": 27,
      "mean_delta_norm": 7.116602563195759,
      "mean_direct_effect": 0.9806504672807124
    },
    {
      "head": 14,
      "head_key": "L26H14",
      "layer": 26,
      "mean_delta_norm": 12.313356475697624,
      "mean_direct_effect": 0.8729744055825803
    },
    {
      "head": 24,
      "head_key": "L26H24",
      "layer": 26,
      "mean_delta_norm": 9.492230375607809,
      "mean_direct_effect": 0.7749587056330509
    },
    {
      "head": 17,
      "head_key": "L27H17",
      "layer": 27,
      "mean_delta_norm": 14.5741415851646,
      "mean_direct_effect": 0.7687556908155481
    },
    {
      "head": 19,
      "head_key": "L27H19",
      "layer": 27,
      "mean_delta_norm": 10.1534104347229,
      "mean_direct_effect": 0.7633171753647426
    },
    {
      "head": 18,
      "head_key": "L23H18",
      "layer": 23,
      "mean_delta_norm": 5.078802863756816,
      "mean_direct_effect": 0.7377331018603096
    },
    {
      "head": 25,
      "head_key": "L26H25",
      "layer": 26,
      "mean_delta_norm": 12.18548615773519,
      "mean_direct_effect": 0.7189168700327476
    },
    {
      "head": 24,
      "head_key": "L27H24",
      "layer": 27,
      "mean_delta_norm": 7.849318673213323,
      "mean_direct_effect": 0.7153872634387679
    },
    {
      "head": 3,
      "head_key": "L26H3",
      "layer": 26,
      "mean_delta_norm": 5.540479630231857,
      "mean_direct_effect": 0.6898659559535898
    },
    {
      "head": 17,
      "head_key": "L26H17",
      "layer": 26,
      "mean_delta_norm": 9.831613653235966,
      "mean_direct_effect": 0.6339309266250994
    },
    {
      "head": 26,
      "head_key": "L26H26",
      "layer": 26,
      "mean_delta_norm": 8.242560856872135,
      "mean_direct_effect": 0.6307287169620395
    },
    {
      "head": 23,
      "head_key": "L26H23",
      "layer": 26,
      "mean_delta_norm": 7.551541325118807,
      "mean_direct_effect": 0.433489599575599
    },
    {
      "head": 27,
      "head_key": "L24H27",
      "layer": 24,
      "mean_delta_norm": 7.981577588452233,
      "mean_direct_effect": 0.42334129847586155
    },
    {
      "head": 9,
      "head_key": "L25H9",
      "layer": 25,
      "mean_delta_norm": 5.910101824336582,
      "mean_direct_effect": 0.38926081583162564
    },
    {
      "head": 6,
      "head_key": "L26H6",
      "layer": 26,
      "mean_delta_norm": 5.517323878076342,
      "mean_direct_effect": 0.3613440594635904
    },
    {
      "head": 21,
      "head_key": "L24H21",
      "layer": 24,
      "mean_delta_norm": 6.268677466445499,
      "mean_direct_effect": 0.359568784556662
    },
    {
      "head": 5,
      "head_key": "L23H5",
      "layer": 23,
      "mean_delta_norm": 5.941143479612139,
      "mean_direct_effect": 0.3467910471889708
    },
    {
      "head": 12,
      "head_key": "L25H12",
      "layer": 25,
      "mean_delta_norm": 5.101514693763521,
      "mean_direct_effect": 0.31159046111214495
    },
    {
      "head": 16,
      "head_key": "L24H16",
      "layer": 24,
      "mean_delta_norm": 4.94353688094351,
      "mean_direct_effect": 0.27811968559399247
    },
    {
      "head": 1,
      "head_key": "L26H1",
      "layer": 26,
      "mean_delta_norm": 5.3902922504478035,
      "mean_direct_effect": 0.23483875717243385
    },
    {
      "head": 14,
      "head_key": "L25H14",
      "layer": 25,
      "mean_delta_norm": 8.33845697508918,
      "mean_direct_effect": 0.23077295855101612
    },
    {
      "head": 1,
      "head_key": "L27H1",
      "layer": 27,
      "mean_delta_norm": 8.816206577751371,
      "mean_direct_effect": 0.23056770811995697
    },
    {
      "head": 5,
      "head_key": "L27H5",
      "layer": 27,
      "mean_delta_norm": 6.022420446077983,
      "mean_direct_effect": 0.21602384596028262
    },
    {
      "head": 6,
      "head_key": "L23H6",
      "layer": 23,
      "mean_delta_norm": 3.7144250952535205,
      "mean_direct_effect": 0.211940202034182
    },
    {
      "head": 23,
      "head_key": "L24H23",
      "layer": 24,
      "mean_delta_norm": 4.0265012019210396,
      "mean_direct_effect": 0.19667107531697386
    },
    {
      "head": 11,
      "head_key": "L26H11",
      "layer": 26,
      "mean_delta_norm": 5.570882015758091,
      "mean_direct_effect": 0.18218871063759756
    }
  ],
  "source_combo": [
    "target_value",
    "answer_line",
    "self_last"
  ],
  "summary": {
    "best_degradation_conditions": [
      {
        "condition": "degradation|all_positive_source_channels",
        "donor_value_top1_rate": 0.0,
        "mean_continuation_route_rank": 13.131578947368421,
        "mean_donor_minus_continuation": -7.8959703947368425,
        "mean_donor_minus_prose": -10.690378289473685,
        "mean_donor_value_rank": 11900.605263157895,
        "mean_final_proj_effect": 38.671945477786814,
        "mean_n_channels": 2838.0,
        "mean_patched_rank": 276.42105263157896,
        "mean_pmv_effect": 5.8227796052631575,
        "mean_prose_route_rank": 1.7894736842105263,
        "mean_rank_effect": 275.42105263157896,
        "mean_target_minus_continuation": -6.341694078947368,
        "mean_target_minus_donor": 1.5542763157894737,
        "mean_target_minus_prose": -9.13610197368421,
        "mean_target_value_rank": 6979.8421052631575,
        "n": 38,
        "patched_best_other_route": {
          "prose": 38
        },
        "patched_top1_rate": 0.0,
        "success_change_rate": 1.0,
        "target_value_top1_rate": 0.0
      },
      {
        "condition": "degradation|source_top_channel_512",
        "donor_value_top1_rate": 0.0,
        "mean_continuation_route_rank": 14.5,
        "mean_donor_minus_continuation": -10.848530016447368,
        "mean_donor_minus_prose": -13.697214226973685,
        "mean_donor_value_rank": 31239.263157894737,
        "mean_final_proj_effect": 15.440061606858906,
        "mean_n_channels": 512.0,
        "mean_patched_rank": 36.18421052631579,
        "mean_pmv_effect": 1.9268092105263157,
        "mean_prose_route_rank": 2.3421052631578947,
        "mean_rank_effect": 35.18421052631579,
        "mean_target_minus_continuation": -3.0349506578947367,
        "mean_target_minus_donor": 7.813579358552632,
        "mean_target_minus_prose": -5.883634868421052,
        "mean_target_value_rank": 1368.1052631578948,
        "n": 38,
        "patched_best_other_route": {
          "prose": 38
        },
        "patched_top1_rate": 0.6052631578947368,
        "success_change_rate": 0.39473684210526316,
        "target_value_top1_rate": 0.0
      },
      {
        "condition": "degradation|source_top_channel_256",
        "donor_value_top1_rate": 0.0,
        "mean_continuation_route_rank": 14.210526315789474,
        "mean_donor_minus_continuation": -11.121055201480264,
        "mean_donor_minus_prose": -13.869410464638158,
        "mean_donor_value_rank": 34414.97368421053,
        "mean_final_proj_effect": 10.293518891460018,
        "mean_n_channels": 256.0,
        "mean_patched_rank": 8.157894736842104,
        "mean_pmv_effect": 1.2171052631578947,
        "mean_prose_route_rank": 2.5526315789473686,
        "mean_rank_effect": 7.157894736842105,
        "mean_target_minus_continuation": -2.4720394736842106,
        "mean_target_minus_donor": 8.649015727796053,
        "mean_target_minus_prose": -5.220394736842105,
        "mean_target_value_rank": 346.10526315789474,
        "n": 38,
        "patched_best_other_route": {
          "prose": 38
        },
        "patched_top1_rate": 0.7368421052631579,
        "success_change_rate": 0.2631578947368421,
        "target_value_top1_rate": 0.0
      },
      {
        "condition": "degradation|source_top_channel_128",
        "donor_value_top1_rate": 0.0,
        "mean_continuation_route_rank": 13.842105263157896,
        "mean_donor_minus_continuation": -11.386371813322368,
        "mean_donor_minus_prose": -14.037687602796053,
        "mean_donor_value_rank": 38046.86842105263,
        "mean_final_proj_effect": 6.746600069497761,
        "mean_n_channels": 128.0,
        "mean_patched_rank": 2.8947368421052633,
        "mean_pmv_effect": 0.7828947368421053,
        "mean_prose_route_rank": 2.710526315789474,
        "mean_rank_effect": 1.894736842105263,
        "mean_target_minus_continuation": -2.1426809210526314,
        "mean_target_minus_donor": 9.243690892269736,
        "mean_target_minus_prose": -4.793996710526316,
        "mean_target_value_rank": 202.71052631578948,
        "n": 38,
        "patched_best_other_route": {
          "prose": 38
        },
        "patched_top1_rate": 0.8421052631578947,
        "success_change_rate": 0.15789473684210525,
        "target_value_top1_rate": 0.0
      },
      {
        "condition": "degradation|source_random_channel_512",
        "donor_value_top1_rate": 0.0,
        "mean_continuation_route_rank": 13.263157894736842,
        "mean_donor_minus_continuation": -11.016530890213815,
        "mean_donor_minus_prose": -13.5428466796875,
        "mean_donor_value_rank": 33046.81578947369,
        "mean_final_proj_effect": 2.632482459670619,
        "mean_n_channels": 512.0,
        "mean_patched_rank": 1.2105263157894737,
        "mean_pmv_effect": 0.4194078947368421,
        "mean_prose_route_rank": 2.8947368421052633,
        "mean_rank_effect": 0.21052631578947367,
        "mean_target_minus_continuation": -2.072779605263158,
        "mean_target_minus_donor": 8.943751284950658,
        "mean_target_minus_prose": -4.5990953947368425,
        "mean_target_value_rank": 223.55263157894737,
        "n": 38,
        "patched_best_other_route": {
          "prose": 38
        },
        "patched_top1_rate": 0.868421052631579,
        "success_change_rate": 0.13157894736842105,
        "target_value_top1_rate": 0.0
      },
      {
        "condition": "degradation|source_top_channel_64",
        "donor_value_top1_rate": 0.0,
        "mean_continuation_route_rank": 13.631578947368421,
        "mean_donor_minus_continuation": -11.474105031866776,
        "mean_donor_minus_prose": -14.064565558182565,
        "mean_donor_value_rank": 39397.26315789474,
        "mean_final_proj_effect": 4.211965918540955,
        "mean_n_channels": 64.0,
        "mean_patched_rank": 1.6578947368421053,
        "mean_pmv_effect": 0.5,
        "mean_prose_route_rank": 2.6578947368421053,
        "mean_rank_effect": 0.6578947368421053,
        "mean_target_minus_continuation": -1.9716282894736843,
        "mean_target_minus_donor": 9.502476742393092,
        "mean_target_minus_prose": -4.5620888157894735,
        "mean_target_value_rank": 175.78947368421052,
        "n": 38,
        "patched_best_other_route": {
          "prose": 38
        },
        "patched_top1_rate": 0.8947368421052632,
        "success_change_rate": 0.10526315789473684,
        "target_value_top1_rate": 0.0
      },
      {
        "condition": "degradation|source_top_channel_32",
        "donor_value_top1_rate": 0.0,
        "mean_continuation_route_rank": 13.789473684210526,
        "mean_donor_minus_continuation": -11.438717490748354,
        "mean_donor_minus_prose": -13.974901701274671,
        "mean_donor_value_rank": 39879.36842105263,
        "mean_final_proj_effect": 2.1211078355186865,
        "mean_n_channels": 32.0,
        "mean_patched_rank": 1.1842105263157894,
        "mean_pmv_effect": 0.23519736842105263,
        "mean_prose_route_rank": 2.8684210526315788,
        "mean_rank_effect": 0.18421052631578946,
        "mean_target_minus_continuation": -1.792763157894737,
        "mean_target_minus_donor": 9.645954332853618,
        "mean_target_minus_prose": -4.328947368421052,
        "mean_target_value_rank": 187.31578947368422,
        "n": 38,
        "patched_best_other_route": {
          "prose": 38
        },
        "patched_top1_rate": 0.8947368421052632,
        "success_change_rate": 0.10526315789473684,
        "target_value_top1_rate": 0.0
      },
      {
        "condition": "degradation|source_random_channel_256",
        "donor_value_top1_rate": 0.0,
        "mean_continuation_route_rank": 13.236842105263158,
        "mean_donor_minus_continuation": -11.270430715460526,
        "mean_donor_minus_prose": -13.709575452302632,
        "mean_donor_value_rank": 36455.05263157895,
        "mean_final_proj_effect": 0.904474979952762,
        "mean_n_channels": 256.0,
        "mean_patched_rank": 1.0263157894736843,
        "mean_pmv_effect": 0.13980263157894737,
        "mean_prose_route_rank": 3.1315789473684212,
        "mean_rank_effect": 0.02631578947368421,
        "mean_target_minus_continuation": -1.9017269736842106,
        "mean_target_minus_donor": 9.368703741776315,
        "mean_target_minus_prose": -4.340871710526316,
        "mean_target_value_rank": 183.81578947368422,
        "n": 38,
        "patched_best_other_route": {
          "prose": 38
        },
        "patched_top1_rate": 0.9736842105263158,
        "success_change_rate": 0.02631578947368421,
        "target_value_top1_rate": 0.0
      },
      {
        "condition": "degradation|source_random_channel_64",
        "donor_value_top1_rate": 0.0,
        "mean_continuation_route_rank": 13.789473684210526,
        "mean_donor_minus_continuation": -11.441590484819914,
        "mean_donor_minus_prose": -13.949814169030441,
        "mean_donor_value_rank": 40289.71052631579,
        "mean_final_proj_effect": 0.48975036646190445,
        "mean_n_channels": 64.0,
        "mean_patched_rank": 1.0263157894736843,
        "mean_pmv_effect": 0.049342105263157895,
        "mean_prose_route_rank": 2.9473684210526314,
        "mean_rank_effect": 0.02631578947368421,
        "mean_target_minus_continuation": -1.7516447368421053,
        "mean_target_minus_donor": 9.68994574797781,
        "mean_target_minus_prose": -4.259868421052632,
        "mean_target_value_rank": 233.1578947368421,
        "n": 38,
        "patched_best_other_route": {
          "prose": 38
        },
        "patched_top1_rate": 0.9736842105263158,
        "success_change_rate": 0.02631578947368421,
        "target_value_top1_rate": 0.0
      },
      {
        "condition": "degradation|source_random_channel_128",
        "donor_value_top1_rate": 0.0,
        "mean_continuation_route_rank": 13.68421052631579,
        "mean_donor_minus_continuation": -11.345079923930921,
        "mean_donor_minus_prose": -13.8697509765625,
        "mean_donor_value_rank": 39093.78947368421,
        "mean_final_proj_effect": 0.4632687537293685,
        "mean_n_channels": 128.0,
        "mean_patched_rank": 1.0263157894736843,
        "mean_pmv_effect": 0.05921052631578947,
        "mean_prose_route_rank": 2.9473684210526314,
        "mean_rank_effect": 0.02631578947368421,
        "mean_target_minus_continuation": -1.769325657894737,
        "mean_target_minus_donor": 9.575754266036185,
        "mean_target_minus_prose": -4.293996710526316,
        "mean_target_value_rank": 262.0263157894737,
        "n": 38,
        "patched_best_other_route": {
          "prose": 38
        },
        "patched_top1_rate": 0.9736842105263158,
        "success_change_rate": 0.02631578947368421,
        "target_value_top1_rate": 0.0
      },
      {
        "condition": "degradation|source_random_channel_32",
        "donor_value_top1_rate": 0.0,
        "mean_continuation_route_rank": 13.657894736842104,
        "mean_donor_minus_continuation": -11.41077302631579,
        "mean_donor_minus_prose": -13.935444078947368,
        "mean_donor_value_rank": 40262.57894736842,
        "mean_final_proj_effect": 0.2224980592727661,
        "mean_n_channels": 32.0,
        "mean_patched_rank": 1.0,
        "mean_pmv_effect": 0.019736842105263157,
        "mean_prose_route_rank": 2.973684210526316,
        "mean_rank_effect": 0.0,
        "mean_target_minus_continuation": -1.7088815789473684,
        "mean_target_minus_donor": 9.701891447368421,
        "mean_target_minus_prose": -4.233552631578948,
        "mean_target_value_rank": 208.26315789473685,
        "n": 38,
        "patched_best_other_route": {
          "prose": 38
        },
        "patched_top1_rate": 1.0,
        "success_change_rate": 0.0,
        "target_value_top1_rate": 0.0
      }
    ],
    "best_restore_conditions": [
      {
        "condition": "restore|source_random_channel_64",
        "donor_value_top1_rate": 0.0,
        "mean_continuation_route_rank": 5.7368421052631575,
        "mean_donor_minus_continuation": -13.10387541118421,
        "mean_donor_minus_prose": -14.638414884868421,
        "mean_donor_value_rank": 43174.97368421053,
        "mean_final_proj_effect": -0.15291064663937218,
        "mean_n_channels": 64.0,
        "mean_patched_rank": 103.60526315789474,
        "mean_pmv_effect": 0.004523026315789474,
        "mean_prose_route_rank": 1.368421052631579,
        "mean_rank_effect": 11.552631578947368,
        "mean_target_minus_continuation": -6.197368421052632,
        "mean_target_minus_donor": 6.906506990131579,
        "mean_target_minus_prose": -7.7319078947368425,
        "mean_target_value_rank": 4243.6578947368425,
        "n": 38,
        "patched_best_other_route": {
          "prose": 38
        },
        "patched_top1_rate": 0.0,
        "success_change_rate": 0.0,
        "target_value_top1_rate": 0.0
      },
      {
        "condition": "restore|source_random_channel_32",
        "donor_value_top1_rate": 0.0,
        "mean_continuation_route_rank": 5.7631578947368425,
        "mean_donor_minus_continuation": -13.094220613178454,
        "mean_donor_minus_prose": -14.62382587633635,
        "mean_donor_value_rank": 43175.34210526316,
        "mean_final_proj_effect": -0.4340477052487825,
        "mean_n_channels": 32.0,
        "mean_patched_rank": 115.5,
        "mean_pmv_effect": -0.05879934210526316,
        "mean_prose_route_rank": 1.3421052631578947,
        "mean_rank_effect": -0.34210526315789475,
        "mean_target_minus_continuation": -6.2368421052631575,
        "mean_target_minus_donor": 6.857378507915296,
        "mean_target_minus_prose": -7.766447368421052,
        "mean_target_value_rank": 4267.8421052631575,
        "n": 38,
        "patched_best_other_route": {
          "prose": 38
        },
        "patched_top1_rate": 0.0,
        "success_change_rate": 0.0,
        "target_value_top1_rate": 0.0
      },
      {
        "condition": "restore|source_top_channel_32",
        "donor_value_top1_rate": 0.0,
        "mean_continuation_route_rank": 5.7105263157894735,
        "mean_donor_minus_continuation": -13.113364771792764,
        "mean_donor_minus_prose": -14.641325298108553,
        "mean_donor_value_rank": 43724.65789473684,
        "mean_final_proj_effect": -0.4453811143573962,
        "mean_n_channels": 32.0,
        "mean_patched_rank": 117.26315789473684,
        "mean_pmv_effect": -0.14638157894736842,
        "mean_prose_route_rank": 1.368421052631579,
        "mean_rank_effect": -2.1052631578947367,
        "mean_target_minus_continuation": -6.2890625,
        "mean_target_minus_donor": 6.824302271792763,
        "mean_target_minus_prose": -7.817023026315789,
        "mean_target_value_rank": 4219.026315789473,
        "n": 38,
        "patched_best_other_route": {
          "prose": 38
        },
        "patched_top1_rate": 0.0,
        "success_change_rate": 0.0,
        "target_value_top1_rate": 0.0
      },
      {
        "condition": "restore|source_top_channel_64",
        "donor_value_top1_rate": 0.0,
        "mean_continuation_route_rank": 5.7631578947368425,
        "mean_donor_minus_continuation": -12.917075709292764,
        "mean_donor_minus_prose": -14.451615182976974,
        "mean_donor_value_rank": 42115.36842105263,
        "mean_final_proj_effect": -0.5082204216404965,
        "mean_n_channels": 64.0,
        "mean_patched_rank": 122.73684210526316,
        "mean_pmv_effect": -0.2578125,
        "mean_prose_route_rank": 1.394736842105263,
        "mean_rank_effect": -7.578947368421052,
        "mean_target_minus_continuation": -6.3803453947368425,
        "mean_target_minus_donor": 6.536730314555921,
        "mean_target_minus_prose": -7.914884868421052,
        "mean_target_value_rank": 4209.236842105263,
        "n": 38,
        "patched_best_other_route": {
          "prose": 38
        },
        "patched_top1_rate": 0.0,
        "success_change_rate": 0.0,
        "target_value_top1_rate": 0.0
      },
      {
        "condition": "restore|source_random_channel_128",
        "donor_value_top1_rate": 0.0,
        "mean_continuation_route_rank": 5.7631578947368425,
        "mean_donor_minus_continuation": -12.937345805921053,
        "mean_donor_minus_prose": -14.434056332236842,
        "mean_donor_value_rank": 39843.13157894737,
        "mean_final_proj_effect": -1.1399022278032804,
        "mean_n_channels": 128.0,
        "mean_patched_rank": 122.02631578947368,
        "mean_pmv_effect": -0.15213815789473684,
        "mean_prose_route_rank": 1.4210526315789473,
        "mean_rank_effect": -6.868421052631579,
        "mean_target_minus_continuation": -6.379934210526316,
        "mean_target_minus_donor": 6.557411595394737,
        "mean_target_minus_prose": -7.876644736842105,
        "mean_target_value_rank": 4282.684210526316,
        "n": 38,
        "patched_best_other_route": {
          "prose": 38
        },
        "patched_top1_rate": 0.0,
        "success_change_rate": 0.0,
        "target_value_top1_rate": 0.0
      },
      {
        "condition": "restore|source_top_channel_128",
        "donor_value_top1_rate": 0.0,
        "mean_continuation_route_rank": 5.578947368421052,
        "mean_donor_minus_continuation": -12.630449796977796,
        "mean_donor_minus_prose": -14.140318218030428,
        "mean_donor_value_rank": 37966.39473684211,
        "mean_final_proj_effect": -1.2624198323801945,
        "mean_n_channels": 128.0,
        "mean_patched_rank": 154.60526315789474,
        "mean_pmv_effect": -0.5283717105263158,
        "mean_prose_route_rank": 1.3421052631578947,
        "mean_rank_effect": -39.44736842105263,
        "mean_target_minus_continuation": -6.6175986842105265,
        "mean_target_minus_donor": 6.01285111276727,
        "mean_target_minus_prose": -8.127467105263158,
        "mean_target_value_rank": 4296.5,
        "n": 38,
        "patched_best_other_route": {
          "prose": 38
        },
        "patched_top1_rate": 0.0,
        "success_change_rate": 0.0,
        "target_value_top1_rate": 0.0
      },
      {
        "condition": "restore|source_random_channel_256",
        "donor_value_top1_rate": 0.0,
        "mean_continuation_route_rank": 5.7631578947368425,
        "mean_donor_minus_continuation": -12.606136924342104,
        "mean_donor_minus_prose": -14.23278166118421,
        "mean_donor_value_rank": 35965.23684210526,
        "mean_final_proj_effect": -1.695402703787151,
        "mean_n_channels": 256.0,
        "mean_patched_rank": 114.3157894736842,
        "mean_pmv_effect": -0.2582236842105263,
        "mean_prose_route_rank": 1.2894736842105263,
        "mean_rank_effect": 0.8421052631578947,
        "mean_target_minus_continuation": -6.297697368421052,
        "mean_target_minus_donor": 6.308439555921052,
        "mean_target_minus_prose": -7.9243421052631575,
        "mean_target_value_rank": 4226.5,
        "n": 38,
        "patched_best_other_route": {
          "prose": 38
        },
        "patched_top1_rate": 0.0,
        "success_change_rate": 0.0,
        "target_value_top1_rate": 0.0
      },
      {
        "condition": "restore|source_top_channel_256",
        "donor_value_top1_rate": 0.0,
        "mean_continuation_route_rank": 5.342105263157895,
        "mean_donor_minus_continuation": -12.202071340460526,
        "mean_donor_minus_prose": -13.632992393092104,
        "mean_donor_value_rank": 31723.973684210527,
        "mean_final_proj_effect": -2.5929316407755802,
        "mean_n_channels": 256.0,
        "mean_patched_rank": 223.89473684210526,
        "mean_pmv_effect": -0.8634868421052632,
        "mean_prose_route_rank": 1.5,
        "mean_rank_effect": -108.73684210526316,
        "mean_target_minus_continuation": -7.004523026315789,
        "mean_target_minus_donor": 5.197548314144737,
        "mean_target_minus_prose": -8.435444078947368,
        "mean_target_value_rank": 4690.921052631579,
        "n": 38,
        "patched_best_other_route": {
          "prose": 38
        },
        "patched_top1_rate": 0.0,
        "success_change_rate": 0.0,
        "target_value_top1_rate": 0.0
      },
      {
        "condition": "restore|source_top_channel_512",
        "donor_value_top1_rate": 0.0,
        "mean_continuation_route_rank": 5.447368421052632,
        "mean_donor_minus_continuation": -11.153474506578947,
        "mean_donor_minus_prose": -12.513671875,
        "mean_donor_value_rank": 19870.07894736842,
        "mean_final_proj_effect": -3.2910037228935645,
        "mean_n_channels": 512.0,
        "mean_patched_rank": 234.02631578947367,
        "mean_pmv_effect": -0.9827302631578947,
        "mean_prose_route_rank": 1.3421052631578947,
        "mean_rank_effect": -118.86842105263158,
        "mean_target_minus_continuation": -7.205180921052632,
        "mean_target_minus_donor": 3.948293585526316,
        "mean_target_minus_prose": -8.565378289473685,
        "mean_target_value_rank": 4856.1578947368425,
        "n": 38,
        "patched_best_other_route": {
          "prose": 38
        },
        "patched_top1_rate": 0.0,
        "success_change_rate": 0.0,
        "target_value_top1_rate": 0.0
      },
      {
        "condition": "restore|source_random_channel_512",
        "donor_value_top1_rate": 0.0,
        "mean_continuation_route_rank": 5.7894736842105265,
        "mean_donor_minus_continuation": -11.947965923108553,
        "mean_donor_minus_prose": -13.520334344161185,
        "mean_donor_value_rank": 28095.57894736842,
        "mean_final_proj_effect": -3.4387603057058236,
        "mean_n_channels": 512.0,
        "mean_patched_rank": 155.89473684210526,
        "mean_pmv_effect": -0.6344572368421053,
        "mean_prose_route_rank": 1.3157894736842106,
        "mean_rank_effect": -40.73684210526316,
        "mean_target_minus_continuation": -6.6430921052631575,
        "mean_target_minus_donor": 5.304873817845395,
        "mean_target_minus_prose": -8.21546052631579,
        "mean_target_value_rank": 4527.026315789473,
        "n": 38,
        "patched_best_other_route": {
          "prose": 38
        },
        "patched_top1_rate": 0.0,
        "success_change_rate": 0.0,
        "target_value_top1_rate": 0.0
      },
      {
        "condition": "restore|all_positive_source_channels",
        "donor_value_top1_rate": 0.0,
        "mean_continuation_route_rank": 5.394736842105263,
        "mean_donor_minus_continuation": -5.862356085526316,
        "mean_donor_minus_prose": -7.1567639802631575,
        "mean_donor_value_rank": 1881.157894736842,
        "mean_final_proj_effect": -26.022970187036616,
        "mean_n_channels": 2838.0,
        "mean_patched_rank": 744.2368421052631,
        "mean_pmv_effect": -4.074835526315789,
        "mean_prose_route_rank": 1.9210526315789473,
        "mean_rank_effect": -629.078947368421,
        "mean_target_minus_continuation": -10.361726459703947,
        "mean_target_minus_donor": -4.499370374177632,
        "mean_target_minus_prose": -11.65613435444079,
        "mean_target_value_rank": 25203.842105263157,
        "n": 38,
        "patched_best_other_route": {
          "continuation": 2,
          "prose": 36
        },
        "patched_top1_rate": 0.0,
        "success_change_rate": 0.0,
        "target_value_top1_rate": 0.0
      }
    ],
    "by_split_condition": {
      "unrelated_disjoint|degradation|all_positive_source_channels": {
        "donor_value_top1_rate": 0.0,
        "mean_continuation_route_rank": 13.131578947368421,
        "mean_donor_minus_continuation": -7.8959703947368425,
        "mean_donor_minus_prose": -10.690378289473685,
        "mean_donor_value_rank": 11900.605263157895,
        "mean_final_proj_effect": 38.671945477786814,
        "mean_n_channels": 2838.0,
        "mean_patched_rank": 276.42105263157896,
        "mean_pmv_effect": 5.8227796052631575,
        "mean_prose_route_rank": 1.7894736842105263,
        "mean_rank_effect": 275.42105263157896,
        "mean_target_minus_continuation": -6.341694078947368,
        "mean_target_minus_donor": 1.5542763157894737,
        "mean_target_minus_prose": -9.13610197368421,
        "mean_target_value_rank": 6979.8421052631575,
        "n": 38,
        "patched_best_other_route": {
          "prose": 38
        },
        "patched_top1_rate": 0.0,
        "success_change_rate": 1.0,
        "target_value_top1_rate": 0.0
      },
      "unrelated_disjoint|degradation|source_random_channel_128": {
        "donor_value_top1_rate": 0.0,
        "mean_continuation_route_rank": 13.68421052631579,
        "mean_donor_minus_continuation": -11.345079923930921,
        "mean_donor_minus_prose": -13.8697509765625,
        "mean_donor_value_rank": 39093.78947368421,
        "mean_final_proj_effect": 0.4632687537293685,
        "mean_n_channels": 128.0,
        "mean_patched_rank": 1.0263157894736843,
        "mean_pmv_effect": 0.05921052631578947,
        "mean_prose_route_rank": 2.9473684210526314,
        "mean_rank_effect": 0.02631578947368421,
        "mean_target_minus_continuation": -1.769325657894737,
        "mean_target_minus_donor": 9.575754266036185,
        "mean_target_minus_prose": -4.293996710526316,
        "mean_target_value_rank": 262.0263157894737,
        "n": 38,
        "patched_best_other_route": {
          "prose": 38
        },
        "patched_top1_rate": 0.9736842105263158,
        "success_change_rate": 0.02631578947368421,
        "target_value_top1_rate": 0.0
      },
      "unrelated_disjoint|degradation|source_random_channel_256": {
        "donor_value_top1_rate": 0.0,
        "mean_continuation_route_rank": 13.236842105263158,
        "mean_donor_minus_continuation": -11.270430715460526,
        "mean_donor_minus_prose": -13.709575452302632,
        "mean_donor_value_rank": 36455.05263157895,
        "mean_final_proj_effect": 0.904474979952762,
        "mean_n_channels": 256.0,
        "mean_patched_rank": 1.0263157894736843,
        "mean_pmv_effect": 0.13980263157894737,
        "mean_prose_route_rank": 3.1315789473684212,
        "mean_rank_effect": 0.02631578947368421,
        "mean_target_minus_continuation": -1.9017269736842106,
        "mean_target_minus_donor": 9.368703741776315,
        "mean_target_minus_prose": -4.340871710526316,
        "mean_target_value_rank": 183.81578947368422,
        "n": 38,
        "patched_best_other_route": {
          "prose": 38
        },
        "patched_top1_rate": 0.9736842105263158,
        "success_change_rate": 0.02631578947368421,
        "target_value_top1_rate": 0.0
      },
      "unrelated_disjoint|degradation|source_random_channel_32": {
        "donor_value_top1_rate": 0.0,
        "mean_continuation_route_rank": 13.657894736842104,
        "mean_donor_minus_continuation": -11.41077302631579,
        "mean_donor_minus_prose": -13.935444078947368,
        "mean_donor_value_rank": 40262.57894736842,
        "mean_final_proj_effect": 0.2224980592727661,
        "mean_n_channels": 32.0,
        "mean_patched_rank": 1.0,
        "mean_pmv_effect": 0.019736842105263157,
        "mean_prose_route_rank": 2.973684210526316,
        "mean_rank_effect": 0.0,
        "mean_target_minus_continuation": -1.7088815789473684,
        "mean_target_minus_donor": 9.701891447368421,
        "mean_target_minus_prose": -4.233552631578948,
        "mean_target_value_rank": 208.26315789473685,
        "n": 38,
        "patched_best_other_route": {
          "prose": 38
        },
        "patched_top1_rate": 1.0,
        "success_change_rate": 0.0,
        "target_value_top1_rate": 0.0
      },
      "unrelated_disjoint|degradation|source_random_channel_512": {
        "donor_value_top1_rate": 0.0,
        "mean_continuation_route_rank": 13.263157894736842,
        "mean_donor_minus_continuation": -11.016530890213815,
        "mean_donor_minus_prose": -13.5428466796875,
        "mean_donor_value_rank": 33046.81578947369,
        "mean_final_proj_effect": 2.632482459670619,
        "mean_n_channels": 512.0,
        "mean_patched_rank": 1.2105263157894737,
        "mean_pmv_effect": 0.4194078947368421,
        "mean_prose_route_rank": 2.8947368421052633,
        "mean_rank_effect": 0.21052631578947367,
        "mean_target_minus_continuation": -2.072779605263158,
        "mean_target_minus_donor": 8.943751284950658,
        "mean_target_minus_prose": -4.5990953947368425,
        "mean_target_value_rank": 223.55263157894737,
        "n": 38,
        "patched_best_other_route": {
          "prose": 38
        },
        "patched_top1_rate": 0.868421052631579,
        "success_change_rate": 0.13157894736842105,
        "target_value_top1_rate": 0.0
      },
      "unrelated_disjoint|degradation|source_random_channel_64": {
        "donor_value_top1_rate": 0.0,
        "mean_continuation_route_rank": 13.789473684210526,
        "mean_donor_minus_continuation": -11.441590484819914,
        "mean_donor_minus_prose": -13.949814169030441,
        "mean_donor_value_rank": 40289.71052631579,
        "mean_final_proj_effect": 0.48975036646190445,
        "mean_n_channels": 64.0,
        "mean_patched_rank": 1.0263157894736843,
        "mean_pmv_effect": 0.049342105263157895,
        "mean_prose_route_rank": 2.9473684210526314,
        "mean_rank_effect": 0.02631578947368421,
        "mean_target_minus_continuation": -1.7516447368421053,
        "mean_target_minus_donor": 9.68994574797781,
        "mean_target_minus_prose": -4.259868421052632,
        "mean_target_value_rank": 233.1578947368421,
        "n": 38,
        "patched_best_other_route": {
          "prose": 38
        },
        "patched_top1_rate": 0.9736842105263158,
        "success_change_rate": 0.02631578947368421,
        "target_value_top1_rate": 0.0
      },
      "unrelated_disjoint|degradation|source_top_channel_128": {
        "donor_value_top1_rate": 0.0,
        "mean_continuation_route_rank": 13.842105263157896,
        "mean_donor_minus_continuation": -11.386371813322368,
        "mean_donor_minus_prose": -14.037687602796053,
        "mean_donor_value_rank": 38046.86842105263,
        "mean_final_proj_effect": 6.746600069497761,
        "mean_n_channels": 128.0,
        "mean_patched_rank": 2.8947368421052633,
        "mean_pmv_effect": 0.7828947368421053,
        "mean_prose_route_rank": 2.710526315789474,
        "mean_rank_effect": 1.894736842105263,
        "mean_target_minus_continuation": -2.1426809210526314,
        "mean_target_minus_donor": 9.243690892269736,
        "mean_target_minus_prose": -4.793996710526316,
        "mean_target_value_rank": 202.71052631578948,
        "n": 38,
        "patched_best_other_route": {
          "prose": 38
        },
        "patched_top1_rate": 0.8421052631578947,
        "success_change_rate": 0.15789473684210525,
        "target_value_top1_rate": 0.0
      },
      "unrelated_disjoint|degradation|source_top_channel_256": {
        "donor_value_top1_rate": 0.0,
        "mean_continuation_route_rank": 14.210526315789474,
        "mean_donor_minus_continuation": -11.121055201480264,
        "mean_donor_minus_prose": -13.869410464638158,
        "mean_donor_value_rank": 34414.97368421053,
        "mean_final_proj_effect": 10.293518891460018,
        "mean_n_channels": 256.0,
        "mean_patched_rank": 8.157894736842104,
        "mean_pmv_effect": 1.2171052631578947,
        "mean_prose_route_rank": 2.5526315789473686,
        "mean_rank_effect": 7.157894736842105,
        "mean_target_minus_continuation": -2.4720394736842106,
        "mean_target_minus_donor": 8.649015727796053,
        "mean_target_minus_prose": -5.220394736842105,
        "mean_target_value_rank": 346.10526315789474,
        "n": 38,
        "patched_best_other_route": {
          "prose": 38
        },
        "patched_top1_rate": 0.7368421052631579,
        "success_change_rate": 0.2631578947368421,
        "target_value_top1_rate": 0.0
      },
      "unrelated_disjoint|degradation|source_top_channel_32": {
        "donor_value_top1_rate": 0.0,
        "mean_continuation_route_rank": 13.789473684210526,
        "mean_donor_minus_continuation": -11.438717490748354,
        "mean_donor_minus_prose": -13.974901701274671,
        "mean_donor_value_rank": 39879.36842105263,
        "mean_final_proj_effect": 2.1211078355186865,
        "mean_n_channels": 32.0,
        "mean_patched_rank": 1.1842105263157894,
        "mean_pmv_effect": 0.23519736842105263,
        "mean_prose_route_rank": 2.8684210526315788,
        "mean_rank_effect": 0.18421052631578946,
        "mean_target_minus_continuation": -1.792763157894737,
        "mean_target_minus_donor": 9.645954332853618,
        "mean_target_minus_prose": -4.328947368421052,
        "mean_target_value_rank": 187.31578947368422,
        "n": 38,
        "patched_best_other_route": {
          "prose": 38
        },
        "patched_top1_rate": 0.8947368421052632,
        "success_change_rate": 0.10526315789473684,
        "target_value_top1_rate": 0.0
      },
      "unrelated_disjoint|degradation|source_top_channel_512": {
        "donor_value_top1_rate": 0.0,
        "mean_continuation_route_rank": 14.5,
        "mean_donor_minus_continuation": -10.848530016447368,
        "mean_donor_minus_prose": -13.697214226973685,
        "mean_donor_value_rank": 31239.263157894737,
        "mean_final_proj_effect": 15.440061606858906,
        "mean_n_channels": 512.0,
        "mean_patched_rank": 36.18421052631579,
        "mean_pmv_effect": 1.9268092105263157,
        "mean_prose_route_rank": 2.3421052631578947,
        "mean_rank_effect": 35.18421052631579,
        "mean_target_minus_continuation": -3.0349506578947367,
        "mean_target_minus_donor": 7.813579358552632,
        "mean_target_minus_prose": -5.883634868421052,
        "mean_target_value_rank": 1368.1052631578948,
        "n": 38,
        "patched_best_other_route": {
          "prose": 38
        },
        "patched_top1_rate": 0.6052631578947368,
        "success_change_rate": 0.39473684210526316,
        "target_value_top1_rate": 0.0
      },
      "unrelated_disjoint|degradation|source_top_channel_64": {
        "donor_value_top1_rate": 0.0,
        "mean_continuation_route_rank": 13.631578947368421,
        "mean_donor_minus_continuation": -11.474105031866776,
        "mean_donor_minus_prose": -14.064565558182565,
        "mean_donor_value_rank": 39397.26315789474,
        "mean_final_proj_effect": 4.211965918540955,
        "mean_n_channels": 64.0,
        "mean_patched_rank": 1.6578947368421053,
        "mean_pmv_effect": 0.5,
        "mean_prose_route_rank": 2.6578947368421053,
        "mean_rank_effect": 0.6578947368421053,
        "mean_target_minus_continuation": -1.9716282894736843,
        "mean_target_minus_donor": 9.502476742393092,
        "mean_target_minus_prose": -4.5620888157894735,
        "mean_target_value_rank": 175.78947368421052,
        "n": 38,
        "patched_best_other_route": {
          "prose": 38
        },
        "patched_top1_rate": 0.8947368421052632,
        "success_change_rate": 0.10526315789473684,
        "target_value_top1_rate": 0.0
      },
      "unrelated_disjoint|restore|all_positive_source_channels": {
        "donor_value_top1_rate": 0.0,
        "mean_continuation_route_rank": 5.394736842105263,
        "mean_donor_minus_continuation": -5.862356085526316,
        "mean_donor_minus_prose": -7.1567639802631575,
        "mean_donor_value_rank": 1881.157894736842,
        "mean_final_proj_effect": -26.022970187036616,
        "mean_n_channels": 2838.0,
        "mean_patched_rank": 744.2368421052631,
        "mean_pmv_effect": -4.074835526315789,
        "mean_prose_route_rank": 1.9210526315789473,
        "mean_rank_effect": -629.078947368421,
        "mean_target_minus_continuation": -10.361726459703947,
        "mean_target_minus_donor": -4.499370374177632,
        "mean_target_minus_prose": -11.65613435444079,
        "mean_target_value_rank": 25203.842105263157,
        "n": 38,
        "patched_best_other_route": {
          "continuation": 2,
          "prose": 36
        },
        "patched_top1_rate": 0.0,
        "success_change_rate": 0.0,
        "target_value_top1_rate": 0.0
      },
      "unrelated_disjoint|restore|source_random_channel_128": {
        "donor_value_top1_rate": 0.0,
        "mean_continuation_route_rank": 5.7631578947368425,
        "mean_donor_minus_continuation": -12.937345805921053,
        "mean_donor_minus_prose": -14.434056332236842,
        "mean_donor_value_rank": 39843.13157894737,
        "mean_final_proj_effect": -1.1399022278032804,
        "mean_n_channels": 128.0,
        "mean_patched_rank": 122.02631578947368,
        "mean_pmv_effect": -0.15213815789473684,
        "mean_prose_route_rank": 1.4210526315789473,
        "mean_rank_effect": -6.868421052631579,
        "mean_target_minus_continuation": -6.379934210526316,
        "mean_target_minus_donor": 6.557411595394737,
        "mean_target_minus_prose": -7.876644736842105,
        "mean_target_value_rank": 4282.684210526316,
        "n": 38,
        "patched_best_other_route": {
          "prose": 38
        },
        "patched_top1_rate": 0.0,
        "success_change_rate": 0.0,
        "target_value_top1_rate": 0.0
      },
      "unrelated_disjoint|restore|source_random_channel_256": {
        "donor_value_top1_rate": 0.0,
        "mean_continuation_route_rank": 5.7631578947368425,
        "mean_donor_minus_continuation": -12.606136924342104,
        "mean_donor_minus_prose": -14.23278166118421,
        "mean_donor_value_rank": 35965.23684210526,
        "mean_final_proj_effect": -1.695402703787151,
        "mean_n_channels": 256.0,
        "mean_patched_rank": 114.3157894736842,
        "mean_pmv_effect": -0.2582236842105263,
        "mean_prose_route_rank": 1.2894736842105263,
        "mean_rank_effect": 0.8421052631578947,
        "mean_target_minus_continuation": -6.297697368421052,
        "mean_target_minus_donor": 6.308439555921052,
        "mean_target_minus_prose": -7.9243421052631575,
        "mean_target_value_rank": 4226.5,
        "n": 38,
        "patched_best_other_route": {
          "prose": 38
        },
        "patched_top1_rate": 0.0,
        "success_change_rate": 0.0,
        "target_value_top1_rate": 0.0
      },
      "unrelated_disjoint|restore|source_random_channel_32": {
        "donor_value_top1_rate": 0.0,
        "mean_continuation_route_rank": 5.7631578947368425,
        "mean_donor_minus_continuation": -13.094220613178454,
        "mean_donor_minus_prose": -14.62382587633635,
        "mean_donor_value_rank": 43175.34210526316,
        "mean_final_proj_effect": -0.4340477052487825,
        "mean_n_channels": 32.0,
        "mean_patched_rank": 115.5,
        "mean_pmv_effect": -0.05879934210526316,
        "mean_prose_route_rank": 1.3421052631578947,
        "mean_rank_effect": -0.34210526315789475,
        "mean_target_minus_continuation": -6.2368421052631575,
        "mean_target_minus_donor": 6.857378507915296,
        "mean_target_minus_prose": -7.766447368421052,
        "mean_target_value_rank": 4267.8421052631575,
        "n": 38,
        "patched_best_other_route": {
          "prose": 38
        },
        "patched_top1_rate": 0.0,
        "success_change_rate": 0.0,
        "target_value_top1_rate": 0.0
      },
      "unrelated_disjoint|restore|source_random_channel_512": {
        "donor_value_top1_rate": 0.0,
        "mean_continuation_route_rank": 5.7894736842105265,
        "mean_donor_minus_continuation": -11.947965923108553,
        "mean_donor_minus_prose": -13.520334344161185,
        "mean_donor_value_rank": 28095.57894736842,
        "mean_final_proj_effect": -3.4387603057058236,
        "mean_n_channels": 512.0,
        "mean_patched_rank": 155.89473684210526,
        "mean_pmv_effect": -0.6344572368421053,
        "mean_prose_route_rank": 1.3157894736842106,
        "mean_rank_effect": -40.73684210526316,
        "mean_target_minus_continuation": -6.6430921052631575,
        "mean_target_minus_donor": 5.304873817845395,
        "mean_target_minus_prose": -8.21546052631579,
        "mean_target_value_rank": 4527.026315789473,
        "n": 38,
        "patched_best_other_route": {
          "prose": 38
        },
        "patched_top1_rate": 0.0,
        "success_change_rate": 0.0,
        "target_value_top1_rate": 0.0
      },
      "unrelated_disjoint|restore|source_random_channel_64": {
        "donor_value_top1_rate": 0.0,
        "mean_continuation_route_rank": 5.7368421052631575,
        "mean_donor_minus_continuation": -13.10387541118421,
        "mean_donor_minus_prose": -14.638414884868421,
        "mean_donor_value_rank": 43174.97368421053,
        "mean_final_proj_effect": -0.15291064663937218,
        "mean_n_channels": 64.0,
        "mean_patched_rank": 103.60526315789474,
        "mean_pmv_effect": 0.004523026315789474,
        "mean_prose_route_rank": 1.368421052631579,
        "mean_rank_effect": 11.552631578947368,
        "mean_target_minus_continuation": -6.197368421052632,
        "mean_target_minus_donor": 6.906506990131579,
        "mean_target_minus_prose": -7.7319078947368425,
        "mean_target_value_rank": 4243.6578947368425,
        "n": 38,
        "patched_best_other_route": {
          "prose": 38
        },
        "patched_top1_rate": 0.0,
        "success_change_rate": 0.0,
        "target_value_top1_rate": 0.0
      },
      "unrelated_disjoint|restore|source_top_channel_128": {
        "donor_value_top1_rate": 0.0,
        "mean_continuation_route_rank": 5.578947368421052,
        "mean_donor_minus_continuation": -12.630449796977796,
        "mean_donor_minus_prose": -14.140318218030428,
        "mean_donor_value_rank": 37966.39473684211,
        "mean_final_proj_effect": -1.2624198323801945,
        "mean_n_channels": 128.0,
        "mean_patched_rank": 154.60526315789474,
        "mean_pmv_effect": -0.5283717105263158,
        "mean_prose_route_rank": 1.3421052631578947,
        "mean_rank_effect": -39.44736842105263,
        "mean_target_minus_continuation": -6.6175986842105265,
        "mean_target_minus_donor": 6.01285111276727,
        "mean_target_minus_prose": -8.127467105263158,
        "mean_target_value_rank": 4296.5,
        "n": 38,
        "patched_best_other_route": {
          "prose": 38
        },
        "patched_top1_rate": 0.0,
        "success_change_rate": 0.0,
        "target_value_top1_rate": 0.0
      },
      "unrelated_disjoint|restore|source_top_channel_256": {
        "donor_value_top1_rate": 0.0,
        "mean_continuation_route_rank": 5.342105263157895,
        "mean_donor_minus_continuation": -12.202071340460526,
        "mean_donor_minus_prose": -13.632992393092104,
        "mean_donor_value_rank": 31723.973684210527,
        "mean_final_proj_effect": -2.5929316407755802,
        "mean_n_channels": 256.0,
        "mean_patched_rank": 223.89473684210526,
        "mean_pmv_effect": -0.8634868421052632,
        "mean_prose_route_rank": 1.5,
        "mean_rank_effect": -108.73684210526316,
        "mean_target_minus_continuation": -7.004523026315789,
        "mean_target_minus_donor": 5.197548314144737,
        "mean_target_minus_prose": -8.435444078947368,
        "mean_target_value_rank": 4690.921052631579,
        "n": 38,
        "patched_best_other_route": {
          "prose": 38
        },
        "patched_top1_rate": 0.0,
        "success_change_rate": 0.0,
        "target_value_top1_rate": 0.0
      },
      "unrelated_disjoint|restore|source_top_channel_32": {
        "donor_value_top1_rate": 0.0,
        "mean_continuation_route_rank": 5.7105263157894735,
        "mean_donor_minus_continuation": -13.113364771792764,
        "mean_donor_minus_prose": -14.641325298108553,
        "mean_donor_value_rank": 43724.65789473684,
        "mean_final_proj_effect": -0.4453811143573962,
        "mean_n_channels": 32.0,
        "mean_patched_rank": 117.26315789473684,
        "mean_pmv_effect": -0.14638157894736842,
        "mean_prose_route_rank": 1.368421052631579,
        "mean_rank_effect": -2.1052631578947367,
        "mean_target_minus_continuation": -6.2890625,
        "mean_target_minus_donor": 6.824302271792763,
        "mean_target_minus_prose": -7.817023026315789,
        "mean_target_value_rank": 4219.026315789473,
        "n": 38,
        "patched_best_other_route": {
          "prose": 38
        },
        "patched_top1_rate": 0.0,
        "success_change_rate": 0.0,
        "target_value_top1_rate": 0.0
      },
      "unrelated_disjoint|restore|source_top_channel_512": {
        "donor_value_top1_rate": 0.0,
        "mean_continuation_route_rank": 5.447368421052632,
        "mean_donor_minus_continuation": -11.153474506578947,
        "mean_donor_minus_prose": -12.513671875,
        "mean_donor_value_rank": 19870.07894736842,
        "mean_final_proj_effect": -3.2910037228935645,
        "mean_n_channels": 512.0,
        "mean_patched_rank": 234.02631578947367,
        "mean_pmv_effect": -0.9827302631578947,
        "mean_prose_route_rank": 1.3421052631578947,
        "mean_rank_effect": -118.86842105263158,
        "mean_target_minus_continuation": -7.205180921052632,
        "mean_target_minus_donor": 3.948293585526316,
        "mean_target_minus_prose": -8.565378289473685,
        "mean_target_value_rank": 4856.1578947368425,
        "n": 38,
        "patched_best_other_route": {
          "prose": 38
        },
        "patched_top1_rate": 0.0,
        "success_change_rate": 0.0,
        "target_value_top1_rate": 0.0
      },
      "unrelated_disjoint|restore|source_top_channel_64": {
        "donor_value_top1_rate": 0.0,
        "mean_continuation_route_rank": 5.7631578947368425,
        "mean_donor_minus_continuation": -12.917075709292764,
        "mean_donor_minus_prose": -14.451615182976974,
        "mean_donor_value_rank": 42115.36842105263,
        "mean_final_proj_effect": -0.5082204216404965,
        "mean_n_channels": 64.0,
        "mean_patched_rank": 122.73684210526316,
        "mean_pmv_effect": -0.2578125,
        "mean_prose_route_rank": 1.394736842105263,
        "mean_rank_effect": -7.578947368421052,
        "mean_target_minus_continuation": -6.3803453947368425,
        "mean_target_minus_donor": 6.536730314555921,
        "mean_target_minus_prose": -7.914884868421052,
        "mean_target_value_rank": 4209.236842105263,
        "n": 38,
        "patched_best_other_route": {
          "prose": 38
        },
        "patched_top1_rate": 0.0,
        "success_change_rate": 0.0,
        "target_value_top1_rate": 0.0
      }
    },
    "donor_sets": [
      {
        "filter": "target expected first-token set disjoint from donor expected first-token set",
        "n_donor_pairs": 38,
        "n_positive_channels": 2838,
        "n_ranked_channels": 4096,
        "n_targets": 72,
        "same_value_pairs": 0,
        "top_channel_scores": [
          {
            "channel": 33,
            "head": 15,
            "index": 1953,
            "layer": 26,
            "mean_abs_effect": 0.3742256631806698,
            "mean_combo_delta_value": 4.135954154965778,
            "mean_direct_effect": 0.36823519280409756,
            "mean_output_dir_proj": 0.06857856958069736,
            "n_train_cases": 72,
            "unit_key": "L26H15C33"
          },
          {
            "channel": 106,
            "head": 15,
            "index": 2026,
            "layer": 26,
            "mean_abs_effect": 0.32179005912272557,
            "mean_combo_delta_value": 4.020803868563639,
            "mean_direct_effect": 0.31835028280729394,
            "mean_output_dir_proj": 0.04004814890989413,
            "n_train_cases": 72,
            "unit_key": "L26H15C106"
          },
          {
            "channel": 32,
            "head": 15,
            "index": 1952,
            "layer": 26,
            "mean_abs_effect": 0.2911689546676825,
            "mean_combo_delta_value": 4.283867619983438,
            "mean_direct_effect": 0.2885064111723791,
            "mean_output_dir_proj": 0.03474947370381819,
            "n_train_cases": 72,
            "unit_key": "L26H15C32"
          },
          {
            "channel": 89,
            "head": 24,
            "index": 3161,
            "layer": 26,
            "mean_abs_effect": 0.281312485767596,
            "mean_combo_delta_value": 2.8138537820842533,
            "mean_direct_effect": 0.2781356368959765,
            "mean_output_dir_proj": 0.08982953587029543,
            "n_train_cases": 72,
            "unit_key": "L26H24C89"
          },
          {
            "channel": 30,
            "head": 15,
            "index": 1950,
            "layer": 26,
            "mean_abs_effect": 0.25661465296698943,
            "mean_combo_delta_value": 4.373607654952341,
            "mean_direct_effect": 0.25344529470148225,
            "mean_output_dir_proj": 0.03839277951758251,
            "n_train_cases": 72,
            "unit_key": "L26H15C30"
          },
          {
            "channel": 9,
            "head": 19,
            "index": 2441,
            "layer": 26,
            "mean_abs_effect": 0.25237599620737355,
            "mean_combo_delta_value": -2.4229044392187564,
            "mean_direct_effect": 0.25234455948698264,
            "mean_output_dir_proj": -0.07201568405596642,
            "n_train_cases": 72,
            "unit_key": "L26H19C9"
          },
          {
            "channel": 23,
            "head": 15,
            "index": 1943,
            "layer": 26,
            "mean_abs_effect": 0.2523792694588005,
            "mean_combo_delta_value": 2.5449427935398288,
            "mean_direct_effect": 0.24400445799351045,
            "mean_output_dir_proj": 0.07229659838291506,
            "n_train_cases": 72,
            "unit_key": "L26H15C23"
          },
          {
            "channel": 103,
            "head": 15,
            "index": 2023,
            "layer": 26,
            "mean_abs_effect": 0.24189971821946005,
            "mean_combo_delta_value": 4.701183354689015,
            "mean_direct_effect": 0.23825377879902193,
            "mean_output_dir_proj": 0.04681701533910301,
            "n_train_cases": 72,
            "unit_key": "L26H15C103"
          },
          {
            "channel": 86,
            "head": 19,
            "index": 2518,
            "layer": 26,
            "mean_abs_effect": 0.23131275535036058,
            "mean_combo_delta_value": 2.6776454055474863,
            "mean_direct_effect": 0.2289015276626827,
            "mean_output_dir_proj": 0.030479937022189714,
            "n_train_cases": 72,
            "unit_key": "L26H19C86"
          },
          {
            "channel": 21,
            "head": 19,
            "index": 2453,
            "layer": 26,
            "mean_abs_effect": 0.22643912264325905,
            "mean_combo_delta_value": -2.30458151217964,
            "mean_direct_effect": 0.2259645249088526,
            "mean_output_dir_proj": -0.0521551377201427,
            "n_train_cases": 72,
            "unit_key": "L26H19C21"
          },
          {
            "channel": 60,
            "head": 25,
            "index": 3260,
            "layer": 26,
            "mean_abs_effect": 0.22408835064388688,
            "mean_combo_delta_value": 3.417711219853825,
            "mean_direct_effect": 0.21814597412427686,
            "mean_output_dir_proj": 0.05510554843608083,
            "n_train_cases": 72,
            "unit_key": "L26H25C60"
          },
          {
            "channel": 95,
            "head": 11,
            "index": 1503,
            "layer": 23,
            "mean_abs_effect": 0.22268157345075482,
            "mean_combo_delta_value": 2.6197714623477726,
            "mean_direct_effect": 0.21732984258174298,
            "mean_output_dir_proj": 0.05019133148016408,
            "n_train_cases": 72,
            "unit_key": "L23H11C95"
          },
          {
            "channel": 42,
            "head": 17,
            "index": 2218,
            "layer": 27,
            "mean_abs_effect": 0.20853822802054786,
            "mean_combo_delta_value": -3.1090513633357153,
            "mean_direct_effect": 0.2069276344847848,
            "mean_output_dir_proj": -0.03305543094757013,
            "n_train_cases": 72,
            "unit_key": "L27H17C42"
          },
          {
            "channel": 91,
            "head": 15,
            "index": 2011,
            "layer": 26,
            "mean_abs_effect": 0.19738431334608916,
            "mean_combo_delta_value": 3.4862379104726844,
            "mean_direct_effect": 0.19471698558940964,
            "mean_output_dir_proj": 0.04085025071657987,
            "n_train_cases": 72,
            "unit_key": "L26H15C91"
          },
          {
            "channel": 14,
            "head": 15,
            "index": 1934,
            "layer": 26,
            "mean_abs_effect": 0.20085140539730698,
            "mean_combo_delta_value": -3.8097771387547255,
            "mean_direct_effect": 0.19456774886528505,
            "mean_output_dir_proj": -0.03410590522819095,
            "n_train_cases": 72,
            "unit_key": "L26H15C14"
          },
          {
            "channel": 88,
            "head": 25,
            "index": 3288,
            "layer": 26,
            "mean_abs_effect": 0.19697662295073604,
            "mean_combo_delta_value": -2.268525391817093,
            "mean_direct_effect": 0.18968016017175598,
            "mean_output_dir_proj": -0.05527798841164137,
            "n_train_cases": 72,
            "unit_key": "L26H25C88"
          },
          {
            "channel": 58,
            "head": 15,
            "index": 1978,
            "layer": 26,
            "mean_abs_effect": 0.18748671369924821,
            "mean_combo_delta_value": -3.2977217157474823,
            "mean_direct_effect": 0.18430887246718278,
            "mean_output_dir_proj": -0.041147854399039514,
            "n_train_cases": 72,
            "unit_key": "L26H15C58"
          },
          {
            "channel": 86,
            "head": 15,
            "index": 2006,
            "layer": 26,
            "mean_abs_effect": 0.1855909470199413,
            "mean_combo_delta_value": 4.371363388891849,
            "mean_direct_effect": 0.18045970223319266,
            "mean_output_dir_proj": 0.02191428071172494,
            "n_train_cases": 72,
            "unit_key": "L26H15C86"
          },
          {
            "channel": 117,
            "head": 15,
            "index": 2037,
            "layer": 26,
            "mean_abs_effect": 0.18619304690566266,
            "mean_combo_delta_value": -6.341267221038127,
            "mean_direct_effect": 0.1779295750661255,
            "mean_output_dir_proj": -0.019488857140661113,
            "n_train_cases": 72,
            "unit_key": "L26H15C117"
          },
          {
            "channel": 87,
            "head": 15,
            "index": 2007,
            "layer": 26,
            "mean_abs_effect": 0.17915669635170434,
            "mean_combo_delta_value": 2.696708098105672,
            "mean_direct_effect": 0.17652934682839044,
            "mean_output_dir_proj": 0.03139679619602652,
            "n_train_cases": 72,
            "unit_key": "L26H15C87"
          },
          {
            "channel": 72,
            "head": 19,
            "index": 2504,
            "layer": 26,
            "mean_abs_effect": 0.17650779414124235,
            "mean_combo_delta_value": 1.8976158988144662,
            "mean_direct_effect": 0.1763669133309853,
            "mean_output_dir_proj": 0.06550772164741324,
            "n_train_cases": 72,
            "unit_key": "L26H19C72"
          },
          {
            "channel": 72,
            "head": 15,
            "index": 1992,
            "layer": 26,
            "mean_abs_effect": 0.17656266667505496,
            "mean_combo_delta_value": 2.9294670639145703,
            "mean_direct_effect": 0.17257086692117965,
            "mean_output_dir_proj": 0.03504984456554262,
            "n_train_cases": 72,
            "unit_key": "L26H15C72"
          },
          {
            "channel": 33,
            "head": 19,
            "index": 2465,
            "layer": 26,
            "mean_abs_effect": 0.17105585382819946,
            "mean_combo_delta_value": 2.6521497388473816,
            "mean_direct_effect": 0.17046974778027063,
            "mean_output_dir_proj": 0.03636566661104249,
            "n_train_cases": 72,
            "unit_key": "L26H19C33"
          },
          {
            "channel": 34,
            "head": 19,
            "index": 2466,
            "layer": 26,
            "mean_abs_effect": 0.16560884629449302,
            "mean_combo_delta_value": 1.552782087172899,
            "mean_direct_effect": 0.165443426178226,
            "mean_output_dir_proj": 0.06645334630997644,
            "n_train_cases": 72,
            "unit_key": "L26H19C34"
          },
          {
            "channel": 93,
            "head": 19,
            "index": 2525,
            "layer": 23,
            "mean_abs_effect": 0.16210438027991358,
            "mean_combo_delta_value": -2.831719695693917,
            "mean_direct_effect": 0.16127606844724302,
            "mean_output_dir_proj": -0.043618894460248865,
            "n_train_cases": 72,
            "unit_key": "L23H19C93"
          },
          {
            "channel": 46,
            "head": 23,
            "index": 2990,
            "layer": 26,
            "mean_abs_effect": 0.16230773378311128,
            "mean_combo_delta_value": -1.4104874581098557,
            "mean_direct_effect": 0.15917758175101934,
            "mean_output_dir_proj": -0.09319688510408418,
            "n_train_cases": 72,
            "unit_key": "L26H23C46"
          },
          {
            "channel": 65,
            "head": 2,
            "index": 321,
            "layer": 27,
            "mean_abs_effect": 0.16229588018200178,
            "mean_combo_delta_value": -1.3297253863679037,
            "mean_direct_effect": 0.15774460911355825,
            "mean_output_dir_proj": -0.08673370919293827,
            "n_train_cases": 72,
            "unit_key": "L27H2C65"
          },
          {
            "channel": 14,
            "head": 2,
            "index": 270,
            "layer": 27,
            "mean_abs_effect": 0.16197031592144107,
            "mean_combo_delta_value": -1.0614535808563232,
            "mean_direct_effect": 0.15609399258325707,
            "mean_output_dir_proj": -0.07882869636200161,
            "n_train_cases": 72,
            "unit_key": "L27H2C14"
          },
          {
            "channel": 88,
            "head": 24,
            "index": 3160,
            "layer": 26,
            "mean_abs_effect": 0.1712190790748394,
            "mean_combo_delta_value": -1.5824898050891028,
            "mean_direct_effect": 0.15567299515378208,
            "mean_output_dir_proj": -0.07337654966654049,
            "n_train_cases": 72,
            "unit_key": "L26H24C88"
          },
          {
            "channel": 91,
            "head": 19,
            "index": 2523,
            "layer": 26,
            "mean_abs_effect": 0.1516016616737896,
            "mean_combo_delta_value": 2.243265465936727,
            "mean_direct_effect": 0.15132427985100808,
            "mean_output_dir_proj": 0.04360731764205007,
            "n_train_cases": 72,
            "unit_key": "L26H19C91"
          },
          {
            "channel": 77,
            "head": 19,
            "index": 2509,
            "layer": 26,
            "mean_abs_effect": 0.14803715077884116,
            "mean_combo_delta_value": -1.6018432150077488,
            "mean_direct_effect": 0.14698406211535406,
            "mean_output_dir_proj": -0.061806859681382775,
            "n_train_cases": 72,
            "unit_key": "L26H19C77"
          },
          {
            "channel": 41,
            "head": 24,
            "index": 3113,
            "layer": 26,
            "mean_abs_effect": 0.1806216263093183,
            "mean_combo_delta_value": -1.6003430974152353,
            "mean_direct_effect": 0.14655706719422446,
            "mean_output_dir_proj": -0.0640488647752338,
            "n_train_cases": 72,
            "unit_key": "L26H24C41"
          },
          {
            "channel": 121,
            "head": 19,
            "index": 2553,
            "layer": 26,
            "mean_abs_effect": 0.14379076659098186,
            "mean_combo_delta_value": 1.4946764467491045,
            "mean_direct_effect": 0.1430076950039988,
            "mean_output_dir_proj": 0.054883956461304076,
            "n_train_cases": 72,
            "unit_key": "L26H19C121"
          },
          {
            "channel": 41,
            "head": 25,
            "index": 3241,
            "layer": 26,
            "mean_abs_effect": 0.16057408721757804,
            "mean_combo_delta_value": -2.549043837520811,
            "mean_direct_effect": 0.1367655428680808,
            "mean_output_dir_proj": -0.03510590047679014,
            "n_train_cases": 72,
            "unit_key": "L26H25C41"
          },
          {
            "channel": 91,
            "head": 19,
            "index": 2523,
            "layer": 23,
            "mean_abs_effect": 0.13618446469418313,
            "mean_combo_delta_value": 2.0070546906855373,
            "mean_direct_effect": 0.1361468581088879,
            "mean_output_dir_proj": 0.04959546523362709,
            "n_train_cases": 72,
            "unit_key": "L23H19C91"
          },
          {
            "channel": 8,
            "head": 15,
            "index": 1928,
            "layer": 26,
            "mean_abs_effect": 0.13521942281019828,
            "mean_combo_delta_value": -1.8206620653056436,
            "mean_direct_effect": 0.13398153424340353,
            "mean_output_dir_proj": -0.05773978203069419,
            "n_train_cases": 72,
            "unit_key": "L26H15C8"
          },
          {
            "channel": 14,
            "head": 19,
            "index": 2446,
            "layer": 26,
            "mean_abs_effect": 0.13384908188017744,
            "mean_combo_delta_value": -2.5071155454239085,
            "mean_direct_effect": 0.13348837719719128,
            "mean_output_dir_proj": -0.03243108398358648,
            "n_train_cases": 72,
            "unit_key": "L26H19C14"
          },
          {
            "channel": 8,
            "head": 24,
            "index": 3080,
            "layer": 26,
            "mean_abs_effect": 0.13457486275619038,
            "mean_combo_delta_value": 1.7026849778162108,
            "mean_direct_effect": 0.1303808612825937,
            "mean_output_dir_proj": 0.069751244245304,
            "n_train_cases": 72,
            "unit_key": "L26H24C8"
          },
          {
            "channel": 112,
            "head": 15,
            "index": 2032,
            "layer": 26,
            "mean_abs_effect": 0.14025057577378439,
            "mean_combo_delta_value": 1.3876755360720887,
            "mean_direct_effect": 0.1302751170966353,
            "mean_output_dir_proj": 0.07311431502199008,
            "n_train_cases": 72,
            "unit_key": "L26H15C112"
          },
          {
            "channel": 95,
            "head": 26,
            "index": 3423,
            "layer": 26,
            "mean_abs_effect": 0.14239852666540678,
            "mean_combo_delta_value": -2.216233477824264,
            "mean_direct_effect": 0.1271511328552347,
            "mean_output_dir_proj": -0.057058138236041285,
            "n_train_cases": 72,
            "unit_key": "L26H26C95"
          },
          {
            "channel": 41,
            "head": 26,
            "index": 3369,
            "layer": 26,
            "mean_abs_effect": 0.13906473590062793,
            "mean_combo_delta_value": -1.5454846951696608,
            "mean_direct_effect": 0.12564438441665313,
            "mean_output_dir_proj": -0.05893923053776638,
            "n_train_cases": 72,
            "unit_key": "L26H26C41"
          },
          {
            "channel": 69,
            "head": 11,
            "index": 1477,
            "layer": 23,
            "mean_abs_effect": 0.13206541834898108,
            "mean_combo_delta_value": -2.119389294025799,
            "mean_direct_effect": 0.12285292026472378,
            "mean_output_dir_proj": -0.051293835237932704,
            "n_train_cases": 72,
            "unit_key": "L23H11C69"
          },
          {
            "channel": 93,
            "head": 15,
            "index": 2013,
            "layer": 26,
            "mean_abs_effect": 0.12944533935768665,
            "mean_combo_delta_value": 1.4915860908933811,
            "mean_direct_effect": 0.11981850789531096,
            "mean_output_dir_proj": 0.05635835923021659,
            "n_train_cases": 72,
            "unit_key": "L26H15C93"
          },
          {
            "channel": 29,
            "head": 11,
            "index": 1437,
            "layer": 23,
            "mean_abs_effect": 0.1209088052656295,
            "mean_combo_delta_value": 2.262105063535273,
            "mean_direct_effect": 0.11922083087979678,
            "mean_output_dir_proj": 0.03359561614666341,
            "n_train_cases": 72,
            "unit_key": "L23H11C29"
          },
          {
            "channel": 22,
            "head": 15,
            "index": 1942,
            "layer": 26,
            "mean_abs_effect": 0.12206244645805334,
            "mean_combo_delta_value": -2.897231178720378,
            "mean_direct_effect": 0.118527703527461,
            "mean_output_dir_proj": -0.02322390125482343,
            "n_train_cases": 72,
            "unit_key": "L26H15C22"
          },
          {
            "channel": 15,
            "head": 26,
            "index": 3343,
            "layer": 26,
            "mean_abs_effect": 0.12011223661353353,
            "mean_combo_delta_value": -1.6642066612839699,
            "mean_direct_effect": 0.11811527052440741,
            "mean_output_dir_proj": -0.06995483233024263,
            "n_train_cases": 72,
            "unit_key": "L26H26C15"
          },
          {
            "channel": 104,
            "head": 17,
            "index": 2280,
            "layer": 27,
            "mean_abs_effect": 0.12068921550049769,
            "mean_combo_delta_value": -2.0536511739095054,
            "mean_direct_effect": 0.11770093396016905,
            "mean_output_dir_proj": -0.026977257505576644,
            "n_train_cases": 72,
            "unit_key": "L27H17C104"
          },
          {
            "channel": 68,
            "head": 19,
            "index": 2500,
            "layer": 26,
            "mean_abs_effect": 0.11842318613627834,
            "mean_combo_delta_value": -2.1110344839592776,
            "mean_direct_effect": 0.11715307481439267,
            "mean_output_dir_proj": -0.03806839056778699,
            "n_train_cases": 72,
            "unit_key": "L26H19C68"
          },
          {
            "channel": 100,
            "head": 19,
            "index": 2532,
            "layer": 23,
            "mean_abs_effect": 0.12605030476165452,
            "mean_combo_delta_value": -1.3485168235169516,
            "mean_direct_effect": 0.11675759943585778,
            "mean_output_dir_proj": -0.07038723253127602,
            "n_train_cases": 72,
            "unit_key": "L23H19C100"
          },
          {
            "channel": 84,
            "head": 15,
            "index": 2004,
            "layer": 26,
            "mean_abs_effect": 0.11775945127731588,
            "mean_combo_delta_value": -4.37864355970588,
            "mean_direct_effect": 0.11671899036019735,
            "mean_output_dir_proj": -0.017251433565333072,
            "n_train_cases": 72,
            "unit_key": "L26H15C84"
          },
          {
            "channel": 79,
            "head": 19,
            "index": 2511,
            "layer": 26,
            "mean_abs_effect": 0.11554576296257141,
            "mean_combo_delta_value": 1.710752253834572,
            "mean_direct_effect": 0.11488325295451836,
            "mean_output_dir_proj": 0.039369304166434124,
            "n_train_cases": 72,
            "unit_key": "L26H19C79"
          },
          {
            "channel": 101,
            "head": 19,
            "index": 2533,
            "layer": 26,
            "mean_abs_effect": 0.1148342033956838,
            "mean_combo_delta_value": 2.4289975797421195,
            "mean_direct_effect": 0.11466873527994124,
            "mean_output_dir_proj": 0.027923698220143303,
            "n_train_cases": 72,
            "unit_key": "L26H19C101"
          },
          {
            "channel": 73,
            "head": 26,
            "index": 3401,
            "layer": 26,
            "mean_abs_effect": 0.1218776815450486,
            "mean_combo_delta_value": -1.4043319953812494,
            "mean_direct_effect": 0.1146595832278347,
            "mean_output_dir_proj": -0.07127255799585125,
            "n_train_cases": 72,
            "unit_key": "L26H26C73"
          },
          {
            "channel": 1,
            "head": 24,
            "index": 3073,
            "layer": 26,
            "mean_abs_effect": 0.12594995012817684,
            "mean_combo_delta_value": 2.3856877585252128,
            "mean_direct_effect": 0.11398914214110764,
            "mean_output_dir_proj": 0.049796029252724514,
            "n_train_cases": 72,
            "unit_key": "L26H24C1"
          },
          {
            "channel": 30,
            "head": 19,
            "index": 2462,
            "layer": 26,
            "mean_abs_effect": 0.114851820712124,
            "mean_combo_delta_value": 2.8243122571665378,
            "mean_direct_effect": 0.11361666669575718,
            "mean_output_dir_proj": 0.032547546692916915,
            "n_train_cases": 72,
            "unit_key": "L26H19C30"
          },
          {
            "channel": 50,
            "head": 11,
            "index": 1458,
            "layer": 23,
            "mean_abs_effect": 0.12567632558757405,
            "mean_combo_delta_value": -1.3604640401899815,
            "mean_direct_effect": 0.11246333121125013,
            "mean_output_dir_proj": -0.026036867645517405,
            "n_train_cases": 72,
            "unit_key": "L23H11C50"
          },
          {
            "channel": 101,
            "head": 15,
            "index": 2021,
            "layer": 26,
            "mean_abs_effect": 0.11335501940133584,
            "mean_combo_delta_value": 3.8631041128990344,
            "mean_direct_effect": 0.11211766709284318,
            "mean_output_dir_proj": 0.01208601063343748,
            "n_train_cases": 72,
            "unit_key": "L26H15C101"
          },
          {
            "channel": 1,
            "head": 26,
            "index": 3329,
            "layer": 26,
            "mean_abs_effect": 0.11647156180131862,
            "mean_combo_delta_value": 2.239373972846402,
            "mean_direct_effect": 0.11210150732527528,
            "mean_output_dir_proj": 0.04570937801488779,
            "n_train_cases": 72,
            "unit_key": "L26H26C1"
          },
          {
            "channel": 34,
            "head": 2,
            "index": 290,
            "layer": 27,
            "mean_abs_effect": 0.11520596562547286,
            "mean_combo_delta_value": 1.1825712670882542,
            "mean_direct_effect": 0.11195070854058652,
            "mean_output_dir_proj": 0.05712392076384276,
            "n_train_cases": 72,
            "unit_key": "L27H2C34"
          },
          {
            "channel": 88,
            "head": 26,
            "index": 3416,
            "layer": 26,
            "mean_abs_effect": 0.13422903153341148,
            "mean_combo_delta_value": -1.5384295276469655,
            "mean_direct_effect": 0.11180825791701388,
            "mean_output_dir_proj": -0.052230820674190506,
            "n_train_cases": 72,
            "unit_key": "L26H26C88"
          },
          {
            "channel": 7,
            "head": 24,
            "index": 3079,
            "layer": 26,
            "mean_abs_effect": 0.11372461517438343,
            "mean_combo_delta_value": 1.9850716822677188,
            "mean_direct_effect": 0.1111460872093841,
            "mean_output_dir_proj": 0.05668716492234833,
            "n_train_cases": 72,
            "unit_key": "L26H24C7"
          },
          {
            "channel": 88,
            "head": 23,
            "index": 3032,
            "layer": 26,
            "mean_abs_effect": 0.12204628019154375,
            "mean_combo_delta_value": -1.342395669884152,
            "mean_direct_effect": 0.11046769049491671,
            "mean_output_dir_proj": -0.04814528732094914,
            "n_train_cases": 72,
            "unit_key": "L26H23C88"
          },
          {
            "channel": 57,
            "head": 19,
            "index": 2489,
            "layer": 26,
            "mean_abs_effect": 0.11081995477971508,
            "mean_combo_delta_value": -2.0005781137280993,
            "mean_direct_effect": 0.1099020198817993,
            "mean_output_dir_proj": -0.031855190043441124,
            "n_train_cases": 72,
            "unit_key": "L26H19C57"
          },
          {
            "channel": 13,
            "head": 2,
            "index": 269,
            "layer": 27,
            "mean_abs_effect": 0.11191426846182304,
            "mean_combo_delta_value": -1.2849938091304567,
            "mean_direct_effect": 0.10986160445479481,
            "mean_output_dir_proj": -0.0379814722109586,
            "n_train_cases": 72,
            "unit_key": "L27H2C13"
          }
        ],
        "unrelated_pairs": 38
      }
    ],
    "model": "deepseek7b",
    "n_paired_cases": 72,
    "n_rows": 836
  },
  "timestamp": "2026-06-26 18:43:53",
  "title": "First-Token-Disjoint Identity Competition Audit",
  "top_heads": 32,
  "transfer_layers": [
    23,
    24,
    25,
    26,
    27
  ]
}
