[07:28:47] deepseek7b/confirm: pairs=10 target=hidden_28 audits=2 combo_candidates=3
[07:28:48] [load] deepseek7b: bf16 device_map=auto attn=eager quantization=off
`torch_dtype` is deprecated! Use `dtype` instead!
Loading weights:   0%|          | 0/339 [00:00<?, ?it/s]Loading weights:   2%|▏         | 6/339 [00:00<00:05, 57.49it/s]Loading weights:  12%|█▏        | 41/339 [00:00<00:01, 213.73it/s]Loading weights:  19%|█▉        | 66/339 [00:00<00:01, 214.36it/s]Loading weights:  30%|███       | 102/339 [00:00<00:00, 259.47it/s]Loading weights:  40%|███▉      | 134/339 [00:00<00:00, 260.41it/s]Loading weights:  51%|█████     | 173/339 [00:00<00:00, 296.71it/s]Loading weights:  60%|█████▉    | 203/339 [00:00<00:00, 290.20it/s]Loading weights:  69%|██████▊   | 233/339 [00:00<00:00, 278.45it/s]Loading weights:  77%|███████▋  | 262/339 [00:00<00:00, 279.37it/s]Loading weights:  86%|████████▌ | 291/339 [00:01<00:00, 268.41it/s]Loading weights:  94%|█████████▍| 318/339 [00:01<00:00, 256.87it/s]Loading weights: 100%|██████████| 339/339 [00:01<00:00, 264.93it/s]
[07:28:49] [load] deepseek7b: loaded eager, device=cuda:0, gpu=15.23GB
[07:28:59] deepseek7b: combined closure 3/10 pairs; rows=60
[07:29:07] deepseek7b: combined closure 6/10 pairs; rows=120
[07:29:16] deepseek7b: combined closure 9/10 pairs; rows=180
[07:29:19] deepseek7b: combined closure 10/10 pairs; rows=200
[model_utils] GPU memory released, allocated=15.24 GB
{
  "model": "deepseek7b",
  "round": "confirm",
  "target_site": "hidden_28",
  "ranked_candidates": [
    {
      "component_id": "L26:attn_out",
      "layer": 26,
      "component": "attn_out",
      "phase741_joint_add_effect": 0.3100355371735994,
      "phase741_joint_add_fraction": 0.3276488426991234,
      "phase741_target_top1_rate": 0.0,
      "phase740_mean_patched_fraction": 0.05719511961941759,
      "phase740_mean_donor_fraction": 2.5941364463811385
    },
    {
      "component_id": "L27:attn_out",
      "layer": 27,
      "component": "attn_out",
      "phase741_joint_add_effect": 0.21130354358631293,
      "phase741_joint_add_fraction": 0.22891685099706435,
      "phase741_target_top1_rate": 0.0,
      "phase740_mean_patched_fraction": 0.028992483721936087,
      "phase740_mean_donor_fraction": 1.8331010374867347
    },
    {
      "component_id": "L27:mlp_out",
      "layer": 27,
      "component": "mlp_out",
      "phase741_joint_add_effect": 0.03446649977325627,
      "phase741_joint_add_fraction": 0.05207981140564784,
      "phase741_target_top1_rate": 0.0,
      "phase740_mean_patched_fraction": 0.037053610562865165,
      "phase740_mean_donor_fraction": 0.24532093815331618
    }
  ],
  "condition_summary": [
    {
      "condition": "joint_base",
      "combo_k": 0,
      "combo_components": [],
      "n": 20,
      "mean_fraction_of_threshold": 0.017613306561618712,
      "mean_effect_vs_joint_fraction": 0.0,
      "mean_effect_vs_donor_fraction": -0.9805072756016923,
      "mean_target_rank": 1400.05,
      "target_top1_rate": 0.0,
      "mean_margin_donor_vs_top": -9.8630859375,
      "top_token_counts": {
        " tool": 1,
        " category": 1,
        " blue": 2,
        " red": 1,
        " bitter": 2,
        " sweet": 3,
        " yellow": 1,
        " carrot": 1,
        " vegetable": 1,
        " The": 2,
        " orange": 1,
        " stone": 1,
        " object": 1,
        " gray": 1,
        " none": 1
      },
      "expected_add_effect_sum": 0
    },
    {
      "condition": "donor_erase_top1",
      "combo_k": 1,
      "combo_components": [
        "L26:attn_out"
      ],
      "n": 20,
      "mean_fraction_of_threshold": 0.6781157735790686,
      "mean_effect_vs_joint_fraction": 0.660502474184151,
      "mean_effect_vs_donor_fraction": -0.32000480192874814,
      "mean_target_rank": 4.8,
      "target_top1_rate": 0.25,
      "mean_margin_donor_vs_top": -1.484375,
      "top_token_counts": {
        " category": 2,
        " The": 10,
        " yellow": 1,
        " bitter": 1,
        " carrot": 2,
        " orange": 1,
        " object": 1,
        " stone": 1,
        " none": 1
      },
      "expected_add_effect_sum": 0.3100355371735994
    },
    {
      "condition": "joint_add_top1",
      "combo_k": 1,
      "combo_components": [
        "L26:attn_out"
      ],
      "n": 20,
      "mean_fraction_of_threshold": 0.3276488426991234,
      "mean_effect_vs_joint_fraction": 0.3100355371735994,
      "mean_effect_vs_donor_fraction": -0.6704717309392609,
      "mean_target_rank": 36.5,
      "target_top1_rate": 0.0,
      "mean_margin_donor_vs_top": -5.125,
      "top_token_counts": {
        " category": 2,
        " The": 10,
        " yellow": 1,
        " carrot": 2,
        " orange": 1,
        " stone": 1,
        " object": 1,
        " gray": 1,
        " none": 1
      },
      "expected_add_effect_sum": 0.3100355371735994
    },
    {
      "condition": "recipient_add_top1",
      "combo_k": 1,
      "combo_components": [
        "L26:attn_out"
      ],
      "n": 20,
      "mean_fraction_of_threshold": 0.3077823032438146,
      "mean_effect_vs_joint_fraction": 0.29016899189324363,
      "mean_effect_vs_donor_fraction": -0.6903382788747845,
      "mean_target_rank": 39.1,
      "target_top1_rate": 0.0,
      "mean_margin_donor_vs_top": -5.271875,
      "top_token_counts": {
        " category": 2,
        " The": 10,
        " yellow": 1,
        " bitter": 1,
        " carrot": 2,
        " orange": 1,
        " stone": 1,
        " object": 1,
        " none": 1
      },
      "expected_add_effect_sum": 0.3100355371735994
    },
    {
      "condition": "donor_erase_top2",
      "combo_k": 2,
      "combo_components": [
        "L26:attn_out",
        "L27:attn_out"
      ],
      "n": 20,
      "mean_fraction_of_threshold": 0.4666352847254246,
      "mean_effect_vs_joint_fraction": 0.4490219835263424,
      "mean_effect_vs_donor_fraction": -0.5314852930905757,
      "mean_target_rank": 22.55,
      "target_top1_rate": 0.05,
      "mean_margin_donor_vs_top": -3.51875,
      "top_token_counts": {
        " category": 2,
        " The": 10,
        " ?\n": 1,
        " carrot": 2,
        " orange": 1,
        " stone": 2,
        " gray": 1,
        " none": 1
      },
      "expected_add_effect_sum": 0.5213390807599123
    },
    {
      "condition": "joint_add_top2",
      "combo_k": 2,
      "combo_components": [
        "L26:attn_out",
        "L27:attn_out"
      ],
      "n": 20,
      "mean_fraction_of_threshold": 0.5534108944600635,
      "mean_effect_vs_joint_fraction": 0.5357975880286567,
      "mean_effect_vs_donor_fraction": -0.44470968360722,
      "mean_target_rank": 10.1,
      "target_top1_rate": 0.1,
      "mean_margin_donor_vs_top": -2.5125,
      "top_token_counts": {
        " category": 2,
        " The": 10,
        " carrot": 2,
        " orange": 1,
        " __": 1,
        " stone": 2,
        " gray": 1,
        " none": 1
      },
      "expected_add_effect_sum": 0.5213390807599123
    },
    {
      "condition": "recipient_add_top2",
      "combo_k": 2,
      "combo_components": [
        "L26:attn_out",
        "L27:attn_out"
      ],
      "n": 20,
      "mean_fraction_of_threshold": 0.5318862725502027,
      "mean_effect_vs_joint_fraction": 0.5142729638919299,
      "mean_effect_vs_donor_fraction": -0.4662343112023063,
      "mean_target_rank": 11.2,
      "target_top1_rate": 0.1,
      "mean_margin_donor_vs_top": -2.71875,
      "top_token_counts": {
        " category": 2,
        " The": 11,
        " carrot": 2,
        " orange": 1,
        " stone": 2,
        " gray": 1,
        " none": 1
      },
      "expected_add_effect_sum": 0.5213390807599123
    },
    {
      "condition": "donor_erase_top3",
      "combo_k": 3,
      "combo_components": [
        "L26:attn_out",
        "L27:attn_out",
        "L27:mlp_out"
      ],
      "n": 20,
      "mean_fraction_of_threshold": 0.4083900058015243,
      "mean_effect_vs_joint_fraction": 0.39077670832460154,
      "mean_effect_vs_donor_fraction": -0.5897305791382983,
      "mean_target_rank": 49.0,
      "target_top1_rate": 0.0,
      "mean_margin_donor_vs_top": -4.7875,
      "top_token_counts": {
        " category": 2,
        " The": 10,
        " ?\n\n": 2,
        " ?\n": 1,
        " carrot": 2,
        " orange": 1,
        " stone": 1,
        " __": 1
      },
      "expected_add_effect_sum": 0.5558055805331685
    },
    {
      "condition": "joint_add_top3",
      "combo_k": 3,
      "combo_components": [
        "L26:attn_out",
        "L27:attn_out",
        "L27:mlp_out"
      ],
      "n": 20,
      "mean_fraction_of_threshold": 0.5866237425531351,
      "mean_effect_vs_joint_fraction": 0.5690104373036162,
      "mean_effect_vs_donor_fraction": -0.4114968347866398,
      "mean_target_rank": 9.3,
      "target_top1_rate": 0.05,
      "mean_margin_donor_vs_top": -2.35625,
      "top_token_counts": {
        " category": 2,
        " ?\n\n": 1,
        " The": 9,
        " taste": 2,
        " carrot": 2,
        " orange": 1,
        " stone": 1,
        " object": 1,
        " __": 1
      },
      "expected_add_effect_sum": 0.5558055805331685
    },
    {
      "condition": "recipient_add_top3",
      "combo_k": 3,
      "combo_components": [
        "L26:attn_out",
        "L27:attn_out",
        "L27:mlp_out"
      ],
      "n": 20,
      "mean_fraction_of_threshold": 0.5657674073591,
      "mean_effect_vs_joint_fraction": 0.5481541072164469,
      "mean_effect_vs_donor_fraction": -0.4323531722965551,
      "mean_target_rank": 9.7,
      "target_top1_rate": 0.1,
      "mean_margin_donor_vs_top": -2.63125,
      "top_token_counts": {
        " category": 2,
        " ?\n\n": 1,
        " The": 9,
        " taste": 2,
        " carrot": 2,
        " orange": 1,
        " object": 1,
        " gray": 1,
        " none": 1
      },
      "expected_add_effect_sum": 0.5558055805331685
    }
  ]
}
