[07:28:08] glm4/confirm: pairs=10 target=hidden_40 audits=2 combo_candidates=3
[07:28:09] [load] glm4: bf16 device_map=auto attn=eager quantization=off
`torch_dtype` is deprecated! Use `dtype` instead!
Loading weights:   0%|          | 0/443 [00:00<?, ?it/s]Loading weights:   0%|          | 2/443 [00:00<00:24, 18.24it/s]Loading weights:   6%|▌         | 27/443 [00:00<00:02, 141.04it/s]Loading weights:  12%|█▏        | 55/443 [00:00<00:02, 190.98it/s]Loading weights:  20%|█▉        | 87/443 [00:00<00:01, 236.43it/s]Loading weights:  28%|██▊       | 124/443 [00:00<00:01, 272.39it/s]Loading weights:  36%|███▌      | 159/443 [00:00<00:00, 291.22it/s]Loading weights:  43%|████▎     | 192/443 [00:00<00:00, 296.60it/s]Loading weights:  51%|█████     | 224/443 [00:00<00:00, 293.43it/s]Loading weights:  57%|█████▋    | 254/443 [00:00<00:00, 278.26it/s]Loading weights:  65%|██████▌   | 290/443 [00:01<00:00, 301.19it/s]Loading weights:  72%|███████▏  | 321/443 [00:01<00:00, 297.89it/s]Loading weights:  81%|████████  | 357/443 [00:01<00:00, 308.30it/s]Loading weights:  88%|████████▊ | 390/443 [00:01<00:00, 314.06it/s]Loading weights:  95%|█████████▌| 423/443 [00:01<00:00, 313.36it/s]Loading weights: 100%|██████████| 443/443 [00:01<00:00, 284.82it/s]
[07:28:11] [load] glm4: loaded eager, device=cuda:0, gpu=18.80GB
[07:28:22] glm4: combined closure 3/10 pairs; rows=60
[07:28:32] glm4: combined closure 6/10 pairs; rows=120
[07:28:42] glm4: combined closure 9/10 pairs; rows=180
[07:28:45] glm4: combined closure 10/10 pairs; rows=200
[model_utils] GPU memory released, allocated=18.81 GB
{
  "model": "glm4",
  "round": "confirm",
  "target_site": "hidden_40",
  "ranked_candidates": [
    {
      "component_id": "L38:mlp_out",
      "layer": 38,
      "component": "mlp_out",
      "phase741_joint_add_effect": 0.6707513981327047,
      "phase741_joint_add_fraction": 0.699895211424984,
      "phase741_target_top1_rate": 0.2,
      "phase740_mean_patched_fraction": 0.04181411292136393,
      "phase740_mean_donor_fraction": 1.0458718891793892
    },
    {
      "component_id": "L39:mlp_out",
      "layer": 39,
      "component": "mlp_out",
      "phase741_joint_add_effect": 0.20442254623899006,
      "phase741_joint_add_fraction": 0.233566358680604,
      "phase741_target_top1_rate": 0.0,
      "phase740_mean_patched_fraction": 0.004088608673849683,
      "phase740_mean_donor_fraction": 0.31188196308309846
    },
    {
      "component_id": "L37:mlp_out",
      "layer": 37,
      "component": "mlp_out",
      "phase741_joint_add_effect": 0.05260005221698597,
      "phase741_joint_add_fraction": 0.08174386849240683,
      "phase741_target_top1_rate": 0.0,
      "phase740_mean_patched_fraction": 0.0003999503792660739,
      "phase740_mean_donor_fraction": 0.05889259273735783
    }
  ],
  "condition_summary": [
    {
      "condition": "joint_base",
      "combo_k": 0,
      "combo_components": [],
      "n": 20,
      "mean_fraction_of_threshold": 0.029143816533258437,
      "mean_effect_vs_joint_fraction": 0.0,
      "mean_effect_vs_donor_fraction": -1.8849707994066773,
      "mean_target_rank": 76.7,
      "target_top1_rate": 0.0,
      "mean_margin_donor_vs_top": -7.825,
      "top_token_counts": {
        " tool": 2,
        " blue": 4,
        " bitter": 4,
        " fruit": 4,
        " purple": 2,
        " yellow": 2,
        " sweet": 2
      },
      "expected_add_effect_sum": 0
    },
    {
      "condition": "donor_erase_top1",
      "combo_k": 1,
      "combo_components": [
        "L38:mlp_out"
      ],
      "n": 20,
      "mean_fraction_of_threshold": 1.236375572468139,
      "mean_effect_vs_joint_fraction": 1.2072317684530227,
      "mean_effect_vs_donor_fraction": -0.677739092082974,
      "mean_target_rank": 1.0,
      "target_top1_rate": 1.0,
      "mean_margin_donor_vs_top": 0.0,
      "top_token_counts": {
        " fruit": 2,
        " red": 2,
        " sweet": 4,
        " yellow": 2,
        " vegetable": 2,
        " orange": 2,
        " object": 2,
        " gray": 2,
        " none": 2
      },
      "expected_add_effect_sum": 0.6707513981327047
    },
    {
      "condition": "joint_add_top1",
      "combo_k": 1,
      "combo_components": [
        "L38:mlp_out"
      ],
      "n": 20,
      "mean_fraction_of_threshold": 0.699895211424984,
      "mean_effect_vs_joint_fraction": 0.6707513981327047,
      "mean_effect_vs_donor_fraction": -1.2142194091198364,
      "mean_target_rank": 3.65,
      "target_top1_rate": 0.2,
      "mean_margin_donor_vs_top": -1.678125,
      "top_token_counts": {
        " fruit": 2,
        " blue": 4,
        " bitter": 4,
        " vegetable": 2,
        " purple": 2,
        " stone": 2,
        " yellow": 2,
        " sweet": 2
      },
      "expected_add_effect_sum": 0.6707513981327047
    },
    {
      "condition": "recipient_add_top1",
      "combo_k": 1,
      "combo_components": [
        "L38:mlp_out"
      ],
      "n": 20,
      "mean_fraction_of_threshold": 0.6718112012454361,
      "mean_effect_vs_joint_fraction": 0.6426673877984425,
      "mean_effect_vs_donor_fraction": -1.2423034438702054,
      "mean_target_rank": 4.1,
      "target_top1_rate": 0.2,
      "mean_margin_donor_vs_top": -1.871875,
      "top_token_counts": {
        " fruit": 2,
        " blue": 4,
        " bitter": 4,
        " vegetable": 2,
        " purple": 2,
        " stone": 2,
        " yellow": 2,
        " sweet": 2
      },
      "expected_add_effect_sum": 0.6707513981327047
    },
    {
      "condition": "donor_erase_top2",
      "combo_k": 2,
      "combo_components": [
        "L38:mlp_out",
        "L39:mlp_out"
      ],
      "n": 20,
      "mean_fraction_of_threshold": 1.1240103603252287,
      "mean_effect_vs_joint_fraction": 1.0948665423246218,
      "mean_effect_vs_donor_fraction": -0.7901043195446191,
      "mean_target_rank": 1.1,
      "target_top1_rate": 0.9,
      "mean_margin_donor_vs_top": -0.05,
      "top_token_counts": {
        " fruit": 2,
        " red": 2,
        " sweet": 4,
        " yellow": 2,
        " vegetable": 2,
        " orange": 2,
        " object": 2,
        " gray": 2,
        " taste": 2
      },
      "expected_add_effect_sum": 0.8751739443716947
    },
    {
      "condition": "joint_add_top2",
      "combo_k": 2,
      "combo_components": [
        "L38:mlp_out",
        "L39:mlp_out"
      ],
      "n": 20,
      "mean_fraction_of_threshold": 0.8769833497456891,
      "mean_effect_vs_joint_fraction": 0.8478395339391135,
      "mean_effect_vs_donor_fraction": -1.0371313030333416,
      "mean_target_rank": 3.05,
      "target_top1_rate": 0.3,
      "mean_margin_donor_vs_top": -1.115625,
      "top_token_counts": {
        " fruit": 2,
        " blue": 4,
        " B": 4,
        " vegetable": 2,
        " orange": 2,
        " stone": 4,
        " taste": 2
      },
      "expected_add_effect_sum": 0.8751739443716947
    },
    {
      "condition": "recipient_add_top2",
      "combo_k": 2,
      "combo_components": [
        "L38:mlp_out",
        "L39:mlp_out"
      ],
      "n": 20,
      "mean_fraction_of_threshold": 0.8509632481164242,
      "mean_effect_vs_joint_fraction": 0.8218194412033476,
      "mean_effect_vs_donor_fraction": -1.0631514146237233,
      "mean_target_rank": 3.4,
      "target_top1_rate": 0.3,
      "mean_margin_donor_vs_top": -1.23125,
      "top_token_counts": {
        " fruit": 2,
        " blue": 4,
        " B": 4,
        " vegetable": 2,
        " orange": 2,
        " stone": 2,
        " yellow": 2,
        " taste": 2
      },
      "expected_add_effect_sum": 0.8751739443716947
    },
    {
      "condition": "donor_erase_top3",
      "combo_k": 3,
      "combo_components": [
        "L38:mlp_out",
        "L39:mlp_out",
        "L37:mlp_out"
      ],
      "n": 20,
      "mean_fraction_of_threshold": 1.0904221652351394,
      "mean_effect_vs_joint_fraction": 1.0612783790805076,
      "mean_effect_vs_donor_fraction": -0.8236924635243221,
      "mean_target_rank": 1.1,
      "target_top1_rate": 0.9,
      "mean_margin_donor_vs_top": -0.0875,
      "top_token_counts": {
        " fruit": 2,
        " red": 2,
        " sweet": 4,
        " yellow": 2,
        " vegetable": 2,
        " orange": 2,
        " object": 2,
        " gray": 2,
        " taste": 2
      },
      "expected_add_effect_sum": 0.9277739965886808
    },
    {
      "condition": "joint_add_top3",
      "combo_k": 3,
      "combo_components": [
        "L38:mlp_out",
        "L39:mlp_out",
        "L37:mlp_out"
      ],
      "n": 20,
      "mean_fraction_of_threshold": 0.9305171224660453,
      "mean_effect_vs_joint_fraction": 0.9013732723956824,
      "mean_effect_vs_donor_fraction": -0.9835975530070777,
      "mean_target_rank": 2.75,
      "target_top1_rate": 0.5,
      "mean_margin_donor_vs_top": -0.70625,
      "top_token_counts": {
        " fruit": 2,
        " red": 2,
        " B": 4,
        " yellow": 2,
        " vegetable": 2,
        " orange": 2,
        " stone": 5,
        " taste": 1
      },
      "expected_add_effect_sum": 0.9277739965886808
    },
    {
      "condition": "recipient_add_top3",
      "combo_k": 3,
      "combo_components": [
        "L38:mlp_out",
        "L39:mlp_out",
        "L37:mlp_out"
      ],
      "n": 20,
      "mean_fraction_of_threshold": 0.9062617696777634,
      "mean_effect_vs_joint_fraction": 0.8771179572557142,
      "mean_effect_vs_donor_fraction": -1.0078529254116897,
      "mean_target_rank": 3.3,
      "target_top1_rate": 0.3,
      "mean_margin_donor_vs_top": -0.83125,
      "top_token_counts": {
        " fruit": 2,
        " blue": 4,
        " B": 4,
        " vegetable": 2,
        " orange": 2,
        " stone": 6
      },
      "expected_add_effect_sum": 0.9277739965886808
    }
  ]
}
