2026-05-29T17:44:18+08:00 rankrank-4090D kernel: audit: type=1326 audit(1780047858.275:978): auid=1000 uid=1000 gid=1000 ses=1 subj=snap.notepad-plus-plus.notepad-plus-plus pid=6466 comm="wineserver" exe="/snap/notepad-plus-plus/412/wine-platform/wine-devel/bin/wineserver" sig=0 arch=c000003e syscall=203 compat=0 ip=0x76e0b5caee3b code=0x50000
2026-05-29T17:44:18+08:00 rankrank-4090D kernel: audit: type=1326 audit(1780047858.277:979): auid=1000 uid=1000 gid=1000 ses=1 subj=snap.notepad-plus-plus.notepad-plus-plus pid=6466 comm="wineserver" exe="/snap/notepad-plus-plus/412/wine-platform/wine-devel/bin/wineserver" sig=0 arch=c000003e syscall=203 compat=0 ip=0x76e0b5caee3b code=0x50000
2026-05-29T17:44:37+08:00 rankrank-4090D kernel: audit: type=1326 audit(1780047877.929:980): auid=1000 uid=1000 gid=1000 ses=1 subj=snap.notepad-plus-plus.notepad-plus-plus pid=6466 comm="wineserver" exe="/snap/notepad-plus-plus/412/wine-platform/wine-devel/bin/wineserver" sig=0 arch=c000003e syscall=203 compat=0 ip=0x76e0b5caee3b code=0x50000
2026-05-29T17:44:37+08:00 rankrank-4090D kernel: audit: type=1326 audit(1780047877.930:981): auid=1000 uid=1000 gid=1000 ses=1 subj=snap.notepad-plus-plus.notepad-plus-plus pid=6466 comm="wineserver" exe="/snap/notepad-plus-plus/412/wine-platform/wine-devel/bin/wineserver" sig=0 arch=c000003e syscall=203 compat=0 ip=0x76e0b5caee3b code=0x50000
2026-05-29T17:45:10+08:00 rankrank-4090D kernel: audit: type=1326 audit(1780047910.039:982): auid=1000 uid=1000 gid=1000 ses=1 subj=snap.notepad-plus-plus.notepad-plus-plus pid=6466 comm="wineserver" exe="/snap/notepad-plus-plus/412/wine-platform/wine-devel/bin/wineserver" sig=0 arch=c000003e syscall=203 compat=0 ip=0x76e0b5caee3b code=0x50000
2026-05-29T17:45:10+08:00 rankrank-4090D kernel: audit: type=1326 audit(1780047910.040:983): auid=1000 uid=1000 gid=1000 ses=1 subj=snap.notepad-plus-plus.notepad-plus-plus pid=6466 comm="wineserver" exe="/snap/notepad-plus-plus/412/wine-platform/wine-devel/bin/wineserver" sig=0 arch=c000003e syscall=203 compat=0 ip=0x76e0b5caee3b code=0x50000
2026-05-29T17:45:12+08:00 rankrank-4090D kernel: audit: type=1326 audit(1780047912.856:984): auid=1000 uid=1000 gid=1000 ses=1 subj=snap.notepad-plus-plus.notepad-plus-plus pid=6466 comm="wineserver" exe="/snap/notepad-plus-plus/412/wine-platform/wine-devel/bin/wineserver" sig=0 arch=c000003e syscall=203 compat=0 ip=0x76e0b5caee3b code=0x50000
2026-05-29T17:45:12+08:00 rankrank-4090D kernel: audit: type=1326 audit(1780047912.857:985): auid=1000 uid=1000 gid=1000 ses=1 subj=snap.notepad-plus-plus.notepad-plus-plus pid=6466 comm="wineserver" exe="/snap/notepad-plus-plus/412/wine-platform/wine-devel/bin/wineserver" sig=0 arch=c000003e syscall=203 compat=0 ip=0x76e0b5caee3b code=0x50000
2026-05-29T17:45:18+08:00 rankrank-4090D kernel: audit: type=1400 audit(1780047918.916:986): apparmor="DENIED" operation="unlink" class="file" profile="snap.firefox.firefox" name="/dev/char/195:254" pid=4845 comm="CanvasRenderer" requested_mask="d" denied_mask="d" fsuid=1000 ouid=0
2026-05-29T17:45:18+08:00 rankrank-4090D kernel: audit: type=1400 audit(1780047918.923:987): apparmor="DENIED" operation="unlink" class="file" profile="snap.firefox.firefox" name="/dev/char/195:254" pid=4845 comm="CanvasRenderer" requested_mask="d" denied_mask="d" fsuid=1000 ouid=0
2026-05-29T17:51:19+08:00 rankrank-4090D kernel: NVRM: GPU at PCI:0000:01:00: GPU-299fe279-1c52-2255-d4ba-07d7bd2861d9
2026-05-29T17:51:19+08:00 rankrank-4090D kernel: NVRM: Xid (PCI:0000:01:00): 62, 023f0f30 00000000 00000000 202a53dc 20297b2a 00000000 00000000 00000000
2026-05-29T17:51:19+08:00 rankrank-4090D kernel: NVRM: Xid (PCI:0000:01:00): 45, pid=32059, name=python, channel 0x00000081
2026-05-29T17:51:48+08:00 rankrank-4090D kernel: NVRM: Xid (PCI:0000:01:00): 45, pid=32059, name=python, channel 0x00000082
2026-05-29T17:51:49+08:00 rankrank-4090D kernel: NVRM: Xid (PCI:0000:01:00): 45, pid=32059, name=python, channel 0x00000083
2026-05-29T17:51:49+08:00 rankrank-4090D kernel: NVRM: Xid (PCI:0000:01:00): 45, pid=32059, name=python, channel 0x00000084
2026-05-29T17:51:49+08:00 rankrank-4090D kernel: NVRM: Xid (PCI:0000:01:00): 45, pid=32059, name=python, channel 0x00000085
2026-05-29T17:51:49+08:00 rankrank-4090D kernel: NVRM: Xid (PCI:0000:01:00): 45, pid=32059, name=python, channel 0x00000086
2026-05-29T17:51:49+08:00 rankrank-4090D kernel: NVRM: Xid (PCI:0000:01:00): 45, pid=32059, name=python, channel 0x00000087
2026-05-29T17:51:49+08:00 rankrank-4090D kernel: NVRM: Xid (PCI:0000:01:00): 45, pid=32059, name=python, channel 0x00000088
2026-05-29T17:51:49+08:00 rankrank-4090D kernel: NVRM: Xid (PCI:0000:01:00): 154, GPU recovery action changed from 0x0 (None) to 0x1 (GPU Reset Required)
2026-05-29T17:51:59+08:00 rankrank-4090D kernel: NVRM: Xid (PCI:0000:01:00): 158, pid=29297, name=code, - timeout error waiting for NV_UFLUSH_FB_FLUSH = 0x2 cnt=13311055
2026-05-29T17:52:09+08:00 rankrank-4090D kernel: NVRM: Xid (PCI:0000:01:00): 158, pid=29297, name=code, - timeout error waiting for NV_UFLUSH_FB_FLUSH = 0x3 cnt=13309929
2026-05-29T17:52:09+08:00 rankrank-4090D kernel: NVRM: Xid (PCI:0000:01:00): 8, pid=32059, name=python, channel 0x00000081
2026-05-29T17:52:19+08:00 rankrank-4090D kernel: NVRM: Xid (PCI:0000:01:00): 158, pid=29297, name=code, - timeout error waiting for NV_UFLUSH_FB_FLUSH = 0x3 cnt=13300565
2026-05-29T17:52:29+08:00 rankrank-4090D kernel: NVRM: Xid (PCI:0000:01:00): 158, pid=29297, name=code, - timeout error waiting for NV_UFLUSH_FB_FLUSH = 0x3 cnt=13309519
2026-05-29T17:52:39+08:00 rankrank-4090D kernel: NVRM: Xid (PCI:0000:01:00): 158, pid=29297, name=code, - timeout error waiting for NV_UFLUSH_FB_FLUSH = 0x3 cnt=13304988
2026-05-29T17:52:39+08:00 rankrank-4090D kernel: NVRM: Xid (PCI:0000:01:00): 8, pid=32059, name=python, channel 0x00000081
2026-05-29T17:52:59+08:00 rankrank-4090D kernel: NVRM: Xid (PCI:0000:01:00): 158, - timeout error waiting for NV_UFLUSH_FB_FLUSH = 0x3 cnt=13351238
2026-05-29T17:53:09+08:00 rankrank-4090D kernel: NVRM: Xid (PCI:0000:01:00): 158, - timeout error waiting for NV_UFLUSH_FB_FLUSH = 0x3 cnt=13355791
2026-05-29T17:53:19+08:00 rankrank-4090D kernel: NVRM: Xid (PCI:0000:01:00): 158, - timeout error waiting for NV_UFLUSH_FB_FLUSH = 0x3 cnt=13347269
2026-05-29T17:53:21+08:00 rankrank-4090D kernel: perf: interrupt took too long (3141 > 3138), lowering kernel.perf_event_max_sample_rate to 63000
2026-05-29T17:53:29+08:00 rankrank-4090D kernel: NVRM: Xid (PCI:0000:01:00): 158, - timeout error waiting for NV_UFLUSH_FB_FLUSH = 0x3 cnt=13345354
2026-05-29T17:53:39+08:00 rankrank-4090D kernel: NVRM: Xid (PCI:0000:01:00): 158, - timeout error waiting for NV_UFLUSH_FB_FLUSH = 0x3 cnt=13403219
2026-05-29T17:53:49+08:00 rankrank-4090D kernel: NVRM: Xid (PCI:0000:01:00): 158, - timeout error waiting for NV_UFLUSH_FB_FLUSH = 0x3 cnt=13433350
2026-05-29T17:53:53+08:00 rankrank-4090D kernel: INFO: task nvtop:30906 blocked for more than 122 seconds.
2026-05-29T17:53:53+08:00 rankrank-4090D kernel:       Tainted: P           OE      6.8.0-117-generic #117-Ubuntu
2026-05-29T17:53:53+08:00 rankrank-4090D kernel: "echo 0 > /proc/sys/kernel/hung_task_timeout_secs" disables this message.
2026-05-29T17:53:53+08:00 rankrank-4090D kernel: task:nvtop           state:D stack:0     pid:30906 tgid:30906 ppid:30890  flags:0x00000002
2026-05-29T17:53:53+08:00 rankrank-4090D kernel: Call Trace:
2026-05-29T17:53:53+08:00 rankrank-4090D kernel:  <TASK>
2026-05-29T17:53:53+08:00 rankrank-4090D kernel:  __schedule+0x27c/0x6b0
2026-05-29T17:53:53+08:00 rankrank-4090D kernel:  schedule+0x33/0x110
2026-05-29T17:53:53+08:00 rankrank-4090D kernel:  schedule_preempt_disabled+0x15/0x30
2026-05-29T17:53:53+08:00 rankrank-4090D kernel:  rwsem_down_write_slowpath+0x27e/0x550
2026-05-29T17:53:53+08:00 rankrank-4090D kernel:  down_write+0x5c/0x80
2026-05-29T17:53:53+08:00 rankrank-4090D kernel:  os_acquire_rwlock_write+0x3c/0x70 [nvidia]
2026-05-29T17:53:53+08:00 rankrank-4090D kernel:  _nv049036rm+0x10/0x40 [nvidia]
2026-05-29T17:53:53+08:00 rankrank-4090D kernel:  ? _nv050454rm+0x27c/0x370 [nvidia]
2026-05-29T17:53:53+08:00 rankrank-4090D kernel:  ? _nv052256rm+0x54/0xd0 [nvidia]
2026-05-29T17:53:53+08:00 rankrank-4090D kernel:  ? _nv052187rm+0xa0/0x500 [nvidia]
2026-05-29T17:53:53+08:00 rankrank-4090D kernel:  ? _nv015641rm+0x424/0x680 [nvidia]
2026-05-29T17:53:53+08:00 rankrank-4090D kernel:  ? _nv050428rm+0x69/0xd0 [nvidia]
2026-05-29T17:53:53+08:00 rankrank-4090D kernel:  ? _nv013860rm+0x86/0xa0 [nvidia]
2026-05-29T17:53:53+08:00 rankrank-4090D kernel:  ? _nv000739rm+0x8a3/0xd00 [nvidia]
2026-05-29T17:53:53+08:00 rankrank-4090D kernel:  ? rm_ioctl+0x7f/0x400 [nvidia]
2026-05-29T17:53:53+08:00 rankrank-4090D kernel:  ? nvidia_unlocked_ioctl+0x80a/0xb80 [nvidia]
2026-05-29T17:53:53+08:00 rankrank-4090D kernel:  ? __x64_sys_ioctl+0xa0/0xf0
2026-05-29T17:53:53+08:00 rankrank-4090D kernel:  ? x64_sys_call+0x12a3/0x25a0
2026-05-29T17:53:53+08:00 rankrank-4090D kernel:  ? do_syscall_64+0x7f/0x180
2026-05-29T17:53:53+08:00 rankrank-4090D kernel:  ? update_load_avg+0x82/0x850
2026-05-29T17:53:53+08:00 rankrank-4090D kernel:  ? psi_group_change+0x25a/0x570
2026-05-29T17:53:53+08:00 rankrank-4090D kernel:  ? os_xsave+0x2e/0x70
2026-05-29T17:53:53+08:00 rankrank-4090D kernel:  ? finish_task_switch.isra.0+0x93/0x300
2026-05-29T17:53:53+08:00 rankrank-4090D kernel:  ? __schedule+0x284/0x6b0
2026-05-29T17:53:53+08:00 rankrank-4090D kernel:  ? schedule+0x33/0x110
2026-05-29T17:53:53+08:00 rankrank-4090D kernel:  ? do_nanosleep+0x65/0x150
2026-05-29T17:53:53+08:00 rankrank-4090D kernel:  ? rseq_get_rseq_cs+0x22/0x280
2026-05-29T17:53:53+08:00 rankrank-4090D kernel:  ? rseq_ip_fixup+0x90/0x170
2026-05-29T17:53:53+08:00 rankrank-4090D kernel:  ? restore_fpregs_from_fpstate+0x3d/0xd0
2026-05-29T17:53:53+08:00 rankrank-4090D kernel:  ? switch_fpu_return+0x55/0xf0
2026-05-29T17:53:53+08:00 rankrank-4090D kernel:  ? arch_exit_to_user_mode_prepare.isra.0+0x95/0xe0
2026-05-29T17:53:53+08:00 rankrank-4090D kernel:  ? syscall_exit_to_user_mode+0x43/0x1e0
2026-05-29T17:53:53+08:00 rankrank-4090D kernel:  ? do_syscall_64+0x8c/0x180
2026-05-29T17:53:53+08:00 rankrank-4090D kernel:  ? syscall_exit_to_user_mode+0x43/0x1e0
2026-05-29T17:53:53+08:00 rankrank-4090D kernel:  ? do_syscall_64+0x8c/0x180
2026-05-29T17:53:53+08:00 rankrank-4090D kernel:  ? do_syscall_64+0x8c/0x180
2026-05-29T17:53:53+08:00 rankrank-4090D kernel:  ? irqentry_exit+0x43/0x50
2026-05-29T17:53:53+08:00 rankrank-4090D kernel:  ? entry_SYSCALL_64_after_hwframe+0x78/0x80
2026-05-29T17:53:53+08:00 rankrank-4090D kernel:  </TASK>
2026-05-29T17:53:53+08:00 rankrank-4090D kernel: INFO: task python:32071 blocked for more than 122 seconds.
2026-05-29T17:53:53+08:00 rankrank-4090D kernel:       Tainted: P           OE      6.8.0-117-generic #117-Ubuntu
2026-05-29T17:53:53+08:00 rankrank-4090D kernel: "echo 0 > /proc/sys/kernel/hung_task_timeout_secs" disables this message.
2026-05-29T17:53:53+08:00 rankrank-4090D kernel: task:python          state:D stack:0     pid:32071 tgid:32059 ppid:1762   flags:0x00004002
2026-05-29T17:53:53+08:00 rankrank-4090D kernel: Call Trace:
2026-05-29T17:53:53+08:00 rankrank-4090D kernel:  <TASK>
2026-05-29T17:53:53+08:00 rankrank-4090D kernel:  __schedule+0x27c/0x6b0
2026-05-29T17:53:53+08:00 rankrank-4090D kernel:  schedule+0x33/0x110
2026-05-29T17:53:53+08:00 rankrank-4090D kernel:  schedule_preempt_disabled+0x15/0x30
2026-05-29T17:53:53+08:00 rankrank-4090D kernel:  rwsem_down_write_slowpath+0x27e/0x550
2026-05-29T17:53:53+08:00 rankrank-4090D kernel:  ? refill_stock+0x2a/0x50
2026-05-29T17:53:53+08:00 rankrank-4090D kernel:  down_write+0x5c/0x80
2026-05-29T17:53:53+08:00 rankrank-4090D kernel:  os_acquire_rwlock_write+0x3c/0x70 [nvidia]
2026-05-29T17:53:53+08:00 rankrank-4090D kernel:  _nv049036rm+0x10/0x40 [nvidia]
2026-05-29T17:53:53+08:00 rankrank-4090D kernel:  ? _nv050454rm+0xaf/0x370 [nvidia]
2026-05-29T17:53:53+08:00 rankrank-4090D kernel:  ? rm_cleanup_file_private+0xc7/0x220 [nvidia]
2026-05-29T17:53:53+08:00 rankrank-4090D kernel:  ? nvidia_close_callback+0x3d/0x1a0 [nvidia]
2026-05-29T17:53:53+08:00 rankrank-4090D kernel:  ? nvidia_close+0xf7/0x2f0 [nvidia]
2026-05-29T17:53:53+08:00 rankrank-4090D kernel:  ? __fput+0xa0/0x2e0
2026-05-29T17:53:53+08:00 rankrank-4090D kernel:  ? ____fput+0xe/0x20
2026-05-29T17:53:53+08:00 rankrank-4090D kernel:  ? task_work_run+0x5e/0xa0
2026-05-29T17:53:53+08:00 rankrank-4090D kernel:  ? do_exit+0x2be/0x530
2026-05-29T17:53:53+08:00 rankrank-4090D kernel:  ? do_group_exit+0x35/0x90
2026-05-29T17:53:53+08:00 rankrank-4090D kernel:  ? get_signal+0x96e/0x9b0
2026-05-29T17:53:53+08:00 rankrank-4090D kernel:  ? arch_do_signal_or_restart+0x42/0x210
2026-05-29T17:53:53+08:00 rankrank-4090D kernel:  ? syscall_exit_to_user_mode+0x15f/0x1e0
2026-05-29T17:53:53+08:00 rankrank-4090D kernel:  ? do_syscall_64+0x8c/0x180
2026-05-29T17:53:53+08:00 rankrank-4090D kernel:  ? arch_exit_to_user_mode_prepare.isra.0+0x1a/0xe0
2026-05-29T17:53:53+08:00 rankrank-4090D kernel:  ? syscall_exit_to_user_mode+0x43/0x1e0
2026-05-29T17:53:53+08:00 rankrank-4090D kernel:  ? do_syscall_64+0x8c/0x180
2026-05-29T17:53:53+08:00 rankrank-4090D kernel:  ? schedule+0x33/0x110
2026-05-29T17:53:53+08:00 rankrank-4090D kernel:  ? arch_exit_to_user_mode_prepare.isra.0+0x1a/0xe0
2026-05-29T17:53:53+08:00 rankrank-4090D kernel:  ? syscall_exit_to_user_mode+0x43/0x1e0
2026-05-29T17:53:53+08:00 rankrank-4090D kernel:  ? do_syscall_64+0x8c/0x180
2026-05-29T17:53:53+08:00 rankrank-4090D kernel:  ? schedule+0x33/0x110
2026-05-29T17:53:53+08:00 rankrank-4090D kernel:  ? arch_exit_to_user_mode_prepare.isra.0+0x1a/0xe0
2026-05-29T17:53:53+08:00 rankrank-4090D kernel:  ? syscall_exit_to_user_mode+0x43/0x1e0
2026-05-29T17:53:53+08:00 rankrank-4090D kernel:  ? do_syscall_64+0x8c/0x180
2026-05-29T17:53:53+08:00 rankrank-4090D kernel:  ? syscall_exit_to_user_mode+0x43/0x1e0
2026-05-29T17:53:53+08:00 rankrank-4090D kernel:  ? do_syscall_64+0x8c/0x180
2026-05-29T17:53:53+08:00 rankrank-4090D kernel:  ? do_syscall_64+0x8c/0x180
2026-05-29T17:53:53+08:00 rankrank-4090D kernel:  ? do_syscall_64+0x8c/0x180
2026-05-29T17:53:53+08:00 rankrank-4090D kernel:  ? entry_SYSCALL_64_after_hwframe+0x78/0x80
2026-05-29T17:53:53+08:00 rankrank-4090D kernel:  </TASK>
2026-05-29T17:53:59+08:00 rankrank-4090D kernel: NVRM: Xid (PCI:0000:01:00): 158, - timeout error waiting for NV_UFLUSH_FB_FLUSH = 0x3 cnt=13597656
2026-05-29T17:54:09+08:00 rankrank-4090D kernel: NVRM: Xid (PCI:0000:01:00): 158, - timeout error waiting for NV_UFLUSH_FB_FLUSH = 0x3 cnt=13353263
2026-05-29T17:54:19+08:00 rankrank-4090D kernel: NVRM: Xid (PCI:0000:01:00): 158, - timeout error waiting for NV_UFLUSH_FB_FLUSH = 0x3 cnt=13379747
2026-05-29T17:54:29+08:00 rankrank-4090D kernel: NVRM: Xid (PCI:0000:01:00): 158, - timeout error waiting for NV_UFLUSH_FB_FLUSH = 0x3 cnt=13417764
2026-05-29T17:54:39+08:00 rankrank-4090D kernel: NVRM: Xid (PCI:0000:01:00): 158, - timeout error waiting for NV_UFLUSH_FB_FLUSH = 0x3 cnt=13402967
2026-05-29T17:54:49+08:00 rankrank-4090D kernel: NVRM: Xid (PCI:0000:01:00): 158, - timeout error waiting for NV_UFLUSH_FB_FLUSH = 0x3 cnt=13399942
2026-05-29T17:54:59+08:00 rankrank-4090D kernel: NVRM: Xid (PCI:0000:01:00): 158, - timeout error waiting for NV_UFLUSH_FB_FLUSH = 0x3 cnt=13366821
2026-05-29T17:55:09+08:00 rankrank-4090D kernel: NVRM: Xid (PCI:0000:01:00): 158, - timeout error waiting for NV_UFLUSH_FB_FLUSH = 0x3 cnt=13352175
2026-05-29T17:55:19+08:00 rankrank-4090D kernel: NVRM: Xid (PCI:0000:01:00): 158, - timeout error waiting for NV_UFLUSH_FB_FLUSH = 0x3 cnt=13298263
2026-05-29T17:55:29+08:00 rankrank-4090D kernel: NVRM: Xid (PCI:0000:01:00): 158, - timeout error waiting for NV_UFLUSH_FB_FLUSH = 0x3 cnt=13307232
2026-05-29T17:55:39+08:00 rankrank-4090D kernel: NVRM: Xid (PCI:0000:01:00): 158, pid=29297, name=code, - timeout error waiting for NV_UFLUSH_FB_FLUSH = 0x3 cnt=13347170
2026-05-29T17:55:49+08:00 rankrank-4090D kernel: NVRM: Xid (PCI:0000:01:00): 158, pid=29297, name=code, - timeout error waiting for NV_UFLUSH_FB_FLUSH = 0x3 cnt=13404227
2026-05-29T17:55:56+08:00 rankrank-4090D kernel: INFO: task nv_queue:1000 blocked for more than 122 seconds.
2026-05-29T17:55:56+08:00 rankrank-4090D kernel:       Tainted: P           OE      6.8.0-117-generic #117-Ubuntu
2026-05-29T17:55:56+08:00 rankrank-4090D kernel: "echo 0 > /proc/sys/kernel/hung_task_timeout_secs" disables this message.
2026-05-29T17:55:56+08:00 rankrank-4090D kernel: task:nv_queue        state:D stack:0     pid:1000  tgid:1000  ppid:2      flags:0x00004000
2026-05-29T17:55:56+08:00 rankrank-4090D kernel: Call Trace:
2026-05-29T17:55:56+08:00 rankrank-4090D kernel:  <TASK>
2026-05-29T17:55:56+08:00 rankrank-4090D kernel:  __schedule+0x27c/0x6b0
2026-05-29T17:55:56+08:00 rankrank-4090D kernel:  schedule+0x33/0x110
2026-05-29T17:55:56+08:00 rankrank-4090D kernel:  schedule_preempt_disabled+0x15/0x30
2026-05-29T17:55:56+08:00 rankrank-4090D kernel:  rwsem_down_write_slowpath+0x27e/0x550
2026-05-29T17:55:56+08:00 rankrank-4090D kernel:  ? __switch_to_xtra+0x277/0x4b0
2026-05-29T17:55:56+08:00 rankrank-4090D kernel:  down_write+0x5c/0x80
2026-05-29T17:55:56+08:00 rankrank-4090D kernel:  os_acquire_rwlock_write+0x3c/0x70 [nvidia]
2026-05-29T17:55:56+08:00 rankrank-4090D kernel:  _nv049036rm+0x10/0x40 [nvidia]
2026-05-29T17:55:56+08:00 rankrank-4090D kernel:  ? _nv050454rm+0x27c/0x370 [nvidia]
2026-05-29T17:55:56+08:00 rankrank-4090D kernel:  ? _nv056709rm+0x50/0x1a0 [nvidia]
2026-05-29T17:55:56+08:00 rankrank-4090D kernel:  ? rm_execute_work_item+0x6c/0x210 [nvidia]
2026-05-29T17:55:56+08:00 rankrank-4090D kernel:  ? os_execute_work_item+0x6c/0x90 [nvidia]
2026-05-29T17:55:56+08:00 rankrank-4090D kernel:  ? _main_loop+0x7f/0x140 [nvidia]
2026-05-29T17:55:56+08:00 rankrank-4090D kernel:  ? __pfx__main_loop+0x10/0x10 [nvidia]
2026-05-29T17:55:56+08:00 rankrank-4090D kernel:  ? kthread+0xef/0x120
2026-05-29T17:55:56+08:00 rankrank-4090D kernel:  ? __pfx_kthread+0x10/0x10
2026-05-29T17:55:56+08:00 rankrank-4090D kernel:  ? ret_from_fork+0x44/0x70
2026-05-29T17:55:56+08:00 rankrank-4090D kernel:  ? __pfx_kthread+0x10/0x10
2026-05-29T17:55:56+08:00 rankrank-4090D kernel:  ? ret_from_fork_asm+0x1b/0x30
2026-05-29T17:55:56+08:00 rankrank-4090D kernel:  </TASK>
2026-05-29T17:55:56+08:00 rankrank-4090D kernel: INFO: task CPMMListener:5085 blocked for more than 122 seconds.
2026-05-29T17:55:56+08:00 rankrank-4090D kernel:       Tainted: P           OE      6.8.0-117-generic #117-Ubuntu
2026-05-29T17:55:56+08:00 rankrank-4090D kernel: "echo 0 > /proc/sys/kernel/hung_task_timeout_secs" disables this message.
2026-05-29T17:55:56+08:00 rankrank-4090D kernel: task:CPMMListener    state:D stack:0     pid:5085  tgid:4845  ppid:2585   flags:0x00000002
2026-05-29T17:55:56+08:00 rankrank-4090D kernel: Call Trace:
2026-05-29T17:55:56+08:00 rankrank-4090D kernel:  <TASK>
2026-05-29T17:55:56+08:00 rankrank-4090D kernel:  __schedule+0x27c/0x6b0
2026-05-29T17:55:56+08:00 rankrank-4090D kernel:  schedule+0x33/0x110
2026-05-29T17:55:56+08:00 rankrank-4090D kernel:  schedule_preempt_disabled+0x15/0x30
2026-05-29T17:55:56+08:00 rankrank-4090D kernel:  rwsem_down_write_slowpath+0x27e/0x550
2026-05-29T17:55:56+08:00 rankrank-4090D kernel:  down_write+0x5c/0x80
2026-05-29T17:55:56+08:00 rankrank-4090D kernel:  os_acquire_rwlock_write+0x3c/0x70 [nvidia]
2026-05-29T17:55:56+08:00 rankrank-4090D kernel:  _nv049036rm+0x10/0x40 [nvidia]
2026-05-29T17:55:56+08:00 rankrank-4090D kernel:  ? _nv050454rm+0x27c/0x370 [nvidia]
2026-05-29T17:55:56+08:00 rankrank-4090D kernel:  ? _nv052256rm+0x54/0xd0 [nvidia]
2026-05-29T17:55:56+08:00 rankrank-4090D kernel:  ? _nv052225rm+0xca/0x630 [nvidia]
2026-05-29T17:55:56+08:00 rankrank-4090D kernel:  ? _nv050487rm+0x120/0x160 [nvidia]
2026-05-29T17:55:56+08:00 rankrank-4090D kernel:  ? _nv050488rm+0x32/0x50 [nvidia]
2026-05-29T17:55:56+08:00 rankrank-4090D kernel:  ? _nv000610rm+0x4c/0x60 [nvidia]
2026-05-29T17:55:56+08:00 rankrank-4090D kernel:  ? _nv000739rm+0x309/0xd00 [nvidia]
2026-05-29T17:55:56+08:00 rankrank-4090D kernel:  ? rm_ioctl+0x7f/0x400 [nvidia]
2026-05-29T17:55:56+08:00 rankrank-4090D kernel:  ? arch_exit_to_user_mode_prepare.isra.0+0x95/0xe0
2026-05-29T17:55:56+08:00 rankrank-4090D kernel:  ? nvidia_unlocked_ioctl+0x80a/0xb80 [nvidia]
2026-05-29T17:55:56+08:00 rankrank-4090D kernel:  ? __x64_sys_ioctl+0xa0/0xf0
2026-05-29T17:55:56+08:00 rankrank-4090D kernel:  ? x64_sys_call+0x12a3/0x25a0
2026-05-29T17:55:56+08:00 rankrank-4090D kernel:  ? do_syscall_64+0x7f/0x180
2026-05-29T17:55:56+08:00 rankrank-4090D kernel:  ? tick_sched_handle+0x32/0x70
2026-05-29T17:55:56+08:00 rankrank-4090D kernel:  ? timerqueue_add+0xa6/0xd0
2026-05-29T17:55:56+08:00 rankrank-4090D kernel:  ? ktime_get+0x45/0xc0
2026-05-29T17:55:56+08:00 rankrank-4090D kernel:  ? rseq_get_rseq_cs+0x22/0x280
2026-05-29T17:55:56+08:00 rankrank-4090D kernel:  ? rseq_ip_fixup+0x90/0x170
2026-05-29T17:55:56+08:00 rankrank-4090D kernel:  ? arch_exit_to_user_mode_prepare.isra.0+0x1a/0xe0
2026-05-29T17:55:56+08:00 rankrank-4090D kernel:  ? irqentry_exit_to_user_mode+0x38/0x1e0
2026-05-29T17:55:56+08:00 rankrank-4090D kernel:  ? irqentry_exit+0x43/0x50
2026-05-29T17:55:56+08:00 rankrank-4090D kernel:  ? entry_SYSCALL_64_after_hwframe+0x78/0x80
2026-05-29T17:55:56+08:00 rankrank-4090D kernel:  </TASK>
2026-05-29T17:55:56+08:00 rankrank-4090D kernel: INFO: task nvtop:30906 blocked for more than 245 seconds.
2026-05-29T17:55:56+08:00 rankrank-4090D kernel:       Tainted: P           OE      6.8.0-117-generic #117-Ubuntu
2026-05-29T17:55:56+08:00 rankrank-4090D kernel: "echo 0 > /proc/sys/kernel/hung_task_timeout_secs" disables this message.
2026-05-29T17:55:56+08:00 rankrank-4090D kernel: task:nvtop           state:D stack:0     pid:30906 tgid:30906 ppid:30890  flags:0x00000002
2026-05-29T17:55:56+08:00 rankrank-4090D kernel: Call Trace:
2026-05-29T17:55:56+08:00 rankrank-4090D kernel:  <TASK>
2026-05-29T17:55:56+08:00 rankrank-4090D kernel:  __schedule+0x27c/0x6b0
2026-05-29T17:55:56+08:00 rankrank-4090D kernel:  schedule+0x33/0x110
2026-05-29T17:55:56+08:00 rankrank-4090D kernel:  schedule_preempt_disabled+0x15/0x30
2026-05-29T17:55:56+08:00 rankrank-4090D kernel:  rwsem_down_write_slowpath+0x27e/0x550
2026-05-29T17:55:56+08:00 rankrank-4090D kernel:  down_write+0x5c/0x80
2026-05-29T17:55:56+08:00 rankrank-4090D kernel:  os_acquire_rwlock_write+0x3c/0x70 [nvidia]
2026-05-29T17:55:56+08:00 rankrank-4090D kernel:  _nv049036rm+0x10/0x40 [nvidia]
2026-05-29T17:55:56+08:00 rankrank-4090D kernel:  ? _nv050454rm+0x27c/0x370 [nvidia]
2026-05-29T17:55:56+08:00 rankrank-4090D kernel:  ? _nv052256rm+0x54/0xd0 [nvidia]
2026-05-29T17:55:56+08:00 rankrank-4090D kernel:  ? _nv052187rm+0xa0/0x500 [nvidia]
2026-05-29T17:55:56+08:00 rankrank-4090D kernel:  ? _nv015641rm+0x424/0x680 [nvidia]
2026-05-29T17:55:56+08:00 rankrank-4090D kernel:  ? _nv050428rm+0x69/0xd0 [nvidia]
2026-05-29T17:55:56+08:00 rankrank-4090D kernel:  ? _nv013860rm+0x86/0xa0 [nvidia]
2026-05-29T17:55:56+08:00 rankrank-4090D kernel:  ? _nv000739rm+0x8a3/0xd00 [nvidia]
2026-05-29T17:55:56+08:00 rankrank-4090D kernel:  ? rm_ioctl+0x7f/0x400 [nvidia]
2026-05-29T17:55:56+08:00 rankrank-4090D kernel:  ? nvidia_unlocked_ioctl+0x80a/0xb80 [nvidia]
2026-05-29T17:55:56+08:00 rankrank-4090D kernel:  ? __x64_sys_ioctl+0xa0/0xf0
2026-05-29T17:55:56+08:00 rankrank-4090D kernel:  ? x64_sys_call+0x12a3/0x25a0
2026-05-29T17:55:56+08:00 rankrank-4090D kernel:  ? do_syscall_64+0x7f/0x180
2026-05-29T17:55:56+08:00 rankrank-4090D kernel:  ? update_load_avg+0x82/0x850
2026-05-29T17:55:56+08:00 rankrank-4090D kernel:  ? psi_group_change+0x25a/0x570
2026-05-29T17:55:56+08:00 rankrank-4090D kernel:  ? os_xsave+0x2e/0x70
2026-05-29T17:55:56+08:00 rankrank-4090D kernel:  ? finish_task_switch.isra.0+0x93/0x300
2026-05-29T17:55:56+08:00 rankrank-4090D kernel:  ? __schedule+0x284/0x6b0
2026-05-29T17:55:56+08:00 rankrank-4090D kernel:  ? schedule+0x33/0x110
2026-05-29T17:55:56+08:00 rankrank-4090D kernel:  ? do_nanosleep+0x65/0x150
2026-05-29T17:55:56+08:00 rankrank-4090D kernel:  ? rseq_get_rseq_cs+0x22/0x280
2026-05-29T17:55:56+08:00 rankrank-4090D kernel:  ? rseq_ip_fixup+0x90/0x170
2026-05-29T17:55:56+08:00 rankrank-4090D kernel:  ? restore_fpregs_from_fpstate+0x3d/0xd0
2026-05-29T17:55:56+08:00 rankrank-4090D kernel:  ? switch_fpu_return+0x55/0xf0
2026-05-29T17:55:56+08:00 rankrank-4090D kernel:  ? arch_exit_to_user_mode_prepare.isra.0+0x95/0xe0
2026-05-29T17:55:56+08:00 rankrank-4090D kernel:  ? syscall_exit_to_user_mode+0x43/0x1e0
2026-05-29T17:55:56+08:00 rankrank-4090D kernel:  ? do_syscall_64+0x8c/0x180
2026-05-29T17:55:56+08:00 rankrank-4090D kernel:  ? syscall_exit_to_user_mode+0x43/0x1e0
2026-05-29T17:55:56+08:00 rankrank-4090D kernel:  ? do_syscall_64+0x8c/0x180
2026-05-29T17:55:56+08:00 rankrank-4090D kernel:  ? do_syscall_64+0x8c/0x180
2026-05-29T17:55:56+08:00 rankrank-4090D kernel:  ? irqentry_exit+0x43/0x50
2026-05-29T17:55:56+08:00 rankrank-4090D kernel:  ? entry_SYSCALL_64_after_hwframe+0x78/0x80
2026-05-29T17:55:56+08:00 rankrank-4090D kernel:  </TASK>
2026-05-29T17:55:56+08:00 rankrank-4090D kernel: INFO: task python:32071 blocked for more than 245 seconds.
2026-05-29T17:55:56+08:00 rankrank-4090D kernel:       Tainted: P           OE      6.8.0-117-generic #117-Ubuntu
2026-05-29T17:55:56+08:00 rankrank-4090D kernel: "echo 0 > /proc/sys/kernel/hung_task_timeout_secs" disables this message.
2026-05-29T17:55:56+08:00 rankrank-4090D kernel: task:python          state:D stack:0     pid:32071 tgid:32059 ppid:1762   flags:0x00004002
2026-05-29T17:55:56+08:00 rankrank-4090D kernel: Call Trace:
2026-05-29T17:55:56+08:00 rankrank-4090D kernel:  <TASK>
2026-05-29T17:55:56+08:00 rankrank-4090D kernel:  __schedule+0x27c/0x6b0
2026-05-29T17:55:56+08:00 rankrank-4090D kernel:  schedule+0x33/0x110
2026-05-29T17:55:56+08:00 rankrank-4090D kernel:  schedule_preempt_disabled+0x15/0x30
2026-05-29T17:55:56+08:00 rankrank-4090D kernel:  rwsem_down_write_slowpath+0x27e/0x550
2026-05-29T17:55:56+08:00 rankrank-4090D kernel:  ? refill_stock+0x2a/0x50
2026-05-29T17:55:56+08:00 rankrank-4090D kernel:  down_write+0x5c/0x80
2026-05-29T17:55:56+08:00 rankrank-4090D kernel:  os_acquire_rwlock_write+0x3c/0x70 [nvidia]
2026-05-29T17:55:56+08:00 rankrank-4090D kernel:  _nv049036rm+0x10/0x40 [nvidia]
2026-05-29T17:55:56+08:00 rankrank-4090D kernel:  ? _nv050454rm+0xaf/0x370 [nvidia]
2026-05-29T17:55:56+08:00 rankrank-4090D kernel:  ? rm_cleanup_file_private+0xc7/0x220 [nvidia]
2026-05-29T17:55:56+08:00 rankrank-4090D kernel:  ? nvidia_close_callback+0x3d/0x1a0 [nvidia]
2026-05-29T17:55:56+08:00 rankrank-4090D kernel:  ? nvidia_close+0xf7/0x2f0 [nvidia]
2026-05-29T17:55:56+08:00 rankrank-4090D kernel:  ? __fput+0xa0/0x2e0
2026-05-29T17:55:56+08:00 rankrank-4090D kernel:  ? ____fput+0xe/0x20
2026-05-29T17:55:56+08:00 rankrank-4090D kernel:  ? task_work_run+0x5e/0xa0
2026-05-29T17:55:56+08:00 rankrank-4090D kernel:  ? do_exit+0x2be/0x530
2026-05-29T17:55:56+08:00 rankrank-4090D kernel:  ? do_group_exit+0x35/0x90
2026-05-29T17:55:56+08:00 rankrank-4090D kernel:  ? get_signal+0x96e/0x9b0
2026-05-29T17:55:56+08:00 rankrank-4090D kernel:  ? arch_do_signal_or_restart+0x42/0x210
2026-05-29T17:55:56+08:00 rankrank-4090D kernel:  ? syscall_exit_to_user_mode+0x15f/0x1e0
2026-05-29T17:55:56+08:00 rankrank-4090D kernel:  ? do_syscall_64+0x8c/0x180
2026-05-29T17:55:56+08:00 rankrank-4090D kernel:  ? arch_exit_to_user_mode_prepare.isra.0+0x1a/0xe0
2026-05-29T17:55:56+08:00 rankrank-4090D kernel:  ? syscall_exit_to_user_mode+0x43/0x1e0
2026-05-29T17:55:56+08:00 rankrank-4090D kernel:  ? do_syscall_64+0x8c/0x180
2026-05-29T17:55:56+08:00 rankrank-4090D kernel:  ? schedule+0x33/0x110
2026-05-29T17:55:56+08:00 rankrank-4090D kernel:  ? arch_exit_to_user_mode_prepare.isra.0+0x1a/0xe0
2026-05-29T17:55:56+08:00 rankrank-4090D kernel:  ? syscall_exit_to_user_mode+0x43/0x1e0
2026-05-29T17:55:56+08:00 rankrank-4090D kernel:  ? do_syscall_64+0x8c/0x180
2026-05-29T17:55:56+08:00 rankrank-4090D kernel:  ? schedule+0x33/0x110
2026-05-29T17:55:56+08:00 rankrank-4090D kernel:  ? arch_exit_to_user_mode_prepare.isra.0+0x1a/0xe0
2026-05-29T17:55:56+08:00 rankrank-4090D kernel:  ? syscall_exit_to_user_mode+0x43/0x1e0
2026-05-29T17:55:56+08:00 rankrank-4090D kernel:  ? do_syscall_64+0x8c/0x180
2026-05-29T17:55:56+08:00 rankrank-4090D kernel:  ? syscall_exit_to_user_mode+0x43/0x1e0
2026-05-29T17:55:56+08:00 rankrank-4090D kernel:  ? do_syscall_64+0x8c/0x180
2026-05-29T17:55:56+08:00 rankrank-4090D kernel:  ? do_syscall_64+0x8c/0x180
2026-05-29T17:55:56+08:00 rankrank-4090D kernel:  ? do_syscall_64+0x8c/0x180
2026-05-29T17:55:56+08:00 rankrank-4090D kernel:  ? entry_SYSCALL_64_after_hwframe+0x78/0x80
2026-05-29T17:55:56+08:00 rankrank-4090D kernel:  </TASK>
2026-05-29T17:55:56+08:00 rankrank-4090D kernel: INFO: task nvidia-smi:32235 blocked for more than 122 seconds.
2026-05-29T17:55:56+08:00 rankrank-4090D kernel:       Tainted: P           OE      6.8.0-117-generic #117-Ubuntu
2026-05-29T17:55:56+08:00 rankrank-4090D kernel: "echo 0 > /proc/sys/kernel/hung_task_timeout_secs" disables this message.
2026-05-29T17:55:56+08:00 rankrank-4090D kernel: task:nvidia-smi      state:D stack:0     pid:32235 tgid:32235 ppid:1762   flags:0x00000006
2026-05-29T17:55:56+08:00 rankrank-4090D kernel: Call Trace:
2026-05-29T17:55:56+08:00 rankrank-4090D kernel:  <TASK>
2026-05-29T17:55:56+08:00 rankrank-4090D kernel:  __schedule+0x27c/0x6b0
2026-05-29T17:55:56+08:00 rankrank-4090D kernel:  schedule+0x33/0x110
2026-05-29T17:55:56+08:00 rankrank-4090D kernel:  schedule_preempt_disabled+0x15/0x30
2026-05-29T17:55:56+08:00 rankrank-4090D kernel:  rwsem_down_write_slowpath+0x27e/0x550
2026-05-29T17:55:56+08:00 rankrank-4090D kernel:  ? copy_from_kernel_nofault+0x22/0xf0
2026-05-29T17:55:56+08:00 rankrank-4090D kernel:  down_write+0x5c/0x80
2026-05-29T17:55:56+08:00 rankrank-4090D kernel:  os_acquire_rwlock_write+0x3c/0x70 [nvidia]
2026-05-29T17:55:56+08:00 rankrank-4090D kernel:  _nv049036rm+0x10/0x40 [nvidia]
2026-05-29T17:55:56+08:00 rankrank-4090D kernel:  ? _nv050454rm+0x27c/0x370 [nvidia]
2026-05-29T17:55:56+08:00 rankrank-4090D kernel:  ? _nv052256rm+0x54/0xd0 [nvidia]
2026-05-29T17:55:56+08:00 rankrank-4090D kernel:  ? _nv052181rm+0x185/0x4b0 [nvidia]
2026-05-29T17:55:56+08:00 rankrank-4090D kernel:  ? _nv050409rm+0x171/0x300 [nvidia]
2026-05-29T17:55:56+08:00 rankrank-4090D kernel:  ? _nv050410rm+0x5c/0x90 [nvidia]
2026-05-29T17:55:56+08:00 rankrank-4090D kernel:  ? _nv000593rm+0x6b/0x80 [nvidia]
2026-05-29T17:55:56+08:00 rankrank-4090D kernel:  ? _nv000739rm+0xa36/0xd00 [nvidia]
2026-05-29T17:55:56+08:00 rankrank-4090D kernel:  ? rm_ioctl+0x7f/0x400 [nvidia]
2026-05-29T17:55:56+08:00 rankrank-4090D kernel:  ? __dentry_kill+0x176/0x180
2026-05-29T17:55:56+08:00 rankrank-4090D kernel:  ? dput+0xef/0x1b0
2026-05-29T17:55:56+08:00 rankrank-4090D kernel:  ? nvidia_unlocked_ioctl+0x80a/0xb80 [nvidia]
2026-05-29T17:55:56+08:00 rankrank-4090D kernel:  ? __x64_sys_ioctl+0xa0/0xf0
2026-05-29T17:55:56+08:00 rankrank-4090D kernel:  ? x64_sys_call+0x12a3/0x25a0
2026-05-29T17:55:56+08:00 rankrank-4090D kernel:  ? do_syscall_64+0x7f/0x180
2026-05-29T17:55:56+08:00 rankrank-4090D kernel:  ? strncpy_from_user+0x25/0x120
2026-05-29T17:55:56+08:00 rankrank-4090D kernel:  ? putname+0x5b/0x80
2026-05-29T17:55:56+08:00 rankrank-4090D kernel:  ? __do_sys_newstat+0x70/0xc0
2026-05-29T17:55:56+08:00 rankrank-4090D kernel:  ? arch_exit_to_user_mode_prepare.isra.0+0x1a/0xe0
2026-05-29T17:55:56+08:00 rankrank-4090D kernel:  ? syscall_exit_to_user_mode+0x43/0x1e0
2026-05-29T17:55:56+08:00 rankrank-4090D kernel:  ? do_syscall_64+0x8c/0x180
2026-05-29T17:55:56+08:00 rankrank-4090D kernel:  ? syscall_exit_to_user_mode+0x43/0x1e0
2026-05-29T17:55:56+08:00 rankrank-4090D kernel:  ? do_syscall_64+0x8c/0x180
2026-05-29T17:55:56+08:00 rankrank-4090D kernel:  ? check_heap_object+0x186/0x1e0
2026-05-29T17:55:56+08:00 rankrank-4090D kernel:  ? nvidia_unlocked_ioctl+0x1e8/0xb80 [nvidia]
2026-05-29T17:55:56+08:00 rankrank-4090D kernel:  ? arch_exit_to_user_mode_prepare.isra.0+0x1a/0xe0
2026-05-29T17:55:56+08:00 rankrank-4090D kernel:  ? arch_exit_to_user_mode_prepare.isra.0+0x1a/0xe0
2026-05-29T17:55:56+08:00 rankrank-4090D kernel:  ? syscall_exit_to_user_mode+0x43/0x1e0
2026-05-29T17:55:56+08:00 rankrank-4090D kernel:  ? do_syscall_64+0x8c/0x180
2026-05-29T17:55:56+08:00 rankrank-4090D kernel:  ? exc_page_fault+0x94/0x1b0
2026-05-29T17:55:56+08:00 rankrank-4090D kernel:  ? entry_SYSCALL_64_after_hwframe+0x78/0x80
2026-05-29T17:55:56+08:00 rankrank-4090D kernel:  </TASK>
2026-05-29T17:55:59+08:00 rankrank-4090D kernel: NVRM: Xid (PCI:0000:01:00): 158, pid=29297, name=code, - timeout error waiting for NV_UFLUSH_FB_FLUSH = 0x3 cnt=13379684
2026-05-29T17:56:09+08:00 rankrank-4090D kernel: NVRM: Xid (PCI:0000:01:00): 158, pid=29297, name=code, - timeout error waiting for NV_UFLUSH_FB_FLUSH = 0x3 cnt=13286462
2026-05-29T17:56:19+08:00 rankrank-4090D kernel: NVRM: Xid (PCI:0000:01:00): 158, pid=29297, name=code, - timeout error waiting for NV_UFLUSH_FB_FLUSH = 0x3 cnt=13276497
2026-05-29T17:56:49+08:00 rankrank-4090D kernel: NVRM: Xid (PCI:0000:01:00): 158, pid=32059, name=python, - timeout error waiting for NV_UFLUSH_FB_FLUSH = 0x3 cnt=39848846
2026-05-29T17:57:19+08:00 rankrank-4090D kernel: NVRM: Xid (PCI:0000:01:00): 158, pid=32059, name=python, - timeout error waiting for NV_UFLUSH_FB_FLUSH = 0x3 cnt=39895596
2026-05-29T17:57:49+08:00 rankrank-4090D kernel: NVRM: Xid (PCI:0000:01:00): 158, pid=32059, name=python, - timeout error waiting for NV_UFLUSH_FB_FLUSH = 0x3 cnt=39866479
2026-05-29T17:57:59+08:00 rankrank-4090D kernel: INFO: task nvidia-smi:32235 blocked for more than 245 seconds.
2026-05-29T17:57:59+08:00 rankrank-4090D kernel:       Tainted: P           OE      6.8.0-117-generic #117-Ubuntu
2026-05-29T17:57:59+08:00 rankrank-4090D kernel: "echo 0 > /proc/sys/kernel/hung_task_timeout_secs" disables this message.
2026-05-29T17:57:59+08:00 rankrank-4090D kernel: task:nvidia-smi      state:D stack:0     pid:32235 tgid:32235 ppid:1762   flags:0x00000006
2026-05-29T17:57:59+08:00 rankrank-4090D kernel: Call Trace:
2026-05-29T17:57:59+08:00 rankrank-4090D kernel:  <TASK>
2026-05-29T17:57:59+08:00 rankrank-4090D kernel:  __schedule+0x27c/0x6b0
2026-05-29T17:57:59+08:00 rankrank-4090D kernel:  schedule+0x33/0x110
2026-05-29T17:57:59+08:00 rankrank-4090D kernel:  schedule_preempt_disabled+0x15/0x30
2026-05-29T17:57:59+08:00 rankrank-4090D kernel:  rwsem_down_write_slowpath+0x27e/0x550
2026-05-29T17:57:59+08:00 rankrank-4090D kernel:  ? copy_from_kernel_nofault+0x22/0xf0
2026-05-29T17:57:59+08:00 rankrank-4090D kernel:  down_write+0x5c/0x80
2026-05-29T17:57:59+08:00 rankrank-4090D kernel:  os_acquire_rwlock_write+0x3c/0x70 [nvidia]
2026-05-29T17:57:59+08:00 rankrank-4090D kernel:  _nv049036rm+0x10/0x40 [nvidia]
2026-05-29T17:57:59+08:00 rankrank-4090D kernel:  ? _nv050454rm+0x27c/0x370 [nvidia]
2026-05-29T17:57:59+08:00 rankrank-4090D kernel:  ? _nv052256rm+0x54/0xd0 [nvidia]
2026-05-29T17:57:59+08:00 rankrank-4090D kernel:  ? _nv052181rm+0x185/0x4b0 [nvidia]
2026-05-29T17:57:59+08:00 rankrank-4090D kernel:  ? _nv050409rm+0x171/0x300 [nvidia]
2026-05-29T17:57:59+08:00 rankrank-4090D kernel:  ? _nv050410rm+0x5c/0x90 [nvidia]
2026-05-29T17:57:59+08:00 rankrank-4090D kernel:  ? _nv000593rm+0x6b/0x80 [nvidia]
2026-05-29T17:57:59+08:00 rankrank-4090D kernel:  ? _nv000739rm+0xa36/0xd00 [nvidia]
2026-05-29T17:57:59+08:00 rankrank-4090D kernel:  ? rm_ioctl+0x7f/0x400 [nvidia]
2026-05-29T17:57:59+08:00 rankrank-4090D kernel:  ? __dentry_kill+0x176/0x180
2026-05-29T17:57:59+08:00 rankrank-4090D kernel:  ? dput+0xef/0x1b0
2026-05-29T17:57:59+08:00 rankrank-4090D kernel:  ? nvidia_unlocked_ioctl+0x80a/0xb80 [nvidia]
2026-05-29T17:57:59+08:00 rankrank-4090D kernel:  ? __x64_sys_ioctl+0xa0/0xf0
2026-05-29T17:57:59+08:00 rankrank-4090D kernel:  ? x64_sys_call+0x12a3/0x25a0
2026-05-29T17:57:59+08:00 rankrank-4090D kernel:  ? do_syscall_64+0x7f/0x180
2026-05-29T17:57:59+08:00 rankrank-4090D kernel:  ? strncpy_from_user+0x25/0x120
2026-05-29T17:57:59+08:00 rankrank-4090D kernel:  ? putname+0x5b/0x80
2026-05-29T17:57:59+08:00 rankrank-4090D kernel:  ? __do_sys_newstat+0x70/0xc0
2026-05-29T17:57:59+08:00 rankrank-4090D kernel:  ? arch_exit_to_user_mode_prepare.isra.0+0x1a/0xe0
2026-05-29T17:57:59+08:00 rankrank-4090D kernel:  ? syscall_exit_to_user_mode+0x43/0x1e0
2026-05-29T17:57:59+08:00 rankrank-4090D kernel:  ? do_syscall_64+0x8c/0x180
2026-05-29T17:57:59+08:00 rankrank-4090D kernel:  ? syscall_exit_to_user_mode+0x43/0x1e0
2026-05-29T17:57:59+08:00 rankrank-4090D kernel:  ? do_syscall_64+0x8c/0x180
2026-05-29T17:57:59+08:00 rankrank-4090D kernel:  ? check_heap_object+0x186/0x1e0
2026-05-29T17:57:59+08:00 rankrank-4090D kernel:  ? nvidia_unlocked_ioctl+0x1e8/0xb80 [nvidia]
2026-05-29T17:57:59+08:00 rankrank-4090D kernel:  ? arch_exit_to_user_mode_prepare.isra.0+0x1a/0xe0
2026-05-29T17:57:59+08:00 rankrank-4090D kernel:  ? arch_exit_to_user_mode_prepare.isra.0+0x1a/0xe0
2026-05-29T17:57:59+08:00 rankrank-4090D kernel:  ? syscall_exit_to_user_mode+0x43/0x1e0
2026-05-29T17:57:59+08:00 rankrank-4090D kernel:  ? do_syscall_64+0x8c/0x180
2026-05-29T17:57:59+08:00 rankrank-4090D kernel:  ? exc_page_fault+0x94/0x1b0
2026-05-29T17:57:59+08:00 rankrank-4090D kernel:  ? entry_SYSCALL_64_after_hwframe+0x78/0x80
2026-05-29T17:57:59+08:00 rankrank-4090D kernel:  </TASK>
2026-05-29T17:58:19+08:00 rankrank-4090D kernel: NVRM: Xid (PCI:0000:01:00): 158, pid=32059, name=python, - timeout error waiting for NV_UFLUSH_FB_FLUSH = 0x3 cnt=39910784
