May 29 17:51:19 rankrank-4090D kernel: NVRM: GPU at PCI:0000:01:00: GPU-299fe279-1c52-2255-d4ba-07d7bd2861d9
May 29 17:51:19 rankrank-4090D kernel: NVRM: Xid (PCI:0000:01:00): 62, 023f0f30 00000000 00000000 202a53dc 20297b2a 00000000 00000000 00000000
May 29 17:51:19 rankrank-4090D kernel: NVRM: Xid (PCI:0000:01:00): 45, pid=32059, name=python, channel 0x00000081
May 29 17:51:48 rankrank-4090D kernel: NVRM: Xid (PCI:0000:01:00): 45, pid=32059, name=python, channel 0x00000082
May 29 17:51:49 rankrank-4090D kernel: NVRM: Xid (PCI:0000:01:00): 45, pid=32059, name=python, channel 0x00000083
May 29 17:51:49 rankrank-4090D kernel: NVRM: Xid (PCI:0000:01:00): 45, pid=32059, name=python, channel 0x00000084
May 29 17:51:49 rankrank-4090D kernel: NVRM: Xid (PCI:0000:01:00): 45, pid=32059, name=python, channel 0x00000085
May 29 17:51:49 rankrank-4090D kernel: NVRM: Xid (PCI:0000:01:00): 45, pid=32059, name=python, channel 0x00000086
May 29 17:51:49 rankrank-4090D kernel: NVRM: Xid (PCI:0000:01:00): 45, pid=32059, name=python, channel 0x00000087
May 29 17:51:49 rankrank-4090D kernel: NVRM: Xid (PCI:0000:01:00): 45, pid=32059, name=python, channel 0x00000088
May 29 17:51:49 rankrank-4090D kernel: NVRM: Xid (PCI:0000:01:00): 154, GPU recovery action changed from 0x0 (None) to 0x1 (GPU Reset Required)
May 29 17:51:59 rankrank-4090D kernel: NVRM: Xid (PCI:0000:01:00): 158, pid=29297, name=code, - timeout error waiting for NV_UFLUSH_FB_FLUSH = 0x2 cnt=13311055
May 29 17:52:09 rankrank-4090D kernel: NVRM: Xid (PCI:0000:01:00): 158, pid=29297, name=code, - timeout error waiting for NV_UFLUSH_FB_FLUSH = 0x3 cnt=13309929
May 29 17:52:09 rankrank-4090D kernel: NVRM: Xid (PCI:0000:01:00): 8, pid=32059, name=python, channel 0x00000081
May 29 17:52:19 rankrank-4090D kernel: NVRM: Xid (PCI:0000:01:00): 158, pid=29297, name=code, - timeout error waiting for NV_UFLUSH_FB_FLUSH = 0x3 cnt=13300565
May 29 17:52:29 rankrank-4090D kernel: NVRM: Xid (PCI:0000:01:00): 158, pid=29297, name=code, - timeout error waiting for NV_UFLUSH_FB_FLUSH = 0x3 cnt=13309519
May 29 17:52:39 rankrank-4090D kernel: NVRM: Xid (PCI:0000:01:00): 158, pid=29297, name=code, - timeout error waiting for NV_UFLUSH_FB_FLUSH = 0x3 cnt=13304988
May 29 17:52:39 rankrank-4090D kernel: NVRM: Xid (PCI:0000:01:00): 8, pid=32059, name=python, channel 0x00000081
May 29 17:52:59 rankrank-4090D kernel: NVRM: Xid (PCI:0000:01:00): 158, - timeout error waiting for NV_UFLUSH_FB_FLUSH = 0x3 cnt=13351238
May 29 17:53:09 rankrank-4090D kernel: NVRM: Xid (PCI:0000:01:00): 158, - timeout error waiting for NV_UFLUSH_FB_FLUSH = 0x3 cnt=13355791
May 29 17:53:19 rankrank-4090D kernel: NVRM: Xid (PCI:0000:01:00): 158, - timeout error waiting for NV_UFLUSH_FB_FLUSH = 0x3 cnt=13347269
May 29 17:53:29 rankrank-4090D kernel: NVRM: Xid (PCI:0000:01:00): 158, - timeout error waiting for NV_UFLUSH_FB_FLUSH = 0x3 cnt=13345354
May 29 17:53:39 rankrank-4090D kernel: NVRM: Xid (PCI:0000:01:00): 158, - timeout error waiting for NV_UFLUSH_FB_FLUSH = 0x3 cnt=13403219
