[22:15:50] glm4/smoke: focus=clean_fiber_high cases=1 variants=without_candidate_list,constrained_free_prompt,with_candidate_list top_k=20
[22:15:50] [load] glm4: bf16 device_map=auto attn=flash_attention_2 quantization=off
`torch_dtype` is deprecated! Use `dtype` instead!
[22:15:50] [load] glm4: flash_attention_2 failed: FlashAttention2 has been toggled on, but it cannot be used due to the following error: the package for FlashAttention2 doesn't seem to be installed.
[22:15:50] [load] glm4: bf16 device_map=auto attn=sdpa quantization=off
Loading weights:   0%|          | 0/443 [00:00<?, ?it/s]Loading weights:   0%|          | 2/443 [00:00<00:48,  9.10it/s]Loading weights:   6%|▌         | 27/443 [00:00<00:04, 100.78it/s]Loading weights:  12%|█▏        | 52/443 [00:00<00:02, 148.63it/s]Loading weights:  21%|██        | 93/443 [00:00<00:01, 224.07it/s]Loading weights:  28%|██▊       | 126/443 [00:00<00:01, 251.60it/s]Loading weights:  35%|███▌      | 157/443 [00:00<00:01, 259.02it/s]Loading weights:  43%|████▎     | 192/443 [00:00<00:00, 284.81it/s]Loading weights:  50%|█████     | 223/443 [00:00<00:00, 275.30it/s]Loading weights:  58%|█████▊    | 259/443 [00:01<00:00, 299.35it/s]Loading weights:  66%|██████▌   | 291/443 [00:01<00:00, 304.53it/s]Loading weights:  73%|███████▎  | 323/443 [00:01<00:00, 300.34it/s]Loading weights:  80%|████████  | 356/443 [00:01<00:00, 302.65it/s]Loading weights:  88%|████████▊ | 390/443 [00:01<00:00, 307.14it/s]Loading weights:  95%|█████████▌| 423/443 [00:01<00:00, 306.87it/s]Loading weights: 100%|██████████| 443/443 [00:01<00:00, 266.09it/s]
[22:15:52] [load] glm4: loaded sdpa, device=cuda:0, gpu=18.80GB
[22:15:53] glm4: readout bridge audit 1/1 cases; rows=63
[model_utils] GPU memory released, allocated=18.81 GB
{
  "model": "glm4",
  "round": "smoke",
  "attn": "sdpa",
  "n_cases": 1,
  "by_prompt_observation": [
    {
      "prompt_variant": "without_candidate_list",
      "n": 1,
      "case_n": 1,
      "base_top1_rate": 0.0,
      "pool_top1_rate": 1.0,
      "latent_pool_hit_rate": 1.0,
      "mean_base_target_rank": 201.0,
      "mean_pool_target_rank": 1.0,
      "mean_top1_gap_above_target": 6.65625
    },
    {
      "prompt_variant": "with_candidate_list",
      "n": 1,
      "case_n": 1,
      "base_top1_rate": 1.0,
      "pool_top1_rate": 1.0,
      "latent_pool_hit_rate": 0.0,
      "mean_base_target_rank": 1.0,
      "mean_pool_target_rank": 1.0,
      "mean_top1_gap_above_target": 0.0
    },
    {
      "prompt_variant": "constrained_free_prompt",
      "n": 1,
      "case_n": 1,
      "base_top1_rate": 0.0,
      "pool_top1_rate": 1.0,
      "latent_pool_hit_rate": 1.0,
      "mean_base_target_rank": 166.0,
      "mean_pool_target_rank": 1.0,
      "mean_top1_gap_above_target": 6.125
    }
  ],
  "latent_top1_competitor_by_prompt": [
    {
      "prompt_variant": "without_candidate_list",
      "competitor_class": "lexical_capitalized",
      "n": 1,
      "case_n": 1,
      "mean_gap_above_target": 6.65625,
      "mean_base_target_rank": 201.0,
      "mean_pool_target_rank": 1.0
    },
    {
      "prompt_variant": "constrained_free_prompt",
      "competitor_class": "lexical_capitalized",
      "n": 1,
      "case_n": 1,
      "mean_gap_above_target": 6.125,
      "mean_base_target_rank": 166.0,
      "mean_pool_target_rank": 1.0
    }
  ]
}
