[07:26:39] glm4/main: pairs=6 target=hidden_40 audits=2 combo_candidates=3
[07:26:40] [load] glm4: bf16 device_map=auto attn=eager quantization=off
`torch_dtype` is deprecated! Use `dtype` instead!
Loading weights:   0%|          | 0/443 [00:00<?, ?it/s]Loading weights:   1%|          | 3/443 [00:00<00:17, 25.75it/s]Loading weights:   8%|▊         | 35/443 [00:00<00:02, 179.27it/s]Loading weights:  16%|█▌        | 71/443 [00:00<00:01, 247.41it/s]Loading weights:  23%|██▎       | 104/443 [00:00<00:01, 265.36it/s]Loading weights:  31%|███       | 136/443 [00:00<00:01, 276.45it/s]Loading weights:  38%|███▊      | 170/443 [00:00<00:00, 288.65it/s]Loading weights:  46%|████▌     | 203/443 [00:00<00:00, 294.06it/s]Loading weights:  53%|█████▎    | 236/443 [00:00<00:00, 290.67it/s]Loading weights:  61%|██████    | 269/443 [00:01<00:00, 288.84it/s]Loading weights:  68%|██████▊   | 302/443 [00:01<00:00, 298.64it/s]Loading weights:  76%|███████▌  | 335/443 [00:01<00:00, 291.42it/s]Loading weights:  83%|████████▎ | 368/443 [00:01<00:00, 296.51it/s]Loading weights:  90%|████████▉ | 398/443 [00:01<00:00, 296.56it/s]Loading weights:  97%|█████████▋| 428/443 [00:01<00:00, 266.26it/s]Loading weights: 100%|██████████| 443/443 [00:01<00:00, 280.02it/s]
[07:26:42] [load] glm4: loaded eager, device=cuda:0, gpu=18.80GB
[07:26:49] glm4: combined closure 2/6 pairs; rows=40
[07:26:55] glm4: combined closure 4/6 pairs; rows=80
[07:27:02] glm4: combined closure 6/6 pairs; rows=120
[model_utils] GPU memory released, allocated=18.81 GB
{
  "model": "glm4",
  "round": "main",
  "target_site": "hidden_40",
  "ranked_candidates": [
    {
      "component_id": "L38:mlp_out",
      "layer": 38,
      "component": "mlp_out",
      "phase741_joint_add_effect": 0.6707513981327047,
      "phase741_joint_add_fraction": 0.699895211424984,
      "phase741_target_top1_rate": 0.2,
      "phase740_mean_patched_fraction": 0.04181411292136393,
      "phase740_mean_donor_fraction": 1.0458718891793892
    },
    {
      "component_id": "L39:mlp_out",
      "layer": 39,
      "component": "mlp_out",
      "phase741_joint_add_effect": 0.20442254623899006,
      "phase741_joint_add_fraction": 0.233566358680604,
      "phase741_target_top1_rate": 0.0,
      "phase740_mean_patched_fraction": 0.004088608673849683,
      "phase740_mean_donor_fraction": 0.31188196308309846
    },
    {
      "component_id": "L37:mlp_out",
      "layer": 37,
      "component": "mlp_out",
      "phase741_joint_add_effect": 0.05260005221698597,
      "phase741_joint_add_fraction": 0.08174386849240683,
      "phase741_target_top1_rate": 0.0,
      "phase740_mean_patched_fraction": 0.0003999503792660739,
      "phase740_mean_donor_fraction": 0.05889259273735783
    }
  ],
  "condition_summary": [
    {
      "condition": "joint_base",
      "combo_k": 0,
      "combo_components": [],
      "n": 12,
      "mean_fraction_of_threshold": 0.028338653042059233,
      "mean_effect_vs_joint_fraction": 0.0,
      "mean_effect_vs_donor_fraction": -1.8666974357681,
      "mean_target_rank": 114.58333333333333,
      "target_top1_rate": 0.0,
      "mean_margin_donor_vs_top": -8.479166666666666,
      "top_token_counts": {
        " tool": 2,
        " bitter": 2,
        " blue": 2,
        " purple": 2,
        " fruit": 2,
        " sweet": 2
      },
      "expected_add_effect_sum": 0
    },
    {
      "condition": "donor_erase_top1",
      "combo_k": 1,
      "combo_components": [
        "L38:mlp_out"
      ],
      "n": 12,
      "mean_fraction_of_threshold": 1.2137554536056854,
      "mean_effect_vs_joint_fraction": 1.1854168334164628,
      "mean_effect_vs_donor_fraction": -0.6812806840173367,
      "mean_target_rank": 1.0,
      "target_top1_rate": 1.0,
      "mean_margin_donor_vs_top": 0.0,
      "top_token_counts": {
        " fruit": 2,
        " sweet": 2,
        " yellow": 2,
        " orange": 2,
        " object": 2,
        " none": 2
      },
      "expected_add_effect_sum": 0.6707513981327047
    },
    {
      "condition": "joint_add_top1",
      "combo_k": 1,
      "combo_components": [
        "L38:mlp_out"
      ],
      "n": 12,
      "mean_fraction_of_threshold": 0.698740710938476,
      "mean_effect_vs_joint_fraction": 0.6704020591538629,
      "mean_effect_vs_donor_fraction": -1.1962953736360724,
      "mean_target_rank": 4.25,
      "target_top1_rate": 0.16666666666666666,
      "mean_margin_donor_vs_top": -1.9270833333333333,
      "top_token_counts": {
        " fruit": 2,
        " bitter": 2,
        " blue": 2,
        " purple": 2,
        " stone": 2,
        " sweet": 2
      },
      "expected_add_effect_sum": 0.6707513981327047
    },
    {
      "condition": "recipient_add_top1",
      "combo_k": 1,
      "combo_components": [
        "L38:mlp_out"
      ],
      "n": 12,
      "mean_fraction_of_threshold": 0.6710732991725493,
      "mean_effect_vs_joint_fraction": 0.6427346581449982,
      "mean_effect_vs_donor_fraction": -1.223962795789175,
      "mean_target_rank": 5.0,
      "target_top1_rate": 0.16666666666666666,
      "mean_margin_donor_vs_top": -2.1302083333333335,
      "top_token_counts": {
        " fruit": 2,
        " bitter": 2,
        " blue": 2,
        " purple": 2,
        " stone": 2,
        " sweet": 2
      },
      "expected_add_effect_sum": 0.6707513981327047
    },
    {
      "condition": "donor_erase_top2",
      "combo_k": 2,
      "combo_components": [
        "L38:mlp_out",
        "L39:mlp_out"
      ],
      "n": 12,
      "mean_fraction_of_threshold": 1.097700077364382,
      "mean_effect_vs_joint_fraction": 1.0693614173801604,
      "mean_effect_vs_donor_fraction": -0.7973361075190758,
      "mean_target_rank": 1.1666666666666667,
      "target_top1_rate": 0.8333333333333334,
      "mean_margin_donor_vs_top": -0.08333333333333333,
      "top_token_counts": {
        " fruit": 2,
        " sweet": 2,
        " yellow": 2,
        " orange": 2,
        " object": 2,
        " taste": 2
      },
      "expected_add_effect_sum": 0.8751739443716947
    },
    {
      "condition": "joint_add_top2",
      "combo_k": 2,
      "combo_components": [
        "L38:mlp_out",
        "L39:mlp_out"
      ],
      "n": 12,
      "mean_fraction_of_threshold": 0.8942003427433917,
      "mean_effect_vs_joint_fraction": 0.8658616921432297,
      "mean_effect_vs_donor_fraction": -1.0008357867159365,
      "mean_target_rank": 3.5833333333333335,
      "target_top1_rate": 0.3333333333333333,
      "mean_margin_donor_vs_top": -1.3958333333333333,
      "top_token_counts": {
        " fruit": 2,
        " B": 2,
        " blue": 2,
        " orange": 2,
        " stone": 2,
        " taste": 2
      },
      "expected_add_effect_sum": 0.8751739443716947
    },
    {
      "condition": "recipient_add_top2",
      "combo_k": 2,
      "combo_components": [
        "L38:mlp_out",
        "L39:mlp_out"
      ],
      "n": 12,
      "mean_fraction_of_threshold": 0.8695168502416563,
      "mean_effect_vs_joint_fraction": 0.8411781746406573,
      "mean_effect_vs_donor_fraction": -1.0255192971936733,
      "mean_target_rank": 4.166666666666667,
      "target_top1_rate": 0.3333333333333333,
      "mean_margin_donor_vs_top": -1.4895833333333333,
      "top_token_counts": {
        " fruit": 2,
        " B": 2,
        " blue": 2,
        " orange": 2,
        " stone": 2,
        " taste": 2
      },
      "expected_add_effect_sum": 0.8751739443716947
    },
    {
      "condition": "donor_erase_top3",
      "combo_k": 3,
      "combo_components": [
        "L38:mlp_out",
        "L39:mlp_out",
        "L37:mlp_out"
      ],
      "n": 12,
      "mean_fraction_of_threshold": 1.0665361481739277,
      "mean_effect_vs_joint_fraction": 1.038197514014044,
      "mean_effect_vs_donor_fraction": -0.8284999537009384,
      "mean_target_rank": 1.1666666666666667,
      "target_top1_rate": 0.8333333333333334,
      "mean_margin_donor_vs_top": -0.14583333333333334,
      "top_token_counts": {
        " fruit": 2,
        " sweet": 2,
        " yellow": 2,
        " orange": 2,
        " object": 2,
        " taste": 2
      },
      "expected_add_effect_sum": 0.9277739965886808
    },
    {
      "condition": "joint_add_top3",
      "combo_k": 3,
      "combo_components": [
        "L38:mlp_out",
        "L39:mlp_out",
        "L37:mlp_out"
      ],
      "n": 12,
      "mean_fraction_of_threshold": 0.9422289444072075,
      "mean_effect_vs_joint_fraction": 0.9138902576673945,
      "mean_effect_vs_donor_fraction": -0.9528071785141664,
      "mean_target_rank": 3.5,
      "target_top1_rate": 0.5,
      "mean_margin_donor_vs_top": -1.0885416666666667,
      "top_token_counts": {
        " fruit": 2,
        " B": 2,
        " yellow": 2,
        " orange": 2,
        " stone": 3,
        " taste": 1
      },
      "expected_add_effect_sum": 0.9277739965886808
    },
    {
      "condition": "recipient_add_top3",
      "combo_k": 3,
      "combo_components": [
        "L38:mlp_out",
        "L39:mlp_out",
        "L37:mlp_out"
      ],
      "n": 12,
      "mean_fraction_of_threshold": 0.9185469472674984,
      "mean_effect_vs_joint_fraction": 0.8902083129149401,
      "mean_effect_vs_donor_fraction": -0.976489206692964,
      "mean_target_rank": 4.166666666666667,
      "target_top1_rate": 0.3333333333333333,
      "mean_margin_donor_vs_top": -1.21875,
      "top_token_counts": {
        " fruit": 2,
        " B": 2,
        " blue": 2,
        " orange": 2,
        " stone": 4
      },
      "expected_add_effect_sum": 0.9277739965886808
    }
  ]
}
