[07:27:04] deepseek7b/main: pairs=6 target=hidden_28 audits=2 combo_candidates=3
[07:27:05] [load] deepseek7b: bf16 device_map=auto attn=eager quantization=off
`torch_dtype` is deprecated! Use `dtype` instead!
Loading weights:   0%|          | 0/339 [00:00<?, ?it/s]Loading weights:   1%|▏         | 5/339 [00:00<00:06, 48.04it/s]Loading weights:  12%|█▏        | 39/339 [00:00<00:01, 192.67it/s]Loading weights:  22%|██▏       | 75/339 [00:00<00:01, 239.02it/s]Loading weights:  33%|███▎      | 111/339 [00:00<00:00, 262.32it/s]Loading weights:  43%|████▎     | 147/339 [00:00<00:00, 259.57it/s]Loading weights:  55%|█████▍    | 185/339 [00:00<00:00, 286.46it/s]Loading weights:  63%|██████▎   | 214/339 [00:00<00:00, 278.46it/s]Loading weights:  71%|███████▏  | 242/339 [00:00<00:00, 278.68it/s]Loading weights:  80%|███████▉  | 270/339 [00:01<00:00, 267.95it/s]Loading weights:  88%|████████▊ | 300/339 [00:01<00:00, 269.17it/s]Loading weights:  97%|█████████▋| 330/339 [00:01<00:00, 264.78it/s]Loading weights: 100%|██████████| 339/339 [00:01<00:00, 265.67it/s]
[07:27:07] [load] deepseek7b: loaded eager, device=cuda:0, gpu=15.23GB
[07:27:13] deepseek7b: combined closure 2/6 pairs; rows=40
[07:27:18] deepseek7b: combined closure 4/6 pairs; rows=80
[07:27:24] deepseek7b: combined closure 6/6 pairs; rows=120
[model_utils] GPU memory released, allocated=15.24 GB
{
  "model": "deepseek7b",
  "round": "main",
  "target_site": "hidden_28",
  "ranked_candidates": [
    {
      "component_id": "L26:attn_out",
      "layer": 26,
      "component": "attn_out",
      "phase741_joint_add_effect": 0.3100355371735994,
      "phase741_joint_add_fraction": 0.3276488426991234,
      "phase741_target_top1_rate": 0.0,
      "phase740_mean_patched_fraction": 0.05719511961941759,
      "phase740_mean_donor_fraction": 2.5941364463811385
    },
    {
      "component_id": "L27:attn_out",
      "layer": 27,
      "component": "attn_out",
      "phase741_joint_add_effect": 0.21130354358631293,
      "phase741_joint_add_fraction": 0.22891685099706435,
      "phase741_target_top1_rate": 0.0,
      "phase740_mean_patched_fraction": 0.028992483721936087,
      "phase740_mean_donor_fraction": 1.8331010374867347
    },
    {
      "component_id": "L27:mlp_out",
      "layer": 27,
      "component": "mlp_out",
      "phase741_joint_add_effect": 0.03446649977325627,
      "phase741_joint_add_fraction": 0.05207981140564784,
      "phase741_target_top1_rate": 0.0,
      "phase740_mean_patched_fraction": 0.037053610562865165,
      "phase740_mean_donor_fraction": 0.24532093815331618
    }
  ],
  "condition_summary": [
    {
      "condition": "joint_base",
      "combo_k": 0,
      "combo_components": [],
      "n": 12,
      "mean_fraction_of_threshold": 0.012847734800736664,
      "mean_effect_vs_joint_fraction": 0.0,
      "mean_effect_vs_donor_fraction": -1.004173272196432,
      "mean_target_rank": 2239.75,
      "target_top1_rate": 0.0,
      "mean_margin_donor_vs_top": -10.261393229166666,
      "top_token_counts": {
        " tool": 1,
        " category": 1,
        " bitter": 1,
        " sweet": 2,
        " blue": 1,
        " yellow": 1,
        " The": 1,
        " orange": 1,
        " stone": 1,
        " object": 1,
        " none": 1
      },
      "expected_add_effect_sum": 0
    },
    {
      "condition": "donor_erase_top1",
      "combo_k": 1,
      "combo_components": [
        "L26:attn_out"
      ],
      "n": 12,
      "mean_fraction_of_threshold": 0.713505156833553,
      "mean_effect_vs_joint_fraction": 0.7006574193606395,
      "mean_effect_vs_donor_fraction": -0.3035158530897195,
      "mean_target_rank": 5.416666666666667,
      "target_top1_rate": 0.3333333333333333,
      "mean_margin_donor_vs_top": -1.6354166666666667,
      "top_token_counts": {
        " category": 2,
        " The": 5,
        " yellow": 1,
        " orange": 1,
        " object": 1,
        " stone": 1,
        " none": 1
      },
      "expected_add_effect_sum": 0.3100355371735994
    },
    {
      "condition": "joint_add_top1",
      "combo_k": 1,
      "combo_components": [
        "L26:attn_out"
      ],
      "n": 12,
      "mean_fraction_of_threshold": 0.3040614032486795,
      "mean_effect_vs_joint_fraction": 0.2912136743829042,
      "mean_effect_vs_donor_fraction": -0.7129595840986966,
      "mean_target_rank": 47.416666666666664,
      "target_top1_rate": 0.0,
      "mean_margin_donor_vs_top": -5.833333333333333,
      "top_token_counts": {
        " category": 2,
        " The": 5,
        " yellow": 1,
        " orange": 1,
        " stone": 1,
        " object": 1,
        " none": 1
      },
      "expected_add_effect_sum": 0.3100355371735994
    },
    {
      "condition": "recipient_add_top1",
      "combo_k": 1,
      "combo_components": [
        "L26:attn_out"
      ],
      "n": 12,
      "mean_fraction_of_threshold": 0.2830958087433281,
      "mean_effect_vs_joint_fraction": 0.2702480668893991,
      "mean_effect_vs_donor_fraction": -0.7339252144857453,
      "mean_target_rank": 50.416666666666664,
      "target_top1_rate": 0.0,
      "mean_margin_donor_vs_top": -5.947916666666667,
      "top_token_counts": {
        " category": 2,
        " The": 5,
        " yellow": 1,
        " orange": 1,
        " stone": 1,
        " object": 1,
        " none": 1
      },
      "expected_add_effect_sum": 0.3100355371735994
    },
    {
      "condition": "donor_erase_top2",
      "combo_k": 2,
      "combo_components": [
        "L26:attn_out",
        "L27:attn_out"
      ],
      "n": 12,
      "mean_fraction_of_threshold": 0.4833232435221237,
      "mean_effect_vs_joint_fraction": 0.4704755199197133,
      "mean_effect_vs_donor_fraction": -0.53369776023059,
      "mean_target_rank": 31.583333333333332,
      "target_top1_rate": 0.08333333333333333,
      "mean_margin_donor_vs_top": -3.5677083333333335,
      "top_token_counts": {
        " category": 2,
        " The": 5,
        " ?\n": 1,
        " orange": 1,
        " stone": 2,
        " none": 1
      },
      "expected_add_effect_sum": 0.5213390807599123
    },
    {
      "condition": "joint_add_top2",
      "combo_k": 2,
      "combo_components": [
        "L26:attn_out",
        "L27:attn_out"
      ],
      "n": 12,
      "mean_fraction_of_threshold": 0.5605267224479942,
      "mean_effect_vs_joint_fraction": 0.5476789866698432,
      "mean_effect_vs_donor_fraction": -0.45649427967047274,
      "mean_target_rank": 13.0,
      "target_top1_rate": 0.08333333333333333,
      "mean_margin_donor_vs_top": -2.71875,
      "top_token_counts": {
        " category": 2,
        " The": 5,
        " orange": 1,
        " __": 1,
        " stone": 2,
        " none": 1
      },
      "expected_add_effect_sum": 0.5213390807599123
    },
    {
      "condition": "recipient_add_top2",
      "combo_k": 2,
      "combo_components": [
        "L26:attn_out",
        "L27:attn_out"
      ],
      "n": 12,
      "mean_fraction_of_threshold": 0.5384853101284187,
      "mean_effect_vs_joint_fraction": 0.5256375813044294,
      "mean_effect_vs_donor_fraction": -0.47853570437395493,
      "mean_target_rank": 13.833333333333334,
      "target_top1_rate": 0.08333333333333333,
      "mean_margin_donor_vs_top": -2.8958333333333335,
      "top_token_counts": {
        " category": 2,
        " The": 6,
        " orange": 1,
        " stone": 2,
        " none": 1
      },
      "expected_add_effect_sum": 0.5213390807599123
    },
    {
      "condition": "donor_erase_top3",
      "combo_k": 3,
      "combo_components": [
        "L26:attn_out",
        "L27:attn_out",
        "L27:mlp_out"
      ],
      "n": 12,
      "mean_fraction_of_threshold": 0.4340367931140256,
      "mean_effect_vs_joint_fraction": 0.42118907293424934,
      "mean_effect_vs_donor_fraction": -0.5829842234806538,
      "mean_target_rank": 64.33333333333333,
      "target_top1_rate": 0.0,
      "mean_margin_donor_vs_top": -4.833333333333333,
      "top_token_counts": {
        " category": 2,
        " The": 5,
        " ?\n": 1,
        " ?\n\n": 1,
        " orange": 1,
        " stone": 1,
        " __": 1
      },
      "expected_add_effect_sum": 0.5558055805331685
    },
    {
      "condition": "joint_add_top3",
      "combo_k": 3,
      "combo_components": [
        "L26:attn_out",
        "L27:attn_out",
        "L27:mlp_out"
      ],
      "n": 12,
      "mean_fraction_of_threshold": 0.5846317609014673,
      "mean_effect_vs_joint_fraction": 0.5717840324557165,
      "mean_effect_vs_donor_fraction": -0.43238924038046117,
      "mean_target_rank": 12.833333333333334,
      "target_top1_rate": 0.08333333333333333,
      "mean_margin_donor_vs_top": -2.7604166666666665,
      "top_token_counts": {
        " category": 2,
        " taste": 1,
        " The": 5,
        " orange": 1,
        " stone": 1,
        " object": 1,
        " __": 1
      },
      "expected_add_effect_sum": 0.5558055805331685
    },
    {
      "condition": "recipient_add_top3",
      "combo_k": 3,
      "combo_components": [
        "L26:attn_out",
        "L27:attn_out",
        "L27:mlp_out"
      ],
      "n": 12,
      "mean_fraction_of_threshold": 0.5637313396493887,
      "mean_effect_vs_joint_fraction": 0.5508836071122895,
      "mean_effect_vs_donor_fraction": -0.4532896683308662,
      "mean_target_rank": 13.333333333333334,
      "target_top1_rate": 0.08333333333333333,
      "mean_margin_donor_vs_top": -3.0052083333333335,
      "top_token_counts": {
        " category": 2,
        " taste": 1,
        " The": 6,
        " orange": 1,
        " object": 1,
        " none": 1
      },
      "expected_add_effect_sum": 0.5558055805331685
    }
  ]
}
