2026-05-30T17:11:34+08:00 rankrank-4090D kernel: audit: type=1400 audit(1780132294.028:255): apparmor="DENIED" operation="unlink" class="file" profile="snap.firefox.firefox" name="/dev/char/195:254" pid=4596 comm="CanvasRenderer" requested_mask="d" denied_mask="d" fsuid=1000 ouid=0
2026-05-30T17:11:46+08:00 rankrank-4090D kernel: audit: type=1400 audit(1780132306.680:256): apparmor="DENIED" operation="unlink" class="file" profile="snap.firefox.firefox" name="/dev/char/195:254" pid=4596 comm="CanvasRenderer" requested_mask="d" denied_mask="d" fsuid=1000 ouid=0
2026-05-30T17:11:46+08:00 rankrank-4090D kernel: audit: type=1400 audit(1780132306.684:257): apparmor="DENIED" operation="unlink" class="file" profile="snap.firefox.firefox" name="/dev/char/195:254" pid=4596 comm="CanvasRenderer" requested_mask="d" denied_mask="d" fsuid=1000 ouid=0
2026-05-30T17:11:46+08:00 rankrank-4090D kernel: audit: type=1400 audit(1780132306.699:258): apparmor="DENIED" operation="unlink" class="file" profile="snap.firefox.firefox" name="/dev/char/195:254" pid=4596 comm="CanvasRenderer" requested_mask="d" denied_mask="d" fsuid=1000 ouid=0
2026-05-30T17:11:46+08:00 rankrank-4090D kernel: audit: type=1400 audit(1780132306.703:259): apparmor="DENIED" operation="unlink" class="file" profile="snap.firefox.firefox" name="/dev/char/195:254" pid=4596 comm="CanvasRenderer" requested_mask="d" denied_mask="d" fsuid=1000 ouid=0
2026-05-30T17:17:04+08:00 rankrank-4090D kernel: audit: type=1400 audit(1780132624.215:260): apparmor="DENIED" operation="unlink" class="file" profile="snap.firefox.firefox" name="/dev/char/195:254" pid=4596 comm="CanvasRenderer" requested_mask="d" denied_mask="d" fsuid=1000 ouid=0
2026-05-30T17:17:04+08:00 rankrank-4090D kernel: audit: type=1400 audit(1780132624.220:261): apparmor="DENIED" operation="unlink" class="file" profile="snap.firefox.firefox" name="/dev/char/195:254" pid=4596 comm="CanvasRenderer" requested_mask="d" denied_mask="d" fsuid=1000 ouid=0
2026-05-30T17:17:11+08:00 rankrank-4090D kernel: audit: type=1400 audit(1780132631.930:262): apparmor="ALLOWED" operation="userns_create" class="namespace" profile="snap.code.code" pid=6904 comm="bwrap" requested="userns_create" denied="userns_create"
2026-05-30T17:18:34+08:00 rankrank-4090D kernel: audit: type=1400 audit(1780132714.838:263): apparmor="DENIED" operation="unlink" class="file" profile="snap.firefox.firefox" name="/dev/char/195:254" pid=4596 comm="CanvasRenderer" requested_mask="d" denied_mask="d" fsuid=1000 ouid=0
2026-05-30T17:18:34+08:00 rankrank-4090D kernel: audit: type=1400 audit(1780132714.890:264): apparmor="DENIED" operation="unlink" class="file" profile="snap.firefox.firefox" name="/dev/char/195:254" pid=4596 comm="CanvasRenderer" requested_mask="d" denied_mask="d" fsuid=1000 ouid=0
2026-05-30T17:27:21+08:00 rankrank-4090D kernel: sched: RT throttling activated
2026-05-30T17:29:50+08:00 rankrank-4090D kernel: INFO: task code:6516 blocked for more than 122 seconds.
2026-05-30T17:29:50+08:00 rankrank-4090D kernel:       Tainted: P           OE      6.8.0-117-generic #117-Ubuntu
2026-05-30T17:29:50+08:00 rankrank-4090D kernel: "echo 0 > /proc/sys/kernel/hung_task_timeout_secs" disables this message.
2026-05-30T17:29:50+08:00 rankrank-4090D kernel: task:code            state:D stack:0     pid:6516  tgid:6516  ppid:6513   flags:0x00000004
2026-05-30T17:29:50+08:00 rankrank-4090D kernel: Call Trace:
2026-05-30T17:29:50+08:00 rankrank-4090D kernel:  <TASK>
2026-05-30T17:29:50+08:00 rankrank-4090D kernel:  __schedule+0x27c/0x6b0
2026-05-30T17:29:50+08:00 rankrank-4090D kernel:  ? __schedule+0x284/0x6b0
2026-05-30T17:29:50+08:00 rankrank-4090D kernel:  schedule+0x33/0x110
2026-05-30T17:29:50+08:00 rankrank-4090D kernel:  schedule_preempt_disabled+0x15/0x30
2026-05-30T17:29:50+08:00 rankrank-4090D kernel:  rwsem_down_write_slowpath+0x27e/0x550
2026-05-30T17:29:50+08:00 rankrank-4090D kernel:  down_write+0x5c/0x80
2026-05-30T17:29:50+08:00 rankrank-4090D kernel:  os_acquire_rwlock_write+0x3c/0x70 [nvidia]
2026-05-30T17:29:50+08:00 rankrank-4090D kernel:  _nv050001rm+0x10/0x40 [nvidia]
2026-05-30T17:29:50+08:00 rankrank-4090D kernel:  ? _nv051451rm+0x284/0x360 [nvidia]
2026-05-30T17:29:50+08:00 rankrank-4090D kernel:  ? _nv053483rm+0x54/0xd0 [nvidia]
2026-05-30T17:29:50+08:00 rankrank-4090D kernel:  ? _nv053452rm+0xca/0x7d0 [nvidia]
2026-05-30T17:29:50+08:00 rankrank-4090D kernel:  ? _nv051483rm+0x126/0x180 [nvidia]
2026-05-30T17:29:50+08:00 rankrank-4090D kernel:  ? _nv051484rm+0x52/0x80 [nvidia]
2026-05-30T17:29:50+08:00 rankrank-4090D kernel:  ? _nv000642rm+0x5a/0x70 [nvidia]
2026-05-30T17:29:50+08:00 rankrank-4090D kernel:  ? _nv000776rm+0x5b6/0xe00 [nvidia]
2026-05-30T17:29:50+08:00 rankrank-4090D kernel:  ? rm_ioctl+0x7f/0x400 [nvidia]
2026-05-30T17:29:50+08:00 rankrank-4090D kernel:  ? nvidia_unlocked_ioctl+0x4c1/0x9a0 [nvidia]
2026-05-30T17:29:50+08:00 rankrank-4090D kernel:  ? __x64_sys_ioctl+0xa0/0xf0
2026-05-30T17:29:50+08:00 rankrank-4090D kernel:  ? x64_sys_call+0x12a3/0x25a0
2026-05-30T17:29:50+08:00 rankrank-4090D kernel:  ? do_syscall_64+0x7f/0x180
2026-05-30T17:29:50+08:00 rankrank-4090D kernel:  ? trigger_load_balance+0x4d/0x70
2026-05-30T17:29:50+08:00 rankrank-4090D kernel:  ? scheduler_tick+0x158/0x390
2026-05-30T17:29:50+08:00 rankrank-4090D kernel:  ? update_process_times+0x8e/0xb0
2026-05-30T17:29:50+08:00 rankrank-4090D kernel:  ? tick_sched_handle+0x32/0x70
2026-05-30T17:29:50+08:00 rankrank-4090D kernel:  ? timerqueue_add+0xa6/0xd0
2026-05-30T17:29:50+08:00 rankrank-4090D kernel:  ? ktime_get+0x45/0xc0
2026-05-30T17:29:50+08:00 rankrank-4090D kernel:  ? __pfx_tick_nohz_highres_handler+0x10/0x10
2026-05-30T17:29:50+08:00 rankrank-4090D kernel:  ? lapic_next_deadline+0x2c/0x50
2026-05-30T17:29:50+08:00 rankrank-4090D kernel:  ? clockevents_program_event+0xbe/0x150
2026-05-30T17:29:50+08:00 rankrank-4090D kernel:  ? tick_program_event+0x43/0xa0
2026-05-30T17:29:50+08:00 rankrank-4090D kernel:  ? hrtimer_interrupt+0x11f/0x250
2026-05-30T17:29:50+08:00 rankrank-4090D kernel:  ? arch_exit_to_user_mode_prepare.isra.0+0x1a/0xe0
2026-05-30T17:29:50+08:00 rankrank-4090D kernel:  ? irqentry_exit_to_user_mode+0x38/0x1e0
2026-05-30T17:29:50+08:00 rankrank-4090D kernel:  ? irqentry_exit+0x43/0x50
2026-05-30T17:29:50+08:00 rankrank-4090D kernel:  ? entry_SYSCALL_64_after_hwframe+0x78/0x80
2026-05-30T17:29:50+08:00 rankrank-4090D kernel:  </TASK>
2026-05-30T17:29:50+08:00 rankrank-4090D kernel: INFO: task nvtop:8170 blocked for more than 122 seconds.
2026-05-30T17:29:50+08:00 rankrank-4090D kernel:       Tainted: P           OE      6.8.0-117-generic #117-Ubuntu
2026-05-30T17:29:50+08:00 rankrank-4090D kernel: "echo 0 > /proc/sys/kernel/hung_task_timeout_secs" disables this message.
2026-05-30T17:29:50+08:00 rankrank-4090D kernel: task:nvtop           state:D stack:0     pid:8170  tgid:8170  ppid:8123   flags:0x00000002
2026-05-30T17:29:50+08:00 rankrank-4090D kernel: Call Trace:
2026-05-30T17:29:50+08:00 rankrank-4090D kernel:  <TASK>
2026-05-30T17:29:50+08:00 rankrank-4090D kernel:  __schedule+0x27c/0x6b0
2026-05-30T17:29:50+08:00 rankrank-4090D kernel:  schedule+0x33/0x110
2026-05-30T17:29:50+08:00 rankrank-4090D kernel:  schedule_preempt_disabled+0x15/0x30
2026-05-30T17:29:50+08:00 rankrank-4090D kernel:  rwsem_down_read_slowpath+0x284/0x4d0
2026-05-30T17:29:50+08:00 rankrank-4090D kernel:  ? _nv051435rm+0x45/0x120 [nvidia]
2026-05-30T17:29:50+08:00 rankrank-4090D kernel:  down_read+0x48/0xd0
2026-05-30T17:29:50+08:00 rankrank-4090D kernel:  os_acquire_rwlock_read+0x3c/0x70 [nvidia]
2026-05-30T17:29:50+08:00 rankrank-4090D kernel:  _nv049999rm+0x10/0x40 [nvidia]
2026-05-30T17:29:50+08:00 rankrank-4090D kernel:  ? _nv051451rm+0x2c4/0x360 [nvidia]
2026-05-30T17:29:50+08:00 rankrank-4090D kernel:  ? _nv053483rm+0x54/0xd0 [nvidia]
2026-05-30T17:29:50+08:00 rankrank-4090D kernel:  ? _nv053414rm+0xa0/0x500 [nvidia]
2026-05-30T17:29:50+08:00 rankrank-4090D kernel:  ? _nv015046rm+0x424/0x680 [nvidia]
2026-05-30T17:29:50+08:00 rankrank-4090D kernel:  ? _nv051425rm+0x69/0xd0 [nvidia]
2026-05-30T17:29:50+08:00 rankrank-4090D kernel:  ? _nv015014rm+0x1f/0x30 [nvidia]
2026-05-30T17:29:50+08:00 rankrank-4090D kernel:  ? _nv012258rm+0x16a/0x260 [nvidia]
2026-05-30T17:29:50+08:00 rankrank-4090D kernel:  ? _nv012257rm+0x260/0x260 [nvidia]
2026-05-30T17:29:50+08:00 rankrank-4090D kernel:  ? _nv013402rm+0x3d/0xa0 [nvidia]
2026-05-30T17:29:50+08:00 rankrank-4090D kernel:  ? _nv000776rm+0x8d2/0xe00 [nvidia]
2026-05-30T17:29:50+08:00 rankrank-4090D kernel:  ? rm_ioctl+0x7f/0x400 [nvidia]
2026-05-30T17:29:50+08:00 rankrank-4090D kernel:  ? do_syscall_64+0x8c/0x180
2026-05-30T17:29:50+08:00 rankrank-4090D kernel:  ? nvidia_unlocked_ioctl+0x4c1/0x9a0 [nvidia]
2026-05-30T17:29:50+08:00 rankrank-4090D kernel:  ? __x64_sys_ioctl+0xa0/0xf0
2026-05-30T17:29:50+08:00 rankrank-4090D kernel:  ? x64_sys_call+0x12a3/0x25a0
2026-05-30T17:29:50+08:00 rankrank-4090D kernel:  ? do_syscall_64+0x7f/0x180
2026-05-30T17:29:50+08:00 rankrank-4090D kernel:  ? __task_pid_nr_ns+0x62/0xf0
2026-05-30T17:29:50+08:00 rankrank-4090D kernel:  ? arch_exit_to_user_mode_prepare.isra.0+0x1a/0xe0
2026-05-30T17:29:50+08:00 rankrank-4090D kernel:  ? syscall_exit_to_user_mode+0x43/0x1e0
2026-05-30T17:29:50+08:00 rankrank-4090D kernel:  ? do_syscall_64+0x8c/0x180
2026-05-30T17:29:50+08:00 rankrank-4090D kernel:  ? syscall_exit_to_user_mode+0x43/0x1e0
2026-05-30T17:29:50+08:00 rankrank-4090D kernel:  ? do_syscall_64+0x8c/0x180
2026-05-30T17:29:50+08:00 rankrank-4090D kernel:  ? do_syscall_64+0x8c/0x180
2026-05-30T17:29:50+08:00 rankrank-4090D kernel:  ? do_syscall_64+0x8c/0x180
2026-05-30T17:29:50+08:00 rankrank-4090D kernel:  ? irqentry_exit+0x43/0x50
2026-05-30T17:29:50+08:00 rankrank-4090D kernel:  ? entry_SYSCALL_64_after_hwframe+0x78/0x80
2026-05-30T17:29:50+08:00 rankrank-4090D kernel:  </TASK>
2026-05-30T17:29:50+08:00 rankrank-4090D kernel: INFO: task python:11846 blocked for more than 122 seconds.
2026-05-30T17:29:50+08:00 rankrank-4090D kernel:       Tainted: P           OE      6.8.0-117-generic #117-Ubuntu
2026-05-30T17:29:50+08:00 rankrank-4090D kernel: "echo 0 > /proc/sys/kernel/hung_task_timeout_secs" disables this message.
2026-05-30T17:29:50+08:00 rankrank-4090D kernel: task:python          state:D stack:0     pid:11846 tgid:11846 ppid:11845  flags:0x00004002
2026-05-30T17:29:50+08:00 rankrank-4090D kernel: Call Trace:
2026-05-30T17:29:50+08:00 rankrank-4090D kernel:  <TASK>
2026-05-30T17:29:50+08:00 rankrank-4090D kernel:  __schedule+0x27c/0x6b0
2026-05-30T17:29:50+08:00 rankrank-4090D kernel:  ? update_load_avg+0x82/0x850
2026-05-30T17:29:50+08:00 rankrank-4090D kernel:  schedule+0x33/0x110
2026-05-30T17:29:50+08:00 rankrank-4090D kernel:  schedule_preempt_disabled+0x15/0x30
2026-05-30T17:29:50+08:00 rankrank-4090D kernel:  rwsem_down_read_slowpath+0x284/0x4d0
2026-05-30T17:29:50+08:00 rankrank-4090D kernel:  down_read+0x48/0xd0
2026-05-30T17:29:50+08:00 rankrank-4090D kernel:  os_acquire_rwlock_read+0x3c/0x70 [nvidia]
2026-05-30T17:29:50+08:00 rankrank-4090D kernel:  _nv049999rm+0x10/0x40 [nvidia]
2026-05-30T17:29:50+08:00 rankrank-4090D kernel:  ? _nv051451rm+0x2c4/0x360 [nvidia]
2026-05-30T17:29:50+08:00 rankrank-4090D kernel:  ? _nv013416rm+0x82/0x1e0 [nvidia]
2026-05-30T17:29:50+08:00 rankrank-4090D kernel:  ? _nv044251rm+0xa4/0xff0 [nvidia]
2026-05-30T17:29:50+08:00 rankrank-4090D kernel:  ? rm_gpu_ops_get_external_alloc_ptes+0x29/0x70 [nvidia]
2026-05-30T17:29:50+08:00 rankrank-4090D kernel:  ? nvUvmInterfaceGetExternalAllocPtes+0xab/0xe0 [nvidia]
2026-05-30T17:29:50+08:00 rankrank-4090D kernel:  ? map_rm_pt_range+0x2ae/0x5a0 [nvidia_uvm]
2026-05-30T17:29:50+08:00 rankrank-4090D kernel:  ? uvm_page_table_range_vec_init+0x20c/0x2a0 [nvidia_uvm]
2026-05-30T17:29:50+08:00 rankrank-4090D kernel:  ? uvm_va_range_map_rm_allocation+0x330/0x430 [nvidia_uvm]
2026-05-30T17:29:50+08:00 rankrank-4090D kernel:  ? uvm_map_external_allocation_on_gpu+0x36c/0x510 [nvidia_uvm]
2026-05-30T17:29:50+08:00 rankrank-4090D kernel:  ? uvm_map_external_allocation_on_gpu+0x36c/0x510 [nvidia_uvm]
2026-05-30T17:29:50+08:00 rankrank-4090D kernel:  ? uvm_api_map_external_allocation+0x5dd/0x860 [nvidia_uvm]
2026-05-30T17:29:50+08:00 rankrank-4090D kernel:  ? uvm_ioctl+0x1aad/0x1e70 [nvidia_uvm]
2026-05-30T17:29:50+08:00 rankrank-4090D kernel:  ? uvm_ioctl+0x1aad/0x1e70 [nvidia_uvm]
2026-05-30T17:29:50+08:00 rankrank-4090D kernel:  ? uvm_unlocked_ioctl_entry+0x6b/0x90 [nvidia_uvm]
2026-05-30T17:29:50+08:00 rankrank-4090D kernel:  ? arch_exit_to_user_mode_prepare.isra.0+0x1a/0xe0
2026-05-30T17:29:50+08:00 rankrank-4090D kernel:  ? syscall_exit_to_user_mode+0x43/0x1e0
2026-05-30T17:29:50+08:00 rankrank-4090D kernel:  ? do_syscall_64+0x8c/0x180
2026-05-30T17:29:50+08:00 rankrank-4090D kernel:  ? rseq_ip_fixup+0x90/0x170
2026-05-30T17:29:50+08:00 rankrank-4090D kernel:  ? restore_fpregs_from_fpstate+0x3d/0xd0
2026-05-30T17:29:50+08:00 rankrank-4090D kernel:  ? switch_fpu_return+0x55/0xf0
2026-05-30T17:29:50+08:00 rankrank-4090D kernel:  ? _raw_spin_lock_irqsave+0xe/0x20
2026-05-30T17:29:50+08:00 rankrank-4090D kernel:  ? thread_context_non_interrupt_add+0x13a/0x250 [nvidia_uvm]
2026-05-30T17:29:50+08:00 rankrank-4090D kernel:  ? uvm_unlocked_ioctl_entry.part.0+0x7b/0xf0 [nvidia_uvm]
2026-05-30T17:29:50+08:00 rankrank-4090D kernel:  ? reweight_entity+0x1c8/0x270
2026-05-30T17:29:50+08:00 rankrank-4090D kernel:  ? update_load_avg+0x82/0x850
2026-05-30T17:29:50+08:00 rankrank-4090D kernel:  ? uvm_unlocked_ioctl_entry+0x6b/0x90 [nvidia_uvm]
2026-05-30T17:29:50+08:00 rankrank-4090D kernel:  ? __x64_sys_ioctl+0xa0/0xf0
2026-05-30T17:29:50+08:00 rankrank-4090D kernel:  ? x64_sys_call+0x12a3/0x25a0
2026-05-30T17:29:50+08:00 rankrank-4090D kernel:  ? do_syscall_64+0x7f/0x180
2026-05-30T17:29:50+08:00 rankrank-4090D kernel:  ? update_process_times+0x8e/0xb0
2026-05-30T17:29:50+08:00 rankrank-4090D kernel:  ? tick_sched_handle+0x32/0x70
2026-05-30T17:29:50+08:00 rankrank-4090D kernel:  ? timerqueue_add+0xa6/0xd0
2026-05-30T17:29:50+08:00 rankrank-4090D kernel:  ? ktime_get+0x45/0xc0
2026-05-30T17:29:50+08:00 rankrank-4090D kernel:  ? __pfx_tick_nohz_highres_handler+0x10/0x10
2026-05-30T17:29:50+08:00 rankrank-4090D kernel:  ? lapic_next_deadline+0x2c/0x50
2026-05-30T17:29:50+08:00 rankrank-4090D kernel:  ? clockevents_program_event+0xbe/0x150
2026-05-30T17:29:50+08:00 rankrank-4090D kernel:  ? tick_program_event+0x43/0xa0
2026-05-30T17:29:50+08:00 rankrank-4090D kernel:  ? hrtimer_interrupt+0x11f/0x250
2026-05-30T17:29:50+08:00 rankrank-4090D kernel:  ? arch_exit_to_user_mode_prepare.isra.0+0x1a/0xe0
2026-05-30T17:29:50+08:00 rankrank-4090D kernel:  ? irqentry_exit_to_user_mode+0x38/0x1e0
2026-05-30T17:29:50+08:00 rankrank-4090D kernel:  ? irqentry_exit+0x43/0x50
2026-05-30T17:29:50+08:00 rankrank-4090D kernel:  ? entry_SYSCALL_64_after_hwframe+0x78/0x80
2026-05-30T17:29:50+08:00 rankrank-4090D kernel:  </TASK>
