[2026-05-25 13:44:33] Phase 279: Compositional Computational Topology
[2026-05-25 13:44:33] Model: deepseek7b
[2026-05-25 13:44:35] Loading deepseek7b (bfloat16 + device_map=auto)...
[2026-05-25 13:44:36]   flash_attn not available, using eager
[2026-05-25 13:44:47] deepseek7b loaded: device=cuda:0, GPU=9.01GB, attn=eager
[2026-05-25 13:44:47] Model info: n_layers=28, d_model=3584, class=Qwen2ForCausalLM
[2026-05-25 13:44:47] ============================================================
[2026-05-25 13:44:47] === Block A: Relation Dynamics ===
[2026-05-25 13:44:47]   Extracting 8 SVO trajectories...
[2026-05-25 13:44:55]     SVO progress: 4/8, elapsed=9.0s
[2026-05-25 13:44:58]     SVO progress: 8/8, elapsed=11.8s
[2026-05-25 13:44:58]   Extracting 6 control trajectories...
[2026-05-25 13:45:02]   Analysis 1: Relation swap (S→O reversal)
[2026-05-25 13:45:02]   Analysis 2: Relation type (same S/O, different R)
[2026-05-25 13:45:02]   Analysis 3: SVO vs entity-only
[2026-05-25 13:45:02]   Analysis 4: Subspace structure (SVO deltas vs entity deltas)
[2026-05-25 13:45:03]   SVO trajectories: 8
[2026-05-25 13:45:03]   Swap pairs analyzed: 2
[2026-05-25 13:45:03]   Relation type pairs: 3
[2026-05-25 13:45:03]   SVO vs entity: 8
[2026-05-25 13:45:03]   Swap 'dog_chases_cat_vs_cat_chases_dog': min_cos=0.2061, mid_cos=0.8093, last_cos=0.8449
[2026-05-25 13:45:03]   Swap 'man_loves_woman_vs_woman_loves_man': min_cos=0.1630, mid_cos=0.8409, last_cos=0.7299
[2026-05-25 13:45:03]   Subspace overlap L0: 0.7293
[2026-05-25 13:45:03]   Subspace overlap L1: 0.7278
[2026-05-25 13:45:03]   Subspace overlap L2: 0.5510
[2026-05-25 13:45:03]   Subspace overlap L3: 0.1085
[2026-05-25 13:45:03]   Subspace overlap L4: 0.4074
[2026-05-25 13:45:03] ============================================================
[2026-05-25 13:45:03] === Block B: Composition Test ===
[2026-05-25 13:45:03]   Extracting compound trajectories...
[2026-05-25 13:45:06]     Compound progress: 6/14, elapsed=4.0s
[2026-05-25 13:45:11]     Compound progress: 12/14, elapsed=8.1s
[2026-05-25 13:45:12]   Extracting modifier trajectories...
[2026-05-25 13:45:21]   Extracting noun trajectories...
[2026-05-25 13:45:31]   Analysis 1: Composition linearity
[2026-05-25 13:45:31]   Analysis 2: Nonlinearity profile
[2026-05-25 13:45:31]   Analysis 3: Nonlinearity direction structure
[2026-05-25 13:45:31]   Compounds: 14, Linearity pairs: 14
[2026-05-25 13:45:31]   Nonlinearity: early=0.8240, mid=4.8543, late=0.8879
[2026-05-25 13:45:31] ============================================================
[2026-05-25 13:45:31] === Block C: Operator Dynamics ===
[2026-05-25 13:45:31]   Extracting operator+operand trajectories...
[2026-05-25 13:45:35]     Op+Operand progress: 6/27, elapsed=4.1s
[2026-05-25 13:45:39]     Op+Operand progress: 12/27, elapsed=8.2s
[2026-05-25 13:45:43]     Op+Operand progress: 18/27, elapsed=12.2s
[2026-05-25 13:45:48]     Op+Operand progress: 24/27, elapsed=16.8s
[2026-05-25 13:45:50]   Extracting operand-alone trajectories...
[2026-05-25 13:46:08]   Extracting operator-alone trajectories...
[2026-05-25 13:46:14]   Analysis 1: Operator effect
[2026-05-25 13:46:14]   Analysis 2: Operator type signatures
[2026-05-25 13:46:14]   Analysis 3: Negation-as-inversion test
[2026-05-25 13:46:14]   Analysis 4: Operator delta subspace
[2026-05-25 13:46:14]   Operator effects: 27
[2026-05-25 13:46:14]   Operator types: ['not', 'if', 'because', 'every', 'some', 'no', 'will', 'can', 'must']
[2026-05-25 13:46:14]   Negation tests: 0
[2026-05-25 13:46:14]   Operator overlaps: 36
[2026-05-25 13:46:14]   because mid-layer rel_diff: 0.6110
[2026-05-25 13:46:14]   can mid-layer rel_diff: 1.1337
[2026-05-25 13:46:14]   every mid-layer rel_diff: 0.8592
[2026-05-25 13:46:14]   if mid-layer rel_diff: 0.8157
[2026-05-25 13:46:14]   must mid-layer rel_diff: 0.8249
[2026-05-25 13:46:14]   no mid-layer rel_diff: 0.9020
[2026-05-25 13:46:14]   not mid-layer rel_diff: 1.2776
[2026-05-25 13:46:14]   some mid-layer rel_diff: 0.7859
[2026-05-25 13:46:14]   will mid-layer rel_diff: 0.5405
[2026-05-25 13:46:14] ============================================================
[2026-05-25 13:46:14] === Block D: Recursive Closure ===
[2026-05-25 13:46:14]   Extracting 12 recursive trajectories...
[2026-05-25 13:46:17]     Recursive progress: 3/12, elapsed=2.2s
[2026-05-25 13:46:19]     Recursive progress: 6/12, elapsed=4.3s
[2026-05-25 13:46:21]     Recursive progress: 9/12, elapsed=6.4s
[2026-05-25 13:46:23]     Recursive progress: 12/12, elapsed=8.5s
[2026-05-25 13:46:23]   Analysis 1: Trajectory divergence vs recursion depth
[2026-05-25 13:46:23]   Analysis 2: Increment dimension vs depth
[2026-05-25 13:46:23]   Analysis 3: Consecutive depth delta
[2026-05-25 13:46:23]   Analysis 4: Trajectory curvature
[2026-05-25 13:46:23]   Sentences: 12
[2026-05-25 13:46:23]   Curvature 'relative_d0': mean=0.8844, max=1.8188
[2026-05-25 13:46:23]   Curvature 'relative_d1': mean=0.9346, max=1.7869
[2026-05-25 13:46:23]   Curvature 'relative_d2': mean=0.9298, max=1.8103
[2026-05-25 13:46:23]   Curvature 'relative_d3': mean=0.9290, max=1.7765
[2026-05-25 13:46:23]   Curvature 'prepositional_d0': mean=0.9054, max=1.8017
[2026-05-25 13:46:23]   Curvature 'prepositional_d1': mean=0.9126, max=1.7777
[2026-05-25 13:46:23]   Curvature 'prepositional_d2': mean=0.9221, max=1.7754
[2026-05-25 13:46:23]   Curvature 'prepositional_d3': mean=0.9500, max=1.7681
[2026-05-25 13:46:23]   Curvature 'complement_d0': mean=0.8764, max=1.8716
[2026-05-25 13:46:23]   Curvature 'complement_d1': mean=0.8934, max=1.7985
[2026-05-25 13:46:23]   Curvature 'complement_d2': mean=0.8947, max=1.8152
[2026-05-25 13:46:23]   Curvature 'complement_d3': mean=0.9263, max=1.7821
[2026-05-25 13:46:23] ============================================================
[2026-05-25 13:46:23] PHASE 279 OBJECTIVE RESULTS
[2026-05-25 13:46:23] ============================================================
[2026-05-25 13:46:23] Block A — Relation:
[2026-05-25 13:46:23]   Swap 'dog_chases_cat_vs_cat_chases_dog': range=[0.2061, 0.9249]
[2026-05-25 13:46:23]   Swap 'man_loves_woman_vs_woman_loves_man': range=[0.1630, 0.9553]
[2026-05-25 13:46:23] Block B — Composition:
[2026-05-25 13:46:23]   L0: mean_rel_delta=0.8677
[2026-05-25 13:46:23]   L7: mean_rel_delta=4.2882
[2026-05-25 13:46:23]   L14: mean_rel_delta=4.9305
[2026-05-25 13:46:23]   L21: mean_rel_delta=2.2469
[2026-05-25 13:46:23]   L28: mean_rel_delta=0.6279
[2026-05-25 13:46:23] Block C — Operator:
[2026-05-25 13:46:23]   because mid rel_diff: 0.6110
[2026-05-25 13:46:23]   can mid rel_diff: 1.1337
[2026-05-25 13:46:23]   every mid rel_diff: 0.8592
[2026-05-25 13:46:23]   if mid rel_diff: 0.8157
[2026-05-25 13:46:23]   must mid rel_diff: 0.8249
[2026-05-25 13:46:23]   no mid rel_diff: 0.9020
[2026-05-25 13:46:23]   not mid rel_diff: 1.2776
[2026-05-25 13:46:23]   some mid rel_diff: 0.7859
[2026-05-25 13:46:23]   will mid rel_diff: 0.5405
[2026-05-25 13:46:23] Block D — Recursion:
[2026-05-25 13:46:23]   relative_d0: curvature=0.8844
[2026-05-25 13:46:23]   relative_d1: curvature=0.9346
[2026-05-25 13:46:23]   relative_d2: curvature=0.9298
[2026-05-25 13:46:23]   relative_d3: curvature=0.9290
[2026-05-25 13:46:23]   prepositional_d0: curvature=0.9054
[2026-05-25 13:46:23]   prepositional_d1: curvature=0.9126
[2026-05-25 13:46:23]   prepositional_d2: curvature=0.9221
[2026-05-25 13:46:23]   prepositional_d3: curvature=0.9500
[2026-05-25 13:46:23]   complement_d0: curvature=0.8764
[2026-05-25 13:46:23]   complement_d1: curvature=0.8934
[2026-05-25 13:46:23]   complement_d2: curvature=0.8947
[2026-05-25 13:46:23]   complement_d3: curvature=0.9263
[2026-05-25 13:46:24] Model released. Phase 279 complete.
