[14:21:45] glm4/confirm: pairs=48 seed_candidates=2 sources=['records_all', 'target_record_line']
[14:21:46] [load] glm4: bf16 device_map=auto attn=eager quantization=off
`torch_dtype` is deprecated! Use `dtype` instead!
Loading weights:   0%|          | 0/443 [00:00<?, ?it/s]Loading weights:   0%|          | 1/443 [00:00<00:44,  9.85it/s]Loading weights:   0%|          | 2/443 [00:00<01:01,  7.15it/s]Loading weights:   9%|▉         | 39/443 [00:00<00:02, 143.28it/s]Loading weights:  16%|█▌        | 71/443 [00:00<00:01, 197.59it/s]Loading weights:  23%|██▎       | 104/443 [00:00<00:01, 230.43it/s]Loading weights:  31%|███       | 137/443 [00:00<00:01, 255.71it/s]Loading weights:  37%|███▋      | 165/443 [00:00<00:01, 257.14it/s]Loading weights:  46%|████▌     | 203/443 [00:00<00:00, 286.90it/s]Loading weights:  53%|█████▎    | 236/443 [00:01<00:00, 296.77it/s]Loading weights:  61%|██████    | 269/443 [00:01<00:00, 302.02it/s]Loading weights:  68%|██████▊   | 302/443 [00:01<00:00, 301.09it/s]Loading weights:  75%|███████▌  | 334/443 [00:01<00:00, 300.65it/s]Loading weights:  83%|████████▎ | 367/443 [00:01<00:00, 291.55it/s]Loading weights:  91%|█████████ | 401/443 [00:01<00:00, 304.13it/s]Loading weights:  98%|█████████▊| 434/443 [00:01<00:00, 300.31it/s]Loading weights: 100%|██████████| 443/443 [00:01<00:00, 263.52it/s]
[14:21:48] [load] glm4: loaded eager, device=cuda:0, gpu=18.80GB
[14:21:49] glm4: expanded_candidates=4 downstream_sites=['L36:attn_out', 'L36:mlp_out', 'L37:attn_out', 'L37:mlp_out']
[14:22:11] glm4: control+carrier 8/48 pairs; rows=328
[14:22:33] glm4: control+carrier 16/48 pairs; rows=656
[14:22:54] glm4: control+carrier 24/48 pairs; rows=984
[14:23:16] glm4: control+carrier 32/48 pairs; rows=1312
[14:23:38] glm4: control+carrier 40/48 pairs; rows=1640
[14:23:59] glm4: control+carrier 48/48 pairs; rows=1968
[model_utils] GPU memory released, allocated=18.81 GB
{
  "model": "glm4",
  "round": "confirm",
  "control_baseline": {
    "phase755_top_candidate": {
      "n_groups": 4,
      "mean_support_rate": 0.041666666666666664,
      "mean_drop": 0.001953125,
      "mean_guard_rate": 0.0625,
      "mean_release": 0.07291666666666667,
      "role_counts": {
        "control_or_weak": 4
      }
    },
    "same_layer_control_head": {
      "n_groups": 4,
      "mean_support_rate": 0.0,
      "mean_drop": 0.0068359375,
      "mean_guard_rate": 0.010416666666666666,
      "mean_release": 0.029134114583333332,
      "role_counts": {
        "control_or_weak": 4
      }
    }
  },
  "top_writers": [
    {
      "site": "L35:attn_out",
      "head": 29,
      "subunit_id": "L35:attn_out:H29",
      "candidate_kind": "phase755_top_candidate",
      "source_group": "records_all",
      "n": 48,
      "domains": [
        "abstract",
        "animal",
        "fruit",
        "object",
        "plant",
        "tool"
      ],
      "relations": [
        "category",
        "color",
        "edible",
        "grows_on_tree",
        "shape",
        "taste"
      ],
      "mean_attention_mass_to_source": 0.2989046474297841,
      "mean_source_target_logit_contribution": 0.03636738273416995,
      "mean_source_total_route_suppression_contribution": 0.01947421388861888,
      "mean_target_logit_drop_after_source_removal": 0.024739583333333332,
      "support_rate_drop_gt_0_20": 0.041666666666666664,
      "mean_total_positive_route_release_after_source_removal": 0.047526041666666664,
      "route_guard_rate_release_gt_0_20": 0.041666666666666664,
      "top1_loss_rate": 0.0,
      "removal_role_guess": "control_or_weak"
    },
    {
      "site": "L35:attn_out",
      "head": 29,
      "subunit_id": "L35:attn_out:H29",
      "candidate_kind": "phase755_top_candidate",
      "source_group": "target_record_line",
      "n": 48,
      "domains": [
        "abstract",
        "animal",
        "fruit",
        "object",
        "plant",
        "tool"
      ],
      "relations": [
        "category",
        "color",
        "edible",
        "grows_on_tree",
        "shape",
        "taste"
      ],
      "mean_attention_mass_to_source": 0.12210591634114583,
      "mean_source_target_logit_contribution": 0.03655832915471061,
      "mean_source_total_route_suppression_contribution": 0.011517768148223695,
      "mean_target_logit_drop_after_source_removal": 0.015625,
      "support_rate_drop_gt_0_20": 0.041666666666666664,
      "mean_total_positive_route_release_after_source_removal": 0.041015625,
      "route_guard_rate_release_gt_0_20": 0.041666666666666664,
      "top1_loss_rate": 0.0,
      "removal_role_guess": "control_or_weak"
    },
    {
      "site": "L34:attn_out",
      "head": 4,
      "subunit_id": "L34:attn_out:H4",
      "candidate_kind": "phase755_top_candidate",
      "source_group": "records_all",
      "n": 48,
      "domains": [
        "abstract",
        "animal",
        "fruit",
        "object",
        "plant",
        "tool"
      ],
      "relations": [
        "category",
        "color",
        "edible",
        "grows_on_tree",
        "shape",
        "taste"
      ],
      "mean_attention_mass_to_source": 0.3574251631895701,
      "mean_source_target_logit_contribution": 0.132527190396407,
      "mean_source_total_route_suppression_contribution": 0.04721667786846714,
      "mean_target_logit_drop_after_source_removal": -0.015625,
      "support_rate_drop_gt_0_20": 0.041666666666666664,
      "mean_total_positive_route_release_after_source_removal": 0.109375,
      "route_guard_rate_release_gt_0_20": 0.08333333333333333,
      "top1_loss_rate": 0.0,
      "removal_role_guess": "control_or_weak"
    },
    {
      "site": "L34:attn_out",
      "head": 4,
      "subunit_id": "L34:attn_out:H4",
      "candidate_kind": "phase755_top_candidate",
      "source_group": "target_record_line",
      "n": 48,
      "domains": [
        "abstract",
        "animal",
        "fruit",
        "object",
        "plant",
        "tool"
      ],
      "relations": [
        "category",
        "color",
        "edible",
        "grows_on_tree",
        "shape",
        "taste"
      ],
      "mean_attention_mass_to_source": 0.17946656420826912,
      "mean_source_target_logit_contribution": 0.1320879024642636,
      "mean_source_total_route_suppression_contribution": 0.026834232256078394,
      "mean_target_logit_drop_after_source_removal": -0.016927083333333332,
      "support_rate_drop_gt_0_20": 0.041666666666666664,
      "mean_total_positive_route_release_after_source_removal": 0.09375,
      "route_guard_rate_release_gt_0_20": 0.08333333333333333,
      "top1_loss_rate": 0.0,
      "removal_role_guess": "control_or_weak"
    },
    {
      "site": "L34:attn_out",
      "head": 17,
      "subunit_id": "L34:attn_out:H17",
      "candidate_kind": "same_layer_control_head",
      "source_group": "records_all",
      "n": 48,
      "domains": [
        "abstract",
        "animal",
        "fruit",
        "object",
        "plant",
        "tool"
      ],
      "relations": [
        "category",
        "color",
        "edible",
        "grows_on_tree",
        "shape",
        "taste"
      ],
      "mean_attention_mass_to_source": 0.006547220051288605,
      "mean_source_target_logit_contribution": -0.00018014685645084683,
      "mean_source_total_route_suppression_contribution": 0.000527096693247131,
      "mean_target_logit_drop_after_source_removal": 0.013020833333333334,
      "support_rate_drop_gt_0_20": 0.0,
      "mean_total_positive_route_release_after_source_removal": 0.031901041666666664,
      "route_guard_rate_release_gt_0_20": 0.0,
      "top1_loss_rate": 0.0,
      "removal_role_guess": "control_or_weak"
    },
    {
      "site": "L34:attn_out",
      "head": 17,
      "subunit_id": "L34:attn_out:H17",
      "candidate_kind": "same_layer_control_head",
      "source_group": "target_record_line",
      "n": 48,
      "domains": [
        "abstract",
        "animal",
        "fruit",
        "object",
        "plant",
        "tool"
      ],
      "relations": [
        "category",
        "color",
        "edible",
        "grows_on_tree",
        "shape",
        "taste"
      ],
      "mean_attention_mass_to_source": 0.0015187735358874004,
      "mean_source_target_logit_contribution": -0.00018720879107784563,
      "mean_source_total_route_suppression_contribution": 0.0002845895146397955,
      "mean_target_logit_drop_after_source_removal": 0.010416666666666666,
      "support_rate_drop_gt_0_20": 0.0,
      "mean_total_positive_route_release_after_source_removal": 0.03125,
      "route_guard_rate_release_gt_0_20": 0.0,
      "top1_loss_rate": 0.0,
      "removal_role_guess": "control_or_weak"
    },
    {
      "site": "L35:attn_out",
      "head": 10,
      "subunit_id": "L35:attn_out:H10",
      "candidate_kind": "same_layer_control_head",
      "source_group": "target_record_line",
      "n": 48,
      "domains": [
        "abstract",
        "animal",
        "fruit",
        "object",
        "plant",
        "tool"
      ],
      "relations": [
        "category",
        "color",
        "edible",
        "grows_on_tree",
        "shape",
        "taste"
      ],
      "mean_attention_mass_to_source": 0.0020350737492359863,
      "mean_source_target_logit_contribution": -6.116594421593884e-05,
      "mean_source_total_route_suppression_contribution": 0.00033134802037200944,
      "mean_target_logit_drop_after_source_removal": 0.0026041666666666665,
      "support_rate_drop_gt_0_20": 0.0,
      "mean_total_positive_route_release_after_source_removal": 0.026041666666666668,
      "route_guard_rate_release_gt_0_20": 0.020833333333333332,
      "top1_loss_rate": 0.0,
      "removal_role_guess": "control_or_weak"
    },
    {
      "site": "L35:attn_out",
      "head": 10,
      "subunit_id": "L35:attn_out:H10",
      "candidate_kind": "same_layer_control_head",
      "source_group": "records_all",
      "n": 48,
      "domains": [
        "abstract",
        "animal",
        "fruit",
        "object",
        "plant",
        "tool"
      ],
      "relations": [
        "category",
        "color",
        "edible",
        "grows_on_tree",
        "shape",
        "taste"
      ],
      "mean_attention_mass_to_source": 0.004436286528895532,
      "mean_source_target_logit_contribution": -9.71305985710084e-05,
      "mean_source_total_route_suppression_contribution": 0.0006807282012080881,
      "mean_target_logit_drop_after_source_removal": 0.0013020833333333333,
      "support_rate_drop_gt_0_20": 0.0,
      "mean_total_positive_route_release_after_source_removal": 0.02734375,
      "route_guard_rate_release_gt_0_20": 0.020833333333333332,
      "top1_loss_rate": 0.0,
      "removal_role_guess": "control_or_weak"
    }
  ],
  "top_carriers": [
    {
      "site": "L34:attn_out",
      "head": 4,
      "subunit_id": "L34:attn_out:H4",
      "candidate_kind": "phase755_top_candidate",
      "source_group": "records_all",
      "downstream_site": "L36:attn_out",
      "n": 48,
      "domains": [
        "abstract",
        "animal",
        "fruit",
        "object",
        "plant",
        "tool"
      ],
      "relations": [
        "category",
        "color",
        "edible",
        "grows_on_tree",
        "shape",
        "taste"
      ],
      "mean_downstream_component_delta_norm_after_removal": 0.15997149872904023,
      "mean_erase_target_logit_drop": -0.015625,
      "mean_restored_target_logit_drop": -0.010416666666666666,
      "mean_target_logit_recovered_by_restore": -0.005208333333333333,
      "mean_target_recovery_fraction": 0.19047619047619047,
      "mean_erase_route_release": 0.109375,
      "mean_restored_route_release": 0.10611979166666667,
      "mean_route_release_reduced_by_restore": 0.0032552083333333335,
      "effective_restore_rate": 0.020833333333333332,
      "carrier_role_guess": "weak_or_unclear"
    },
    {
      "site": "L35:attn_out",
      "head": 10,
      "subunit_id": "L35:attn_out:H10",
      "candidate_kind": "same_layer_control_head",
      "source_group": "records_all",
      "downstream_site": "L36:mlp_out",
      "n": 48,
      "domains": [
        "abstract",
        "animal",
        "fruit",
        "object",
        "plant",
        "tool"
      ],
      "relations": [
        "category",
        "color",
        "edible",
        "grows_on_tree",
        "shape",
        "taste"
      ],
      "mean_downstream_component_delta_norm_after_removal": 0.09569512633606791,
      "mean_erase_target_logit_drop": 0.0013020833333333333,
      "mean_restored_target_logit_drop": 0.0013020833333333333,
      "mean_target_logit_recovered_by_restore": 0.0,
      "mean_target_recovery_fraction": 0.6666666666666666,
      "mean_erase_route_release": 0.02734375,
      "mean_restored_route_release": 0.0234375,
      "mean_route_release_reduced_by_restore": 0.00390625,
      "effective_restore_rate": 0.0,
      "carrier_role_guess": "weak_or_unclear"
    },
    {
      "site": "L34:attn_out",
      "head": 17,
      "subunit_id": "L34:attn_out:H17",
      "candidate_kind": "same_layer_control_head",
      "source_group": "target_record_line",
      "downstream_site": "L36:mlp_out",
      "n": 48,
      "domains": [
        "abstract",
        "animal",
        "fruit",
        "object",
        "plant",
        "tool"
      ],
      "relations": [
        "category",
        "color",
        "edible",
        "grows_on_tree",
        "shape",
        "taste"
      ],
      "mean_downstream_component_delta_norm_after_removal": 0.11838430011024077,
      "mean_erase_target_logit_drop": 0.010416666666666666,
      "mean_restored_target_logit_drop": 0.0013020833333333333,
      "mean_target_logit_recovered_by_restore": 0.009114583333333334,
      "mean_target_recovery_fraction": 0.625,
      "mean_erase_route_release": 0.03125,
      "mean_restored_route_release": 0.038411458333333336,
      "mean_route_release_reduced_by_restore": -0.007161458333333333,
      "effective_restore_rate": 0.0,
      "carrier_role_guess": "weak_or_unclear"
    },
    {
      "site": "L34:attn_out",
      "head": 17,
      "subunit_id": "L34:attn_out:H17",
      "candidate_kind": "same_layer_control_head",
      "source_group": "target_record_line",
      "downstream_site": "L37:mlp_out",
      "n": 48,
      "domains": [
        "abstract",
        "animal",
        "fruit",
        "object",
        "plant",
        "tool"
      ],
      "relations": [
        "category",
        "color",
        "edible",
        "grows_on_tree",
        "shape",
        "taste"
      ],
      "mean_downstream_component_delta_norm_after_removal": 0.2110472929974397,
      "mean_erase_target_logit_drop": 0.010416666666666666,
      "mean_restored_target_logit_drop": 0.00390625,
      "mean_target_logit_recovered_by_restore": 0.006510416666666667,
      "mean_target_recovery_fraction": 0.625,
      "mean_erase_route_release": 0.03125,
      "mean_restored_route_release": 0.035807291666666664,
      "mean_route_release_reduced_by_restore": -0.004557291666666667,
      "effective_restore_rate": 0.0,
      "carrier_role_guess": "weak_or_unclear"
    },
    {
      "site": "L34:attn_out",
      "head": 17,
      "subunit_id": "L34:attn_out:H17",
      "candidate_kind": "same_layer_control_head",
      "source_group": "records_all",
      "downstream_site": "L36:mlp_out",
      "n": 48,
      "domains": [
        "abstract",
        "animal",
        "fruit",
        "object",
        "plant",
        "tool"
      ],
      "relations": [
        "category",
        "color",
        "edible",
        "grows_on_tree",
        "shape",
        "taste"
      ],
      "mean_downstream_component_delta_norm_after_removal": 0.12528922144944468,
      "mean_erase_target_logit_drop": 0.013020833333333334,
      "mean_restored_target_logit_drop": 0.00390625,
      "mean_target_logit_recovered_by_restore": 0.009114583333333334,
      "mean_target_recovery_fraction": 0.5555555555555556,
      "mean_erase_route_release": 0.031901041666666664,
      "mean_restored_route_release": 0.036458333333333336,
      "mean_route_release_reduced_by_restore": -0.004557291666666667,
      "effective_restore_rate": 0.0,
      "carrier_role_guess": "weak_or_unclear"
    },
    {
      "site": "L35:attn_out",
      "head": 10,
      "subunit_id": "L35:attn_out:H10",
      "candidate_kind": "same_layer_control_head",
      "source_group": "records_all",
      "downstream_site": "L37:attn_out",
      "n": 48,
      "domains": [
        "abstract",
        "animal",
        "fruit",
        "object",
        "plant",
        "tool"
      ],
      "relations": [
        "category",
        "color",
        "edible",
        "grows_on_tree",
        "shape",
        "taste"
      ],
      "mean_downstream_component_delta_norm_after_removal": 0.17623113809774318,
      "mean_erase_target_logit_drop": 0.0013020833333333333,
      "mean_restored_target_logit_drop": 0.005208333333333333,
      "mean_target_logit_recovered_by_restore": -0.00390625,
      "mean_target_recovery_fraction": 0.5,
      "mean_erase_route_release": 0.02734375,
      "mean_restored_route_release": 0.033203125,
      "mean_route_release_reduced_by_restore": -0.005859375,
      "effective_restore_rate": 0.0,
      "carrier_role_guess": "weak_or_unclear"
    },
    {
      "site": "L35:attn_out",
      "head": 10,
      "subunit_id": "L35:attn_out:H10",
      "candidate_kind": "same_layer_control_head",
      "source_group": "records_all",
      "downstream_site": "L36:attn_out",
      "n": 48,
      "domains": [
        "abstract",
        "animal",
        "fruit",
        "object",
        "plant",
        "tool"
      ],
      "relations": [
        "category",
        "color",
        "edible",
        "grows_on_tree",
        "shape",
        "taste"
      ],
      "mean_downstream_component_delta_norm_after_removal": 0.07709877332672477,
      "mean_erase_target_logit_drop": 0.0013020833333333333,
      "mean_restored_target_logit_drop": 0.006510416666666667,
      "mean_target_logit_recovered_by_restore": -0.005208333333333333,
      "mean_target_recovery_fraction": 0.5,
      "mean_erase_route_release": 0.02734375,
      "mean_restored_route_release": 0.031901041666666664,
      "mean_route_release_reduced_by_restore": -0.004557291666666667,
      "effective_restore_rate": 0.0,
      "carrier_role_guess": "weak_or_unclear"
    },
    {
      "site": "L34:attn_out",
      "head": 17,
      "subunit_id": "L34:attn_out:H17",
      "candidate_kind": "same_layer_control_head",
      "source_group": "records_all",
      "downstream_site": "L36:attn_out",
      "n": 48,
      "domains": [
        "abstract",
        "animal",
        "fruit",
        "object",
        "plant",
        "tool"
      ],
      "relations": [
        "category",
        "color",
        "edible",
        "grows_on_tree",
        "shape",
        "taste"
      ],
      "mean_downstream_component_delta_norm_after_removal": 0.08899909940858682,
      "mean_erase_target_logit_drop": 0.013020833333333334,
      "mean_restored_target_logit_drop": 0.006510416666666667,
      "mean_target_logit_recovered_by_restore": 0.006510416666666667,
      "mean_target_recovery_fraction": 0.4444444444444444,
      "mean_erase_route_release": 0.031901041666666664,
      "mean_restored_route_release": 0.033854166666666664,
      "mean_route_release_reduced_by_restore": -0.001953125,
      "effective_restore_rate": 0.0,
      "carrier_role_guess": "weak_or_unclear"
    }
  ]
}
