[09:15:09] deepseek7b/main: pairs=8 target=hidden_28 audits=2 combo_candidates=3
[09:15:09] [load] deepseek7b: bf16 device_map=auto attn=eager quantization=off
`torch_dtype` is deprecated! Use `dtype` instead!
Loading weights:   0%|          | 0/339 [00:00<?, ?it/s]Loading weights:   2%|▏         | 8/339 [00:00<00:04, 78.46it/s]Loading weights:  12%|█▏        | 41/339 [00:00<00:01, 212.74it/s]Loading weights:  19%|█▉        | 64/339 [00:00<00:01, 186.05it/s]Loading weights:  32%|███▏      | 109/339 [00:00<00:00, 265.74it/s]Loading weights:  41%|████      | 138/339 [00:00<00:00, 272.77it/s]Loading weights:  50%|█████     | 171/339 [00:00<00:00, 289.27it/s]Loading weights:  59%|█████▉    | 201/339 [00:00<00:00, 279.39it/s]Loading weights:  68%|██████▊   | 232/339 [00:00<00:00, 284.87it/s]Loading weights:  77%|███████▋  | 261/339 [00:01<00:00, 264.43it/s]Loading weights:  85%|████████▍ | 288/339 [00:01<00:00, 258.77it/s]Loading weights:  94%|█████████▍| 318/339 [00:01<00:00, 258.62it/s]Loading weights: 100%|██████████| 339/339 [00:01<00:00, 266.29it/s]
[09:15:11] [load] deepseek7b: loaded eager, device=cuda:0, gpu=15.23GB
[09:15:19] deepseek7b: route-level suppression audit 2/8 pairs; rows=76
[09:15:27] deepseek7b: route-level suppression audit 4/8 pairs; rows=152
[09:15:35] deepseek7b: route-level suppression audit 6/8 pairs; rows=228
[09:15:44] deepseek7b: route-level suppression audit 8/8 pairs; rows=306
[model_utils] GPU memory released, allocated=15.24 GB
{
  "model": "deepseek7b",
  "round": "main",
  "top_condition_summary": [
    {
      "condition": "suppress_route_representatives",
      "suppression_scale": 1.25,
      "n": 16,
      "donor_top1_rate": 1.0,
      "mean_donor_rank": 1.0,
      "mean_margin_donor_vs_top": 0.0,
      "mean_base_margin_donor_vs_top": -3.4375,
      "mean_margin_gain_vs_base_top": 3.4375,
      "mean_margin_donor_vs_recipient": 8.6796875,
      "mean_suppression_delta_norm": 6.950245801359415,
      "mean_suppressed_token_count": 4.0625,
      "mean_suppressed_route_count": 0.0,
      "top_token_class_counts": {
        "donor_answer": 16
      },
      "base_top_token_class_counts": {
        "echo_object_or_relation": 10,
        "format_or_schema": 4,
        "recipient_answer": 1,
        "other_vocab": 1
      },
      "route_shift_rate": 1.0
    },
    {
      "condition": "suppress_route_centroids",
      "suppression_scale": 1.25,
      "n": 16,
      "donor_top1_rate": 1.0,
      "mean_donor_rank": 1.0,
      "mean_margin_donor_vs_top": 0.0,
      "mean_base_margin_donor_vs_top": -3.4375,
      "mean_margin_gain_vs_base_top": 3.4375,
      "mean_margin_donor_vs_recipient": 9.53515625,
      "mean_suppression_delta_norm": 7.729701779782772,
      "mean_suppressed_token_count": 0.0,
      "mean_suppressed_route_count": 4.0625,
      "top_token_class_counts": {
        "donor_answer": 16
      },
      "base_top_token_class_counts": {
        "echo_object_or_relation": 10,
        "format_or_schema": 4,
        "recipient_answer": 1,
        "other_vocab": 1
      },
      "route_shift_rate": 1.0
    },
    {
      "condition": "suppress_all_topk_competitors",
      "suppression_scale": 1.25,
      "n": 16,
      "donor_top1_rate": 1.0,
      "mean_donor_rank": 1.0,
      "mean_margin_donor_vs_top": 0.0,
      "mean_base_margin_donor_vs_top": -3.4375,
      "mean_margin_gain_vs_base_top": 3.4375,
      "mean_margin_donor_vs_recipient": 11.27734375,
      "mean_suppression_delta_norm": 9.657723058015108,
      "mean_suppressed_token_count": 8.0,
      "mean_suppressed_route_count": 0.0,
      "top_token_class_counts": {
        "donor_answer": 16
      },
      "base_top_token_class_counts": {
        "echo_object_or_relation": 10,
        "format_or_schema": 4,
        "recipient_answer": 1,
        "other_vocab": 1
      },
      "route_shift_rate": 1.0
    },
    {
      "condition": "suppress_route_representatives",
      "suppression_scale": 1.0,
      "n": 16,
      "donor_top1_rate": 0.9375,
      "mean_donor_rank": 1.0625,
      "mean_margin_donor_vs_top": -0.00390625,
      "mean_base_margin_donor_vs_top": -3.4375,
      "mean_margin_gain_vs_base_top": 3.43359375,
      "mean_margin_donor_vs_recipient": 7.33984375,
      "mean_suppression_delta_norm": 5.560196507722139,
      "mean_suppressed_token_count": 4.0625,
      "mean_suppressed_route_count": 0.0,
      "top_token_class_counts": {
        "donor_answer": 15,
        "format_or_schema": 1
      },
      "base_top_token_class_counts": {
        "echo_object_or_relation": 10,
        "format_or_schema": 4,
        "recipient_answer": 1,
        "other_vocab": 1
      },
      "route_shift_rate": 0.9375
    },
    {
      "condition": "suppress_route_centroids",
      "suppression_scale": 1.0,
      "n": 16,
      "donor_top1_rate": 0.9375,
      "mean_donor_rank": 1.0625,
      "mean_margin_donor_vs_top": -0.00390625,
      "mean_base_margin_donor_vs_top": -3.4375,
      "mean_margin_gain_vs_base_top": 3.43359375,
      "mean_margin_donor_vs_recipient": 8.015625,
      "mean_suppression_delta_norm": 6.183761660009623,
      "mean_suppressed_token_count": 0.0,
      "mean_suppressed_route_count": 4.0625,
      "top_token_class_counts": {
        "donor_answer": 15,
        "format_or_schema": 1
      },
      "base_top_token_class_counts": {
        "echo_object_or_relation": 10,
        "format_or_schema": 4,
        "recipient_answer": 1,
        "other_vocab": 1
      },
      "route_shift_rate": 0.9375
    },
    {
      "condition": "suppress_all_topk_competitors",
      "suppression_scale": 1.0,
      "n": 16,
      "donor_top1_rate": 0.9375,
      "mean_donor_rank": 1.0625,
      "mean_margin_donor_vs_top": -0.00390625,
      "mean_base_margin_donor_vs_top": -3.4375,
      "mean_margin_gain_vs_base_top": 3.43359375,
      "mean_margin_donor_vs_recipient": 9.43359375,
      "mean_suppression_delta_norm": 7.726178299635649,
      "mean_suppressed_token_count": 8.0,
      "mean_suppressed_route_count": 0.0,
      "top_token_class_counts": {
        "donor_answer": 15,
        "format_or_schema": 1
      },
      "base_top_token_class_counts": {
        "echo_object_or_relation": 10,
        "format_or_schema": 4,
        "recipient_answer": 1,
        "other_vocab": 1
      },
      "route_shift_rate": 0.9375
    },
    {
      "condition": "suppress_current_top_class",
      "suppression_scale": 1.25,
      "n": 16,
      "donor_top1_rate": 0.75,
      "mean_donor_rank": 1.625,
      "mean_margin_donor_vs_top": -0.1875,
      "mean_base_margin_donor_vs_top": -3.4375,
      "mean_margin_gain_vs_base_top": 3.25,
      "mean_margin_donor_vs_recipient": 4.853515625,
      "mean_suppression_delta_norm": 3.5318347215652466,
      "mean_suppressed_token_count": 1.5625,
      "mean_suppressed_route_count": 0.0,
      "top_token_class_counts": {
        "punctuation_or_stop": 2,
        "donor_answer": 12,
        "format_or_schema": 1,
        "echo_object_or_relation": 1
      },
      "base_top_token_class_counts": {
        "echo_object_or_relation": 10,
        "format_or_schema": 4,
        "recipient_answer": 1,
        "other_vocab": 1
      },
      "route_shift_rate": 1.0
    },
    {
      "condition": "suppress_class:echo_object_or_relation",
      "suppression_scale": 1.25,
      "n": 13,
      "donor_top1_rate": 0.6153846153846154,
      "mean_donor_rank": 2.4615384615384617,
      "mean_margin_donor_vs_top": -0.6153846153846154,
      "mean_base_margin_donor_vs_top": -3.3846153846153846,
      "mean_margin_gain_vs_base_top": 2.769230769230769,
      "mean_margin_donor_vs_recipient": 4.90625,
      "mean_suppression_delta_norm": 3.202706680848048,
      "mean_suppressed_token_count": 1.6153846153846154,
      "mean_suppressed_route_count": 0.0,
      "top_token_class_counts": {
        "punctuation_or_stop": 1,
        "donor_answer": 8,
        "format_or_schema": 3,
        "recipient_answer": 1
      },
      "base_top_token_class_counts": {
        "echo_object_or_relation": 10,
        "format_or_schema": 2,
        "recipient_answer": 1
      },
      "route_shift_rate": 0.7692307692307693
    },
    {
      "condition": "suppress_current_top",
      "suppression_scale": 1.25,
      "n": 16,
      "donor_top1_rate": 0.5,
      "mean_donor_rank": 2.1875,
      "mean_margin_donor_vs_top": -0.35546875,
      "mean_base_margin_donor_vs_top": -3.4375,
      "mean_margin_gain_vs_base_top": 3.08203125,
      "mean_margin_donor_vs_recipient": 4.408203125,
      "mean_suppression_delta_norm": 3.0768525302410126,
      "mean_suppressed_token_count": 1.0,
      "mean_suppressed_route_count": 0.0,
      "top_token_class_counts": {
        "punctuation_or_stop": 2,
        "echo_object_or_relation": 3,
        "donor_answer": 9,
        "format_or_schema": 2
      },
      "base_top_token_class_counts": {
        "echo_object_or_relation": 10,
        "format_or_schema": 4,
        "recipient_answer": 1,
        "other_vocab": 1
      },
      "route_shift_rate": 0.875
    },
    {
      "condition": "suppress_class:echo_object_or_relation",
      "suppression_scale": 1.0,
      "n": 13,
      "donor_top1_rate": 0.38461538461538464,
      "mean_donor_rank": 3.1538461538461537,
      "mean_margin_donor_vs_top": -0.7980769230769231,
      "mean_base_margin_donor_vs_top": -3.3846153846153846,
      "mean_margin_gain_vs_base_top": 2.5865384615384617,
      "mean_margin_donor_vs_recipient": 4.439903846153846,
      "mean_suppression_delta_norm": 2.562165141105652,
      "mean_suppressed_token_count": 1.6153846153846154,
      "mean_suppressed_route_count": 0.0,
      "top_token_class_counts": {
        "punctuation_or_stop": 1,
        "donor_answer": 5,
        "other_vocab": 1,
        "format_or_schema": 4,
        "echo_object_or_relation": 1,
        "recipient_answer": 1
      },
      "base_top_token_class_counts": {
        "echo_object_or_relation": 10,
        "format_or_schema": 2,
        "recipient_answer": 1
      },
      "route_shift_rate": 0.6923076923076923
    }
  ],
  "top_base_class_summary": [
    {
      "base_top_token_class": "recipient_answer",
      "condition": "suppress_route_representatives",
      "suppression_scale": 1.0,
      "n": 1,
      "donor_top1_rate": 1.0,
      "mean_margin_gain_vs_base_top": 5.1875,
      "top_token_class_counts": {
        "donor_answer": 1
      }
    },
    {
      "base_top_token_class": "recipient_answer",
      "condition": "suppress_route_representatives",
      "suppression_scale": 1.25,
      "n": 1,
      "donor_top1_rate": 1.0,
      "mean_margin_gain_vs_base_top": 5.1875,
      "top_token_class_counts": {
        "donor_answer": 1
      }
    },
    {
      "base_top_token_class": "recipient_answer",
      "condition": "suppress_route_centroids",
      "suppression_scale": 1.0,
      "n": 1,
      "donor_top1_rate": 1.0,
      "mean_margin_gain_vs_base_top": 5.1875,
      "top_token_class_counts": {
        "donor_answer": 1
      }
    },
    {
      "base_top_token_class": "recipient_answer",
      "condition": "suppress_route_centroids",
      "suppression_scale": 1.25,
      "n": 1,
      "donor_top1_rate": 1.0,
      "mean_margin_gain_vs_base_top": 5.1875,
      "top_token_class_counts": {
        "donor_answer": 1
      }
    },
    {
      "base_top_token_class": "recipient_answer",
      "condition": "suppress_all_topk_competitors",
      "suppression_scale": 1.0,
      "n": 1,
      "donor_top1_rate": 1.0,
      "mean_margin_gain_vs_base_top": 5.1875,
      "top_token_class_counts": {
        "donor_answer": 1
      }
    },
    {
      "base_top_token_class": "recipient_answer",
      "condition": "suppress_all_topk_competitors",
      "suppression_scale": 1.25,
      "n": 1,
      "donor_top1_rate": 1.0,
      "mean_margin_gain_vs_base_top": 5.1875,
      "top_token_class_counts": {
        "donor_answer": 1
      }
    },
    {
      "base_top_token_class": "recipient_answer",
      "condition": "suppress_current_top",
      "suppression_scale": 1.25,
      "n": 1,
      "donor_top1_rate": 0.0,
      "mean_margin_gain_vs_base_top": 4.9375,
      "top_token_class_counts": {
        "echo_object_or_relation": 1
      }
    },
    {
      "base_top_token_class": "recipient_answer",
      "condition": "suppress_current_top_class",
      "suppression_scale": 1.25,
      "n": 1,
      "donor_top1_rate": 0.0,
      "mean_margin_gain_vs_base_top": 4.9375,
      "top_token_class_counts": {
        "echo_object_or_relation": 1
      }
    },
    {
      "base_top_token_class": "recipient_answer",
      "condition": "suppress_class:recipient_answer",
      "suppression_scale": 1.25,
      "n": 1,
      "donor_top1_rate": 0.0,
      "mean_margin_gain_vs_base_top": 4.9375,
      "top_token_class_counts": {
        "echo_object_or_relation": 1
      }
    },
    {
      "base_top_token_class": "recipient_answer",
      "condition": "suppress_current_top",
      "suppression_scale": 1.0,
      "n": 1,
      "donor_top1_rate": 0.0,
      "mean_margin_gain_vs_base_top": 4.3125,
      "top_token_class_counts": {
        "echo_object_or_relation": 1
      }
    },
    {
      "base_top_token_class": "recipient_answer",
      "condition": "suppress_current_top_class",
      "suppression_scale": 1.0,
      "n": 1,
      "donor_top1_rate": 0.0,
      "mean_margin_gain_vs_base_top": 4.3125,
      "top_token_class_counts": {
        "echo_object_or_relation": 1
      }
    },
    {
      "base_top_token_class": "recipient_answer",
      "condition": "suppress_class:recipient_answer",
      "suppression_scale": 1.0,
      "n": 1,
      "donor_top1_rate": 0.0,
      "mean_margin_gain_vs_base_top": 4.3125,
      "top_token_class_counts": {
        "echo_object_or_relation": 1
      }
    }
  ]
}
