[2026-05-25 12:18:15] Phase 277: Conditional Dynamics Atlas
[2026-05-25 12:18:15] Model: deepseek7b, Tokens: 53
[2026-05-25 12:18:17] Loading deepseek7b (bfloat16 + device_map=auto)...
[2026-05-25 12:18:17]   flash_attn not available, using eager
[2026-05-25 12:18:28] deepseek7b loaded: device=cuda:0, GPU=9.01GB, attn=eager
[2026-05-25 12:18:28] Model info: n_layers=28, d_model=3584, class=Qwen2ForCausalLM
[2026-05-25 12:18:28] ============================================================
[2026-05-25 12:18:28] Collecting trajectories: 53 tokens, 28 layers, d=3584
[2026-05-25 12:18:40]   Progress: 10/53, elapsed=12.1s, ETA=52.1s, GPU=9.02GB
[2026-05-25 12:18:47]   Progress: 20/53, elapsed=18.9s, ETA=31.3s, GPU=9.02GB
[2026-05-25 12:18:54]   Progress: 30/53, elapsed=25.9s, ETA=19.8s, GPU=9.02GB
[2026-05-25 12:19:01]   Progress: 40/53, elapsed=32.6s, ETA=10.6s, GPU=9.02GB
[2026-05-25 12:19:08]   Progress: 50/53, elapsed=39.7s, ETA=2.4s, GPU=9.02GB
[2026-05-25 12:19:10]   Progress: 53/53, elapsed=41.8s, ETA=0.0s, GPU=9.02GB
[2026-05-25 12:19:10] Trajectories collected: 53/53 tokens
[2026-05-25 12:19:10] ============================================================
[2026-05-25 12:19:10] === Exp A: Universal Direction Test ===
[2026-05-25 12:19:11]   Global var_top1: mean=0.4966 ± 0.2184
[2026-05-25 12:19:11]   Global mean pairwise cos: 0.4902
[2026-05-25 12:19:11]   Per-layer var_top1 range: [0.1926, 0.9286]
[2026-05-25 12:19:11]     L0: var_top1=0.8141, var_top3=0.8398, mean_cos=0.8103, neg_frac=0.000
[2026-05-25 12:19:11]     L7: var_top1=0.2201, var_top3=0.3321, mean_cos=0.2027, neg_frac=1.000
[2026-05-25 12:19:11]     L14: var_top1=0.3345, var_top3=0.4167, mean_cos=0.3237, neg_frac=0.000
[2026-05-25 12:19:11]     L21: var_top1=0.5450, var_top3=0.6203, mean_cos=0.5358, neg_frac=0.000
[2026-05-25 12:19:11]     L27: var_top1=0.9286, var_top3=0.9412, mean_cos=0.9256, neg_frac=1.000
[2026-05-25 12:19:11] ============================================================
[2026-05-25 12:19:11] === Exp B: Scalar Profile Atlas ===
[2026-05-25 12:19:12]   Scalar profile clustering: broad ARI=0.2439, fine ARI=0.1633
[2026-05-25 12:19:12]   Within-dim scalar corr: 0.9881623147343227
[2026-05-25 12:19:12]   Between-dim scalar corr: 0.9843714879386698
[2026-05-25 12:19:12]   Delta: 0.003790826795652902
[2026-05-25 12:19:12] ============================================================
[2026-05-25 12:19:12] === Exp C: Trajectory Topology ===
[2026-05-25 12:19:12]   Max curvature at L26: 144.0°
[2026-05-25 12:19:12]   Distance within: early=22.06, late=279.53, ratio=12.673
[2026-05-25 12:19:12]   Distance between: early=25.36, late=331.67, ratio=13.080
[2026-05-25 12:19:12] ============================================================
[2026-05-25 12:19:12] === Exp D: DMD Mode Analysis ===
[2026-05-25 12:19:13]   DMD mode correlation: within=0.9123431736347722, between=0.8814765186892781, delta=0.03086665494549412
[2026-05-25 12:19:13]     'dog': top1_mag=0.850, top1_energy=0.241, growing=1, decaying=9
[2026-05-25 12:19:13]     'think': top1_mag=0.947, top1_energy=0.118, growing=2, decaying=8
[2026-05-25 12:19:13]     'and': top1_mag=0.785, top1_energy=0.317, growing=0, decaying=10
[2026-05-25 12:19:13]     'not': top1_mag=0.763, top1_energy=0.159, growing=1, decaying=9
[2026-05-25 12:19:13]     'good': top1_mag=0.853, top1_energy=0.190, growing=1, decaying=9
[2026-05-25 12:19:13]     'bad': top1_mag=0.880, top1_energy=0.129, growing=0, decaying=10
[2026-05-25 12:19:13]     'go': top1_mag=0.914, top1_energy=0.240, growing=0, decaying=10
[2026-05-25 12:19:13]     'went': top1_mag=0.876, top1_energy=0.139, growing=1, decaying=9
[2026-05-25 12:19:13] ============================================================
[2026-05-25 12:19:13] === Exp E: Language Dimension Signatures ===
[2026-05-25 12:19:13]   Negation pairs: avg opposite fraction=0.0, avg pearson_r=0.9994668728235165
[2026-05-25 12:19:13]     good/bad: pearson=0.999, opposite_frac=0.000
[2026-05-25 12:19:13]     happy/sad: pearson=0.999, opposite_frac=0.000
[2026-05-25 12:19:13]     alive/dead: pearson=0.999, opposite_frac=0.000
[2026-05-25 12:19:13]     open/closed: pearson=1.000, opposite_frac=0.000
[2026-05-25 12:19:13]     light/dark: pearson=1.000, opposite_frac=0.000
[2026-05-25 12:19:13]   Tense group ('go', 'went', 'going', 'gone'): mean corr=0.9991213226193952
[2026-05-25 12:19:13]   Logic within-scalar corr: 0.9995485326814675
[2026-05-25 12:19:13]   Content within-scalar corr: 0.9995936561280294
[2026-05-25 12:19:13]   Dimension mean scalars:
[2026-05-25 12:19:13]     entities_animal: mean=-16.52665772438049, std=0.6542651778118806, n=5
[2026-05-25 12:19:13]     entities_tool: mean=-16.53974125725882, std=0.31860756721759753, n=5
[2026-05-25 12:19:13]     entities_place: mean=-16.07924246788025, std=1.0338305516105297, n=5
[2026-05-25 12:19:13]     actions_physical: mean=-18.34874744415283, std=0.831177016324037, n=5
[2026-05-25 12:19:13]     actions_mental: mean=-17.051960352488926, std=0.8579120267291453, n=5
[2026-05-25 12:19:13]     abstractions: mean=-16.72117558206831, std=1.7534046772702085, n=5
[2026-05-25 12:19:13]     logic: mean=-17.88661610058376, std=1.0526298740713327, n=5
[2026-05-25 12:19:13]     tense: mean=-16.88613760471344, std=1.0517297915575086, n=4
[2026-05-25 12:19:13]     reference: mean=-18.75074259723936, std=0.4186882160546771, n=4
[2026-05-25 12:19:13]     negation_pos: mean=-18.14244817325047, std=0.8694216227708677, n=5
[2026-05-25 12:19:13]     negation_neg: mean=-18.11704275948661, std=0.6964965708889377, n=5
[2026-05-25 12:19:13] ============================================================
[2026-05-25 12:19:13] FINAL SUMMARY
[2026-05-25 12:19:13] ============================================================
[2026-05-25 12:19:13] Exp A — Universal Direction:
[2026-05-25 12:19:13]   var_top1 (mean): 0.4966
[2026-05-25 12:19:13]   mean pairwise cos: 0.4902
[2026-05-25 12:19:13] Exp B — Scalar Profile:
[2026-05-25 12:19:13]   within-dim corr: 0.9881623147343227
[2026-05-25 12:19:13]   between-dim corr: 0.9843714879386698
[2026-05-25 12:19:13]   delta: 0.003790826795652902
[2026-05-25 12:19:13]   broad ARI: 0.24391488327833005
[2026-05-25 12:19:13]   fine ARI: 0.16330782961837328
[2026-05-25 12:19:13] Exp C — Topology:
[2026-05-25 12:19:13]   distance within ratio (late/early): 12.672799260241304
[2026-05-25 12:19:13]   distance between ratio (late/early): 13.080045034910613
[2026-05-25 12:19:13]   max curvature layer: 26
[2026-05-25 12:19:13] Exp D — DMD:
[2026-05-25 12:19:13]   mode corr within: 0.9123431736347722
[2026-05-25 12:19:13]   mode corr between: 0.8814765186892781
[2026-05-25 12:19:13] Exp E — Negation:
[2026-05-25 12:19:13]   avg opposite fraction: 0.0
[2026-05-25 12:19:13]   avg pearson_r: 0.9994668728235165
[2026-05-25 12:19:14] Model released. Phase 277 complete.
