[16:40:42] glm4/main: pairs=24 base_sources=['target_record_line', 'target_value_tokens', 'records_all']
[16:40:42] [load] glm4: bf16 device_map=auto attn=eager quantization=off
`torch_dtype` is deprecated! Use `dtype` instead!
Loading weights:   0%|          | 0/443 [00:00<?, ?it/s]Loading weights:   0%|          | 2/443 [00:00<00:23, 19.17it/s]Loading weights:   6%|▌         | 27/443 [00:00<00:02, 150.05it/s]Loading weights:  13%|█▎        | 59/443 [00:00<00:01, 225.96it/s]Loading weights:  21%|██        | 92/443 [00:00<00:01, 238.59it/s]Loading weights:  28%|██▊       | 126/443 [00:00<00:01, 269.10it/s]Loading weights:  36%|███▌      | 159/443 [00:00<00:01, 281.24it/s]Loading weights:  43%|████▎     | 192/443 [00:00<00:00, 289.63it/s]Loading weights:  51%|█████     | 225/443 [00:00<00:00, 294.39it/s]Loading weights:  58%|█████▊    | 258/443 [00:00<00:00, 295.29it/s]Loading weights:  65%|██████▌   | 290/443 [00:01<00:00, 293.80it/s]Loading weights:  73%|███████▎  | 324/443 [00:01<00:00, 301.79it/s]Loading weights:  81%|████████  | 357/443 [00:01<00:00, 304.15it/s]Loading weights:  88%|████████▊ | 388/443 [00:01<00:00, 300.84it/s]Loading weights:  95%|█████████▌| 423/443 [00:01<00:00, 307.76it/s]Loading weights: 100%|██████████| 443/443 [00:01<00:00, 285.86it/s]
[16:40:44] [load] glm4: loaded eager, device=cuda:0, gpu=18.80GB
[16:40:45] glm4: candidates=4 max_route_sources=5
[16:40:55] glm4: source-target disentangle 4/24 pairs; rows=1472
[16:41:06] glm4: source-target disentangle 8/24 pairs; rows=2980
[16:41:16] glm4: source-target disentangle 12/24 pairs; rows=4528
[16:41:26] glm4: source-target disentangle 16/24 pairs; rows=5992
[16:41:37] glm4: source-target disentangle 20/24 pairs; rows=7724
[16:41:48] glm4: source-target disentangle 24/24 pairs; rows=9384
[model_utils] GPU memory released, allocated=18.81 GB
{
  "model": "glm4",
  "round": "main",
  "n_rows": 9384,
  "top_route_source_cells": [
    {
      "site": "L34:attn_out",
      "head": 4,
      "subunit_id": "L34:attn_out:H4",
      "candidate_kind": "phase755_top_candidate",
      "source_group": "records_all",
      "source_family": "broad_record_source",
      "route_group": "top_class:punctuation_or_stop",
      "n": 15,
      "domains": [
        "abstract",
        "animal",
        "fruit",
        "object",
        "plant",
        "tool"
      ],
      "relations": [
        "category",
        "color",
        "grows_on_tree",
        "shape",
        "taste"
      ],
      "mean_attention_mass_to_source": 0.45733992556730907,
      "mean_source_target_logit_contribution": 0.36333239496064684,
      "mean_source_total_route_suppression_contribution": 0.3304469339859982,
      "mean_target_logit_drop": -0.058333333333333334,
      "target_drop_rate": 0.06666666666666667,
      "target_boost_rate": 0.13333333333333333,
      "mean_route_release": 0.03333333333333333,
      "route_release_rate": 0.2,
      "mean_margin_drop_target_vs_route": -0.025,
      "role_guess": "weak_or_unclear",
      "after_route_token_counts": {
        " [": 9,
        " \"": 2,
        " #": 2,
        " **": 2
      }
    },
    {
      "site": "L34:attn_out",
      "head": 4,
      "subunit_id": "L34:attn_out:H4",
      "candidate_kind": "phase755_top_candidate",
      "source_group": "target_value_tokens",
      "source_family": "target_source",
      "route_group": "top_class:other_vocab",
      "n": 20,
      "domains": [
        "abstract",
        "animal",
        "fruit",
        "object",
        "plant",
        "tool"
      ],
      "relations": [
        "category",
        "color",
        "edible",
        "grows_on_tree",
        "shape",
        "taste"
      ],
      "mean_attention_mass_to_source": 0.1724822998046875,
      "mean_source_target_logit_contribution": 0.2661346205510199,
      "mean_source_total_route_suppression_contribution": 0.22096378869755426,
      "mean_target_logit_drop": -0.034375,
      "target_drop_rate": 0.05,
      "target_boost_rate": 0.15,
      "mean_route_release": 0.03125,
      "route_release_rate": 0.15,
      "mean_margin_drop_target_vs_route": -0.003125,
      "role_guess": "weak_or_unclear",
      "after_route_token_counts": {
        " Stone": 3,
        "银": 2,
        " F": 1,
        "甜": 1,
        "黄色": 1,
        "黑色": 1,
        "动物": 1,
        " Bird": 1
      }
    },
    {
      "site": "L34:attn_out",
      "head": 4,
      "subunit_id": "L34:attn_out:H4",
      "candidate_kind": "phase755_top_candidate",
      "source_group": "target_record_line",
      "source_family": "target_source",
      "route_group": "top_class:other_vocab",
      "n": 20,
      "domains": [
        "abstract",
        "animal",
        "fruit",
        "object",
        "plant",
        "tool"
      ],
      "relations": [
        "category",
        "color",
        "edible",
        "grows_on_tree",
        "shape",
        "taste"
      ],
      "mean_attention_mass_to_source": 0.2739146828651428,
      "mean_source_target_logit_contribution": 0.2674762908078264,
      "mean_source_total_route_suppression_contribution": 0.24492709324404133,
      "mean_target_logit_drop": -0.05,
      "target_drop_rate": 0.05,
      "target_boost_rate": 0.15,
      "mean_route_release": 0.028125,
      "route_release_rate": 0.15,
      "mean_margin_drop_target_vs_route": -0.021875,
      "role_guess": "weak_or_unclear",
      "after_route_token_counts": {
        " Stone": 3,
        "银": 2,
        " F": 1,
        "甜": 1,
        "黄色": 1,
        "黑色": 1,
        "动物": 1,
        " Bird": 1
      }
    },
    {
      "site": "L34:attn_out",
      "head": 4,
      "subunit_id": "L34:attn_out:H4",
      "candidate_kind": "phase755_top_candidate",
      "source_group": "records_all",
      "source_family": "broad_record_source",
      "route_group": "top_class:other_vocab",
      "n": 20,
      "domains": [
        "abstract",
        "animal",
        "fruit",
        "object",
        "plant",
        "tool"
      ],
      "relations": [
        "category",
        "color",
        "edible",
        "grows_on_tree",
        "shape",
        "taste"
      ],
      "mean_attention_mass_to_source": 0.4122308291494846,
      "mean_source_target_logit_contribution": 0.2689362001256086,
      "mean_source_total_route_suppression_contribution": 0.29160073586390356,
      "mean_target_logit_drop": -0.05,
      "target_drop_rate": 0.05,
      "target_boost_rate": 0.15,
      "mean_route_release": 0.025,
      "route_release_rate": 0.15,
      "mean_margin_drop_target_vs_route": -0.025,
      "role_guess": "weak_or_unclear",
      "after_route_token_counts": {
        " Stone": 3,
        "银": 2,
        " F": 1,
        "甜": 1,
        "黄色": 1,
        "黑色": 1,
        "动物": 1,
        " Bird": 1
      }
    },
    {
      "site": "L35:attn_out",
      "head": 29,
      "subunit_id": "L35:attn_out:H29",
      "candidate_kind": "phase755_top_candidate",
      "source_group": "target_record_line",
      "source_family": "target_source",
      "route_group": "top_class:recipient_answer",
      "n": 7,
      "domains": [
        "animal",
        "fruit",
        "object",
        "plant"
      ],
      "relations": [
        "color",
        "edible",
        "grows_on_tree"
      ],
      "mean_attention_mass_to_source": 0.06835927282060895,
      "mean_source_target_logit_contribution": -0.002090918881419514,
      "mean_source_total_route_suppression_contribution": 0.02589516903598061,
      "mean_target_logit_drop": 0.008928571428571428,
      "target_drop_rate": 0.0,
      "target_boost_rate": 0.0,
      "mean_route_release": 0.017857142857142856,
      "route_release_rate": 0.14285714285714285,
      "mean_margin_drop_target_vs_route": 0.026785714285714284,
      "role_guess": "weak_or_unclear",
      "after_route_token_counts": {
        " yes": 4,
        " no": 2,
        " green": 1
      }
    },
    {
      "site": "L35:attn_out",
      "head": 29,
      "subunit_id": "L35:attn_out:H29",
      "candidate_kind": "phase755_top_candidate",
      "source_group": "route_src:any_route",
      "source_family": "route_source_union",
      "route_group": "top_class:recipient_answer",
      "n": 7,
      "domains": [
        "animal",
        "fruit",
        "object",
        "plant"
      ],
      "relations": [
        "color",
        "edible",
        "grows_on_tree"
      ],
      "mean_attention_mass_to_source": 0.1605864933558873,
      "mean_source_target_logit_contribution": -0.005452947458252311,
      "mean_source_total_route_suppression_contribution": 0.18403161034595023,
      "mean_target_logit_drop": -0.026785714285714284,
      "target_drop_rate": 0.0,
      "target_boost_rate": 0.0,
      "mean_route_release": 0.0,
      "route_release_rate": 0.14285714285714285,
      "mean_margin_drop_target_vs_route": -0.026785714285714284,
      "role_guess": "weak_or_unclear",
      "after_route_token_counts": {
        " yes": 4,
        " no": 2,
        " green": 1
      }
    },
    {
      "site": "L34:attn_out",
      "head": 4,
      "subunit_id": "L34:attn_out:H4",
      "candidate_kind": "phase755_top_candidate",
      "source_group": "records_all",
      "source_family": "broad_record_source",
      "route_group": "top_class:other_semantic_value",
      "n": 16,
      "domains": [
        "abstract",
        "animal",
        "fruit",
        "object",
        "plant",
        "tool"
      ],
      "relations": [
        "category",
        "color",
        "shape",
        "taste"
      ],
      "mean_attention_mass_to_source": 0.44969197269529104,
      "mean_source_target_logit_contribution": 0.33833647129358724,
      "mean_source_total_route_suppression_contribution": 0.31887349242606433,
      "mean_target_logit_drop": -0.0625,
      "target_drop_rate": 0.0625,
      "target_boost_rate": 0.1875,
      "mean_route_release": 0.0703125,
      "route_release_rate": 0.125,
      "mean_margin_drop_target_vs_route": 0.0078125,
      "role_guess": "weak_or_unclear",
      "after_route_token_counts": {
        " None": 3,
        " Silver": 2,
        " Abstract": 2,
        " Sweet": 1,
        " Yellow": 1,
        " Black": 1,
        " Animal": 1,
        " Small": 1
      }
    },
    {
      "site": "L34:attn_out",
      "head": 4,
      "subunit_id": "L34:attn_out:H4",
      "candidate_kind": "phase755_top_candidate",
      "source_group": "target_value_tokens",
      "source_family": "target_source",
      "route_group": "top_class:other_semantic_value",
      "n": 16,
      "domains": [
        "abstract",
        "animal",
        "fruit",
        "object",
        "plant",
        "tool"
      ],
      "relations": [
        "category",
        "color",
        "shape",
        "taste"
      ],
      "mean_attention_mass_to_source": 0.20424270629882812,
      "mean_source_target_logit_contribution": 0.33436465241538826,
      "mean_source_total_route_suppression_contribution": 0.25558409463701537,
      "mean_target_logit_drop": -0.04296875,
      "target_drop_rate": 0.0625,
      "target_boost_rate": 0.1875,
      "mean_route_release": 0.0625,
      "route_release_rate": 0.125,
      "mean_margin_drop_target_vs_route": 0.01953125,
      "role_guess": "weak_or_unclear",
      "after_route_token_counts": {
        " None": 3,
        " Silver": 2,
        " Abstract": 2,
        " Sweet": 1,
        " Yellow": 1,
        " Black": 1,
        " Animal": 1,
        " Small": 1
      }
    },
    {
      "site": "L34:attn_out",
      "head": 4,
      "subunit_id": "L34:attn_out:H4",
      "candidate_kind": "phase755_top_candidate",
      "source_group": "target_record_line",
      "source_family": "target_source",
      "route_group": "top_class:other_semantic_value",
      "n": 16,
      "domains": [
        "abstract",
        "animal",
        "fruit",
        "object",
        "plant",
        "tool"
      ],
      "relations": [
        "category",
        "color",
        "shape",
        "taste"
      ],
      "mean_attention_mass_to_source": 0.3052983731031418,
      "mean_source_target_logit_contribution": 0.3363064289660542,
      "mean_source_total_route_suppression_contribution": 0.2711760964448331,
      "mean_target_logit_drop": -0.0625,
      "target_drop_rate": 0.0625,
      "target_boost_rate": 0.1875,
      "mean_route_release": 0.0546875,
      "route_release_rate": 0.125,
      "mean_margin_drop_target_vs_route": -0.0078125,
      "role_guess": "weak_or_unclear",
      "after_route_token_counts": {
        " None": 3,
        " Silver": 2,
        " Abstract": 2,
        " Sweet": 1,
        " Yellow": 1,
        " Black": 1,
        " Animal": 1,
        " Small": 1
      }
    },
    {
      "site": "L34:attn_out",
      "head": 4,
      "subunit_id": "L34:attn_out:H4",
      "candidate_kind": "phase755_top_candidate",
      "source_group": "target_value_tokens",
      "source_family": "target_source",
      "route_group": "top_class:echo_object_or_relation",
      "n": 17,
      "domains": [
        "abstract",
        "animal",
        "fruit",
        "object",
        "plant",
        "tool"
      ],
      "relations": [
        "category",
        "color",
        "edible",
        "grows_on_tree",
        "shape",
        "taste"
      ],
      "mean_attention_mass_to_source": 0.1989422966452206,
      "mean_source_target_logit_contribution": 0.3174445305896156,
      "mean_source_total_route_suppression_contribution": 0.23186811538385776,
      "mean_target_logit_drop": -0.04411764705882353,
      "target_drop_rate": 0.058823529411764705,
      "target_boost_rate": 0.17647058823529413,
      "mean_route_release": 0.02022058823529412,
      "route_release_rate": 0.11764705882352941,
      "mean_margin_drop_target_vs_route": -0.02389705882352941,
      "role_guess": "weak_or_unclear",
      "after_route_token_counts": {
        " banana": 2,
        " bird": 2,
        " taste": 2,
        " stone": 2,
        " apple": 1,
        " cat": 1,
        " oak": 1,
        " rose": 1
      }
    },
    {
      "site": "L34:attn_out",
      "head": 4,
      "subunit_id": "L34:attn_out:H4",
      "candidate_kind": "phase755_top_candidate",
      "source_group": "target_record_line",
      "source_family": "target_source",
      "route_group": "top_class:echo_object_or_relation",
      "n": 17,
      "domains": [
        "abstract",
        "animal",
        "fruit",
        "object",
        "plant",
        "tool"
      ],
      "relations": [
        "category",
        "color",
        "edible",
        "grows_on_tree",
        "shape",
        "taste"
      ],
      "mean_attention_mass_to_source": 0.29503143534940834,
      "mean_source_target_logit_contribution": 0.31880627887542634,
      "mean_source_total_route_suppression_contribution": 0.2563288686488865,
      "mean_target_logit_drop": -0.058823529411764705,
      "target_drop_rate": 0.058823529411764705,
      "target_boost_rate": 0.17647058823529413,
      "mean_route_release": 0.016544117647058824,
      "route_release_rate": 0.11764705882352941,
      "mean_margin_drop_target_vs_route": -0.042279411764705885,
      "role_guess": "weak_or_unclear",
      "after_route_token_counts": {
        " banana": 2,
        " bird": 2,
        " taste": 2,
        " stone": 2,
        " apple": 1,
        " cat": 1,
        " oak": 1,
        " rose": 1
      }
    },
    {
      "site": "L34:attn_out",
      "head": 4,
      "subunit_id": "L34:attn_out:H4",
      "candidate_kind": "phase755_top_candidate",
      "source_group": "records_all",
      "source_family": "broad_record_source",
      "route_group": "top_class:echo_object_or_relation",
      "n": 17,
      "domains": [
        "abstract",
        "animal",
        "fruit",
        "object",
        "plant",
        "tool"
      ],
      "relations": [
        "category",
        "color",
        "edible",
        "grows_on_tree",
        "shape",
        "taste"
      ],
      "mean_attention_mass_to_source": 0.43172068017370563,
      "mean_source_target_logit_contribution": 0.3195188017698991,
      "mean_source_total_route_suppression_contribution": 0.3027363909264643,
      "mean_target_logit_drop": -0.0625,
      "target_drop_rate": 0.058823529411764705,
      "target_boost_rate": 0.17647058823529413,
      "mean_route_release": 0.011029411764705883,
      "route_release_rate": 0.11764705882352941,
      "mean_margin_drop_target_vs_route": -0.051470588235294115,
      "role_guess": "weak_or_unclear",
      "after_route_token_counts": {
        " banana": 2,
        " bird": 2,
        " taste": 2,
        " stone": 2,
        " apple": 1,
        " cat": 1,
        " oak": 1,
        " rose": 1
      }
    }
  ]
}
