`torch_dtype` is deprecated! Use `dtype` instead!
Loading weights:   0%|          | 0/339 [00:00<?, ?it/s]Loading weights:   1%|          | 2/339 [00:00<00:29, 11.28it/s]Loading weights:   7%|▋         | 25/339 [00:00<00:02, 106.14it/s]Loading weights:  19%|█▊        | 63/339 [00:00<00:01, 195.48it/s]Loading weights:  29%|██▉       | 100/339 [00:00<00:00, 248.84it/s]Loading weights:  37%|███▋      | 127/339 [00:00<00:00, 253.02it/s]Loading weights:  45%|████▌     | 154/339 [00:00<00:00, 241.42it/s]Loading weights:  57%|█████▋    | 194/339 [00:00<00:00, 281.61it/s]Loading weights:  66%|██████▌   | 223/339 [00:00<00:00, 282.35it/s]Loading weights:  76%|███████▌  | 256/339 [00:01<00:00, 286.50it/s]Loading weights:  84%|████████▍ | 286/339 [00:01<00:00, 272.54it/s]Loading weights:  94%|█████████▍| 318/339 [00:01<00:00, 277.49it/s]Loading weights: 100%|██████████| 339/339 [00:01<00:00, 252.96it/s]
[19:14:19] Loaded deepseek7b: class=Qwen2ForCausalLM, GPU=15.23GB, attn=eager
[19:14:23] deepseek7b: captured/source-scored 12/72 paired cases
[19:14:26] deepseek7b: captured/source-scored 24/72 paired cases
[19:14:30] deepseek7b: captured/source-scored 36/72 paired cases
[19:14:33] deepseek7b: captured/source-scored 48/72 paired cases
[19:14:36] deepseek7b: captured/source-scored 60/72 paired cases
[19:14:39] deepseek7b: captured/source-scored 72/72 paired cases
[19:15:42] deepseek7b: cross-case donor patched 12/80 donor pairs
[19:16:44] deepseek7b: cross-case donor patched 24/80 donor pairs
[19:17:55] deepseek7b: cross-case donor patched 36/80 donor pairs
[19:19:48] deepseek7b: cross-case donor patched 48/80 donor pairs
[19:22:20] deepseek7b: cross-case donor patched 60/80 donor pairs
[19:24:50] deepseek7b: cross-case donor patched 72/80 donor pairs
[19:26:31] deepseek7b: cross-case donor patched 80/80 donor pairs
[model_utils] GPU memory released, allocated=15.24 GB
{
  "channel_counts": [
    512
  ],
  "model": "deepseek7b",
  "n_paired_cases": 72,
  "phase": 707,
  "phase698_top_heads": [
    {
      "head": 15,
      "head_key": "L26H15",
      "layer": 26,
      "mean_delta_norm": 29.248977922730976,
      "mean_direct_effect": 4.4925542091433375
    },
    {
      "head": 19,
      "head_key": "L26H19",
      "layer": 26,
      "mean_delta_norm": 19.06778096159299,
      "mean_direct_effect": 4.2177774300022675
    },
    {
      "head": 11,
      "head_key": "L23H11",
      "layer": 23,
      "mean_delta_norm": 23.177777217494118,
      "mean_direct_effect": 2.973575750986735
    },
    {
      "head": 2,
      "head_key": "L27H2",
      "layer": 27,
      "mean_delta_norm": 11.188924981488121,
      "mean_direct_effect": 2.539202939434391
    },
    {
      "head": 19,
      "head_key": "L23H19",
      "layer": 23,
      "mean_delta_norm": 10.124662246969011,
      "mean_direct_effect": 1.4362748730927706
    },
    {
      "head": 0,
      "head_key": "L26H0",
      "layer": 26,
      "mean_delta_norm": 7.609525624248716,
      "mean_direct_effect": 1.2225809053828318
    },
    {
      "head": 3,
      "head_key": "L27H3",
      "layer": 27,
      "mean_delta_norm": 7.116602563195759,
      "mean_direct_effect": 0.9806504672807124
    },
    {
      "head": 14,
      "head_key": "L26H14",
      "layer": 26,
      "mean_delta_norm": 12.313356475697624,
      "mean_direct_effect": 0.8729744055825803
    },
    {
      "head": 24,
      "head_key": "L26H24",
      "layer": 26,
      "mean_delta_norm": 9.492230375607809,
      "mean_direct_effect": 0.7749587056330509
    },
    {
      "head": 17,
      "head_key": "L27H17",
      "layer": 27,
      "mean_delta_norm": 14.5741415851646,
      "mean_direct_effect": 0.7687556908155481
    },
    {
      "head": 19,
      "head_key": "L27H19",
      "layer": 27,
      "mean_delta_norm": 10.1534104347229,
      "mean_direct_effect": 0.7633171753647426
    },
    {
      "head": 18,
      "head_key": "L23H18",
      "layer": 23,
      "mean_delta_norm": 5.078802863756816,
      "mean_direct_effect": 0.7377331018603096
    },
    {
      "head": 25,
      "head_key": "L26H25",
      "layer": 26,
      "mean_delta_norm": 12.18548615773519,
      "mean_direct_effect": 0.7189168700327476
    },
    {
      "head": 24,
      "head_key": "L27H24",
      "layer": 27,
      "mean_delta_norm": 7.849318673213323,
      "mean_direct_effect": 0.7153872634387679
    },
    {
      "head": 3,
      "head_key": "L26H3",
      "layer": 26,
      "mean_delta_norm": 5.540479630231857,
      "mean_direct_effect": 0.6898659559535898
    },
    {
      "head": 17,
      "head_key": "L26H17",
      "layer": 26,
      "mean_delta_norm": 9.831613653235966,
      "mean_direct_effect": 0.6339309266250994
    },
    {
      "head": 26,
      "head_key": "L26H26",
      "layer": 26,
      "mean_delta_norm": 8.242560856872135,
      "mean_direct_effect": 0.6307287169620395
    },
    {
      "head": 23,
      "head_key": "L26H23",
      "layer": 26,
      "mean_delta_norm": 7.551541325118807,
      "mean_direct_effect": 0.433489599575599
    },
    {
      "head": 27,
      "head_key": "L24H27",
      "layer": 24,
      "mean_delta_norm": 7.981577588452233,
      "mean_direct_effect": 0.42334129847586155
    },
    {
      "head": 9,
      "head_key": "L25H9",
      "layer": 25,
      "mean_delta_norm": 5.910101824336582,
      "mean_direct_effect": 0.38926081583162564
    },
    {
      "head": 6,
      "head_key": "L26H6",
      "layer": 26,
      "mean_delta_norm": 5.517323878076342,
      "mean_direct_effect": 0.3613440594635904
    },
    {
      "head": 21,
      "head_key": "L24H21",
      "layer": 24,
      "mean_delta_norm": 6.268677466445499,
      "mean_direct_effect": 0.359568784556662
    },
    {
      "head": 5,
      "head_key": "L23H5",
      "layer": 23,
      "mean_delta_norm": 5.941143479612139,
      "mean_direct_effect": 0.3467910471889708
    },
    {
      "head": 12,
      "head_key": "L25H12",
      "layer": 25,
      "mean_delta_norm": 5.101514693763521,
      "mean_direct_effect": 0.31159046111214495
    },
    {
      "head": 16,
      "head_key": "L24H16",
      "layer": 24,
      "mean_delta_norm": 4.94353688094351,
      "mean_direct_effect": 0.27811968559399247
    },
    {
      "head": 1,
      "head_key": "L26H1",
      "layer": 26,
      "mean_delta_norm": 5.3902922504478035,
      "mean_direct_effect": 0.23483875717243385
    },
    {
      "head": 14,
      "head_key": "L25H14",
      "layer": 25,
      "mean_delta_norm": 8.33845697508918,
      "mean_direct_effect": 0.23077295855101612
    },
    {
      "head": 1,
      "head_key": "L27H1",
      "layer": 27,
      "mean_delta_norm": 8.816206577751371,
      "mean_direct_effect": 0.23056770811995697
    },
    {
      "head": 5,
      "head_key": "L27H5",
      "layer": 27,
      "mean_delta_norm": 6.022420446077983,
      "mean_direct_effect": 0.21602384596028262
    },
    {
      "head": 6,
      "head_key": "L23H6",
      "layer": 23,
      "mean_delta_norm": 3.7144250952535205,
      "mean_direct_effect": 0.211940202034182
    },
    {
      "head": 23,
      "head_key": "L24H23",
      "layer": 24,
      "mean_delta_norm": 4.0265012019210396,
      "mean_direct_effect": 0.19667107531697386
    },
    {
      "head": 11,
      "head_key": "L26H11",
      "layer": 26,
      "mean_delta_norm": 5.570882015758091,
      "mean_direct_effect": 0.18218871063759756
    }
  ],
  "source_combo": [
    "target_value",
    "answer_line",
    "self_last"
  ],
  "summary": {
    "best_degradation_conditions": [
      {
        "condition": "degradation|all_positive_source_channels",
        "donor_phrase_win_rate": 0.0,
        "donor_value_top1_rate": 0.0,
        "mean_continuation_route_rank": 11.8375,
        "mean_donor_minus_continuation": -6.71103515625,
        "mean_donor_minus_prose": -9.37353515625,
        "mean_donor_value_phrase_logprob": -5.297881535958964,
        "mean_donor_value_rank": 6805.7,
        "mean_final_proj_effect": 44.28236138522625,
        "mean_n_channels": 2838.0,
        "mean_patched_rank": 192.5375,
        "mean_phrase_donor_minus_prose": -4.680086779223286,
        "mean_phrase_target_minus_donor": 2.6011586511521783,
        "mean_phrase_target_minus_prose": -2.078928128071108,
        "mean_pmv_effect": 5.782421875,
        "mean_prose_route_rank": 1.6375,
        "mean_rank_effect": 191.5375,
        "mean_target_minus_continuation": -6.0811767578125,
        "mean_target_minus_donor": 0.6298583984375,
        "mean_target_minus_prose": -8.7436767578125,
        "mean_target_prose_phrase_logprob": -0.6177947567356783,
        "mean_target_value_phrase_logprob": -2.696722884806786,
        "mean_target_value_rank": 4235.575,
        "n": 80,
        "patched_best_other_route": {
          "prose": 80
        },
        "patched_top1_rate": 0.025,
        "phrase_winner": {
          "target_prose": 74,
          "target_value": 6
        },
        "prose_phrase_win_rate": 0.925,
        "success_change_rate": 0.975,
        "target_phrase_win_rate": 0.075,
        "target_value_top1_rate": 0.0
      },
      {
        "condition": "degradation|source_top_channel_512",
        "donor_phrase_win_rate": 0.0,
        "donor_value_top1_rate": 0.0,
        "mean_continuation_route_rank": 12.6,
        "mean_donor_minus_continuation": -7.582891845703125,
        "mean_donor_minus_prose": -10.231329345703125,
        "mean_donor_value_phrase_logprob": -6.868595568062143,
        "mean_donor_value_rank": 16606.1125,
        "mean_final_proj_effect": 28.263337489962577,
        "mean_n_channels": 512.0,
        "mean_patched_rank": 32.05,
        "mean_phrase_donor_minus_prose": -6.229429342050206,
        "mean_phrase_target_minus_donor": 5.742709263622457,
        "mean_phrase_target_minus_prose": -0.48672007842774895,
        "mean_pmv_effect": 3.07578125,
        "mean_prose_route_rank": 2.0625,
        "mean_rank_effect": 31.05,
        "mean_target_minus_continuation": -4.05166015625,
        "mean_target_minus_donor": 3.531231689453125,
        "mean_target_minus_prose": -6.70009765625,
        "mean_target_prose_phrase_logprob": -0.639166226011938,
        "mean_target_value_phrase_logprob": -1.125886304439687,
        "mean_target_value_rank": 1039.5625,
        "n": 80,
        "patched_best_other_route": {
          "prose": 80
        },
        "patched_top1_rate": 0.375,
        "phrase_winner": {
          "target_prose": 57,
          "target_value": 23
        },
        "prose_phrase_win_rate": 0.7125,
        "success_change_rate": 0.625,
        "target_phrase_win_rate": 0.2875,
        "target_value_top1_rate": 0.0
      },
      {
        "condition": "degradation|source_random_channel_512",
        "donor_phrase_win_rate": 0.0,
        "donor_value_top1_rate": 0.0,
        "mean_continuation_route_rank": 11.6875,
        "mean_donor_minus_continuation": -5.987820434570312,
        "mean_donor_minus_prose": -8.124539184570313,
        "mean_donor_value_phrase_logprob": -6.602832172214835,
        "mean_donor_value_rank": 15170.0,
        "mean_final_proj_effect": 3.036926141381264,
        "mean_n_channels": 512.0,
        "mean_patched_rank": 1.3375,
        "mean_phrase_donor_minus_prose": -5.918654794589446,
        "mean_phrase_target_minus_donor": 5.845702691788525,
        "mean_phrase_target_minus_prose": -0.07295210280092115,
        "mean_pmv_effect": 0.49296875,
        "mean_prose_route_rank": 3.3,
        "mean_rank_effect": 0.3375,
        "mean_target_minus_continuation": -2.1095703125,
        "mean_target_minus_donor": 3.8782501220703125,
        "mean_target_minus_prose": -4.2462890625,
        "mean_target_prose_phrase_logprob": -0.6841773776253879,
        "mean_target_value_phrase_logprob": -0.757129480426309,
        "mean_target_value_rank": 151.3375,
        "n": 80,
        "patched_best_other_route": {
          "prose": 80
        },
        "patched_top1_rate": 0.7625,
        "phrase_winner": {
          "target_prose": 28,
          "target_value": 52
        },
        "prose_phrase_win_rate": 0.35,
        "success_change_rate": 0.2375,
        "target_phrase_win_rate": 0.65,
        "target_value_top1_rate": 0.0
      }
    ],
    "best_restore_conditions": [
      {
        "condition": "restore|all_positive_source_channels",
        "donor_phrase_win_rate": 0.0375,
        "donor_value_top1_rate": 0.0,
        "mean_continuation_route_rank": 6.375,
        "mean_donor_minus_continuation": -2.524853515625,
        "mean_donor_minus_prose": -3.556103515625,
        "mean_donor_value_phrase_logprob": -3.414466374159825,
        "mean_donor_value_rank": 1008.7625,
        "mean_final_proj_effect": 17.494113051891325,
        "mean_n_channels": 2838.0,
        "mean_patched_rank": 308.775,
        "mean_phrase_donor_minus_prose": -2.8051934129918026,
        "mean_phrase_target_minus_donor": -0.3853961382528894,
        "mean_phrase_target_minus_prose": -3.190589551244692,
        "mean_pmv_effect": 2.44921875,
        "mean_prose_route_rank": 3.2,
        "mean_rank_effect": -155.3875,
        "mean_target_minus_continuation": -4.494134521484375,
        "mean_target_minus_donor": -1.969281005859375,
        "mean_target_minus_prose": -5.525384521484375,
        "mean_target_prose_phrase_logprob": -0.6092729611680225,
        "mean_target_value_phrase_logprob": -3.7998625124127146,
        "mean_target_value_rank": 10249.8875,
        "n": 80,
        "patched_best_other_route": {
          "continuation": 12,
          "prose": 68
        },
        "patched_top1_rate": 0.475,
        "phrase_winner": {
          "donor_value": 3,
          "target_prose": 42,
          "target_value": 35
        },
        "prose_phrase_win_rate": 0.525,
        "success_change_rate": 0.475,
        "target_phrase_win_rate": 0.4375,
        "target_value_top1_rate": 0.0
      },
      {
        "condition": "restore|source_top_channel_512",
        "donor_phrase_win_rate": 0.0,
        "donor_value_top1_rate": 0.0,
        "mean_continuation_route_rank": 6.0,
        "mean_donor_minus_continuation": -5.419122314453125,
        "mean_donor_minus_prose": -6.558966064453125,
        "mean_donor_value_phrase_logprob": -6.261526872605055,
        "mean_donor_value_rank": 8587.775,
        "mean_final_proj_effect": 21.537043115496637,
        "mean_n_channels": 512.0,
        "mean_patched_rank": 109.875,
        "mean_phrase_donor_minus_prose": -5.702941869987379,
        "mean_phrase_target_minus_donor": 3.7611870285142417,
        "mean_phrase_target_minus_prose": -1.9417548414731378,
        "mean_pmv_effect": 2.66640625,
        "mean_prose_route_rank": 2.525,
        "mean_rank_effect": 43.5125,
        "mean_target_minus_continuation": -3.67705078125,
        "mean_target_minus_donor": 1.742071533203125,
        "mean_target_minus_prose": -4.81689453125,
        "mean_target_prose_phrase_logprob": -0.5585850026176747,
        "mean_target_value_phrase_logprob": -2.5003398440908127,
        "mean_target_value_rank": 2283.175,
        "n": 80,
        "patched_best_other_route": {
          "continuation": 6,
          "prose": 74
        },
        "patched_top1_rate": 0.3375,
        "phrase_winner": {
          "target_prose": 47,
          "target_value": 33
        },
        "prose_phrase_win_rate": 0.5875,
        "success_change_rate": 0.3375,
        "target_phrase_win_rate": 0.4125,
        "target_value_top1_rate": 0.0
      },
      {
        "condition": "restore|source_random_channel_512",
        "donor_phrase_win_rate": 0.0,
        "donor_value_top1_rate": 0.0,
        "mean_continuation_route_rank": 6.075,
        "mean_donor_minus_continuation": -7.734912109375,
        "mean_donor_minus_prose": -9.348974609375,
        "mean_donor_value_phrase_logprob": -6.7413921640499925,
        "mean_donor_value_rank": 11390.575,
        "mean_final_proj_effect": 2.4187517926096915,
        "mean_n_channels": 512.0,
        "mean_patched_rank": 99.45,
        "mean_phrase_donor_minus_prose": -6.222961092990966,
        "mean_phrase_target_minus_donor": 4.143659631836336,
        "mean_phrase_target_minus_prose": -2.07930146115463,
        "mean_pmv_effect": 0.5630859375,
        "mean_prose_route_rank": 1.3625,
        "mean_rank_effect": 53.9375,
        "mean_target_minus_continuation": -5.4794921875,
        "mean_target_minus_donor": 2.255419921875,
        "mean_target_minus_prose": -7.0935546875,
        "mean_target_prose_phrase_logprob": -0.5184310710590265,
        "mean_target_value_phrase_logprob": -2.597732532213657,
        "mean_target_value_rank": 2182.875,
        "n": 80,
        "patched_best_other_route": {
          "prose": 80
        },
        "patched_top1_rate": 0.025,
        "phrase_winner": {
          "target_prose": 73,
          "target_value": 7
        },
        "prose_phrase_win_rate": 0.9125,
        "success_change_rate": 0.025,
        "target_phrase_win_rate": 0.0875,
        "target_value_top1_rate": 0.0
      }
    ],
    "by_split_condition": {
      "same_value|degradation|all_positive_source_channels": {
        "donor_phrase_win_rate": 0.0,
        "donor_value_top1_rate": 0.0,
        "mean_continuation_route_rank": 14.375,
        "mean_donor_minus_continuation": -3.515625,
        "mean_donor_minus_prose": -6.28125,
        "mean_donor_value_phrase_logprob": -2.1875746101140976,
        "mean_donor_value_rank": 158.75,
        "mean_final_proj_effect": 10.638760209083557,
        "mean_n_channels": 2838.0,
        "mean_patched_rank": 3.125,
        "mean_phrase_donor_minus_prose": -1.408451069445249,
        "mean_phrase_target_minus_donor": 0.0,
        "mean_phrase_target_minus_prose": -1.408451069445249,
        "mean_pmv_effect": 1.5703125,
        "mean_prose_route_rank": 1.75,
        "mean_rank_effect": 2.125,
        "mean_target_minus_continuation": -3.515625,
        "mean_target_minus_donor": 0.0,
        "mean_target_minus_prose": -6.28125,
        "mean_target_prose_phrase_logprob": -0.7791235406688486,
        "mean_target_value_phrase_logprob": -2.1875746101140976,
        "mean_target_value_rank": 158.75,
        "n": 8,
        "patched_best_other_route": {
          "prose": 8
        },
        "patched_top1_rate": 0.125,
        "phrase_winner": {
          "target_prose": 8
        },
        "prose_phrase_win_rate": 1.0,
        "success_change_rate": 0.875,
        "target_phrase_win_rate": 0.0,
        "target_value_top1_rate": 0.0
      },
      "same_value|degradation|source_random_channel_512": {
        "donor_phrase_win_rate": 0.0,
        "donor_value_top1_rate": 0.0,
        "mean_continuation_route_rank": 14.25,
        "mean_donor_minus_continuation": -2.48046875,
        "mean_donor_minus_prose": -5.15234375,
        "mean_donor_value_phrase_logprob": -1.1644652262330055,
        "mean_donor_value_rank": 95.75,
        "mean_final_proj_effect": 1.273245096206665,
        "mean_n_channels": 512.0,
        "mean_patched_rank": 1.125,
        "mean_phrase_donor_minus_prose": -0.34673835780968587,
        "mean_phrase_target_minus_donor": 0.0,
        "mean_phrase_target_minus_prose": -0.34673835780968587,
        "mean_pmv_effect": 0.234375,
        "mean_prose_route_rank": 2.375,
        "mean_rank_effect": 0.125,
        "mean_target_minus_continuation": -2.48046875,
        "mean_target_minus_donor": 0.0,
        "mean_target_minus_prose": -5.15234375,
        "mean_target_prose_phrase_logprob": -0.8177268684233197,
        "mean_target_value_phrase_logprob": -1.1644652262330055,
        "mean_target_value_rank": 95.75,
        "n": 8,
        "patched_best_other_route": {
          "prose": 8
        },
        "patched_top1_rate": 0.875,
        "phrase_winner": {
          "target_prose": 6,
          "target_value": 2
        },
        "prose_phrase_win_rate": 0.75,
        "success_change_rate": 0.125,
        "target_phrase_win_rate": 0.25,
        "target_value_top1_rate": 0.0
      },
      "same_value|degradation|source_top_channel_512": {
        "donor_phrase_win_rate": 0.0,
        "donor_value_top1_rate": 0.0,
        "mean_continuation_route_rank": 15.25,
        "mean_donor_minus_continuation": -2.4921875,
        "mean_donor_minus_prose": -5.34375,
        "mean_donor_value_phrase_logprob": -1.3146460801362991,
        "mean_donor_value_rank": 117.5,
        "mean_final_proj_effect": 5.0340694189071655,
        "mean_n_channels": 512.0,
        "mean_patched_rank": 1.375,
        "mean_phrase_donor_minus_prose": -0.51307573468404,
        "mean_phrase_target_minus_donor": 0.0,
        "mean_phrase_target_minus_prose": -0.51307573468404,
        "mean_pmv_effect": 0.515625,
        "mean_prose_route_rank": 2.125,
        "mean_rank_effect": 0.375,
        "mean_target_minus_continuation": -2.4921875,
        "mean_target_minus_donor": 0.0,
        "mean_target_minus_prose": -5.34375,
        "mean_target_prose_phrase_logprob": -0.8015703454522591,
        "mean_target_value_phrase_logprob": -1.3146460801362991,
        "mean_target_value_rank": 117.5,
        "n": 8,
        "patched_best_other_route": {
          "prose": 8
        },
        "patched_top1_rate": 0.75,
        "phrase_winner": {
          "target_prose": 7,
          "target_value": 1
        },
        "prose_phrase_win_rate": 0.875,
        "success_change_rate": 0.25,
        "target_phrase_win_rate": 0.125,
        "target_value_top1_rate": 0.0
      },
      "same_value|restore|all_positive_source_channels": {
        "donor_phrase_win_rate": 0.0,
        "donor_value_top1_rate": 0.0,
        "mean_continuation_route_rank": 5.625,
        "mean_donor_minus_continuation": -4.1796875,
        "mean_donor_minus_prose": -5.5859375,
        "mean_donor_value_phrase_logprob": -1.7306333631277084,
        "mean_donor_value_rank": 102.125,
        "mean_final_proj_effect": 19.2548830807209,
        "mean_n_channels": 2838.0,
        "mean_patched_rank": 1.75,
        "mean_phrase_donor_minus_prose": -1.0683059613930668,
        "mean_phrase_target_minus_donor": 0.0,
        "mean_phrase_target_minus_prose": -1.0683059613930668,
        "mean_pmv_effect": 3.328125,
        "mean_prose_route_rank": 1.5,
        "mean_rank_effect": 22.875,
        "mean_target_minus_continuation": -4.1796875,
        "mean_target_minus_donor": 0.0,
        "mean_target_minus_prose": -5.5859375,
        "mean_target_prose_phrase_logprob": -0.6623274017346417,
        "mean_target_value_phrase_logprob": -1.7306333631277084,
        "mean_target_value_rank": 102.125,
        "n": 8,
        "patched_best_other_route": {
          "prose": 8
        },
        "patched_top1_rate": 0.375,
        "phrase_winner": {
          "target_prose": 8
        },
        "prose_phrase_win_rate": 1.0,
        "success_change_rate": 0.375,
        "target_phrase_win_rate": 0.0,
        "target_value_top1_rate": 0.0
      },
      "same_value|restore|source_random_channel_512": {
        "donor_phrase_win_rate": 0.0,
        "donor_value_top1_rate": 0.0,
        "mean_continuation_route_rank": 5.25,
        "mean_donor_minus_continuation": -5.7734375,
        "mean_donor_minus_prose": -7.4140625,
        "mean_donor_value_phrase_logprob": -3.90292751789093,
        "mean_donor_value_rank": 190.375,
        "mean_final_proj_effect": 4.63302680850029,
        "mean_n_channels": 512.0,
        "mean_patched_rank": 11.375,
        "mean_phrase_donor_minus_prose": -3.277294528586416,
        "mean_phrase_target_minus_donor": 0.0,
        "mean_phrase_target_minus_prose": -3.277294528586416,
        "mean_pmv_effect": 0.8515625,
        "mean_prose_route_rank": 1.25,
        "mean_rank_effect": 13.25,
        "mean_target_minus_continuation": -5.7734375,
        "mean_target_minus_donor": 0.0,
        "mean_target_minus_prose": -7.4140625,
        "mean_target_prose_phrase_logprob": -0.6256329893045142,
        "mean_target_value_phrase_logprob": -3.90292751789093,
        "mean_target_value_rank": 190.375,
        "n": 8,
        "patched_best_other_route": {
          "prose": 8
        },
        "patched_top1_rate": 0.0,
        "phrase_winner": {
          "target_prose": 8
        },
        "prose_phrase_win_rate": 1.0,
        "success_change_rate": 0.0,
        "target_phrase_win_rate": 0.0,
        "target_value_top1_rate": 0.0
      },
      "same_value|restore|source_top_channel_512": {
        "donor_phrase_win_rate": 0.0,
        "donor_value_top1_rate": 0.0,
        "mean_continuation_route_rank": 5.0,
        "mean_donor_minus_continuation": -5.78125,
        "mean_donor_minus_prose": -7.2109375,
        "mean_donor_value_phrase_logprob": -3.8095265328884125,
        "mean_donor_value_rank": 183.25,
        "mean_final_proj_effect": 7.811214178800583,
        "mean_n_channels": 512.0,
        "mean_patched_rank": 12.625,
        "mean_phrase_donor_minus_prose": -3.16959267028777,
        "mean_phrase_target_minus_donor": 0.0,
        "mean_phrase_target_minus_prose": -3.16959267028777,
        "mean_pmv_effect": 1.0625,
        "mean_prose_route_rank": 1.375,
        "mean_rank_effect": 12.0,
        "mean_target_minus_continuation": -5.78125,
        "mean_target_minus_donor": 0.0,
        "mean_target_minus_prose": -7.2109375,
        "mean_target_prose_phrase_logprob": -0.6399338626006426,
        "mean_target_value_phrase_logprob": -3.8095265328884125,
        "mean_target_value_rank": 183.25,
        "n": 8,
        "patched_best_other_route": {
          "prose": 8
        },
        "patched_top1_rate": 0.0,
        "phrase_winner": {
          "target_prose": 8
        },
        "prose_phrase_win_rate": 1.0,
        "success_change_rate": 0.0,
        "target_phrase_win_rate": 0.0,
        "target_value_top1_rate": 0.0
      },
      "unrelated|degradation|all_positive_source_channels": {
        "donor_phrase_win_rate": 0.0,
        "donor_value_top1_rate": 0.0,
        "mean_continuation_route_rank": 11.555555555555555,
        "mean_donor_minus_continuation": -7.066080729166667,
        "mean_donor_minus_prose": -9.717122395833334,
        "mean_donor_value_phrase_logprob": -5.643471194386171,
        "mean_donor_value_rank": 7544.25,
        "mean_final_proj_effect": 48.02053929368655,
        "mean_n_channels": 2838.0,
        "mean_patched_rank": 213.58333333333334,
        "mean_phrase_donor_minus_prose": -5.043601858087512,
        "mean_phrase_target_minus_donor": 2.8901762790579757,
        "mean_phrase_target_minus_prose": -2.1534255790295362,
        "mean_pmv_effect": 6.250434027777778,
        "mean_prose_route_rank": 1.625,
        "mean_rank_effect": 212.58333333333334,
        "mean_target_minus_continuation": -6.366238064236111,
        "mean_target_minus_donor": 0.6998426649305556,
        "mean_target_minus_prose": -9.017279730902779,
        "mean_target_prose_phrase_logprob": -0.5998693362986594,
        "mean_target_value_phrase_logprob": -2.753294915328196,
        "mean_target_value_rank": 4688.555555555556,
        "n": 72,
        "patched_best_other_route": {
          "prose": 72
        },
        "patched_top1_rate": 0.013888888888888888,
        "phrase_winner": {
          "target_prose": 66,
          "target_value": 6
        },
        "prose_phrase_win_rate": 0.9166666666666666,
        "success_change_rate": 0.9861111111111112,
        "target_phrase_win_rate": 0.08333333333333333,
        "target_value_top1_rate": 0.0
      },
      "unrelated|degradation|source_random_channel_512": {
        "donor_phrase_win_rate": 0.0,
        "donor_value_top1_rate": 0.0,
        "mean_continuation_route_rank": 11.402777777777779,
        "mean_donor_minus_continuation": -6.377526177300347,
        "mean_donor_minus_prose": -8.454783121744791,
        "mean_donor_value_phrase_logprob": -7.207095166212816,
        "mean_donor_value_rank": 16844.916666666668,
        "mean_final_proj_effect": 3.232890701956219,
        "mean_n_channels": 512.0,
        "mean_patched_rank": 1.3611111111111112,
        "mean_phrase_donor_minus_prose": -6.537756620898309,
        "mean_phrase_target_minus_donor": 6.495225213098362,
        "mean_phrase_target_minus_prose": -0.04253140779994728,
        "mean_pmv_effect": 0.5217013888888888,
        "mean_prose_route_rank": 3.4027777777777777,
        "mean_rank_effect": 0.3611111111111111,
        "mean_target_minus_continuation": -2.068359375,
        "mean_target_minus_donor": 4.309166802300347,
        "mean_target_minus_prose": -4.145616319444445,
        "mean_target_prose_phrase_logprob": -0.6693385453145065,
        "mean_target_value_phrase_logprob": -0.7118699531144538,
        "mean_target_value_rank": 157.51388888888889,
        "n": 72,
        "patched_best_other_route": {
          "prose": 72
        },
        "patched_top1_rate": 0.75,
        "phrase_winner": {
          "target_prose": 22,
          "target_value": 50
        },
        "prose_phrase_win_rate": 0.3055555555555556,
        "success_change_rate": 0.25,
        "target_phrase_win_rate": 0.6944444444444444,
        "target_value_top1_rate": 0.0
      },
      "unrelated|degradation|source_top_channel_512": {
        "donor_phrase_win_rate": 0.0,
        "donor_value_top1_rate": 0.0,
        "mean_continuation_route_rank": 12.305555555555555,
        "mean_donor_minus_continuation": -8.14852566189236,
        "mean_donor_minus_prose": -10.774393717447916,
        "mean_donor_value_phrase_logprob": -7.48570106672057,
        "mean_donor_value_rank": 18438.180555555555,
        "mean_final_proj_effect": 30.844367275635403,
        "mean_n_channels": 512.0,
        "mean_patched_rank": 35.458333333333336,
        "mean_phrase_donor_minus_prose": -6.864579742868668,
        "mean_phrase_target_minus_donor": 6.380788070691619,
        "mean_phrase_target_minus_prose": -0.48379167217705,
        "mean_pmv_effect": 3.3602430555555554,
        "mean_prose_route_rank": 2.0555555555555554,
        "mean_rank_effect": 34.458333333333336,
        "mean_target_minus_continuation": -4.224934895833333,
        "mean_target_minus_donor": 3.9235907660590277,
        "mean_target_minus_prose": -6.850802951388889,
        "mean_target_prose_phrase_logprob": -0.6211213238519022,
        "mean_target_value_phrase_logprob": -1.1049129960289523,
        "mean_target_value_rank": 1142.013888888889,
        "n": 72,
        "patched_best_other_route": {
          "prose": 72
        },
        "patched_top1_rate": 0.3333333333333333,
        "phrase_winner": {
          "target_prose": 50,
          "target_value": 22
        },
        "prose_phrase_win_rate": 0.6944444444444444,
        "success_change_rate": 0.6666666666666666,
        "target_phrase_win_rate": 0.3055555555555556,
        "target_value_top1_rate": 0.0
      },
      "unrelated|restore|all_positive_source_channels": {
        "donor_phrase_win_rate": 0.041666666666666664,
        "donor_value_top1_rate": 0.0,
        "mean_continuation_route_rank": 6.458333333333333,
        "mean_donor_minus_continuation": -2.3409830729166665,
        "mean_donor_minus_prose": -3.33056640625,
        "mean_donor_value_phrase_logprob": -3.6015589309411715,
        "mean_donor_value_rank": 1109.5,
        "mean_final_proj_effect": 17.29847193757693,
        "mean_n_channels": 2838.0,
        "mean_patched_rank": 342.8888888888889,
        "mean_phrase_donor_minus_prose": -2.998180907613884,
        "mean_phrase_target_minus_donor": -0.4282179313920993,
        "mean_phrase_target_minus_prose": -3.426398839005983,
        "mean_pmv_effect": 2.3515625,
        "mean_prose_route_rank": 3.388888888888889,
        "mean_rank_effect": -175.19444444444446,
        "mean_target_minus_continuation": -4.529073079427083,
        "mean_target_minus_donor": -2.1880900065104165,
        "mean_target_minus_prose": -5.518656412760417,
        "mean_target_prose_phrase_logprob": -0.6033780233272872,
        "mean_target_value_phrase_logprob": -4.029776862333271,
        "mean_target_value_rank": 11377.416666666666,
        "n": 72,
        "patched_best_other_route": {
          "continuation": 12,
          "prose": 60
        },
        "patched_top1_rate": 0.4861111111111111,
        "phrase_winner": {
          "donor_value": 3,
          "target_prose": 34,
          "target_value": 35
        },
        "prose_phrase_win_rate": 0.4722222222222222,
        "success_change_rate": 0.4861111111111111,
        "target_phrase_win_rate": 0.4861111111111111,
        "target_value_top1_rate": 0.0
      },
      "unrelated|restore|source_random_channel_512": {
        "donor_phrase_win_rate": 0.0,
        "donor_value_top1_rate": 0.0,
        "mean_continuation_route_rank": 6.166666666666667,
        "mean_donor_minus_continuation": -7.952853732638889,
        "mean_donor_minus_prose": -9.56396484375,
        "mean_donor_value_phrase_logprob": -7.056777124734333,
        "mean_donor_value_rank": 12635.041666666666,
        "mean_final_proj_effect": 2.172721235288514,
        "mean_n_channels": 512.0,
        "mean_patched_rank": 109.23611111111111,
        "mean_phrase_donor_minus_prose": -6.550257377924805,
        "mean_phrase_target_minus_donor": 4.604066257595928,
        "mean_phrase_target_minus_prose": -1.946191120328876,
        "mean_pmv_effect": 0.5310329861111112,
        "mean_prose_route_rank": 1.375,
        "mean_rank_effect": 58.458333333333336,
        "mean_target_minus_continuation": -5.446831597222222,
        "mean_target_minus_donor": 2.5060221354166665,
        "mean_target_minus_prose": -7.057942708333333,
        "mean_target_prose_phrase_logprob": -0.5065197468095279,
        "mean_target_value_phrase_logprob": -2.4527108671384044,
        "mean_target_value_rank": 2404.2638888888887,
        "n": 72,
        "patched_best_other_route": {
          "prose": 72
        },
        "patched_top1_rate": 0.027777777777777776,
        "phrase_winner": {
          "target_prose": 65,
          "target_value": 7
        },
        "prose_phrase_win_rate": 0.9027777777777778,
        "success_change_rate": 0.027777777777777776,
        "target_phrase_win_rate": 0.09722222222222222,
        "target_value_top1_rate": 0.0
      },
      "unrelated|restore|source_top_channel_512": {
        "donor_phrase_win_rate": 0.0,
        "donor_value_top1_rate": 0.0,
        "mean_continuation_route_rank": 6.111111111111111,
        "mean_donor_minus_continuation": -5.378885904947917,
        "mean_donor_minus_prose": -6.486524793836805,
        "mean_donor_value_phrase_logprob": -6.533971354795792,
        "mean_donor_value_rank": 9521.611111111111,
        "mean_final_proj_effect": 23.062135219573975,
        "mean_n_channels": 512.0,
        "mean_patched_rank": 120.68055555555556,
        "mean_phrase_donor_minus_prose": -5.984425114398447,
        "mean_phrase_target_minus_donor": 4.1790966983491575,
        "mean_phrase_target_minus_prose": -1.8053284160492897,
        "mean_pmv_effect": 2.8446180555555554,
        "mean_prose_route_rank": 2.6527777777777777,
        "mean_rank_effect": 47.013888888888886,
        "mean_target_minus_continuation": -3.4432508680555554,
        "mean_target_minus_donor": 1.9356350368923612,
        "mean_target_minus_prose": -4.550889756944445,
        "mean_target_prose_phrase_logprob": -0.549546240397345,
        "mean_target_value_phrase_logprob": -2.3548746564466345,
        "mean_target_value_rank": 2516.5,
        "n": 72,
        "patched_best_other_route": {
          "continuation": 6,
          "prose": 66
        },
        "patched_top1_rate": 0.375,
        "phrase_winner": {
          "target_prose": 39,
          "target_value": 33
        },
        "prose_phrase_win_rate": 0.5416666666666666,
        "success_change_rate": 0.375,
        "target_phrase_win_rate": 0.4583333333333333,
        "target_value_top1_rate": 0.0
      }
    },
    "donor_sets": [
      {
        "conditions": [
          "all_positive_source_channels",
          "source_top_channel_512",
          "source_random_channel_512"
        ],
        "filter": "same_value donors plus one deterministic unrelated donor per target",
        "n_donor_pairs": 80,
        "n_positive_channels": 2838,
        "n_ranked_channels": 4096,
        "n_targets": 72,
        "same_value_pairs": 8,
        "top_channel_scores": [
          {
            "channel": 33,
            "head": 15,
            "index": 1953,
            "layer": 26,
            "mean_abs_effect": 0.3742256631806698,
            "mean_combo_delta_value": 4.135954154965778,
            "mean_direct_effect": 0.36823519280409756,
            "mean_output_dir_proj": 0.06857856958069736,
            "n_train_cases": 72,
            "unit_key": "L26H15C33"
          },
          {
            "channel": 106,
            "head": 15,
            "index": 2026,
            "layer": 26,
            "mean_abs_effect": 0.32179005912272557,
            "mean_combo_delta_value": 4.020803868563639,
            "mean_direct_effect": 0.31835028280729394,
            "mean_output_dir_proj": 0.04004814890989413,
            "n_train_cases": 72,
            "unit_key": "L26H15C106"
          },
          {
            "channel": 32,
            "head": 15,
            "index": 1952,
            "layer": 26,
            "mean_abs_effect": 0.2911689546676825,
            "mean_combo_delta_value": 4.283867619983438,
            "mean_direct_effect": 0.2885064111723791,
            "mean_output_dir_proj": 0.03474947370381819,
            "n_train_cases": 72,
            "unit_key": "L26H15C32"
          },
          {
            "channel": 89,
            "head": 24,
            "index": 3161,
            "layer": 26,
            "mean_abs_effect": 0.281312485767596,
            "mean_combo_delta_value": 2.8138537820842533,
            "mean_direct_effect": 0.2781356368959765,
            "mean_output_dir_proj": 0.08982953587029543,
            "n_train_cases": 72,
            "unit_key": "L26H24C89"
          },
          {
            "channel": 30,
            "head": 15,
            "index": 1950,
            "layer": 26,
            "mean_abs_effect": 0.25661465296698943,
            "mean_combo_delta_value": 4.373607654952341,
            "mean_direct_effect": 0.25344529470148225,
            "mean_output_dir_proj": 0.03839277951758251,
            "n_train_cases": 72,
            "unit_key": "L26H15C30"
          },
          {
            "channel": 9,
            "head": 19,
            "index": 2441,
            "layer": 26,
            "mean_abs_effect": 0.25237599620737355,
            "mean_combo_delta_value": -2.4229044392187564,
            "mean_direct_effect": 0.25234455948698264,
            "mean_output_dir_proj": -0.07201568405596642,
            "n_train_cases": 72,
            "unit_key": "L26H19C9"
          },
          {
            "channel": 23,
            "head": 15,
            "index": 1943,
            "layer": 26,
            "mean_abs_effect": 0.2523792694588005,
            "mean_combo_delta_value": 2.5449427935398288,
            "mean_direct_effect": 0.24400445799351045,
            "mean_output_dir_proj": 0.07229659838291506,
            "n_train_cases": 72,
            "unit_key": "L26H15C23"
          },
          {
            "channel": 103,
            "head": 15,
            "index": 2023,
            "layer": 26,
            "mean_abs_effect": 0.24189971821946005,
            "mean_combo_delta_value": 4.701183354689015,
            "mean_direct_effect": 0.23825377879902193,
            "mean_output_dir_proj": 0.04681701533910301,
            "n_train_cases": 72,
            "unit_key": "L26H15C103"
          },
          {
            "channel": 86,
            "head": 19,
            "index": 2518,
            "layer": 26,
            "mean_abs_effect": 0.23131275535036058,
            "mean_combo_delta_value": 2.6776454055474863,
            "mean_direct_effect": 0.2289015276626827,
            "mean_output_dir_proj": 0.030479937022189714,
            "n_train_cases": 72,
            "unit_key": "L26H19C86"
          },
          {
            "channel": 21,
            "head": 19,
            "index": 2453,
            "layer": 26,
            "mean_abs_effect": 0.22643912264325905,
            "mean_combo_delta_value": -2.30458151217964,
            "mean_direct_effect": 0.2259645249088526,
            "mean_output_dir_proj": -0.0521551377201427,
            "n_train_cases": 72,
            "unit_key": "L26H19C21"
          },
          {
            "channel": 60,
            "head": 25,
            "index": 3260,
            "layer": 26,
            "mean_abs_effect": 0.22408835064388688,
            "mean_combo_delta_value": 3.417711219853825,
            "mean_direct_effect": 0.21814597412427686,
            "mean_output_dir_proj": 0.05510554843608083,
            "n_train_cases": 72,
            "unit_key": "L26H25C60"
          },
          {
            "channel": 95,
            "head": 11,
            "index": 1503,
            "layer": 23,
            "mean_abs_effect": 0.22268157345075482,
            "mean_combo_delta_value": 2.6197714623477726,
            "mean_direct_effect": 0.21732984258174298,
            "mean_output_dir_proj": 0.05019133148016408,
            "n_train_cases": 72,
            "unit_key": "L23H11C95"
          },
          {
            "channel": 42,
            "head": 17,
            "index": 2218,
            "layer": 27,
            "mean_abs_effect": 0.20853822802054786,
            "mean_combo_delta_value": -3.1090513633357153,
            "mean_direct_effect": 0.2069276344847848,
            "mean_output_dir_proj": -0.03305543094757013,
            "n_train_cases": 72,
            "unit_key": "L27H17C42"
          },
          {
            "channel": 91,
            "head": 15,
            "index": 2011,
            "layer": 26,
            "mean_abs_effect": 0.19738431334608916,
            "mean_combo_delta_value": 3.4862379104726844,
            "mean_direct_effect": 0.19471698558940964,
            "mean_output_dir_proj": 0.04085025071657987,
            "n_train_cases": 72,
            "unit_key": "L26H15C91"
          },
          {
            "channel": 14,
            "head": 15,
            "index": 1934,
            "layer": 26,
            "mean_abs_effect": 0.20085140539730698,
            "mean_combo_delta_value": -3.8097771387547255,
            "mean_direct_effect": 0.19456774886528505,
            "mean_output_dir_proj": -0.03410590522819095,
            "n_train_cases": 72,
            "unit_key": "L26H15C14"
          },
          {
            "channel": 88,
            "head": 25,
            "index": 3288,
            "layer": 26,
            "mean_abs_effect": 0.19697662295073604,
            "mean_combo_delta_value": -2.268525391817093,
            "mean_direct_effect": 0.18968016017175598,
            "mean_output_dir_proj": -0.05527798841164137,
            "n_train_cases": 72,
            "unit_key": "L26H25C88"
          },
          {
            "channel": 58,
            "head": 15,
            "index": 1978,
            "layer": 26,
            "mean_abs_effect": 0.18748671369924821,
            "mean_combo_delta_value": -3.2977217157474823,
            "mean_direct_effect": 0.18430887246718278,
            "mean_output_dir_proj": -0.041147854399039514,
            "n_train_cases": 72,
            "unit_key": "L26H15C58"
          },
          {
            "channel": 86,
            "head": 15,
            "index": 2006,
            "layer": 26,
            "mean_abs_effect": 0.1855909470199413,
            "mean_combo_delta_value": 4.371363388891849,
            "mean_direct_effect": 0.18045970223319266,
            "mean_output_dir_proj": 0.02191428071172494,
            "n_train_cases": 72,
            "unit_key": "L26H15C86"
          },
          {
            "channel": 117,
            "head": 15,
            "index": 2037,
            "layer": 26,
            "mean_abs_effect": 0.18619304690566266,
            "mean_combo_delta_value": -6.341267221038127,
            "mean_direct_effect": 0.1779295750661255,
            "mean_output_dir_proj": -0.019488857140661113,
            "n_train_cases": 72,
            "unit_key": "L26H15C117"
          },
          {
            "channel": 87,
            "head": 15,
            "index": 2007,
            "layer": 26,
            "mean_abs_effect": 0.17915669635170434,
            "mean_combo_delta_value": 2.696708098105672,
            "mean_direct_effect": 0.17652934682839044,
            "mean_output_dir_proj": 0.03139679619602652,
            "n_train_cases": 72,
            "unit_key": "L26H15C87"
          },
          {
            "channel": 72,
            "head": 19,
            "index": 2504,
            "layer": 26,
            "mean_abs_effect": 0.17650779414124235,
            "mean_combo_delta_value": 1.8976158988144662,
            "mean_direct_effect": 0.1763669133309853,
            "mean_output_dir_proj": 0.06550772164741324,
            "n_train_cases": 72,
            "unit_key": "L26H19C72"
          },
          {
            "channel": 72,
            "head": 15,
            "index": 1992,
            "layer": 26,
            "mean_abs_effect": 0.17656266667505496,
            "mean_combo_delta_value": 2.9294670639145703,
            "mean_direct_effect": 0.17257086692117965,
            "mean_output_dir_proj": 0.03504984456554262,
            "n_train_cases": 72,
            "unit_key": "L26H15C72"
          },
          {
            "channel": 33,
            "head": 19,
            "index": 2465,
            "layer": 26,
            "mean_abs_effect": 0.17105585382819946,
            "mean_combo_delta_value": 2.6521497388473816,
            "mean_direct_effect": 0.17046974778027063,
            "mean_output_dir_proj": 0.03636566661104249,
            "n_train_cases": 72,
            "unit_key": "L26H19C33"
          },
          {
            "channel": 34,
            "head": 19,
            "index": 2466,
            "layer": 26,
            "mean_abs_effect": 0.16560884629449302,
            "mean_combo_delta_value": 1.552782087172899,
            "mean_direct_effect": 0.165443426178226,
            "mean_output_dir_proj": 0.06645334630997644,
            "n_train_cases": 72,
            "unit_key": "L26H19C34"
          },
          {
            "channel": 93,
            "head": 19,
            "index": 2525,
            "layer": 23,
            "mean_abs_effect": 0.16210438027991358,
            "mean_combo_delta_value": -2.831719695693917,
            "mean_direct_effect": 0.16127606844724302,
            "mean_output_dir_proj": -0.043618894460248865,
            "n_train_cases": 72,
            "unit_key": "L23H19C93"
          },
          {
            "channel": 46,
            "head": 23,
            "index": 2990,
            "layer": 26,
            "mean_abs_effect": 0.16230773378311128,
            "mean_combo_delta_value": -1.4104874581098557,
            "mean_direct_effect": 0.15917758175101934,
            "mean_output_dir_proj": -0.09319688510408418,
            "n_train_cases": 72,
            "unit_key": "L26H23C46"
          },
          {
            "channel": 65,
            "head": 2,
            "index": 321,
            "layer": 27,
            "mean_abs_effect": 0.16229588018200178,
            "mean_combo_delta_value": -1.3297253863679037,
            "mean_direct_effect": 0.15774460911355825,
            "mean_output_dir_proj": -0.08673370919293827,
            "n_train_cases": 72,
            "unit_key": "L27H2C65"
          },
          {
            "channel": 14,
            "head": 2,
            "index": 270,
            "layer": 27,
            "mean_abs_effect": 0.16197031592144107,
            "mean_combo_delta_value": -1.0614535808563232,
            "mean_direct_effect": 0.15609399258325707,
            "mean_output_dir_proj": -0.07882869636200161,
            "n_train_cases": 72,
            "unit_key": "L27H2C14"
          },
          {
            "channel": 88,
            "head": 24,
            "index": 3160,
            "layer": 26,
            "mean_abs_effect": 0.1712190790748394,
            "mean_combo_delta_value": -1.5824898050891028,
            "mean_direct_effect": 0.15567299515378208,
            "mean_output_dir_proj": -0.07337654966654049,
            "n_train_cases": 72,
            "unit_key": "L26H24C88"
          },
          {
            "channel": 91,
            "head": 19,
            "index": 2523,
            "layer": 26,
            "mean_abs_effect": 0.1516016616737896,
            "mean_combo_delta_value": 2.243265465936727,
            "mean_direct_effect": 0.15132427985100808,
            "mean_output_dir_proj": 0.04360731764205007,
            "n_train_cases": 72,
            "unit_key": "L26H19C91"
          },
          {
            "channel": 77,
            "head": 19,
            "index": 2509,
            "layer": 26,
            "mean_abs_effect": 0.14803715077884116,
            "mean_combo_delta_value": -1.6018432150077488,
            "mean_direct_effect": 0.14698406211535406,
            "mean_output_dir_proj": -0.061806859681382775,
            "n_train_cases": 72,
            "unit_key": "L26H19C77"
          },
          {
            "channel": 41,
            "head": 24,
            "index": 3113,
            "layer": 26,
            "mean_abs_effect": 0.1806216263093183,
            "mean_combo_delta_value": -1.6003430974152353,
            "mean_direct_effect": 0.14655706719422446,
            "mean_output_dir_proj": -0.0640488647752338,
            "n_train_cases": 72,
            "unit_key": "L26H24C41"
          },
          {
            "channel": 121,
            "head": 19,
            "index": 2553,
            "layer": 26,
            "mean_abs_effect": 0.14379076659098186,
            "mean_combo_delta_value": 1.4946764467491045,
            "mean_direct_effect": 0.1430076950039988,
            "mean_output_dir_proj": 0.054883956461304076,
            "n_train_cases": 72,
            "unit_key": "L26H19C121"
          },
          {
            "channel": 41,
            "head": 25,
            "index": 3241,
            "layer": 26,
            "mean_abs_effect": 0.16057408721757804,
            "mean_combo_delta_value": -2.549043837520811,
            "mean_direct_effect": 0.1367655428680808,
            "mean_output_dir_proj": -0.03510590047679014,
            "n_train_cases": 72,
            "unit_key": "L26H25C41"
          },
          {
            "channel": 91,
            "head": 19,
            "index": 2523,
            "layer": 23,
            "mean_abs_effect": 0.13618446469418313,
            "mean_combo_delta_value": 2.0070546906855373,
            "mean_direct_effect": 0.1361468581088879,
            "mean_output_dir_proj": 0.04959546523362709,
            "n_train_cases": 72,
            "unit_key": "L23H19C91"
          },
          {
            "channel": 8,
            "head": 15,
            "index": 1928,
            "layer": 26,
            "mean_abs_effect": 0.13521942281019828,
            "mean_combo_delta_value": -1.8206620653056436,
            "mean_direct_effect": 0.13398153424340353,
            "mean_output_dir_proj": -0.05773978203069419,
            "n_train_cases": 72,
            "unit_key": "L26H15C8"
          },
          {
            "channel": 14,
            "head": 19,
            "index": 2446,
            "layer": 26,
            "mean_abs_effect": 0.13384908188017744,
            "mean_combo_delta_value": -2.5071155454239085,
            "mean_direct_effect": 0.13348837719719128,
            "mean_output_dir_proj": -0.03243108398358648,
            "n_train_cases": 72,
            "unit_key": "L26H19C14"
          },
          {
            "channel": 8,
            "head": 24,
            "index": 3080,
            "layer": 26,
            "mean_abs_effect": 0.13457486275619038,
            "mean_combo_delta_value": 1.7026849778162108,
            "mean_direct_effect": 0.1303808612825937,
            "mean_output_dir_proj": 0.069751244245304,
            "n_train_cases": 72,
            "unit_key": "L26H24C8"
          },
          {
            "channel": 112,
            "head": 15,
            "index": 2032,
            "layer": 26,
            "mean_abs_effect": 0.14025057577378439,
            "mean_combo_delta_value": 1.3876755360720887,
            "mean_direct_effect": 0.1302751170966353,
            "mean_output_dir_proj": 0.07311431502199008,
            "n_train_cases": 72,
            "unit_key": "L26H15C112"
          },
          {
            "channel": 95,
            "head": 26,
            "index": 3423,
            "layer": 26,
            "mean_abs_effect": 0.14239852666540678,
            "mean_combo_delta_value": -2.216233477824264,
            "mean_direct_effect": 0.1271511328552347,
            "mean_output_dir_proj": -0.057058138236041285,
            "n_train_cases": 72,
            "unit_key": "L26H26C95"
          },
          {
            "channel": 41,
            "head": 26,
            "index": 3369,
            "layer": 26,
            "mean_abs_effect": 0.13906473590062793,
            "mean_combo_delta_value": -1.5454846951696608,
            "mean_direct_effect": 0.12564438441665313,
            "mean_output_dir_proj": -0.05893923053776638,
            "n_train_cases": 72,
            "unit_key": "L26H26C41"
          },
          {
            "channel": 69,
            "head": 11,
            "index": 1477,
            "layer": 23,
            "mean_abs_effect": 0.13206541834898108,
            "mean_combo_delta_value": -2.119389294025799,
            "mean_direct_effect": 0.12285292026472378,
            "mean_output_dir_proj": -0.051293835237932704,
            "n_train_cases": 72,
            "unit_key": "L23H11C69"
          },
          {
            "channel": 93,
            "head": 15,
            "index": 2013,
            "layer": 26,
            "mean_abs_effect": 0.12944533935768665,
            "mean_combo_delta_value": 1.4915860908933811,
            "mean_direct_effect": 0.11981850789531096,
            "mean_output_dir_proj": 0.05635835923021659,
            "n_train_cases": 72,
            "unit_key": "L26H15C93"
          },
          {
            "channel": 29,
            "head": 11,
            "index": 1437,
            "layer": 23,
            "mean_abs_effect": 0.1209088052656295,
            "mean_combo_delta_value": 2.262105063535273,
            "mean_direct_effect": 0.11922083087979678,
            "mean_output_dir_proj": 0.03359561614666341,
            "n_train_cases": 72,
            "unit_key": "L23H11C29"
          },
          {
            "channel": 22,
            "head": 15,
            "index": 1942,
            "layer": 26,
            "mean_abs_effect": 0.12206244645805334,
            "mean_combo_delta_value": -2.897231178720378,
            "mean_direct_effect": 0.118527703527461,
            "mean_output_dir_proj": -0.02322390125482343,
            "n_train_cases": 72,
            "unit_key": "L26H15C22"
          },
          {
            "channel": 15,
            "head": 26,
            "index": 3343,
            "layer": 26,
            "mean_abs_effect": 0.12011223661353353,
            "mean_combo_delta_value": -1.6642066612839699,
            "mean_direct_effect": 0.11811527052440741,
            "mean_output_dir_proj": -0.06995483233024263,
            "n_train_cases": 72,
            "unit_key": "L26H26C15"
          },
          {
            "channel": 104,
            "head": 17,
            "index": 2280,
            "layer": 27,
            "mean_abs_effect": 0.12068921550049769,
            "mean_combo_delta_value": -2.0536511739095054,
            "mean_direct_effect": 0.11770093396016905,
            "mean_output_dir_proj": -0.026977257505576644,
            "n_train_cases": 72,
            "unit_key": "L27H17C104"
          },
          {
            "channel": 68,
            "head": 19,
            "index": 2500,
            "layer": 26,
            "mean_abs_effect": 0.11842318613627834,
            "mean_combo_delta_value": -2.1110344839592776,
            "mean_direct_effect": 0.11715307481439267,
            "mean_output_dir_proj": -0.03806839056778699,
            "n_train_cases": 72,
            "unit_key": "L26H19C68"
          },
          {
            "channel": 100,
            "head": 19,
            "index": 2532,
            "layer": 23,
            "mean_abs_effect": 0.12605030476165452,
            "mean_combo_delta_value": -1.3485168235169516,
            "mean_direct_effect": 0.11675759943585778,
            "mean_output_dir_proj": -0.07038723253127602,
            "n_train_cases": 72,
            "unit_key": "L23H19C100"
          },
          {
            "channel": 84,
            "head": 15,
            "index": 2004,
            "layer": 26,
            "mean_abs_effect": 0.11775945127731588,
            "mean_combo_delta_value": -4.37864355970588,
            "mean_direct_effect": 0.11671899036019735,
            "mean_output_dir_proj": -0.017251433565333072,
            "n_train_cases": 72,
            "unit_key": "L26H15C84"
          },
          {
            "channel": 79,
            "head": 19,
            "index": 2511,
            "layer": 26,
            "mean_abs_effect": 0.11554576296257141,
            "mean_combo_delta_value": 1.710752253834572,
            "mean_direct_effect": 0.11488325295451836,
            "mean_output_dir_proj": 0.039369304166434124,
            "n_train_cases": 72,
            "unit_key": "L26H19C79"
          },
          {
            "channel": 101,
            "head": 19,
            "index": 2533,
            "layer": 26,
            "mean_abs_effect": 0.1148342033956838,
            "mean_combo_delta_value": 2.4289975797421195,
            "mean_direct_effect": 0.11466873527994124,
            "mean_output_dir_proj": 0.027923698220143303,
            "n_train_cases": 72,
            "unit_key": "L26H19C101"
          },
          {
            "channel": 73,
            "head": 26,
            "index": 3401,
            "layer": 26,
            "mean_abs_effect": 0.1218776815450486,
            "mean_combo_delta_value": -1.4043319953812494,
            "mean_direct_effect": 0.1146595832278347,
            "mean_output_dir_proj": -0.07127255799585125,
            "n_train_cases": 72,
            "unit_key": "L26H26C73"
          },
          {
            "channel": 1,
            "head": 24,
            "index": 3073,
            "layer": 26,
            "mean_abs_effect": 0.12594995012817684,
            "mean_combo_delta_value": 2.3856877585252128,
            "mean_direct_effect": 0.11398914214110764,
            "mean_output_dir_proj": 0.049796029252724514,
            "n_train_cases": 72,
            "unit_key": "L26H24C1"
          },
          {
            "channel": 30,
            "head": 19,
            "index": 2462,
            "layer": 26,
            "mean_abs_effect": 0.114851820712124,
            "mean_combo_delta_value": 2.8243122571665378,
            "mean_direct_effect": 0.11361666669575718,
            "mean_output_dir_proj": 0.032547546692916915,
            "n_train_cases": 72,
            "unit_key": "L26H19C30"
          },
          {
            "channel": 50,
            "head": 11,
            "index": 1458,
            "layer": 23,
            "mean_abs_effect": 0.12567632558757405,
            "mean_combo_delta_value": -1.3604640401899815,
            "mean_direct_effect": 0.11246333121125013,
            "mean_output_dir_proj": -0.026036867645517405,
            "n_train_cases": 72,
            "unit_key": "L23H11C50"
          },
          {
            "channel": 101,
            "head": 15,
            "index": 2021,
            "layer": 26,
            "mean_abs_effect": 0.11335501940133584,
            "mean_combo_delta_value": 3.8631041128990344,
            "mean_direct_effect": 0.11211766709284318,
            "mean_output_dir_proj": 0.01208601063343748,
            "n_train_cases": 72,
            "unit_key": "L26H15C101"
          },
          {
            "channel": 1,
            "head": 26,
            "index": 3329,
            "layer": 26,
            "mean_abs_effect": 0.11647156180131862,
            "mean_combo_delta_value": 2.239373972846402,
            "mean_direct_effect": 0.11210150732527528,
            "mean_output_dir_proj": 0.04570937801488779,
            "n_train_cases": 72,
            "unit_key": "L26H26C1"
          },
          {
            "channel": 34,
            "head": 2,
            "index": 290,
            "layer": 27,
            "mean_abs_effect": 0.11520596562547286,
            "mean_combo_delta_value": 1.1825712670882542,
            "mean_direct_effect": 0.11195070854058652,
            "mean_output_dir_proj": 0.05712392076384276,
            "n_train_cases": 72,
            "unit_key": "L27H2C34"
          },
          {
            "channel": 88,
            "head": 26,
            "index": 3416,
            "layer": 26,
            "mean_abs_effect": 0.13422903153341148,
            "mean_combo_delta_value": -1.5384295276469655,
            "mean_direct_effect": 0.11180825791701388,
            "mean_output_dir_proj": -0.052230820674190506,
            "n_train_cases": 72,
            "unit_key": "L26H26C88"
          },
          {
            "channel": 7,
            "head": 24,
            "index": 3079,
            "layer": 26,
            "mean_abs_effect": 0.11372461517438343,
            "mean_combo_delta_value": 1.9850716822677188,
            "mean_direct_effect": 0.1111460872093841,
            "mean_output_dir_proj": 0.05668716492234833,
            "n_train_cases": 72,
            "unit_key": "L26H24C7"
          },
          {
            "channel": 88,
            "head": 23,
            "index": 3032,
            "layer": 26,
            "mean_abs_effect": 0.12204628019154375,
            "mean_combo_delta_value": -1.342395669884152,
            "mean_direct_effect": 0.11046769049491671,
            "mean_output_dir_proj": -0.04814528732094914,
            "n_train_cases": 72,
            "unit_key": "L26H23C88"
          },
          {
            "channel": 57,
            "head": 19,
            "index": 2489,
            "layer": 26,
            "mean_abs_effect": 0.11081995477971508,
            "mean_combo_delta_value": -2.0005781137280993,
            "mean_direct_effect": 0.1099020198817993,
            "mean_output_dir_proj": -0.031855190043441124,
            "n_train_cases": 72,
            "unit_key": "L26H19C57"
          },
          {
            "channel": 13,
            "head": 2,
            "index": 269,
            "layer": 27,
            "mean_abs_effect": 0.11191426846182304,
            "mean_combo_delta_value": -1.2849938091304567,
            "mean_direct_effect": 0.10986160445479481,
            "mean_output_dir_proj": -0.0379814722109586,
            "n_train_cases": 72,
            "unit_key": "L27H2C13"
          }
        ],
        "unrelated_pairs": 72
      }
    ],
    "model": "deepseek7b",
    "n_paired_cases": 72,
    "n_rows": 480
  },
  "timestamp": "2026-06-26 19:26:31",
  "title": "Full-Value Phrase Likelihood Identity Audit",
  "top_heads": 32,
  "transfer_layers": [
    23,
    24,
    25,
    26,
    27
  ]
}
