=== Phase731 deepseek7b start 2026-06-28 19:20:07 ===
`torch_dtype` is deprecated! Use `dtype` instead!
[model_utils] Loading deepseek7b... (8bit=False)
Loading weights:   0%|          | 0/339 [00:00<?, ?it/s]Loading weights: 100%|██████████| 339/339 [00:00<00:00, 28681.75it/s]
[model_utils] deepseek7b loaded, device=cuda:0, class=Qwen2ForCausalLM, GPU=15.28GB
[19:20:11] deepseek7b: cases=66, capture_layers=[20, 24, 27], candidate_heads=['L20H17', 'L23H0', 'L27H23', 'L24H21']
[19:20:12] deepseek7b: 8/66 cases; trajectory_rows=280 attention_rows=32
[19:20:13] deepseek7b: 16/66 cases; trajectory_rows=560 attention_rows=64
[19:20:14] deepseek7b: 24/66 cases; trajectory_rows=840 attention_rows=96
[19:20:15] deepseek7b: 32/66 cases; trajectory_rows=1120 attention_rows=128
[19:20:16] deepseek7b: 40/66 cases; trajectory_rows=1400 attention_rows=160
[19:20:17] deepseek7b: 48/66 cases; trajectory_rows=1680 attention_rows=192
[19:20:19] deepseek7b: 56/66 cases; trajectory_rows=1960 attention_rows=224
[19:20:20] deepseek7b: 64/66 cases; trajectory_rows=2240 attention_rows=256
[19:20:20] deepseek7b: 66/66 cases; trajectory_rows=2310 attention_rows=264
[model_utils] GPU memory released, allocated=15.28 GB
{
  "model": "deepseek7b",
  "n_cases": 66,
  "by_relation": {
    "category": {
      "n": 22,
      "hit_rate": 0.5,
      "mean_logprob": -2.251954099671407,
      "mean_first_rank": 4.045454545454546,
      "outputs": [
        [
          "category",
          2
        ],
        [
          "banana category",
          2
        ],
        [
          "fruit",
          2
        ],
        [
          "vegetable",
          2
        ],
        [
          "tool",
          2
        ],
        [
          "grape category",
          1
        ],
        [
          "__________",
          1
        ],
        [
          "object",
          1
        ]
      ]
    },
    "color": {
      "n": 22,
      "hit_rate": 0.6818181818181818,
      "mean_logprob": -2.5175985499200495,
      "mean_first_rank": 33.5,
      "outputs": [
        [
          "yellow",
          3
        ],
        [
          "red",
          2
        ],
        [
          "the color of orange",
          2
        ],
        [
          "brown",
          2
        ],
        [
          "blue",
          2
        ],
        [
          "green",
          1
        ],
        [
          "grape color",
          1
        ],
        [
          "orange",
          1
        ]
      ]
    },
    "taste": {
      "n": 22,
      "hit_rate": 0.7272727272727273,
      "mean_logprob": -3.049139828436017,
      "mean_first_rank": 76.95454545454545,
      "outputs": [
        [
          "sweet",
          7
        ],
        [
          "none",
          4
        ],
        [
          "bitter",
          2
        ],
        [
          "sour",
          1
        ],
        [
          "earthy",
          1
        ],
        [
          "starchy",
          1
        ],
        [
          "the taste of apple",
          1
        ],
        [
          "the taste of banana",
          1
        ]
      ]
    }
  }
}
=== Phase731 deepseek7b done 2026-06-28 19:20:21 ===
