=== Phase731 glm4 start 2026-06-28 19:19:51 ===
`torch_dtype` is deprecated! Use `dtype` instead!
[model_utils] Loading glm4... (8bit=False)
Loading weights:   0%|          | 0/443 [00:00<?, ?it/s]Loading weights: 100%|██████████| 443/443 [00:00<00:00, 40963.79it/s]
[model_utils] glm4 loaded, device=cuda:0, class=GlmForCausalLM, GPU=18.84GB
[19:19:56] glm4: cases=66, capture_layers=[20, 24, 27], candidate_heads=['L29H28', 'L29H18', 'L24H19', 'L28H6']
[19:19:58] glm4: 8/66 cases; trajectory_rows=376 attention_rows=32
[19:19:59] glm4: 16/66 cases; trajectory_rows=752 attention_rows=64
[19:20:00] glm4: 24/66 cases; trajectory_rows=1128 attention_rows=96
[19:20:01] glm4: 32/66 cases; trajectory_rows=1504 attention_rows=128
[19:20:03] glm4: 40/66 cases; trajectory_rows=1880 attention_rows=160
[19:20:04] glm4: 48/66 cases; trajectory_rows=2256 attention_rows=192
[19:20:05] glm4: 56/66 cases; trajectory_rows=2632 attention_rows=224
[19:20:06] glm4: 64/66 cases; trajectory_rows=3008 attention_rows=256
[19:20:07] glm4: 66/66 cases; trajectory_rows=3102 attention_rows=264
[model_utils] GPU memory released, allocated=18.85 GB
{
  "model": "glm4",
  "n_cases": 66,
  "by_relation": {
    "category": {
      "n": 22,
      "hit_rate": 0.9545454545454546,
      "mean_logprob": -0.7281304831531915,
      "mean_first_rank": 1.8636363636363635,
      "outputs": [
        [
          "fruit",
          11
        ],
        [
          "tool",
          3
        ],
        [
          "vegetable",
          2
        ],
        [
          "citrus fruit",
          2
        ],
        [
          "object",
          1
        ],
        [
          "furniture",
          1
        ],
        [
          "vehicle",
          1
        ],
        [
          "red wine grape",
          1
        ]
      ]
    },
    "color": {
      "n": 22,
      "hit_rate": 1.0,
      "mean_logprob": -0.6438765323466875,
      "mean_first_rank": 1.3636363636363635,
      "outputs": [
        [
          "yellow",
          5
        ],
        [
          "red",
          3
        ],
        [
          "purple",
          3
        ],
        [
          "orange",
          3
        ],
        [
          "green",
          2
        ],
        [
          "brown",
          2
        ],
        [
          "blue",
          2
        ],
        [
          "gray",
          1
        ]
      ]
    },
    "taste": {
      "n": 22,
      "hit_rate": 1.0,
      "mean_logprob": -0.9191743480011845,
      "mean_first_rank": 1.4545454545454546,
      "outputs": [
        [
          "sweet",
          12
        ],
        [
          "none",
          4
        ],
        [
          "sour",
          2
        ],
        [
          "bitter",
          2
        ],
        [
          "earthy",
          1
        ],
        [
          "starchy",
          1
        ]
      ]
    }
  }
}
=== Phase731 glm4 done 2026-06-28 19:20:07 ===
