[2026-05-25 04:08:36] === Phase 274: CRTM — deepseek7b ===
[2026-05-25 04:08:38] Loading deepseek7b (bfloat16 + device_map=auto)...
[2026-05-25 04:08:49] deepseek7b loaded: device=cuda:0, GPU=9.01GB
[2026-05-25 04:08:49] Model: Qwen2ForCausalLM, layers=28, d_model=3584
[2026-05-25 04:08:49] --- Experiment A: Routing Activation Maps ---
[2026-05-25 04:08:49] Exp A: Routing Activation Maps, 30 words × 28 layers
[2026-05-25 04:09:08]   [10/30] routing maps done, GPU=9.02GB
[2026-05-25 04:09:20]   [20/30] routing maps done, GPU=9.02GB
[2026-05-25 04:09:33]   [30/30] routing maps done, GPU=9.02GB
[2026-05-25 04:09:34]   Within: spearman=nan, cosine=0.8452, jaccard=0.4628
[2026-05-25 04:09:34]   Between: spearman=nan, cosine=0.7584, jaccard=0.3694
[2026-05-25 04:09:34] --- Experiment B: Activation Resampling (Patching) ---
[2026-05-25 04:09:34] Exp B: Activation Resampling (Patching)
[2026-05-25 04:09:34]   Within pair (1/12): apple↔banana
[2026-05-25 04:09:46]   Within pair (2/12): apple↔orange
[2026-05-25 04:09:58]   Within pair (3/12): banana↔grape
[2026-05-25 04:10:10]   Within pair (4/12): dog↔cat
[2026-05-25 04:10:22]   Within pair (5/12): lion↔tiger
[2026-05-25 04:10:35]   Within pair (6/12): wolf↔fox
[2026-05-25 04:10:47]   Within pair (7/12): car↔bus
[2026-05-25 04:10:59]   Within pair (8/12): train↔plane
[2026-05-25 04:11:12]   Within pair (9/12): bike↔truck
[2026-05-25 04:11:24]   Within pair (10/12): peach↔cherry
[2026-05-25 04:11:36]   Within pair (11/12): bear↔wolf
[2026-05-25 04:11:48]   Within pair (12/12): boat↔ship
[2026-05-25 04:12:01]   Between pair (1/12): apple↔dog
[2026-05-25 04:12:13]   Between pair (2/12): banana↔car
[2026-05-25 04:12:25]   Between pair (3/12): orange↔lion
[2026-05-25 04:12:37]   Between pair (4/12): grape↔train
[2026-05-25 04:12:50]   Between pair (5/12): mango↔bike
[2026-05-25 04:13:02]   Between pair (6/12): peach↔wolf
[2026-05-25 04:13:14]   Between pair (7/12): cherry↔fox
[2026-05-25 04:13:26]   Between pair (8/12): lemon↔bus
[2026-05-25 04:13:39]   Between pair (9/12): pear↔tiger
[2026-05-25 04:13:51]   Between pair (10/12): lime↔ship
[2026-05-25 04:14:03]   Between pair (11/12): apple↔car
[2026-05-25 04:14:15]   Between pair (12/12): dog↔bus
[2026-05-25 04:14:28]   Within peak shift: 7.6146 at mean layer 12.3
[2026-05-25 04:14:28]   Between peak shift: 10.9111 at mean layer 12.3
[2026-05-25 04:14:28] --- Experiment C: Path Reuse Ratio ---
[2026-05-25 04:14:28] Exp C: Path Reuse Ratio, 25 words, K=50
[2026-05-25 04:14:41]   [10/25] done, GPU=9.02GB
[2026-05-25 04:14:54]   [20/25] done, GPU=9.02GB
[2026-05-25 04:15:00]   Within jaccard: 0.4628, weighted_reuse: 0.6012
[2026-05-25 04:15:00]   Between jaccard: 0.3694, weighted_reuse: 0.5030
[2026-05-25 04:15:00] --- Experiment D: Conditional Routing for Ambiguous Words ---
[2026-05-25 04:15:00] Exp D: Conditional Routing for Ambiguous Words
[2026-05-25 04:15:00]   Pair 1: 'The fish sat on the river bank...' vs 'She deposited money in the bank...'
[2026-05-25 04:15:02]   Pair 2: 'The light from the sun was bright...' vs 'The box was very light to carry...'
[2026-05-25 04:15:03]   Pair 3: 'He likes to play football...' vs 'She wants to play the piano...'
[2026-05-25 04:15:04]   Pair 4: 'The bark of the dog was loud...' vs 'The bark of the tree was rough...'
[2026-05-25 04:15:06]   Pair 5: 'The spring season brings flowers...' vs 'The metal spring broke under pressure...'
[2026-05-25 04:15:07]   Pair 6: 'The bat flew in the cave...' vs 'He swung the baseball bat...'
[2026-05-25 04:15:08]   Pair 7: 'She broke the glass window...' vs 'He drank from a glass...'
[2026-05-25 04:15:09]   Pair 8: 'A fast runner won the race...' vs 'The human race spread globally...'
[2026-05-25 04:15:11] === Phase 274 Complete: deepseek7b ===
