[11:23:15] deepseek7b/confirm: pairs=12 candidates=4 sources=['target_record_line', 'target_value_tokens', 'records_all', 'relation_tokens', 'object_tokens'] audits=1
[11:23:16] [load] deepseek7b: bf16 device_map=auto attn=eager quantization=off
`torch_dtype` is deprecated! Use `dtype` instead!
Loading weights:   0%|          | 0/339 [00:00<?, ?it/s]Loading weights:   5%|▌         | 18/339 [00:00<00:01, 169.92it/s]Loading weights:  15%|█▌        | 52/339 [00:00<00:01, 233.48it/s]Loading weights:  26%|██▋       | 89/339 [00:00<00:00, 277.08it/s]Loading weights:  37%|███▋      | 124/339 [00:00<00:00, 296.89it/s]Loading weights:  45%|████▌     | 154/339 [00:00<00:00, 291.07it/s]Loading weights:  55%|█████▍    | 185/339 [00:00<00:00, 290.43it/s]Loading weights:  63%|██████▎   | 215/339 [00:00<00:00, 283.38it/s]Loading weights:  72%|███████▏  | 245/339 [00:00<00:00, 272.26it/s]Loading weights:  82%|████████▏ | 278/339 [00:00<00:00, 288.53it/s]Loading weights:  91%|█████████ | 308/339 [00:01<00:00, 268.85it/s]Loading weights: 100%|██████████| 339/339 [00:01<00:00, 279.58it/s]
[11:23:18] [load] deepseek7b: loaded eager, device=cuda:0, gpu=15.23GB
[11:23:28] deepseek7b: stability path chain 3/12 pairs; rows=120
[11:23:37] deepseek7b: stability path chain 6/12 pairs; rows=240
[11:23:46] deepseek7b: stability path chain 9/12 pairs; rows=360
[11:23:55] deepseek7b: stability path chain 12/12 pairs; rows=480
[model_utils] GPU memory released, allocated=15.24 GB
{
  "model": "deepseek7b",
  "round": "confirm",
  "top": [
    {
      "context_name": "natural_recipient",
      "site": "L22:attn_out",
      "head": 24,
      "subunit_id": "L22:attn_out:H24",
      "source_group": "records_all",
      "n": 12,
      "objects": [
        "apple",
        "banana",
        "carrot",
        "stone"
      ],
      "relations": [
        "category",
        "color",
        "edible",
        "grows_on_tree",
        "shape",
        "taste"
      ],
      "answers": [
        "bitter",
        "fruit",
        "no",
        "oval",
        "sweet",
        "tool",
        "yellow",
        "yes"
      ],
      "mean_attention_mass_to_source": 0.701901450753212,
      "mean_source_target_logit_contribution": 0.39825319933394593,
      "mean_source_total_route_suppression_contribution": 0.23880522201458612,
      "mean_target_logit_drop_after_source_removal": 0.6875,
      "mean_total_positive_route_release_after_source_removal": 0.515625,
      "mean_route_release_coverage": 1.5833333333333333,
      "mean_margin_drop_target_vs_routes": 0.6872395833333332,
      "top1_loss_rate": 0.16666666666666666,
      "support_rate_drop_gt_0_20": 0.9166666666666666,
      "route_guard_rate_release_gt_0_20": 0.5,
      "mean_final_hidden_delta_norm_after_removal": 14.240474661191305,
      "stability_guess": "stable_mixed_writer_guard",
      "relation_breakdown": {
        "taste": {
          "n": 3,
          "mean_target_drop": 1.2083333333333333,
          "mean_route_release": 1.2708333333333333,
          "top1_loss_rate": 0.0,
          "support_rate": 1.0,
          "route_guard_rate": 1.0
        },
        "category": {
          "n": 3,
          "mean_target_drop": 0.625,
          "mean_route_release": 0.2708333333333333,
          "top1_loss_rate": 0.0,
          "support_rate": 1.0,
          "route_guard_rate": 0.3333333333333333
        },
        "edible": {
          "n": 2,
          "mean_target_drop": 0.625,
          "mean_route_release": 0.46875,
          "top1_loss_rate": 0.5,
          "support_rate": 1.0,
          "route_guard_rate": 0.5
        },
        "color": {
          "n": 1,
          "mean_target_drop": 0.625,
          "mean_route_release": 0.0,
          "top1_loss_rate": 1.0,
          "support_rate": 1.0,
          "route_guard_rate": 0.0
        },
        "shape": {
          "n": 1,
          "mean_target_drop": 0.375,
          "mean_route_release": 0.625,
          "top1_loss_rate": 0.0,
          "support_rate": 1.0,
          "route_guard_rate": 1.0
        },
        "grows_on_tree": {
          "n": 2,
          "mean_target_drop": 0.25,
          "mean_route_release": 0.0,
          "top1_loss_rate": 0.0,
          "support_rate": 0.5,
          "route_guard_rate": 0.0
        }
      },
      "answer_breakdown_top": {
        "bitter": {
          "n": 2,
          "mean_target_drop": 1.25,
          "mean_route_release": 1.75,
          "top1_loss_rate": 0.0,
          "support_rate": 1.0,
          "route_guard_rate": 1.0
        },
        "sweet": {
          "n": 1,
          "mean_target_drop": 1.125,
          "mean_route_release": 0.3125,
          "top1_loss_rate": 0.0,
          "support_rate": 1.0,
          "route_guard_rate": 1.0
        },
        "tool": {
          "n": 2,
          "mean_target_drop": 0.75,
          "mean_route_release": 0.40625,
          "top1_loss_rate": 0.0,
          "support_rate": 1.0,
          "route_guard_rate": 0.5
        },
        "no": {
          "n": 2,
          "mean_target_drop": 0.625,
          "mean_route_release": 0.46875,
          "top1_loss_rate": 0.5,
          "support_rate": 1.0,
          "route_guard_rate": 0.5
        },
        "yellow": {
          "n": 1,
          "mean_target_drop": 0.625,
          "mean_route_release": 0.0,
          "top1_loss_rate": 1.0,
          "support_rate": 1.0,
          "route_guard_rate": 0.0
        },
        "fruit": {
          "n": 1,
          "mean_target_drop": 0.375,
          "mean_route_release": 0.0,
          "top1_loss_rate": 0.0,
          "support_rate": 1.0,
          "route_guard_rate": 0.0
        },
        "oval": {
          "n": 1,
          "mean_target_drop": 0.375,
          "mean_route_release": 0.625,
          "top1_loss_rate": 0.0,
          "support_rate": 1.0,
          "route_guard_rate": 1.0
        },
        "yes": {
          "n": 2,
          "mean_target_drop": 0.25,
          "mean_route_release": 0.0,
          "top1_loss_rate": 0.0,
          "support_rate": 0.5,
          "route_guard_rate": 0.0
        }
      },
      "object_group_breakdown": {
        "apple": {
          "n": 3,
          "mean_target_drop": 0.9375,
          "mean_route_release": 0.6666666666666666,
          "top1_loss_rate": 0.0,
          "support_rate": 1.0,
          "route_guard_rate": 0.6666666666666666
        },
        "other_fruit": {
          "n": 3,
          "mean_target_drop": 0.8125,
          "mean_route_release": 1.0833333333333333,
          "top1_loss_rate": 0.3333333333333333,
          "support_rate": 1.0,
          "route_guard_rate": 0.6666666666666666
        },
        "nonfruit": {
          "n": 6,
          "mean_target_drop": 0.5,
          "mean_route_release": 0.15625,
          "top1_loss_rate": 0.16666666666666666,
          "support_rate": 0.8333333333333334,
          "route_guard_rate": 0.3333333333333333
        }
      }
    },
    {
      "context_name": "natural_recipient",
      "site": "L22:attn_out",
      "head": 24,
      "subunit_id": "L22:attn_out:H24",
      "source_group": "target_record_line",
      "n": 12,
      "objects": [
        "apple",
        "banana",
        "carrot",
        "stone"
      ],
      "relations": [
        "category",
        "color",
        "edible",
        "grows_on_tree",
        "shape",
        "taste"
      ],
      "answers": [
        "bitter",
        "fruit",
        "no",
        "oval",
        "sweet",
        "tool",
        "yellow",
        "yes"
      ],
      "mean_attention_mass_to_source": 0.5568455755710602,
      "mean_source_target_logit_contribution": 0.37700342150249827,
      "mean_source_total_route_suppression_contribution": 0.26697892299853265,
      "mean_target_logit_drop_after_source_removal": 0.59375,
      "mean_total_positive_route_release_after_source_removal": 0.484375,
      "mean_route_release_coverage": 1.5,
      "mean_margin_drop_target_vs_routes": 0.6081597222222223,
      "top1_loss_rate": 0.16666666666666666,
      "support_rate_drop_gt_0_20": 0.8333333333333334,
      "route_guard_rate_release_gt_0_20": 0.4166666666666667,
      "mean_final_hidden_delta_norm_after_removal": 12.786445458730062,
      "stability_guess": "stable_mixed_writer_guard",
      "relation_breakdown": {
        "taste": {
          "n": 3,
          "mean_target_drop": 1.1041666666666667,
          "mean_route_release": 1.0833333333333333,
          "top1_loss_rate": 0.0,
          "support_rate": 1.0,
          "route_guard_rate": 0.6666666666666666
        },
        "edible": {
          "n": 2,
          "mean_target_drop": 0.65625,
          "mean_route_release": 0.21875,
          "top1_loss_rate": 0.5,
          "support_rate": 1.0,
          "route_guard_rate": 0.5
        },
        "category": {
          "n": 3,
          "mean_target_drop": 0.5416666666666666,
          "mean_route_release": 0.5,
          "top1_loss_rate": 0.0,
          "support_rate": 1.0,
          "route_guard_rate": 0.3333333333333333
        },
        "color": {
          "n": 1,
          "mean_target_drop": 0.375,
          "mean_route_release": 0.0,
          "top1_loss_rate": 1.0,
          "support_rate": 1.0,
          "route_guard_rate": 0.0
        },
        "shape": {
          "n": 1,
          "mean_target_drop": 0.375,
          "mean_route_release": 0.4375,
          "top1_loss_rate": 0.0,
          "support_rate": 1.0,
          "route_guard_rate": 1.0
        },
        "grows_on_tree": {
          "n": 2,
          "mean_target_drop": 0.0625,
          "mean_route_release": 0.09375,
          "top1_loss_rate": 0.0,
          "support_rate": 0.0,
          "route_guard_rate": 0.0
        }
      },
      "answer_breakdown_top": {
        "bitter": {
          "n": 2,
          "mean_target_drop": 1.15625,
          "mean_route_release": 1.53125,
          "top1_loss_rate": 0.0,
          "support_rate": 1.0,
          "route_guard_rate": 1.0
        },
        "sweet": {
          "n": 1,
          "mean_target_drop": 1.0,
          "mean_route_release": 0.1875,
          "top1_loss_rate": 0.0,
          "support_rate": 1.0,
          "route_guard_rate": 0.0
        },
        "no": {
          "n": 2,
          "mean_target_drop": 0.65625,
          "mean_route_release": 0.21875,
          "top1_loss_rate": 0.5,
          "support_rate": 1.0,
          "route_guard_rate": 0.5
        },
        "tool": {
          "n": 2,
          "mean_target_drop": 0.625,
          "mean_route_release": 0.75,
          "top1_loss_rate": 0.0,
          "support_rate": 1.0,
          "route_guard_rate": 0.5
        },
        "fruit": {
          "n": 1,
          "mean_target_drop": 0.375,
          "mean_route_release": 0.0,
          "top1_loss_rate": 0.0,
          "support_rate": 1.0,
          "route_guard_rate": 0.0
        },
        "yellow": {
          "n": 1,
          "mean_target_drop": 0.375,
          "mean_route_release": 0.0,
          "top1_loss_rate": 1.0,
          "support_rate": 1.0,
          "route_guard_rate": 0.0
        },
        "oval": {
          "n": 1,
          "mean_target_drop": 0.375,
          "mean_route_release": 0.4375,
          "top1_loss_rate": 0.0,
          "support_rate": 1.0,
          "route_guard_rate": 1.0
        },
        "yes": {
          "n": 2,
          "mean_target_drop": 0.0625,
          "mean_route_release": 0.09375,
          "top1_loss_rate": 0.0,
          "support_rate": 0.0,
          "route_guard_rate": 0.0
        }
      },
      "object_group_breakdown": {
        "other_fruit": {
          "n": 3,
          "mean_target_drop": 0.8333333333333334,
          "mean_route_release": 0.7708333333333334,
          "top1_loss_rate": 0.3333333333333333,
          "support_rate": 1.0,
          "route_guard_rate": 0.6666666666666666
        },
        "apple": {
          "n": 3,
          "mean_target_drop": 0.7916666666666666,
          "mean_route_release": 0.8958333333333334,
          "top1_loss_rate": 0.0,
          "support_rate": 1.0,
          "route_guard_rate": 0.6666666666666666
        },
        "nonfruit": {
          "n": 6,
          "mean_target_drop": 0.375,
          "mean_route_release": 0.13541666666666666,
          "top1_loss_rate": 0.16666666666666666,
          "support_rate": 0.6666666666666666,
          "route_guard_rate": 0.16666666666666666
        }
      }
    },
    {
      "context_name": "natural_recipient",
      "site": "L22:attn_out",
      "head": 1,
      "subunit_id": "L22:attn_out:H1",
      "source_group": "records_all",
      "n": 12,
      "objects": [
        "apple",
        "banana",
        "carrot",
        "stone"
      ],
      "relations": [
        "category",
        "color",
        "edible",
        "grows_on_tree",
        "shape",
        "taste"
      ],
      "answers": [
        "bitter",
        "fruit",
        "no",
        "oval",
        "sweet",
        "tool",
        "yellow",
        "yes"
      ],
      "mean_attention_mass_to_source": 0.6040124843517939,
      "mean_source_target_logit_contribution": 1.2786468770354986,
      "mean_source_total_route_suppression_contribution": 0.47460773928711814,
      "mean_target_logit_drop_after_source_removal": 0.4739583333333333,
      "mean_total_positive_route_release_after_source_removal": 0.6197916666666666,
      "mean_route_release_coverage": 2.25,
      "mean_margin_drop_target_vs_routes": 0.5831597222222222,
      "top1_loss_rate": 0.16666666666666666,
      "support_rate_drop_gt_0_20": 0.75,
      "route_guard_rate_release_gt_0_20": 0.6666666666666666,
      "mean_final_hidden_delta_norm_after_removal": 11.412546873092651,
      "stability_guess": "stable_mixed_writer_guard",
      "relation_breakdown": {
        "shape": {
          "n": 1,
          "mean_target_drop": 0.875,
          "mean_route_release": 0.6875,
          "top1_loss_rate": 0.0,
          "support_rate": 1.0,
          "route_guard_rate": 1.0
        },
        "taste": {
          "n": 3,
          "mean_target_drop": 0.7916666666666666,
          "mean_route_release": 1.375,
          "top1_loss_rate": 0.0,
          "support_rate": 1.0,
          "route_guard_rate": 1.0
        },
        "category": {
          "n": 3,
          "mean_target_drop": 0.6458333333333334,
          "mean_route_release": 0.5625,
          "top1_loss_rate": 0.0,
          "support_rate": 1.0,
          "route_guard_rate": 1.0
        },
        "color": {
          "n": 1,
          "mean_target_drop": 0.25,
          "mean_route_release": 0.125,
          "top1_loss_rate": 1.0,
          "support_rate": 1.0,
          "route_guard_rate": 0.0
        },
        "grows_on_tree": {
          "n": 2,
          "mean_target_drop": 0.1875,
          "mean_route_release": 0.0625,
          "top1_loss_rate": 0.0,
          "support_rate": 0.5,
          "route_guard_rate": 0.0
        },
        "edible": {
          "n": 2,
          "mean_target_drop": -0.0625,
          "mean_route_release": 0.34375,
          "top1_loss_rate": 0.5,
          "support_rate": 0.0,
          "route_guard_rate": 0.5
        }
      },
      "answer_breakdown_top": {
        "fruit": {
          "n": 1,
          "mean_target_drop": 0.9375,
          "mean_route_release": 0.25,
          "top1_loss_rate": 0.0,
          "support_rate": 1.0,
          "route_guard_rate": 1.0
        },
        "bitter": {
          "n": 2,
          "mean_target_drop": 0.875,
          "mean_route_release": 1.71875,
          "top1_loss_rate": 0.0,
          "support_rate": 1.0,
          "route_guard_rate": 1.0
        },
        "oval": {
          "n": 1,
          "mean_target_drop": 0.875,
          "mean_route_release": 0.6875,
          "top1_loss_rate": 0.0,
          "support_rate": 1.0,
          "route_guard_rate": 1.0
        },
        "sweet": {
          "n": 1,
          "mean_target_drop": 0.625,
          "mean_route_release": 0.6875,
          "top1_loss_rate": 0.0,
          "support_rate": 1.0,
          "route_guard_rate": 1.0
        },
        "tool": {
          "n": 2,
          "mean_target_drop": 0.5,
          "mean_route_release": 0.71875,
          "top1_loss_rate": 0.0,
          "support_rate": 1.0,
          "route_guard_rate": 1.0
        },
        "yellow": {
          "n": 1,
          "mean_target_drop": 0.25,
          "mean_route_release": 0.125,
          "top1_loss_rate": 1.0,
          "support_rate": 1.0,
          "route_guard_rate": 0.0
        },
        "yes": {
          "n": 2,
          "mean_target_drop": 0.1875,
          "mean_route_release": 0.0625,
          "top1_loss_rate": 0.0,
          "support_rate": 0.5,
          "route_guard_rate": 0.0
        },
        "no": {
          "n": 2,
          "mean_target_drop": -0.0625,
          "mean_route_release": 0.34375,
          "top1_loss_rate": 0.5,
          "support_rate": 0.0,
          "route_guard_rate": 0.5
        }
      },
      "object_group_breakdown": {
        "apple": {
          "n": 3,
          "mean_target_drop": 0.625,
          "mean_route_release": 0.7291666666666666,
          "top1_loss_rate": 0.0,
          "support_rate": 0.6666666666666666,
          "route_guard_rate": 0.6666666666666666
        },
        "nonfruit": {
          "n": 6,
          "mean_target_drop": 0.5104166666666666,
          "mean_route_release": 0.3125,
          "top1_loss_rate": 0.16666666666666666,
          "support_rate": 0.8333333333333334,
          "route_guard_rate": 0.5
        },
        "other_fruit": {
          "n": 3,
          "mean_target_drop": 0.25,
          "mean_route_release": 1.125,
          "top1_loss_rate": 0.3333333333333333,
          "support_rate": 0.6666666666666666,
          "route_guard_rate": 1.0
        }
      }
    },
    {
      "context_name": "natural_donor",
      "site": "L22:attn_out",
      "head": 24,
      "subunit_id": "L22:attn_out:H24",
      "source_group": "records_all",
      "n": 12,
      "objects": [
        "apple",
        "banana",
        "carrot",
        "stone"
      ],
      "relations": [
        "category",
        "color",
        "edible",
        "grows_on_tree",
        "shape",
        "taste"
      ],
      "answers": [
        "earthy",
        "fruit",
        "gray",
        "irregular",
        "no",
        "sweet",
        "vegetable",
        "yes"
      ],
      "mean_attention_mass_to_source": 0.6821505278348923,
      "mean_source_target_logit_contribution": 0.2825605031102896,
      "mean_source_total_route_suppression_contribution": 0.2595420541862647,
      "mean_target_logit_drop_after_source_removal": 0.4010416666666667,
      "mean_total_positive_route_release_after_source_removal": 0.10416666666666667,
      "mean_route_release_coverage": 0.6666666666666666,
      "mean_margin_drop_target_vs_routes": 0.2986979166666667,
      "top1_loss_rate": 0.16666666666666666,
      "support_rate_drop_gt_0_20": 0.75,
      "route_guard_rate_release_gt_0_20": 0.16666666666666666,
      "mean_final_hidden_delta_norm_after_removal": 9.937954346338907,
      "stability_guess": "stable_target_writer",
      "relation_breakdown": {
        "taste": {
          "n": 3,
          "mean_target_drop": 0.8541666666666666,
          "mean_route_release": 0.16666666666666666,
          "top1_loss_rate": 0.3333333333333333,
          "support_rate": 1.0,
          "route_guard_rate": 0.3333333333333333
        },
        "color": {
          "n": 1,
          "mean_target_drop": 0.625,
          "mean_route_release": 0.0,
          "top1_loss_rate": 0.0,
          "support_rate": 1.0,
          "route_guard_rate": 0.0
        },
        "category": {
          "n": 3,
          "mean_target_drop": 0.25,
          "mean_route_release": 0.0625,
          "top1_loss_rate": 0.0,
          "support_rate": 0.6666666666666666,
          "route_guard_rate": 0.0
        },
        "shape": {
          "n": 1,
          "mean_target_drop": 0.25,
          "mean_route_release": 0.0,
          "top1_loss_rate": 0.0,
          "support_rate": 1.0,
          "route_guard_rate": 0.0
        },
        "edible": {
          "n": 2,
          "mean_target_drop": 0.1875,
          "mean_route_release": 0.1875,
          "top1_loss_rate": 0.5,
          "support_rate": 0.5,
          "route_guard_rate": 0.5
        },
        "grows_on_tree": {
          "n": 2,
          "mean_target_drop": 0.125,
          "mean_route_release": 0.09375,
          "top1_loss_rate": 0.0,
          "support_rate": 0.5,
          "route_guard_rate": 0.0
        }
      },
      "answer_breakdown_top": {
        "sweet": {
          "n": 2,
          "mean_target_drop": 0.9375,
          "mean_route_release": 0.03125,
          "top1_loss_rate": 0.0,
          "support_rate": 1.0,
          "route_guard_rate": 0.0
        },
        "earthy": {
          "n": 1,
          "mean_target_drop": 0.6875,
          "mean_route_release": 0.4375,
          "top1_loss_rate": 1.0,
          "support_rate": 1.0,
          "route_guard_rate": 1.0
        },
        "gray": {
          "n": 1,
          "mean_target_drop": 0.625,
          "mean_route_release": 0.0,
          "top1_loss_rate": 0.0,
          "support_rate": 1.0,
          "route_guard_rate": 0.0
        },
        "fruit": {
          "n": 2,
          "mean_target_drop": 0.3125,
          "mean_route_release": 0.0,
          "top1_loss_rate": 0.0,
          "support_rate": 1.0,
          "route_guard_rate": 0.0
        },
        "irregular": {
          "n": 1,
          "mean_target_drop": 0.25,
          "mean_route_release": 0.0,
          "top1_loss_rate": 0.0,
          "support_rate": 1.0,
          "route_guard_rate": 0.0
        },
        "yes": {
          "n": 2,
          "mean_target_drop": 0.1875,
          "mean_route_release": 0.1875,
          "top1_loss_rate": 0.5,
          "support_rate": 0.5,
          "route_guard_rate": 0.5
        },
        "vegetable": {
          "n": 1,
          "mean_target_drop": 0.125,
          "mean_route_release": 0.1875,
          "top1_loss_rate": 0.0,
          "support_rate": 0.0,
          "route_guard_rate": 0.0
        },
        "no": {
          "n": 2,
          "mean_target_drop": 0.125,
          "mean_route_release": 0.09375,
          "top1_loss_rate": 0.0,
          "support_rate": 0.5,
          "route_guard_rate": 0.0
        }
      },
      "object_group_breakdown": {
        "apple": {
          "n": 3,
          "mean_target_drop": 0.5416666666666666,
          "mean_route_release": 0.08333333333333333,
          "top1_loss_rate": 0.3333333333333333,
          "support_rate": 1.0,
          "route_guard_rate": 0.3333333333333333
        },
        "other_fruit": {
          "n": 3,
          "mean_target_drop": 0.4166666666666667,
          "mean_route_release": 0.0625,
          "top1_loss_rate": 0.0,
          "support_rate": 0.6666666666666666,
          "route_guard_rate": 0.0
        },
        "nonfruit": {
          "n": 6,
          "mean_target_drop": 0.3229166666666667,
          "mean_route_release": 0.13541666666666666,
          "top1_loss_rate": 0.16666666666666666,
          "support_rate": 0.6666666666666666,
          "route_guard_rate": 0.16666666666666666
        }
      }
    },
    {
      "context_name": "natural_donor",
      "site": "L22:attn_out",
      "head": 24,
      "subunit_id": "L22:attn_out:H24",
      "source_group": "target_record_line",
      "n": 12,
      "objects": [
        "apple",
        "banana",
        "carrot",
        "stone"
      ],
      "relations": [
        "category",
        "color",
        "edible",
        "grows_on_tree",
        "shape",
        "taste"
      ],
      "answers": [
        "earthy",
        "fruit",
        "gray",
        "irregular",
        "no",
        "sweet",
        "vegetable",
        "yes"
      ],
      "mean_attention_mass_to_source": 0.5797512978315353,
      "mean_source_target_logit_contribution": 0.2834186479449272,
      "mean_source_total_route_suppression_contribution": 0.2575097491887088,
      "mean_target_logit_drop_after_source_removal": 0.3958333333333333,
      "mean_total_positive_route_release_after_source_removal": 0.09895833333333333,
      "mean_route_release_coverage": 0.5833333333333334,
      "mean_margin_drop_target_vs_routes": 0.2950520833333333,
      "top1_loss_rate": 0.25,
      "support_rate_drop_gt_0_20": 0.75,
      "route_guard_rate_release_gt_0_20": 0.16666666666666666,
      "mean_final_hidden_delta_norm_after_removal": 8.967379212379456,
      "stability_guess": "stable_target_writer",
      "relation_breakdown": {
        "taste": {
          "n": 3,
          "mean_target_drop": 0.8541666666666666,
          "mean_route_release": 0.16666666666666666,
          "top1_loss_rate": 0.3333333333333333,
          "support_rate": 1.0,
          "route_guard_rate": 0.3333333333333333
        },
        "color": {
          "n": 1,
          "mean_target_drop": 0.5,
          "mean_route_release": 0.0,
          "top1_loss_rate": 0.0,
          "support_rate": 1.0,
          "route_guard_rate": 0.0
        },
        "category": {
          "n": 3,
          "mean_target_drop": 0.2916666666666667,
          "mean_route_release": 0.0,
          "top1_loss_rate": 0.0,
          "support_rate": 1.0,
          "route_guard_rate": 0.0
        },
        "edible": {
          "n": 2,
          "mean_target_drop": 0.25,
          "mean_route_release": 0.25,
          "top1_loss_rate": 1.0,
          "support_rate": 0.5,
          "route_guard_rate": 0.5
        },
        "shape": {
          "n": 1,
          "mean_target_drop": 0.25,
          "mean_route_release": 0.0,
          "top1_loss_rate": 0.0,
          "support_rate": 1.0,
          "route_guard_rate": 0.0
        },
        "grows_on_tree": {
          "n": 2,
          "mean_target_drop": 0.03125,
          "mean_route_release": 0.09375,
          "top1_loss_rate": 0.0,
          "support_rate": 0.0,
          "route_guard_rate": 0.0
        }
      },
      "answer_breakdown_top": {
        "sweet": {
          "n": 2,
          "mean_target_drop": 0.9375,
          "mean_route_release": 0.03125,
          "top1_loss_rate": 0.0,
          "support_rate": 1.0,
          "route_guard_rate": 0.0
        },
        "earthy": {
          "n": 1,
          "mean_target_drop": 0.6875,
          "mean_route_release": 0.4375,
          "top1_loss_rate": 1.0,
          "support_rate": 1.0,
          "route_guard_rate": 1.0
        },
        "gray": {
          "n": 1,
          "mean_target_drop": 0.5,
          "mean_route_release": 0.0,
          "top1_loss_rate": 0.0,
          "support_rate": 1.0,
          "route_guard_rate": 0.0
        },
        "fruit": {
          "n": 2,
          "mean_target_drop": 0.3125,
          "mean_route_release": 0.0,
          "top1_loss_rate": 0.0,
          "support_rate": 1.0,
          "route_guard_rate": 0.0
        },
        "yes": {
          "n": 2,
          "mean_target_drop": 0.25,
          "mean_route_release": 0.25,
          "top1_loss_rate": 1.0,
          "support_rate": 0.5,
          "route_guard_rate": 0.5
        },
        "vegetable": {
          "n": 1,
          "mean_target_drop": 0.25,
          "mean_route_release": 0.0,
          "top1_loss_rate": 0.0,
          "support_rate": 1.0,
          "route_guard_rate": 0.0
        },
        "irregular": {
          "n": 1,
          "mean_target_drop": 0.25,
          "mean_route_release": 0.0,
          "top1_loss_rate": 0.0,
          "support_rate": 1.0,
          "route_guard_rate": 0.0
        },
        "no": {
          "n": 2,
          "mean_target_drop": 0.03125,
          "mean_route_release": 0.09375,
          "top1_loss_rate": 0.0,
          "support_rate": 0.0,
          "route_guard_rate": 0.0
        }
      },
      "object_group_breakdown": {
        "apple": {
          "n": 3,
          "mean_target_drop": 0.5416666666666666,
          "mean_route_release": 0.0,
          "top1_loss_rate": 0.3333333333333333,
          "support_rate": 1.0,
          "route_guard_rate": 0.0
        },
        "other_fruit": {
          "n": 3,
          "mean_target_drop": 0.4583333333333333,
          "mean_route_release": 0.1875,
          "top1_loss_rate": 0.3333333333333333,
          "support_rate": 0.6666666666666666,
          "route_guard_rate": 0.3333333333333333
        },
        "nonfruit": {
          "n": 6,
          "mean_target_drop": 0.2916666666666667,
          "mean_route_release": 0.10416666666666667,
          "top1_loss_rate": 0.16666666666666666,
          "support_rate": 0.6666666666666666,
          "route_guard_rate": 0.16666666666666666
        }
      }
    },
    {
      "context_name": "natural_donor",
      "site": "L22:attn_out",
      "head": 1,
      "subunit_id": "L22:attn_out:H1",
      "source_group": "records_all",
      "n": 12,
      "objects": [
        "apple",
        "banana",
        "carrot",
        "stone"
      ],
      "relations": [
        "category",
        "color",
        "edible",
        "grows_on_tree",
        "shape",
        "taste"
      ],
      "answers": [
        "earthy",
        "fruit",
        "gray",
        "irregular",
        "no",
        "sweet",
        "vegetable",
        "yes"
      ],
      "mean_attention_mass_to_source": 0.517020064095656,
      "mean_source_target_logit_contribution": 1.19304468203336,
      "mean_source_total_route_suppression_contribution": 0.34284582869925845,
      "mean_target_logit_drop_after_source_removal": 0.375,
      "mean_total_positive_route_release_after_source_removal": 0.21354166666666666,
      "mean_route_release_coverage": 0.75,
      "mean_margin_drop_target_vs_routes": 0.31484375000000003,
      "top1_loss_rate": 0.16666666666666666,
      "support_rate_drop_gt_0_20": 0.75,
      "route_guard_rate_release_gt_0_20": 0.25,
      "mean_final_hidden_delta_norm_after_removal": 8.321657955646515,
      "stability_guess": "stable_mixed_writer_guard",
      "relation_breakdown": {
        "color": {
          "n": 1,
          "mean_target_drop": 0.625,
          "mean_route_release": 0.0,
          "top1_loss_rate": 0.0,
          "support_rate": 1.0,
          "route_guard_rate": 0.0
        },
        "taste": {
          "n": 3,
          "mean_target_drop": 0.5416666666666666,
          "mean_route_release": 0.375,
          "top1_loss_rate": 0.3333333333333333,
          "support_rate": 1.0,
          "route_guard_rate": 0.6666666666666666
        },
        "edible": {
          "n": 2,
          "mean_target_drop": 0.375,
          "mean_route_release": 0.0,
          "top1_loss_rate": 0.5,
          "support_rate": 1.0,
          "route_guard_rate": 0.0
        },
        "shape": {
          "n": 1,
          "mean_target_drop": 0.375,
          "mean_route_release": 0.1875,
          "top1_loss_rate": 0.0,
          "support_rate": 1.0,
          "route_guard_rate": 0.0
        },
        "category": {
          "n": 3,
          "mean_target_drop": 0.2916666666666667,
          "mean_route_release": 0.4166666666666667,
          "top1_loss_rate": 0.0,
          "support_rate": 0.6666666666666666,
          "route_guard_rate": 0.3333333333333333
        },
        "grows_on_tree": {
          "n": 2,
          "mean_target_drop": 0.125,
          "mean_route_release": 0.0,
          "top1_loss_rate": 0.0,
          "support_rate": 0.0,
          "route_guard_rate": 0.0
        }
      },
      "answer_breakdown_top": {
        "earthy": {
          "n": 1,
          "mean_target_drop": 0.75,
          "mean_route_release": 0.125,
          "top1_loss_rate": 1.0,
          "support_rate": 1.0,
          "route_guard_rate": 0.0
        },
        "gray": {
          "n": 1,
          "mean_target_drop": 0.625,
          "mean_route_release": 0.0,
          "top1_loss_rate": 0.0,
          "support_rate": 1.0,
          "route_guard_rate": 0.0
        },
        "sweet": {
          "n": 2,
          "mean_target_drop": 0.4375,
          "mean_route_release": 0.5,
          "top1_loss_rate": 0.0,
          "support_rate": 1.0,
          "route_guard_rate": 1.0
        },
        "fruit": {
          "n": 2,
          "mean_target_drop": 0.375,
          "mean_route_release": 0.0625,
          "top1_loss_rate": 0.0,
          "support_rate": 1.0,
          "route_guard_rate": 0.0
        },
        "yes": {
          "n": 2,
          "mean_target_drop": 0.375,
          "mean_route_release": 0.0,
          "top1_loss_rate": 0.5,
          "support_rate": 1.0,
          "route_guard_rate": 0.0
        },
        "irregular": {
          "n": 1,
          "mean_target_drop": 0.375,
          "mean_route_release": 0.1875,
          "top1_loss_rate": 0.0,
          "support_rate": 1.0,
          "route_guard_rate": 0.0
        },
        "vegetable": {
          "n": 1,
          "mean_target_drop": 0.125,
          "mean_route_release": 1.125,
          "top1_loss_rate": 0.0,
          "support_rate": 0.0,
          "route_guard_rate": 1.0
        },
        "no": {
          "n": 2,
          "mean_target_drop": 0.125,
          "mean_route_release": 0.0,
          "top1_loss_rate": 0.0,
          "support_rate": 0.0,
          "route_guard_rate": 0.0
        }
      },
      "object_group_breakdown": {
        "other_fruit": {
          "n": 3,
          "mean_target_drop": 0.4583333333333333,
          "mean_route_release": 0.08333333333333333,
          "top1_loss_rate": 0.0,
          "support_rate": 1.0,
          "route_guard_rate": 0.3333333333333333
        },
        "nonfruit": {
          "n": 6,
          "mean_target_drop": 0.3541666666666667,
          "mean_route_release": 0.23958333333333334,
          "top1_loss_rate": 0.16666666666666666,
          "support_rate": 0.5,
          "route_guard_rate": 0.16666666666666666
        },
        "apple": {
          "n": 3,
          "mean_target_drop": 0.3333333333333333,
          "mean_route_release": 0.2916666666666667,
          "top1_loss_rate": 0.3333333333333333,
          "support_rate": 1.0,
          "route_guard_rate": 0.3333333333333333
        }
      }
    },
    {
      "context_name": "natural_donor",
      "site": "L22:attn_out",
      "head": 1,
      "subunit_id": "L22:attn_out:H1",
      "source_group": "target_record_line",
      "n": 12,
      "objects": [
        "apple",
        "banana",
        "carrot",
        "stone"
      ],
      "relations": [
        "category",
        "color",
        "edible",
        "grows_on_tree",
        "shape",
        "taste"
      ],
      "answers": [
        "earthy",
        "fruit",
        "gray",
        "irregular",
        "no",
        "sweet",
        "vegetable",
        "yes"
      ],
      "mean_attention_mass_to_source": 0.34305516878763836,
      "mean_source_target_logit_contribution": 1.2082568323239684,
      "mean_source_total_route_suppression_contribution": 0.30508617327238124,
      "mean_target_logit_drop_after_source_removal": 0.3385416666666667,
      "mean_total_positive_route_release_after_source_removal": 0.13541666666666666,
      "mean_route_release_coverage": 0.9166666666666666,
      "mean_margin_drop_target_vs_routes": 0.2794270833333333,
      "top1_loss_rate": 0.16666666666666666,
      "support_rate_drop_gt_0_20": 0.75,
      "route_guard_rate_release_gt_0_20": 0.3333333333333333,
      "mean_final_hidden_delta_norm_after_removal": 7.331012070178986,
      "stability_guess": "answer_value_specific_writer",
      "relation_breakdown": {
        "taste": {
          "n": 3,
          "mean_target_drop": 0.5833333333333334,
          "mean_route_release": 0.25,
          "top1_loss_rate": 0.3333333333333333,
          "support_rate": 1.0,
          "route_guard_rate": 0.6666666666666666
        },
        "color": {
          "n": 1,
          "mean_target_drop": 0.375,
          "mean_route_release": 0.0625,
          "top1_loss_rate": 0.0,
          "support_rate": 1.0,
          "route_guard_rate": 0.0
        },
        "shape": {
          "n": 1,
          "mean_target_drop": 0.375,
          "mean_route_release": 0.3125,
          "top1_loss_rate": 0.0,
          "support_rate": 1.0,
          "route_guard_rate": 1.0
        },
        "edible": {
          "n": 2,
          "mean_target_drop": 0.3125,
          "mean_route_release": 0.0,
          "top1_loss_rate": 0.5,
          "support_rate": 1.0,
          "route_guard_rate": 0.0
        },
        "category": {
          "n": 3,
          "mean_target_drop": 0.2916666666666667,
          "mean_route_release": 0.16666666666666666,
          "top1_loss_rate": 0.0,
          "support_rate": 0.6666666666666666,
          "route_guard_rate": 0.3333333333333333
        },
        "grows_on_tree": {
          "n": 2,
          "mean_target_drop": 0.03125,
          "mean_route_release": 0.0,
          "top1_loss_rate": 0.0,
          "support_rate": 0.0,
          "route_guard_rate": 0.0
        }
      },
      "answer_breakdown_top": {
        "earthy": {
          "n": 1,
          "mean_target_drop": 0.75,
          "mean_route_release": 0.0625,
          "top1_loss_rate": 1.0,
          "support_rate": 1.0,
          "route_guard_rate": 0.0
        },
        "sweet": {
          "n": 2,
          "mean_target_drop": 0.5,
          "mean_route_release": 0.34375,
          "top1_loss_rate": 0.0,
          "support_rate": 1.0,
          "route_guard_rate": 1.0
        },
        "vegetable": {
          "n": 1,
          "mean_target_drop": 0.375,
          "mean_route_release": 0.3125,
          "top1_loss_rate": 0.0,
          "support_rate": 1.0,
          "route_guard_rate": 1.0
        },
        "gray": {
          "n": 1,
          "mean_target_drop": 0.375,
          "mean_route_release": 0.0625,
          "top1_loss_rate": 0.0,
          "support_rate": 1.0,
          "route_guard_rate": 0.0
        },
        "irregular": {
          "n": 1,
          "mean_target_drop": 0.375,
          "mean_route_release": 0.3125,
          "top1_loss_rate": 0.0,
          "support_rate": 1.0,
          "route_guard_rate": 1.0
        },
        "yes": {
          "n": 2,
          "mean_target_drop": 0.3125,
          "mean_route_release": 0.0,
          "top1_loss_rate": 0.5,
          "support_rate": 1.0,
          "route_guard_rate": 0.0
        },
        "fruit": {
          "n": 2,
          "mean_target_drop": 0.25,
          "mean_route_release": 0.09375,
          "top1_loss_rate": 0.0,
          "support_rate": 0.5,
          "route_guard_rate": 0.0
        },
        "no": {
          "n": 2,
          "mean_target_drop": 0.03125,
          "mean_route_release": 0.0,
          "top1_loss_rate": 0.0,
          "support_rate": 0.0,
          "route_guard_rate": 0.0
        }
      },
      "object_group_breakdown": {
        "apple": {
          "n": 3,
          "mean_target_drop": 0.375,
          "mean_route_release": 0.20833333333333334,
          "top1_loss_rate": 0.3333333333333333,
          "support_rate": 0.6666666666666666,
          "route_guard_rate": 0.3333333333333333
        },
        "other_fruit": {
          "n": 3,
          "mean_target_drop": 0.3333333333333333,
          "mean_route_release": 0.08333333333333333,
          "top1_loss_rate": 0.0,
          "support_rate": 1.0,
          "route_guard_rate": 0.3333333333333333
        },
        "nonfruit": {
          "n": 6,
          "mean_target_drop": 0.3229166666666667,
          "mean_route_release": 0.125,
          "top1_loss_rate": 0.16666666666666666,
          "support_rate": 0.6666666666666666,
          "route_guard_rate": 0.3333333333333333
        }
      }
    },
    {
      "context_name": "natural_recipient",
      "site": "L22:attn_out",
      "head": 1,
      "subunit_id": "L22:attn_out:H1",
      "source_group": "target_value_tokens",
      "n": 12,
      "objects": [
        "apple",
        "banana",
        "carrot",
        "stone"
      ],
      "relations": [
        "category",
        "color",
        "edible",
        "grows_on_tree",
        "shape",
        "taste"
      ],
      "answers": [
        "bitter",
        "fruit",
        "no",
        "oval",
        "sweet",
        "tool",
        "yellow",
        "yes"
      ],
      "mean_attention_mass_to_source": 0.3033905029296875,
      "mean_source_target_logit_contribution": 1.3053960897183667,
      "mean_source_total_route_suppression_contribution": 0.3093460165740301,
      "mean_target_logit_drop_after_source_removal": 0.4375,
      "mean_total_positive_route_release_after_source_removal": 0.5729166666666666,
      "mean_route_release_coverage": 1.8333333333333333,
      "mean_margin_drop_target_vs_routes": 0.5320312500000001,
      "top1_loss_rate": 0.08333333333333333,
      "support_rate_drop_gt_0_20": 0.6666666666666666,
      "route_guard_rate_release_gt_0_20": 0.5,
      "mean_final_hidden_delta_norm_after_removal": 8.941178500652313,
      "stability_guess": "stable_mixed_writer_guard",
      "relation_breakdown": {
        "taste": {
          "n": 3,
          "mean_target_drop": 0.8125,
          "mean_route_release": 1.5,
          "top1_loss_rate": 0.0,
          "support_rate": 1.0,
          "route_guard_rate": 1.0
        },
        "category": {
          "n": 3,
          "mean_target_drop": 0.6458333333333334,
          "mean_route_release": 0.4166666666666667,
          "top1_loss_rate": 0.0,
          "support_rate": 1.0,
          "route_guard_rate": 0.6666666666666666
        },
        "color": {
          "n": 1,
          "mean_target_drop": 0.375,
          "mean_route_release": 0.0,
          "top1_loss_rate": 1.0,
          "support_rate": 1.0,
          "route_guard_rate": 0.0
        },
        "shape": {
          "n": 1,
          "mean_target_drop": 0.25,
          "mean_route_release": 0.9375,
          "top1_loss_rate": 0.0,
          "support_rate": 1.0,
          "route_guard_rate": 1.0
        },
        "grows_on_tree": {
          "n": 2,
          "mean_target_drop": 0.125,
          "mean_route_release": 0.0,
          "top1_loss_rate": 0.0,
          "support_rate": 0.0,
          "route_guard_rate": 0.0
        },
        "edible": {
          "n": 2,
          "mean_target_drop": 0.0,
          "mean_route_release": 0.09375,
          "top1_loss_rate": 0.0,
          "support_rate": 0.0,
          "route_guard_rate": 0.0
        }
      },
      "answer_breakdown_top": {
        "bitter": {
          "n": 2,
          "mean_target_drop": 0.96875,
          "mean_route_release": 1.625,
          "top1_loss_rate": 0.0,
          "support_rate": 1.0,
          "route_guard_rate": 1.0
        },
        "fruit": {
          "n": 1,
          "mean_target_drop": 0.6875,
          "mean_route_release": 0.125,
          "top1_loss_rate": 0.0,
          "support_rate": 1.0,
          "route_guard_rate": 0.0
        },
        "tool": {
          "n": 2,
          "mean_target_drop": 0.625,
          "mean_route_release": 0.5625,
          "top1_loss_rate": 0.0,
          "support_rate": 1.0,
          "route_guard_rate": 1.0
        },
        "sweet": {
          "n": 1,
          "mean_target_drop": 0.5,
          "mean_route_release": 1.25,
          "top1_loss_rate": 0.0,
          "support_rate": 1.0,
          "route_guard_rate": 1.0
        },
        "yellow": {
          "n": 1,
          "mean_target_drop": 0.375,
          "mean_route_release": 0.0,
          "top1_loss_rate": 1.0,
          "support_rate": 1.0,
          "route_guard_rate": 0.0
        },
        "oval": {
          "n": 1,
          "mean_target_drop": 0.25,
          "mean_route_release": 0.9375,
          "top1_loss_rate": 0.0,
          "support_rate": 1.0,
          "route_guard_rate": 1.0
        },
        "yes": {
          "n": 2,
          "mean_target_drop": 0.125,
          "mean_route_release": 0.0,
          "top1_loss_rate": 0.0,
          "support_rate": 0.0,
          "route_guard_rate": 0.0
        },
        "no": {
          "n": 2,
          "mean_target_drop": 0.0,
          "mean_route_release": 0.09375,
          "top1_loss_rate": 0.0,
          "support_rate": 0.0,
          "route_guard_rate": 0.0
        }
      },
      "object_group_breakdown": {
        "apple": {
          "n": 3,
          "mean_target_drop": 0.6458333333333334,
          "mean_route_release": 0.7916666666666666,
          "top1_loss_rate": 0.0,
          "support_rate": 0.6666666666666666,
          "route_guard_rate": 0.6666666666666666
        },
        "other_fruit": {
          "n": 3,
          "mean_target_drop": 0.4166666666666667,
          "mean_route_release": 0.7291666666666666,
          "top1_loss_rate": 0.0,
          "support_rate": 0.6666666666666666,
          "route_guard_rate": 0.6666666666666666
        },
        "nonfruit": {
          "n": 6,
          "mean_target_drop": 0.34375,
          "mean_route_release": 0.3854166666666667,
          "top1_loss_rate": 0.16666666666666666,
          "support_rate": 0.6666666666666666,
          "route_guard_rate": 0.3333333333333333
        }
      }
    },
    {
      "context_name": "natural_recipient",
      "site": "L22:attn_out",
      "head": 1,
      "subunit_id": "L22:attn_out:H1",
      "source_group": "target_record_line",
      "n": 12,
      "objects": [
        "apple",
        "banana",
        "carrot",
        "stone"
      ],
      "relations": [
        "category",
        "color",
        "edible",
        "grows_on_tree",
        "shape",
        "taste"
      ],
      "answers": [
        "bitter",
        "fruit",
        "no",
        "oval",
        "sweet",
        "tool",
        "yellow",
        "yes"
      ],
      "mean_attention_mass_to_source": 0.3419562578201294,
      "mean_source_target_logit_contribution": 1.3119789341775079,
      "mean_source_total_route_suppression_contribution": 0.32790308763893944,
      "mean_target_logit_drop_after_source_removal": 0.4166666666666667,
      "mean_total_positive_route_release_after_source_removal": 0.5572916666666666,
      "mean_route_release_coverage": 2.1666666666666665,
      "mean_margin_drop_target_vs_routes": 0.5215277777777778,
      "top1_loss_rate": 0.16666666666666666,
      "support_rate_drop_gt_0_20": 0.5833333333333334,
      "route_guard_rate_release_gt_0_20": 0.5,
      "mean_final_hidden_delta_norm_after_removal": 9.274526367584864,
      "stability_guess": "stable_mixed_writer_guard",
      "relation_breakdown": {
        "category": {
          "n": 3,
          "mean_target_drop": 0.75,
          "mean_route_release": 0.041666666666666664,
          "top1_loss_rate": 0.0,
          "support_rate": 1.0,
          "route_guard_rate": 0.0
        },
        "taste": {
          "n": 3,
          "mean_target_drop": 0.75,
          "mean_route_release": 1.5416666666666667,
          "top1_loss_rate": 0.0,
          "support_rate": 1.0,
          "route_guard_rate": 1.0
        },
        "shape": {
          "n": 1,
          "mean_target_drop": 0.5,
          "mean_route_release": 0.4375,
          "top1_loss_rate": 0.0,
          "support_rate": 1.0,
          "route_guard_rate": 1.0
        },
        "color": {
          "n": 1,
          "mean_target_drop": 0.125,
          "mean_route_release": 0.25,
          "top1_loss_rate": 1.0,
          "support_rate": 0.0,
          "route_guard_rate": 1.0
        },
        "edible": {
          "n": 2,
          "mean_target_drop": -0.03125,
          "mean_route_release": 0.53125,
          "top1_loss_rate": 0.5,
          "support_rate": 0.0,
          "route_guard_rate": 0.5
        },
        "grows_on_tree": {
          "n": 2,
          "mean_target_drop": -0.03125,
          "mean_route_release": 0.09375,
          "top1_loss_rate": 0.0,
          "support_rate": 0.0,
          "route_guard_rate": 0.0
        }
      },
      "answer_breakdown_top": {
        "bitter": {
          "n": 2,
          "mean_target_drop": 0.875,
          "mean_route_release": 1.75,
          "top1_loss_rate": 0.0,
          "support_rate": 1.0,
          "route_guard_rate": 1.0
        },
        "tool": {
          "n": 2,
          "mean_target_drop": 0.75,
          "mean_route_release": 0.0625,
          "top1_loss_rate": 0.0,
          "support_rate": 1.0,
          "route_guard_rate": 0.0
        },
        "fruit": {
          "n": 1,
          "mean_target_drop": 0.75,
          "mean_route_release": 0.0,
          "top1_loss_rate": 0.0,
          "support_rate": 1.0,
          "route_guard_rate": 0.0
        },
        "sweet": {
          "n": 1,
          "mean_target_drop": 0.5,
          "mean_route_release": 1.125,
          "top1_loss_rate": 0.0,
          "support_rate": 1.0,
          "route_guard_rate": 1.0
        },
        "oval": {
          "n": 1,
          "mean_target_drop": 0.5,
          "mean_route_release": 0.4375,
          "top1_loss_rate": 0.0,
          "support_rate": 1.0,
          "route_guard_rate": 1.0
        },
        "yellow": {
          "n": 1,
          "mean_target_drop": 0.125,
          "mean_route_release": 0.25,
          "top1_loss_rate": 1.0,
          "support_rate": 0.0,
          "route_guard_rate": 1.0
        },
        "no": {
          "n": 2,
          "mean_target_drop": -0.03125,
          "mean_route_release": 0.53125,
          "top1_loss_rate": 0.5,
          "support_rate": 0.0,
          "route_guard_rate": 0.5
        },
        "yes": {
          "n": 2,
          "mean_target_drop": -0.03125,
          "mean_route_release": 0.09375,
          "top1_loss_rate": 0.0,
          "support_rate": 0.0,
          "route_guard_rate": 0.0
        }
      },
      "object_group_breakdown": {
        "apple": {
          "n": 3,
          "mean_target_drop": 0.7083333333333334,
          "mean_route_release": 0.6875,
          "top1_loss_rate": 0.0,
          "support_rate": 0.6666666666666666,
          "route_guard_rate": 0.6666666666666666
        },
        "other_fruit": {
          "n": 3,
          "mean_target_drop": 0.3541666666666667,
          "mean_route_release": 0.875,
          "top1_loss_rate": 0.3333333333333333,
          "support_rate": 0.6666666666666666,
          "route_guard_rate": 0.3333333333333333
        },
        "nonfruit": {
          "n": 6,
          "mean_target_drop": 0.3020833333333333,
          "mean_route_release": 0.3333333333333333,
          "top1_loss_rate": 0.16666666666666666,
          "support_rate": 0.5,
          "route_guard_rate": 0.5
        }
      }
    },
    {
      "context_name": "natural_donor",
      "site": "L22:attn_out",
      "head": 24,
      "subunit_id": "L22:attn_out:H24",
      "source_group": "target_value_tokens",
      "n": 12,
      "objects": [
        "apple",
        "banana",
        "carrot",
        "stone"
      ],
      "relations": [
        "category",
        "color",
        "edible",
        "grows_on_tree",
        "shape",
        "taste"
      ],
      "answers": [
        "earthy",
        "fruit",
        "gray",
        "irregular",
        "no",
        "sweet",
        "vegetable",
        "yes"
      ],
      "mean_attention_mass_to_source": 0.3217264811197917,
      "mean_source_target_logit_contribution": 0.3219884493543456,
      "mean_source_total_route_suppression_contribution": 0.24061756503457823,
      "mean_target_logit_drop_after_source_removal": 0.3385416666666667,
      "mean_total_positive_route_release_after_source_removal": 0.171875,
      "mean_route_release_coverage": 1.1666666666666667,
      "mean_margin_drop_target_vs_routes": 0.2682291666666667,
      "top1_loss_rate": 0.08333333333333333,
      "support_rate_drop_gt_0_20": 0.5833333333333334,
      "route_guard_rate_release_gt_0_20": 0.4166666666666667,
      "mean_final_hidden_delta_norm_after_removal": 6.762994120518367,
      "stability_guess": "relation_conditioned_writer",
      "relation_breakdown": {
        "taste": {
          "n": 3,
          "mean_target_drop": 0.8125,
          "mean_route_release": 0.10416666666666667,
          "top1_loss_rate": 0.0,
          "support_rate": 1.0,
          "route_guard_rate": 0.3333333333333333
        },
        "color": {
          "n": 1,
          "mean_target_drop": 0.375,
          "mean_route_release": 0.3125,
          "top1_loss_rate": 0.0,
          "support_rate": 1.0,
          "route_guard_rate": 1.0
        },
        "edible": {
          "n": 2,
          "mean_target_drop": 0.3125,
          "mean_route_release": 0.03125,
          "top1_loss_rate": 0.5,
          "support_rate": 1.0,
          "route_guard_rate": 0.0
        },
        "category": {
          "n": 3,
          "mean_target_drop": 0.16666666666666666,
          "mean_route_release": 0.22916666666666666,
          "top1_loss_rate": 0.0,
          "support_rate": 0.3333333333333333,
          "route_guard_rate": 0.3333333333333333
        },
        "shape": {
          "n": 1,
          "mean_target_drop": 0.125,
          "mean_route_release": 0.375,
          "top1_loss_rate": 0.0,
          "support_rate": 0.0,
          "route_guard_rate": 1.0
        },
        "grows_on_tree": {
          "n": 2,
          "mean_target_drop": 0.0,
          "mean_route_release": 0.15625,
          "top1_loss_rate": 0.0,
          "support_rate": 0.0,
          "route_guard_rate": 0.5
        }
      },
      "answer_breakdown_top": {
        "sweet": {
          "n": 2,
          "mean_target_drop": 1.0,
          "mean_route_release": 0.0,
          "top1_loss_rate": 0.0,
          "support_rate": 1.0,
          "route_guard_rate": 0.0
        },
        "earthy": {
          "n": 1,
          "mean_target_drop": 0.4375,
          "mean_route_release": 0.3125,
          "top1_loss_rate": 0.0,
          "support_rate": 1.0,
          "route_guard_rate": 1.0
        },
        "gray": {
          "n": 1,
          "mean_target_drop": 0.375,
          "mean_route_release": 0.3125,
          "top1_loss_rate": 0.0,
          "support_rate": 1.0,
          "route_guard_rate": 1.0
        },
        "yes": {
          "n": 2,
          "mean_target_drop": 0.3125,
          "mean_route_release": 0.03125,
          "top1_loss_rate": 0.5,
          "support_rate": 1.0,
          "route_guard_rate": 0.0
        },
        "fruit": {
          "n": 2,
          "mean_target_drop": 0.25,
          "mean_route_release": 0.0625,
          "top1_loss_rate": 0.0,
          "support_rate": 0.5,
          "route_guard_rate": 0.0
        },
        "irregular": {
          "n": 1,
          "mean_target_drop": 0.125,
          "mean_route_release": 0.375,
          "top1_loss_rate": 0.0,
          "support_rate": 0.0,
          "route_guard_rate": 1.0
        },
        "vegetable": {
          "n": 1,
          "mean_target_drop": 0.0,
          "mean_route_release": 0.5625,
          "top1_loss_rate": 0.0,
          "support_rate": 0.0,
          "route_guard_rate": 1.0
        },
        "no": {
          "n": 2,
          "mean_target_drop": 0.0,
          "mean_route_release": 0.15625,
          "top1_loss_rate": 0.0,
          "support_rate": 0.0,
          "route_guard_rate": 0.5
        }
      },
      "object_group_breakdown": {
        "apple": {
          "n": 3,
          "mean_target_drop": 0.5833333333333334,
          "mean_route_release": 0.020833333333333332,
          "top1_loss_rate": 0.3333333333333333,
          "support_rate": 1.0,
          "route_guard_rate": 0.0
        },
        "other_fruit": {
          "n": 3,
          "mean_target_drop": 0.4583333333333333,
          "mean_route_release": 0.041666666666666664,
          "top1_loss_rate": 0.0,
          "support_rate": 0.6666666666666666,
          "route_guard_rate": 0.0
        },
        "nonfruit": {
          "n": 6,
          "mean_target_drop": 0.15625,
          "mean_route_release": 0.3125,
          "top1_loss_rate": 0.0,
          "support_rate": 0.3333333333333333,
          "route_guard_rate": 0.8333333333333334
        }
      }
    }
  ]
}
