[11:22:35] glm4/confirm: pairs=12 candidates=3 sources=['target_record_line', 'target_value_tokens', 'records_all', 'relation_tokens', 'object_tokens'] audits=1
[11:22:35] [load] glm4: bf16 device_map=auto attn=eager quantization=off
`torch_dtype` is deprecated! Use `dtype` instead!
Loading weights:   0%|          | 0/443 [00:00<?, ?it/s]Loading weights:   0%|          | 2/443 [00:00<00:25, 17.05it/s]Loading weights:   4%|▍         | 18/443 [00:00<00:04, 93.77it/s]Loading weights:  14%|█▎        | 60/443 [00:00<00:01, 222.34it/s]Loading weights:  21%|██        | 92/443 [00:00<00:01, 248.67it/s]Loading weights:  26%|██▋       | 117/443 [00:00<00:01, 243.06it/s]Loading weights:  35%|███▍      | 153/443 [00:00<00:01, 277.70it/s]Loading weights:  43%|████▎     | 192/443 [00:00<00:00, 297.67it/s]Loading weights:  51%|█████     | 225/443 [00:00<00:00, 300.55it/s]Loading weights:  58%|█████▊    | 256/443 [00:00<00:00, 292.14it/s]Loading weights:  66%|██████▌   | 291/443 [00:01<00:00, 308.74it/s]Loading weights:  73%|███████▎  | 323/443 [00:01<00:00, 303.70it/s]Loading weights:  81%|████████  | 357/443 [00:01<00:00, 310.72it/s]Loading weights:  88%|████████▊ | 389/443 [00:01<00:00, 309.69it/s]Loading weights:  95%|█████████▌| 423/443 [00:01<00:00, 312.88it/s]Loading weights: 100%|██████████| 443/443 [00:01<00:00, 283.66it/s]
[11:22:37] [load] glm4: loaded eager, device=cuda:0, gpu=18.80GB
[11:22:47] glm4: stability path chain 3/12 pairs; rows=90
[11:22:56] glm4: stability path chain 6/12 pairs; rows=180
[11:23:04] glm4: stability path chain 9/12 pairs; rows=270
[11:23:13] glm4: stability path chain 12/12 pairs; rows=360
[model_utils] GPU memory released, allocated=18.81 GB
{
  "model": "glm4",
  "round": "confirm",
  "top": [
    {
      "context_name": "natural_donor",
      "site": "L35:attn_out",
      "head": 29,
      "subunit_id": "L35:attn_out:H29",
      "source_group": "records_all",
      "n": 12,
      "objects": [
        "apple",
        "banana",
        "carrot",
        "stone"
      ],
      "relations": [
        "category",
        "color",
        "edible",
        "grows_on_tree",
        "shape",
        "taste"
      ],
      "answers": [
        "earthy",
        "fruit",
        "gray",
        "irregular",
        "no",
        "sweet",
        "vegetable",
        "yes"
      ],
      "mean_attention_mass_to_source": 0.3979538182417552,
      "mean_source_target_logit_contribution": 0.1493661710022328,
      "mean_source_total_route_suppression_contribution": 0.034916666452772915,
      "mean_target_logit_drop_after_source_removal": 0.09375,
      "mean_total_positive_route_release_after_source_removal": 0.020833333333333332,
      "mean_route_release_coverage": 0.3333333333333333,
      "mean_margin_drop_target_vs_routes": 0.035243055555555555,
      "top1_loss_rate": 0.0,
      "support_rate_drop_gt_0_20": 0.16666666666666666,
      "route_guard_rate_release_gt_0_20": 0.0,
      "mean_final_hidden_delta_norm_after_removal": 2.7748171289761863,
      "stability_guess": "weak_or_unstable",
      "relation_breakdown": {
        "taste": {
          "n": 3,
          "mean_target_drop": 0.22916666666666666,
          "mean_route_release": 0.0,
          "top1_loss_rate": 0.0,
          "support_rate": 0.6666666666666666,
          "route_guard_rate": 0.0
        },
        "color": {
          "n": 1,
          "mean_target_drop": 0.125,
          "mean_route_release": 0.0,
          "top1_loss_rate": 0.0,
          "support_rate": 0.0,
          "route_guard_rate": 0.0
        },
        "shape": {
          "n": 1,
          "mean_target_drop": 0.125,
          "mean_route_release": 0.0,
          "top1_loss_rate": 0.0,
          "support_rate": 0.0,
          "route_guard_rate": 0.0
        },
        "category": {
          "n": 3,
          "mean_target_drop": 0.08333333333333333,
          "mean_route_release": 0.020833333333333332,
          "top1_loss_rate": 0.0,
          "support_rate": 0.0,
          "route_guard_rate": 0.0
        },
        "grows_on_tree": {
          "n": 2,
          "mean_target_drop": 0.0,
          "mean_route_release": 0.0,
          "top1_loss_rate": 0.0,
          "support_rate": 0.0,
          "route_guard_rate": 0.0
        },
        "edible": {
          "n": 2,
          "mean_target_drop": -0.03125,
          "mean_route_release": 0.09375,
          "top1_loss_rate": 0.0,
          "support_rate": 0.0,
          "route_guard_rate": 0.0
        }
      },
      "answer_breakdown_top": {
        "sweet": {
          "n": 2,
          "mean_target_drop": 0.34375,
          "mean_route_release": 0.0,
          "top1_loss_rate": 0.0,
          "support_rate": 1.0,
          "route_guard_rate": 0.0
        },
        "fruit": {
          "n": 2,
          "mean_target_drop": 0.125,
          "mean_route_release": 0.0,
          "top1_loss_rate": 0.0,
          "support_rate": 0.0,
          "route_guard_rate": 0.0
        },
        "gray": {
          "n": 1,
          "mean_target_drop": 0.125,
          "mean_route_release": 0.0,
          "top1_loss_rate": 0.0,
          "support_rate": 0.0,
          "route_guard_rate": 0.0
        },
        "irregular": {
          "n": 1,
          "mean_target_drop": 0.125,
          "mean_route_release": 0.0,
          "top1_loss_rate": 0.0,
          "support_rate": 0.0,
          "route_guard_rate": 0.0
        },
        "vegetable": {
          "n": 1,
          "mean_target_drop": 0.0,
          "mean_route_release": 0.0625,
          "top1_loss_rate": 0.0,
          "support_rate": 0.0,
          "route_guard_rate": 0.0
        },
        "earthy": {
          "n": 1,
          "mean_target_drop": 0.0,
          "mean_route_release": 0.0,
          "top1_loss_rate": 0.0,
          "support_rate": 0.0,
          "route_guard_rate": 0.0
        },
        "no": {
          "n": 2,
          "mean_target_drop": 0.0,
          "mean_route_release": 0.0,
          "top1_loss_rate": 0.0,
          "support_rate": 0.0,
          "route_guard_rate": 0.0
        },
        "yes": {
          "n": 2,
          "mean_target_drop": -0.03125,
          "mean_route_release": 0.09375,
          "top1_loss_rate": 0.0,
          "support_rate": 0.0,
          "route_guard_rate": 0.0
        }
      },
      "object_group_breakdown": {
        "other_fruit": {
          "n": 3,
          "mean_target_drop": 0.16666666666666666,
          "mean_route_release": 0.0,
          "top1_loss_rate": 0.0,
          "support_rate": 0.3333333333333333,
          "route_guard_rate": 0.0
        },
        "apple": {
          "n": 3,
          "mean_target_drop": 0.125,
          "mean_route_release": 0.0625,
          "top1_loss_rate": 0.0,
          "support_rate": 0.3333333333333333,
          "route_guard_rate": 0.0
        },
        "nonfruit": {
          "n": 6,
          "mean_target_drop": 0.041666666666666664,
          "mean_route_release": 0.010416666666666666,
          "top1_loss_rate": 0.0,
          "support_rate": 0.0,
          "route_guard_rate": 0.0
        }
      }
    },
    {
      "context_name": "natural_donor",
      "site": "L35:attn_out",
      "head": 29,
      "subunit_id": "L35:attn_out:H29",
      "source_group": "target_record_line",
      "n": 12,
      "objects": [
        "apple",
        "banana",
        "carrot",
        "stone"
      ],
      "relations": [
        "category",
        "color",
        "edible",
        "grows_on_tree",
        "shape",
        "taste"
      ],
      "answers": [
        "earthy",
        "fruit",
        "gray",
        "irregular",
        "no",
        "sweet",
        "vegetable",
        "yes"
      ],
      "mean_attention_mass_to_source": 0.19746347268422446,
      "mean_source_target_logit_contribution": 0.1503168436465785,
      "mean_source_total_route_suppression_contribution": 0.023843899315882783,
      "mean_target_logit_drop_after_source_removal": 0.07291666666666667,
      "mean_total_positive_route_release_after_source_removal": 0.005208333333333333,
      "mean_route_release_coverage": 0.08333333333333333,
      "mean_margin_drop_target_vs_routes": 0.024999999999999998,
      "top1_loss_rate": 0.0,
      "support_rate_drop_gt_0_20": 0.16666666666666666,
      "route_guard_rate_release_gt_0_20": 0.0,
      "mean_final_hidden_delta_norm_after_removal": 2.1167804499467215,
      "stability_guess": "weak_or_unstable",
      "relation_breakdown": {
        "taste": {
          "n": 3,
          "mean_target_drop": 0.20833333333333334,
          "mean_route_release": 0.0,
          "top1_loss_rate": 0.0,
          "support_rate": 0.6666666666666666,
          "route_guard_rate": 0.0
        },
        "shape": {
          "n": 1,
          "mean_target_drop": 0.125,
          "mean_route_release": 0.0,
          "top1_loss_rate": 0.0,
          "support_rate": 0.0,
          "route_guard_rate": 0.0
        },
        "edible": {
          "n": 2,
          "mean_target_drop": 0.03125,
          "mean_route_release": 0.0,
          "top1_loss_rate": 0.0,
          "support_rate": 0.0,
          "route_guard_rate": 0.0
        },
        "grows_on_tree": {
          "n": 2,
          "mean_target_drop": 0.03125,
          "mean_route_release": 0.0,
          "top1_loss_rate": 0.0,
          "support_rate": 0.0,
          "route_guard_rate": 0.0
        },
        "category": {
          "n": 3,
          "mean_target_drop": 0.0,
          "mean_route_release": 0.020833333333333332,
          "top1_loss_rate": 0.0,
          "support_rate": 0.0,
          "route_guard_rate": 0.0
        },
        "color": {
          "n": 1,
          "mean_target_drop": 0.0,
          "mean_route_release": 0.0,
          "top1_loss_rate": 0.0,
          "support_rate": 0.0,
          "route_guard_rate": 0.0
        }
      },
      "answer_breakdown_top": {
        "sweet": {
          "n": 2,
          "mean_target_drop": 0.3125,
          "mean_route_release": 0.0,
          "top1_loss_rate": 0.0,
          "support_rate": 1.0,
          "route_guard_rate": 0.0
        },
        "irregular": {
          "n": 1,
          "mean_target_drop": 0.125,
          "mean_route_release": 0.0,
          "top1_loss_rate": 0.0,
          "support_rate": 0.0,
          "route_guard_rate": 0.0
        },
        "yes": {
          "n": 2,
          "mean_target_drop": 0.03125,
          "mean_route_release": 0.0,
          "top1_loss_rate": 0.0,
          "support_rate": 0.0,
          "route_guard_rate": 0.0
        },
        "no": {
          "n": 2,
          "mean_target_drop": 0.03125,
          "mean_route_release": 0.0,
          "top1_loss_rate": 0.0,
          "support_rate": 0.0,
          "route_guard_rate": 0.0
        },
        "fruit": {
          "n": 2,
          "mean_target_drop": 0.0,
          "mean_route_release": 0.03125,
          "top1_loss_rate": 0.0,
          "support_rate": 0.0,
          "route_guard_rate": 0.0
        },
        "vegetable": {
          "n": 1,
          "mean_target_drop": 0.0,
          "mean_route_release": 0.0,
          "top1_loss_rate": 0.0,
          "support_rate": 0.0,
          "route_guard_rate": 0.0
        },
        "earthy": {
          "n": 1,
          "mean_target_drop": 0.0,
          "mean_route_release": 0.0,
          "top1_loss_rate": 0.0,
          "support_rate": 0.0,
          "route_guard_rate": 0.0
        },
        "gray": {
          "n": 1,
          "mean_target_drop": 0.0,
          "mean_route_release": 0.0,
          "top1_loss_rate": 0.0,
          "support_rate": 0.0,
          "route_guard_rate": 0.0
        }
      },
      "object_group_breakdown": {
        "other_fruit": {
          "n": 3,
          "mean_target_drop": 0.125,
          "mean_route_release": 0.0,
          "top1_loss_rate": 0.0,
          "support_rate": 0.3333333333333333,
          "route_guard_rate": 0.0
        },
        "apple": {
          "n": 3,
          "mean_target_drop": 0.10416666666666667,
          "mean_route_release": 0.020833333333333332,
          "top1_loss_rate": 0.0,
          "support_rate": 0.3333333333333333,
          "route_guard_rate": 0.0
        },
        "nonfruit": {
          "n": 6,
          "mean_target_drop": 0.03125,
          "mean_route_release": 0.0,
          "top1_loss_rate": 0.0,
          "support_rate": 0.0,
          "route_guard_rate": 0.0
        }
      }
    },
    {
      "context_name": "natural_donor",
      "site": "L35:attn_out",
      "head": 29,
      "subunit_id": "L35:attn_out:H29",
      "source_group": "target_value_tokens",
      "n": 12,
      "objects": [
        "apple",
        "banana",
        "carrot",
        "stone"
      ],
      "relations": [
        "category",
        "color",
        "edible",
        "grows_on_tree",
        "shape",
        "taste"
      ],
      "answers": [
        "earthy",
        "fruit",
        "gray",
        "irregular",
        "no",
        "sweet",
        "vegetable",
        "yes"
      ],
      "mean_attention_mass_to_source": 0.1487706502278646,
      "mean_source_target_logit_contribution": 0.14870604833898446,
      "mean_source_total_route_suppression_contribution": 0.02405034717473124,
      "mean_target_logit_drop_after_source_removal": 0.0625,
      "mean_total_positive_route_release_after_source_removal": 0.015625,
      "mean_route_release_coverage": 0.25,
      "mean_margin_drop_target_vs_routes": 0.022135416666666668,
      "top1_loss_rate": 0.0,
      "support_rate_drop_gt_0_20": 0.16666666666666666,
      "route_guard_rate_release_gt_0_20": 0.0,
      "mean_final_hidden_delta_norm_after_removal": 2.089761038621267,
      "stability_guess": "weak_or_unstable",
      "relation_breakdown": {
        "taste": {
          "n": 3,
          "mean_target_drop": 0.20833333333333334,
          "mean_route_release": 0.0,
          "top1_loss_rate": 0.0,
          "support_rate": 0.6666666666666666,
          "route_guard_rate": 0.0
        },
        "shape": {
          "n": 1,
          "mean_target_drop": 0.125,
          "mean_route_release": 0.0,
          "top1_loss_rate": 0.0,
          "support_rate": 0.0,
          "route_guard_rate": 0.0
        },
        "category": {
          "n": 3,
          "mean_target_drop": 0.0,
          "mean_route_release": 0.0625,
          "top1_loss_rate": 0.0,
          "support_rate": 0.0,
          "route_guard_rate": 0.0
        },
        "edible": {
          "n": 2,
          "mean_target_drop": 0.0,
          "mean_route_release": 0.0,
          "top1_loss_rate": 0.0,
          "support_rate": 0.0,
          "route_guard_rate": 0.0
        },
        "grows_on_tree": {
          "n": 2,
          "mean_target_drop": 0.0,
          "mean_route_release": 0.0,
          "top1_loss_rate": 0.0,
          "support_rate": 0.0,
          "route_guard_rate": 0.0
        },
        "color": {
          "n": 1,
          "mean_target_drop": 0.0,
          "mean_route_release": 0.0,
          "top1_loss_rate": 0.0,
          "support_rate": 0.0,
          "route_guard_rate": 0.0
        }
      },
      "answer_breakdown_top": {
        "sweet": {
          "n": 2,
          "mean_target_drop": 0.3125,
          "mean_route_release": 0.0,
          "top1_loss_rate": 0.0,
          "support_rate": 1.0,
          "route_guard_rate": 0.0
        },
        "irregular": {
          "n": 1,
          "mean_target_drop": 0.125,
          "mean_route_release": 0.0,
          "top1_loss_rate": 0.0,
          "support_rate": 0.0,
          "route_guard_rate": 0.0
        },
        "fruit": {
          "n": 2,
          "mean_target_drop": 0.0,
          "mean_route_release": 0.0625,
          "top1_loss_rate": 0.0,
          "support_rate": 0.0,
          "route_guard_rate": 0.0
        },
        "yes": {
          "n": 2,
          "mean_target_drop": 0.0,
          "mean_route_release": 0.0,
          "top1_loss_rate": 0.0,
          "support_rate": 0.0,
          "route_guard_rate": 0.0
        },
        "vegetable": {
          "n": 1,
          "mean_target_drop": 0.0,
          "mean_route_release": 0.0625,
          "top1_loss_rate": 0.0,
          "support_rate": 0.0,
          "route_guard_rate": 0.0
        },
        "earthy": {
          "n": 1,
          "mean_target_drop": 0.0,
          "mean_route_release": 0.0,
          "top1_loss_rate": 0.0,
          "support_rate": 0.0,
          "route_guard_rate": 0.0
        },
        "no": {
          "n": 2,
          "mean_target_drop": 0.0,
          "mean_route_release": 0.0,
          "top1_loss_rate": 0.0,
          "support_rate": 0.0,
          "route_guard_rate": 0.0
        },
        "gray": {
          "n": 1,
          "mean_target_drop": 0.0,
          "mean_route_release": 0.0,
          "top1_loss_rate": 0.0,
          "support_rate": 0.0,
          "route_guard_rate": 0.0
        }
      },
      "object_group_breakdown": {
        "apple": {
          "n": 3,
          "mean_target_drop": 0.10416666666666667,
          "mean_route_release": 0.041666666666666664,
          "top1_loss_rate": 0.0,
          "support_rate": 0.3333333333333333,
          "route_guard_rate": 0.0
        },
        "other_fruit": {
          "n": 3,
          "mean_target_drop": 0.10416666666666667,
          "mean_route_release": 0.0,
          "top1_loss_rate": 0.0,
          "support_rate": 0.3333333333333333,
          "route_guard_rate": 0.0
        },
        "nonfruit": {
          "n": 6,
          "mean_target_drop": 0.020833333333333332,
          "mean_route_release": 0.010416666666666666,
          "top1_loss_rate": 0.0,
          "support_rate": 0.0,
          "route_guard_rate": 0.0
        }
      }
    },
    {
      "context_name": "natural_donor",
      "site": "L34:attn_out",
      "head": 4,
      "subunit_id": "L34:attn_out:H4",
      "source_group": "target_value_tokens",
      "n": 12,
      "objects": [
        "apple",
        "banana",
        "carrot",
        "stone"
      ],
      "relations": [
        "category",
        "color",
        "edible",
        "grows_on_tree",
        "shape",
        "taste"
      ],
      "answers": [
        "earthy",
        "fruit",
        "gray",
        "irregular",
        "no",
        "sweet",
        "vegetable",
        "yes"
      ],
      "mean_attention_mass_to_source": 0.15221659342447916,
      "mean_source_target_logit_contribution": 0.23247673839796335,
      "mean_source_total_route_suppression_contribution": 0.03718729536437119,
      "mean_target_logit_drop_after_source_removal": 0.046875,
      "mean_total_positive_route_release_after_source_removal": 0.052083333333333336,
      "mean_route_release_coverage": 0.5833333333333334,
      "mean_margin_drop_target_vs_routes": 0.021006944444444443,
      "top1_loss_rate": 0.0,
      "support_rate_drop_gt_0_20": 0.16666666666666666,
      "route_guard_rate_release_gt_0_20": 0.08333333333333333,
      "mean_final_hidden_delta_norm_after_removal": 2.4041156619787216,
      "stability_guess": "weak_or_unstable",
      "relation_breakdown": {
        "taste": {
          "n": 3,
          "mean_target_drop": 0.20833333333333334,
          "mean_route_release": 0.10416666666666667,
          "top1_loss_rate": 0.0,
          "support_rate": 0.6666666666666666,
          "route_guard_rate": 0.3333333333333333
        },
        "category": {
          "n": 3,
          "mean_target_drop": 0.0,
          "mean_route_release": 0.041666666666666664,
          "top1_loss_rate": 0.0,
          "support_rate": 0.0,
          "route_guard_rate": 0.0
        },
        "edible": {
          "n": 2,
          "mean_target_drop": 0.0,
          "mean_route_release": 0.0625,
          "top1_loss_rate": 0.0,
          "support_rate": 0.0,
          "route_guard_rate": 0.0
        },
        "grows_on_tree": {
          "n": 2,
          "mean_target_drop": 0.0,
          "mean_route_release": 0.03125,
          "top1_loss_rate": 0.0,
          "support_rate": 0.0,
          "route_guard_rate": 0.0
        },
        "color": {
          "n": 1,
          "mean_target_drop": 0.0,
          "mean_route_release": 0.0,
          "top1_loss_rate": 0.0,
          "support_rate": 0.0,
          "route_guard_rate": 0.0
        },
        "shape": {
          "n": 1,
          "mean_target_drop": -0.0625,
          "mean_route_release": 0.0,
          "top1_loss_rate": 0.0,
          "support_rate": 0.0,
          "route_guard_rate": 0.0
        }
      },
      "answer_breakdown_top": {
        "sweet": {
          "n": 2,
          "mean_target_drop": 0.3125,
          "mean_route_release": 0.15625,
          "top1_loss_rate": 0.0,
          "support_rate": 1.0,
          "route_guard_rate": 0.5
        },
        "fruit": {
          "n": 2,
          "mean_target_drop": 0.0,
          "mean_route_release": 0.03125,
          "top1_loss_rate": 0.0,
          "support_rate": 0.0,
          "route_guard_rate": 0.0
        },
        "yes": {
          "n": 2,
          "mean_target_drop": 0.0,
          "mean_route_release": 0.0625,
          "top1_loss_rate": 0.0,
          "support_rate": 0.0,
          "route_guard_rate": 0.0
        },
        "vegetable": {
          "n": 1,
          "mean_target_drop": 0.0,
          "mean_route_release": 0.0625,
          "top1_loss_rate": 0.0,
          "support_rate": 0.0,
          "route_guard_rate": 0.0
        },
        "earthy": {
          "n": 1,
          "mean_target_drop": 0.0,
          "mean_route_release": 0.0,
          "top1_loss_rate": 0.0,
          "support_rate": 0.0,
          "route_guard_rate": 0.0
        },
        "no": {
          "n": 2,
          "mean_target_drop": 0.0,
          "mean_route_release": 0.03125,
          "top1_loss_rate": 0.0,
          "support_rate": 0.0,
          "route_guard_rate": 0.0
        },
        "gray": {
          "n": 1,
          "mean_target_drop": 0.0,
          "mean_route_release": 0.0,
          "top1_loss_rate": 0.0,
          "support_rate": 0.0,
          "route_guard_rate": 0.0
        },
        "irregular": {
          "n": 1,
          "mean_target_drop": -0.0625,
          "mean_route_release": 0.0,
          "top1_loss_rate": 0.0,
          "support_rate": 0.0,
          "route_guard_rate": 0.0
        }
      },
      "object_group_breakdown": {
        "other_fruit": {
          "n": 3,
          "mean_target_drop": 0.125,
          "mean_route_release": 0.0,
          "top1_loss_rate": 0.0,
          "support_rate": 0.3333333333333333,
          "route_guard_rate": 0.0
        },
        "apple": {
          "n": 3,
          "mean_target_drop": 0.08333333333333333,
          "mean_route_release": 0.16666666666666666,
          "top1_loss_rate": 0.0,
          "support_rate": 0.3333333333333333,
          "route_guard_rate": 0.3333333333333333
        },
        "nonfruit": {
          "n": 6,
          "mean_target_drop": -0.010416666666666666,
          "mean_route_release": 0.020833333333333332,
          "top1_loss_rate": 0.0,
          "support_rate": 0.0,
          "route_guard_rate": 0.0
        }
      }
    },
    {
      "context_name": "natural_donor",
      "site": "L34:attn_out",
      "head": 4,
      "subunit_id": "L34:attn_out:H4",
      "source_group": "records_all",
      "n": 12,
      "objects": [
        "apple",
        "banana",
        "carrot",
        "stone"
      ],
      "relations": [
        "category",
        "color",
        "edible",
        "grows_on_tree",
        "shape",
        "taste"
      ],
      "answers": [
        "earthy",
        "fruit",
        "gray",
        "irregular",
        "no",
        "sweet",
        "vegetable",
        "yes"
      ],
      "mean_attention_mass_to_source": 0.3977147340774536,
      "mean_source_target_logit_contribution": 0.23612435738323256,
      "mean_source_total_route_suppression_contribution": 0.043011285607159756,
      "mean_target_logit_drop_after_source_removal": 0.046875,
      "mean_total_positive_route_release_after_source_removal": 0.052083333333333336,
      "mean_route_release_coverage": 0.6666666666666666,
      "mean_margin_drop_target_vs_routes": 0.02326388888888889,
      "top1_loss_rate": 0.0,
      "support_rate_drop_gt_0_20": 0.16666666666666666,
      "route_guard_rate_release_gt_0_20": 0.0,
      "mean_final_hidden_delta_norm_after_removal": 2.9858899116516113,
      "stability_guess": "weak_or_unstable",
      "relation_breakdown": {
        "taste": {
          "n": 3,
          "mean_target_drop": 0.22916666666666666,
          "mean_route_release": 0.0625,
          "top1_loss_rate": 0.0,
          "support_rate": 0.6666666666666666,
          "route_guard_rate": 0.0
        },
        "color": {
          "n": 1,
          "mean_target_drop": 0.125,
          "mean_route_release": 0.0,
          "top1_loss_rate": 0.0,
          "support_rate": 0.0,
          "route_guard_rate": 0.0
        },
        "category": {
          "n": 3,
          "mean_target_drop": 0.0,
          "mean_route_release": 0.08333333333333333,
          "top1_loss_rate": 0.0,
          "support_rate": 0.0,
          "route_guard_rate": 0.0
        },
        "grows_on_tree": {
          "n": 2,
          "mean_target_drop": -0.03125,
          "mean_route_release": 0.03125,
          "top1_loss_rate": 0.0,
          "support_rate": 0.0,
          "route_guard_rate": 0.0
        },
        "edible": {
          "n": 2,
          "mean_target_drop": -0.0625,
          "mean_route_release": 0.0625,
          "top1_loss_rate": 0.0,
          "support_rate": 0.0,
          "route_guard_rate": 0.0
        },
        "shape": {
          "n": 1,
          "mean_target_drop": -0.0625,
          "mean_route_release": 0.0,
          "top1_loss_rate": 0.0,
          "support_rate": 0.0,
          "route_guard_rate": 0.0
        }
      },
      "answer_breakdown_top": {
        "sweet": {
          "n": 2,
          "mean_target_drop": 0.34375,
          "mean_route_release": 0.09375,
          "top1_loss_rate": 0.0,
          "support_rate": 1.0,
          "route_guard_rate": 0.0
        },
        "gray": {
          "n": 1,
          "mean_target_drop": 0.125,
          "mean_route_release": 0.0,
          "top1_loss_rate": 0.0,
          "support_rate": 0.0,
          "route_guard_rate": 0.0
        },
        "fruit": {
          "n": 2,
          "mean_target_drop": 0.0,
          "mean_route_release": 0.03125,
          "top1_loss_rate": 0.0,
          "support_rate": 0.0,
          "route_guard_rate": 0.0
        },
        "vegetable": {
          "n": 1,
          "mean_target_drop": 0.0,
          "mean_route_release": 0.1875,
          "top1_loss_rate": 0.0,
          "support_rate": 0.0,
          "route_guard_rate": 0.0
        },
        "earthy": {
          "n": 1,
          "mean_target_drop": 0.0,
          "mean_route_release": 0.0,
          "top1_loss_rate": 0.0,
          "support_rate": 0.0,
          "route_guard_rate": 0.0
        },
        "no": {
          "n": 2,
          "mean_target_drop": -0.03125,
          "mean_route_release": 0.03125,
          "top1_loss_rate": 0.0,
          "support_rate": 0.0,
          "route_guard_rate": 0.0
        },
        "yes": {
          "n": 2,
          "mean_target_drop": -0.0625,
          "mean_route_release": 0.0625,
          "top1_loss_rate": 0.0,
          "support_rate": 0.0,
          "route_guard_rate": 0.0
        },
        "irregular": {
          "n": 1,
          "mean_target_drop": -0.0625,
          "mean_route_release": 0.0,
          "top1_loss_rate": 0.0,
          "support_rate": 0.0,
          "route_guard_rate": 0.0
        }
      },
      "object_group_breakdown": {
        "other_fruit": {
          "n": 3,
          "mean_target_drop": 0.10416666666666667,
          "mean_route_release": 0.0,
          "top1_loss_rate": 0.0,
          "support_rate": 0.3333333333333333,
          "route_guard_rate": 0.0
        },
        "apple": {
          "n": 3,
          "mean_target_drop": 0.08333333333333333,
          "mean_route_release": 0.125,
          "top1_loss_rate": 0.0,
          "support_rate": 0.3333333333333333,
          "route_guard_rate": 0.0
        },
        "nonfruit": {
          "n": 6,
          "mean_target_drop": 0.0,
          "mean_route_release": 0.041666666666666664,
          "top1_loss_rate": 0.0,
          "support_rate": 0.0,
          "route_guard_rate": 0.0
        }
      }
    },
    {
      "context_name": "natural_donor",
      "site": "L34:attn_out",
      "head": 4,
      "subunit_id": "L34:attn_out:H4",
      "source_group": "target_record_line",
      "n": 12,
      "objects": [
        "apple",
        "banana",
        "carrot",
        "stone"
      ],
      "relations": [
        "category",
        "color",
        "edible",
        "grows_on_tree",
        "shape",
        "taste"
      ],
      "answers": [
        "earthy",
        "fruit",
        "gray",
        "irregular",
        "no",
        "sweet",
        "vegetable",
        "yes"
      ],
      "mean_attention_mass_to_source": 0.24777994553248087,
      "mean_source_target_logit_contribution": 0.23518198332749307,
      "mean_source_total_route_suppression_contribution": 0.03804411454378472,
      "mean_target_logit_drop_after_source_removal": 0.046875,
      "mean_total_positive_route_release_after_source_removal": 0.049479166666666664,
      "mean_route_release_coverage": 0.5,
      "mean_margin_drop_target_vs_routes": 0.017447916666666667,
      "top1_loss_rate": 0.0,
      "support_rate_drop_gt_0_20": 0.16666666666666666,
      "route_guard_rate_release_gt_0_20": 0.08333333333333333,
      "mean_final_hidden_delta_norm_after_removal": 2.542576313018799,
      "stability_guess": "weak_or_unstable",
      "relation_breakdown": {
        "taste": {
          "n": 3,
          "mean_target_drop": 0.20833333333333334,
          "mean_route_release": 0.125,
          "top1_loss_rate": 0.0,
          "support_rate": 0.6666666666666666,
          "route_guard_rate": 0.3333333333333333
        },
        "category": {
          "n": 3,
          "mean_target_drop": 0.0,
          "mean_route_release": 0.020833333333333332,
          "top1_loss_rate": 0.0,
          "support_rate": 0.0,
          "route_guard_rate": 0.0
        },
        "edible": {
          "n": 2,
          "mean_target_drop": 0.0,
          "mean_route_release": 0.078125,
          "top1_loss_rate": 0.0,
          "support_rate": 0.0,
          "route_guard_rate": 0.0
        },
        "grows_on_tree": {
          "n": 2,
          "mean_target_drop": 0.0,
          "mean_route_release": 0.0,
          "top1_loss_rate": 0.0,
          "support_rate": 0.0,
          "route_guard_rate": 0.0
        },
        "color": {
          "n": 1,
          "mean_target_drop": 0.0,
          "mean_route_release": 0.0,
          "top1_loss_rate": 0.0,
          "support_rate": 0.0,
          "route_guard_rate": 0.0
        },
        "shape": {
          "n": 1,
          "mean_target_drop": -0.0625,
          "mean_route_release": 0.0,
          "top1_loss_rate": 0.0,
          "support_rate": 0.0,
          "route_guard_rate": 0.0
        }
      },
      "answer_breakdown_top": {
        "sweet": {
          "n": 2,
          "mean_target_drop": 0.3125,
          "mean_route_release": 0.1875,
          "top1_loss_rate": 0.0,
          "support_rate": 1.0,
          "route_guard_rate": 0.5
        },
        "fruit": {
          "n": 2,
          "mean_target_drop": 0.0,
          "mean_route_release": 0.0,
          "top1_loss_rate": 0.0,
          "support_rate": 0.0,
          "route_guard_rate": 0.0
        },
        "yes": {
          "n": 2,
          "mean_target_drop": 0.0,
          "mean_route_release": 0.078125,
          "top1_loss_rate": 0.0,
          "support_rate": 0.0,
          "route_guard_rate": 0.0
        },
        "vegetable": {
          "n": 1,
          "mean_target_drop": 0.0,
          "mean_route_release": 0.0625,
          "top1_loss_rate": 0.0,
          "support_rate": 0.0,
          "route_guard_rate": 0.0
        },
        "earthy": {
          "n": 1,
          "mean_target_drop": 0.0,
          "mean_route_release": 0.0,
          "top1_loss_rate": 0.0,
          "support_rate": 0.0,
          "route_guard_rate": 0.0
        },
        "no": {
          "n": 2,
          "mean_target_drop": 0.0,
          "mean_route_release": 0.0,
          "top1_loss_rate": 0.0,
          "support_rate": 0.0,
          "route_guard_rate": 0.0
        },
        "gray": {
          "n": 1,
          "mean_target_drop": 0.0,
          "mean_route_release": 0.0,
          "top1_loss_rate": 0.0,
          "support_rate": 0.0,
          "route_guard_rate": 0.0
        },
        "irregular": {
          "n": 1,
          "mean_target_drop": -0.0625,
          "mean_route_release": 0.0,
          "top1_loss_rate": 0.0,
          "support_rate": 0.0,
          "route_guard_rate": 0.0
        }
      },
      "object_group_breakdown": {
        "other_fruit": {
          "n": 3,
          "mean_target_drop": 0.125,
          "mean_route_release": 0.0,
          "top1_loss_rate": 0.0,
          "support_rate": 0.3333333333333333,
          "route_guard_rate": 0.0
        },
        "apple": {
          "n": 3,
          "mean_target_drop": 0.08333333333333333,
          "mean_route_release": 0.17708333333333334,
          "top1_loss_rate": 0.0,
          "support_rate": 0.3333333333333333,
          "route_guard_rate": 0.3333333333333333
        },
        "nonfruit": {
          "n": 6,
          "mean_target_drop": -0.010416666666666666,
          "mean_route_release": 0.010416666666666666,
          "top1_loss_rate": 0.0,
          "support_rate": 0.0,
          "route_guard_rate": 0.0
        }
      }
    },
    {
      "context_name": "natural_recipient",
      "site": "L34:attn_out",
      "head": 4,
      "subunit_id": "L34:attn_out:H4",
      "source_group": "records_all",
      "n": 12,
      "objects": [
        "apple",
        "banana",
        "carrot",
        "stone"
      ],
      "relations": [
        "category",
        "color",
        "edible",
        "grows_on_tree",
        "shape",
        "taste"
      ],
      "answers": [
        "bitter",
        "fruit",
        "no",
        "oval",
        "sweet",
        "tool",
        "yellow",
        "yes"
      ],
      "mean_attention_mass_to_source": 0.5144783283273379,
      "mean_source_target_logit_contribution": 0.12259045417886227,
      "mean_source_total_route_suppression_contribution": 0.08936467325353685,
      "mean_target_logit_drop_after_source_removal": 0.046875,
      "mean_total_positive_route_release_after_source_removal": 0.057291666666666664,
      "mean_route_release_coverage": 0.75,
      "mean_margin_drop_target_vs_routes": 0.04088541666666667,
      "top1_loss_rate": 0.0,
      "support_rate_drop_gt_0_20": 0.08333333333333333,
      "route_guard_rate_release_gt_0_20": 0.08333333333333333,
      "mean_final_hidden_delta_norm_after_removal": 3.7353992561499276,
      "stability_guess": "weak_or_unstable",
      "relation_breakdown": {
        "taste": {
          "n": 3,
          "mean_target_drop": 0.10416666666666667,
          "mean_route_release": 0.041666666666666664,
          "top1_loss_rate": 0.0,
          "support_rate": 0.3333333333333333,
          "route_guard_rate": 0.0
        },
        "category": {
          "n": 3,
          "mean_target_drop": 0.0625,
          "mean_route_release": 0.10416666666666667,
          "top1_loss_rate": 0.0,
          "support_rate": 0.0,
          "route_guard_rate": 0.0
        },
        "grows_on_tree": {
          "n": 2,
          "mean_target_drop": 0.03125,
          "mean_route_release": 0.0,
          "top1_loss_rate": 0.0,
          "support_rate": 0.0,
          "route_guard_rate": 0.0
        },
        "edible": {
          "n": 2,
          "mean_target_drop": 0.0,
          "mean_route_release": 0.0,
          "top1_loss_rate": 0.0,
          "support_rate": 0.0,
          "route_guard_rate": 0.0
        },
        "color": {
          "n": 1,
          "mean_target_drop": 0.0,
          "mean_route_release": 0.0,
          "top1_loss_rate": 0.0,
          "support_rate": 0.0,
          "route_guard_rate": 0.0
        },
        "shape": {
          "n": 1,
          "mean_target_drop": 0.0,
          "mean_route_release": 0.25,
          "top1_loss_rate": 0.0,
          "support_rate": 0.0,
          "route_guard_rate": 1.0
        }
      },
      "answer_breakdown_top": {
        "sweet": {
          "n": 1,
          "mean_target_drop": 0.3125,
          "mean_route_release": 0.0625,
          "top1_loss_rate": 0.0,
          "support_rate": 1.0,
          "route_guard_rate": 0.0
        },
        "tool": {
          "n": 2,
          "mean_target_drop": 0.0625,
          "mean_route_release": 0.15625,
          "top1_loss_rate": 0.0,
          "support_rate": 0.0,
          "route_guard_rate": 0.0
        },
        "fruit": {
          "n": 1,
          "mean_target_drop": 0.0625,
          "mean_route_release": 0.0,
          "top1_loss_rate": 0.0,
          "support_rate": 0.0,
          "route_guard_rate": 0.0
        },
        "yes": {
          "n": 2,
          "mean_target_drop": 0.03125,
          "mean_route_release": 0.0,
          "top1_loss_rate": 0.0,
          "support_rate": 0.0,
          "route_guard_rate": 0.0
        },
        "bitter": {
          "n": 2,
          "mean_target_drop": 0.0,
          "mean_route_release": 0.03125,
          "top1_loss_rate": 0.0,
          "support_rate": 0.0,
          "route_guard_rate": 0.0
        },
        "no": {
          "n": 2,
          "mean_target_drop": 0.0,
          "mean_route_release": 0.0,
          "top1_loss_rate": 0.0,
          "support_rate": 0.0,
          "route_guard_rate": 0.0
        },
        "yellow": {
          "n": 1,
          "mean_target_drop": 0.0,
          "mean_route_release": 0.0,
          "top1_loss_rate": 0.0,
          "support_rate": 0.0,
          "route_guard_rate": 0.0
        },
        "oval": {
          "n": 1,
          "mean_target_drop": 0.0,
          "mean_route_release": 0.25,
          "top1_loss_rate": 0.0,
          "support_rate": 0.0,
          "route_guard_rate": 1.0
        }
      },
      "object_group_breakdown": {
        "nonfruit": {
          "n": 6,
          "mean_target_drop": 0.07291666666666667,
          "mean_route_release": 0.052083333333333336,
          "top1_loss_rate": 0.0,
          "support_rate": 0.16666666666666666,
          "route_guard_rate": 0.16666666666666666
        },
        "apple": {
          "n": 3,
          "mean_target_drop": 0.020833333333333332,
          "mean_route_release": 0.0625,
          "top1_loss_rate": 0.0,
          "support_rate": 0.0,
          "route_guard_rate": 0.0
        },
        "other_fruit": {
          "n": 3,
          "mean_target_drop": 0.020833333333333332,
          "mean_route_release": 0.0625,
          "top1_loss_rate": 0.0,
          "support_rate": 0.0,
          "route_guard_rate": 0.0
        }
      }
    },
    {
      "context_name": "natural_recipient",
      "site": "L34:attn_out",
      "head": 9,
      "subunit_id": "L34:attn_out:H9",
      "source_group": "records_all",
      "n": 12,
      "objects": [
        "apple",
        "banana",
        "carrot",
        "stone"
      ],
      "relations": [
        "category",
        "color",
        "edible",
        "grows_on_tree",
        "shape",
        "taste"
      ],
      "answers": [
        "bitter",
        "fruit",
        "no",
        "oval",
        "sweet",
        "tool",
        "yellow",
        "yes"
      ],
      "mean_attention_mass_to_source": 0.4746888478597005,
      "mean_source_target_logit_contribution": 0.12054355438643445,
      "mean_source_total_route_suppression_contribution": 0.0652898942741255,
      "mean_target_logit_drop_after_source_removal": 0.046875,
      "mean_total_positive_route_release_after_source_removal": 0.041666666666666664,
      "mean_route_release_coverage": 0.6666666666666666,
      "mean_margin_drop_target_vs_routes": -0.012760416666666665,
      "top1_loss_rate": 0.0,
      "support_rate_drop_gt_0_20": 0.08333333333333333,
      "route_guard_rate_release_gt_0_20": 0.08333333333333333,
      "mean_final_hidden_delta_norm_after_removal": 3.4475949903329215,
      "stability_guess": "weak_or_unstable",
      "relation_breakdown": {
        "category": {
          "n": 3,
          "mean_target_drop": 0.125,
          "mean_route_release": 0.020833333333333332,
          "top1_loss_rate": 0.0,
          "support_rate": 0.3333333333333333,
          "route_guard_rate": 0.0
        },
        "shape": {
          "n": 1,
          "mean_target_drop": 0.125,
          "mean_route_release": 0.0,
          "top1_loss_rate": 0.0,
          "support_rate": 0.0,
          "route_guard_rate": 0.0
        },
        "grows_on_tree": {
          "n": 2,
          "mean_target_drop": 0.0625,
          "mean_route_release": 0.0,
          "top1_loss_rate": 0.0,
          "support_rate": 0.0,
          "route_guard_rate": 0.0
        },
        "taste": {
          "n": 3,
          "mean_target_drop": 0.0,
          "mean_route_release": 0.020833333333333332,
          "top1_loss_rate": 0.0,
          "support_rate": 0.0,
          "route_guard_rate": 0.0
        },
        "color": {
          "n": 1,
          "mean_target_drop": 0.0,
          "mean_route_release": 0.0,
          "top1_loss_rate": 0.0,
          "support_rate": 0.0,
          "route_guard_rate": 0.0
        },
        "edible": {
          "n": 2,
          "mean_target_drop": -0.03125,
          "mean_route_release": 0.1875,
          "top1_loss_rate": 0.0,
          "support_rate": 0.0,
          "route_guard_rate": 0.5
        }
      },
      "answer_breakdown_top": {
        "tool": {
          "n": 2,
          "mean_target_drop": 0.1875,
          "mean_route_release": 0.0,
          "top1_loss_rate": 0.0,
          "support_rate": 0.5,
          "route_guard_rate": 0.0
        },
        "oval": {
          "n": 1,
          "mean_target_drop": 0.125,
          "mean_route_release": 0.0,
          "top1_loss_rate": 0.0,
          "support_rate": 0.0,
          "route_guard_rate": 0.0
        },
        "yes": {
          "n": 2,
          "mean_target_drop": 0.0625,
          "mean_route_release": 0.0,
          "top1_loss_rate": 0.0,
          "support_rate": 0.0,
          "route_guard_rate": 0.0
        },
        "bitter": {
          "n": 2,
          "mean_target_drop": 0.03125,
          "mean_route_release": 0.03125,
          "top1_loss_rate": 0.0,
          "support_rate": 0.0,
          "route_guard_rate": 0.0
        },
        "fruit": {
          "n": 1,
          "mean_target_drop": 0.0,
          "mean_route_release": 0.0625,
          "top1_loss_rate": 0.0,
          "support_rate": 0.0,
          "route_guard_rate": 0.0
        },
        "yellow": {
          "n": 1,
          "mean_target_drop": 0.0,
          "mean_route_release": 0.0,
          "top1_loss_rate": 0.0,
          "support_rate": 0.0,
          "route_guard_rate": 0.0
        },
        "no": {
          "n": 2,
          "mean_target_drop": -0.03125,
          "mean_route_release": 0.1875,
          "top1_loss_rate": 0.0,
          "support_rate": 0.0,
          "route_guard_rate": 0.5
        },
        "sweet": {
          "n": 1,
          "mean_target_drop": -0.0625,
          "mean_route_release": 0.0,
          "top1_loss_rate": 0.0,
          "support_rate": 0.0,
          "route_guard_rate": 0.0
        }
      },
      "object_group_breakdown": {
        "apple": {
          "n": 3,
          "mean_target_drop": 0.0625,
          "mean_route_release": 0.10416666666666667,
          "top1_loss_rate": 0.0,
          "support_rate": 0.3333333333333333,
          "route_guard_rate": 0.3333333333333333
        },
        "other_fruit": {
          "n": 3,
          "mean_target_drop": 0.0625,
          "mean_route_release": 0.041666666666666664,
          "top1_loss_rate": 0.0,
          "support_rate": 0.0,
          "route_guard_rate": 0.0
        },
        "nonfruit": {
          "n": 6,
          "mean_target_drop": 0.03125,
          "mean_route_release": 0.010416666666666666,
          "top1_loss_rate": 0.0,
          "support_rate": 0.0,
          "route_guard_rate": 0.0
        }
      }
    },
    {
      "context_name": "natural_recipient",
      "site": "L35:attn_out",
      "head": 29,
      "subunit_id": "L35:attn_out:H29",
      "source_group": "records_all",
      "n": 12,
      "objects": [
        "apple",
        "banana",
        "carrot",
        "stone"
      ],
      "relations": [
        "category",
        "color",
        "edible",
        "grows_on_tree",
        "shape",
        "taste"
      ],
      "answers": [
        "bitter",
        "fruit",
        "no",
        "oval",
        "sweet",
        "tool",
        "yellow",
        "yes"
      ],
      "mean_attention_mass_to_source": 0.4549260040124257,
      "mean_source_target_logit_contribution": 0.10179530953367551,
      "mean_source_total_route_suppression_contribution": 0.03772146417759359,
      "mean_target_logit_drop_after_source_removal": 0.041666666666666664,
      "mean_total_positive_route_release_after_source_removal": 0.005208333333333333,
      "mean_route_release_coverage": 0.08333333333333333,
      "mean_margin_drop_target_vs_routes": 0.02734375,
      "top1_loss_rate": 0.0,
      "support_rate_drop_gt_0_20": 0.08333333333333333,
      "route_guard_rate_release_gt_0_20": 0.0,
      "mean_final_hidden_delta_norm_after_removal": 2.870247801144918,
      "stability_guess": "weak_or_unstable",
      "relation_breakdown": {
        "taste": {
          "n": 3,
          "mean_target_drop": 0.125,
          "mean_route_release": 0.0,
          "top1_loss_rate": 0.0,
          "support_rate": 0.3333333333333333,
          "route_guard_rate": 0.0
        },
        "color": {
          "n": 1,
          "mean_target_drop": 0.0625,
          "mean_route_release": 0.0625,
          "top1_loss_rate": 0.0,
          "support_rate": 0.0,
          "route_guard_rate": 0.0
        },
        "grows_on_tree": {
          "n": 2,
          "mean_target_drop": 0.03125,
          "mean_route_release": 0.0,
          "top1_loss_rate": 0.0,
          "support_rate": 0.0,
          "route_guard_rate": 0.0
        },
        "category": {
          "n": 3,
          "mean_target_drop": 0.0,
          "mean_route_release": 0.0,
          "top1_loss_rate": 0.0,
          "support_rate": 0.0,
          "route_guard_rate": 0.0
        },
        "edible": {
          "n": 2,
          "mean_target_drop": 0.0,
          "mean_route_release": 0.0,
          "top1_loss_rate": 0.0,
          "support_rate": 0.0,
          "route_guard_rate": 0.0
        },
        "shape": {
          "n": 1,
          "mean_target_drop": 0.0,
          "mean_route_release": 0.0,
          "top1_loss_rate": 0.0,
          "support_rate": 0.0,
          "route_guard_rate": 0.0
        }
      },
      "answer_breakdown_top": {
        "sweet": {
          "n": 1,
          "mean_target_drop": 0.25,
          "mean_route_release": 0.0,
          "top1_loss_rate": 0.0,
          "support_rate": 1.0,
          "route_guard_rate": 0.0
        },
        "bitter": {
          "n": 2,
          "mean_target_drop": 0.0625,
          "mean_route_release": 0.0,
          "top1_loss_rate": 0.0,
          "support_rate": 0.0,
          "route_guard_rate": 0.0
        },
        "yellow": {
          "n": 1,
          "mean_target_drop": 0.0625,
          "mean_route_release": 0.0625,
          "top1_loss_rate": 0.0,
          "support_rate": 0.0,
          "route_guard_rate": 0.0
        },
        "yes": {
          "n": 2,
          "mean_target_drop": 0.03125,
          "mean_route_release": 0.0,
          "top1_loss_rate": 0.0,
          "support_rate": 0.0,
          "route_guard_rate": 0.0
        },
        "tool": {
          "n": 2,
          "mean_target_drop": 0.0,
          "mean_route_release": 0.0,
          "top1_loss_rate": 0.0,
          "support_rate": 0.0,
          "route_guard_rate": 0.0
        },
        "no": {
          "n": 2,
          "mean_target_drop": 0.0,
          "mean_route_release": 0.0,
          "top1_loss_rate": 0.0,
          "support_rate": 0.0,
          "route_guard_rate": 0.0
        },
        "fruit": {
          "n": 1,
          "mean_target_drop": 0.0,
          "mean_route_release": 0.0,
          "top1_loss_rate": 0.0,
          "support_rate": 0.0,
          "route_guard_rate": 0.0
        },
        "oval": {
          "n": 1,
          "mean_target_drop": 0.0,
          "mean_route_release": 0.0,
          "top1_loss_rate": 0.0,
          "support_rate": 0.0,
          "route_guard_rate": 0.0
        }
      },
      "object_group_breakdown": {
        "nonfruit": {
          "n": 6,
          "mean_target_drop": 0.0625,
          "mean_route_release": 0.010416666666666666,
          "top1_loss_rate": 0.0,
          "support_rate": 0.16666666666666666,
          "route_guard_rate": 0.0
        },
        "apple": {
          "n": 3,
          "mean_target_drop": 0.020833333333333332,
          "mean_route_release": 0.0,
          "top1_loss_rate": 0.0,
          "support_rate": 0.0,
          "route_guard_rate": 0.0
        },
        "other_fruit": {
          "n": 3,
          "mean_target_drop": 0.020833333333333332,
          "mean_route_release": 0.0,
          "top1_loss_rate": 0.0,
          "support_rate": 0.0,
          "route_guard_rate": 0.0
        }
      }
    },
    {
      "context_name": "natural_recipient",
      "site": "L34:attn_out",
      "head": 4,
      "subunit_id": "L34:attn_out:H4",
      "source_group": "target_value_tokens",
      "n": 12,
      "objects": [
        "apple",
        "banana",
        "carrot",
        "stone"
      ],
      "relations": [
        "category",
        "color",
        "edible",
        "grows_on_tree",
        "shape",
        "taste"
      ],
      "answers": [
        "bitter",
        "fruit",
        "no",
        "oval",
        "sweet",
        "tool",
        "yellow",
        "yes"
      ],
      "mean_attention_mass_to_source": 0.08796946207682292,
      "mean_source_target_logit_contribution": 0.11513177574670408,
      "mean_source_total_route_suppression_contribution": 0.020270664050864678,
      "mean_target_logit_drop_after_source_removal": 0.03125,
      "mean_total_positive_route_release_after_source_removal": 0.046875,
      "mean_route_release_coverage": 0.75,
      "mean_margin_drop_target_vs_routes": 0.031510416666666666,
      "top1_loss_rate": 0.0,
      "support_rate_drop_gt_0_20": 0.08333333333333333,
      "route_guard_rate_release_gt_0_20": 0.0,
      "mean_final_hidden_delta_norm_after_removal": 1.9013333817323048,
      "stability_guess": "weak_or_unstable",
      "relation_breakdown": {
        "taste": {
          "n": 3,
          "mean_target_drop": 0.08333333333333333,
          "mean_route_release": 0.08333333333333333,
          "top1_loss_rate": 0.0,
          "support_rate": 0.3333333333333333,
          "route_guard_rate": 0.0
        },
        "grows_on_tree": {
          "n": 2,
          "mean_target_drop": 0.03125,
          "mean_route_release": 0.0,
          "top1_loss_rate": 0.0,
          "support_rate": 0.0,
          "route_guard_rate": 0.0
        },
        "category": {
          "n": 3,
          "mean_target_drop": 0.020833333333333332,
          "mean_route_release": 0.0625,
          "top1_loss_rate": 0.0,
          "support_rate": 0.0,
          "route_guard_rate": 0.0
        },
        "edible": {
          "n": 2,
          "mean_target_drop": 0.0,
          "mean_route_release": 0.03125,
          "top1_loss_rate": 0.0,
          "support_rate": 0.0,
          "route_guard_rate": 0.0
        },
        "color": {
          "n": 1,
          "mean_target_drop": 0.0,
          "mean_route_release": 0.0,
          "top1_loss_rate": 0.0,
          "support_rate": 0.0,
          "route_guard_rate": 0.0
        },
        "shape": {
          "n": 1,
          "mean_target_drop": 0.0,
          "mean_route_release": 0.0625,
          "top1_loss_rate": 0.0,
          "support_rate": 0.0,
          "route_guard_rate": 0.0
        }
      },
      "answer_breakdown_top": {
        "sweet": {
          "n": 1,
          "mean_target_drop": 0.3125,
          "mean_route_release": 0.0625,
          "top1_loss_rate": 0.0,
          "support_rate": 1.0,
          "route_guard_rate": 0.0
        },
        "tool": {
          "n": 2,
          "mean_target_drop": 0.03125,
          "mean_route_release": 0.09375,
          "top1_loss_rate": 0.0,
          "support_rate": 0.0,
          "route_guard_rate": 0.0
        },
        "yes": {
          "n": 2,
          "mean_target_drop": 0.03125,
          "mean_route_release": 0.0,
          "top1_loss_rate": 0.0,
          "support_rate": 0.0,
          "route_guard_rate": 0.0
        },
        "no": {
          "n": 2,
          "mean_target_drop": 0.0,
          "mean_route_release": 0.03125,
          "top1_loss_rate": 0.0,
          "support_rate": 0.0,
          "route_guard_rate": 0.0
        },
        "fruit": {
          "n": 1,
          "mean_target_drop": 0.0,
          "mean_route_release": 0.0,
          "top1_loss_rate": 0.0,
          "support_rate": 0.0,
          "route_guard_rate": 0.0
        },
        "yellow": {
          "n": 1,
          "mean_target_drop": 0.0,
          "mean_route_release": 0.0,
          "top1_loss_rate": 0.0,
          "support_rate": 0.0,
          "route_guard_rate": 0.0
        },
        "oval": {
          "n": 1,
          "mean_target_drop": 0.0,
          "mean_route_release": 0.0625,
          "top1_loss_rate": 0.0,
          "support_rate": 0.0,
          "route_guard_rate": 0.0
        },
        "bitter": {
          "n": 2,
          "mean_target_drop": -0.03125,
          "mean_route_release": 0.09375,
          "top1_loss_rate": 0.0,
          "support_rate": 0.0,
          "route_guard_rate": 0.0
        }
      },
      "object_group_breakdown": {
        "nonfruit": {
          "n": 6,
          "mean_target_drop": 0.0625,
          "mean_route_release": 0.020833333333333332,
          "top1_loss_rate": 0.0,
          "support_rate": 0.16666666666666666,
          "route_guard_rate": 0.0
        },
        "apple": {
          "n": 3,
          "mean_target_drop": 0.020833333333333332,
          "mean_route_release": 0.041666666666666664,
          "top1_loss_rate": 0.0,
          "support_rate": 0.0,
          "route_guard_rate": 0.0
        },
        "other_fruit": {
          "n": 3,
          "mean_target_drop": -0.020833333333333332,
          "mean_route_release": 0.10416666666666667,
          "top1_loss_rate": 0.0,
          "support_rate": 0.0,
          "route_guard_rate": 0.0
        }
      }
    }
  ]
}
