[16:46:42] deepseek7b/confirm: pairs=48 base_sources=['target_record_line', 'target_value_tokens', 'records_all']
[16:46:42] [load] deepseek7b: bf16 device_map=auto attn=eager quantization=off
`torch_dtype` is deprecated! Use `dtype` instead!
Loading weights:   0%|          | 0/339 [00:00<?, ?it/s]Loading weights:   5%|▌         | 18/339 [00:00<00:01, 168.13it/s]Loading weights:  15%|█▌        | 52/339 [00:00<00:01, 252.68it/s]Loading weights:  23%|██▎       | 78/339 [00:00<00:01, 248.63it/s]Loading weights:  32%|███▏      | 108/339 [00:00<00:00, 258.89it/s]Loading weights:  42%|████▏     | 144/339 [00:00<00:00, 292.94it/s]Loading weights:  51%|█████▏    | 174/339 [00:00<00:00, 276.98it/s]Loading weights:  60%|██████    | 204/339 [00:00<00:00, 277.30it/s]Loading weights:  69%|██████▉   | 234/339 [00:00<00:00, 275.68it/s]Loading weights:  77%|███████▋  | 262/339 [00:00<00:00, 261.53it/s]Loading weights:  87%|████████▋ | 294/339 [00:01<00:00, 274.98it/s]Loading weights:  96%|█████████▋| 327/339 [00:01<00:00, 269.21it/s]Loading weights: 100%|██████████| 339/339 [00:01<00:00, 275.76it/s]
[16:46:44] [load] deepseek7b: loaded eager, device=cuda:0, gpu=15.23GB
[16:46:45] deepseek7b: candidates=4 max_route_sources=5
[16:47:02] deepseek7b: source-target disentangle 8/48 pairs; rows=3212
[16:47:18] deepseek7b: source-target disentangle 16/48 pairs; rows=6460
[16:47:35] deepseek7b: source-target disentangle 24/48 pairs; rows=9664
[16:47:52] deepseek7b: source-target disentangle 32/48 pairs; rows=12904
[16:48:09] deepseek7b: source-target disentangle 40/48 pairs; rows=16108
[16:48:26] deepseek7b: source-target disentangle 48/48 pairs; rows=19348
[model_utils] GPU memory released, allocated=15.24 GB
{
  "model": "deepseek7b",
  "round": "confirm",
  "n_rows": 19348,
  "top_route_source_cells": [
    {
      "site": "L22:attn_out",
      "head": 14,
      "subunit_id": "L22:attn_out:H14",
      "candidate_kind": "same_layer_control_head",
      "source_group": "route_src:contrast_answer",
      "source_family": "route_token_source",
      "route_group": "top_class:recipient_answer",
      "n": 1,
      "domains": [
        "plant"
      ],
      "relations": [
        "edible"
      ],
      "mean_attention_mass_to_source": 0.000606536865234375,
      "mean_source_target_logit_contribution": 0.00015433460066560656,
      "mean_source_total_route_suppression_contribution": 0.0020916191351716407,
      "mean_target_logit_drop": -0.375,
      "target_drop_rate": 0.0,
      "target_boost_rate": 1.0,
      "mean_route_release": 0.4375,
      "route_release_rate": 1.0,
      "mean_margin_drop_target_vs_route": 0.0625,
      "role_guess": "negative_target_drop_route_artifact",
      "after_route_token_counts": {
        " yes": 1
      }
    },
    {
      "site": "L22:attn_out",
      "head": 14,
      "subunit_id": "L22:attn_out:H14",
      "candidate_kind": "same_layer_control_head",
      "source_group": "route_src:top_class:recipient_answer",
      "source_family": "route_token_source",
      "route_group": "contrast_answer",
      "n": 1,
      "domains": [
        "plant"
      ],
      "relations": [
        "edible"
      ],
      "mean_attention_mass_to_source": 0.000606536865234375,
      "mean_source_target_logit_contribution": 0.00015433460066560656,
      "mean_source_total_route_suppression_contribution": 0.0020916191351716407,
      "mean_target_logit_drop": -0.375,
      "target_drop_rate": 0.0,
      "target_boost_rate": 1.0,
      "mean_route_release": 0.4375,
      "route_release_rate": 1.0,
      "mean_margin_drop_target_vs_route": 0.0625,
      "role_guess": "negative_target_drop_route_artifact",
      "after_route_token_counts": {
        " yes": 1
      }
    },
    {
      "site": "L22:attn_out",
      "head": 14,
      "subunit_id": "L22:attn_out:H14",
      "candidate_kind": "same_layer_control_head",
      "source_group": "route_src:top_class:recipient_answer",
      "source_family": "route_token_source",
      "route_group": "generic_answer",
      "n": 1,
      "domains": [
        "plant"
      ],
      "relations": [
        "edible"
      ],
      "mean_attention_mass_to_source": 0.000606536865234375,
      "mean_source_target_logit_contribution": 0.00015433460066560656,
      "mean_source_total_route_suppression_contribution": 0.0020916191351716407,
      "mean_target_logit_drop": -0.375,
      "target_drop_rate": 0.0,
      "target_boost_rate": 1.0,
      "mean_route_release": 0.4375,
      "route_release_rate": 1.0,
      "mean_margin_drop_target_vs_route": 0.0625,
      "role_guess": "negative_target_drop_route_artifact",
      "after_route_token_counts": {
        " yes": 1
      }
    },
    {
      "site": "L22:attn_out",
      "head": 14,
      "subunit_id": "L22:attn_out:H14",
      "candidate_kind": "same_layer_control_head",
      "source_group": "route_src:top_class:recipient_answer",
      "source_family": "route_token_source",
      "route_group": "top_class:recipient_answer",
      "n": 1,
      "domains": [
        "plant"
      ],
      "relations": [
        "edible"
      ],
      "mean_attention_mass_to_source": 0.000606536865234375,
      "mean_source_target_logit_contribution": 0.00015433460066560656,
      "mean_source_total_route_suppression_contribution": 0.0020916191351716407,
      "mean_target_logit_drop": -0.375,
      "target_drop_rate": 0.0,
      "target_boost_rate": 1.0,
      "mean_route_release": 0.4375,
      "route_release_rate": 1.0,
      "mean_margin_drop_target_vs_route": 0.0625,
      "role_guess": "negative_target_drop_route_artifact",
      "after_route_token_counts": {
        " yes": 1
      }
    },
    {
      "site": "L22:attn_out",
      "head": 14,
      "subunit_id": "L22:attn_out:H14",
      "candidate_kind": "same_layer_control_head",
      "source_group": "route_src:top_class:recipient_answer",
      "source_family": "route_token_source",
      "route_group": "top_class:other_vocab",
      "n": 1,
      "domains": [
        "plant"
      ],
      "relations": [
        "edible"
      ],
      "mean_attention_mass_to_source": 0.000606536865234375,
      "mean_source_target_logit_contribution": 0.00015433460066560656,
      "mean_source_total_route_suppression_contribution": 0.0020916191351716407,
      "mean_target_logit_drop": -0.375,
      "target_drop_rate": 0.0,
      "target_boost_rate": 1.0,
      "mean_route_release": 0.375,
      "route_release_rate": 1.0,
      "mean_margin_drop_target_vs_route": 0.0,
      "role_guess": "negative_target_drop_route_artifact",
      "after_route_token_counts": {
        " __": 1
      }
    },
    {
      "site": "L22:attn_out",
      "head": 1,
      "subunit_id": "L22:attn_out:H1",
      "candidate_kind": "phase755_top_candidate",
      "source_group": "route_src:contrast_answer",
      "source_family": "route_token_source",
      "route_group": "top_class:recipient_answer",
      "n": 1,
      "domains": [
        "plant"
      ],
      "relations": [
        "edible"
      ],
      "mean_attention_mass_to_source": 0.0008697509765625,
      "mean_source_target_logit_contribution": 0.0002179919247282669,
      "mean_source_total_route_suppression_contribution": 0.011881133817951195,
      "mean_target_logit_drop": -0.3125,
      "target_drop_rate": 0.0,
      "target_boost_rate": 1.0,
      "mean_route_release": 0.3125,
      "route_release_rate": 1.0,
      "mean_margin_drop_target_vs_route": 0.0,
      "role_guess": "negative_target_drop_route_artifact",
      "after_route_token_counts": {
        " yes": 1
      }
    },
    {
      "site": "L22:attn_out",
      "head": 1,
      "subunit_id": "L22:attn_out:H1",
      "candidate_kind": "phase755_top_candidate",
      "source_group": "route_src:top_class:recipient_answer",
      "source_family": "route_token_source",
      "route_group": "contrast_answer",
      "n": 1,
      "domains": [
        "plant"
      ],
      "relations": [
        "edible"
      ],
      "mean_attention_mass_to_source": 0.0008697509765625,
      "mean_source_target_logit_contribution": 0.0002179919247282669,
      "mean_source_total_route_suppression_contribution": 0.011881133817951195,
      "mean_target_logit_drop": -0.3125,
      "target_drop_rate": 0.0,
      "target_boost_rate": 1.0,
      "mean_route_release": 0.3125,
      "route_release_rate": 1.0,
      "mean_margin_drop_target_vs_route": 0.0,
      "role_guess": "negative_target_drop_route_artifact",
      "after_route_token_counts": {
        " yes": 1
      }
    },
    {
      "site": "L22:attn_out",
      "head": 1,
      "subunit_id": "L22:attn_out:H1",
      "candidate_kind": "phase755_top_candidate",
      "source_group": "route_src:top_class:recipient_answer",
      "source_family": "route_token_source",
      "route_group": "generic_answer",
      "n": 1,
      "domains": [
        "plant"
      ],
      "relations": [
        "edible"
      ],
      "mean_attention_mass_to_source": 0.0008697509765625,
      "mean_source_target_logit_contribution": 0.0002179919247282669,
      "mean_source_total_route_suppression_contribution": 0.011881133817951195,
      "mean_target_logit_drop": -0.3125,
      "target_drop_rate": 0.0,
      "target_boost_rate": 1.0,
      "mean_route_release": 0.3125,
      "route_release_rate": 1.0,
      "mean_margin_drop_target_vs_route": 0.0,
      "role_guess": "negative_target_drop_route_artifact",
      "after_route_token_counts": {
        " yes": 1
      }
    },
    {
      "site": "L22:attn_out",
      "head": 1,
      "subunit_id": "L22:attn_out:H1",
      "candidate_kind": "phase755_top_candidate",
      "source_group": "route_src:top_class:recipient_answer",
      "source_family": "route_token_source",
      "route_group": "top_class:other_vocab",
      "n": 1,
      "domains": [
        "plant"
      ],
      "relations": [
        "edible"
      ],
      "mean_attention_mass_to_source": 0.0008697509765625,
      "mean_source_target_logit_contribution": 0.0002179919247282669,
      "mean_source_total_route_suppression_contribution": 0.011881133817951195,
      "mean_target_logit_drop": -0.3125,
      "target_drop_rate": 0.0,
      "target_boost_rate": 1.0,
      "mean_route_release": 0.3125,
      "route_release_rate": 1.0,
      "mean_margin_drop_target_vs_route": 0.0,
      "role_guess": "negative_target_drop_route_artifact",
      "after_route_token_counts": {
        " __": 1
      }
    },
    {
      "site": "L22:attn_out",
      "head": 1,
      "subunit_id": "L22:attn_out:H1",
      "candidate_kind": "phase755_top_candidate",
      "source_group": "route_src:top_class:recipient_answer",
      "source_family": "route_token_source",
      "route_group": "top_class:recipient_answer",
      "n": 1,
      "domains": [
        "plant"
      ],
      "relations": [
        "edible"
      ],
      "mean_attention_mass_to_source": 0.0008697509765625,
      "mean_source_target_logit_contribution": 0.0002179919247282669,
      "mean_source_total_route_suppression_contribution": 0.011881133817951195,
      "mean_target_logit_drop": -0.3125,
      "target_drop_rate": 0.0,
      "target_boost_rate": 1.0,
      "mean_route_release": 0.3125,
      "route_release_rate": 1.0,
      "mean_margin_drop_target_vs_route": 0.0,
      "role_guess": "negative_target_drop_route_artifact",
      "after_route_token_counts": {
        " yes": 1
      }
    },
    {
      "site": "L22:attn_out",
      "head": 14,
      "subunit_id": "L22:attn_out:H14",
      "candidate_kind": "same_layer_control_head",
      "source_group": "route_src:top_class:recipient_answer",
      "source_family": "route_token_source",
      "route_group": "top_class:format_or_schema",
      "n": 1,
      "domains": [
        "plant"
      ],
      "relations": [
        "edible"
      ],
      "mean_attention_mass_to_source": 0.000606536865234375,
      "mean_source_target_logit_contribution": 0.00015433460066560656,
      "mean_source_total_route_suppression_contribution": 0.0020916191351716407,
      "mean_target_logit_drop": -0.375,
      "target_drop_rate": 0.0,
      "target_boost_rate": 1.0,
      "mean_route_release": 0.3125,
      "route_release_rate": 1.0,
      "mean_margin_drop_target_vs_route": -0.0625,
      "role_guess": "negative_target_drop_route_artifact",
      "after_route_token_counts": {
        " No": 1
      }
    },
    {
      "site": "L22:attn_out",
      "head": 14,
      "subunit_id": "L22:attn_out:H14",
      "candidate_kind": "same_layer_control_head",
      "source_group": "route_src:top_class:recipient_answer",
      "source_family": "route_token_source",
      "route_group": "top_non_target",
      "n": 1,
      "domains": [
        "plant"
      ],
      "relations": [
        "edible"
      ],
      "mean_attention_mass_to_source": 0.000606536865234375,
      "mean_source_target_logit_contribution": 0.00015433460066560656,
      "mean_source_total_route_suppression_contribution": 0.0020916191351716407,
      "mean_target_logit_drop": -0.375,
      "target_drop_rate": 0.0,
      "target_boost_rate": 1.0,
      "mean_route_release": 0.3125,
      "route_release_rate": 1.0,
      "mean_margin_drop_target_vs_route": -0.0625,
      "role_guess": "negative_target_drop_route_artifact",
      "after_route_token_counts": {
        " No": 1
      }
    }
  ]
}
