`torch_dtype` is deprecated! Use `dtype` instead!
Loading weights:   0%|          | 0/443 [00:00<?, ?it/s]Loading weights:   0%|          | 2/443 [00:00<00:46,  9.42it/s]Loading weights:   6%|▌         | 27/443 [00:00<00:03, 105.84it/s]Loading weights:  12%|█▏        | 54/443 [00:00<00:02, 160.92it/s]Loading weights:  21%|██        | 93/443 [00:00<00:01, 229.93it/s]Loading weights:  28%|██▊       | 126/443 [00:00<00:01, 260.09it/s]Loading weights:  35%|███▍      | 155/443 [00:00<00:01, 266.99it/s]Loading weights:  43%|████▎     | 192/443 [00:00<00:00, 292.09it/s]Loading weights:  51%|█████     | 225/443 [00:00<00:00, 302.22it/s]Loading weights:  58%|█████▊    | 258/443 [00:01<00:00, 300.32it/s]Loading weights:  67%|██████▋   | 295/443 [00:01<00:00, 318.84it/s]Loading weights:  74%|███████▍  | 328/443 [00:01<00:00, 317.88it/s]Loading weights:  81%|████████▏ | 361/443 [00:01<00:00, 315.90it/s]Loading weights:  89%|████████▊ | 393/443 [00:01<00:00, 309.95it/s]Loading weights:  97%|█████████▋| 428/443 [00:01<00:00, 310.92it/s]Loading weights: 100%|██████████| 443/443 [00:01<00:00, 274.58it/s]
[14:10:47] Loaded glm4: class=GlmForCausalLM, GPU=18.80GB, attn=eager
[14:11:03] glm4: patched 5/5 paired cases
[model_utils] GPU memory released, allocated=18.85 GB
{
  "early_target_layer": 30,
  "final_target_layer": 38,
  "layer_out_layers": [
    20,
    21,
    22,
    23,
    24,
    25,
    26,
    27,
    28,
    29,
    30
  ],
  "model": "glm4",
  "n_paired_cases": 5,
  "n_rows": 340,
  "phase": 690,
  "summary": {
    "best_degradation_conditions": [
      {
        "condition": "degradation|replace_short|L27_layer_out",
        "mean_early_delta": 0.5735637187957764,
        "mean_early_effect": 0.5823836177587509,
        "mean_early_fraction": 1.00607735803908,
        "mean_final_delta": 1.5801043033599853,
        "mean_final_effect": 1.5538652896881104,
        "mean_final_fraction": 0.9977455052016817,
        "mean_patched_pmv": -2.1875,
        "mean_patched_rank": 1.6,
        "mean_pmv_effect": 1.5625,
        "mean_rank_effect": 0.6,
        "n": 5,
        "patched_best_other_route": {
          "continuation": 5
        },
        "patched_top1_rate": 0.4,
        "success_change_rate": 0.6
      },
      {
        "condition": "degradation|replace_short|L28_layer_out",
        "mean_early_delta": 0.5735637187957764,
        "mean_early_effect": 0.5640528649091721,
        "mean_early_fraction": 0.9807453409238029,
        "mean_final_delta": 1.5801043033599853,
        "mean_final_effect": 1.5450028896331787,
        "mean_final_fraction": 0.9817997007418618,
        "mean_patched_pmv": -2.2625,
        "mean_patched_rank": 1.6,
        "mean_pmv_effect": 1.4875,
        "mean_rank_effect": 0.6,
        "n": 5,
        "patched_best_other_route": {
          "continuation": 5
        },
        "patched_top1_rate": 0.4,
        "success_change_rate": 0.6
      },
      {
        "condition": "degradation|replace_short|L29_layer_out",
        "mean_early_delta": 0.5735637187957764,
        "mean_early_effect": 0.5735637187957764,
        "mean_early_fraction": 1.0,
        "mean_final_delta": 1.5801043033599853,
        "mean_final_effect": 1.543333387374878,
        "mean_final_fraction": 0.9790669746450187,
        "mean_patched_pmv": -2.2625,
        "mean_patched_rank": 1.6,
        "mean_pmv_effect": 1.4875,
        "mean_rank_effect": 0.6,
        "n": 5,
        "patched_best_other_route": {
          "continuation": 5
        },
        "patched_top1_rate": 0.4,
        "success_change_rate": 0.6
      },
      {
        "condition": "degradation|replace_short|L30_layer_out",
        "mean_early_delta": 0.5735637187957764,
        "mean_early_effect": 0.0,
        "mean_early_fraction": 0.0,
        "mean_final_delta": 1.5801043033599853,
        "mean_final_effect": 1.593758487701416,
        "mean_final_fraction": 1.0190208499991853,
        "mean_patched_pmv": -2.3,
        "mean_patched_rank": 1.4,
        "mean_pmv_effect": 1.45,
        "mean_rank_effect": 0.4,
        "n": 5,
        "patched_best_other_route": {
          "continuation": 5
        },
        "patched_top1_rate": 0.6,
        "success_change_rate": 0.4
      },
      {
        "condition": "degradation|replace_short|L25_layer_out",
        "mean_early_delta": 0.5735637187957764,
        "mean_early_effect": 0.497325998544693,
        "mean_early_fraction": 0.8499737876794233,
        "mean_final_delta": 1.5801043033599853,
        "mean_final_effect": 1.2833716869354248,
        "mean_final_fraction": 0.8130458304370416,
        "mean_patched_pmv": -2.4375,
        "mean_patched_rank": 1.2,
        "mean_pmv_effect": 1.3125,
        "mean_rank_effect": 0.2,
        "n": 5,
        "patched_best_other_route": {
          "continuation": 5
        },
        "patched_top1_rate": 0.8,
        "success_change_rate": 0.2
      },
      {
        "condition": "degradation|replace_short|L23_layer_out",
        "mean_early_delta": 0.5735637187957764,
        "mean_early_effect": 0.5012713551521302,
        "mean_early_fraction": 0.8770223879609087,
        "mean_final_delta": 1.5801043033599853,
        "mean_final_effect": 1.282674741744995,
        "mean_final_fraction": 0.8202644997835217,
        "mean_patched_pmv": -2.5375,
        "mean_patched_rank": 1.2,
        "mean_pmv_effect": 1.2125,
        "mean_rank_effect": 0.2,
        "n": 5,
        "patched_best_other_route": {
          "continuation": 5
        },
        "patched_top1_rate": 0.8,
        "success_change_rate": 0.2
      },
      {
        "condition": "degradation|replace_short|L26_layer_out",
        "mean_early_delta": 0.5735637187957764,
        "mean_early_effect": 0.5014508306980133,
        "mean_early_fraction": 0.8588447592348387,
        "mean_final_delta": 1.5801043033599853,
        "mean_final_effect": 1.2768489360809325,
        "mean_final_fraction": 0.8086486057231568,
        "mean_patched_pmv": -2.425,
        "mean_patched_rank": 1.2,
        "mean_pmv_effect": 1.325,
        "mean_rank_effect": 0.2,
        "n": 5,
        "patched_best_other_route": {
          "continuation": 5
        },
        "patched_top1_rate": 0.8,
        "success_change_rate": 0.2
      },
      {
        "condition": "degradation|replace_short|L24_layer_out",
        "mean_early_delta": 0.5735637187957764,
        "mean_early_effect": 0.4431075692176819,
        "mean_early_fraction": 0.7425962273103746,
        "mean_final_delta": 1.5801043033599853,
        "mean_final_effect": 1.2062819480895997,
        "mean_final_fraction": 0.7524909887893758,
        "mean_patched_pmv": -2.5125,
        "mean_patched_rank": 1.2,
        "mean_pmv_effect": 1.2375,
        "mean_rank_effect": 0.2,
        "n": 5,
        "patched_best_other_route": {
          "continuation": 5
        },
        "patched_top1_rate": 0.8,
        "success_change_rate": 0.2
      },
      {
        "condition": "degradation|replace_short|L22_layer_out",
        "mean_early_delta": 0.5735637187957764,
        "mean_early_effect": 0.4168376803398132,
        "mean_early_fraction": 0.7421067414688186,
        "mean_final_delta": 1.5801043033599853,
        "mean_final_effect": 1.389124822616577,
        "mean_final_fraction": 0.8834941093512756,
        "mean_patched_pmv": -2.85,
        "mean_patched_rank": 1.0,
        "mean_pmv_effect": 0.9,
        "mean_rank_effect": 0.0,
        "n": 5,
        "patched_best_other_route": {
          "continuation": 5
        },
        "patched_top1_rate": 1.0,
        "success_change_rate": 0.0
      },
      {
        "condition": "degradation|replace_short|L21_layer_out",
        "mean_early_delta": 0.5735637187957764,
        "mean_early_effect": 0.3717286288738251,
        "mean_early_fraction": 0.630701760300704,
        "mean_final_delta": 1.5801043033599853,
        "mean_final_effect": 1.3395881652832031,
        "mean_final_fraction": 0.8505601894231777,
        "mean_patched_pmv": -2.975,
        "mean_patched_rank": 1.0,
        "mean_pmv_effect": 0.775,
        "mean_rank_effect": 0.0,
        "n": 5,
        "patched_best_other_route": {
          "continuation": 5
        },
        "patched_top1_rate": 1.0,
        "success_change_rate": 0.0
      },
      {
        "condition": "degradation|replace_short|L20_layer_out",
        "mean_early_delta": 0.5735637187957764,
        "mean_early_effect": 0.38000274300575254,
        "mean_early_fraction": 0.6553235342100494,
        "mean_final_delta": 1.5801043033599853,
        "mean_final_effect": 1.2682880878448486,
        "mean_final_fraction": 0.8049475529291941,
        "mean_patched_pmv": -3.11875,
        "mean_patched_rank": 1.0,
        "mean_pmv_effect": 0.63125,
        "mean_rank_effect": 0.0,
        "n": 5,
        "patched_best_other_route": {
          "continuation": 5
        },
        "patched_top1_rate": 1.0,
        "success_change_rate": 0.0
      },
      {
        "condition": "degradation|replace_short|L29_mlp_out",
        "mean_early_delta": 0.5735637187957764,
        "mean_early_effect": 0.12185214757919312,
        "mean_early_fraction": 0.24194870419023923,
        "mean_final_delta": 1.5801043033599853,
        "mean_final_effect": 0.270032262802124,
        "mean_final_fraction": 0.15659553263984619,
        "mean_patched_pmv": -3.75,
        "mean_patched_rank": 1.0,
        "mean_pmv_effect": 0.0,
        "mean_rank_effect": 0.0,
        "n": 5,
        "patched_best_other_route": {
          "continuation": 1,
          "prose": 4
        },
        "patched_top1_rate": 1.0,
        "success_change_rate": 0.0
      },
      {
        "condition": "degradation|replace_short|L28_mlp_out",
        "mean_early_delta": 0.5735637187957764,
        "mean_early_effect": 0.09957853555679322,
        "mean_early_fraction": 0.17881070886083833,
        "mean_final_delta": 1.5801043033599853,
        "mean_final_effect": 0.1379925489425659,
        "mean_final_fraction": 0.0746129366026417,
        "mean_patched_pmv": -3.7375,
        "mean_patched_rank": 1.0,
        "mean_pmv_effect": 0.0125,
        "mean_rank_effect": 0.0,
        "n": 5,
        "patched_best_other_route": {
          "continuation": 1,
          "prose": 4
        },
        "patched_top1_rate": 1.0,
        "success_change_rate": 0.0
      },
      {
        "condition": "degradation|replace_short|L29_attn_out",
        "mean_early_delta": 0.5735637187957764,
        "mean_early_effect": 0.2477258563041687,
        "mean_early_fraction": 0.43325544962944973,
        "mean_final_delta": 1.5801043033599853,
        "mean_final_effect": 0.12031307220458984,
        "mean_final_fraction": 0.07863560218142163,
        "mean_patched_pmv": -3.8,
        "mean_patched_rank": 1.0,
        "mean_pmv_effect": -0.05,
        "mean_rank_effect": 0.0,
        "n": 5,
        "patched_best_other_route": {
          "prose": 5
        },
        "patched_top1_rate": 1.0,
        "success_change_rate": 0.0
      },
      {
        "condition": "degradation|replace_short|L28_attn_out",
        "mean_early_delta": 0.5735637187957764,
        "mean_early_effect": -0.0004989027976989747,
        "mean_early_fraction": 0.002700746631573131,
        "mean_final_delta": 1.5801043033599853,
        "mean_final_effect": 0.07986412048339844,
        "mean_final_fraction": 0.04681108293720577,
        "mean_patched_pmv": -3.7875,
        "mean_patched_rank": 1.0,
        "mean_pmv_effect": -0.0375,
        "mean_rank_effect": 0.0,
        "n": 5,
        "patched_best_other_route": {
          "prose": 5
        },
        "patched_top1_rate": 1.0,
        "success_change_rate": 0.0
      },
      {
        "condition": "degradation|replace_short|L30_mlp_out",
        "mean_early_delta": 0.5735637187957764,
        "mean_early_effect": 0.0,
        "mean_early_fraction": 0.0,
        "mean_final_delta": 1.5801043033599853,
        "mean_final_effect": 0.04839303493499756,
        "mean_final_fraction": -0.015200841156875314,
        "mean_patched_pmv": -3.775,
        "mean_patched_rank": 1.0,
        "mean_pmv_effect": -0.025,
        "mean_rank_effect": 0.0,
        "n": 5,
        "patched_best_other_route": {
          "continuation": 2,
          "prose": 3
        },
        "patched_top1_rate": 1.0,
        "success_change_rate": 0.0
      },
      {
        "condition": "degradation|replace_short|L30_attn_out",
        "mean_early_delta": 0.5735637187957764,
        "mean_early_effect": 0.0,
        "mean_early_fraction": 0.0,
        "mean_final_delta": 1.5801043033599853,
        "mean_final_effect": -0.014860057830810547,
        "mean_final_fraction": -0.00197380967625142,
        "mean_patched_pmv": -3.7375,
        "mean_patched_rank": 1.0,
        "mean_pmv_effect": 0.0125,
        "mean_rank_effect": 0.0,
        "n": 5,
        "patched_best_other_route": {
          "prose": 5
        },
        "patched_top1_rate": 1.0,
        "success_change_rate": 0.0
      }
    ],
    "best_restore_conditions": [
      {
        "condition": "restore|add_delta|L21_layer_out",
        "mean_early_delta": 0.5735637187957764,
        "mean_early_effect": 0.6744389414787293,
        "mean_early_fraction": 1.212737652949127,
        "mean_final_delta": 1.5801043033599853,
        "mean_final_effect": 1.6734071016311645,
        "mean_final_fraction": 1.0907322638913466,
        "mean_patched_pmv": -3.55,
        "mean_patched_rank": 1.0,
        "mean_pmv_effect": 1.325,
        "mean_rank_effect": 1.0,
        "n": 5,
        "patched_best_other_route": {
          "continuation": 3,
          "prose": 2
        },
        "patched_top1_rate": 1.0,
        "success_change_rate": 1.0
      },
      {
        "condition": "restore|add_delta|L22_layer_out",
        "mean_early_delta": 0.5735637187957764,
        "mean_early_effect": 0.5798435926437377,
        "mean_early_fraction": 1.0513206088639058,
        "mean_final_delta": 1.5801043033599853,
        "mean_final_effect": 1.5567635536193847,
        "mean_final_fraction": 0.9879728282990594,
        "mean_patched_pmv": -3.5625,
        "mean_patched_rank": 1.0,
        "mean_pmv_effect": 1.3375,
        "mean_rank_effect": 1.0,
        "n": 5,
        "patched_best_other_route": {
          "continuation": 1,
          "prose": 4
        },
        "patched_top1_rate": 1.0,
        "success_change_rate": 1.0
      },
      {
        "condition": "restore|add_delta|L30_layer_out",
        "mean_early_delta": 0.5735637187957764,
        "mean_early_effect": 0.0,
        "mean_early_fraction": 0.0,
        "mean_final_delta": 1.5801043033599853,
        "mean_final_effect": 1.5461069583892821,
        "mean_final_fraction": 0.9723635322966478,
        "mean_patched_pmv": -3.775,
        "mean_patched_rank": 1.0,
        "mean_pmv_effect": 1.55,
        "mean_rank_effect": 1.0,
        "n": 5,
        "patched_best_other_route": {
          "prose": 5
        },
        "patched_top1_rate": 1.0,
        "success_change_rate": 1.0
      },
      {
        "condition": "restore|add_delta|L27_layer_out",
        "mean_early_delta": 0.5735637187957764,
        "mean_early_effect": 0.6130369186401368,
        "mean_early_fraction": 1.0797447170772816,
        "mean_final_delta": 1.5801043033599853,
        "mean_final_effect": 1.5379061698913574,
        "mean_final_fraction": 0.9754318026273004,
        "mean_patched_pmv": -3.875,
        "mean_patched_rank": 1.0,
        "mean_pmv_effect": 1.65,
        "mean_rank_effect": 1.0,
        "n": 5,
        "patched_best_other_route": {
          "continuation": 1,
          "prose": 4
        },
        "patched_top1_rate": 1.0,
        "success_change_rate": 1.0
      },
      {
        "condition": "restore|add_delta|L29_layer_out",
        "mean_early_delta": 0.5735637187957764,
        "mean_early_effect": 0.5739205956459046,
        "mean_early_fraction": 1.0006569449818241,
        "mean_final_delta": 1.5801043033599853,
        "mean_final_effect": 1.5297123432159423,
        "mean_final_fraction": 0.9617200859303822,
        "mean_patched_pmv": -3.775,
        "mean_patched_rank": 1.0,
        "mean_pmv_effect": 1.55,
        "mean_rank_effect": 1.0,
        "n": 5,
        "patched_best_other_route": {
          "prose": 5
        },
        "patched_top1_rate": 1.0,
        "success_change_rate": 1.0
      },
      {
        "condition": "restore|add_delta|L28_layer_out",
        "mean_early_delta": 0.5735637187957764,
        "mean_early_effect": 0.572532343864441,
        "mean_early_fraction": 0.9970322512329934,
        "mean_final_delta": 1.5801043033599853,
        "mean_final_effect": 1.5226923942565918,
        "mean_final_fraction": 0.954792941289066,
        "mean_patched_pmv": -3.775,
        "mean_patched_rank": 1.0,
        "mean_pmv_effect": 1.55,
        "mean_rank_effect": 1.0,
        "n": 5,
        "patched_best_other_route": {
          "continuation": 1,
          "prose": 4
        },
        "patched_top1_rate": 1.0,
        "success_change_rate": 1.0
      },
      {
        "condition": "restore|add_delta|L23_layer_out",
        "mean_early_delta": 0.5735637187957764,
        "mean_early_effect": 0.5963766813278198,
        "mean_early_fraction": 1.0563286817795898,
        "mean_final_delta": 1.5801043033599853,
        "mean_final_effect": 1.4510581016540527,
        "mean_final_fraction": 0.927293227915978,
        "mean_patched_pmv": -3.7625,
        "mean_patched_rank": 1.0,
        "mean_pmv_effect": 1.5375,
        "mean_rank_effect": 1.0,
        "n": 5,
        "patched_best_other_route": {
          "continuation": 1,
          "prose": 4
        },
        "patched_top1_rate": 1.0,
        "success_change_rate": 1.0
      },
      {
        "condition": "restore|add_delta|L25_layer_out",
        "mean_early_delta": 0.5735637187957764,
        "mean_early_effect": 0.5550979137420654,
        "mean_early_fraction": 0.978648183938164,
        "mean_final_delta": 1.5801043033599853,
        "mean_final_effect": 1.3995846509933472,
        "mean_final_fraction": 0.8921598489241743,
        "mean_patched_pmv": -3.8,
        "mean_patched_rank": 1.0,
        "mean_pmv_effect": 1.575,
        "mean_rank_effect": 1.0,
        "n": 5,
        "patched_best_other_route": {
          "continuation": 1,
          "prose": 4
        },
        "patched_top1_rate": 1.0,
        "success_change_rate": 1.0
      },
      {
        "condition": "restore|add_delta|L26_layer_out",
        "mean_early_delta": 0.5735637187957764,
        "mean_early_effect": 0.5422900676727295,
        "mean_early_fraction": 0.9466522932787569,
        "mean_final_delta": 1.5801043033599853,
        "mean_final_effect": 1.3981186389923095,
        "mean_final_fraction": 0.8857452659863885,
        "mean_patched_pmv": -3.8,
        "mean_patched_rank": 1.0,
        "mean_pmv_effect": 1.575,
        "mean_rank_effect": 1.0,
        "n": 5,
        "patched_best_other_route": {
          "continuation": 1,
          "prose": 4
        },
        "patched_top1_rate": 1.0,
        "success_change_rate": 1.0
      },
      {
        "condition": "restore|add_delta|L20_layer_out",
        "mean_early_delta": 0.5735637187957764,
        "mean_early_effect": 0.5991528749465942,
        "mean_early_fraction": 1.0601161275151352,
        "mean_final_delta": 1.5801043033599853,
        "mean_final_effect": 1.3673843741416931,
        "mean_final_fraction": 0.873444188543235,
        "mean_patched_pmv": -3.2875,
        "mean_patched_rank": 1.0,
        "mean_pmv_effect": 1.0625,
        "mean_rank_effect": 1.0,
        "n": 5,
        "patched_best_other_route": {
          "continuation": 4,
          "prose": 1
        },
        "patched_top1_rate": 1.0,
        "success_change_rate": 1.0
      },
      {
        "condition": "restore|add_delta|L24_layer_out",
        "mean_early_delta": 0.5735637187957764,
        "mean_early_effect": 0.5481995224952698,
        "mean_early_fraction": 0.9628028760561748,
        "mean_final_delta": 1.5801043033599853,
        "mean_final_effect": 1.3418050527572631,
        "mean_final_fraction": 0.8516057161579826,
        "mean_patched_pmv": -3.75,
        "mean_patched_rank": 1.0,
        "mean_pmv_effect": 1.525,
        "mean_rank_effect": 1.0,
        "n": 5,
        "patched_best_other_route": {
          "continuation": 1,
          "prose": 4
        },
        "patched_top1_rate": 1.0,
        "success_change_rate": 1.0
      },
      {
        "condition": "restore|add_delta|L29_mlp_out",
        "mean_early_delta": 0.5735637187957764,
        "mean_early_effect": 0.12403043508529663,
        "mean_early_fraction": 0.24691503451338992,
        "mean_final_delta": 1.5801043033599853,
        "mean_final_effect": 0.2957061767578125,
        "mean_final_fraction": 0.1740260236021305,
        "mean_patched_pmv": -2.325,
        "mean_patched_rank": 1.4,
        "mean_pmv_effect": 0.1,
        "mean_rank_effect": 0.6,
        "n": 5,
        "patched_best_other_route": {
          "continuation": 5
        },
        "patched_top1_rate": 0.6,
        "success_change_rate": 0.6
      },
      {
        "condition": "restore|add_delta|L28_mlp_out",
        "mean_early_delta": 0.5735637187957764,
        "mean_early_effect": 0.07960525751113892,
        "mean_early_fraction": 0.14995767335098426,
        "mean_final_delta": 1.5801043033599853,
        "mean_final_effect": 0.14060559272766113,
        "mean_final_fraction": 0.08789406366012223,
        "mean_patched_pmv": -2.375,
        "mean_patched_rank": 1.4,
        "mean_pmv_effect": 0.15,
        "mean_rank_effect": 0.6,
        "n": 5,
        "patched_best_other_route": {
          "continuation": 5
        },
        "patched_top1_rate": 0.6,
        "success_change_rate": 0.6
      },
      {
        "condition": "restore|add_delta|L30_mlp_out",
        "mean_early_delta": 0.5735637187957764,
        "mean_early_effect": 0.0,
        "mean_early_fraction": 0.0,
        "mean_final_delta": 1.5801043033599853,
        "mean_final_effect": 0.04026179313659668,
        "mean_final_fraction": -0.013368806540206214,
        "mean_patched_pmv": -2.275,
        "mean_patched_rank": 1.4,
        "mean_pmv_effect": 0.05,
        "mean_rank_effect": 0.6,
        "n": 5,
        "patched_best_other_route": {
          "continuation": 5
        },
        "patched_top1_rate": 0.6,
        "success_change_rate": 0.6
      },
      {
        "condition": "restore|add_delta|L29_attn_out",
        "mean_early_delta": 0.5735637187957764,
        "mean_early_effect": 0.25380992889404297,
        "mean_early_fraction": 0.4463373310818429,
        "mean_final_delta": 1.5801043033599853,
        "mean_final_effect": 0.2581939220428467,
        "mean_final_fraction": 0.1702660578420894,
        "mean_patched_pmv": -2.325,
        "mean_patched_rank": 1.6,
        "mean_pmv_effect": 0.1,
        "mean_rank_effect": 0.4,
        "n": 5,
        "patched_best_other_route": {
          "continuation": 5
        },
        "patched_top1_rate": 0.4,
        "success_change_rate": 0.4
      },
      {
        "condition": "restore|add_delta|L30_attn_out",
        "mean_early_delta": 0.5735637187957764,
        "mean_early_effect": 0.0,
        "mean_early_fraction": 0.0,
        "mean_final_delta": 1.5801043033599853,
        "mean_final_effect": 0.03741369247436523,
        "mean_final_fraction": 0.025058244190972422,
        "mean_patched_pmv": -2.2875,
        "mean_patched_rank": 1.8,
        "mean_pmv_effect": 0.0625,
        "mean_rank_effect": 0.2,
        "n": 5,
        "patched_best_other_route": {
          "continuation": 5
        },
        "patched_top1_rate": 0.2,
        "success_change_rate": 0.2
      },
      {
        "condition": "restore|add_delta|L28_attn_out",
        "mean_early_delta": 0.5735637187957764,
        "mean_early_effect": -0.019712623953819276,
        "mean_early_fraction": -0.047363784255276126,
        "mean_final_delta": 1.5801043033599853,
        "mean_final_effect": 0.05418496131896973,
        "mean_final_fraction": 0.020159818085113836,
        "mean_patched_pmv": -2.25,
        "mean_patched_rank": 2.0,
        "mean_pmv_effect": 0.025,
        "mean_rank_effect": 0.0,
        "n": 5,
        "patched_best_other_route": {
          "continuation": 5
        },
        "patched_top1_rate": 0.0,
        "success_change_rate": 0.0
      }
    ],
    "by_condition": {
      "degradation|random_same_norm|L20_layer_out": {
        "mean_early_delta": 0.5735637187957764,
        "mean_early_effect": 0.10654687881469727,
        "mean_early_fraction": 0.17252163621775632,
        "mean_final_delta": 1.5801043033599853,
        "mean_final_effect": 0.31896817684173584,
        "mean_final_fraction": 0.26286268003539415,
        "mean_patched_pmv": -4.0875,
        "mean_patched_rank": 1.0,
        "mean_pmv_effect": -0.3375,
        "mean_rank_effect": 0.0,
        "n": 5,
        "patched_best_other_route": {
          "continuation": 1,
          "prose": 4
        },
        "patched_top1_rate": 1.0,
        "success_change_rate": 0.0
      },
      "degradation|random_same_norm|L21_layer_out": {
        "mean_early_delta": 0.5735637187957764,
        "mean_early_effect": -0.023640811443328857,
        "mean_early_fraction": -0.17711219665390554,
        "mean_final_delta": 1.5801043033599853,
        "mean_final_effect": -0.09877952337265014,
        "mean_final_fraction": -0.04045579725685454,
        "mean_patched_pmv": -3.65,
        "mean_patched_rank": 1.0,
        "mean_pmv_effect": 0.1,
        "mean_rank_effect": 0.0,
        "n": 5,
        "patched_best_other_route": {
          "continuation": 1,
          "prose": 4
        },
        "patched_top1_rate": 1.0,
        "success_change_rate": 0.0
      },
      "degradation|random_same_norm|L22_layer_out": {
        "mean_early_delta": 0.5735637187957764,
        "mean_early_effect": -0.0029707074165344237,
        "mean_early_fraction": -0.11205820478552933,
        "mean_final_delta": 1.5801043033599853,
        "mean_final_effect": 0.08027857542037964,
        "mean_final_fraction": 0.14109782118362224,
        "mean_patched_pmv": -3.3875,
        "mean_patched_rank": 1.2,
        "mean_pmv_effect": 0.3625,
        "mean_rank_effect": 0.2,
        "n": 5,
        "patched_best_other_route": {
          "prose": 5
        },
        "patched_top1_rate": 0.8,
        "success_change_rate": 0.2
      },
      "degradation|random_same_norm|L23_layer_out": {
        "mean_early_delta": 0.5735637187957764,
        "mean_early_effect": 0.26201109290122987,
        "mean_early_fraction": 0.4897029732066732,
        "mean_final_delta": 1.5801043033599853,
        "mean_final_effect": 0.2847058057785034,
        "mean_final_fraction": 0.15180955117711975,
        "mean_patched_pmv": -3.3875,
        "mean_patched_rank": 1.2,
        "mean_pmv_effect": 0.3625,
        "mean_rank_effect": 0.2,
        "n": 5,
        "patched_best_other_route": {
          "prose": 5
        },
        "patched_top1_rate": 0.8,
        "success_change_rate": 0.2
      },
      "degradation|random_same_norm|L24_layer_out": {
        "mean_early_delta": 0.5735637187957764,
        "mean_early_effect": 0.28062167167663576,
        "mean_early_fraction": 0.309086852589418,
        "mean_final_delta": 1.5801043033599853,
        "mean_final_effect": 0.32943501472473147,
        "mean_final_fraction": 0.23094830493634083,
        "mean_patched_pmv": -3.5875,
        "mean_patched_rank": 1.0,
        "mean_pmv_effect": 0.1625,
        "mean_rank_effect": 0.0,
        "n": 5,
        "patched_best_other_route": {
          "continuation": 1,
          "prose": 4
        },
        "patched_top1_rate": 1.0,
        "success_change_rate": 0.0
      },
      "degradation|random_same_norm|L25_layer_out": {
        "mean_early_delta": 0.5735637187957764,
        "mean_early_effect": 0.19972959756851197,
        "mean_early_fraction": 0.41444630170586283,
        "mean_final_delta": 1.5801043033599853,
        "mean_final_effect": 0.21729435920715331,
        "mean_final_fraction": 0.0619122938763258,
        "mean_patched_pmv": -3.8875,
        "mean_patched_rank": 1.0,
        "mean_pmv_effect": -0.1375,
        "mean_rank_effect": 0.0,
        "n": 5,
        "patched_best_other_route": {
          "prose": 5
        },
        "patched_top1_rate": 1.0,
        "success_change_rate": 0.0
      },
      "degradation|random_same_norm|L26_layer_out": {
        "mean_early_delta": 0.5735637187957764,
        "mean_early_effect": 0.17512818574905395,
        "mean_early_fraction": 0.45565721262135517,
        "mean_final_delta": 1.5801043033599853,
        "mean_final_effect": 0.00514063835144043,
        "mean_final_fraction": 0.044529560927482455,
        "mean_patched_pmv": -3.8625,
        "mean_patched_rank": 1.2,
        "mean_pmv_effect": -0.1125,
        "mean_rank_effect": 0.2,
        "n": 5,
        "patched_best_other_route": {
          "continuation": 1,
          "prose": 4
        },
        "patched_top1_rate": 0.8,
        "success_change_rate": 0.2
      },
      "degradation|random_same_norm|L27_layer_out": {
        "mean_early_delta": 0.5735637187957764,
        "mean_early_effect": 0.17589594125747682,
        "mean_early_fraction": 0.4569474486938295,
        "mean_final_delta": 1.5801043033599853,
        "mean_final_effect": 0.17342557907104492,
        "mean_final_fraction": 0.08781388673584466,
        "mean_patched_pmv": -3.525,
        "mean_patched_rank": 1.0,
        "mean_pmv_effect": 0.225,
        "mean_rank_effect": 0.0,
        "n": 5,
        "patched_best_other_route": {
          "prose": 5
        },
        "patched_top1_rate": 1.0,
        "success_change_rate": 0.0
      },
      "degradation|random_same_norm|L28_attn_out": {
        "mean_early_delta": 0.5735637187957764,
        "mean_early_effect": 0.004059529304504395,
        "mean_early_fraction": 0.006353553673462969,
        "mean_final_delta": 1.5801043033599853,
        "mean_final_effect": -0.05050106048583984,
        "mean_final_fraction": -0.034841385696080814,
        "mean_patched_pmv": -3.7625,
        "mean_patched_rank": 1.0,
        "mean_pmv_effect": -0.0125,
        "mean_rank_effect": 0.0,
        "n": 5,
        "patched_best_other_route": {
          "prose": 5
        },
        "patched_top1_rate": 1.0,
        "success_change_rate": 0.0
      },
      "degradation|random_same_norm|L28_layer_out": {
        "mean_early_delta": 0.5735637187957764,
        "mean_early_effect": 0.05583984851837158,
        "mean_early_fraction": 0.09020220986016192,
        "mean_final_delta": 1.5801043033599853,
        "mean_final_effect": -0.26255050897598264,
        "mean_final_fraction": -0.19694912228014474,
        "mean_patched_pmv": -3.775,
        "mean_patched_rank": 1.0,
        "mean_pmv_effect": -0.025,
        "mean_rank_effect": 0.0,
        "n": 5,
        "patched_best_other_route": {
          "prose": 5
        },
        "patched_top1_rate": 1.0,
        "success_change_rate": 0.0
      },
      "degradation|random_same_norm|L28_mlp_out": {
        "mean_early_delta": 0.5735637187957764,
        "mean_early_effect": 0.014560508728027343,
        "mean_early_fraction": 0.02562541998937744,
        "mean_final_delta": 1.5801043033599853,
        "mean_final_effect": -0.04752128124237061,
        "mean_final_fraction": -0.02625655985962417,
        "mean_patched_pmv": -3.7875,
        "mean_patched_rank": 1.0,
        "mean_pmv_effect": -0.0375,
        "mean_rank_effect": 0.0,
        "n": 5,
        "patched_best_other_route": {
          "prose": 5
        },
        "patched_top1_rate": 1.0,
        "success_change_rate": 0.0
      },
      "degradation|random_same_norm|L29_attn_out": {
        "mean_early_delta": 0.5735637187957764,
        "mean_early_effect": -0.016216766834259034,
        "mean_early_fraction": -0.033549737641695956,
        "mean_final_delta": 1.5801043033599853,
        "mean_final_effect": 0.003325080871582031,
        "mean_final_fraction": 0.019209177426326194,
        "mean_patched_pmv": -3.7625,
        "mean_patched_rank": 1.0,
        "mean_pmv_effect": -0.0125,
        "mean_rank_effect": 0.0,
        "n": 5,
        "patched_best_other_route": {
          "prose": 5
        },
        "patched_top1_rate": 1.0,
        "success_change_rate": 0.0
      },
      "degradation|random_same_norm|L29_layer_out": {
        "mean_early_delta": 0.5735637187957764,
        "mean_early_effect": 0.00561026930809021,
        "mean_early_fraction": 0.03741527568208712,
        "mean_final_delta": 1.5801043033599853,
        "mean_final_effect": 0.180316162109375,
        "mean_final_fraction": 0.16942937511904752,
        "mean_patched_pmv": -3.7125,
        "mean_patched_rank": 1.0,
        "mean_pmv_effect": 0.0375,
        "mean_rank_effect": 0.0,
        "n": 5,
        "patched_best_other_route": {
          "prose": 5
        },
        "patched_top1_rate": 1.0,
        "success_change_rate": 0.0
      },
      "degradation|random_same_norm|L29_mlp_out": {
        "mean_early_delta": 0.5735637187957764,
        "mean_early_effect": 0.00028125643730163573,
        "mean_early_fraction": 0.008299945592214536,
        "mean_final_delta": 1.5801043033599853,
        "mean_final_effect": 0.08827078342437744,
        "mean_final_fraction": 0.07173529749789485,
        "mean_patched_pmv": -3.7625,
        "mean_patched_rank": 1.0,
        "mean_pmv_effect": -0.0125,
        "mean_rank_effect": 0.0,
        "n": 5,
        "patched_best_other_route": {
          "prose": 5
        },
        "patched_top1_rate": 1.0,
        "success_change_rate": 0.0
      },
      "degradation|random_same_norm|L30_attn_out": {
        "mean_early_delta": 0.5735637187957764,
        "mean_early_effect": 0.0,
        "mean_early_fraction": 0.0,
        "mean_final_delta": 1.5801043033599853,
        "mean_final_effect": -0.008568644523620605,
        "mean_final_fraction": -0.0006334914838627005,
        "mean_patched_pmv": -3.775,
        "mean_patched_rank": 1.0,
        "mean_pmv_effect": -0.025,
        "mean_rank_effect": 0.0,
        "n": 5,
        "patched_best_other_route": {
          "prose": 5
        },
        "patched_top1_rate": 1.0,
        "success_change_rate": 0.0
      },
      "degradation|random_same_norm|L30_layer_out": {
        "mean_early_delta": 0.5735637187957764,
        "mean_early_effect": 0.0,
        "mean_early_fraction": 0.0,
        "mean_final_delta": 1.5801043033599853,
        "mean_final_effect": -0.1454727530479431,
        "mean_final_fraction": -0.10141116692488031,
        "mean_patched_pmv": -3.7625,
        "mean_patched_rank": 1.0,
        "mean_pmv_effect": -0.0125,
        "mean_rank_effect": 0.0,
        "n": 5,
        "patched_best_other_route": {
          "continuation": 1,
          "prose": 4
        },
        "patched_top1_rate": 1.0,
        "success_change_rate": 0.0
      },
      "degradation|random_same_norm|L30_mlp_out": {
        "mean_early_delta": 0.5735637187957764,
        "mean_early_effect": 0.0,
        "mean_early_fraction": 0.0,
        "mean_final_delta": 1.5801043033599853,
        "mean_final_effect": -0.020813047885894775,
        "mean_final_fraction": -0.017776268687986457,
        "mean_patched_pmv": -3.775,
        "mean_patched_rank": 1.0,
        "mean_pmv_effect": -0.025,
        "mean_rank_effect": 0.0,
        "n": 5,
        "patched_best_other_route": {
          "prose": 5
        },
        "patched_top1_rate": 1.0,
        "success_change_rate": 0.0
      },
      "degradation|replace_short|L20_layer_out": {
        "mean_early_delta": 0.5735637187957764,
        "mean_early_effect": 0.38000274300575254,
        "mean_early_fraction": 0.6553235342100494,
        "mean_final_delta": 1.5801043033599853,
        "mean_final_effect": 1.2682880878448486,
        "mean_final_fraction": 0.8049475529291941,
        "mean_patched_pmv": -3.11875,
        "mean_patched_rank": 1.0,
        "mean_pmv_effect": 0.63125,
        "mean_rank_effect": 0.0,
        "n": 5,
        "patched_best_other_route": {
          "continuation": 5
        },
        "patched_top1_rate": 1.0,
        "success_change_rate": 0.0
      },
      "degradation|replace_short|L21_layer_out": {
        "mean_early_delta": 0.5735637187957764,
        "mean_early_effect": 0.3717286288738251,
        "mean_early_fraction": 0.630701760300704,
        "mean_final_delta": 1.5801043033599853,
        "mean_final_effect": 1.3395881652832031,
        "mean_final_fraction": 0.8505601894231777,
        "mean_patched_pmv": -2.975,
        "mean_patched_rank": 1.0,
        "mean_pmv_effect": 0.775,
        "mean_rank_effect": 0.0,
        "n": 5,
        "patched_best_other_route": {
          "continuation": 5
        },
        "patched_top1_rate": 1.0,
        "success_change_rate": 0.0
      },
      "degradation|replace_short|L22_layer_out": {
        "mean_early_delta": 0.5735637187957764,
        "mean_early_effect": 0.4168376803398132,
        "mean_early_fraction": 0.7421067414688186,
        "mean_final_delta": 1.5801043033599853,
        "mean_final_effect": 1.389124822616577,
        "mean_final_fraction": 0.8834941093512756,
        "mean_patched_pmv": -2.85,
        "mean_patched_rank": 1.0,
        "mean_pmv_effect": 0.9,
        "mean_rank_effect": 0.0,
        "n": 5,
        "patched_best_other_route": {
          "continuation": 5
        },
        "patched_top1_rate": 1.0,
        "success_change_rate": 0.0
      },
      "degradation|replace_short|L23_layer_out": {
        "mean_early_delta": 0.5735637187957764,
        "mean_early_effect": 0.5012713551521302,
        "mean_early_fraction": 0.8770223879609087,
        "mean_final_delta": 1.5801043033599853,
        "mean_final_effect": 1.282674741744995,
        "mean_final_fraction": 0.8202644997835217,
        "mean_patched_pmv": -2.5375,
        "mean_patched_rank": 1.2,
        "mean_pmv_effect": 1.2125,
        "mean_rank_effect": 0.2,
        "n": 5,
        "patched_best_other_route": {
          "continuation": 5
        },
        "patched_top1_rate": 0.8,
        "success_change_rate": 0.2
      },
      "degradation|replace_short|L24_layer_out": {
        "mean_early_delta": 0.5735637187957764,
        "mean_early_effect": 0.4431075692176819,
        "mean_early_fraction": 0.7425962273103746,
        "mean_final_delta": 1.5801043033599853,
        "mean_final_effect": 1.2062819480895997,
        "mean_final_fraction": 0.7524909887893758,
        "mean_patched_pmv": -2.5125,
        "mean_patched_rank": 1.2,
        "mean_pmv_effect": 1.2375,
        "mean_rank_effect": 0.2,
        "n": 5,
        "patched_best_other_route": {
          "continuation": 5
        },
        "patched_top1_rate": 0.8,
        "success_change_rate": 0.2
      },
      "degradation|replace_short|L25_layer_out": {
        "mean_early_delta": 0.5735637187957764,
        "mean_early_effect": 0.497325998544693,
        "mean_early_fraction": 0.8499737876794233,
        "mean_final_delta": 1.5801043033599853,
        "mean_final_effect": 1.2833716869354248,
        "mean_final_fraction": 0.8130458304370416,
        "mean_patched_pmv": -2.4375,
        "mean_patched_rank": 1.2,
        "mean_pmv_effect": 1.3125,
        "mean_rank_effect": 0.2,
        "n": 5,
        "patched_best_other_route": {
          "continuation": 5
        },
        "patched_top1_rate": 0.8,
        "success_change_rate": 0.2
      },
      "degradation|replace_short|L26_layer_out": {
        "mean_early_delta": 0.5735637187957764,
        "mean_early_effect": 0.5014508306980133,
        "mean_early_fraction": 0.8588447592348387,
        "mean_final_delta": 1.5801043033599853,
        "mean_final_effect": 1.2768489360809325,
        "mean_final_fraction": 0.8086486057231568,
        "mean_patched_pmv": -2.425,
        "mean_patched_rank": 1.2,
        "mean_pmv_effect": 1.325,
        "mean_rank_effect": 0.2,
        "n": 5,
        "patched_best_other_route": {
          "continuation": 5
        },
        "patched_top1_rate": 0.8,
        "success_change_rate": 0.2
      },
      "degradation|replace_short|L27_layer_out": {
        "mean_early_delta": 0.5735637187957764,
        "mean_early_effect": 0.5823836177587509,
        "mean_early_fraction": 1.00607735803908,
        "mean_final_delta": 1.5801043033599853,
        "mean_final_effect": 1.5538652896881104,
        "mean_final_fraction": 0.9977455052016817,
        "mean_patched_pmv": -2.1875,
        "mean_patched_rank": 1.6,
        "mean_pmv_effect": 1.5625,
        "mean_rank_effect": 0.6,
        "n": 5,
        "patched_best_other_route": {
          "continuation": 5
        },
        "patched_top1_rate": 0.4,
        "success_change_rate": 0.6
      },
      "degradation|replace_short|L28_attn_out": {
        "mean_early_delta": 0.5735637187957764,
        "mean_early_effect": -0.0004989027976989747,
        "mean_early_fraction": 0.002700746631573131,
        "mean_final_delta": 1.5801043033599853,
        "mean_final_effect": 0.07986412048339844,
        "mean_final_fraction": 0.04681108293720577,
        "mean_patched_pmv": -3.7875,
        "mean_patched_rank": 1.0,
        "mean_pmv_effect": -0.0375,
        "mean_rank_effect": 0.0,
        "n": 5,
        "patched_best_other_route": {
          "prose": 5
        },
        "patched_top1_rate": 1.0,
        "success_change_rate": 0.0
      },
      "degradation|replace_short|L28_layer_out": {
        "mean_early_delta": 0.5735637187957764,
        "mean_early_effect": 0.5640528649091721,
        "mean_early_fraction": 0.9807453409238029,
        "mean_final_delta": 1.5801043033599853,
        "mean_final_effect": 1.5450028896331787,
        "mean_final_fraction": 0.9817997007418618,
        "mean_patched_pmv": -2.2625,
        "mean_patched_rank": 1.6,
        "mean_pmv_effect": 1.4875,
        "mean_rank_effect": 0.6,
        "n": 5,
        "patched_best_other_route": {
          "continuation": 5
        },
        "patched_top1_rate": 0.4,
        "success_change_rate": 0.6
      },
      "degradation|replace_short|L28_mlp_out": {
        "mean_early_delta": 0.5735637187957764,
        "mean_early_effect": 0.09957853555679322,
        "mean_early_fraction": 0.17881070886083833,
        "mean_final_delta": 1.5801043033599853,
        "mean_final_effect": 0.1379925489425659,
        "mean_final_fraction": 0.0746129366026417,
        "mean_patched_pmv": -3.7375,
        "mean_patched_rank": 1.0,
        "mean_pmv_effect": 0.0125,
        "mean_rank_effect": 0.0,
        "n": 5,
        "patched_best_other_route": {
          "continuation": 1,
          "prose": 4
        },
        "patched_top1_rate": 1.0,
        "success_change_rate": 0.0
      },
      "degradation|replace_short|L29_attn_out": {
        "mean_early_delta": 0.5735637187957764,
        "mean_early_effect": 0.2477258563041687,
        "mean_early_fraction": 0.43325544962944973,
        "mean_final_delta": 1.5801043033599853,
        "mean_final_effect": 0.12031307220458984,
        "mean_final_fraction": 0.07863560218142163,
        "mean_patched_pmv": -3.8,
        "mean_patched_rank": 1.0,
        "mean_pmv_effect": -0.05,
        "mean_rank_effect": 0.0,
        "n": 5,
        "patched_best_other_route": {
          "prose": 5
        },
        "patched_top1_rate": 1.0,
        "success_change_rate": 0.0
      },
      "degradation|replace_short|L29_layer_out": {
        "mean_early_delta": 0.5735637187957764,
        "mean_early_effect": 0.5735637187957764,
        "mean_early_fraction": 1.0,
        "mean_final_delta": 1.5801043033599853,
        "mean_final_effect": 1.543333387374878,
        "mean_final_fraction": 0.9790669746450187,
        "mean_patched_pmv": -2.2625,
        "mean_patched_rank": 1.6,
        "mean_pmv_effect": 1.4875,
        "mean_rank_effect": 0.6,
        "n": 5,
        "patched_best_other_route": {
          "continuation": 5
        },
        "patched_top1_rate": 0.4,
        "success_change_rate": 0.6
      },
      "degradation|replace_short|L29_mlp_out": {
        "mean_early_delta": 0.5735637187957764,
        "mean_early_effect": 0.12185214757919312,
        "mean_early_fraction": 0.24194870419023923,
        "mean_final_delta": 1.5801043033599853,
        "mean_final_effect": 0.270032262802124,
        "mean_final_fraction": 0.15659553263984619,
        "mean_patched_pmv": -3.75,
        "mean_patched_rank": 1.0,
        "mean_pmv_effect": 0.0,
        "mean_rank_effect": 0.0,
        "n": 5,
        "patched_best_other_route": {
          "continuation": 1,
          "prose": 4
        },
        "patched_top1_rate": 1.0,
        "success_change_rate": 0.0
      },
      "degradation|replace_short|L30_attn_out": {
        "mean_early_delta": 0.5735637187957764,
        "mean_early_effect": 0.0,
        "mean_early_fraction": 0.0,
        "mean_final_delta": 1.5801043033599853,
        "mean_final_effect": -0.014860057830810547,
        "mean_final_fraction": -0.00197380967625142,
        "mean_patched_pmv": -3.7375,
        "mean_patched_rank": 1.0,
        "mean_pmv_effect": 0.0125,
        "mean_rank_effect": 0.0,
        "n": 5,
        "patched_best_other_route": {
          "prose": 5
        },
        "patched_top1_rate": 1.0,
        "success_change_rate": 0.0
      },
      "degradation|replace_short|L30_layer_out": {
        "mean_early_delta": 0.5735637187957764,
        "mean_early_effect": 0.0,
        "mean_early_fraction": 0.0,
        "mean_final_delta": 1.5801043033599853,
        "mean_final_effect": 1.593758487701416,
        "mean_final_fraction": 1.0190208499991853,
        "mean_patched_pmv": -2.3,
        "mean_patched_rank": 1.4,
        "mean_pmv_effect": 1.45,
        "mean_rank_effect": 0.4,
        "n": 5,
        "patched_best_other_route": {
          "continuation": 5
        },
        "patched_top1_rate": 0.6,
        "success_change_rate": 0.4
      },
      "degradation|replace_short|L30_mlp_out": {
        "mean_early_delta": 0.5735637187957764,
        "mean_early_effect": 0.0,
        "mean_early_fraction": 0.0,
        "mean_final_delta": 1.5801043033599853,
        "mean_final_effect": 0.04839303493499756,
        "mean_final_fraction": -0.015200841156875314,
        "mean_patched_pmv": -3.775,
        "mean_patched_rank": 1.0,
        "mean_pmv_effect": -0.025,
        "mean_rank_effect": 0.0,
        "n": 5,
        "patched_best_other_route": {
          "continuation": 2,
          "prose": 3
        },
        "patched_top1_rate": 1.0,
        "success_change_rate": 0.0
      },
      "restore|add_delta|L20_layer_out": {
        "mean_early_delta": 0.5735637187957764,
        "mean_early_effect": 0.5991528749465942,
        "mean_early_fraction": 1.0601161275151352,
        "mean_final_delta": 1.5801043033599853,
        "mean_final_effect": 1.3673843741416931,
        "mean_final_fraction": 0.873444188543235,
        "mean_patched_pmv": -3.2875,
        "mean_patched_rank": 1.0,
        "mean_pmv_effect": 1.0625,
        "mean_rank_effect": 1.0,
        "n": 5,
        "patched_best_other_route": {
          "continuation": 4,
          "prose": 1
        },
        "patched_top1_rate": 1.0,
        "success_change_rate": 1.0
      },
      "restore|add_delta|L21_layer_out": {
        "mean_early_delta": 0.5735637187957764,
        "mean_early_effect": 0.6744389414787293,
        "mean_early_fraction": 1.212737652949127,
        "mean_final_delta": 1.5801043033599853,
        "mean_final_effect": 1.6734071016311645,
        "mean_final_fraction": 1.0907322638913466,
        "mean_patched_pmv": -3.55,
        "mean_patched_rank": 1.0,
        "mean_pmv_effect": 1.325,
        "mean_rank_effect": 1.0,
        "n": 5,
        "patched_best_other_route": {
          "continuation": 3,
          "prose": 2
        },
        "patched_top1_rate": 1.0,
        "success_change_rate": 1.0
      },
      "restore|add_delta|L22_layer_out": {
        "mean_early_delta": 0.5735637187957764,
        "mean_early_effect": 0.5798435926437377,
        "mean_early_fraction": 1.0513206088639058,
        "mean_final_delta": 1.5801043033599853,
        "mean_final_effect": 1.5567635536193847,
        "mean_final_fraction": 0.9879728282990594,
        "mean_patched_pmv": -3.5625,
        "mean_patched_rank": 1.0,
        "mean_pmv_effect": 1.3375,
        "mean_rank_effect": 1.0,
        "n": 5,
        "patched_best_other_route": {
          "continuation": 1,
          "prose": 4
        },
        "patched_top1_rate": 1.0,
        "success_change_rate": 1.0
      },
      "restore|add_delta|L23_layer_out": {
        "mean_early_delta": 0.5735637187957764,
        "mean_early_effect": 0.5963766813278198,
        "mean_early_fraction": 1.0563286817795898,
        "mean_final_delta": 1.5801043033599853,
        "mean_final_effect": 1.4510581016540527,
        "mean_final_fraction": 0.927293227915978,
        "mean_patched_pmv": -3.7625,
        "mean_patched_rank": 1.0,
        "mean_pmv_effect": 1.5375,
        "mean_rank_effect": 1.0,
        "n": 5,
        "patched_best_other_route": {
          "continuation": 1,
          "prose": 4
        },
        "patched_top1_rate": 1.0,
        "success_change_rate": 1.0
      },
      "restore|add_delta|L24_layer_out": {
        "mean_early_delta": 0.5735637187957764,
        "mean_early_effect": 0.5481995224952698,
        "mean_early_fraction": 0.9628028760561748,
        "mean_final_delta": 1.5801043033599853,
        "mean_final_effect": 1.3418050527572631,
        "mean_final_fraction": 0.8516057161579826,
        "mean_patched_pmv": -3.75,
        "mean_patched_rank": 1.0,
        "mean_pmv_effect": 1.525,
        "mean_rank_effect": 1.0,
        "n": 5,
        "patched_best_other_route": {
          "continuation": 1,
          "prose": 4
        },
        "patched_top1_rate": 1.0,
        "success_change_rate": 1.0
      },
      "restore|add_delta|L25_layer_out": {
        "mean_early_delta": 0.5735637187957764,
        "mean_early_effect": 0.5550979137420654,
        "mean_early_fraction": 0.978648183938164,
        "mean_final_delta": 1.5801043033599853,
        "mean_final_effect": 1.3995846509933472,
        "mean_final_fraction": 0.8921598489241743,
        "mean_patched_pmv": -3.8,
        "mean_patched_rank": 1.0,
        "mean_pmv_effect": 1.575,
        "mean_rank_effect": 1.0,
        "n": 5,
        "patched_best_other_route": {
          "continuation": 1,
          "prose": 4
        },
        "patched_top1_rate": 1.0,
        "success_change_rate": 1.0
      },
      "restore|add_delta|L26_layer_out": {
        "mean_early_delta": 0.5735637187957764,
        "mean_early_effect": 0.5422900676727295,
        "mean_early_fraction": 0.9466522932787569,
        "mean_final_delta": 1.5801043033599853,
        "mean_final_effect": 1.3981186389923095,
        "mean_final_fraction": 0.8857452659863885,
        "mean_patched_pmv": -3.8,
        "mean_patched_rank": 1.0,
        "mean_pmv_effect": 1.575,
        "mean_rank_effect": 1.0,
        "n": 5,
        "patched_best_other_route": {
          "continuation": 1,
          "prose": 4
        },
        "patched_top1_rate": 1.0,
        "success_change_rate": 1.0
      },
      "restore|add_delta|L27_layer_out": {
        "mean_early_delta": 0.5735637187957764,
        "mean_early_effect": 0.6130369186401368,
        "mean_early_fraction": 1.0797447170772816,
        "mean_final_delta": 1.5801043033599853,
        "mean_final_effect": 1.5379061698913574,
        "mean_final_fraction": 0.9754318026273004,
        "mean_patched_pmv": -3.875,
        "mean_patched_rank": 1.0,
        "mean_pmv_effect": 1.65,
        "mean_rank_effect": 1.0,
        "n": 5,
        "patched_best_other_route": {
          "continuation": 1,
          "prose": 4
        },
        "patched_top1_rate": 1.0,
        "success_change_rate": 1.0
      },
      "restore|add_delta|L28_attn_out": {
        "mean_early_delta": 0.5735637187957764,
        "mean_early_effect": -0.019712623953819276,
        "mean_early_fraction": -0.047363784255276126,
        "mean_final_delta": 1.5801043033599853,
        "mean_final_effect": 0.05418496131896973,
        "mean_final_fraction": 0.020159818085113836,
        "mean_patched_pmv": -2.25,
        "mean_patched_rank": 2.0,
        "mean_pmv_effect": 0.025,
        "mean_rank_effect": 0.0,
        "n": 5,
        "patched_best_other_route": {
          "continuation": 5
        },
        "patched_top1_rate": 0.0,
        "success_change_rate": 0.0
      },
      "restore|add_delta|L28_layer_out": {
        "mean_early_delta": 0.5735637187957764,
        "mean_early_effect": 0.572532343864441,
        "mean_early_fraction": 0.9970322512329934,
        "mean_final_delta": 1.5801043033599853,
        "mean_final_effect": 1.5226923942565918,
        "mean_final_fraction": 0.954792941289066,
        "mean_patched_pmv": -3.775,
        "mean_patched_rank": 1.0,
        "mean_pmv_effect": 1.55,
        "mean_rank_effect": 1.0,
        "n": 5,
        "patched_best_other_route": {
          "continuation": 1,
          "prose": 4
        },
        "patched_top1_rate": 1.0,
        "success_change_rate": 1.0
      },
      "restore|add_delta|L28_mlp_out": {
        "mean_early_delta": 0.5735637187957764,
        "mean_early_effect": 0.07960525751113892,
        "mean_early_fraction": 0.14995767335098426,
        "mean_final_delta": 1.5801043033599853,
        "mean_final_effect": 0.14060559272766113,
        "mean_final_fraction": 0.08789406366012223,
        "mean_patched_pmv": -2.375,
        "mean_patched_rank": 1.4,
        "mean_pmv_effect": 0.15,
        "mean_rank_effect": 0.6,
        "n": 5,
        "patched_best_other_route": {
          "continuation": 5
        },
        "patched_top1_rate": 0.6,
        "success_change_rate": 0.6
      },
      "restore|add_delta|L29_attn_out": {
        "mean_early_delta": 0.5735637187957764,
        "mean_early_effect": 0.25380992889404297,
        "mean_early_fraction": 0.4463373310818429,
        "mean_final_delta": 1.5801043033599853,
        "mean_final_effect": 0.2581939220428467,
        "mean_final_fraction": 0.1702660578420894,
        "mean_patched_pmv": -2.325,
        "mean_patched_rank": 1.6,
        "mean_pmv_effect": 0.1,
        "mean_rank_effect": 0.4,
        "n": 5,
        "patched_best_other_route": {
          "continuation": 5
        },
        "patched_top1_rate": 0.4,
        "success_change_rate": 0.4
      },
      "restore|add_delta|L29_layer_out": {
        "mean_early_delta": 0.5735637187957764,
        "mean_early_effect": 0.5739205956459046,
        "mean_early_fraction": 1.0006569449818241,
        "mean_final_delta": 1.5801043033599853,
        "mean_final_effect": 1.5297123432159423,
        "mean_final_fraction": 0.9617200859303822,
        "mean_patched_pmv": -3.775,
        "mean_patched_rank": 1.0,
        "mean_pmv_effect": 1.55,
        "mean_rank_effect": 1.0,
        "n": 5,
        "patched_best_other_route": {
          "prose": 5
        },
        "patched_top1_rate": 1.0,
        "success_change_rate": 1.0
      },
      "restore|add_delta|L29_mlp_out": {
        "mean_early_delta": 0.5735637187957764,
        "mean_early_effect": 0.12403043508529663,
        "mean_early_fraction": 0.24691503451338992,
        "mean_final_delta": 1.5801043033599853,
        "mean_final_effect": 0.2957061767578125,
        "mean_final_fraction": 0.1740260236021305,
        "mean_patched_pmv": -2.325,
        "mean_patched_rank": 1.4,
        "mean_pmv_effect": 0.1,
        "mean_rank_effect": 0.6,
        "n": 5,
        "patched_best_other_route": {
          "continuation": 5
        },
        "patched_top1_rate": 0.6,
        "success_change_rate": 0.6
      },
      "restore|add_delta|L30_attn_out": {
        "mean_early_delta": 0.5735637187957764,
        "mean_early_effect": 0.0,
        "mean_early_fraction": 0.0,
        "mean_final_delta": 1.5801043033599853,
        "mean_final_effect": 0.03741369247436523,
        "mean_final_fraction": 0.025058244190972422,
        "mean_patched_pmv": -2.2875,
        "mean_patched_rank": 1.8,
        "mean_pmv_effect": 0.0625,
        "mean_rank_effect": 0.2,
        "n": 5,
        "patched_best_other_route": {
          "continuation": 5
        },
        "patched_top1_rate": 0.2,
        "success_change_rate": 0.2
      },
      "restore|add_delta|L30_layer_out": {
        "mean_early_delta": 0.5735637187957764,
        "mean_early_effect": 0.0,
        "mean_early_fraction": 0.0,
        "mean_final_delta": 1.5801043033599853,
        "mean_final_effect": 1.5461069583892821,
        "mean_final_fraction": 0.9723635322966478,
        "mean_patched_pmv": -3.775,
        "mean_patched_rank": 1.0,
        "mean_pmv_effect": 1.55,
        "mean_rank_effect": 1.0,
        "n": 5,
        "patched_best_other_route": {
          "prose": 5
        },
        "patched_top1_rate": 1.0,
        "success_change_rate": 1.0
      },
      "restore|add_delta|L30_mlp_out": {
        "mean_early_delta": 0.5735637187957764,
        "mean_early_effect": 0.0,
        "mean_early_fraction": 0.0,
        "mean_final_delta": 1.5801043033599853,
        "mean_final_effect": 0.04026179313659668,
        "mean_final_fraction": -0.013368806540206214,
        "mean_patched_pmv": -2.275,
        "mean_patched_rank": 1.4,
        "mean_pmv_effect": 0.05,
        "mean_rank_effect": 0.6,
        "n": 5,
        "patched_best_other_route": {
          "continuation": 5
        },
        "patched_top1_rate": 0.6,
        "success_change_rate": 0.6
      },
      "restore|random_same_norm|L20_layer_out": {
        "mean_early_delta": 0.5735637187957764,
        "mean_early_effect": -0.22276281714439392,
        "mean_early_fraction": -0.5456736899779571,
        "mean_final_delta": 1.5801043033599853,
        "mean_final_effect": -0.2952686309814453,
        "mean_final_fraction": -0.14178638121138581,
        "mean_patched_pmv": -2.2125,
        "mean_patched_rank": 2.2,
        "mean_pmv_effect": -0.0125,
        "mean_rank_effect": -0.2,
        "n": 5,
        "patched_best_other_route": {
          "continuation": 5
        },
        "patched_top1_rate": 0.0,
        "success_change_rate": 0.0
      },
      "restore|random_same_norm|L21_layer_out": {
        "mean_early_delta": 0.5735637187957764,
        "mean_early_effect": -0.19230303764343262,
        "mean_early_fraction": -0.43331614501666016,
        "mean_final_delta": 1.5801043033599853,
        "mean_final_effect": -0.49774889945983886,
        "mean_final_fraction": -0.38972906069926766,
        "mean_patched_pmv": -1.3625,
        "mean_patched_rank": 1.6,
        "mean_pmv_effect": -0.8625,
        "mean_rank_effect": 0.4,
        "n": 5,
        "patched_best_other_route": {
          "continuation": 5
        },
        "patched_top1_rate": 0.4,
        "success_change_rate": 0.4
      },
      "restore|random_same_norm|L22_layer_out": {
        "mean_early_delta": 0.5735637187957764,
        "mean_early_effect": -0.03708352744579315,
        "mean_early_fraction": -0.20394572016976592,
        "mean_final_delta": 1.5801043033599853,
        "mean_final_effect": -0.2533611297607422,
        "mean_final_fraction": -0.1972925484306551,
        "mean_patched_pmv": -2.2375,
        "mean_patched_rank": 1.8,
        "mean_pmv_effect": 0.0125,
        "mean_rank_effect": 0.2,
        "n": 5,
        "patched_best_other_route": {
          "continuation": 5
        },
        "patched_top1_rate": 0.4,
        "success_change_rate": 0.4
      },
      "restore|random_same_norm|L23_layer_out": {
        "mean_early_delta": 0.5735637187957764,
        "mean_early_effect": -0.015439611673355103,
        "mean_early_fraction": -0.056101377492954685,
        "mean_final_delta": 1.5801043033599853,
        "mean_final_effect": -0.2306027889251709,
        "mean_final_fraction": -0.2942406150202649,
        "mean_patched_pmv": -2.0125,
        "mean_patched_rank": 2.0,
        "mean_pmv_effect": -0.2125,
        "mean_rank_effect": 0.0,
        "n": 5,
        "patched_best_other_route": {
          "continuation": 5
        },
        "patched_top1_rate": 0.2,
        "success_change_rate": 0.2
      },
      "restore|random_same_norm|L24_layer_out": {
        "mean_early_delta": 0.5735637187957764,
        "mean_early_effect": -0.06348747611045838,
        "mean_early_fraction": -0.1154188104364842,
        "mean_final_delta": 1.5801043033599853,
        "mean_final_effect": -0.18225274085998536,
        "mean_final_fraction": -0.0944976492230417,
        "mean_patched_pmv": -1.625,
        "mean_patched_rank": 1.8,
        "mean_pmv_effect": -0.6,
        "mean_rank_effect": 0.2,
        "n": 5,
        "patched_best_other_route": {
          "continuation": 5
        },
        "patched_top1_rate": 0.2,
        "success_change_rate": 0.2
      },
      "restore|random_same_norm|L25_layer_out": {
        "mean_early_delta": 0.5735637187957764,
        "mean_early_effect": -0.08456113934516907,
        "mean_early_fraction": -0.11059215593348745,
        "mean_final_delta": 1.5801043033599853,
        "mean_final_effect": 0.5177041292190552,
        "mean_final_fraction": 0.262444365167242,
        "mean_patched_pmv": -2.25,
        "mean_patched_rank": 1.6,
        "mean_pmv_effect": 0.025,
        "mean_rank_effect": 0.4,
        "n": 5,
        "patched_best_other_route": {
          "continuation": 5
        },
        "patched_top1_rate": 0.4,
        "success_change_rate": 0.4
      },
      "restore|random_same_norm|L26_layer_out": {
        "mean_early_delta": 0.5735637187957764,
        "mean_early_effect": 0.021110737323760988,
        "mean_early_fraction": 0.15226796263727596,
        "mean_final_delta": 1.5801043033599853,
        "mean_final_effect": 0.07682132720947266,
        "mean_final_fraction": -0.000733867322241466,
        "mean_patched_pmv": -1.94375,
        "mean_patched_rank": 2.0,
        "mean_pmv_effect": -0.28125,
        "mean_rank_effect": 0.0,
        "n": 5,
        "patched_best_other_route": {
          "continuation": 5
        },
        "patched_top1_rate": 0.0,
        "success_change_rate": 0.0
      },
      "restore|random_same_norm|L27_layer_out": {
        "mean_early_delta": 0.5735637187957764,
        "mean_early_effect": 0.0036248981952667235,
        "mean_early_fraction": -0.0855040886902068,
        "mean_final_delta": 1.5801043033599853,
        "mean_final_effect": 0.36985173225402834,
        "mean_final_fraction": 0.15260030511137007,
        "mean_patched_pmv": -2.075,
        "mean_patched_rank": 2.0,
        "mean_pmv_effect": -0.15,
        "mean_rank_effect": 0.0,
        "n": 5,
        "patched_best_other_route": {
          "continuation": 5
        },
        "patched_top1_rate": 0.0,
        "success_change_rate": 0.0
      },
      "restore|random_same_norm|L28_attn_out": {
        "mean_early_delta": 0.5735637187957764,
        "mean_early_effect": 0.024624550342559816,
        "mean_early_fraction": 0.02778190067869739,
        "mean_final_delta": 1.5801043033599853,
        "mean_final_effect": -0.08450889587402344,
        "mean_final_fraction": -0.05307973182876356,
        "mean_patched_pmv": -2.225,
        "mean_patched_rank": 2.0,
        "mean_pmv_effect": 0.0,
        "mean_rank_effect": 0.0,
        "n": 5,
        "patched_best_other_route": {
          "continuation": 5
        },
        "patched_top1_rate": 0.0,
        "success_change_rate": 0.0
      },
      "restore|random_same_norm|L28_layer_out": {
        "mean_early_delta": 0.5735637187957764,
        "mean_early_effect": 0.19857372343540192,
        "mean_early_fraction": 0.26233908095329245,
        "mean_final_delta": 1.5801043033599853,
        "mean_final_effect": -0.11537494659423828,
        "mean_final_fraction": -0.05060683687506271,
        "mean_patched_pmv": -2.4375,
        "mean_patched_rank": 2.0,
        "mean_pmv_effect": 0.2125,
        "mean_rank_effect": 0.0,
        "n": 5,
        "patched_best_other_route": {
          "continuation": 5
        },
        "patched_top1_rate": 0.2,
        "success_change_rate": 0.2
      },
      "restore|random_same_norm|L28_mlp_out": {
        "mean_early_delta": 0.5735637187957764,
        "mean_early_effect": 0.042302435636520384,
        "mean_early_fraction": 0.04213493338034975,
        "mean_final_delta": 1.5801043033599853,
        "mean_final_effect": -0.09878039360046387,
        "mean_final_fraction": -0.05561612969037637,
        "mean_patched_pmv": -2.275,
        "mean_patched_rank": 2.0,
        "mean_pmv_effect": 0.05,
        "mean_rank_effect": 0.0,
        "n": 5,
        "patched_best_other_route": {
          "continuation": 5
        },
        "patched_top1_rate": 0.0,
        "success_change_rate": 0.0
      },
      "restore|random_same_norm|L29_attn_out": {
        "mean_early_delta": 0.5735637187957764,
        "mean_early_effect": 0.03747245371341705,
        "mean_early_fraction": 0.08063671059448907,
        "mean_final_delta": 1.5801043033599853,
        "mean_final_effect": 0.07647957801818847,
        "mean_final_fraction": 0.03829384962612569,
        "mean_patched_pmv": -2.15,
        "mean_patched_rank": 2.0,
        "mean_pmv_effect": -0.075,
        "mean_rank_effect": 0.0,
        "n": 5,
        "patched_best_other_route": {
          "continuation": 5
        },
        "patched_top1_rate": 0.0,
        "success_change_rate": 0.0
      },
      "restore|random_same_norm|L29_layer_out": {
        "mean_early_delta": 0.5735637187957764,
        "mean_early_effect": 0.08893312215805053,
        "mean_early_fraction": 0.230690284190733,
        "mean_final_delta": 1.5801043033599853,
        "mean_final_effect": 0.3856390953063965,
        "mean_final_fraction": 0.2092323467776956,
        "mean_patched_pmv": -1.925,
        "mean_patched_rank": 2.0,
        "mean_pmv_effect": -0.3,
        "mean_rank_effect": 0.0,
        "n": 5,
        "patched_best_other_route": {
          "continuation": 5
        },
        "patched_top1_rate": 0.2,
        "success_change_rate": 0.2
      },
      "restore|random_same_norm|L29_mlp_out": {
        "mean_early_delta": 0.5735637187957764,
        "mean_early_effect": 0.022195151448249816,
        "mean_early_fraction": 0.05571966553694102,
        "mean_final_delta": 1.5801043033599853,
        "mean_final_effect": 0.060104894638061526,
        "mean_final_fraction": 0.03011260948371806,
        "mean_patched_pmv": -2.15,
        "mean_patched_rank": 2.0,
        "mean_pmv_effect": -0.075,
        "mean_rank_effect": 0.0,
        "n": 5,
        "patched_best_other_route": {
          "continuation": 5
        },
        "patched_top1_rate": 0.0,
        "success_change_rate": 0.0
      },
      "restore|random_same_norm|L30_attn_out": {
        "mean_early_delta": 0.5735637187957764,
        "mean_early_effect": 0.0,
        "mean_early_fraction": 0.0,
        "mean_final_delta": 1.5801043033599853,
        "mean_final_effect": 0.058959341049194335,
        "mean_final_fraction": 0.034159656275681675,
        "mean_patched_pmv": -2.2875,
        "mean_patched_rank": 1.8,
        "mean_pmv_effect": 0.0625,
        "mean_rank_effect": 0.2,
        "n": 5,
        "patched_best_other_route": {
          "continuation": 5
        },
        "patched_top1_rate": 0.2,
        "success_change_rate": 0.2
      },
      "restore|random_same_norm|L30_layer_out": {
        "mean_early_delta": 0.5735637187957764,
        "mean_early_effect": 0.0,
        "mean_early_fraction": 0.0,
        "mean_final_delta": 1.5801043033599853,
        "mean_final_effect": 0.3692485809326172,
        "mean_final_fraction": 0.26152703023090207,
        "mean_patched_pmv": -2.775,
        "mean_patched_rank": 1.4,
        "mean_pmv_effect": 0.55,
        "mean_rank_effect": 0.6,
        "n": 5,
        "patched_best_other_route": {
          "continuation": 5
        },
        "patched_top1_rate": 0.6,
        "success_change_rate": 0.6
      },
      "restore|random_same_norm|L30_mlp_out": {
        "mean_early_delta": 0.5735637187957764,
        "mean_early_effect": 0.0,
        "mean_early_fraction": 0.0,
        "mean_final_delta": 1.5801043033599853,
        "mean_final_effect": 0.07895660400390625,
        "mean_final_fraction": 0.05484883643167697,
        "mean_patched_pmv": -2.4,
        "mean_patched_rank": 1.6,
        "mean_pmv_effect": 0.175,
        "mean_rank_effect": 0.4,
        "n": 5,
        "patched_best_other_route": {
          "continuation": 5
        },
        "patched_top1_rate": 0.4,
        "success_change_rate": 0.4
      }
    },
    "model": "glm4",
    "n_paired_cases": 5,
    "random_layer_out_controls": {
      "degradation|random_same_norm|L20_layer_out": {
        "mean_early_delta": 0.5735637187957764,
        "mean_early_effect": 0.10654687881469727,
        "mean_early_fraction": 0.17252163621775632,
        "mean_final_delta": 1.5801043033599853,
        "mean_final_effect": 0.31896817684173584,
        "mean_final_fraction": 0.26286268003539415,
        "mean_patched_pmv": -4.0875,
        "mean_patched_rank": 1.0,
        "mean_pmv_effect": -0.3375,
        "mean_rank_effect": 0.0,
        "n": 5,
        "patched_best_other_route": {
          "continuation": 1,
          "prose": 4
        },
        "patched_top1_rate": 1.0,
        "success_change_rate": 0.0
      },
      "degradation|random_same_norm|L21_layer_out": {
        "mean_early_delta": 0.5735637187957764,
        "mean_early_effect": -0.023640811443328857,
        "mean_early_fraction": -0.17711219665390554,
        "mean_final_delta": 1.5801043033599853,
        "mean_final_effect": -0.09877952337265014,
        "mean_final_fraction": -0.04045579725685454,
        "mean_patched_pmv": -3.65,
        "mean_patched_rank": 1.0,
        "mean_pmv_effect": 0.1,
        "mean_rank_effect": 0.0,
        "n": 5,
        "patched_best_other_route": {
          "continuation": 1,
          "prose": 4
        },
        "patched_top1_rate": 1.0,
        "success_change_rate": 0.0
      },
      "degradation|random_same_norm|L22_layer_out": {
        "mean_early_delta": 0.5735637187957764,
        "mean_early_effect": -0.0029707074165344237,
        "mean_early_fraction": -0.11205820478552933,
        "mean_final_delta": 1.5801043033599853,
        "mean_final_effect": 0.08027857542037964,
        "mean_final_fraction": 0.14109782118362224,
        "mean_patched_pmv": -3.3875,
        "mean_patched_rank": 1.2,
        "mean_pmv_effect": 0.3625,
        "mean_rank_effect": 0.2,
        "n": 5,
        "patched_best_other_route": {
          "prose": 5
        },
        "patched_top1_rate": 0.8,
        "success_change_rate": 0.2
      },
      "degradation|random_same_norm|L23_layer_out": {
        "mean_early_delta": 0.5735637187957764,
        "mean_early_effect": 0.26201109290122987,
        "mean_early_fraction": 0.4897029732066732,
        "mean_final_delta": 1.5801043033599853,
        "mean_final_effect": 0.2847058057785034,
        "mean_final_fraction": 0.15180955117711975,
        "mean_patched_pmv": -3.3875,
        "mean_patched_rank": 1.2,
        "mean_pmv_effect": 0.3625,
        "mean_rank_effect": 0.2,
        "n": 5,
        "patched_best_other_route": {
          "prose": 5
        },
        "patched_top1_rate": 0.8,
        "success_change_rate": 0.2
      },
      "degradation|random_same_norm|L24_layer_out": {
        "mean_early_delta": 0.5735637187957764,
        "mean_early_effect": 0.28062167167663576,
        "mean_early_fraction": 0.309086852589418,
        "mean_final_delta": 1.5801043033599853,
        "mean_final_effect": 0.32943501472473147,
        "mean_final_fraction": 0.23094830493634083,
        "mean_patched_pmv": -3.5875,
        "mean_patched_rank": 1.0,
        "mean_pmv_effect": 0.1625,
        "mean_rank_effect": 0.0,
        "n": 5,
        "patched_best_other_route": {
          "continuation": 1,
          "prose": 4
        },
        "patched_top1_rate": 1.0,
        "success_change_rate": 0.0
      },
      "degradation|random_same_norm|L25_layer_out": {
        "mean_early_delta": 0.5735637187957764,
        "mean_early_effect": 0.19972959756851197,
        "mean_early_fraction": 0.41444630170586283,
        "mean_final_delta": 1.5801043033599853,
        "mean_final_effect": 0.21729435920715331,
        "mean_final_fraction": 0.0619122938763258,
        "mean_patched_pmv": -3.8875,
        "mean_patched_rank": 1.0,
        "mean_pmv_effect": -0.1375,
        "mean_rank_effect": 0.0,
        "n": 5,
        "patched_best_other_route": {
          "prose": 5
        },
        "patched_top1_rate": 1.0,
        "success_change_rate": 0.0
      },
      "degradation|random_same_norm|L26_layer_out": {
        "mean_early_delta": 0.5735637187957764,
        "mean_early_effect": 0.17512818574905395,
        "mean_early_fraction": 0.45565721262135517,
        "mean_final_delta": 1.5801043033599853,
        "mean_final_effect": 0.00514063835144043,
        "mean_final_fraction": 0.044529560927482455,
        "mean_patched_pmv": -3.8625,
        "mean_patched_rank": 1.2,
        "mean_pmv_effect": -0.1125,
        "mean_rank_effect": 0.2,
        "n": 5,
        "patched_best_other_route": {
          "continuation": 1,
          "prose": 4
        },
        "patched_top1_rate": 0.8,
        "success_change_rate": 0.2
      },
      "degradation|random_same_norm|L27_layer_out": {
        "mean_early_delta": 0.5735637187957764,
        "mean_early_effect": 0.17589594125747682,
        "mean_early_fraction": 0.4569474486938295,
        "mean_final_delta": 1.5801043033599853,
        "mean_final_effect": 0.17342557907104492,
        "mean_final_fraction": 0.08781388673584466,
        "mean_patched_pmv": -3.525,
        "mean_patched_rank": 1.0,
        "mean_pmv_effect": 0.225,
        "mean_rank_effect": 0.0,
        "n": 5,
        "patched_best_other_route": {
          "prose": 5
        },
        "patched_top1_rate": 1.0,
        "success_change_rate": 0.0
      },
      "degradation|random_same_norm|L28_layer_out": {
        "mean_early_delta": 0.5735637187957764,
        "mean_early_effect": 0.05583984851837158,
        "mean_early_fraction": 0.09020220986016192,
        "mean_final_delta": 1.5801043033599853,
        "mean_final_effect": -0.26255050897598264,
        "mean_final_fraction": -0.19694912228014474,
        "mean_patched_pmv": -3.775,
        "mean_patched_rank": 1.0,
        "mean_pmv_effect": -0.025,
        "mean_rank_effect": 0.0,
        "n": 5,
        "patched_best_other_route": {
          "prose": 5
        },
        "patched_top1_rate": 1.0,
        "success_change_rate": 0.0
      },
      "degradation|random_same_norm|L29_layer_out": {
        "mean_early_delta": 0.5735637187957764,
        "mean_early_effect": 0.00561026930809021,
        "mean_early_fraction": 0.03741527568208712,
        "mean_final_delta": 1.5801043033599853,
        "mean_final_effect": 0.180316162109375,
        "mean_final_fraction": 0.16942937511904752,
        "mean_patched_pmv": -3.7125,
        "mean_patched_rank": 1.0,
        "mean_pmv_effect": 0.0375,
        "mean_rank_effect": 0.0,
        "n": 5,
        "patched_best_other_route": {
          "prose": 5
        },
        "patched_top1_rate": 1.0,
        "success_change_rate": 0.0
      },
      "degradation|random_same_norm|L30_layer_out": {
        "mean_early_delta": 0.5735637187957764,
        "mean_early_effect": 0.0,
        "mean_early_fraction": 0.0,
        "mean_final_delta": 1.5801043033599853,
        "mean_final_effect": -0.1454727530479431,
        "mean_final_fraction": -0.10141116692488031,
        "mean_patched_pmv": -3.7625,
        "mean_patched_rank": 1.0,
        "mean_pmv_effect": -0.0125,
        "mean_rank_effect": 0.0,
        "n": 5,
        "patched_best_other_route": {
          "continuation": 1,
          "prose": 4
        },
        "patched_top1_rate": 1.0,
        "success_change_rate": 0.0
      },
      "restore|random_same_norm|L20_layer_out": {
        "mean_early_delta": 0.5735637187957764,
        "mean_early_effect": -0.22276281714439392,
        "mean_early_fraction": -0.5456736899779571,
        "mean_final_delta": 1.5801043033599853,
        "mean_final_effect": -0.2952686309814453,
        "mean_final_fraction": -0.14178638121138581,
        "mean_patched_pmv": -2.2125,
        "mean_patched_rank": 2.2,
        "mean_pmv_effect": -0.0125,
        "mean_rank_effect": -0.2,
        "n": 5,
        "patched_best_other_route": {
          "continuation": 5
        },
        "patched_top1_rate": 0.0,
        "success_change_rate": 0.0
      },
      "restore|random_same_norm|L21_layer_out": {
        "mean_early_delta": 0.5735637187957764,
        "mean_early_effect": -0.19230303764343262,
        "mean_early_fraction": -0.43331614501666016,
        "mean_final_delta": 1.5801043033599853,
        "mean_final_effect": -0.49774889945983886,
        "mean_final_fraction": -0.38972906069926766,
        "mean_patched_pmv": -1.3625,
        "mean_patched_rank": 1.6,
        "mean_pmv_effect": -0.8625,
        "mean_rank_effect": 0.4,
        "n": 5,
        "patched_best_other_route": {
          "continuation": 5
        },
        "patched_top1_rate": 0.4,
        "success_change_rate": 0.4
      },
      "restore|random_same_norm|L22_layer_out": {
        "mean_early_delta": 0.5735637187957764,
        "mean_early_effect": -0.03708352744579315,
        "mean_early_fraction": -0.20394572016976592,
        "mean_final_delta": 1.5801043033599853,
        "mean_final_effect": -0.2533611297607422,
        "mean_final_fraction": -0.1972925484306551,
        "mean_patched_pmv": -2.2375,
        "mean_patched_rank": 1.8,
        "mean_pmv_effect": 0.0125,
        "mean_rank_effect": 0.2,
        "n": 5,
        "patched_best_other_route": {
          "continuation": 5
        },
        "patched_top1_rate": 0.4,
        "success_change_rate": 0.4
      },
      "restore|random_same_norm|L23_layer_out": {
        "mean_early_delta": 0.5735637187957764,
        "mean_early_effect": -0.015439611673355103,
        "mean_early_fraction": -0.056101377492954685,
        "mean_final_delta": 1.5801043033599853,
        "mean_final_effect": -0.2306027889251709,
        "mean_final_fraction": -0.2942406150202649,
        "mean_patched_pmv": -2.0125,
        "mean_patched_rank": 2.0,
        "mean_pmv_effect": -0.2125,
        "mean_rank_effect": 0.0,
        "n": 5,
        "patched_best_other_route": {
          "continuation": 5
        },
        "patched_top1_rate": 0.2,
        "success_change_rate": 0.2
      },
      "restore|random_same_norm|L24_layer_out": {
        "mean_early_delta": 0.5735637187957764,
        "mean_early_effect": -0.06348747611045838,
        "mean_early_fraction": -0.1154188104364842,
        "mean_final_delta": 1.5801043033599853,
        "mean_final_effect": -0.18225274085998536,
        "mean_final_fraction": -0.0944976492230417,
        "mean_patched_pmv": -1.625,
        "mean_patched_rank": 1.8,
        "mean_pmv_effect": -0.6,
        "mean_rank_effect": 0.2,
        "n": 5,
        "patched_best_other_route": {
          "continuation": 5
        },
        "patched_top1_rate": 0.2,
        "success_change_rate": 0.2
      },
      "restore|random_same_norm|L25_layer_out": {
        "mean_early_delta": 0.5735637187957764,
        "mean_early_effect": -0.08456113934516907,
        "mean_early_fraction": -0.11059215593348745,
        "mean_final_delta": 1.5801043033599853,
        "mean_final_effect": 0.5177041292190552,
        "mean_final_fraction": 0.262444365167242,
        "mean_patched_pmv": -2.25,
        "mean_patched_rank": 1.6,
        "mean_pmv_effect": 0.025,
        "mean_rank_effect": 0.4,
        "n": 5,
        "patched_best_other_route": {
          "continuation": 5
        },
        "patched_top1_rate": 0.4,
        "success_change_rate": 0.4
      },
      "restore|random_same_norm|L26_layer_out": {
        "mean_early_delta": 0.5735637187957764,
        "mean_early_effect": 0.021110737323760988,
        "mean_early_fraction": 0.15226796263727596,
        "mean_final_delta": 1.5801043033599853,
        "mean_final_effect": 0.07682132720947266,
        "mean_final_fraction": -0.000733867322241466,
        "mean_patched_pmv": -1.94375,
        "mean_patched_rank": 2.0,
        "mean_pmv_effect": -0.28125,
        "mean_rank_effect": 0.0,
        "n": 5,
        "patched_best_other_route": {
          "continuation": 5
        },
        "patched_top1_rate": 0.0,
        "success_change_rate": 0.0
      },
      "restore|random_same_norm|L27_layer_out": {
        "mean_early_delta": 0.5735637187957764,
        "mean_early_effect": 0.0036248981952667235,
        "mean_early_fraction": -0.0855040886902068,
        "mean_final_delta": 1.5801043033599853,
        "mean_final_effect": 0.36985173225402834,
        "mean_final_fraction": 0.15260030511137007,
        "mean_patched_pmv": -2.075,
        "mean_patched_rank": 2.0,
        "mean_pmv_effect": -0.15,
        "mean_rank_effect": 0.0,
        "n": 5,
        "patched_best_other_route": {
          "continuation": 5
        },
        "patched_top1_rate": 0.0,
        "success_change_rate": 0.0
      },
      "restore|random_same_norm|L28_layer_out": {
        "mean_early_delta": 0.5735637187957764,
        "mean_early_effect": 0.19857372343540192,
        "mean_early_fraction": 0.26233908095329245,
        "mean_final_delta": 1.5801043033599853,
        "mean_final_effect": -0.11537494659423828,
        "mean_final_fraction": -0.05060683687506271,
        "mean_patched_pmv": -2.4375,
        "mean_patched_rank": 2.0,
        "mean_pmv_effect": 0.2125,
        "mean_rank_effect": 0.0,
        "n": 5,
        "patched_best_other_route": {
          "continuation": 5
        },
        "patched_top1_rate": 0.2,
        "success_change_rate": 0.2
      },
      "restore|random_same_norm|L29_layer_out": {
        "mean_early_delta": 0.5735637187957764,
        "mean_early_effect": 0.08893312215805053,
        "mean_early_fraction": 0.230690284190733,
        "mean_final_delta": 1.5801043033599853,
        "mean_final_effect": 0.3856390953063965,
        "mean_final_fraction": 0.2092323467776956,
        "mean_patched_pmv": -1.925,
        "mean_patched_rank": 2.0,
        "mean_pmv_effect": -0.3,
        "mean_rank_effect": 0.0,
        "n": 5,
        "patched_best_other_route": {
          "continuation": 5
        },
        "patched_top1_rate": 0.2,
        "success_change_rate": 0.2
      },
      "restore|random_same_norm|L30_layer_out": {
        "mean_early_delta": 0.5735637187957764,
        "mean_early_effect": 0.0,
        "mean_early_fraction": 0.0,
        "mean_final_delta": 1.5801043033599853,
        "mean_final_effect": 0.3692485809326172,
        "mean_final_fraction": 0.26152703023090207,
        "mean_patched_pmv": -2.775,
        "mean_patched_rank": 1.4,
        "mean_pmv_effect": 0.55,
        "mean_rank_effect": 0.6,
        "n": 5,
        "patched_best_other_route": {
          "continuation": 5
        },
        "patched_top1_rate": 0.6,
        "success_change_rate": 0.6
      }
    }
  },
  "timestamp": "2026-06-26 14:11:03",
  "title": "Residual Trajectory Boundary Scan"
}
