[11:06:46] glm4/smoke: pairs=1 components=['L34:attn_out'] audits=1
[11:06:46] [load] glm4: bf16 device_map=auto attn=eager quantization=off
`torch_dtype` is deprecated! Use `dtype` instead!
Loading weights:   0%|          | 0/443 [00:00<?, ?it/s]Loading weights:   1%|          | 5/443 [00:00<00:10, 42.84it/s]Loading weights:   6%|▌         | 27/443 [00:00<00:02, 139.58it/s]Loading weights:  15%|█▌        | 68/443 [00:00<00:01, 241.62it/s]Loading weights:  23%|██▎       | 104/443 [00:00<00:01, 276.66it/s]Loading weights:  31%|███       | 137/443 [00:00<00:01, 286.53it/s]Loading weights:  38%|███▊      | 170/443 [00:00<00:00, 293.92it/s]Loading weights:  45%|████▌     | 201/443 [00:00<00:00, 293.76it/s]Loading weights:  53%|█████▎    | 236/443 [00:00<00:00, 301.74it/s]Loading weights:  61%|██████    | 269/443 [00:00<00:00, 304.85it/s]Loading weights:  68%|██████▊   | 302/443 [00:01<00:00, 304.30it/s]Loading weights:  76%|███████▌  | 335/443 [00:01<00:00, 307.18it/s]Loading weights:  83%|████████▎ | 368/443 [00:01<00:00, 308.27it/s]Loading weights:  90%|█████████ | 400/443 [00:01<00:00, 303.37it/s]Loading weights:  98%|█████████▊| 433/443 [00:01<00:00, 308.19it/s]Loading weights: 100%|██████████| 443/443 [00:01<00:00, 292.50it/s]
[11:06:48] [load] glm4: loaded eager, device=cuda:0, gpu=18.80GB
[11:06:51] glm4: mechanism backtrace 1/1 pairs; rows=32
[model_utils] GPU memory released, allocated=18.81 GB
{
  "model": "glm4",
  "round": "smoke",
  "top": [
    {
      "context_name": "natural_recipient",
      "site": "L34:attn_out",
      "subunit_id": "L34:attn_out:H4",
      "subunit_kind": "attn_head_focus",
      "source_group": "target_value_tokens",
      "n": 1,
      "mean_attention_mass_to_source": 0.00860595703125,
      "mean_source_target_logit_contribution": -0.001673443941399455,
      "mean_source_total_route_suppression_contribution": 0.004136273026233539,
      "mean_source_margin_contribution": -0.0006393760268110782,
      "mean_target_logit_drop_after_source_removal": 0.0625,
      "mean_total_positive_route_release_after_source_removal": 0.125,
      "mean_route_release_coverage": 2.0,
      "mean_margin_drop_target_vs_routes": 0.09375,
      "top1_loss_rate": 0.0,
      "role_guess_counts": {
        "small_or_unclear": 1
      },
      "dominant_role_guess": "small_or_unclear",
      "heads_seen": [
        [
          4
        ]
      ]
    },
    {
      "context_name": "natural_recipient",
      "site": "L34:attn_out",
      "subunit_id": "L34:attn_out:H4",
      "subunit_kind": "attn_head_focus",
      "source_group": "records_all",
      "n": 1,
      "mean_attention_mass_to_source": 0.624774694442749,
      "mean_source_target_logit_contribution": 0.03619132190942764,
      "mean_source_total_route_suppression_contribution": 0.1534433662891388,
      "mean_source_margin_contribution": 0.062467094510793686,
      "mean_target_logit_drop_after_source_removal": 0.0625,
      "mean_total_positive_route_release_after_source_removal": 0.0625,
      "mean_route_release_coverage": 1.0,
      "mean_margin_drop_target_vs_routes": 0.078125,
      "top1_loss_rate": 0.0,
      "role_guess_counts": {
        "qk_pattern_visible_content_weak": 1
      },
      "dominant_role_guess": "qk_pattern_visible_content_weak",
      "heads_seen": [
        [
          4
        ]
      ]
    },
    {
      "context_name": "natural_recipient",
      "site": "L34:attn_out",
      "subunit_id": "L34:attn_out:H4",
      "subunit_kind": "attn_head_focus",
      "source_group": "records_other",
      "n": 1,
      "mean_attention_mass_to_source": 0.4827001094818115,
      "mean_source_target_logit_contribution": 0.0428520143032074,
      "mean_source_total_route_suppression_contribution": 0.13920105807483196,
      "mean_source_margin_contribution": 0.06400774652138352,
      "mean_target_logit_drop_after_source_removal": 0.0625,
      "mean_total_positive_route_release_after_source_removal": 0.0625,
      "mean_route_release_coverage": 1.0,
      "mean_margin_drop_target_vs_routes": 0.078125,
      "top1_loss_rate": 0.0,
      "role_guess_counts": {
        "qk_pattern_visible_content_weak": 1
      },
      "dominant_role_guess": "qk_pattern_visible_content_weak",
      "heads_seen": [
        [
          4
        ]
      ]
    },
    {
      "context_name": "natural_recipient",
      "site": "L34:attn_out",
      "subunit_id": "L34:attn_out:topH1",
      "subunit_kind": "attn_headset",
      "source_group": "records_other",
      "n": 1,
      "mean_attention_mass_to_source": 0.18014860153198242,
      "mean_source_target_logit_contribution": 0.001283581368625164,
      "mean_source_total_route_suppression_contribution": 0.05131514463573694,
      "mean_source_margin_contribution": 0.013916890718974173,
      "mean_target_logit_drop_after_source_removal": 0.0,
      "mean_total_positive_route_release_after_source_removal": 0.375,
      "mean_route_release_coverage": 4.0,
      "mean_margin_drop_target_vs_routes": 0.09375,
      "top1_loss_rate": 0.0,
      "role_guess_counts": {
        "small_or_unclear": 1
      },
      "dominant_role_guess": "small_or_unclear",
      "heads_seen": [
        [
          2
        ]
      ]
    },
    {
      "context_name": "natural_recipient",
      "site": "L34:attn_out",
      "subunit_id": "L34:attn_out:H2",
      "subunit_kind": "attn_head",
      "source_group": "records_other",
      "n": 1,
      "mean_attention_mass_to_source": 0.18014860153198242,
      "mean_source_target_logit_contribution": 0.001283581368625164,
      "mean_source_total_route_suppression_contribution": 0.05131514463573694,
      "mean_source_margin_contribution": 0.013916890718974173,
      "mean_target_logit_drop_after_source_removal": 0.0,
      "mean_total_positive_route_release_after_source_removal": 0.375,
      "mean_route_release_coverage": 4.0,
      "mean_margin_drop_target_vs_routes": 0.09375,
      "top1_loss_rate": 0.0,
      "role_guess_counts": {
        "small_or_unclear": 1
      },
      "dominant_role_guess": "small_or_unclear",
      "heads_seen": [
        [
          2
        ]
      ]
    },
    {
      "context_name": "natural_recipient",
      "site": "L34:attn_out",
      "subunit_id": "L34:attn_out:H4",
      "subunit_kind": "attn_head_focus",
      "source_group": "target_record_line",
      "n": 1,
      "mean_attention_mass_to_source": 0.1420745849609375,
      "mean_source_target_logit_contribution": -0.006660685874521732,
      "mean_source_total_route_suppression_contribution": 0.020480139879509807,
      "mean_source_margin_contribution": -0.001540651632240042,
      "mean_target_logit_drop_after_source_removal": 0.0,
      "mean_total_positive_route_release_after_source_removal": 0.125,
      "mean_route_release_coverage": 2.0,
      "mean_margin_drop_target_vs_routes": 0.03125,
      "top1_loss_rate": 0.0,
      "role_guess_counts": {
        "small_or_unclear": 1
      },
      "dominant_role_guess": "small_or_unclear",
      "heads_seen": [
        [
          4
        ]
      ]
    },
    {
      "context_name": "natural_recipient",
      "site": "L34:attn_out",
      "subunit_id": "L34:attn_out:topH2",
      "subunit_kind": "attn_headset",
      "source_group": "records_other",
      "n": 1,
      "mean_attention_mass_to_source": 0.3027762472629547,
      "mean_source_target_logit_contribution": 0.0035385191440582275,
      "mean_source_total_route_suppression_contribution": 0.07145100086927414,
      "mean_source_margin_contribution": -0.288831731537357,
      "mean_target_logit_drop_after_source_removal": 0.0,
      "mean_total_positive_route_release_after_source_removal": 0.125,
      "mean_route_release_coverage": 2.0,
      "mean_margin_drop_target_vs_routes": -0.046875,
      "top1_loss_rate": 0.0,
      "role_guess_counts": {
        "qk_pattern_visible_content_weak": 1
      },
      "dominant_role_guess": "qk_pattern_visible_content_weak",
      "heads_seen": [
        [
          2,
          13
        ]
      ]
    },
    {
      "context_name": "natural_donor",
      "site": "L34:attn_out",
      "subunit_id": "L34:attn_out:topH2",
      "subunit_kind": "attn_headset",
      "source_group": "records_other",
      "n": 1,
      "mean_attention_mass_to_source": 0.12346084415912628,
      "mean_source_target_logit_contribution": 0.033940404653549194,
      "mean_source_total_route_suppression_contribution": 0.013362390920519829,
      "mean_source_margin_contribution": 0.02646934730000794,
      "mean_target_logit_drop_after_source_removal": 0.0,
      "mean_total_positive_route_release_after_source_removal": 0.0625,
      "mean_route_release_coverage": 1.0,
      "mean_margin_drop_target_vs_routes": 0.03125,
      "top1_loss_rate": 0.0,
      "role_guess_counts": {
        "small_or_unclear": 1
      },
      "dominant_role_guess": "small_or_unclear",
      "heads_seen": [
        [
          2,
          13
        ]
      ]
    },
    {
      "context_name": "natural_donor",
      "site": "L34:attn_out",
      "subunit_id": "L34:attn_out:H4",
      "subunit_kind": "attn_head_focus",
      "source_group": "records_all",
      "n": 1,
      "mean_attention_mass_to_source": 0.30434632301330566,
      "mean_source_target_logit_contribution": -0.0031433093827217817,
      "mean_source_total_route_suppression_contribution": 0.00522606004960835,
      "mean_source_margin_contribution": -0.0005302805220708251,
      "mean_target_logit_drop_after_source_removal": 0.0,
      "mean_total_positive_route_release_after_source_removal": 0.0,
      "mean_route_release_coverage": 0.0,
      "mean_margin_drop_target_vs_routes": 0.0,
      "top1_loss_rate": 0.0,
      "role_guess_counts": {
        "qk_pattern_visible_content_weak": 1
      },
      "dominant_role_guess": "qk_pattern_visible_content_weak",
      "heads_seen": [
        [
          4
        ]
      ]
    },
    {
      "context_name": "natural_donor",
      "site": "L34:attn_out",
      "subunit_id": "L34:attn_out:H4",
      "subunit_kind": "attn_head_focus",
      "source_group": "records_other",
      "n": 1,
      "mean_attention_mass_to_source": 0.15824151039123535,
      "mean_source_target_logit_contribution": 0.0006800519768148661,
      "mean_source_total_route_suppression_contribution": 0.0027632543351501226,
      "mean_source_margin_contribution": 0.0020616756519302726,
      "mean_target_logit_drop_after_source_removal": 0.0,
      "mean_total_positive_route_release_after_source_removal": 0.0,
      "mean_route_release_coverage": 0.0,
      "mean_margin_drop_target_vs_routes": 0.0,
      "top1_loss_rate": 0.0,
      "role_guess_counts": {
        "small_or_unclear": 1
      },
      "dominant_role_guess": "small_or_unclear",
      "heads_seen": [
        [
          4
        ]
      ]
    }
  ]
}
