[11:06:54] deepseek7b/smoke: pairs=1 components=['L22:attn_out'] audits=1
[11:06:54] [load] deepseek7b: bf16 device_map=auto attn=eager quantization=off
`torch_dtype` is deprecated! Use `dtype` instead!
Loading weights:   0%|          | 0/339 [00:00<?, ?it/s]Loading weights:   4%|▍         | 14/339 [00:00<00:02, 122.55it/s]Loading weights:  16%|█▌        | 53/339 [00:00<00:01, 239.12it/s]Loading weights:  23%|██▎       | 77/339 [00:00<00:01, 230.38it/s]Loading weights:  37%|███▋      | 124/339 [00:00<00:00, 308.01it/s]Loading weights:  46%|████▌     | 155/339 [00:00<00:00, 293.30it/s]Loading weights:  55%|█████▍    | 185/339 [00:00<00:00, 293.85it/s]Loading weights:  63%|██████▎   | 215/339 [00:00<00:00, 285.95it/s]Loading weights:  72%|███████▏  | 244/339 [00:00<00:00, 262.79it/s]Loading weights:  81%|████████  | 273/339 [00:01<00:00, 265.47it/s]Loading weights:  90%|████████▉ | 305/339 [00:01<00:00, 265.10it/s]Loading weights: 100%|██████████| 339/339 [00:01<00:00, 275.94it/s]
[11:06:56] [load] deepseek7b: loaded eager, device=cuda:0, gpu=15.23GB
[11:06:58] deepseek7b: mechanism backtrace 1/1 pairs; rows=32
[model_utils] GPU memory released, allocated=15.24 GB
{
  "model": "deepseek7b",
  "round": "smoke",
  "top": [
    {
      "context_name": "natural_recipient",
      "site": "L22:attn_out",
      "subunit_id": "L22:attn_out:H1",
      "subunit_kind": "attn_head_focus",
      "source_group": "target_record_line",
      "n": 1,
      "mean_attention_mass_to_source": 0.33300209045410156,
      "mean_source_target_logit_contribution": 1.0361278057098389,
      "mean_source_total_route_suppression_contribution": 0.5077581778168678,
      "mean_source_margin_contribution": 1.1970678170522053,
      "mean_target_logit_drop_after_source_removal": 0.75,
      "mean_total_positive_route_release_after_source_removal": 0.0,
      "mean_route_release_coverage": 0.0,
      "mean_margin_drop_target_vs_routes": 0.6458333333333334,
      "top1_loss_rate": 0.0,
      "role_guess_counts": {
        "target_support_content": 1
      },
      "dominant_role_guess": "target_support_content",
      "heads_seen": [
        [
          1
        ]
      ]
    },
    {
      "context_name": "natural_recipient",
      "site": "L22:attn_out",
      "subunit_id": "L22:attn_out:H1",
      "subunit_kind": "attn_head_focus",
      "source_group": "target_value_tokens",
      "n": 1,
      "mean_attention_mass_to_source": 0.31640625,
      "mean_source_target_logit_contribution": 1.0445040464401245,
      "mean_source_total_route_suppression_contribution": 0.5156006366014481,
      "mean_source_margin_contribution": 1.2056307395299275,
      "mean_target_logit_drop_after_source_removal": 0.5,
      "mean_total_positive_route_release_after_source_removal": 0.625,
      "mean_route_release_coverage": 3.0,
      "mean_margin_drop_target_vs_routes": 0.7083333333333334,
      "top1_loss_rate": 0.0,
      "role_guess_counts": {
        "mixed_target_support_and_route_guard": 1
      },
      "dominant_role_guess": "mixed_target_support_and_route_guard",
      "heads_seen": [
        [
          1
        ]
      ]
    },
    {
      "context_name": "natural_recipient",
      "site": "L22:attn_out",
      "subunit_id": "L22:attn_out:H1",
      "subunit_kind": "attn_head_focus",
      "source_group": "records_all",
      "n": 1,
      "mean_attention_mass_to_source": 0.5581527948379517,
      "mean_source_target_logit_contribution": 0.9264198541641235,
      "mean_source_total_route_suppression_contribution": 0.576715275645256,
      "mean_source_margin_contribution": 1.100207805633545,
      "mean_target_logit_drop_after_source_removal": 0.5,
      "mean_total_positive_route_release_after_source_removal": 0.5,
      "mean_route_release_coverage": 3.0,
      "mean_margin_drop_target_vs_routes": 0.6666666666666666,
      "top1_loss_rate": 0.0,
      "role_guess_counts": {
        "mixed_target_support_and_route_guard": 1
      },
      "dominant_role_guess": "mixed_target_support_and_route_guard",
      "heads_seen": [
        [
          1
        ]
      ]
    },
    {
      "context_name": "natural_donor",
      "site": "L22:attn_out",
      "subunit_id": "L22:attn_out:H1",
      "subunit_kind": "attn_head_focus",
      "source_group": "records_all",
      "n": 1,
      "mean_attention_mass_to_source": 0.41946133971214294,
      "mean_source_target_logit_contribution": 0.17221710085868835,
      "mean_source_total_route_suppression_contribution": 0.0723370909690857,
      "mean_source_margin_contribution": 0.07905490882694721,
      "mean_target_logit_drop_after_source_removal": 0.25,
      "mean_total_positive_route_release_after_source_removal": 0.125,
      "mean_route_release_coverage": 1.0,
      "mean_margin_drop_target_vs_routes": 0.265625,
      "top1_loss_rate": 0.0,
      "role_guess_counts": {
        "target_support_content": 1
      },
      "dominant_role_guess": "target_support_content",
      "heads_seen": [
        [
          1
        ]
      ]
    },
    {
      "context_name": "natural_recipient",
      "site": "L22:attn_out",
      "subunit_id": "L22:attn_out:topH1",
      "subunit_kind": "attn_headset",
      "source_group": "target_record_line",
      "n": 1,
      "mean_attention_mass_to_source": 0.475830078125,
      "mean_source_target_logit_contribution": 0.28626373410224915,
      "mean_source_total_route_suppression_contribution": 0.08757933229207993,
      "mean_source_margin_contribution": 0.20119755466779074,
      "mean_target_logit_drop_after_source_removal": 0.125,
      "mean_total_positive_route_release_after_source_removal": 0.375,
      "mean_route_release_coverage": 3.0,
      "mean_margin_drop_target_vs_routes": 0.25,
      "top1_loss_rate": 0.0,
      "role_guess_counts": {
        "route_suppressor_content": 1
      },
      "dominant_role_guess": "route_suppressor_content",
      "heads_seen": [
        [
          7
        ]
      ]
    },
    {
      "context_name": "natural_recipient",
      "site": "L22:attn_out",
      "subunit_id": "L22:attn_out:H7",
      "subunit_kind": "attn_head",
      "source_group": "target_record_line",
      "n": 1,
      "mean_attention_mass_to_source": 0.475830078125,
      "mean_source_target_logit_contribution": 0.28626373410224915,
      "mean_source_total_route_suppression_contribution": 0.08757933229207993,
      "mean_source_margin_contribution": 0.20119755466779074,
      "mean_target_logit_drop_after_source_removal": 0.125,
      "mean_total_positive_route_release_after_source_removal": 0.375,
      "mean_route_release_coverage": 3.0,
      "mean_margin_drop_target_vs_routes": 0.25,
      "top1_loss_rate": 0.0,
      "role_guess_counts": {
        "route_suppressor_content": 1
      },
      "dominant_role_guess": "route_suppressor_content",
      "heads_seen": [
        [
          7
        ]
      ]
    },
    {
      "context_name": "natural_recipient",
      "site": "L22:attn_out",
      "subunit_id": "L22:attn_out:topH2",
      "subunit_kind": "attn_headset",
      "source_group": "target_record_line",
      "n": 1,
      "mean_attention_mass_to_source": 0.24830245971679688,
      "mean_source_target_logit_contribution": 0.2685931921005249,
      "mean_source_total_route_suppression_contribution": 0.0961146354675293,
      "mean_source_margin_contribution": 0.18419966846704483,
      "mean_target_logit_drop_after_source_removal": 0.125,
      "mean_total_positive_route_release_after_source_removal": 0.25,
      "mean_route_release_coverage": 3.0,
      "mean_margin_drop_target_vs_routes": 0.20833333333333334,
      "top1_loss_rate": 0.0,
      "role_guess_counts": {
        "route_suppressor_content": 1
      },
      "dominant_role_guess": "route_suppressor_content",
      "heads_seen": [
        [
          7,
          0
        ]
      ]
    },
    {
      "context_name": "natural_donor",
      "site": "L22:attn_out",
      "subunit_id": "L22:attn_out:H1",
      "subunit_kind": "attn_head_focus",
      "source_group": "target_record_line",
      "n": 1,
      "mean_attention_mass_to_source": 0.09492111206054688,
      "mean_source_target_logit_contribution": 0.4524165987968445,
      "mean_source_total_route_suppression_contribution": 0.05386760085821152,
      "mean_source_margin_contribution": 0.44141852110624313,
      "mean_target_logit_drop_after_source_removal": 0.125,
      "mean_total_positive_route_release_after_source_removal": 0.1875,
      "mean_route_release_coverage": 2.0,
      "mean_margin_drop_target_vs_routes": 0.171875,
      "top1_loss_rate": 0.0,
      "role_guess_counts": {
        "readout_target_aligned_observational": 1
      },
      "dominant_role_guess": "readout_target_aligned_observational",
      "heads_seen": [
        [
          1
        ]
      ]
    },
    {
      "context_name": "natural_recipient",
      "site": "L22:attn_out",
      "subunit_id": "L22:attn_out:topH2",
      "subunit_kind": "attn_headset",
      "source_group": "records_all",
      "n": 1,
      "mean_attention_mass_to_source": 0.3108413517475128,
      "mean_source_target_logit_contribution": 0.22806435823440552,
      "mean_source_total_route_suppression_contribution": 0.09690699726343155,
      "mean_source_margin_contribution": 0.12762023756901422,
      "mean_target_logit_drop_after_source_removal": 0.0,
      "mean_total_positive_route_release_after_source_removal": 0.9375,
      "mean_route_release_coverage": 3.0,
      "mean_margin_drop_target_vs_routes": 0.3125,
      "top1_loss_rate": 0.0,
      "role_guess_counts": {
        "route_suppressor_content": 1
      },
      "dominant_role_guess": "route_suppressor_content",
      "heads_seen": [
        [
          7,
          0
        ]
      ]
    },
    {
      "context_name": "natural_recipient",
      "site": "L22:attn_out",
      "subunit_id": "L22:attn_out:topH1",
      "subunit_kind": "attn_headset",
      "source_group": "records_all",
      "n": 1,
      "mean_attention_mass_to_source": 0.5739622116088867,
      "mean_source_target_logit_contribution": 0.2457273155450821,
      "mean_source_total_route_suppression_contribution": 0.07496626675128937,
      "mean_source_margin_contribution": 0.14987610653042793,
      "mean_target_logit_drop_after_source_removal": 0.0,
      "mean_total_positive_route_release_after_source_removal": 0.6875,
      "mean_route_release_coverage": 3.0,
      "mean_margin_drop_target_vs_routes": 0.22916666666666666,
      "top1_loss_rate": 0.0,
      "role_guess_counts": {
        "route_suppressor_content": 1
      },
      "dominant_role_guess": "route_suppressor_content",
      "heads_seen": [
        [
          7
        ]
      ]
    }
  ]
}
