=== Phase729 deepseek7b start 2026-06-28 18:12:48 ===
`torch_dtype` is deprecated! Use `dtype` instead!
[model_utils] Loading deepseek7b... (8bit=False)
Loading weights:   0%|          | 0/339 [00:00<?, ?it/s]Loading weights: 100%|██████████| 339/339 [00:00<00:00, 83816.85it/s]
[model_utils] deepseek7b loaded, device=cuda:0, class=Qwen2ForCausalLM, GPU=15.28GB
[18:12:52] deepseek7b: cases=22, source=L20, monitor_hidden=[21, 22, 23, 24, 25, 26, 27, 28], component_layers=[21, 22, 23, 24]
[18:12:53] deepseek7b: 8/22 cases; rows=384
[18:12:54] deepseek7b: 16/22 cases; rows=768
[18:12:55] deepseek7b: 22/22 cases; rows=1056
[model_utils] GPU memory released, allocated=15.28 GB
{
  "model": "deepseek7b",
  "n_cases": 22,
  "by_intervention": {
    "category_cluster": {
      "n_sites": 16,
      "max_layer_out_amplification": 4.105330811702732,
      "final_layer_out_amplification": null,
      "mean_mlp_component_vs_input": 0.6834833498895154,
      "mean_attn_component_vs_input": 0.3290324100501805,
      "top_sites_by_delta": [
        {
          "model": "deepseek7b",
          "intervention": "category_cluster",
          "site": "hidden_27",
          "site_kind": "layer_out",
          "layer": 26,
          "n": 22,
          "mean_delta_norm": 31.437394749034535,
          "mean_amplification_vs_source": 4.105330811702732,
          "mean_final_delta_norm": 9.651926192370327,
          "mean_cos_with_final_delta": 0.4949944629757242,
          "mean_component_vs_layer_input": 0.0
        },
        {
          "model": "deepseek7b",
          "intervention": "category_cluster",
          "site": "hidden_26",
          "site_kind": "layer_out",
          "layer": 25,
          "n": 22,
          "mean_delta_norm": 25.508483453230426,
          "mean_amplification_vs_source": 3.3369260474657847,
          "mean_final_delta_norm": 9.651926192370327,
          "mean_cos_with_final_delta": 0.40065184387971053,
          "mean_component_vs_layer_input": 0.0
        },
        {
          "model": "deepseek7b",
          "intervention": "category_cluster",
          "site": "hidden_25",
          "site_kind": "layer_out",
          "layer": 24,
          "n": 22,
          "mean_delta_norm": 21.666743625294078,
          "mean_amplification_vs_source": 2.8232237683686465,
          "mean_final_delta_norm": 9.651926192370327,
          "mean_cos_with_final_delta": 0.33429406786506827,
          "mean_component_vs_layer_input": 0.0
        },
        {
          "model": "deepseek7b",
          "intervention": "category_cluster",
          "site": "hidden_24",
          "site_kind": "layer_out",
          "layer": 23,
          "n": 22,
          "mean_delta_norm": 17.470803434198555,
          "mean_amplification_vs_source": 2.2724311536237347,
          "mean_final_delta_norm": 9.651926192370327,
          "mean_cos_with_final_delta": 0.2764263102276759,
          "mean_component_vs_layer_input": 0.0
        },
        {
          "model": "deepseek7b",
          "intervention": "category_cluster",
          "site": "hidden_23",
          "site_kind": "layer_out",
          "layer": 22,
          "n": 22,
          "mean_delta_norm": 13.867547642100941,
          "mean_amplification_vs_source": 1.8093194627697293,
          "mean_final_delta_norm": 9.651926192370327,
          "mean_cos_with_final_delta": 0.210331597619436,
          "mean_component_vs_layer_input": 0.0
        },
        {
          "model": "deepseek7b",
          "intervention": "category_cluster",
          "site": "L24_mlp_out",
          "site_kind": "mlp_out",
          "layer": 24,
          "n": 22,
          "mean_delta_norm": 10.352818575772373,
          "mean_amplification_vs_source": 1.3531086681671942,
          "mean_final_delta_norm": 9.651926192370327,
          "mean_cos_with_final_delta": 0.1913087312978777,
          "mean_component_vs_layer_input": 0.5952793724617869
        },
        {
          "model": "deepseek7b",
          "intervention": "category_cluster",
          "site": "hidden_22",
          "site_kind": "layer_out",
          "layer": 21,
          "n": 22,
          "mean_delta_norm": 9.827389413660223,
          "mean_amplification_vs_source": 1.2852770160962699,
          "mean_final_delta_norm": 9.651926192370327,
          "mean_cos_with_final_delta": 0.13438339768485588,
          "mean_component_vs_layer_input": 0.0
        },
        {
          "model": "deepseek7b",
          "intervention": "category_cluster",
          "site": "hidden_28",
          "site_kind": "layer_out",
          "layer": 27,
          "n": 22,
          "mean_delta_norm": 9.651926192370327,
          "mean_amplification_vs_source": 1.3615156890675175,
          "mean_final_delta_norm": 9.651926192370327,
          "mean_cos_with_final_delta": 1.0000001110813834,
          "mean_component_vs_layer_input": 0.0
        },
        {
          "model": "deepseek7b",
          "intervention": "category_cluster",
          "site": "L23_mlp_out",
          "site_kind": "mlp_out",
          "layer": 23,
          "n": 22,
          "mean_delta_norm": 8.384013934568925,
          "mean_amplification_vs_source": 1.0884577141061762,
          "mean_final_delta_norm": 9.651926192370327,
          "mean_cos_with_final_delta": 0.13861583202907984,
          "mean_component_vs_layer_input": 0.6020572388606206
        },
        {
          "model": "deepseek7b",
          "intervention": "category_cluster",
          "site": "L22_mlp_out",
          "site_kind": "mlp_out",
          "layer": 22,
          "n": 22,
          "mean_delta_norm": 8.082063458182596,
          "mean_amplification_vs_source": 1.0549585156917656,
          "mean_final_delta_norm": 9.651926192370327,
          "mean_cos_with_final_delta": 0.13115342570976776,
          "mean_component_vs_layer_input": 0.8209691200852259
        }
      ],
      "top_sites_by_amplification": [
        {
          "model": "deepseek7b",
          "intervention": "category_cluster",
          "site": "hidden_27",
          "site_kind": "layer_out",
          "layer": 26,
          "n": 22,
          "mean_delta_norm": 31.437394749034535,
          "mean_amplification_vs_source": 4.105330811702732,
          "mean_final_delta_norm": 9.651926192370327,
          "mean_cos_with_final_delta": 0.4949944629757242,
          "mean_component_vs_layer_input": 0.0
        },
        {
          "model": "deepseek7b",
          "intervention": "category_cluster",
          "site": "hidden_26",
          "site_kind": "layer_out",
          "layer": 25,
          "n": 22,
          "mean_delta_norm": 25.508483453230426,
          "mean_amplification_vs_source": 3.3369260474657847,
          "mean_final_delta_norm": 9.651926192370327,
          "mean_cos_with_final_delta": 0.40065184387971053,
          "mean_component_vs_layer_input": 0.0
        },
        {
          "model": "deepseek7b",
          "intervention": "category_cluster",
          "site": "hidden_25",
          "site_kind": "layer_out",
          "layer": 24,
          "n": 22,
          "mean_delta_norm": 21.666743625294078,
          "mean_amplification_vs_source": 2.8232237683686465,
          "mean_final_delta_norm": 9.651926192370327,
          "mean_cos_with_final_delta": 0.33429406786506827,
          "mean_component_vs_layer_input": 0.0
        },
        {
          "model": "deepseek7b",
          "intervention": "category_cluster",
          "site": "hidden_24",
          "site_kind": "layer_out",
          "layer": 23,
          "n": 22,
          "mean_delta_norm": 17.470803434198555,
          "mean_amplification_vs_source": 2.2724311536237347,
          "mean_final_delta_norm": 9.651926192370327,
          "mean_cos_with_final_delta": 0.2764263102276759,
          "mean_component_vs_layer_input": 0.0
        },
        {
          "model": "deepseek7b",
          "intervention": "category_cluster",
          "site": "hidden_23",
          "site_kind": "layer_out",
          "layer": 22,
          "n": 22,
          "mean_delta_norm": 13.867547642100941,
          "mean_amplification_vs_source": 1.8093194627697293,
          "mean_final_delta_norm": 9.651926192370327,
          "mean_cos_with_final_delta": 0.210331597619436,
          "mean_component_vs_layer_input": 0.0
        },
        {
          "model": "deepseek7b",
          "intervention": "category_cluster",
          "site": "hidden_28",
          "site_kind": "layer_out",
          "layer": 27,
          "n": 22,
          "mean_delta_norm": 9.651926192370327,
          "mean_amplification_vs_source": 1.3615156890675175,
          "mean_final_delta_norm": 9.651926192370327,
          "mean_cos_with_final_delta": 1.0000001110813834,
          "mean_component_vs_layer_input": 0.0
        },
        {
          "model": "deepseek7b",
          "intervention": "category_cluster",
          "site": "L24_mlp_out",
          "site_kind": "mlp_out",
          "layer": 24,
          "n": 22,
          "mean_delta_norm": 10.352818575772373,
          "mean_amplification_vs_source": 1.3531086681671942,
          "mean_final_delta_norm": 9.651926192370327,
          "mean_cos_with_final_delta": 0.1913087312978777,
          "mean_component_vs_layer_input": 0.5952793724617869
        },
        {
          "model": "deepseek7b",
          "intervention": "category_cluster",
          "site": "hidden_22",
          "site_kind": "layer_out",
          "layer": 21,
          "n": 22,
          "mean_delta_norm": 9.827389413660223,
          "mean_amplification_vs_source": 1.2852770160962699,
          "mean_final_delta_norm": 9.651926192370327,
          "mean_cos_with_final_delta": 0.13438339768485588,
          "mean_component_vs_layer_input": 0.0
        },
        {
          "model": "deepseek7b",
          "intervention": "category_cluster",
          "site": "L23_mlp_out",
          "site_kind": "mlp_out",
          "layer": 23,
          "n": 22,
          "mean_delta_norm": 8.384013934568925,
          "mean_amplification_vs_source": 1.0884577141061762,
          "mean_final_delta_norm": 9.651926192370327,
          "mean_cos_with_final_delta": 0.13861583202907984,
          "mean_component_vs_layer_input": 0.6020572388606206
        },
        {
          "model": "deepseek7b",
          "intervention": "category_cluster",
          "site": "L22_mlp_out",
          "site_kind": "mlp_out",
          "layer": 22,
          "n": 22,
          "mean_delta_norm": 8.082063458182596,
          "mean_amplification_vs_source": 1.0549585156917656,
          "mean_final_delta_norm": 9.651926192370327,
          "mean_cos_with_final_delta": 0.13115342570976776,
          "mean_component_vs_layer_input": 0.8209691200852259
        }
      ]
    },
    "category_full_head": {
      "n_sites": 16,
      "max_layer_out_amplification": 3.042024367565591,
      "final_layer_out_amplification": null,
      "mean_mlp_component_vs_input": 0.6259405024935131,
      "mean_attn_component_vs_input": 0.25545659536928844,
      "top_sites_by_delta": [
        {
          "model": "deepseek7b",
          "intervention": "category_full_head",
          "site": "hidden_27",
          "site_kind": "layer_out",
          "layer": 26,
          "n": 22,
          "mean_delta_norm": 97.0697135925293,
          "mean_amplification_vs_source": 3.042024367565591,
          "mean_final_delta_norm": 19.30903772874312,
          "mean_cos_with_final_delta": 0.6585652882402594,
          "mean_component_vs_layer_input": 0.0
        },
        {
          "model": "deepseek7b",
          "intervention": "category_full_head",
          "site": "hidden_26",
          "site_kind": "layer_out",
          "layer": 25,
          "n": 22,
          "mean_delta_norm": 80.18538561734286,
          "mean_amplification_vs_source": 2.5144960877111235,
          "mean_final_delta_norm": 19.30903772874312,
          "mean_cos_with_final_delta": 0.5450608730316162,
          "mean_component_vs_layer_input": 0.0
        },
        {
          "model": "deepseek7b",
          "intervention": "category_full_head",
          "site": "hidden_25",
          "site_kind": "layer_out",
          "layer": 24,
          "n": 22,
          "mean_delta_norm": 68.96200908314098,
          "mean_amplification_vs_source": 2.158441260814264,
          "mean_final_delta_norm": 19.30903772874312,
          "mean_cos_with_final_delta": 0.46974726901812985,
          "mean_component_vs_layer_input": 0.0
        },
        {
          "model": "deepseek7b",
          "intervention": "category_full_head",
          "site": "hidden_24",
          "site_kind": "layer_out",
          "layer": 23,
          "n": 22,
          "mean_delta_norm": 57.53518642078746,
          "mean_amplification_vs_source": 1.7993290952170058,
          "mean_final_delta_norm": 19.30903772874312,
          "mean_cos_with_final_delta": 0.3911390656774694,
          "mean_component_vs_layer_input": 0.0
        },
        {
          "model": "deepseek7b",
          "intervention": "category_full_head",
          "site": "hidden_23",
          "site_kind": "layer_out",
          "layer": 22,
          "n": 22,
          "mean_delta_norm": 48.37487654252486,
          "mean_amplification_vs_source": 1.514151512713996,
          "mean_final_delta_norm": 19.30903772874312,
          "mean_cos_with_final_delta": 0.3152135637673465,
          "mean_component_vs_layer_input": 0.0
        },
        {
          "model": "deepseek7b",
          "intervention": "category_full_head",
          "site": "hidden_22",
          "site_kind": "layer_out",
          "layer": 21,
          "n": 22,
          "mean_delta_norm": 37.35903419147838,
          "mean_amplification_vs_source": 1.1685681115922135,
          "mean_final_delta_norm": 19.30903772874312,
          "mean_cos_with_final_delta": 0.24513704837723213,
          "mean_component_vs_layer_input": 0.0
        },
        {
          "model": "deepseek7b",
          "intervention": "category_full_head",
          "site": "L24_mlp_out",
          "site_kind": "mlp_out",
          "layer": 24,
          "n": 22,
          "mean_delta_norm": 32.77668085965243,
          "mean_amplification_vs_source": 1.0272745954894782,
          "mean_final_delta_norm": 19.30903772874312,
          "mean_cos_with_final_delta": 0.25829959931698715,
          "mean_component_vs_layer_input": 0.569949432949991
        },
        {
          "model": "deepseek7b",
          "intervention": "category_full_head",
          "site": "hidden_21",
          "site_kind": "layer_out",
          "layer": 20,
          "n": 22,
          "mean_delta_norm": 32.052265947515316,
          "mean_amplification_vs_source": 1.0,
          "mean_final_delta_norm": 19.30903772874312,
          "mean_cos_with_final_delta": 0.19171004979447884,
          "mean_component_vs_layer_input": 0.0
        },
        {
          "model": "deepseek7b",
          "intervention": "category_full_head",
          "site": "L22_mlp_out",
          "site_kind": "mlp_out",
          "layer": 22,
          "n": 22,
          "mean_delta_norm": 27.564487890763715,
          "mean_amplification_vs_source": 0.8635198657733835,
          "mean_final_delta_norm": 19.30903772874312,
          "mean_cos_with_final_delta": 0.1753780096769333,
          "mean_component_vs_layer_input": 0.7381180971857073
        },
        {
          "model": "deepseek7b",
          "intervention": "category_full_head",
          "site": "L23_mlp_out",
          "site_kind": "mlp_out",
          "layer": 23,
          "n": 22,
          "mean_delta_norm": 27.203849705782805,
          "mean_amplification_vs_source": 0.8507558731515538,
          "mean_final_delta_norm": 19.30903772874312,
          "mean_cos_with_final_delta": 0.19646171446550975,
          "mean_component_vs_layer_input": 0.5625365550430016
        }
      ],
      "top_sites_by_amplification": [
        {
          "model": "deepseek7b",
          "intervention": "category_full_head",
          "site": "hidden_27",
          "site_kind": "layer_out",
          "layer": 26,
          "n": 22,
          "mean_delta_norm": 97.0697135925293,
          "mean_amplification_vs_source": 3.042024367565591,
          "mean_final_delta_norm": 19.30903772874312,
          "mean_cos_with_final_delta": 0.6585652882402594,
          "mean_component_vs_layer_input": 0.0
        },
        {
          "model": "deepseek7b",
          "intervention": "category_full_head",
          "site": "hidden_26",
          "site_kind": "layer_out",
          "layer": 25,
          "n": 22,
          "mean_delta_norm": 80.18538561734286,
          "mean_amplification_vs_source": 2.5144960877111235,
          "mean_final_delta_norm": 19.30903772874312,
          "mean_cos_with_final_delta": 0.5450608730316162,
          "mean_component_vs_layer_input": 0.0
        },
        {
          "model": "deepseek7b",
          "intervention": "category_full_head",
          "site": "hidden_25",
          "site_kind": "layer_out",
          "layer": 24,
          "n": 22,
          "mean_delta_norm": 68.96200908314098,
          "mean_amplification_vs_source": 2.158441260814264,
          "mean_final_delta_norm": 19.30903772874312,
          "mean_cos_with_final_delta": 0.46974726901812985,
          "mean_component_vs_layer_input": 0.0
        },
        {
          "model": "deepseek7b",
          "intervention": "category_full_head",
          "site": "hidden_24",
          "site_kind": "layer_out",
          "layer": 23,
          "n": 22,
          "mean_delta_norm": 57.53518642078746,
          "mean_amplification_vs_source": 1.7993290952170058,
          "mean_final_delta_norm": 19.30903772874312,
          "mean_cos_with_final_delta": 0.3911390656774694,
          "mean_component_vs_layer_input": 0.0
        },
        {
          "model": "deepseek7b",
          "intervention": "category_full_head",
          "site": "hidden_23",
          "site_kind": "layer_out",
          "layer": 22,
          "n": 22,
          "mean_delta_norm": 48.37487654252486,
          "mean_amplification_vs_source": 1.514151512713996,
          "mean_final_delta_norm": 19.30903772874312,
          "mean_cos_with_final_delta": 0.3152135637673465,
          "mean_component_vs_layer_input": 0.0
        },
        {
          "model": "deepseek7b",
          "intervention": "category_full_head",
          "site": "hidden_22",
          "site_kind": "layer_out",
          "layer": 21,
          "n": 22,
          "mean_delta_norm": 37.35903419147838,
          "mean_amplification_vs_source": 1.1685681115922135,
          "mean_final_delta_norm": 19.30903772874312,
          "mean_cos_with_final_delta": 0.24513704837723213,
          "mean_component_vs_layer_input": 0.0
        },
        {
          "model": "deepseek7b",
          "intervention": "category_full_head",
          "site": "L24_mlp_out",
          "site_kind": "mlp_out",
          "layer": 24,
          "n": 22,
          "mean_delta_norm": 32.77668085965243,
          "mean_amplification_vs_source": 1.0272745954894782,
          "mean_final_delta_norm": 19.30903772874312,
          "mean_cos_with_final_delta": 0.25829959931698715,
          "mean_component_vs_layer_input": 0.569949432949991
        },
        {
          "model": "deepseek7b",
          "intervention": "category_full_head",
          "site": "hidden_21",
          "site_kind": "layer_out",
          "layer": 20,
          "n": 22,
          "mean_delta_norm": 32.052265947515316,
          "mean_amplification_vs_source": 1.0,
          "mean_final_delta_norm": 19.30903772874312,
          "mean_cos_with_final_delta": 0.19171004979447884,
          "mean_component_vs_layer_input": 0.0
        },
        {
          "model": "deepseek7b",
          "intervention": "category_full_head",
          "site": "L22_mlp_out",
          "site_kind": "mlp_out",
          "layer": 22,
          "n": 22,
          "mean_delta_norm": 27.564487890763715,
          "mean_amplification_vs_source": 0.8635198657733835,
          "mean_final_delta_norm": 19.30903772874312,
          "mean_cos_with_final_delta": 0.1753780096769333,
          "mean_component_vs_layer_input": 0.7381180971857073
        },
        {
          "model": "deepseek7b",
          "intervention": "category_full_head",
          "site": "L23_mlp_out",
          "site_kind": "mlp_out",
          "layer": 23,
          "n": 22,
          "mean_delta_norm": 27.203849705782805,
          "mean_amplification_vs_source": 0.8507558731515538,
          "mean_final_delta_norm": 19.30903772874312,
          "mean_cos_with_final_delta": 0.19646171446550975,
          "mean_component_vs_layer_input": 0.5625365550430016
        }
      ]
    },
    "category_plus_fruit_cluster": {
      "n_sites": 16,
      "max_layer_out_amplification": 4.105330811702732,
      "final_layer_out_amplification": null,
      "mean_mlp_component_vs_input": 0.6834833498895154,
      "mean_attn_component_vs_input": 0.3290324100501805,
      "top_sites_by_delta": [
        {
          "model": "deepseek7b",
          "intervention": "category_plus_fruit_cluster",
          "site": "hidden_27",
          "site_kind": "layer_out",
          "layer": 26,
          "n": 22,
          "mean_delta_norm": 31.437394749034535,
          "mean_amplification_vs_source": 4.105330811702732,
          "mean_final_delta_norm": 10.393997170708396,
          "mean_cos_with_final_delta": 0.44177873381836846,
          "mean_component_vs_layer_input": 0.0
        },
        {
          "model": "deepseek7b",
          "intervention": "category_plus_fruit_cluster",
          "site": "hidden_26",
          "site_kind": "layer_out",
          "layer": 25,
          "n": 22,
          "mean_delta_norm": 25.508483453230426,
          "mean_amplification_vs_source": 3.3369260474657847,
          "mean_final_delta_norm": 10.393997170708396,
          "mean_cos_with_final_delta": 0.3545081051574512,
          "mean_component_vs_layer_input": 0.0
        },
        {
          "model": "deepseek7b",
          "intervention": "category_plus_fruit_cluster",
          "site": "hidden_25",
          "site_kind": "layer_out",
          "layer": 24,
          "n": 22,
          "mean_delta_norm": 21.666743625294078,
          "mean_amplification_vs_source": 2.8232237683686465,
          "mean_final_delta_norm": 10.393997170708396,
          "mean_cos_with_final_delta": 0.29389450851489196,
          "mean_component_vs_layer_input": 0.0
        },
        {
          "model": "deepseek7b",
          "intervention": "category_plus_fruit_cluster",
          "site": "hidden_24",
          "site_kind": "layer_out",
          "layer": 23,
          "n": 22,
          "mean_delta_norm": 17.470803434198555,
          "mean_amplification_vs_source": 2.2724311536237347,
          "mean_final_delta_norm": 10.393997170708396,
          "mean_cos_with_final_delta": 0.24176151915030045,
          "mean_component_vs_layer_input": 0.0
        },
        {
          "model": "deepseek7b",
          "intervention": "category_plus_fruit_cluster",
          "site": "hidden_23",
          "site_kind": "layer_out",
          "layer": 22,
          "n": 22,
          "mean_delta_norm": 13.867547642100941,
          "mean_amplification_vs_source": 1.8093194627697293,
          "mean_final_delta_norm": 10.393997170708396,
          "mean_cos_with_final_delta": 0.1821693175218322,
          "mean_component_vs_layer_input": 0.0
        },
        {
          "model": "deepseek7b",
          "intervention": "category_plus_fruit_cluster",
          "site": "hidden_28",
          "site_kind": "layer_out",
          "layer": 27,
          "n": 22,
          "mean_delta_norm": 10.393997170708396,
          "mean_amplification_vs_source": 1.4536679624652795,
          "mean_final_delta_norm": 10.393997170708396,
          "mean_cos_with_final_delta": 1.0000001246278936,
          "mean_component_vs_layer_input": 0.0
        },
        {
          "model": "deepseek7b",
          "intervention": "category_plus_fruit_cluster",
          "site": "L24_mlp_out",
          "site_kind": "mlp_out",
          "layer": 24,
          "n": 22,
          "mean_delta_norm": 10.352818575772373,
          "mean_amplification_vs_source": 1.3531086681671942,
          "mean_final_delta_norm": 10.393997170708396,
          "mean_cos_with_final_delta": 0.17232638047161428,
          "mean_component_vs_layer_input": 0.5952793724617869
        },
        {
          "model": "deepseek7b",
          "intervention": "category_plus_fruit_cluster",
          "site": "hidden_22",
          "site_kind": "layer_out",
          "layer": 21,
          "n": 22,
          "mean_delta_norm": 9.827389413660223,
          "mean_amplification_vs_source": 1.2852770160962699,
          "mean_final_delta_norm": 10.393997170708396,
          "mean_cos_with_final_delta": 0.11702667108990929,
          "mean_component_vs_layer_input": 0.0
        },
        {
          "model": "deepseek7b",
          "intervention": "category_plus_fruit_cluster",
          "site": "L23_mlp_out",
          "site_kind": "mlp_out",
          "layer": 23,
          "n": 22,
          "mean_delta_norm": 8.384013934568925,
          "mean_amplification_vs_source": 1.0884577141061762,
          "mean_final_delta_norm": 10.393997170708396,
          "mean_cos_with_final_delta": 0.12433733278885484,
          "mean_component_vs_layer_input": 0.6020572388606206
        },
        {
          "model": "deepseek7b",
          "intervention": "category_plus_fruit_cluster",
          "site": "L22_mlp_out",
          "site_kind": "mlp_out",
          "layer": 22,
          "n": 22,
          "mean_delta_norm": 8.082063458182596,
          "mean_amplification_vs_source": 1.0549585156917656,
          "mean_final_delta_norm": 10.393997170708396,
          "mean_cos_with_final_delta": 0.11362615803425963,
          "mean_component_vs_layer_input": 0.8209691200852259
        }
      ],
      "top_sites_by_amplification": [
        {
          "model": "deepseek7b",
          "intervention": "category_plus_fruit_cluster",
          "site": "hidden_27",
          "site_kind": "layer_out",
          "layer": 26,
          "n": 22,
          "mean_delta_norm": 31.437394749034535,
          "mean_amplification_vs_source": 4.105330811702732,
          "mean_final_delta_norm": 10.393997170708396,
          "mean_cos_with_final_delta": 0.44177873381836846,
          "mean_component_vs_layer_input": 0.0
        },
        {
          "model": "deepseek7b",
          "intervention": "category_plus_fruit_cluster",
          "site": "hidden_26",
          "site_kind": "layer_out",
          "layer": 25,
          "n": 22,
          "mean_delta_norm": 25.508483453230426,
          "mean_amplification_vs_source": 3.3369260474657847,
          "mean_final_delta_norm": 10.393997170708396,
          "mean_cos_with_final_delta": 0.3545081051574512,
          "mean_component_vs_layer_input": 0.0
        },
        {
          "model": "deepseek7b",
          "intervention": "category_plus_fruit_cluster",
          "site": "hidden_25",
          "site_kind": "layer_out",
          "layer": 24,
          "n": 22,
          "mean_delta_norm": 21.666743625294078,
          "mean_amplification_vs_source": 2.8232237683686465,
          "mean_final_delta_norm": 10.393997170708396,
          "mean_cos_with_final_delta": 0.29389450851489196,
          "mean_component_vs_layer_input": 0.0
        },
        {
          "model": "deepseek7b",
          "intervention": "category_plus_fruit_cluster",
          "site": "hidden_24",
          "site_kind": "layer_out",
          "layer": 23,
          "n": 22,
          "mean_delta_norm": 17.470803434198555,
          "mean_amplification_vs_source": 2.2724311536237347,
          "mean_final_delta_norm": 10.393997170708396,
          "mean_cos_with_final_delta": 0.24176151915030045,
          "mean_component_vs_layer_input": 0.0
        },
        {
          "model": "deepseek7b",
          "intervention": "category_plus_fruit_cluster",
          "site": "hidden_23",
          "site_kind": "layer_out",
          "layer": 22,
          "n": 22,
          "mean_delta_norm": 13.867547642100941,
          "mean_amplification_vs_source": 1.8093194627697293,
          "mean_final_delta_norm": 10.393997170708396,
          "mean_cos_with_final_delta": 0.1821693175218322,
          "mean_component_vs_layer_input": 0.0
        },
        {
          "model": "deepseek7b",
          "intervention": "category_plus_fruit_cluster",
          "site": "hidden_28",
          "site_kind": "layer_out",
          "layer": 27,
          "n": 22,
          "mean_delta_norm": 10.393997170708396,
          "mean_amplification_vs_source": 1.4536679624652795,
          "mean_final_delta_norm": 10.393997170708396,
          "mean_cos_with_final_delta": 1.0000001246278936,
          "mean_component_vs_layer_input": 0.0
        },
        {
          "model": "deepseek7b",
          "intervention": "category_plus_fruit_cluster",
          "site": "L24_mlp_out",
          "site_kind": "mlp_out",
          "layer": 24,
          "n": 22,
          "mean_delta_norm": 10.352818575772373,
          "mean_amplification_vs_source": 1.3531086681671942,
          "mean_final_delta_norm": 10.393997170708396,
          "mean_cos_with_final_delta": 0.17232638047161428,
          "mean_component_vs_layer_input": 0.5952793724617869
        },
        {
          "model": "deepseek7b",
          "intervention": "category_plus_fruit_cluster",
          "site": "hidden_22",
          "site_kind": "layer_out",
          "layer": 21,
          "n": 22,
          "mean_delta_norm": 9.827389413660223,
          "mean_amplification_vs_source": 1.2852770160962699,
          "mean_final_delta_norm": 10.393997170708396,
          "mean_cos_with_final_delta": 0.11702667108990929,
          "mean_component_vs_layer_input": 0.0
        },
        {
          "model": "deepseek7b",
          "intervention": "category_plus_fruit_cluster",
          "site": "L23_mlp_out",
          "site_kind": "mlp_out",
          "layer": 23,
          "n": 22,
          "mean_delta_norm": 8.384013934568925,
          "mean_amplification_vs_source": 1.0884577141061762,
          "mean_final_delta_norm": 10.393997170708396,
          "mean_cos_with_final_delta": 0.12433733278885484,
          "mean_component_vs_layer_input": 0.6020572388606206
        },
        {
          "model": "deepseek7b",
          "intervention": "category_plus_fruit_cluster",
          "site": "L22_mlp_out",
          "site_kind": "mlp_out",
          "layer": 22,
          "n": 22,
          "mean_delta_norm": 8.082063458182596,
          "mean_amplification_vs_source": 1.0549585156917656,
          "mean_final_delta_norm": 10.393997170708396,
          "mean_cos_with_final_delta": 0.11362615803425963,
          "mean_component_vs_layer_input": 0.8209691200852259
        }
      ]
    }
  }
}
=== Phase729 deepseek7b done 2026-06-28 18:12:55 ===
