=== Phase729 glm4 start 2026-06-28 18:12:40 ===
`torch_dtype` is deprecated! Use `dtype` instead!
[model_utils] Loading glm4... (8bit=False)
Loading weights:   0%|          | 0/443 [00:00<?, ?it/s]Loading weights: 100%|██████████| 443/443 [00:00<00:00, 39038.50it/s]
[model_utils] glm4 loaded, device=cuda:0, class=GlmForCausalLM, GPU=18.84GB
[18:12:45] glm4: cases=22, source=L24, monitor_hidden=[25, 26, 27, 28, 29, 30, 31, 32, 33, 40], component_layers=[25, 26, 27, 28]
[18:12:46] glm4: 8/22 cases; rows=432
[18:12:47] glm4: 16/22 cases; rows=864
[18:12:48] glm4: 22/22 cases; rows=1188
[model_utils] GPU memory released, allocated=18.85 GB
{
  "model": "glm4",
  "n_cases": 22,
  "by_intervention": {
    "category_cluster": {
      "n_sites": 18,
      "max_layer_out_amplification": 10.783793896043582,
      "final_layer_out_amplification": null,
      "mean_mlp_component_vs_input": 0.4645691607180998,
      "mean_attn_component_vs_input": 0.3892245624453676,
      "top_sites_by_delta": [
        {
          "model": "glm4",
          "intervention": "category_cluster",
          "site": "hidden_40",
          "site_kind": "layer_out",
          "layer": 39,
          "n": 22,
          "mean_delta_norm": 2.5985499295321377,
          "mean_amplification_vs_source": 10.783793896043582,
          "mean_final_delta_norm": 2.5985499295321377,
          "mean_cos_with_final_delta": 1.0000000270930203,
          "mean_component_vs_layer_input": 0.0
        },
        {
          "model": "glm4",
          "intervention": "category_cluster",
          "site": "hidden_33",
          "site_kind": "layer_out",
          "layer": 32,
          "n": 22,
          "mean_delta_norm": 1.2238295511765913,
          "mean_amplification_vs_source": 4.498132116956703,
          "mean_final_delta_norm": 2.5985499295321377,
          "mean_cos_with_final_delta": 0.33131923932920804,
          "mean_component_vs_layer_input": 0.0
        },
        {
          "model": "glm4",
          "intervention": "category_cluster",
          "site": "hidden_32",
          "site_kind": "layer_out",
          "layer": 31,
          "n": 22,
          "mean_delta_norm": 1.0809908482161434,
          "mean_amplification_vs_source": 3.914664744980575,
          "mean_final_delta_norm": 2.5985499295321377,
          "mean_cos_with_final_delta": 0.2821245803074403,
          "mean_component_vs_layer_input": 0.0
        },
        {
          "model": "glm4",
          "intervention": "category_cluster",
          "site": "hidden_31",
          "site_kind": "layer_out",
          "layer": 30,
          "n": 22,
          "mean_delta_norm": 1.0006947409022937,
          "mean_amplification_vs_source": 3.5101705212077636,
          "mean_final_delta_norm": 2.5985499295321377,
          "mean_cos_with_final_delta": 0.2555868537588553,
          "mean_component_vs_layer_input": 0.0
        },
        {
          "model": "glm4",
          "intervention": "category_cluster",
          "site": "hidden_30",
          "site_kind": "layer_out",
          "layer": 29,
          "n": 22,
          "mean_delta_norm": 0.9280022057619962,
          "mean_amplification_vs_source": 3.157753247636923,
          "mean_final_delta_norm": 2.5985499295321377,
          "mean_cos_with_final_delta": 0.23828340524976904,
          "mean_component_vs_layer_input": 0.0
        },
        {
          "model": "glm4",
          "intervention": "category_cluster",
          "site": "hidden_29",
          "site_kind": "layer_out",
          "layer": 28,
          "n": 22,
          "mean_delta_norm": 0.812844224951484,
          "mean_amplification_vs_source": 2.7174228711167867,
          "mean_final_delta_norm": 2.5985499295321377,
          "mean_cos_with_final_delta": 0.19161148166114633,
          "mean_component_vs_layer_input": 0.0
        },
        {
          "model": "glm4",
          "intervention": "category_cluster",
          "site": "hidden_28",
          "site_kind": "layer_out",
          "layer": 27,
          "n": 22,
          "mean_delta_norm": 0.7144573493437334,
          "mean_amplification_vs_source": 2.3473867264834185,
          "mean_final_delta_norm": 2.5985499295321377,
          "mean_cos_with_final_delta": 0.17004901441660794,
          "mean_component_vs_layer_input": 0.0
        },
        {
          "model": "glm4",
          "intervention": "category_cluster",
          "site": "hidden_27",
          "site_kind": "layer_out",
          "layer": 26,
          "n": 22,
          "mean_delta_norm": 0.5604424110867761,
          "mean_amplification_vs_source": 1.7742649355306688,
          "mean_final_delta_norm": 2.5985499295321377,
          "mean_cos_with_final_delta": 0.14331832934509625,
          "mean_component_vs_layer_input": 0.0
        },
        {
          "model": "glm4",
          "intervention": "category_cluster",
          "site": "hidden_26",
          "site_kind": "layer_out",
          "layer": 25,
          "n": 22,
          "mean_delta_norm": 0.47908488051457837,
          "mean_amplification_vs_source": 1.383289238950826,
          "mean_final_delta_norm": 2.5985499295321377,
          "mean_cos_with_final_delta": 0.12276601486585358,
          "mean_component_vs_layer_input": 0.0
        },
        {
          "model": "glm4",
          "intervention": "category_cluster",
          "site": "hidden_25",
          "site_kind": "layer_out",
          "layer": 24,
          "n": 22,
          "mean_delta_norm": 0.3747233291241256,
          "mean_amplification_vs_source": 1.0,
          "mean_final_delta_norm": 2.5985499295321377,
          "mean_cos_with_final_delta": 0.10418218808163973,
          "mean_component_vs_layer_input": 0.0
        }
      ],
      "top_sites_by_amplification": [
        {
          "model": "glm4",
          "intervention": "category_cluster",
          "site": "hidden_40",
          "site_kind": "layer_out",
          "layer": 39,
          "n": 22,
          "mean_delta_norm": 2.5985499295321377,
          "mean_amplification_vs_source": 10.783793896043582,
          "mean_final_delta_norm": 2.5985499295321377,
          "mean_cos_with_final_delta": 1.0000000270930203,
          "mean_component_vs_layer_input": 0.0
        },
        {
          "model": "glm4",
          "intervention": "category_cluster",
          "site": "hidden_33",
          "site_kind": "layer_out",
          "layer": 32,
          "n": 22,
          "mean_delta_norm": 1.2238295511765913,
          "mean_amplification_vs_source": 4.498132116956703,
          "mean_final_delta_norm": 2.5985499295321377,
          "mean_cos_with_final_delta": 0.33131923932920804,
          "mean_component_vs_layer_input": 0.0
        },
        {
          "model": "glm4",
          "intervention": "category_cluster",
          "site": "hidden_32",
          "site_kind": "layer_out",
          "layer": 31,
          "n": 22,
          "mean_delta_norm": 1.0809908482161434,
          "mean_amplification_vs_source": 3.914664744980575,
          "mean_final_delta_norm": 2.5985499295321377,
          "mean_cos_with_final_delta": 0.2821245803074403,
          "mean_component_vs_layer_input": 0.0
        },
        {
          "model": "glm4",
          "intervention": "category_cluster",
          "site": "hidden_31",
          "site_kind": "layer_out",
          "layer": 30,
          "n": 22,
          "mean_delta_norm": 1.0006947409022937,
          "mean_amplification_vs_source": 3.5101705212077636,
          "mean_final_delta_norm": 2.5985499295321377,
          "mean_cos_with_final_delta": 0.2555868537588553,
          "mean_component_vs_layer_input": 0.0
        },
        {
          "model": "glm4",
          "intervention": "category_cluster",
          "site": "hidden_30",
          "site_kind": "layer_out",
          "layer": 29,
          "n": 22,
          "mean_delta_norm": 0.9280022057619962,
          "mean_amplification_vs_source": 3.157753247636923,
          "mean_final_delta_norm": 2.5985499295321377,
          "mean_cos_with_final_delta": 0.23828340524976904,
          "mean_component_vs_layer_input": 0.0
        },
        {
          "model": "glm4",
          "intervention": "category_cluster",
          "site": "hidden_29",
          "site_kind": "layer_out",
          "layer": 28,
          "n": 22,
          "mean_delta_norm": 0.812844224951484,
          "mean_amplification_vs_source": 2.7174228711167867,
          "mean_final_delta_norm": 2.5985499295321377,
          "mean_cos_with_final_delta": 0.19161148166114633,
          "mean_component_vs_layer_input": 0.0
        },
        {
          "model": "glm4",
          "intervention": "category_cluster",
          "site": "hidden_28",
          "site_kind": "layer_out",
          "layer": 27,
          "n": 22,
          "mean_delta_norm": 0.7144573493437334,
          "mean_amplification_vs_source": 2.3473867264834185,
          "mean_final_delta_norm": 2.5985499295321377,
          "mean_cos_with_final_delta": 0.17004901441660794,
          "mean_component_vs_layer_input": 0.0
        },
        {
          "model": "glm4",
          "intervention": "category_cluster",
          "site": "hidden_27",
          "site_kind": "layer_out",
          "layer": 26,
          "n": 22,
          "mean_delta_norm": 0.5604424110867761,
          "mean_amplification_vs_source": 1.7742649355306688,
          "mean_final_delta_norm": 2.5985499295321377,
          "mean_cos_with_final_delta": 0.14331832934509625,
          "mean_component_vs_layer_input": 0.0
        },
        {
          "model": "glm4",
          "intervention": "category_cluster",
          "site": "hidden_26",
          "site_kind": "layer_out",
          "layer": 25,
          "n": 22,
          "mean_delta_norm": 0.47908488051457837,
          "mean_amplification_vs_source": 1.383289238950826,
          "mean_final_delta_norm": 2.5985499295321377,
          "mean_cos_with_final_delta": 0.12276601486585358,
          "mean_component_vs_layer_input": 0.0
        },
        {
          "model": "glm4",
          "intervention": "category_cluster",
          "site": "hidden_25",
          "site_kind": "layer_out",
          "layer": 24,
          "n": 22,
          "mean_delta_norm": 0.3747233291241256,
          "mean_amplification_vs_source": 1.0,
          "mean_final_delta_norm": 2.5985499295321377,
          "mean_cos_with_final_delta": 0.10418218808163973,
          "mean_component_vs_layer_input": 0.0
        }
      ]
    },
    "category_full_head": {
      "n_sites": 18,
      "max_layer_out_amplification": 3.9775664525101164,
      "final_layer_out_amplification": null,
      "mean_mlp_component_vs_input": 0.4050649703629984,
      "mean_attn_component_vs_input": 0.3431242011348526,
      "top_sites_by_delta": [
        {
          "model": "glm4",
          "intervention": "category_full_head",
          "site": "hidden_40",
          "site_kind": "layer_out",
          "layer": 39,
          "n": 22,
          "mean_delta_norm": 5.405590761791576,
          "mean_amplification_vs_source": 3.9775664525101164,
          "mean_final_delta_norm": 5.405590761791576,
          "mean_cos_with_final_delta": 1.0000001192092896,
          "mean_component_vs_layer_input": 0.0
        },
        {
          "model": "glm4",
          "intervention": "category_full_head",
          "site": "hidden_33",
          "site_kind": "layer_out",
          "layer": 32,
          "n": 22,
          "mean_delta_norm": 3.096919509497556,
          "mean_amplification_vs_source": 1.9262371220702854,
          "mean_final_delta_norm": 5.405590761791576,
          "mean_cos_with_final_delta": 0.4020353284749118,
          "mean_component_vs_layer_input": 0.0
        },
        {
          "model": "glm4",
          "intervention": "category_full_head",
          "site": "hidden_32",
          "site_kind": "layer_out",
          "layer": 31,
          "n": 22,
          "mean_delta_norm": 2.920829187739979,
          "mean_amplification_vs_source": 1.7795647376409385,
          "mean_final_delta_norm": 5.405590761791576,
          "mean_cos_with_final_delta": 0.35704605145887897,
          "mean_component_vs_layer_input": 0.0
        },
        {
          "model": "glm4",
          "intervention": "category_full_head",
          "site": "hidden_31",
          "site_kind": "layer_out",
          "layer": 30,
          "n": 22,
          "mean_delta_norm": 2.7383812205357985,
          "mean_amplification_vs_source": 1.6078938207843907,
          "mean_final_delta_norm": 5.405590761791576,
          "mean_cos_with_final_delta": 0.3318616504018957,
          "mean_component_vs_layer_input": 0.0
        },
        {
          "model": "glm4",
          "intervention": "category_full_head",
          "site": "hidden_30",
          "site_kind": "layer_out",
          "layer": 29,
          "n": 22,
          "mean_delta_norm": 2.577849182215604,
          "mean_amplification_vs_source": 1.480094965640609,
          "mean_final_delta_norm": 5.405590761791576,
          "mean_cos_with_final_delta": 0.3111277866092595,
          "mean_component_vs_layer_input": 0.0
        },
        {
          "model": "glm4",
          "intervention": "category_full_head",
          "site": "hidden_29",
          "site_kind": "layer_out",
          "layer": 28,
          "n": 22,
          "mean_delta_norm": 2.3948383087461647,
          "mean_amplification_vs_source": 1.3469856642140554,
          "mean_final_delta_norm": 5.405590761791576,
          "mean_cos_with_final_delta": 0.2850422595034946,
          "mean_component_vs_layer_input": 0.0
        },
        {
          "model": "glm4",
          "intervention": "category_full_head",
          "site": "hidden_25",
          "site_kind": "layer_out",
          "layer": 24,
          "n": 22,
          "mean_delta_norm": 2.305596973408352,
          "mean_amplification_vs_source": 1.0,
          "mean_final_delta_norm": 5.405590761791576,
          "mean_cos_with_final_delta": 0.126097286966714,
          "mean_component_vs_layer_input": 0.0
        },
        {
          "model": "glm4",
          "intervention": "category_full_head",
          "site": "hidden_28",
          "site_kind": "layer_out",
          "layer": 27,
          "n": 22,
          "mean_delta_norm": 2.1974546909332275,
          "mean_amplification_vs_source": 1.1951342767038546,
          "mean_final_delta_norm": 5.405590761791576,
          "mean_cos_with_final_delta": 0.2683641808954152,
          "mean_component_vs_layer_input": 0.0
        },
        {
          "model": "glm4",
          "intervention": "category_full_head",
          "site": "hidden_27",
          "site_kind": "layer_out",
          "layer": 26,
          "n": 22,
          "mean_delta_norm": 2.0049396861683237,
          "mean_amplification_vs_source": 1.037443296005009,
          "mean_final_delta_norm": 5.405590761791576,
          "mean_cos_with_final_delta": 0.24225303733890707,
          "mean_component_vs_layer_input": 0.0
        },
        {
          "model": "glm4",
          "intervention": "category_full_head",
          "site": "hidden_26",
          "site_kind": "layer_out",
          "layer": 25,
          "n": 22,
          "mean_delta_norm": 1.8739724917845293,
          "mean_amplification_vs_source": 0.9353195260941216,
          "mean_final_delta_norm": 5.405590761791576,
          "mean_cos_with_final_delta": 0.2125969325954264,
          "mean_component_vs_layer_input": 0.0
        }
      ],
      "top_sites_by_amplification": [
        {
          "model": "glm4",
          "intervention": "category_full_head",
          "site": "hidden_40",
          "site_kind": "layer_out",
          "layer": 39,
          "n": 22,
          "mean_delta_norm": 5.405590761791576,
          "mean_amplification_vs_source": 3.9775664525101164,
          "mean_final_delta_norm": 5.405590761791576,
          "mean_cos_with_final_delta": 1.0000001192092896,
          "mean_component_vs_layer_input": 0.0
        },
        {
          "model": "glm4",
          "intervention": "category_full_head",
          "site": "hidden_33",
          "site_kind": "layer_out",
          "layer": 32,
          "n": 22,
          "mean_delta_norm": 3.096919509497556,
          "mean_amplification_vs_source": 1.9262371220702854,
          "mean_final_delta_norm": 5.405590761791576,
          "mean_cos_with_final_delta": 0.4020353284749118,
          "mean_component_vs_layer_input": 0.0
        },
        {
          "model": "glm4",
          "intervention": "category_full_head",
          "site": "hidden_32",
          "site_kind": "layer_out",
          "layer": 31,
          "n": 22,
          "mean_delta_norm": 2.920829187739979,
          "mean_amplification_vs_source": 1.7795647376409385,
          "mean_final_delta_norm": 5.405590761791576,
          "mean_cos_with_final_delta": 0.35704605145887897,
          "mean_component_vs_layer_input": 0.0
        },
        {
          "model": "glm4",
          "intervention": "category_full_head",
          "site": "hidden_31",
          "site_kind": "layer_out",
          "layer": 30,
          "n": 22,
          "mean_delta_norm": 2.7383812205357985,
          "mean_amplification_vs_source": 1.6078938207843907,
          "mean_final_delta_norm": 5.405590761791576,
          "mean_cos_with_final_delta": 0.3318616504018957,
          "mean_component_vs_layer_input": 0.0
        },
        {
          "model": "glm4",
          "intervention": "category_full_head",
          "site": "hidden_30",
          "site_kind": "layer_out",
          "layer": 29,
          "n": 22,
          "mean_delta_norm": 2.577849182215604,
          "mean_amplification_vs_source": 1.480094965640609,
          "mean_final_delta_norm": 5.405590761791576,
          "mean_cos_with_final_delta": 0.3111277866092595,
          "mean_component_vs_layer_input": 0.0
        },
        {
          "model": "glm4",
          "intervention": "category_full_head",
          "site": "hidden_29",
          "site_kind": "layer_out",
          "layer": 28,
          "n": 22,
          "mean_delta_norm": 2.3948383087461647,
          "mean_amplification_vs_source": 1.3469856642140554,
          "mean_final_delta_norm": 5.405590761791576,
          "mean_cos_with_final_delta": 0.2850422595034946,
          "mean_component_vs_layer_input": 0.0
        },
        {
          "model": "glm4",
          "intervention": "category_full_head",
          "site": "hidden_28",
          "site_kind": "layer_out",
          "layer": 27,
          "n": 22,
          "mean_delta_norm": 2.1974546909332275,
          "mean_amplification_vs_source": 1.1951342767038546,
          "mean_final_delta_norm": 5.405590761791576,
          "mean_cos_with_final_delta": 0.2683641808954152,
          "mean_component_vs_layer_input": 0.0
        },
        {
          "model": "glm4",
          "intervention": "category_full_head",
          "site": "hidden_27",
          "site_kind": "layer_out",
          "layer": 26,
          "n": 22,
          "mean_delta_norm": 2.0049396861683237,
          "mean_amplification_vs_source": 1.037443296005009,
          "mean_final_delta_norm": 5.405590761791576,
          "mean_cos_with_final_delta": 0.24225303733890707,
          "mean_component_vs_layer_input": 0.0
        },
        {
          "model": "glm4",
          "intervention": "category_full_head",
          "site": "hidden_25",
          "site_kind": "layer_out",
          "layer": 24,
          "n": 22,
          "mean_delta_norm": 2.305596973408352,
          "mean_amplification_vs_source": 1.0,
          "mean_final_delta_norm": 5.405590761791576,
          "mean_cos_with_final_delta": 0.126097286966714,
          "mean_component_vs_layer_input": 0.0
        },
        {
          "model": "glm4",
          "intervention": "category_full_head",
          "site": "hidden_26",
          "site_kind": "layer_out",
          "layer": 25,
          "n": 22,
          "mean_delta_norm": 1.8739724917845293,
          "mean_amplification_vs_source": 0.9353195260941216,
          "mean_final_delta_norm": 5.405590761791576,
          "mean_cos_with_final_delta": 0.2125969325954264,
          "mean_component_vs_layer_input": 0.0
        }
      ]
    },
    "category_plus_fruit_cluster": {
      "n_sites": 18,
      "max_layer_out_amplification": 12.441394122223931,
      "final_layer_out_amplification": null,
      "mean_mlp_component_vs_input": 0.4645691607180998,
      "mean_attn_component_vs_input": 0.3892245624453676,
      "top_sites_by_delta": [
        {
          "model": "glm4",
          "intervention": "category_plus_fruit_cluster",
          "site": "hidden_40",
          "site_kind": "layer_out",
          "layer": 39,
          "n": 22,
          "mean_delta_norm": 3.3918937878175215,
          "mean_amplification_vs_source": 12.441394122223931,
          "mean_final_delta_norm": 3.3918937878175215,
          "mean_cos_with_final_delta": 1.000000067732551,
          "mean_component_vs_layer_input": 0.0
        },
        {
          "model": "glm4",
          "intervention": "category_plus_fruit_cluster",
          "site": "hidden_33",
          "site_kind": "layer_out",
          "layer": 32,
          "n": 22,
          "mean_delta_norm": 1.7900863831693477,
          "mean_amplification_vs_source": 5.688817641852345,
          "mean_final_delta_norm": 3.3918937878175215,
          "mean_cos_with_final_delta": 0.4179863916202025,
          "mean_component_vs_layer_input": 0.0
        },
        {
          "model": "glm4",
          "intervention": "category_plus_fruit_cluster",
          "site": "hidden_32",
          "site_kind": "layer_out",
          "layer": 31,
          "n": 22,
          "mean_delta_norm": 1.6750101907686754,
          "mean_amplification_vs_source": 5.205237463658417,
          "mean_final_delta_norm": 3.3918937878175215,
          "mean_cos_with_final_delta": 0.37984380329197104,
          "mean_component_vs_layer_input": 0.0
        },
        {
          "model": "glm4",
          "intervention": "category_plus_fruit_cluster",
          "site": "hidden_31",
          "site_kind": "layer_out",
          "layer": 30,
          "n": 22,
          "mean_delta_norm": 1.5922880362380634,
          "mean_amplification_vs_source": 4.812759895161363,
          "mean_final_delta_norm": 3.3918937878175215,
          "mean_cos_with_final_delta": 0.35500219802964816,
          "mean_component_vs_layer_input": 0.0
        },
        {
          "model": "glm4",
          "intervention": "category_plus_fruit_cluster",
          "site": "hidden_30",
          "site_kind": "layer_out",
          "layer": 29,
          "n": 22,
          "mean_delta_norm": 1.5192893716421993,
          "mean_amplification_vs_source": 4.4559820824541205,
          "mean_final_delta_norm": 3.3918937878175215,
          "mean_cos_with_final_delta": 0.3356743570078503,
          "mean_component_vs_layer_input": 0.0
        },
        {
          "model": "glm4",
          "intervention": "category_plus_fruit_cluster",
          "site": "hidden_29",
          "site_kind": "layer_out",
          "layer": 28,
          "n": 22,
          "mean_delta_norm": 0.812844224951484,
          "mean_amplification_vs_source": 2.7174228711167867,
          "mean_final_delta_norm": 3.3918937878175215,
          "mean_cos_with_final_delta": 0.14395506104285066,
          "mean_component_vs_layer_input": 0.0
        },
        {
          "model": "glm4",
          "intervention": "category_plus_fruit_cluster",
          "site": "hidden_28",
          "site_kind": "layer_out",
          "layer": 27,
          "n": 22,
          "mean_delta_norm": 0.7144573493437334,
          "mean_amplification_vs_source": 2.3473867264834185,
          "mean_final_delta_norm": 3.3918937878175215,
          "mean_cos_with_final_delta": 0.1253893548114733,
          "mean_component_vs_layer_input": 0.0
        },
        {
          "model": "glm4",
          "intervention": "category_plus_fruit_cluster",
          "site": "hidden_27",
          "site_kind": "layer_out",
          "layer": 26,
          "n": 22,
          "mean_delta_norm": 0.5604424110867761,
          "mean_amplification_vs_source": 1.7742649355306688,
          "mean_final_delta_norm": 3.3918937878175215,
          "mean_cos_with_final_delta": 0.10680464147166772,
          "mean_component_vs_layer_input": 0.0
        },
        {
          "model": "glm4",
          "intervention": "category_plus_fruit_cluster",
          "site": "hidden_26",
          "site_kind": "layer_out",
          "layer": 25,
          "n": 22,
          "mean_delta_norm": 0.47908488051457837,
          "mean_amplification_vs_source": 1.383289238950826,
          "mean_final_delta_norm": 3.3918937878175215,
          "mean_cos_with_final_delta": 0.08929029835218733,
          "mean_component_vs_layer_input": 0.0
        },
        {
          "model": "glm4",
          "intervention": "category_plus_fruit_cluster",
          "site": "hidden_25",
          "site_kind": "layer_out",
          "layer": 24,
          "n": 22,
          "mean_delta_norm": 0.3747233291241256,
          "mean_amplification_vs_source": 1.0,
          "mean_final_delta_norm": 3.3918937878175215,
          "mean_cos_with_final_delta": 0.07444871045564386,
          "mean_component_vs_layer_input": 0.0
        }
      ],
      "top_sites_by_amplification": [
        {
          "model": "glm4",
          "intervention": "category_plus_fruit_cluster",
          "site": "hidden_40",
          "site_kind": "layer_out",
          "layer": 39,
          "n": 22,
          "mean_delta_norm": 3.3918937878175215,
          "mean_amplification_vs_source": 12.441394122223931,
          "mean_final_delta_norm": 3.3918937878175215,
          "mean_cos_with_final_delta": 1.000000067732551,
          "mean_component_vs_layer_input": 0.0
        },
        {
          "model": "glm4",
          "intervention": "category_plus_fruit_cluster",
          "site": "hidden_33",
          "site_kind": "layer_out",
          "layer": 32,
          "n": 22,
          "mean_delta_norm": 1.7900863831693477,
          "mean_amplification_vs_source": 5.688817641852345,
          "mean_final_delta_norm": 3.3918937878175215,
          "mean_cos_with_final_delta": 0.4179863916202025,
          "mean_component_vs_layer_input": 0.0
        },
        {
          "model": "glm4",
          "intervention": "category_plus_fruit_cluster",
          "site": "hidden_32",
          "site_kind": "layer_out",
          "layer": 31,
          "n": 22,
          "mean_delta_norm": 1.6750101907686754,
          "mean_amplification_vs_source": 5.205237463658417,
          "mean_final_delta_norm": 3.3918937878175215,
          "mean_cos_with_final_delta": 0.37984380329197104,
          "mean_component_vs_layer_input": 0.0
        },
        {
          "model": "glm4",
          "intervention": "category_plus_fruit_cluster",
          "site": "hidden_31",
          "site_kind": "layer_out",
          "layer": 30,
          "n": 22,
          "mean_delta_norm": 1.5922880362380634,
          "mean_amplification_vs_source": 4.812759895161363,
          "mean_final_delta_norm": 3.3918937878175215,
          "mean_cos_with_final_delta": 0.35500219802964816,
          "mean_component_vs_layer_input": 0.0
        },
        {
          "model": "glm4",
          "intervention": "category_plus_fruit_cluster",
          "site": "hidden_30",
          "site_kind": "layer_out",
          "layer": 29,
          "n": 22,
          "mean_delta_norm": 1.5192893716421993,
          "mean_amplification_vs_source": 4.4559820824541205,
          "mean_final_delta_norm": 3.3918937878175215,
          "mean_cos_with_final_delta": 0.3356743570078503,
          "mean_component_vs_layer_input": 0.0
        },
        {
          "model": "glm4",
          "intervention": "category_plus_fruit_cluster",
          "site": "hidden_29",
          "site_kind": "layer_out",
          "layer": 28,
          "n": 22,
          "mean_delta_norm": 0.812844224951484,
          "mean_amplification_vs_source": 2.7174228711167867,
          "mean_final_delta_norm": 3.3918937878175215,
          "mean_cos_with_final_delta": 0.14395506104285066,
          "mean_component_vs_layer_input": 0.0
        },
        {
          "model": "glm4",
          "intervention": "category_plus_fruit_cluster",
          "site": "hidden_28",
          "site_kind": "layer_out",
          "layer": 27,
          "n": 22,
          "mean_delta_norm": 0.7144573493437334,
          "mean_amplification_vs_source": 2.3473867264834185,
          "mean_final_delta_norm": 3.3918937878175215,
          "mean_cos_with_final_delta": 0.1253893548114733,
          "mean_component_vs_layer_input": 0.0
        },
        {
          "model": "glm4",
          "intervention": "category_plus_fruit_cluster",
          "site": "hidden_27",
          "site_kind": "layer_out",
          "layer": 26,
          "n": 22,
          "mean_delta_norm": 0.5604424110867761,
          "mean_amplification_vs_source": 1.7742649355306688,
          "mean_final_delta_norm": 3.3918937878175215,
          "mean_cos_with_final_delta": 0.10680464147166772,
          "mean_component_vs_layer_input": 0.0
        },
        {
          "model": "glm4",
          "intervention": "category_plus_fruit_cluster",
          "site": "hidden_26",
          "site_kind": "layer_out",
          "layer": 25,
          "n": 22,
          "mean_delta_norm": 0.47908488051457837,
          "mean_amplification_vs_source": 1.383289238950826,
          "mean_final_delta_norm": 3.3918937878175215,
          "mean_cos_with_final_delta": 0.08929029835218733,
          "mean_component_vs_layer_input": 0.0
        },
        {
          "model": "glm4",
          "intervention": "category_plus_fruit_cluster",
          "site": "hidden_25",
          "site_kind": "layer_out",
          "layer": 24,
          "n": 22,
          "mean_delta_norm": 0.3747233291241256,
          "mean_amplification_vs_source": 1.0,
          "mean_final_delta_norm": 3.3918937878175215,
          "mean_cos_with_final_delta": 0.07444871045564386,
          "mean_component_vs_layer_input": 0.0
        }
      ]
    }
  }
}
=== Phase729 glm4 done 2026-06-28 18:12:48 ===
