`torch_dtype` is deprecated! Use `dtype` instead!
Loading weights:   0%|          | 0/443 [00:00<?, ?it/s]Loading weights:   0%|          | 2/443 [00:00<00:48,  9.11it/s]Loading weights:   5%|▍         | 20/443 [00:00<00:05, 75.05it/s]Loading weights:  12%|█▏        | 55/443 [00:00<00:02, 170.06it/s]Loading weights:  21%|██        | 93/443 [00:00<00:01, 229.67it/s]Loading weights:  28%|██▊       | 126/443 [00:00<00:01, 256.10it/s]Loading weights:  36%|███▌      | 159/443 [00:00<00:01, 276.94it/s]Loading weights:  43%|████▎     | 191/443 [00:00<00:00, 286.78it/s]Loading weights:  51%|█████     | 224/443 [00:00<00:00, 295.68it/s]Loading weights:  58%|█████▊    | 258/443 [00:01<00:00, 299.89it/s]Loading weights:  67%|██████▋   | 296/443 [00:01<00:00, 299.09it/s]Loading weights:  76%|███████▌  | 335/443 [00:01<00:00, 320.23it/s]Loading weights:  83%|████████▎ | 368/443 [00:01<00:00, 318.96it/s]Loading weights:  91%|█████████ | 401/443 [00:01<00:00, 318.10it/s]Loading weights:  98%|█████████▊| 436/443 [00:01<00:00, 323.25it/s]Loading weights: 100%|██████████| 443/443 [00:01<00:00, 274.28it/s]
[12:36:33] Loaded glm4: class=GlmForCausalLM, GPU=18.80GB, attn=eager
[12:36:38] glm4: 5/5 paired cases patched
[model_utils] GPU memory released, allocated=18.86 GB
{
  "candidate_sites": [
    "L32_attn_out",
    "L29_attn_out",
    "L38_layer_out",
    "L39_layer_out"
  ],
  "model": "glm4",
  "n_paired_cases": 5,
  "n_rows": 105,
  "phase": 686,
  "summary": {
    "best_conditions": [
      {
        "condition": "L38_layer_out|add_delta",
        "mean_patched_pmv": -3.75,
        "mean_patched_rank": 1.0,
        "mean_rank_delta": 1.0,
        "mean_short_pmv": -2.225,
        "mean_short_rank": 2.0,
        "mean_terse_rank": 1.0,
        "n": 5,
        "patched_best_other_route": {
          "prose": 5
        },
        "patched_top1_rate": 1.0,
        "repair_rate": 1.0
      },
      {
        "condition": "L38_layer_out|replace",
        "mean_patched_pmv": -3.7375,
        "mean_patched_rank": 1.0,
        "mean_rank_delta": 1.0,
        "mean_short_pmv": -2.225,
        "mean_short_rank": 2.0,
        "mean_terse_rank": 1.0,
        "n": 5,
        "patched_best_other_route": {
          "prose": 5
        },
        "patched_top1_rate": 1.0,
        "repair_rate": 1.0
      },
      {
        "condition": "L39_layer_out|add_delta",
        "mean_patched_pmv": -3.75,
        "mean_patched_rank": 1.0,
        "mean_rank_delta": 1.0,
        "mean_short_pmv": -2.225,
        "mean_short_rank": 2.0,
        "mean_terse_rank": 1.0,
        "n": 5,
        "patched_best_other_route": {
          "prose": 5
        },
        "patched_top1_rate": 1.0,
        "repair_rate": 1.0
      },
      {
        "condition": "L39_layer_out|replace",
        "mean_patched_pmv": -3.75,
        "mean_patched_rank": 1.0,
        "mean_rank_delta": 1.0,
        "mean_short_pmv": -2.225,
        "mean_short_rank": 2.0,
        "mean_terse_rank": 1.0,
        "n": 5,
        "patched_best_other_route": {
          "prose": 5
        },
        "patched_top1_rate": 1.0,
        "repair_rate": 1.0
      },
      {
        "condition": "top2_layer_out|replace",
        "mean_patched_pmv": -3.75,
        "mean_patched_rank": 1.0,
        "mean_rank_delta": 1.0,
        "mean_short_pmv": -2.225,
        "mean_short_rank": 2.0,
        "mean_terse_rank": 1.0,
        "n": 5,
        "patched_best_other_route": {
          "prose": 5
        },
        "patched_top1_rate": 1.0,
        "repair_rate": 1.0
      },
      {
        "condition": "best_attn_plus_best_layer|add_delta",
        "mean_patched_pmv": -3.925,
        "mean_patched_rank": 1.0,
        "mean_rank_delta": 1.0,
        "mean_short_pmv": -2.225,
        "mean_short_rank": 2.0,
        "mean_terse_rank": 1.0,
        "n": 5,
        "patched_best_other_route": {
          "prose": 5
        },
        "patched_top1_rate": 1.0,
        "repair_rate": 1.0
      },
      {
        "condition": "best_attn_plus_best_layer|replace",
        "mean_patched_pmv": -3.7375,
        "mean_patched_rank": 1.0,
        "mean_rank_delta": 1.0,
        "mean_short_pmv": -2.225,
        "mean_short_rank": 2.0,
        "mean_terse_rank": 1.0,
        "n": 5,
        "patched_best_other_route": {
          "prose": 5
        },
        "patched_top1_rate": 1.0,
        "repair_rate": 1.0
      },
      {
        "condition": "top2_attn_out|add_delta",
        "mean_patched_pmv": -2.5875,
        "mean_patched_rank": 1.2,
        "mean_rank_delta": 0.8,
        "mean_short_pmv": -2.225,
        "mean_short_rank": 2.0,
        "mean_terse_rank": 1.0,
        "n": 5,
        "patched_best_other_route": {
          "continuation": 5
        },
        "patched_top1_rate": 0.8,
        "repair_rate": 0.8
      },
      {
        "condition": "top2_attn_out|replace",
        "mean_patched_pmv": -2.6125,
        "mean_patched_rank": 1.2,
        "mean_rank_delta": 0.8,
        "mean_short_pmv": -2.225,
        "mean_short_rank": 2.0,
        "mean_terse_rank": 1.0,
        "n": 5,
        "patched_best_other_route": {
          "continuation": 5
        },
        "patched_top1_rate": 0.8,
        "repair_rate": 0.8
      },
      {
        "condition": "top2_layer_out|add_delta",
        "mean_patched_pmv": -4.5625,
        "mean_patched_rank": 1.2,
        "mean_rank_delta": 0.8,
        "mean_short_pmv": -2.225,
        "mean_short_rank": 2.0,
        "mean_terse_rank": 1.0,
        "n": 5,
        "patched_best_other_route": {
          "json": 2,
          "prose": 3
        },
        "patched_top1_rate": 0.8,
        "repair_rate": 0.8
      },
      {
        "condition": "L32_attn_out|replace",
        "mean_patched_pmv": -2.45,
        "mean_patched_rank": 1.4,
        "mean_rank_delta": 0.6,
        "mean_short_pmv": -2.225,
        "mean_short_rank": 2.0,
        "mean_terse_rank": 1.0,
        "n": 5,
        "patched_best_other_route": {
          "continuation": 5
        },
        "patched_top1_rate": 0.6,
        "repair_rate": 0.6
      },
      {
        "condition": "L39_layer_out|random_delta",
        "mean_patched_pmv": -2.56875,
        "mean_patched_rank": 1.4,
        "mean_rank_delta": 0.6,
        "mean_short_pmv": -2.225,
        "mean_short_rank": 2.0,
        "mean_terse_rank": 1.0,
        "n": 5,
        "patched_best_other_route": {
          "continuation": 5
        },
        "patched_top1_rate": 0.6,
        "repair_rate": 0.6
      }
    ],
    "by_condition": {
      "L29_attn_out|add_delta": {
        "mean_patched_pmv": -2.325,
        "mean_patched_rank": 1.6,
        "mean_rank_delta": 0.4,
        "mean_short_pmv": -2.225,
        "mean_short_rank": 2.0,
        "mean_terse_rank": 1.0,
        "n": 5,
        "patched_best_other_route": {
          "continuation": 5
        },
        "patched_top1_rate": 0.4,
        "repair_rate": 0.4
      },
      "L29_attn_out|random_delta": {
        "mean_patched_pmv": -2.15,
        "mean_patched_rank": 1.8,
        "mean_rank_delta": 0.2,
        "mean_short_pmv": -2.225,
        "mean_short_rank": 2.0,
        "mean_terse_rank": 1.0,
        "n": 5,
        "patched_best_other_route": {
          "continuation": 5
        },
        "patched_top1_rate": 0.2,
        "repair_rate": 0.2
      },
      "L29_attn_out|replace": {
        "mean_patched_pmv": -2.3625,
        "mean_patched_rank": 1.6,
        "mean_rank_delta": 0.4,
        "mean_short_pmv": -2.225,
        "mean_short_rank": 2.0,
        "mean_terse_rank": 1.0,
        "n": 5,
        "patched_best_other_route": {
          "continuation": 5
        },
        "patched_top1_rate": 0.4,
        "repair_rate": 0.4
      },
      "L32_attn_out|add_delta": {
        "mean_patched_pmv": -2.4625,
        "mean_patched_rank": 1.6,
        "mean_rank_delta": 0.4,
        "mean_short_pmv": -2.225,
        "mean_short_rank": 2.0,
        "mean_terse_rank": 1.0,
        "n": 5,
        "patched_best_other_route": {
          "continuation": 5
        },
        "patched_top1_rate": 0.4,
        "repair_rate": 0.4
      },
      "L32_attn_out|random_delta": {
        "mean_patched_pmv": -2.2375,
        "mean_patched_rank": 1.8,
        "mean_rank_delta": 0.2,
        "mean_short_pmv": -2.225,
        "mean_short_rank": 2.0,
        "mean_terse_rank": 1.0,
        "n": 5,
        "patched_best_other_route": {
          "continuation": 5
        },
        "patched_top1_rate": 0.2,
        "repair_rate": 0.2
      },
      "L32_attn_out|replace": {
        "mean_patched_pmv": -2.45,
        "mean_patched_rank": 1.4,
        "mean_rank_delta": 0.6,
        "mean_short_pmv": -2.225,
        "mean_short_rank": 2.0,
        "mean_terse_rank": 1.0,
        "n": 5,
        "patched_best_other_route": {
          "continuation": 5
        },
        "patched_top1_rate": 0.6,
        "repair_rate": 0.6
      },
      "L38_layer_out|add_delta": {
        "mean_patched_pmv": -3.75,
        "mean_patched_rank": 1.0,
        "mean_rank_delta": 1.0,
        "mean_short_pmv": -2.225,
        "mean_short_rank": 2.0,
        "mean_terse_rank": 1.0,
        "n": 5,
        "patched_best_other_route": {
          "prose": 5
        },
        "patched_top1_rate": 1.0,
        "repair_rate": 1.0
      },
      "L38_layer_out|random_delta": {
        "mean_patched_pmv": -2.08125,
        "mean_patched_rank": 1.8,
        "mean_rank_delta": 0.2,
        "mean_short_pmv": -2.225,
        "mean_short_rank": 2.0,
        "mean_terse_rank": 1.0,
        "n": 5,
        "patched_best_other_route": {
          "continuation": 5
        },
        "patched_top1_rate": 0.2,
        "repair_rate": 0.2
      },
      "L38_layer_out|replace": {
        "mean_patched_pmv": -3.7375,
        "mean_patched_rank": 1.0,
        "mean_rank_delta": 1.0,
        "mean_short_pmv": -2.225,
        "mean_short_rank": 2.0,
        "mean_terse_rank": 1.0,
        "n": 5,
        "patched_best_other_route": {
          "prose": 5
        },
        "patched_top1_rate": 1.0,
        "repair_rate": 1.0
      },
      "L39_layer_out|add_delta": {
        "mean_patched_pmv": -3.75,
        "mean_patched_rank": 1.0,
        "mean_rank_delta": 1.0,
        "mean_short_pmv": -2.225,
        "mean_short_rank": 2.0,
        "mean_terse_rank": 1.0,
        "n": 5,
        "patched_best_other_route": {
          "prose": 5
        },
        "patched_top1_rate": 1.0,
        "repair_rate": 1.0
      },
      "L39_layer_out|random_delta": {
        "mean_patched_pmv": -2.56875,
        "mean_patched_rank": 1.4,
        "mean_rank_delta": 0.6,
        "mean_short_pmv": -2.225,
        "mean_short_rank": 2.0,
        "mean_terse_rank": 1.0,
        "n": 5,
        "patched_best_other_route": {
          "continuation": 5
        },
        "patched_top1_rate": 0.6,
        "repair_rate": 0.6
      },
      "L39_layer_out|replace": {
        "mean_patched_pmv": -3.75,
        "mean_patched_rank": 1.0,
        "mean_rank_delta": 1.0,
        "mean_short_pmv": -2.225,
        "mean_short_rank": 2.0,
        "mean_terse_rank": 1.0,
        "n": 5,
        "patched_best_other_route": {
          "prose": 5
        },
        "patched_top1_rate": 1.0,
        "repair_rate": 1.0
      },
      "best_attn_plus_best_layer|add_delta": {
        "mean_patched_pmv": -3.925,
        "mean_patched_rank": 1.0,
        "mean_rank_delta": 1.0,
        "mean_short_pmv": -2.225,
        "mean_short_rank": 2.0,
        "mean_terse_rank": 1.0,
        "n": 5,
        "patched_best_other_route": {
          "prose": 5
        },
        "patched_top1_rate": 1.0,
        "repair_rate": 1.0
      },
      "best_attn_plus_best_layer|random_delta": {
        "mean_patched_pmv": -2.4125,
        "mean_patched_rank": 1.4,
        "mean_rank_delta": 0.6,
        "mean_short_pmv": -2.225,
        "mean_short_rank": 2.0,
        "mean_terse_rank": 1.0,
        "n": 5,
        "patched_best_other_route": {
          "continuation": 5
        },
        "patched_top1_rate": 0.6,
        "repair_rate": 0.6
      },
      "best_attn_plus_best_layer|replace": {
        "mean_patched_pmv": -3.7375,
        "mean_patched_rank": 1.0,
        "mean_rank_delta": 1.0,
        "mean_short_pmv": -2.225,
        "mean_short_rank": 2.0,
        "mean_terse_rank": 1.0,
        "n": 5,
        "patched_best_other_route": {
          "prose": 5
        },
        "patched_top1_rate": 1.0,
        "repair_rate": 1.0
      },
      "top2_attn_out|add_delta": {
        "mean_patched_pmv": -2.5875,
        "mean_patched_rank": 1.2,
        "mean_rank_delta": 0.8,
        "mean_short_pmv": -2.225,
        "mean_short_rank": 2.0,
        "mean_terse_rank": 1.0,
        "n": 5,
        "patched_best_other_route": {
          "continuation": 5
        },
        "patched_top1_rate": 0.8,
        "repair_rate": 0.8
      },
      "top2_attn_out|random_delta": {
        "mean_patched_pmv": -2.2,
        "mean_patched_rank": 1.8,
        "mean_rank_delta": 0.2,
        "mean_short_pmv": -2.225,
        "mean_short_rank": 2.0,
        "mean_terse_rank": 1.0,
        "n": 5,
        "patched_best_other_route": {
          "continuation": 5
        },
        "patched_top1_rate": 0.2,
        "repair_rate": 0.2
      },
      "top2_attn_out|replace": {
        "mean_patched_pmv": -2.6125,
        "mean_patched_rank": 1.2,
        "mean_rank_delta": 0.8,
        "mean_short_pmv": -2.225,
        "mean_short_rank": 2.0,
        "mean_terse_rank": 1.0,
        "n": 5,
        "patched_best_other_route": {
          "continuation": 5
        },
        "patched_top1_rate": 0.8,
        "repair_rate": 0.8
      },
      "top2_layer_out|add_delta": {
        "mean_patched_pmv": -4.5625,
        "mean_patched_rank": 1.2,
        "mean_rank_delta": 0.8,
        "mean_short_pmv": -2.225,
        "mean_short_rank": 2.0,
        "mean_terse_rank": 1.0,
        "n": 5,
        "patched_best_other_route": {
          "json": 2,
          "prose": 3
        },
        "patched_top1_rate": 0.8,
        "repair_rate": 0.8
      },
      "top2_layer_out|random_delta": {
        "mean_patched_pmv": -2.79375,
        "mean_patched_rank": 1.6,
        "mean_rank_delta": 0.4,
        "mean_short_pmv": -2.225,
        "mean_short_rank": 2.0,
        "mean_terse_rank": 1.0,
        "n": 5,
        "patched_best_other_route": {
          "continuation": 5
        },
        "patched_top1_rate": 0.6,
        "repair_rate": 0.6
      },
      "top2_layer_out|replace": {
        "mean_patched_pmv": -3.75,
        "mean_patched_rank": 1.0,
        "mean_rank_delta": 1.0,
        "mean_short_pmv": -2.225,
        "mean_short_rank": 2.0,
        "mean_terse_rank": 1.0,
        "n": 5,
        "patched_best_other_route": {
          "prose": 5
        },
        "patched_top1_rate": 1.0,
        "repair_rate": 1.0
      }
    },
    "candidate_sites": [
      "L32_attn_out",
      "L29_attn_out",
      "L38_layer_out",
      "L39_layer_out"
    ],
    "model": "glm4",
    "n_paired_cases": 5,
    "random_controls": {
      "L29_attn_out|random_delta": {
        "mean_patched_pmv": -2.15,
        "mean_patched_rank": 1.8,
        "mean_rank_delta": 0.2,
        "mean_short_pmv": -2.225,
        "mean_short_rank": 2.0,
        "mean_terse_rank": 1.0,
        "n": 5,
        "patched_best_other_route": {
          "continuation": 5
        },
        "patched_top1_rate": 0.2,
        "repair_rate": 0.2
      },
      "L32_attn_out|random_delta": {
        "mean_patched_pmv": -2.2375,
        "mean_patched_rank": 1.8,
        "mean_rank_delta": 0.2,
        "mean_short_pmv": -2.225,
        "mean_short_rank": 2.0,
        "mean_terse_rank": 1.0,
        "n": 5,
        "patched_best_other_route": {
          "continuation": 5
        },
        "patched_top1_rate": 0.2,
        "repair_rate": 0.2
      },
      "L38_layer_out|random_delta": {
        "mean_patched_pmv": -2.08125,
        "mean_patched_rank": 1.8,
        "mean_rank_delta": 0.2,
        "mean_short_pmv": -2.225,
        "mean_short_rank": 2.0,
        "mean_terse_rank": 1.0,
        "n": 5,
        "patched_best_other_route": {
          "continuation": 5
        },
        "patched_top1_rate": 0.2,
        "repair_rate": 0.2
      },
      "L39_layer_out|random_delta": {
        "mean_patched_pmv": -2.56875,
        "mean_patched_rank": 1.4,
        "mean_rank_delta": 0.6,
        "mean_short_pmv": -2.225,
        "mean_short_rank": 2.0,
        "mean_terse_rank": 1.0,
        "n": 5,
        "patched_best_other_route": {
          "continuation": 5
        },
        "patched_top1_rate": 0.6,
        "repair_rate": 0.6
      },
      "best_attn_plus_best_layer|random_delta": {
        "mean_patched_pmv": -2.4125,
        "mean_patched_rank": 1.4,
        "mean_rank_delta": 0.6,
        "mean_short_pmv": -2.225,
        "mean_short_rank": 2.0,
        "mean_terse_rank": 1.0,
        "n": 5,
        "patched_best_other_route": {
          "continuation": 5
        },
        "patched_top1_rate": 0.6,
        "repair_rate": 0.6
      },
      "top2_attn_out|random_delta": {
        "mean_patched_pmv": -2.2,
        "mean_patched_rank": 1.8,
        "mean_rank_delta": 0.2,
        "mean_short_pmv": -2.225,
        "mean_short_rank": 2.0,
        "mean_terse_rank": 1.0,
        "n": 5,
        "patched_best_other_route": {
          "continuation": 5
        },
        "patched_top1_rate": 0.2,
        "repair_rate": 0.2
      },
      "top2_layer_out|random_delta": {
        "mean_patched_pmv": -2.79375,
        "mean_patched_rank": 1.6,
        "mean_rank_delta": 0.4,
        "mean_short_pmv": -2.225,
        "mean_short_rank": 2.0,
        "mean_terse_rank": 1.0,
        "n": 5,
        "patched_best_other_route": {
          "continuation": 5
        },
        "patched_top1_rate": 0.6,
        "repair_rate": 0.6
      }
    }
  },
  "timestamp": "2026-06-26 12:36:39",
  "title": "Late Attention Value-Readout Writer Restore"
}
