`torch_dtype` is deprecated! Use `dtype` instead!
Loading weights:   0%|          | 0/339 [00:00<?, ?it/s]Loading weights:   1%|          | 2/339 [00:00<00:28, 11.86it/s]Loading weights:   9%|▊         | 29/339 [00:00<00:02, 105.46it/s]Loading weights:  20%|█▉        | 67/339 [00:00<00:01, 187.68it/s]Loading weights:  32%|███▏      | 109/339 [00:00<00:00, 240.53it/s]Loading weights:  44%|████▍     | 149/339 [00:00<00:00, 279.62it/s]Loading weights:  54%|█████▍    | 184/339 [00:00<00:00, 293.00it/s]Loading weights:  63%|██████▎   | 215/339 [00:00<00:00, 255.11it/s]Loading weights:  76%|███████▌  | 257/339 [00:01<00:00, 291.36it/s]Loading weights:  85%|████████▍ | 288/339 [00:01<00:00, 262.35it/s]Loading weights:  96%|█████████▌| 325/339 [00:01<00:00, 267.56it/s]Loading weights: 100%|██████████| 339/339 [00:01<00:00, 253.81it/s]
[12:36:48] Loaded deepseek7b: class=Qwen2ForCausalLM, GPU=15.23GB, attn=eager
[12:36:58] deepseek7b: 12/72 paired cases patched
[12:37:08] deepseek7b: 24/72 paired cases patched
[12:37:19] deepseek7b: 36/72 paired cases patched
[12:37:29] deepseek7b: 48/72 paired cases patched
[12:37:39] deepseek7b: 60/72 paired cases patched
[12:37:50] deepseek7b: 72/72 paired cases patched
[model_utils] GPU memory released, allocated=15.29 GB
{
  "candidate_sites": [
    "L26_attn_out",
    "L23_attn_out",
    "L27_layer_out",
    "L26_layer_out"
  ],
  "model": "deepseek7b",
  "n_paired_cases": 72,
  "n_rows": 1512,
  "phase": 686,
  "summary": {
    "best_conditions": [
      {
        "condition": "L27_layer_out|add_delta",
        "mean_patched_pmv": -1.8836805555555556,
        "mean_patched_rank": 1.0,
        "mean_rank_delta": 166.69444444444446,
        "mean_short_pmv": 4.278645833333333,
        "mean_short_rank": 167.69444444444446,
        "mean_terse_rank": 1.0,
        "n": 72,
        "patched_best_other_route": {
          "prose": 72
        },
        "patched_top1_rate": 1.0,
        "repair_rate": 1.0
      },
      {
        "condition": "L27_layer_out|replace",
        "mean_patched_pmv": -1.8862847222222223,
        "mean_patched_rank": 1.0,
        "mean_rank_delta": 166.69444444444446,
        "mean_short_pmv": 4.278645833333333,
        "mean_short_rank": 167.69444444444446,
        "mean_terse_rank": 1.0,
        "n": 72,
        "patched_best_other_route": {
          "prose": 72
        },
        "patched_top1_rate": 1.0,
        "repair_rate": 1.0
      },
      {
        "condition": "L26_layer_out|add_delta",
        "mean_patched_pmv": -1.9748263888888888,
        "mean_patched_rank": 1.0,
        "mean_rank_delta": 166.69444444444446,
        "mean_short_pmv": 4.278645833333333,
        "mean_short_rank": 167.69444444444446,
        "mean_terse_rank": 1.0,
        "n": 72,
        "patched_best_other_route": {
          "prose": 72
        },
        "patched_top1_rate": 1.0,
        "repair_rate": 1.0
      },
      {
        "condition": "L26_layer_out|replace",
        "mean_patched_pmv": -1.9722222222222223,
        "mean_patched_rank": 1.0,
        "mean_rank_delta": 166.69444444444446,
        "mean_short_pmv": 4.278645833333333,
        "mean_short_rank": 167.69444444444446,
        "mean_terse_rank": 1.0,
        "n": 72,
        "patched_best_other_route": {
          "prose": 72
        },
        "patched_top1_rate": 1.0,
        "repair_rate": 1.0
      },
      {
        "condition": "top2_layer_out|replace",
        "mean_patched_pmv": -1.8862847222222223,
        "mean_patched_rank": 1.0,
        "mean_rank_delta": 166.69444444444446,
        "mean_short_pmv": 4.278645833333333,
        "mean_short_rank": 167.69444444444446,
        "mean_terse_rank": 1.0,
        "n": 72,
        "patched_best_other_route": {
          "prose": 72
        },
        "patched_top1_rate": 1.0,
        "repair_rate": 1.0
      },
      {
        "condition": "best_attn_plus_best_layer|replace",
        "mean_patched_pmv": -1.8862847222222223,
        "mean_patched_rank": 1.0,
        "mean_rank_delta": 166.69444444444446,
        "mean_short_pmv": 4.278645833333333,
        "mean_short_rank": 167.69444444444446,
        "mean_terse_rank": 1.0,
        "n": 72,
        "patched_best_other_route": {
          "prose": 72
        },
        "patched_top1_rate": 1.0,
        "repair_rate": 1.0
      },
      {
        "condition": "best_attn_plus_best_layer|add_delta",
        "mean_patched_pmv": -3.6961805555555554,
        "mean_patched_rank": 1.0138888888888888,
        "mean_rank_delta": 166.68055555555554,
        "mean_short_pmv": 4.278645833333333,
        "mean_short_rank": 167.69444444444446,
        "mean_terse_rank": 1.0,
        "n": 72,
        "patched_best_other_route": {
          "prose": 72
        },
        "patched_top1_rate": 0.9861111111111112,
        "repair_rate": 0.9861111111111112
      },
      {
        "condition": "top2_layer_out|add_delta",
        "mean_patched_pmv": -5.813368055555555,
        "mean_patched_rank": 1.0277777777777777,
        "mean_rank_delta": 166.66666666666666,
        "mean_short_pmv": 4.278645833333333,
        "mean_short_rank": 167.69444444444446,
        "mean_terse_rank": 1.0,
        "n": 72,
        "patched_best_other_route": {
          "json": 11,
          "prose": 61
        },
        "patched_top1_rate": 0.9861111111111112,
        "repair_rate": 0.9861111111111112
      },
      {
        "condition": "top2_attn_out|add_delta",
        "mean_patched_pmv": 0.9401041666666666,
        "mean_patched_rank": 5.138888888888889,
        "mean_rank_delta": 162.55555555555554,
        "mean_short_pmv": 4.278645833333333,
        "mean_short_rank": 167.69444444444446,
        "mean_terse_rank": 1.0,
        "n": 72,
        "patched_best_other_route": {
          "prose": 72
        },
        "patched_top1_rate": 0.2916666666666667,
        "repair_rate": 0.2916666666666667
      },
      {
        "condition": "top2_attn_out|replace",
        "mean_patched_pmv": 0.9401041666666666,
        "mean_patched_rank": 5.486111111111111,
        "mean_rank_delta": 162.20833333333334,
        "mean_short_pmv": 4.278645833333333,
        "mean_short_rank": 167.69444444444446,
        "mean_terse_rank": 1.0,
        "n": 72,
        "patched_best_other_route": {
          "prose": 72
        },
        "patched_top1_rate": 0.25,
        "repair_rate": 0.25
      },
      {
        "condition": "L27_layer_out|random_delta",
        "mean_patched_pmv": 3.470703125,
        "mean_patched_rank": 384.8333333333333,
        "mean_rank_delta": -217.13888888888889,
        "mean_short_pmv": 4.278645833333333,
        "mean_short_rank": 167.69444444444446,
        "mean_terse_rank": 1.0,
        "n": 72,
        "patched_best_other_route": {
          "continuation": 18,
          "json": 1,
          "prose": 53
        },
        "patched_top1_rate": 0.09722222222222222,
        "repair_rate": 0.09722222222222222
      },
      {
        "condition": "L26_attn_out|add_delta",
        "mean_patched_pmv": 1.8489583333333333,
        "mean_patched_rank": 10.708333333333334,
        "mean_rank_delta": 156.98611111111111,
        "mean_short_pmv": 4.278645833333333,
        "mean_short_rank": 167.69444444444446,
        "mean_terse_rank": 1.0,
        "n": 72,
        "patched_best_other_route": {
          "prose": 72
        },
        "patched_top1_rate": 0.06944444444444445,
        "repair_rate": 0.06944444444444445
      }
    ],
    "by_condition": {
      "L23_attn_out|add_delta": {
        "mean_patched_pmv": 3.0750868055555554,
        "mean_patched_rank": 44.333333333333336,
        "mean_rank_delta": 123.36111111111111,
        "mean_short_pmv": 4.278645833333333,
        "mean_short_rank": 167.69444444444446,
        "mean_terse_rank": 1.0,
        "n": 72,
        "patched_best_other_route": {
          "prose": 72
        },
        "patched_top1_rate": 0.06944444444444445,
        "repair_rate": 0.06944444444444445
      },
      "L23_attn_out|random_delta": {
        "mean_patched_pmv": 4.471354166666667,
        "mean_patched_rank": 181.91666666666666,
        "mean_rank_delta": -14.222222222222221,
        "mean_short_pmv": 4.278645833333333,
        "mean_short_rank": 167.69444444444446,
        "mean_terse_rank": 1.0,
        "n": 72,
        "patched_best_other_route": {
          "prose": 72
        },
        "patched_top1_rate": 0.013888888888888888,
        "repair_rate": 0.013888888888888888
      },
      "L23_attn_out|replace": {
        "mean_patched_pmv": 3.0625,
        "mean_patched_rank": 44.47222222222222,
        "mean_rank_delta": 123.22222222222223,
        "mean_short_pmv": 4.278645833333333,
        "mean_short_rank": 167.69444444444446,
        "mean_terse_rank": 1.0,
        "n": 72,
        "patched_best_other_route": {
          "prose": 72
        },
        "patched_top1_rate": 0.05555555555555555,
        "repair_rate": 0.05555555555555555
      },
      "L26_attn_out|add_delta": {
        "mean_patched_pmv": 1.8489583333333333,
        "mean_patched_rank": 10.708333333333334,
        "mean_rank_delta": 156.98611111111111,
        "mean_short_pmv": 4.278645833333333,
        "mean_short_rank": 167.69444444444446,
        "mean_terse_rank": 1.0,
        "n": 72,
        "patched_best_other_route": {
          "prose": 72
        },
        "patched_top1_rate": 0.06944444444444445,
        "repair_rate": 0.06944444444444445
      },
      "L26_attn_out|random_delta": {
        "mean_patched_pmv": 4.280381944444445,
        "mean_patched_rank": 161.51388888888889,
        "mean_rank_delta": 6.180555555555555,
        "mean_short_pmv": 4.278645833333333,
        "mean_short_rank": 167.69444444444446,
        "mean_terse_rank": 1.0,
        "n": 72,
        "patched_best_other_route": {
          "continuation": 3,
          "prose": 69
        },
        "patched_top1_rate": 0.013888888888888888,
        "repair_rate": 0.013888888888888888
      },
      "L26_attn_out|replace": {
        "mean_patched_pmv": 1.8472222222222223,
        "mean_patched_rank": 10.73611111111111,
        "mean_rank_delta": 156.95833333333334,
        "mean_short_pmv": 4.278645833333333,
        "mean_short_rank": 167.69444444444446,
        "mean_terse_rank": 1.0,
        "n": 72,
        "patched_best_other_route": {
          "prose": 72
        },
        "patched_top1_rate": 0.06944444444444445,
        "repair_rate": 0.06944444444444445
      },
      "L26_layer_out|add_delta": {
        "mean_patched_pmv": -1.9748263888888888,
        "mean_patched_rank": 1.0,
        "mean_rank_delta": 166.69444444444446,
        "mean_short_pmv": 4.278645833333333,
        "mean_short_rank": 167.69444444444446,
        "mean_terse_rank": 1.0,
        "n": 72,
        "patched_best_other_route": {
          "prose": 72
        },
        "patched_top1_rate": 1.0,
        "repair_rate": 1.0
      },
      "L26_layer_out|random_delta": {
        "mean_patched_pmv": 4.320963541666667,
        "mean_patched_rank": 358.7916666666667,
        "mean_rank_delta": -191.09722222222223,
        "mean_short_pmv": 4.278645833333333,
        "mean_short_rank": 167.69444444444446,
        "mean_terse_rank": 1.0,
        "n": 72,
        "patched_best_other_route": {
          "continuation": 13,
          "prose": 59
        },
        "patched_top1_rate": 0.027777777777777776,
        "repair_rate": 0.027777777777777776
      },
      "L26_layer_out|replace": {
        "mean_patched_pmv": -1.9722222222222223,
        "mean_patched_rank": 1.0,
        "mean_rank_delta": 166.69444444444446,
        "mean_short_pmv": 4.278645833333333,
        "mean_short_rank": 167.69444444444446,
        "mean_terse_rank": 1.0,
        "n": 72,
        "patched_best_other_route": {
          "prose": 72
        },
        "patched_top1_rate": 1.0,
        "repair_rate": 1.0
      },
      "L27_layer_out|add_delta": {
        "mean_patched_pmv": -1.8836805555555556,
        "mean_patched_rank": 1.0,
        "mean_rank_delta": 166.69444444444446,
        "mean_short_pmv": 4.278645833333333,
        "mean_short_rank": 167.69444444444446,
        "mean_terse_rank": 1.0,
        "n": 72,
        "patched_best_other_route": {
          "prose": 72
        },
        "patched_top1_rate": 1.0,
        "repair_rate": 1.0
      },
      "L27_layer_out|random_delta": {
        "mean_patched_pmv": 3.470703125,
        "mean_patched_rank": 384.8333333333333,
        "mean_rank_delta": -217.13888888888889,
        "mean_short_pmv": 4.278645833333333,
        "mean_short_rank": 167.69444444444446,
        "mean_terse_rank": 1.0,
        "n": 72,
        "patched_best_other_route": {
          "continuation": 18,
          "json": 1,
          "prose": 53
        },
        "patched_top1_rate": 0.09722222222222222,
        "repair_rate": 0.09722222222222222
      },
      "L27_layer_out|replace": {
        "mean_patched_pmv": -1.8862847222222223,
        "mean_patched_rank": 1.0,
        "mean_rank_delta": 166.69444444444446,
        "mean_short_pmv": 4.278645833333333,
        "mean_short_rank": 167.69444444444446,
        "mean_terse_rank": 1.0,
        "n": 72,
        "patched_best_other_route": {
          "prose": 72
        },
        "patched_top1_rate": 1.0,
        "repair_rate": 1.0
      },
      "best_attn_plus_best_layer|add_delta": {
        "mean_patched_pmv": -3.6961805555555554,
        "mean_patched_rank": 1.0138888888888888,
        "mean_rank_delta": 166.68055555555554,
        "mean_short_pmv": 4.278645833333333,
        "mean_short_rank": 167.69444444444446,
        "mean_terse_rank": 1.0,
        "n": 72,
        "patched_best_other_route": {
          "prose": 72
        },
        "patched_top1_rate": 0.9861111111111112,
        "repair_rate": 0.9861111111111112
      },
      "best_attn_plus_best_layer|random_delta": {
        "mean_patched_pmv": 3.506076388888889,
        "mean_patched_rank": 382.5138888888889,
        "mean_rank_delta": -214.81944444444446,
        "mean_short_pmv": 4.278645833333333,
        "mean_short_rank": 167.69444444444446,
        "mean_terse_rank": 1.0,
        "n": 72,
        "patched_best_other_route": {
          "continuation": 29,
          "list": 1,
          "prose": 42
        },
        "patched_top1_rate": 0.05555555555555555,
        "repair_rate": 0.05555555555555555
      },
      "best_attn_plus_best_layer|replace": {
        "mean_patched_pmv": -1.8862847222222223,
        "mean_patched_rank": 1.0,
        "mean_rank_delta": 166.69444444444446,
        "mean_short_pmv": 4.278645833333333,
        "mean_short_rank": 167.69444444444446,
        "mean_terse_rank": 1.0,
        "n": 72,
        "patched_best_other_route": {
          "prose": 72
        },
        "patched_top1_rate": 1.0,
        "repair_rate": 1.0
      },
      "top2_attn_out|add_delta": {
        "mean_patched_pmv": 0.9401041666666666,
        "mean_patched_rank": 5.138888888888889,
        "mean_rank_delta": 162.55555555555554,
        "mean_short_pmv": 4.278645833333333,
        "mean_short_rank": 167.69444444444446,
        "mean_terse_rank": 1.0,
        "n": 72,
        "patched_best_other_route": {
          "prose": 72
        },
        "patched_top1_rate": 0.2916666666666667,
        "repair_rate": 0.2916666666666667
      },
      "top2_attn_out|random_delta": {
        "mean_patched_pmv": 4.396918402777778,
        "mean_patched_rank": 231.52777777777777,
        "mean_rank_delta": -63.833333333333336,
        "mean_short_pmv": 4.278645833333333,
        "mean_short_rank": 167.69444444444446,
        "mean_terse_rank": 1.0,
        "n": 72,
        "patched_best_other_route": {
          "continuation": 5,
          "prose": 67
        },
        "patched_top1_rate": 0.0,
        "repair_rate": 0.0
      },
      "top2_attn_out|replace": {
        "mean_patched_pmv": 0.9401041666666666,
        "mean_patched_rank": 5.486111111111111,
        "mean_rank_delta": 162.20833333333334,
        "mean_short_pmv": 4.278645833333333,
        "mean_short_rank": 167.69444444444446,
        "mean_terse_rank": 1.0,
        "n": 72,
        "patched_best_other_route": {
          "prose": 72
        },
        "patched_top1_rate": 0.25,
        "repair_rate": 0.25
      },
      "top2_layer_out|add_delta": {
        "mean_patched_pmv": -5.813368055555555,
        "mean_patched_rank": 1.0277777777777777,
        "mean_rank_delta": 166.66666666666666,
        "mean_short_pmv": 4.278645833333333,
        "mean_short_rank": 167.69444444444446,
        "mean_terse_rank": 1.0,
        "n": 72,
        "patched_best_other_route": {
          "json": 11,
          "prose": 61
        },
        "patched_top1_rate": 0.9861111111111112,
        "repair_rate": 0.9861111111111112
      },
      "top2_layer_out|random_delta": {
        "mean_patched_pmv": 3.3253038194444446,
        "mean_patched_rank": 436.75,
        "mean_rank_delta": -269.05555555555554,
        "mean_short_pmv": 4.278645833333333,
        "mean_short_rank": 167.69444444444446,
        "mean_terse_rank": 1.0,
        "n": 72,
        "patched_best_other_route": {
          "continuation": 31,
          "json": 1,
          "list": 1,
          "prose": 39
        },
        "patched_top1_rate": 0.041666666666666664,
        "repair_rate": 0.041666666666666664
      },
      "top2_layer_out|replace": {
        "mean_patched_pmv": -1.8862847222222223,
        "mean_patched_rank": 1.0,
        "mean_rank_delta": 166.69444444444446,
        "mean_short_pmv": 4.278645833333333,
        "mean_short_rank": 167.69444444444446,
        "mean_terse_rank": 1.0,
        "n": 72,
        "patched_best_other_route": {
          "prose": 72
        },
        "patched_top1_rate": 1.0,
        "repair_rate": 1.0
      }
    },
    "candidate_sites": [
      "L26_attn_out",
      "L23_attn_out",
      "L27_layer_out",
      "L26_layer_out"
    ],
    "model": "deepseek7b",
    "n_paired_cases": 72,
    "random_controls": {
      "L23_attn_out|random_delta": {
        "mean_patched_pmv": 4.471354166666667,
        "mean_patched_rank": 181.91666666666666,
        "mean_rank_delta": -14.222222222222221,
        "mean_short_pmv": 4.278645833333333,
        "mean_short_rank": 167.69444444444446,
        "mean_terse_rank": 1.0,
        "n": 72,
        "patched_best_other_route": {
          "prose": 72
        },
        "patched_top1_rate": 0.013888888888888888,
        "repair_rate": 0.013888888888888888
      },
      "L26_attn_out|random_delta": {
        "mean_patched_pmv": 4.280381944444445,
        "mean_patched_rank": 161.51388888888889,
        "mean_rank_delta": 6.180555555555555,
        "mean_short_pmv": 4.278645833333333,
        "mean_short_rank": 167.69444444444446,
        "mean_terse_rank": 1.0,
        "n": 72,
        "patched_best_other_route": {
          "continuation": 3,
          "prose": 69
        },
        "patched_top1_rate": 0.013888888888888888,
        "repair_rate": 0.013888888888888888
      },
      "L26_layer_out|random_delta": {
        "mean_patched_pmv": 4.320963541666667,
        "mean_patched_rank": 358.7916666666667,
        "mean_rank_delta": -191.09722222222223,
        "mean_short_pmv": 4.278645833333333,
        "mean_short_rank": 167.69444444444446,
        "mean_terse_rank": 1.0,
        "n": 72,
        "patched_best_other_route": {
          "continuation": 13,
          "prose": 59
        },
        "patched_top1_rate": 0.027777777777777776,
        "repair_rate": 0.027777777777777776
      },
      "L27_layer_out|random_delta": {
        "mean_patched_pmv": 3.470703125,
        "mean_patched_rank": 384.8333333333333,
        "mean_rank_delta": -217.13888888888889,
        "mean_short_pmv": 4.278645833333333,
        "mean_short_rank": 167.69444444444446,
        "mean_terse_rank": 1.0,
        "n": 72,
        "patched_best_other_route": {
          "continuation": 18,
          "json": 1,
          "prose": 53
        },
        "patched_top1_rate": 0.09722222222222222,
        "repair_rate": 0.09722222222222222
      },
      "best_attn_plus_best_layer|random_delta": {
        "mean_patched_pmv": 3.506076388888889,
        "mean_patched_rank": 382.5138888888889,
        "mean_rank_delta": -214.81944444444446,
        "mean_short_pmv": 4.278645833333333,
        "mean_short_rank": 167.69444444444446,
        "mean_terse_rank": 1.0,
        "n": 72,
        "patched_best_other_route": {
          "continuation": 29,
          "list": 1,
          "prose": 42
        },
        "patched_top1_rate": 0.05555555555555555,
        "repair_rate": 0.05555555555555555
      },
      "top2_attn_out|random_delta": {
        "mean_patched_pmv": 4.396918402777778,
        "mean_patched_rank": 231.52777777777777,
        "mean_rank_delta": -63.833333333333336,
        "mean_short_pmv": 4.278645833333333,
        "mean_short_rank": 167.69444444444446,
        "mean_terse_rank": 1.0,
        "n": 72,
        "patched_best_other_route": {
          "continuation": 5,
          "prose": 67
        },
        "patched_top1_rate": 0.0,
        "repair_rate": 0.0
      },
      "top2_layer_out|random_delta": {
        "mean_patched_pmv": 3.3253038194444446,
        "mean_patched_rank": 436.75,
        "mean_rank_delta": -269.05555555555554,
        "mean_short_pmv": 4.278645833333333,
        "mean_short_rank": 167.69444444444446,
        "mean_terse_rank": 1.0,
        "n": 72,
        "patched_best_other_route": {
          "continuation": 31,
          "json": 1,
          "list": 1,
          "prose": 39
        },
        "patched_top1_rate": 0.041666666666666664,
        "repair_rate": 0.041666666666666664
      }
    }
  },
  "timestamp": "2026-06-26 12:37:50",
  "title": "Late Attention Value-Readout Writer Restore"
}
