=== before 2026-05-30 19:39:47 CST ===
--- uname ---
Linux rankrank-4090D 6.8.0-117-generic #117-Ubuntu SMP PREEMPT_DYNAMIC Tue May  5 19:26:24 UTC 2026 x86_64 x86_64 x86_64 GNU/Linux
--- nvidia version ---
NVRM version: NVIDIA UNIX x86_64 Kernel Module  570.211.01  Tue Nov 25 16:36:36 UTC 2025
GCC version:  gcc version 13.3.0 (Ubuntu 13.3.0-6ubuntu2~24.04.1) 
--- nvidia-smi skipped ---
--- python stack ---
python 3.11.15 (main, Mar 11 2026, 17:20:07) [GCC 14.3.0]
conda_env openone-cuda121
PROBE_TORCH_DTYPE bfloat16
PROBE_ATTN_IMPLEMENTATION eager
PROBE_DEVICE_MAP_AUTO_MODELS glm4,deepseek7b
torch 2.5.1+cu121 runtime 12.1 available True
gpu NVIDIA GeForce RTX 4090 D
flash_sdp_enabled True
=== after 2026-05-30 19:40:00 CST ===
--- uname ---
Linux rankrank-4090D 6.8.0-117-generic #117-Ubuntu SMP PREEMPT_DYNAMIC Tue May  5 19:26:24 UTC 2026 x86_64 x86_64 x86_64 GNU/Linux
--- nvidia version ---
NVRM version: NVIDIA UNIX x86_64 Kernel Module  570.211.01  Tue Nov 25 16:36:36 UTC 2025
GCC version:  gcc version 13.3.0 (Ubuntu 13.3.0-6ubuntu2~24.04.1) 
--- nvidia-smi skipped ---
--- python stack ---
python 3.11.15 (main, Mar 11 2026, 17:20:07) [GCC 14.3.0]
conda_env openone-cuda121
PROBE_TORCH_DTYPE bfloat16
PROBE_ATTN_IMPLEMENTATION eager
PROBE_DEVICE_MAP_AUTO_MODELS glm4,deepseek7b
torch 2.5.1+cu121 runtime 12.1 available True
gpu NVIDIA GeForce RTX 4090 D
flash_sdp_enabled True
