[2026-05-25 01:49:14] === Phase 273: Causal Path Decomposition — deepseek7b ===
[2026-05-25 01:49:26] Loading deepseek7b (bfloat16 + device_map=auto)...
[2026-05-25 01:49:39] deepseek7b loaded: device=cuda:0, GPU=9.01GB
[2026-05-25 01:49:39] Model: Qwen2ForCausalLM, layers=28, d_model=3584
[2026-05-25 01:49:39] --- Experiment A: Causal Importance Map ---
[2026-05-25 01:49:39] Exp A: Causal importance map, 30 words × 28 layers
[2026-05-25 01:49:47]   Word 'apple' layer 0: impact=20.0417
[2026-05-25 01:50:00]   Word 'apple' layer 5: impact=2.3750
[2026-05-25 01:50:12]   Word 'apple' layer 10: impact=0.0729
[2026-05-25 01:50:25]   Word 'apple' layer 15: impact=6.3620
[2026-05-25 01:50:37]   Word 'apple' layer 20: impact=1.0312
[2026-05-25 01:50:50]   Word 'apple' layer 25: impact=0.2500
[2026-05-25 01:50:57]   Word 'banana' layer 0: impact=12.1042
[2026-05-25 01:51:09]   Word 'banana' layer 5: impact=2.5208
[2026-05-25 01:51:22]   Word 'banana' layer 10: impact=3.6146
[2026-05-25 01:51:34]   Word 'banana' layer 15: impact=1.7396
[2026-05-25 01:51:47]   Word 'banana' layer 20: impact=3.0625
[2026-05-25 01:52:00]   Word 'banana' layer 25: impact=3.6875
[2026-05-25 01:52:08]   Word 'orange' layer 0: impact=20.9583
[2026-05-25 01:52:20]   Word 'orange' layer 5: impact=0.2083
[2026-05-25 01:52:33]   Word 'orange' layer 10: impact=1.1042
[2026-05-25 01:52:46]   Word 'orange' layer 15: impact=6.6354
[2026-05-25 01:52:59]   Word 'orange' layer 20: impact=3.7708
[2026-05-25 01:53:12]   Word 'orange' layer 25: impact=2.2917
[2026-05-25 01:53:20]   Word 'grape' layer 0: impact=13.2656
[2026-05-25 01:53:33]   Word 'grape' layer 5: impact=0.7604
[2026-05-25 01:53:46]   Word 'grape' layer 10: impact=2.5378
[2026-05-25 01:53:59]   Word 'grape' layer 15: impact=6.4661
[2026-05-25 01:54:13]   Word 'grape' layer 20: impact=3.0365
[2026-05-25 01:54:26]   Word 'grape' layer 25: impact=0.4583
[2026-05-25 01:54:33]   Word 'mango' layer 0: impact=12.6667
[2026-05-25 01:54:46]   Word 'mango' layer 5: impact=1.5729
[2026-05-25 01:54:59]   Word 'mango' layer 10: impact=3.0625
[2026-05-25 01:55:12]   Word 'mango' layer 15: impact=1.6354
[2026-05-25 01:55:25]   Word 'mango' layer 20: impact=3.9479
[2026-05-25 01:55:38]   Word 'mango' layer 25: impact=2.2917
[2026-05-25 01:55:43]   [5/30] words done, GPU=9.02GB
[2026-05-25 01:55:45]   Word 'pear' layer 0: impact=15.2031
[2026-05-25 01:55:58]   Word 'pear' layer 5: impact=0.1667
[2026-05-25 01:56:11]   Word 'pear' layer 10: impact=2.0521
[2026-05-25 01:56:24]   Word 'pear' layer 15: impact=5.0000
[2026-05-25 01:56:37]   Word 'pear' layer 20: impact=4.4271
[2026-05-25 01:56:49]   Word 'pear' layer 25: impact=1.6562
[2026-05-25 01:56:57]   Word 'peach' layer 0: impact=15.1667
[2026-05-25 01:57:09]   Word 'peach' layer 5: impact=1.1354
[2026-05-25 01:57:22]   Word 'peach' layer 10: impact=2.4479
[2026-05-25 01:57:35]   Word 'peach' layer 15: impact=1.9792
[2026-05-25 01:57:47]   Word 'peach' layer 20: impact=0.2292
[2026-05-25 01:58:00]   Word 'peach' layer 25: impact=1.8125
[2026-05-25 01:58:07]   Word 'cherry' layer 0: impact=7.2266
[2026-05-25 01:58:20]   Word 'cherry' layer 5: impact=2.6562
[2026-05-25 01:58:32]   Word 'cherry' layer 10: impact=3.9375
[2026-05-25 01:58:45]   Word 'cherry' layer 15: impact=1.2917
[2026-05-25 01:58:57]   Word 'cherry' layer 20: impact=1.1094
[2026-05-25 01:59:10]   Word 'cherry' layer 25: impact=5.9583
[2026-05-25 01:59:17]   Word 'lemon' layer 0: impact=17.8542
[2026-05-25 01:59:30]   Word 'lemon' layer 5: impact=0.3542
[2026-05-25 01:59:43]   Word 'lemon' layer 10: impact=1.0833
[2026-05-25 01:59:55]   Word 'lemon' layer 15: impact=2.6458
[2026-05-25 02:00:08]   Word 'lemon' layer 20: impact=3.3021
[2026-05-25 02:00:20]   Word 'lemon' layer 25: impact=1.2500
[2026-05-25 02:00:28]   Word 'lime' layer 0: impact=18.6927
[2026-05-25 02:00:40]   Word 'lime' layer 5: impact=1.0000
[2026-05-25 02:00:53]   Word 'lime' layer 10: impact=0.1458
[2026-05-25 02:01:05]   Word 'lime' layer 15: impact=4.8958
[2026-05-25 02:01:18]   Word 'lime' layer 20: impact=5.3542
[2026-05-25 02:01:30]   Word 'lime' layer 25: impact=0.6250
[2026-05-25 02:01:36]   [10/30] words done, GPU=9.02GB
[2026-05-25 02:01:38]   Word 'dog' layer 0: impact=19.5521
[2026-05-25 02:01:51]   Word 'dog' layer 5: impact=0.4583
[2026-05-25 02:02:03]   Word 'dog' layer 10: impact=2.6042
[2026-05-25 02:02:16]   Word 'dog' layer 15: impact=2.4479
[2026-05-25 02:02:29]   Word 'dog' layer 20: impact=1.5625
[2026-05-25 02:02:42]   Word 'dog' layer 25: impact=1.0625
[2026-05-25 02:02:50]   Word 'cat' layer 0: impact=17.4427
[2026-05-25 02:03:03]   Word 'cat' layer 5: impact=3.3542
[2026-05-25 02:03:16]   Word 'cat' layer 10: impact=4.3021
[2026-05-25 02:03:29]   Word 'cat' layer 15: impact=5.3542
[2026-05-25 02:03:42]   Word 'cat' layer 20: impact=0.5208
[2026-05-25 02:03:55]   Word 'cat' layer 25: impact=0.2917
[2026-05-25 02:04:02]   Word 'lion' layer 0: impact=13.1745
[2026-05-25 02:04:15]   Word 'lion' layer 5: impact=0.1875
[2026-05-25 02:04:28]   Word 'lion' layer 10: impact=0.9167
[2026-05-25 02:04:41]   Word 'lion' layer 15: impact=5.0677
[2026-05-25 02:04:53]   Word 'lion' layer 20: impact=1.8333
[2026-05-25 02:05:07]   Word 'lion' layer 25: impact=0.4583
[2026-05-25 02:05:15]   Word 'tiger' layer 0: impact=9.1380
[2026-05-25 02:05:28]   Word 'tiger' layer 5: impact=4.1667
[2026-05-25 02:05:41]   Word 'tiger' layer 10: impact=0.3854
[2026-05-25 02:05:54]   Word 'tiger' layer 15: impact=4.2500
[2026-05-25 02:06:08]   Word 'tiger' layer 20: impact=3.2917
[2026-05-25 02:06:21]   Word 'tiger' layer 25: impact=3.2917
[2026-05-25 02:06:29]   Word 'bear' layer 0: impact=11.9323
[2026-05-25 02:06:42]   Word 'bear' layer 5: impact=5.0521
[2026-05-25 02:06:56]   Word 'bear' layer 10: impact=1.1250
[2026-05-25 02:07:09]   Word 'bear' layer 15: impact=4.5521
[2026-05-25 02:07:23]   Word 'bear' layer 20: impact=3.4062
[2026-05-25 02:07:36]   Word 'bear' layer 25: impact=4.5729
[2026-05-25 02:07:41]   [15/30] words done, GPU=9.02GB
[2026-05-25 02:07:44]   Word 'wolf' layer 0: impact=20.1146
[2026-05-25 02:07:57]   Word 'wolf' layer 5: impact=1.7708
[2026-05-25 02:08:10]   Word 'wolf' layer 10: impact=0.5625
[2026-05-25 02:08:24]   Word 'wolf' layer 15: impact=2.5104
[2026-05-25 02:08:37]   Word 'wolf' layer 20: impact=3.8333
[2026-05-25 02:08:50]   Word 'wolf' layer 25: impact=1.5208
[2026-05-25 02:08:58]   Word 'fox' layer 0: impact=18.0781
[2026-05-25 02:09:11]   Word 'fox' layer 5: impact=0.9167
[2026-05-25 02:09:25]   Word 'fox' layer 10: impact=5.0521
[2026-05-25 02:09:38]   Word 'fox' layer 15: impact=1.0104
[2026-05-25 02:09:52]   Word 'fox' layer 20: impact=0.6667
[2026-05-25 02:10:05]   Word 'fox' layer 25: impact=0.7708
[2026-05-25 02:10:12]   Word 'deer' layer 0: impact=17.7812
[2026-05-25 02:10:26]   Word 'deer' layer 5: impact=4.4427
[2026-05-25 02:10:39]   Word 'deer' layer 10: impact=2.6250
[2026-05-25 02:10:52]   Word 'deer' layer 15: impact=3.0938
[2026-05-25 02:11:05]   Word 'deer' layer 20: impact=1.4583
[2026-05-25 02:11:19]   Word 'deer' layer 25: impact=1.6458
[2026-05-25 02:11:26]   Word 'horse' layer 0: impact=17.7604
[2026-05-25 02:11:40]   Word 'horse' layer 5: impact=1.8333
[2026-05-25 02:11:53]   Word 'horse' layer 10: impact=0.3750
[2026-05-25 02:12:06]   Word 'horse' layer 15: impact=3.3438
[2026-05-25 02:12:20]   Word 'horse' layer 20: impact=3.3542
[2026-05-25 02:12:33]   Word 'horse' layer 25: impact=0.3750
[2026-05-25 02:12:41]   Word 'cow' layer 0: impact=10.4583
[2026-05-25 02:12:54]   Word 'cow' layer 5: impact=3.6146
[2026-05-25 02:13:08]   Word 'cow' layer 10: impact=4.4896
[2026-05-25 02:13:21]   Word 'cow' layer 15: impact=1.0260
[2026-05-25 02:13:34]   Word 'cow' layer 20: impact=1.6562
[2026-05-25 02:13:47]   Word 'cow' layer 25: impact=4.7812
[2026-05-25 02:13:52]   [20/30] words done, GPU=9.02GB
[2026-05-25 02:13:55]   Word 'car' layer 0: impact=17.9583
[2026-05-25 02:14:08]   Word 'car' layer 5: impact=3.0781
[2026-05-25 02:14:22]   Word 'car' layer 10: impact=1.4688
[2026-05-25 02:14:35]   Word 'car' layer 15: impact=1.7812
[2026-05-25 02:14:48]   Word 'car' layer 20: impact=0.3542
[2026-05-25 02:15:01]   Word 'car' layer 25: impact=4.0208
[2026-05-25 02:15:09]   Word 'bus' layer 0: impact=14.8177
[2026-05-25 02:15:22]   Word 'bus' layer 5: impact=5.9167
[2026-05-25 02:15:36]   Word 'bus' layer 10: impact=1.8125
[2026-05-25 02:15:49]   Word 'bus' layer 15: impact=0.7500
[2026-05-25 02:16:02]   Word 'bus' layer 20: impact=4.8125
[2026-05-25 02:16:15]   Word 'bus' layer 25: impact=6.8125
[2026-05-25 02:16:23]   Word 'train' layer 0: impact=13.9453
[2026-05-25 02:16:36]   Word 'train' layer 5: impact=0.3125
[2026-05-25 02:16:50]   Word 'train' layer 10: impact=0.8021
[2026-05-25 02:17:03]   Word 'train' layer 15: impact=4.7865
[2026-05-25 02:17:16]   Word 'train' layer 20: impact=0.6354
[2026-05-25 02:17:29]   Word 'train' layer 25: impact=2.8542
[2026-05-25 02:17:38]   Word 'plane' layer 0: impact=15.4089
[2026-05-25 02:17:51]   Word 'plane' layer 5: impact=0.6667
[2026-05-25 02:18:04]   Word 'plane' layer 10: impact=1.9583
[2026-05-25 02:18:17]   Word 'plane' layer 15: impact=7.2344
[2026-05-25 02:18:31]   Word 'plane' layer 20: impact=1.8229
[2026-05-25 02:18:44]   Word 'plane' layer 25: impact=2.2500
[2026-05-25 02:18:52]   Word 'bike' layer 0: impact=16.7604
[2026-05-25 02:19:06]   Word 'bike' layer 5: impact=4.1562
[2026-05-25 02:19:19]   Word 'bike' layer 10: impact=3.9479
[2026-05-25 02:19:32]   Word 'bike' layer 15: impact=6.0729
[2026-05-25 02:19:46]   Word 'bike' layer 20: impact=4.4375
[2026-05-25 02:19:59]   Word 'bike' layer 25: impact=0.4583
[2026-05-25 02:20:05]   [25/30] words done, GPU=9.02GB
[2026-05-25 02:20:07]   Word 'truck' layer 0: impact=21.6875
[2026-05-25 02:20:20]   Word 'truck' layer 5: impact=2.9271
[2026-05-25 02:20:34]   Word 'truck' layer 10: impact=2.5208
[2026-05-25 02:20:47]   Word 'truck' layer 15: impact=9.4844
[2026-05-25 02:21:01]   Word 'truck' layer 20: impact=4.9375
[2026-05-25 02:21:14]   Word 'truck' layer 25: impact=4.9167
[2026-05-25 02:21:22]   Word 'boat' layer 0: impact=14.3594
[2026-05-25 02:21:35]   Word 'boat' layer 5: impact=0.7708
[2026-05-25 02:21:48]   Word 'boat' layer 10: impact=0.0312
[2026-05-25 02:22:02]   Word 'boat' layer 15: impact=4.0208
[2026-05-25 02:22:15]   Word 'boat' layer 20: impact=1.9167
[2026-05-25 02:22:28]   Word 'boat' layer 25: impact=3.5625
[2026-05-25 02:22:36]   Word 'ship' layer 0: impact=21.8125
[2026-05-25 02:22:49]   Word 'ship' layer 5: impact=1.7083
[2026-05-25 02:23:02]   Word 'ship' layer 10: impact=4.8021
[2026-05-25 02:23:16]   Word 'ship' layer 15: impact=8.7135
[2026-05-25 02:23:29]   Word 'ship' layer 20: impact=4.0521
[2026-05-25 02:23:42]   Word 'ship' layer 25: impact=1.0625
[2026-05-25 02:23:50]   Word 'taxi' layer 0: impact=13.1146
[2026-05-25 02:24:03]   Word 'taxi' layer 5: impact=1.7917
[2026-05-25 02:24:17]   Word 'taxi' layer 10: impact=2.4062
[2026-05-25 02:24:30]   Word 'taxi' layer 15: impact=4.0625
[2026-05-25 02:24:43]   Word 'taxi' layer 20: impact=1.6146
[2026-05-25 02:24:57]   Word 'taxi' layer 25: impact=1.4792
[2026-05-25 02:25:04]   Word 'van' layer 0: impact=13.9128
[2026-05-25 02:25:18]   Word 'van' layer 5: impact=2.4583
[2026-05-25 02:25:31]   Word 'van' layer 10: impact=1.4167
[2026-05-25 02:25:45]   Word 'van' layer 15: impact=2.1875
[2026-05-25 02:25:58]   Word 'van' layer 20: impact=1.1250
[2026-05-25 02:26:11]   Word 'van' layer 25: impact=0.0417
[2026-05-25 02:26:16]   [30/30] words done, GPU=9.02GB
[2026-05-25 02:26:16] Exp A done, GPU=9.02GB
[2026-05-25 02:26:16] --- Experiment B: MLP Causal Tracing ---
[2026-05-25 02:26:16] Exp B: MLP causal tracing, 10 words × 28 layers
[2026-05-25 02:29:58]   [3/10] words done (MLP), GPU=9.02GB
[2026-05-25 02:33:35]   [6/10] words done (MLP), GPU=9.02GB
[2026-05-25 02:37:07]   [9/10] words done (MLP), GPU=9.02GB
[2026-05-25 02:38:18] Exp B done, GPU=9.02GB
[2026-05-25 02:38:18] --- Experiment C: Cross-concept Causal Overlap ---
[2026-05-25 02:38:18] Exp C: Cross-concept causal overlap, 23 unique words
[2026-05-25 02:44:06]   [5/23] causal maps done, GPU=9.02GB
[2026-05-25 02:49:54]   [10/23] causal maps done, GPU=9.02GB
[2026-05-25 02:56:02]   [15/23] causal maps done, GPU=9.02GB
[2026-05-25 03:02:07]   [20/23] causal maps done, GPU=9.02GB
[2026-05-25 03:05:39]   Within-category: spearman_r=0.3777, cosine=0.8575, jaccard=0.3496
[2026-05-25 03:05:39]   Between-category: spearman_r=0.2746, cosine=0.8388, jaccard=0.3060
[2026-05-25 03:05:39] Exp C done, GPU=9.02GB
[2026-05-25 03:05:39] --- Experiment D: Causal Divergence Point ---
[2026-05-25 03:05:39] Exp D: Causal divergence point, 10 pairs × 28 layers
[2026-05-25 03:10:18]   Pair (apple, banana): max_diff_layer=0 (A ctx), 21 (B ctx)
[2026-05-25 03:14:56]   Pair (apple, orange): max_diff_layer=0 (A ctx), 1 (B ctx)
[2026-05-25 03:19:34]   Pair (banana, grape): max_diff_layer=0 (A ctx), 20 (B ctx)
[2026-05-25 03:24:11]   Pair (dog, cat): max_diff_layer=0 (A ctx), 9 (B ctx)
[2026-05-25 03:28:49]   Pair (lion, tiger): max_diff_layer=1 (A ctx), 6 (B ctx)
[2026-05-25 03:33:27]   Pair (apple, dog): max_diff_layer=0 (A ctx), 0 (B ctx)
[2026-05-25 03:38:05]   Pair (banana, car): max_diff_layer=2 (A ctx), 0 (B ctx)
[2026-05-25 03:42:44]   Pair (orange, lion): max_diff_layer=0 (A ctx), 5 (B ctx)
[2026-05-25 03:47:21]   Pair (grape, train): max_diff_layer=2 (A ctx), 0 (B ctx)
[2026-05-25 03:51:59]   Pair (mango, bike): max_diff_layer=19 (A ctx), 0 (B ctx)
[2026-05-25 03:52:00] Exp D done, GPU=9.02GB
[2026-05-25 03:52:00] === Phase 273 Complete: deepseek7b ===
[2026-05-25 03:52:00] Results saved to results\phase273_causal_path\deepseek7b_phase273.json
[2026-05-25 03:52:00] Model released, GPU=0.01GB
