[2026-05-24 23:16:20] === Phase 273: Causal Path Decomposition — glm4 ===
[2026-05-24 23:16:21] Loading glm4 (bfloat16 + device_map=auto)...
[2026-05-24 23:16:32] glm4 loaded: device=cuda:0, GPU=8.99GB
[2026-05-24 23:16:32] Model: GlmForCausalLM, layers=40, d_model=4096
[2026-05-24 23:16:32] --- Experiment A: Causal Importance Map ---
[2026-05-24 23:16:32] Exp A: Causal importance map, 30 words × 21 layers
[2026-05-24 23:16:47]   Word 'apple' layer 0: impact=6.6823
[2026-05-24 23:17:09]   Word 'apple' layer 10: impact=4.9505
[2026-05-24 23:17:31]   Word 'apple' layer 20: impact=4.7760
[2026-05-24 23:17:53]   Word 'apple' layer 30: impact=1.3229
[2026-05-24 23:18:15]   Word 'apple' layer 39: impact=2.3411
[2026-05-24 23:18:19]   Word 'banana' layer 0: impact=7.2383
[2026-05-24 23:18:41]   Word 'banana' layer 10: impact=5.9870
[2026-05-24 23:19:02]   Word 'banana' layer 20: impact=5.2721
[2026-05-24 23:19:24]   Word 'banana' layer 30: impact=3.2682
[2026-05-24 23:19:46]   Word 'banana' layer 39: impact=2.5781
[2026-05-24 23:19:50]   Word 'orange' layer 0: impact=7.2344
[2026-05-24 23:20:12]   Word 'orange' layer 10: impact=8.6686
[2026-05-24 23:20:34]   Word 'orange' layer 20: impact=9.9466
[2026-05-24 23:20:56]   Word 'orange' layer 30: impact=2.9948
[2026-05-24 23:21:18]   Word 'orange' layer 39: impact=2.5312
[2026-05-24 23:21:22]   Word 'grape' layer 0: impact=8.2448
[2026-05-24 23:21:44]   Word 'grape' layer 10: impact=5.2266
[2026-05-24 23:22:05]   Word 'grape' layer 20: impact=4.5638
[2026-05-24 23:22:27]   Word 'grape' layer 30: impact=3.3542
[2026-05-24 23:22:49]   Word 'grape' layer 39: impact=3.1302
[2026-05-24 23:22:53]   Word 'mango' layer 0: impact=5.4036
[2026-05-24 23:23:15]   Word 'mango' layer 10: impact=6.9097
[2026-05-24 23:23:37]   Word 'mango' layer 20: impact=4.7448
[2026-05-24 23:23:59]   Word 'mango' layer 30: impact=5.2780
[2026-05-24 23:24:20]   Word 'mango' layer 39: impact=2.1562
[2026-05-24 23:24:20]   [5/30] words done, GPU=9.00GB
[2026-05-24 23:24:25]   Word 'pear' layer 0: impact=8.8320
[2026-05-24 23:24:47]   Word 'pear' layer 10: impact=9.9167
[2026-05-24 23:25:08]   Word 'pear' layer 20: impact=7.2770
[2026-05-24 23:25:30]   Word 'pear' layer 30: impact=7.3776
[2026-05-24 23:25:52]   Word 'pear' layer 39: impact=3.2812
[2026-05-24 23:25:56]   Word 'peach' layer 0: impact=8.8984
[2026-05-24 23:26:18]   Word 'peach' layer 10: impact=7.2708
[2026-05-24 23:26:40]   Word 'peach' layer 20: impact=9.0495
[2026-05-24 23:27:02]   Word 'peach' layer 30: impact=5.3646
[2026-05-24 23:27:23]   Word 'peach' layer 39: impact=3.4062
[2026-05-24 23:27:28]   Word 'cherry' layer 0: impact=5.4269
[2026-05-24 23:27:50]   Word 'cherry' layer 10: impact=6.1263
[2026-05-24 23:28:11]   Word 'cherry' layer 20: impact=6.6003
[2026-05-24 23:28:33]   Word 'cherry' layer 30: impact=4.1510
[2026-05-24 23:28:55]   Word 'cherry' layer 39: impact=2.8333
[2026-05-24 23:28:59]   Word 'lemon' layer 0: impact=9.8750
[2026-05-24 23:29:21]   Word 'lemon' layer 10: impact=7.8750
[2026-05-24 23:29:43]   Word 'lemon' layer 20: impact=6.2246
[2026-05-24 23:30:04]   Word 'lemon' layer 30: impact=6.1615
[2026-05-24 23:30:26]   Word 'lemon' layer 39: impact=2.2005
[2026-05-24 23:30:30]   Word 'lime' layer 0: impact=6.7069
[2026-05-24 23:30:52]   Word 'lime' layer 10: impact=8.9766
[2026-05-24 23:31:14]   Word 'lime' layer 20: impact=5.7057
[2026-05-24 23:31:35]   Word 'lime' layer 30: impact=4.2555
[2026-05-24 23:31:57]   Word 'lime' layer 39: impact=2.8021
[2026-05-24 23:31:57]   [10/30] words done, GPU=9.00GB
[2026-05-24 23:32:02]   Word 'dog' layer 0: impact=6.9604
[2026-05-24 23:32:23]   Word 'dog' layer 10: impact=3.5587
[2026-05-24 23:32:45]   Word 'dog' layer 20: impact=6.7127
[2026-05-24 23:33:07]   Word 'dog' layer 30: impact=1.6198
[2026-05-24 23:33:28]   Word 'dog' layer 39: impact=2.1536
[2026-05-24 23:33:33]   Word 'cat' layer 0: impact=5.6198
[2026-05-24 23:33:54]   Word 'cat' layer 10: impact=2.5703
[2026-05-24 23:34:16]   Word 'cat' layer 20: impact=4.4661
[2026-05-24 23:34:38]   Word 'cat' layer 30: impact=2.5573
[2026-05-24 23:35:00]   Word 'cat' layer 39: impact=2.0260
[2026-05-24 23:35:04]   Word 'lion' layer 0: impact=6.9896
[2026-05-24 23:35:26]   Word 'lion' layer 10: impact=6.0104
[2026-05-24 23:35:48]   Word 'lion' layer 20: impact=5.0863
[2026-05-24 23:36:09]   Word 'lion' layer 30: impact=4.9232
[2026-05-24 23:36:31]   Word 'lion' layer 39: impact=2.4115
[2026-05-24 23:36:35]   Word 'tiger' layer 0: impact=5.0827
[2026-05-24 23:36:57]   Word 'tiger' layer 10: impact=2.0260
[2026-05-24 23:37:19]   Word 'tiger' layer 20: impact=2.8995
[2026-05-24 23:37:41]   Word 'tiger' layer 30: impact=3.2526
[2026-05-24 23:38:02]   Word 'tiger' layer 39: impact=2.0365
[2026-05-24 23:38:07]   Word 'bear' layer 0: impact=10.5052
[2026-05-24 23:38:29]   Word 'bear' layer 10: impact=7.7396
[2026-05-24 23:38:50]   Word 'bear' layer 20: impact=5.7161
[2026-05-24 23:39:12]   Word 'bear' layer 30: impact=0.2708
[2026-05-24 23:39:34]   Word 'bear' layer 39: impact=2.4323
[2026-05-24 23:39:34]   [15/30] words done, GPU=9.00GB
[2026-05-24 23:39:38]   Word 'wolf' layer 0: impact=7.2243
[2026-05-24 23:40:00]   Word 'wolf' layer 10: impact=5.4922
[2026-05-24 23:40:22]   Word 'wolf' layer 20: impact=5.1442
[2026-05-24 23:40:43]   Word 'wolf' layer 30: impact=2.3255
[2026-05-24 23:41:05]   Word 'wolf' layer 39: impact=2.2109
[2026-05-24 23:41:10]   Word 'fox' layer 0: impact=4.3802
[2026-05-24 23:41:31]   Word 'fox' layer 10: impact=4.8925
[2026-05-24 23:41:53]   Word 'fox' layer 20: impact=6.6979
[2026-05-24 23:42:14]   Word 'fox' layer 30: impact=3.1745
[2026-05-24 23:42:36]   Word 'fox' layer 39: impact=1.8958
[2026-05-24 23:42:40]   Word 'deer' layer 0: impact=8.3177
[2026-05-24 23:43:02]   Word 'deer' layer 10: impact=9.0599
[2026-05-24 23:43:23]   Word 'deer' layer 20: impact=5.4929
[2026-05-24 23:43:45]   Word 'deer' layer 30: impact=5.4323
[2026-05-24 23:44:06]   Word 'deer' layer 39: impact=2.1276
[2026-05-24 23:44:10]   Word 'horse' layer 0: impact=4.0039
[2026-05-24 23:44:31]   Word 'horse' layer 10: impact=4.7036
[2026-05-24 23:44:53]   Word 'horse' layer 20: impact=2.2630
[2026-05-24 23:45:14]   Word 'horse' layer 30: impact=2.7604
[2026-05-24 23:45:35]   Word 'horse' layer 39: impact=2.1562
[2026-05-24 23:45:40]   Word 'cow' layer 0: impact=7.2682
[2026-05-24 23:46:01]   Word 'cow' layer 10: impact=5.4688
[2026-05-24 23:46:22]   Word 'cow' layer 20: impact=1.8281
[2026-05-24 23:46:44]   Word 'cow' layer 30: impact=3.2904
[2026-05-24 23:47:06]   Word 'cow' layer 39: impact=3.5000
[2026-05-24 23:47:06]   [20/30] words done, GPU=9.00GB
[2026-05-24 23:47:10]   Word 'car' layer 0: impact=3.2031
[2026-05-24 23:47:32]   Word 'car' layer 10: impact=4.3750
[2026-05-24 23:47:54]   Word 'car' layer 20: impact=3.1445
[2026-05-24 23:48:15]   Word 'car' layer 30: impact=0.1250
[2026-05-24 23:48:37]   Word 'car' layer 39: impact=1.4948
[2026-05-24 23:48:41]   Word 'bus' layer 0: impact=5.8346
[2026-05-24 23:49:03]   Word 'bus' layer 10: impact=5.5286
[2026-05-24 23:49:25]   Word 'bus' layer 20: impact=4.9707
[2026-05-24 23:49:47]   Word 'bus' layer 30: impact=0.5938
[2026-05-24 23:50:08]   Word 'bus' layer 39: impact=1.2240
[2026-05-24 23:50:13]   Word 'train' layer 0: impact=5.1500
[2026-05-24 23:50:34]   Word 'train' layer 10: impact=5.4609
[2026-05-24 23:50:56]   Word 'train' layer 20: impact=3.3893
[2026-05-24 23:51:17]   Word 'train' layer 30: impact=1.7917
[2026-05-24 23:51:39]   Word 'train' layer 39: impact=1.0781
[2026-05-24 23:51:43]   Word 'plane' layer 0: impact=5.5872
[2026-05-24 23:52:05]   Word 'plane' layer 10: impact=5.1536
[2026-05-24 23:52:27]   Word 'plane' layer 20: impact=3.2874
[2026-05-24 23:52:49]   Word 'plane' layer 30: impact=1.4053
[2026-05-24 23:53:10]   Word 'plane' layer 39: impact=3.4232
[2026-05-24 23:53:15]   Word 'bike' layer 0: impact=5.6536
[2026-05-24 23:53:36]   Word 'bike' layer 10: impact=3.0365
[2026-05-24 23:53:58]   Word 'bike' layer 20: impact=5.2389
[2026-05-24 23:54:20]   Word 'bike' layer 30: impact=3.2448
[2026-05-24 23:54:41]   Word 'bike' layer 39: impact=3.1068
[2026-05-24 23:54:41]   [25/30] words done, GPU=9.00GB
[2026-05-24 23:54:45]   Word 'truck' layer 0: impact=6.1172
[2026-05-24 23:55:07]   Word 'truck' layer 10: impact=6.3021
[2026-05-24 23:55:28]   Word 'truck' layer 20: impact=6.2096
[2026-05-24 23:55:50]   Word 'truck' layer 30: impact=2.0365
[2026-05-24 23:56:12]   Word 'truck' layer 39: impact=3.5417
[2026-05-24 23:56:16]   Word 'boat' layer 0: impact=5.0394
[2026-05-24 23:56:37]   Word 'boat' layer 10: impact=3.2786
[2026-05-24 23:56:59]   Word 'boat' layer 20: impact=4.3675
[2026-05-24 23:57:21]   Word 'boat' layer 30: impact=1.4821
[2026-05-24 23:57:42]   Word 'boat' layer 39: impact=2.9751
[2026-05-24 23:57:47]   Word 'ship' layer 0: impact=5.1003
[2026-05-24 23:58:08]   Word 'ship' layer 10: impact=4.1800
[2026-05-24 23:58:30]   Word 'ship' layer 20: impact=3.9414
[2026-05-24 23:58:52]   Word 'ship' layer 30: impact=1.7344
[2026-05-24 23:59:13]   Word 'ship' layer 39: impact=0.6094
[2026-05-24 23:59:18]   Word 'taxi' layer 0: impact=7.7734
[2026-05-24 23:59:40]   Word 'taxi' layer 10: impact=7.2572
[2026-05-25 00:00:02]   Word 'taxi' layer 20: impact=5.8607
[2026-05-25 00:00:23]   Word 'taxi' layer 30: impact=5.1250
[2026-05-25 00:00:45]   Word 'taxi' layer 39: impact=1.8750
[2026-05-25 00:00:49]   Word 'van' layer 0: impact=4.9827
[2026-05-25 00:01:11]   Word 'van' layer 10: impact=4.4740
[2026-05-25 00:01:33]   Word 'van' layer 20: impact=3.8997
[2026-05-25 00:01:55]   Word 'van' layer 30: impact=2.1536
[2026-05-25 00:02:17]   Word 'van' layer 39: impact=2.5000
[2026-05-25 00:02:17]   [30/30] words done, GPU=9.00GB
[2026-05-25 00:02:17] Exp A done, GPU=9.00GB
[2026-05-25 00:02:17] --- Experiment B: MLP Causal Tracing ---
[2026-05-25 00:02:17] Exp B: MLP causal tracing, 10 words × 21 layers
[2026-05-25 00:06:49]   [3/10] words done (MLP), GPU=9.00GB
[2026-05-25 00:11:16]   [6/10] words done (MLP), GPU=9.00GB
[2026-05-25 00:15:40]   [9/10] words done (MLP), GPU=9.00GB
[2026-05-25 00:17:07] Exp B done, GPU=9.00GB
[2026-05-25 00:17:07] --- Experiment C: Cross-concept Causal Overlap ---
[2026-05-25 00:17:07] Exp C: Cross-concept causal overlap, 23 unique words
[2026-05-25 00:24:22]   [5/23] causal maps done, GPU=9.00GB
[2026-05-25 00:31:37]   [10/23] causal maps done, GPU=9.00GB
[2026-05-25 00:38:57]   [15/23] causal maps done, GPU=9.00GB
[2026-05-25 00:46:17]   [20/23] causal maps done, GPU=9.00GB
[2026-05-25 00:50:41]   Within-category: spearman_r=0.2320, cosine=0.8917, jaccard=0.2612
[2026-05-25 00:50:41]   Between-category: spearman_r=0.2468, cosine=0.9016, jaccard=0.2489
[2026-05-25 00:50:41] Exp C done, GPU=9.00GB
[2026-05-25 00:50:41] --- Experiment D: Causal Divergence Point ---
[2026-05-25 00:50:41] Exp D: Causal divergence point, 10 pairs × 21 layers
[2026-05-25 00:56:34]   Pair (apple, banana): max_diff_layer=10 (A ctx), 22 (B ctx)
[2026-05-25 01:02:25]   Pair (apple, orange): max_diff_layer=36 (A ctx), 14 (B ctx)
[2026-05-25 01:08:17]   Pair (banana, grape): max_diff_layer=6 (A ctx), 34 (B ctx)
[2026-05-25 01:14:09]   Pair (dog, cat): max_diff_layer=6 (A ctx), 14 (B ctx)
[2026-05-25 01:20:03]   Pair (lion, tiger): max_diff_layer=18 (A ctx), 14 (B ctx)
[2026-05-25 01:25:57]   Pair (apple, dog): max_diff_layer=10 (A ctx), 14 (B ctx)
[2026-05-25 01:31:48]   Pair (banana, car): max_diff_layer=8 (A ctx), 28 (B ctx)
[2026-05-25 01:37:40]   Pair (orange, lion): max_diff_layer=10 (A ctx), 38 (B ctx)
[2026-05-25 01:43:27]   Pair (grape, train): max_diff_layer=14 (A ctx), 10 (B ctx)
[2026-05-25 01:49:04]   Pair (mango, bike): max_diff_layer=8 (A ctx), 10 (B ctx)
[2026-05-25 01:49:04] Exp D done, GPU=9.00GB
[2026-05-25 01:49:04] === Phase 273 Complete: glm4 ===
[2026-05-25 01:49:04] Results saved to results\phase273_causal_path\glm4_phase273.json
[2026-05-25 01:49:05] Model released, GPU=0.01GB
