`torch_dtype` is deprecated! Use `dtype` instead!
Loading weights:   0%|          | 0/339 [00:00<?, ?it/s]Loading weights:   1%|          | 2/339 [00:00<00:28, 11.84it/s]Loading weights:   8%|▊         | 27/339 [00:00<00:02, 112.56it/s]Loading weights:  19%|█▉        | 64/339 [00:00<00:01, 209.23it/s]Loading weights:  27%|██▋       | 90/339 [00:00<00:01, 222.44it/s]Loading weights:  37%|███▋      | 124/339 [00:00<00:00, 259.32it/s]Loading weights:  45%|████▍     | 152/339 [00:00<00:00, 261.96it/s]Loading weights:  54%|█████▍    | 184/339 [00:00<00:00, 237.28it/s]Loading weights:  62%|██████▏   | 209/339 [00:00<00:00, 217.02it/s]Loading weights:  71%|███████   | 240/339 [00:01<00:00, 240.73it/s]Loading weights:  78%|███████▊  | 266/339 [00:01<00:00, 235.77it/s]Loading weights:  87%|████████▋ | 294/339 [00:01<00:00, 246.67it/s]Loading weights:  97%|█████████▋| 328/339 [00:01<00:00, 261.57it/s]Loading weights: 100%|██████████| 339/339 [00:01<00:00, 234.15it/s]
[08:37:39] Loaded deepseek7b: class=Qwen2ForCausalLM, GPU=15.23GB, attn=eager
[08:37:43] deepseek7b: captured/source-scored 12/72 paired cases
[08:37:47] deepseek7b: captured/source-scored 24/72 paired cases
[08:37:51] deepseek7b: captured/source-scored 36/72 paired cases
[08:37:54] deepseek7b: captured/source-scored 48/72 paired cases
[08:37:57] deepseek7b: captured/source-scored 60/72 paired cases
[08:38:01] deepseek7b: captured/source-scored 72/72 paired cases
[08:38:15] deepseek7b: natural generated 12/80 donor pairs
[08:38:29] deepseek7b: natural generated 24/80 donor pairs
[08:38:43] deepseek7b: natural generated 36/80 donor pairs
[08:38:58] deepseek7b: natural generated 48/80 donor pairs
[08:39:12] deepseek7b: natural generated 60/80 donor pairs
[08:39:26] deepseek7b: natural generated 72/80 donor pairs
[08:39:36] deepseek7b: natural generated 80/80 donor pairs
[model_utils] GPU memory released, allocated=15.24 GB
{
  "channel_counts": [
    512
  ],
  "max_new_tokens": 8,
  "model": "deepseek7b",
  "phase": 709,
  "phase698_top_heads": [
    {
      "head": 15,
      "head_key": "L26H15",
      "layer": 26,
      "mean_delta_norm": 29.248977922730976,
      "mean_direct_effect": 4.4925542091433375
    },
    {
      "head": 19,
      "head_key": "L26H19",
      "layer": 26,
      "mean_delta_norm": 19.06778096159299,
      "mean_direct_effect": 4.2177774300022675
    },
    {
      "head": 11,
      "head_key": "L23H11",
      "layer": 23,
      "mean_delta_norm": 23.177777217494118,
      "mean_direct_effect": 2.973575750986735
    },
    {
      "head": 2,
      "head_key": "L27H2",
      "layer": 27,
      "mean_delta_norm": 11.188924981488121,
      "mean_direct_effect": 2.539202939434391
    },
    {
      "head": 19,
      "head_key": "L23H19",
      "layer": 23,
      "mean_delta_norm": 10.124662246969011,
      "mean_direct_effect": 1.4362748730927706
    },
    {
      "head": 0,
      "head_key": "L26H0",
      "layer": 26,
      "mean_delta_norm": 7.609525624248716,
      "mean_direct_effect": 1.2225809053828318
    },
    {
      "head": 3,
      "head_key": "L27H3",
      "layer": 27,
      "mean_delta_norm": 7.116602563195759,
      "mean_direct_effect": 0.9806504672807124
    },
    {
      "head": 14,
      "head_key": "L26H14",
      "layer": 26,
      "mean_delta_norm": 12.313356475697624,
      "mean_direct_effect": 0.8729744055825803
    },
    {
      "head": 24,
      "head_key": "L26H24",
      "layer": 26,
      "mean_delta_norm": 9.492230375607809,
      "mean_direct_effect": 0.7749587056330509
    },
    {
      "head": 17,
      "head_key": "L27H17",
      "layer": 27,
      "mean_delta_norm": 14.5741415851646,
      "mean_direct_effect": 0.7687556908155481
    },
    {
      "head": 19,
      "head_key": "L27H19",
      "layer": 27,
      "mean_delta_norm": 10.1534104347229,
      "mean_direct_effect": 0.7633171753647426
    },
    {
      "head": 18,
      "head_key": "L23H18",
      "layer": 23,
      "mean_delta_norm": 5.078802863756816,
      "mean_direct_effect": 0.7377331018603096
    },
    {
      "head": 25,
      "head_key": "L26H25",
      "layer": 26,
      "mean_delta_norm": 12.18548615773519,
      "mean_direct_effect": 0.7189168700327476
    },
    {
      "head": 24,
      "head_key": "L27H24",
      "layer": 27,
      "mean_delta_norm": 7.849318673213323,
      "mean_direct_effect": 0.7153872634387679
    },
    {
      "head": 3,
      "head_key": "L26H3",
      "layer": 26,
      "mean_delta_norm": 5.540479630231857,
      "mean_direct_effect": 0.6898659559535898
    },
    {
      "head": 17,
      "head_key": "L26H17",
      "layer": 26,
      "mean_delta_norm": 9.831613653235966,
      "mean_direct_effect": 0.6339309266250994
    },
    {
      "head": 26,
      "head_key": "L26H26",
      "layer": 26,
      "mean_delta_norm": 8.242560856872135,
      "mean_direct_effect": 0.6307287169620395
    },
    {
      "head": 23,
      "head_key": "L26H23",
      "layer": 26,
      "mean_delta_norm": 7.551541325118807,
      "mean_direct_effect": 0.433489599575599
    },
    {
      "head": 27,
      "head_key": "L24H27",
      "layer": 24,
      "mean_delta_norm": 7.981577588452233,
      "mean_direct_effect": 0.42334129847586155
    },
    {
      "head": 9,
      "head_key": "L25H9",
      "layer": 25,
      "mean_delta_norm": 5.910101824336582,
      "mean_direct_effect": 0.38926081583162564
    },
    {
      "head": 6,
      "head_key": "L26H6",
      "layer": 26,
      "mean_delta_norm": 5.517323878076342,
      "mean_direct_effect": 0.3613440594635904
    },
    {
      "head": 21,
      "head_key": "L24H21",
      "layer": 24,
      "mean_delta_norm": 6.268677466445499,
      "mean_direct_effect": 0.359568784556662
    },
    {
      "head": 5,
      "head_key": "L23H5",
      "layer": 23,
      "mean_delta_norm": 5.941143479612139,
      "mean_direct_effect": 0.3467910471889708
    },
    {
      "head": 12,
      "head_key": "L25H12",
      "layer": 25,
      "mean_delta_norm": 5.101514693763521,
      "mean_direct_effect": 0.31159046111214495
    },
    {
      "head": 16,
      "head_key": "L24H16",
      "layer": 24,
      "mean_delta_norm": 4.94353688094351,
      "mean_direct_effect": 0.27811968559399247
    },
    {
      "head": 1,
      "head_key": "L26H1",
      "layer": 26,
      "mean_delta_norm": 5.3902922504478035,
      "mean_direct_effect": 0.23483875717243385
    },
    {
      "head": 14,
      "head_key": "L25H14",
      "layer": 25,
      "mean_delta_norm": 8.33845697508918,
      "mean_direct_effect": 0.23077295855101612
    },
    {
      "head": 1,
      "head_key": "L27H1",
      "layer": 27,
      "mean_delta_norm": 8.816206577751371,
      "mean_direct_effect": 0.23056770811995697
    },
    {
      "head": 5,
      "head_key": "L27H5",
      "layer": 27,
      "mean_delta_norm": 6.022420446077983,
      "mean_direct_effect": 0.21602384596028262
    },
    {
      "head": 6,
      "head_key": "L23H6",
      "layer": 23,
      "mean_delta_norm": 3.7144250952535205,
      "mean_direct_effect": 0.211940202034182
    },
    {
      "head": 23,
      "head_key": "L24H23",
      "layer": 24,
      "mean_delta_norm": 4.0265012019210396,
      "mean_direct_effect": 0.19667107531697386
    },
    {
      "head": 11,
      "head_key": "L26H11",
      "layer": 26,
      "mean_delta_norm": 5.570882015758091,
      "mean_direct_effect": 0.18218871063759756
    }
  ],
  "source_combo": [
    "target_value",
    "answer_line",
    "self_last"
  ],
  "summary": {
    "best_degradation_conditions": [
      {
        "category_counts": {
          "other": 27,
          "prose_target": 20,
          "target_value": 25
        },
        "condition": "unrelated|degradation|source_top_channel_512",
        "continuation_failure_rate": 0.0,
        "donor_or_donor_prose_rate": 0.0,
        "donor_value_rate": 0.0,
        "mean_combo_delta_value": -0.05834558605501014,
        "mean_direct_effect": 0.06039741473290608,
        "mean_n_channels": 512.0,
        "mean_output_dir_proj": -0.0010058220509026542,
        "n": 72,
        "other_rate": 0.375,
        "prose_donor_rate": 0.0,
        "prose_target_rate": 0.2777777777777778,
        "target_or_target_prose_rate": 0.625,
        "target_value_rate": 0.3472222222222222
      },
      {
        "category_counts": {
          "other": 23,
          "prose_target": 46,
          "target_value": 3
        },
        "condition": "unrelated|degradation|all_positive_source_channels",
        "continuation_failure_rate": 0.0,
        "donor_or_donor_prose_rate": 0.0,
        "donor_value_rate": 0.0,
        "mean_combo_delta_value": -0.012965674499572581,
        "mean_direct_effect": 0.015483074623553824,
        "mean_n_channels": 2838.0,
        "mean_output_dir_proj": -0.0002206365091590097,
        "n": 72,
        "other_rate": 0.3194444444444444,
        "prose_donor_rate": 0.0,
        "prose_target_rate": 0.6388888888888888,
        "target_or_target_prose_rate": 0.6805555555555555,
        "target_value_rate": 0.041666666666666664
      },
      {
        "category_counts": {
          "other": 12,
          "prose_target": 7,
          "target_value": 53
        },
        "condition": "unrelated|degradation|source_random_channel_512",
        "continuation_failure_rate": 0.0,
        "donor_or_donor_prose_rate": 0.0,
        "donor_value_rate": 0.0,
        "mean_combo_delta_value": -0.036687685642921984,
        "mean_direct_effect": 0.007547292097073265,
        "mean_n_channels": 512.0,
        "mean_output_dir_proj": -0.0005158822386101117,
        "n": 72,
        "other_rate": 0.16666666666666666,
        "prose_donor_rate": 0.0,
        "prose_target_rate": 0.09722222222222222,
        "target_or_target_prose_rate": 0.8333333333333334,
        "target_value_rate": 0.7361111111111112
      },
      {
        "category_counts": {
          "other": 1,
          "prose_target": 6,
          "target_value": 1
        },
        "condition": "same_value|degradation|all_positive_source_channels",
        "continuation_failure_rate": 0.0,
        "donor_or_donor_prose_rate": 0.0,
        "donor_value_rate": 0.0,
        "mean_combo_delta_value": -0.012965674499572581,
        "mean_direct_effect": 0.015483074623553824,
        "mean_n_channels": 2838.0,
        "mean_output_dir_proj": -0.0002206365091590097,
        "n": 8,
        "other_rate": 0.125,
        "prose_donor_rate": 0.0,
        "prose_target_rate": 0.75,
        "target_or_target_prose_rate": 0.875,
        "target_value_rate": 0.125
      },
      {
        "category_counts": {
          "prose_target": 2,
          "target_value": 6
        },
        "condition": "same_value|degradation|source_top_channel_512",
        "continuation_failure_rate": 0.0,
        "donor_or_donor_prose_rate": 0.0,
        "donor_value_rate": 0.0,
        "mean_combo_delta_value": -0.05834558605501015,
        "mean_direct_effect": 0.06039741473290608,
        "mean_n_channels": 512.0,
        "mean_output_dir_proj": -0.0010058220509026542,
        "n": 8,
        "other_rate": 0.0,
        "prose_donor_rate": 0.0,
        "prose_target_rate": 0.25,
        "target_or_target_prose_rate": 1.0,
        "target_value_rate": 0.75
      },
      {
        "category_counts": {
          "prose_target": 1,
          "target_value": 7
        },
        "condition": "same_value|degradation|source_random_channel_512",
        "continuation_failure_rate": 0.0,
        "donor_or_donor_prose_rate": 0.0,
        "donor_value_rate": 0.0,
        "mean_combo_delta_value": -0.036687685642921984,
        "mean_direct_effect": 0.007547292097073265,
        "mean_n_channels": 512.0,
        "mean_output_dir_proj": -0.0005158822386101117,
        "n": 8,
        "other_rate": 0.0,
        "prose_donor_rate": 0.0,
        "prose_target_rate": 0.125,
        "target_or_target_prose_rate": 1.0,
        "target_value_rate": 0.875
      }
    ],
    "best_restore_conditions": [
      {
        "category_counts": {
          "donor_value": 7,
          "other": 7,
          "prose_target": 19,
          "target_value": 39
        },
        "condition": "unrelated|restore|all_positive_source_channels",
        "continuation_failure_rate": 0.0,
        "donor_or_donor_prose_rate": 0.09722222222222222,
        "donor_value_rate": 0.09722222222222222,
        "mean_combo_delta_value": -0.012965674499572581,
        "mean_direct_effect": 0.015483074623553824,
        "mean_n_channels": 2838.0,
        "mean_output_dir_proj": -0.0002206365091590097,
        "n": 72,
        "other_rate": 0.09722222222222222,
        "prose_donor_rate": 0.0,
        "prose_target_rate": 0.2638888888888889,
        "target_or_target_prose_rate": 0.8055555555555556,
        "target_value_rate": 0.5416666666666666
      },
      {
        "category_counts": {
          "other": 14,
          "prose_target": 30,
          "target_value": 28
        },
        "condition": "unrelated|restore|source_top_channel_512",
        "continuation_failure_rate": 0.0,
        "donor_or_donor_prose_rate": 0.0,
        "donor_value_rate": 0.0,
        "mean_combo_delta_value": -0.05834558605501014,
        "mean_direct_effect": 0.06039741473290608,
        "mean_n_channels": 512.0,
        "mean_output_dir_proj": -0.0010058220509026542,
        "n": 72,
        "other_rate": 0.19444444444444445,
        "prose_donor_rate": 0.0,
        "prose_target_rate": 0.4166666666666667,
        "target_or_target_prose_rate": 0.8055555555555556,
        "target_value_rate": 0.3888888888888889
      },
      {
        "category_counts": {
          "prose_target": 5,
          "target_value": 3
        },
        "condition": "same_value|restore|all_positive_source_channels",
        "continuation_failure_rate": 0.0,
        "donor_or_donor_prose_rate": 0.0,
        "donor_value_rate": 0.0,
        "mean_combo_delta_value": -0.012965674499572581,
        "mean_direct_effect": 0.015483074623553824,
        "mean_n_channels": 2838.0,
        "mean_output_dir_proj": -0.0002206365091590097,
        "n": 8,
        "other_rate": 0.0,
        "prose_donor_rate": 0.0,
        "prose_target_rate": 0.625,
        "target_or_target_prose_rate": 1.0,
        "target_value_rate": 0.375
      },
      {
        "category_counts": {
          "other": 1,
          "prose_target": 7
        },
        "condition": "same_value|restore|source_top_channel_512",
        "continuation_failure_rate": 0.0,
        "donor_or_donor_prose_rate": 0.0,
        "donor_value_rate": 0.0,
        "mean_combo_delta_value": -0.05834558605501015,
        "mean_direct_effect": 0.06039741473290608,
        "mean_n_channels": 512.0,
        "mean_output_dir_proj": -0.0010058220509026542,
        "n": 8,
        "other_rate": 0.125,
        "prose_donor_rate": 0.0,
        "prose_target_rate": 0.875,
        "target_or_target_prose_rate": 0.875,
        "target_value_rate": 0.0
      },
      {
        "category_counts": {
          "other": 1,
          "prose_target": 7
        },
        "condition": "same_value|restore|source_random_channel_512",
        "continuation_failure_rate": 0.0,
        "donor_or_donor_prose_rate": 0.0,
        "donor_value_rate": 0.0,
        "mean_combo_delta_value": -0.036687685642921984,
        "mean_direct_effect": 0.007547292097073265,
        "mean_n_channels": 512.0,
        "mean_output_dir_proj": -0.0005158822386101117,
        "n": 8,
        "other_rate": 0.125,
        "prose_donor_rate": 0.0,
        "prose_target_rate": 0.875,
        "target_or_target_prose_rate": 0.875,
        "target_value_rate": 0.0
      },
      {
        "category_counts": {
          "other": 14,
          "prose_target": 58
        },
        "condition": "unrelated|restore|source_random_channel_512",
        "continuation_failure_rate": 0.0,
        "donor_or_donor_prose_rate": 0.0,
        "donor_value_rate": 0.0,
        "mean_combo_delta_value": -0.036687685642921984,
        "mean_direct_effect": 0.007547292097073265,
        "mean_n_channels": 512.0,
        "mean_output_dir_proj": -0.0005158822386101117,
        "n": 72,
        "other_rate": 0.19444444444444445,
        "prose_donor_rate": 0.0,
        "prose_target_rate": 0.8055555555555556,
        "target_or_target_prose_rate": 0.8055555555555556,
        "target_value_rate": 0.0
      }
    ],
    "by_condition": {
      "same_value|degradation|all_positive_source_channels": {
        "category_counts": {
          "other": 1,
          "prose_target": 6,
          "target_value": 1
        },
        "continuation_failure_rate": 0.0,
        "donor_or_donor_prose_rate": 0.0,
        "donor_value_rate": 0.0,
        "mean_combo_delta_value": -0.012965674499572581,
        "mean_direct_effect": 0.015483074623553824,
        "mean_n_channels": 2838.0,
        "mean_output_dir_proj": -0.0002206365091590097,
        "n": 8,
        "other_rate": 0.125,
        "prose_donor_rate": 0.0,
        "prose_target_rate": 0.75,
        "target_or_target_prose_rate": 0.875,
        "target_value_rate": 0.125
      },
      "same_value|degradation|source_random_channel_512": {
        "category_counts": {
          "prose_target": 1,
          "target_value": 7
        },
        "continuation_failure_rate": 0.0,
        "donor_or_donor_prose_rate": 0.0,
        "donor_value_rate": 0.0,
        "mean_combo_delta_value": -0.036687685642921984,
        "mean_direct_effect": 0.007547292097073265,
        "mean_n_channels": 512.0,
        "mean_output_dir_proj": -0.0005158822386101117,
        "n": 8,
        "other_rate": 0.0,
        "prose_donor_rate": 0.0,
        "prose_target_rate": 0.125,
        "target_or_target_prose_rate": 1.0,
        "target_value_rate": 0.875
      },
      "same_value|degradation|source_top_channel_512": {
        "category_counts": {
          "prose_target": 2,
          "target_value": 6
        },
        "continuation_failure_rate": 0.0,
        "donor_or_donor_prose_rate": 0.0,
        "donor_value_rate": 0.0,
        "mean_combo_delta_value": -0.05834558605501015,
        "mean_direct_effect": 0.06039741473290608,
        "mean_n_channels": 512.0,
        "mean_output_dir_proj": -0.0010058220509026542,
        "n": 8,
        "other_rate": 0.0,
        "prose_donor_rate": 0.0,
        "prose_target_rate": 0.25,
        "target_or_target_prose_rate": 1.0,
        "target_value_rate": 0.75
      },
      "same_value|restore|all_positive_source_channels": {
        "category_counts": {
          "prose_target": 5,
          "target_value": 3
        },
        "continuation_failure_rate": 0.0,
        "donor_or_donor_prose_rate": 0.0,
        "donor_value_rate": 0.0,
        "mean_combo_delta_value": -0.012965674499572581,
        "mean_direct_effect": 0.015483074623553824,
        "mean_n_channels": 2838.0,
        "mean_output_dir_proj": -0.0002206365091590097,
        "n": 8,
        "other_rate": 0.0,
        "prose_donor_rate": 0.0,
        "prose_target_rate": 0.625,
        "target_or_target_prose_rate": 1.0,
        "target_value_rate": 0.375
      },
      "same_value|restore|source_random_channel_512": {
        "category_counts": {
          "other": 1,
          "prose_target": 7
        },
        "continuation_failure_rate": 0.0,
        "donor_or_donor_prose_rate": 0.0,
        "donor_value_rate": 0.0,
        "mean_combo_delta_value": -0.036687685642921984,
        "mean_direct_effect": 0.007547292097073265,
        "mean_n_channels": 512.0,
        "mean_output_dir_proj": -0.0005158822386101117,
        "n": 8,
        "other_rate": 0.125,
        "prose_donor_rate": 0.0,
        "prose_target_rate": 0.875,
        "target_or_target_prose_rate": 0.875,
        "target_value_rate": 0.0
      },
      "same_value|restore|source_top_channel_512": {
        "category_counts": {
          "other": 1,
          "prose_target": 7
        },
        "continuation_failure_rate": 0.0,
        "donor_or_donor_prose_rate": 0.0,
        "donor_value_rate": 0.0,
        "mean_combo_delta_value": -0.05834558605501015,
        "mean_direct_effect": 0.06039741473290608,
        "mean_n_channels": 512.0,
        "mean_output_dir_proj": -0.0010058220509026542,
        "n": 8,
        "other_rate": 0.125,
        "prose_donor_rate": 0.0,
        "prose_target_rate": 0.875,
        "target_or_target_prose_rate": 0.875,
        "target_value_rate": 0.0
      },
      "unrelated|degradation|all_positive_source_channels": {
        "category_counts": {
          "other": 23,
          "prose_target": 46,
          "target_value": 3
        },
        "continuation_failure_rate": 0.0,
        "donor_or_donor_prose_rate": 0.0,
        "donor_value_rate": 0.0,
        "mean_combo_delta_value": -0.012965674499572581,
        "mean_direct_effect": 0.015483074623553824,
        "mean_n_channels": 2838.0,
        "mean_output_dir_proj": -0.0002206365091590097,
        "n": 72,
        "other_rate": 0.3194444444444444,
        "prose_donor_rate": 0.0,
        "prose_target_rate": 0.6388888888888888,
        "target_or_target_prose_rate": 0.6805555555555555,
        "target_value_rate": 0.041666666666666664
      },
      "unrelated|degradation|source_random_channel_512": {
        "category_counts": {
          "other": 12,
          "prose_target": 7,
          "target_value": 53
        },
        "continuation_failure_rate": 0.0,
        "donor_or_donor_prose_rate": 0.0,
        "donor_value_rate": 0.0,
        "mean_combo_delta_value": -0.036687685642921984,
        "mean_direct_effect": 0.007547292097073265,
        "mean_n_channels": 512.0,
        "mean_output_dir_proj": -0.0005158822386101117,
        "n": 72,
        "other_rate": 0.16666666666666666,
        "prose_donor_rate": 0.0,
        "prose_target_rate": 0.09722222222222222,
        "target_or_target_prose_rate": 0.8333333333333334,
        "target_value_rate": 0.7361111111111112
      },
      "unrelated|degradation|source_top_channel_512": {
        "category_counts": {
          "other": 27,
          "prose_target": 20,
          "target_value": 25
        },
        "continuation_failure_rate": 0.0,
        "donor_or_donor_prose_rate": 0.0,
        "donor_value_rate": 0.0,
        "mean_combo_delta_value": -0.05834558605501014,
        "mean_direct_effect": 0.06039741473290608,
        "mean_n_channels": 512.0,
        "mean_output_dir_proj": -0.0010058220509026542,
        "n": 72,
        "other_rate": 0.375,
        "prose_donor_rate": 0.0,
        "prose_target_rate": 0.2777777777777778,
        "target_or_target_prose_rate": 0.625,
        "target_value_rate": 0.3472222222222222
      },
      "unrelated|restore|all_positive_source_channels": {
        "category_counts": {
          "donor_value": 7,
          "other": 7,
          "prose_target": 19,
          "target_value": 39
        },
        "continuation_failure_rate": 0.0,
        "donor_or_donor_prose_rate": 0.09722222222222222,
        "donor_value_rate": 0.09722222222222222,
        "mean_combo_delta_value": -0.012965674499572581,
        "mean_direct_effect": 0.015483074623553824,
        "mean_n_channels": 2838.0,
        "mean_output_dir_proj": -0.0002206365091590097,
        "n": 72,
        "other_rate": 0.09722222222222222,
        "prose_donor_rate": 0.0,
        "prose_target_rate": 0.2638888888888889,
        "target_or_target_prose_rate": 0.8055555555555556,
        "target_value_rate": 0.5416666666666666
      },
      "unrelated|restore|source_random_channel_512": {
        "category_counts": {
          "other": 14,
          "prose_target": 58
        },
        "continuation_failure_rate": 0.0,
        "donor_or_donor_prose_rate": 0.0,
        "donor_value_rate": 0.0,
        "mean_combo_delta_value": -0.036687685642921984,
        "mean_direct_effect": 0.007547292097073265,
        "mean_n_channels": 512.0,
        "mean_output_dir_proj": -0.0005158822386101117,
        "n": 72,
        "other_rate": 0.19444444444444445,
        "prose_donor_rate": 0.0,
        "prose_target_rate": 0.8055555555555556,
        "target_or_target_prose_rate": 0.8055555555555556,
        "target_value_rate": 0.0
      },
      "unrelated|restore|source_top_channel_512": {
        "category_counts": {
          "other": 14,
          "prose_target": 30,
          "target_value": 28
        },
        "continuation_failure_rate": 0.0,
        "donor_or_donor_prose_rate": 0.0,
        "donor_value_rate": 0.0,
        "mean_combo_delta_value": -0.05834558605501014,
        "mean_direct_effect": 0.06039741473290608,
        "mean_n_channels": 512.0,
        "mean_output_dir_proj": -0.0010058220509026542,
        "n": 72,
        "other_rate": 0.19444444444444445,
        "prose_donor_rate": 0.0,
        "prose_target_rate": 0.4166666666666667,
        "target_or_target_prose_rate": 0.8055555555555556,
        "target_value_rate": 0.3888888888888889
      }
    },
    "model": "deepseek7b",
    "n_donor_pairs": 80,
    "n_paired_cases": 72,
    "n_rows": 480,
    "same_value_pairs": 8,
    "unrelated_pairs": 72
  },
  "timestamp": "2026-06-27 08:39:36",
  "title": "Natural Generation and Write-In Closure Audit",
  "top_heads": 32,
  "transfer_layers": [
    23,
    24,
    25,
    26,
    27
  ]
}
