=== before 2026-05-30 17:22:02 CST ===
--- uname ---
Linux rankrank-4090D 6.8.0-117-generic #117-Ubuntu SMP PREEMPT_DYNAMIC Tue May  5 19:26:24 UTC 2026 x86_64 x86_64 x86_64 GNU/Linux
--- nvidia version ---
NVRM version: NVIDIA UNIX x86_64 Kernel Module  570.211.01  Tue Nov 25 16:36:36 UTC 2025
GCC version:  gcc version 13.3.0 (Ubuntu 13.3.0-6ubuntu2~24.04.1) 
--- nvidia-smi ---
Sat May 30 17:22:02 2026       
+-----------------------------------------------------------------------------------------+
| NVIDIA-SMI 570.211.01             Driver Version: 570.211.01     CUDA Version: 12.8     |
|-----------------------------------------+------------------------+----------------------+
| GPU  Name                 Persistence-M | Bus-Id          Disp.A | Volatile Uncorr. ECC |
| Fan  Temp   Perf          Pwr:Usage/Cap |           Memory-Usage | GPU-Util  Compute M. |
|                                         |                        |               MIG M. |
|=========================================+========================+======================|
|   0  NVIDIA GeForce RTX 4090 D      Off |   00000000:01:00.0  On |                  Off |
| 31%   38C    P8             20W /  425W |     781MiB /  24564MiB |     23%      Default |
|                                         |                        |                  N/A |
+-----------------------------------------+------------------------+----------------------+
                                                                                         
+-----------------------------------------------------------------------------------------+
| Processes:                                                                              |
|  GPU   GI   CI              PID   Type   Process name                        GPU Memory |
|        ID   ID                                                               Usage      |
|=========================================================================================|
|    0   N/A  N/A            2069      G   /usr/lib/xorg/Xorg                      313MiB |
|    0   N/A  N/A            2953      G   /usr/bin/gnome-shell                     52MiB |
|    0   N/A  N/A            3194      G   .../sunloginclient --cmd=autorun         19MiB |
|    0   N/A  N/A            3391      G   ...me/58.0.3029.81 Safari/537.36          6MiB |
|    0   N/A  N/A            3453      G   ...59C5A4061BA2549B8067C40DAE8F1          6MiB |
|    0   N/A  N/A            4596      G   .../8387/usr/lib/firefox/firefox        225MiB |
|    0   N/A  N/A            6516      G   /proc/self/exe                           61MiB |
+-----------------------------------------------------------------------------------------+
--- compute apps ---
--- python stack ---
python 3.11.15 (main, Mar 11 2026, 17:20:07) [GCC 14.3.0]
conda_env openone-cuda121
PROBE_TORCH_DTYPE bfloat16
PROBE_ATTN_IMPLEMENTATION eager
PROBE_DEVICE_MAP_AUTO_MODELS glm4,deepseek7b
torch 2.5.1+cu121 runtime 12.1 available True
gpu NVIDIA GeForce RTX 4090 D
flash_sdp_enabled True
=== after 2026-05-30 17:22:23 CST ===
--- uname ---
Linux rankrank-4090D 6.8.0-117-generic #117-Ubuntu SMP PREEMPT_DYNAMIC Tue May  5 19:26:24 UTC 2026 x86_64 x86_64 x86_64 GNU/Linux
--- nvidia version ---
NVRM version: NVIDIA UNIX x86_64 Kernel Module  570.211.01  Tue Nov 25 16:36:36 UTC 2025
GCC version:  gcc version 13.3.0 (Ubuntu 13.3.0-6ubuntu2~24.04.1) 
--- nvidia-smi ---
Sat May 30 17:22:23 2026       
+-----------------------------------------------------------------------------------------+
| NVIDIA-SMI 570.211.01             Driver Version: 570.211.01     CUDA Version: 12.8     |
|-----------------------------------------+------------------------+----------------------+
| GPU  Name                 Persistence-M | Bus-Id          Disp.A | Volatile Uncorr. ECC |
| Fan  Temp   Perf          Pwr:Usage/Cap |           Memory-Usage | GPU-Util  Compute M. |
|                                         |                        |               MIG M. |
|=========================================+========================+======================|
|   0  NVIDIA GeForce RTX 4090 D      Off |   00000000:01:00.0  On |                  Off |
| 31%   45C    P2            121W /  425W |     776MiB /  24564MiB |     35%      Default |
|                                         |                        |                  N/A |
+-----------------------------------------+------------------------+----------------------+
                                                                                         
+-----------------------------------------------------------------------------------------+
| Processes:                                                                              |
|  GPU   GI   CI              PID   Type   Process name                        GPU Memory |
|        ID   ID                                                               Usage      |
|=========================================================================================|
|    0   N/A  N/A            2069      G   /usr/lib/xorg/Xorg                      313MiB |
|    0   N/A  N/A            2953      G   /usr/bin/gnome-shell                     52MiB |
|    0   N/A  N/A            3194      G   .../sunloginclient --cmd=autorun         19MiB |
|    0   N/A  N/A            3391      G   ...me/58.0.3029.81 Safari/537.36          6MiB |
|    0   N/A  N/A            3453      G   ...59C5A4061BA2549B8067C40DAE8F1          6MiB |
|    0   N/A  N/A            4596      G   .../8387/usr/lib/firefox/firefox        225MiB |
|    0   N/A  N/A            6516      G   /proc/self/exe                           56MiB |
+-----------------------------------------------------------------------------------------+
--- compute apps ---
--- python stack ---
python 3.11.15 (main, Mar 11 2026, 17:20:07) [GCC 14.3.0]
conda_env openone-cuda121
PROBE_TORCH_DTYPE bfloat16
PROBE_ATTN_IMPLEMENTATION eager
PROBE_DEVICE_MAP_AUTO_MODELS glm4,deepseek7b
torch 2.5.1+cu121 runtime 12.1 available True
gpu NVIDIA GeForce RTX 4090 D
flash_sdp_enabled True
